[2024-06-04T22:56:12.478-0300][gc,heap] Heap region size: 1M
[2024-06-04T22:56:12.490-0300][gc     ] Using G1
[2024-06-04T22:56:12.490-0300][gc,heap,coops] Heap address: 0x00000000c0000000, size: 1024 MB, Compressed Oops mode: 32-bit
[2024-06-04T22:56:12.490-0300][gc,cds       ] Mark closed archive regions in map: [0x00000000fff00000, 0x00000000fff6bff8]
[2024-06-04T22:56:12.490-0300][gc,cds       ] Mark open archive regions in map: [0x00000000ffe00000, 0x00000000ffe47ff8]
[2024-06-04T22:56:13.201-0300][gc,start     ] GC(0) Pause Young (Normal) (G1 Evacuation Pause)
[2024-06-04T22:56:13.201-0300][gc,task      ] GC(0) Using 4 workers of 4 for evacuation
[2024-06-04T22:56:13.210-0300][gc,phases    ] GC(0)   Pre Evacuate Collection Set: 0,0ms
[2024-06-04T22:56:13.210-0300][gc,phases    ] GC(0)   Evacuate Collection Set: 7,9ms
[2024-06-04T22:56:13.210-0300][gc,phases    ] GC(0)   Post Evacuate Collection Set: 0,5ms
[2024-06-04T22:56:13.210-0300][gc,phases    ] GC(0)   Other: 0,5ms
[2024-06-04T22:56:13.210-0300][gc,heap      ] GC(0) Eden regions: 51->0(44)
[2024-06-04T22:56:13.210-0300][gc,heap      ] GC(0) Survivor regions: 0->7(7)
[2024-06-04T22:56:13.210-0300][gc,heap      ] GC(0) Old regions: 2->3
[2024-06-04T22:56:13.210-0300][gc,heap      ] GC(0) Humongous regions: 0->0
[2024-06-04T22:56:13.210-0300][gc,metaspace ] GC(0) Metaspace: 14161K(15104K)->14161K(15104K) NonClass: 12417K(13056K)->12417K(13056K) Class: 1744K(2048K)->1744K(2048K)
[2024-06-04T22:56:13.210-0300][gc           ] GC(0) Pause Young (Normal) (G1 Evacuation Pause) 51M->8M(1024M) 8,887ms
[2024-06-04T22:56:13.210-0300][gc,cpu       ] GC(0) User=0,03s Sys=0,00s Real=0,01s
[2024-06-04T22:56:13.545-0300][gc,start     ] GC(1) Pause Young (Concurrent Start) (Metadata GC Threshold)
[2024-06-04T22:56:13.545-0300][gc,task      ] GC(1) Using 4 workers of 4 for evacuation
[2024-06-04T22:56:13.563-0300][gc,phases    ] GC(1)   Pre Evacuate Collection Set: 0,1ms
[2024-06-04T22:56:13.563-0300][gc,phases    ] GC(1)   Evacuate Collection Set: 17,3ms
[2024-06-04T22:56:13.563-0300][gc,phases    ] GC(1)   Post Evacuate Collection Set: 0,4ms
[2024-06-04T22:56:13.563-0300][gc,phases    ] GC(1)   Other: 0,3ms
[2024-06-04T22:56:13.563-0300][gc,heap      ] GC(1) Eden regions: 29->0(49)
[2024-06-04T22:56:13.563-0300][gc,heap      ] GC(1) Survivor regions: 7->2(7)
[2024-06-04T22:56:13.563-0300][gc,heap      ] GC(1) Old regions: 3->10
[2024-06-04T22:56:13.563-0300][gc,heap      ] GC(1) Humongous regions: 0->0
[2024-06-04T22:56:13.563-0300][gc,metaspace ] GC(1) Metaspace: 20441K(21296K)->20441K(21296K) NonClass: 17980K(18608K)->17980K(18608K) Class: 2460K(2688K)->2460K(2688K)
[2024-06-04T22:56:13.563-0300][gc           ] GC(1) Pause Young (Concurrent Start) (Metadata GC Threshold) 37M->9M(1024M) 18,065ms
[2024-06-04T22:56:13.563-0300][gc,cpu       ] GC(1) User=0,02s Sys=0,00s Real=0,02s
[2024-06-04T22:56:13.563-0300][gc           ] GC(2) Concurrent Cycle
[2024-06-04T22:56:13.563-0300][gc,marking   ] GC(2) Concurrent Clear Claimed Marks
[2024-06-04T22:56:13.563-0300][gc,marking   ] GC(2) Concurrent Clear Claimed Marks 0,041ms
[2024-06-04T22:56:13.563-0300][gc,marking   ] GC(2) Concurrent Scan Root Regions
[2024-06-04T22:56:13.564-0300][gc,marking   ] GC(2) Concurrent Scan Root Regions 0,734ms
[2024-06-04T22:56:13.564-0300][gc,marking   ] GC(2) Concurrent Mark (1,089s)
[2024-06-04T22:56:13.564-0300][gc,marking   ] GC(2) Concurrent Mark From Roots
[2024-06-04T22:56:13.564-0300][gc,task      ] GC(2) Using 1 workers of 1 for marking
[2024-06-04T22:56:13.572-0300][gc,marking   ] GC(2) Concurrent Mark From Roots 7,896ms
[2024-06-04T22:56:13.572-0300][gc,marking   ] GC(2) Concurrent Preclean
[2024-06-04T22:56:13.572-0300][gc,marking   ] GC(2) Concurrent Preclean 0,077ms
[2024-06-04T22:56:13.572-0300][gc,marking   ] GC(2) Concurrent Mark (1,089s, 1,097s) 8,009ms
[2024-06-04T22:56:13.572-0300][gc,start     ] GC(2) Pause Remark
[2024-06-04T22:56:13.574-0300][gc,stringtable] GC(2) Cleaned string and symbol table, strings: 5742 processed, 0 removed, symbols: 53643 processed, 40 removed
[2024-06-04T22:56:13.574-0300][gc            ] GC(2) Pause Remark 9M->9M(1024M) 1,896ms
[2024-06-04T22:56:13.574-0300][gc,cpu        ] GC(2) User=0,01s Sys=0,00s Real=0,00s
[2024-06-04T22:56:13.574-0300][gc,marking    ] GC(2) Concurrent Rebuild Remembered Sets
[2024-06-04T22:56:13.597-0300][gc,marking    ] GC(2) Concurrent Rebuild Remembered Sets 22,387ms
[2024-06-04T22:56:13.597-0300][gc,start      ] GC(2) Pause Cleanup
[2024-06-04T22:56:13.597-0300][gc            ] GC(2) Pause Cleanup 11M->11M(1024M) 0,135ms
[2024-06-04T22:56:13.597-0300][gc,cpu        ] GC(2) User=0,00s Sys=0,00s Real=0,00s
[2024-06-04T22:56:13.597-0300][gc,marking    ] GC(2) Concurrent Cleanup for Next Mark
[2024-06-04T22:56:13.612-0300][gc,marking    ] GC(2) Concurrent Cleanup for Next Mark 15,193ms
[2024-06-04T22:56:13.612-0300][gc            ] GC(2) Concurrent Cycle 49,027ms
[2024-06-04T22:56:14.442-0300][gc,start      ] GC(3) Pause Young (Normal) (G1 Evacuation Pause)
[2024-06-04T22:56:14.442-0300][gc,task       ] GC(3) Using 4 workers of 4 for evacuation
[2024-06-04T22:56:14.446-0300][gc,phases     ] GC(3)   Pre Evacuate Collection Set: 0,0ms
[2024-06-04T22:56:14.446-0300][gc,phases     ] GC(3)   Evacuate Collection Set: 3,7ms
[2024-06-04T22:56:14.446-0300][gc,phases     ] GC(3)   Post Evacuate Collection Set: 0,5ms
[2024-06-04T22:56:14.446-0300][gc,phases     ] GC(3)   Other: 0,2ms
[2024-06-04T22:56:14.446-0300][gc,heap       ] GC(3) Eden regions: 49->0(47)
[2024-06-04T22:56:14.446-0300][gc,heap       ] GC(3) Survivor regions: 2->4(7)
[2024-06-04T22:56:14.446-0300][gc,heap       ] GC(3) Old regions: 10->10
[2024-06-04T22:56:14.446-0300][gc,heap       ] GC(3) Humongous regions: 129->129
[2024-06-04T22:56:14.446-0300][gc,metaspace  ] GC(3) Metaspace: 27901K(28976K)->27901K(28976K) NonClass: 24616K(25264K)->24616K(25264K) Class: 3284K(3712K)->3284K(3712K)
[2024-06-04T22:56:14.446-0300][gc            ] GC(3) Pause Young (Normal) (G1 Evacuation Pause) 187M->140M(1024M) 4,403ms
[2024-06-04T22:56:14.446-0300][gc,cpu        ] GC(3) User=0,02s Sys=0,00s Real=0,00s
[2024-06-04T22:56:14.862-0300][gc,start      ] GC(4) Pause Young (Concurrent Start) (Metadata GC Threshold)
[2024-06-04T22:56:14.862-0300][gc,task       ] GC(4) Using 4 workers of 4 for evacuation
[2024-06-04T22:56:14.879-0300][gc,phases     ] GC(4)   Pre Evacuate Collection Set: 0,1ms
[2024-06-04T22:56:14.879-0300][gc,phases     ] GC(4)   Evacuate Collection Set: 16,0ms
[2024-06-04T22:56:14.879-0300][gc,phases     ] GC(4)   Post Evacuate Collection Set: 0,6ms
[2024-06-04T22:56:14.879-0300][gc,phases     ] GC(4)   Other: 0,3ms
[2024-06-04T22:56:14.879-0300][gc,heap       ] GC(4) Eden regions: 43->0(44)
[2024-06-04T22:56:14.879-0300][gc,heap       ] GC(4) Survivor regions: 4->7(7)
[2024-06-04T22:56:14.879-0300][gc,heap       ] GC(4) Old regions: 10->10
[2024-06-04T22:56:14.879-0300][gc,heap       ] GC(4) Humongous regions: 129->129
[2024-06-04T22:56:14.879-0300][gc,metaspace  ] GC(4) Metaspace: 34426K(35708K)->34426K(35708K) NonClass: 30462K(31152K)->30462K(31152K) Class: 3964K(4556K)->3964K(4556K)
[2024-06-04T22:56:14.879-0300][gc            ] GC(4) Pause Young (Concurrent Start) (Metadata GC Threshold) 183M->144M(1024M) 17,032ms
[2024-06-04T22:56:14.879-0300][gc,cpu        ] GC(4) User=0,04s Sys=0,00s Real=0,01s
[2024-06-04T22:56:14.879-0300][gc            ] GC(5) Concurrent Cycle
[2024-06-04T22:56:14.879-0300][gc,marking    ] GC(5) Concurrent Clear Claimed Marks
[2024-06-04T22:56:14.880-0300][gc,marking    ] GC(5) Concurrent Clear Claimed Marks 0,103ms
[2024-06-04T22:56:14.880-0300][gc,marking    ] GC(5) Concurrent Scan Root Regions
[2024-06-04T22:56:14.885-0300][gc,marking    ] GC(5) Concurrent Scan Root Regions 5,336ms
[2024-06-04T22:56:14.885-0300][gc,marking    ] GC(5) Concurrent Mark (2,410s)
[2024-06-04T22:56:14.885-0300][gc,marking    ] GC(5) Concurrent Mark From Roots
[2024-06-04T22:56:14.885-0300][gc,task       ] GC(5) Using 1 workers of 1 for marking
[2024-06-04T22:56:14.895-0300][gc,marking    ] GC(5) Concurrent Mark From Roots 9,573ms
[2024-06-04T22:56:14.895-0300][gc,marking    ] GC(5) Concurrent Preclean
[2024-06-04T22:56:14.895-0300][gc,marking    ] GC(5) Concurrent Preclean 0,090ms
[2024-06-04T22:56:14.895-0300][gc,marking    ] GC(5) Concurrent Mark (2,410s, 2,420s) 9,705ms
[2024-06-04T22:56:14.897-0300][gc,start      ] GC(5) Pause Remark
[2024-06-04T22:56:14.902-0300][gc,stringtable] GC(5) Cleaned string and symbol table, strings: 10064 processed, 21 removed, symbols: 84334 processed, 19 removed
[2024-06-04T22:56:14.902-0300][gc            ] GC(5) Pause Remark 145M->145M(1024M) 5,662ms
[2024-06-04T22:56:14.902-0300][gc,cpu        ] GC(5) User=0,01s Sys=0,00s Real=0,01s
[2024-06-04T22:56:14.902-0300][gc,marking    ] GC(5) Concurrent Rebuild Remembered Sets
[2024-06-04T22:56:14.915-0300][gc,marking    ] GC(5) Concurrent Rebuild Remembered Sets 12,563ms
[2024-06-04T22:56:14.915-0300][gc,start      ] GC(5) Pause Cleanup
[2024-06-04T22:56:14.915-0300][gc            ] GC(5) Pause Cleanup 145M->145M(1024M) 0,173ms
[2024-06-04T22:56:14.915-0300][gc,cpu        ] GC(5) User=0,01s Sys=0,00s Real=0,00s
[2024-06-04T22:56:14.915-0300][gc,marking    ] GC(5) Concurrent Cleanup for Next Mark
[2024-06-04T22:56:14.924-0300][gc,marking    ] GC(5) Concurrent Cleanup for Next Mark 8,576ms
[2024-06-04T22:56:14.924-0300][gc            ] GC(5) Concurrent Cycle 44,619ms
[2024-06-04T22:56:59.310-0300][gc,start      ] GC(6) Pause Young (Normal) (G1 Evacuation Pause)
[2024-06-04T22:56:59.310-0300][gc,task       ] GC(6) Using 4 workers of 4 for evacuation
[2024-06-04T22:56:59.334-0300][gc,mmu        ] GC(6) MMU target violated: 21,0ms (20,0ms/21,0ms)
[2024-06-04T22:56:59.335-0300][gc,phases     ] GC(6)   Pre Evacuate Collection Set: 0,1ms
[2024-06-04T22:56:59.335-0300][gc,phases     ] GC(6)   Evacuate Collection Set: 22,8ms
[2024-06-04T22:56:59.335-0300][gc,phases     ] GC(6)   Post Evacuate Collection Set: 1,0ms
[2024-06-04T22:56:59.335-0300][gc,phases     ] GC(6)   Other: 0,4ms
[2024-06-04T22:56:59.335-0300][gc,heap       ] GC(6) Eden regions: 44->0(48)
[2024-06-04T22:56:59.335-0300][gc,heap       ] GC(6) Survivor regions: 7->3(7)
[2024-06-04T22:56:59.335-0300][gc,heap       ] GC(6) Old regions: 10->16
[2024-06-04T22:56:59.335-0300][gc,heap       ] GC(6) Humongous regions: 153->129
[2024-06-04T22:56:59.335-0300][gc,metaspace  ] GC(6) Metaspace: 41458K(43900K)->41458K(43900K) NonClass: 36250K(37552K)->36250K(37552K) Class: 5207K(6348K)->5207K(6348K)
[2024-06-04T22:56:59.335-0300][gc            ] GC(6) Pause Young (Normal) (G1 Evacuation Pause) 212M->146M(1024M) 24,312ms
[2024-06-04T22:56:59.335-0300][gc,cpu        ] GC(6) User=0,07s Sys=0,01s Real=0,02s
[2024-06-04T22:57:36.142-0300][gc,start      ] GC(7) Pause Young (Normal) (G1 Evacuation Pause)
[2024-06-04T22:57:36.142-0300][gc,task       ] GC(7) Using 4 workers of 4 for evacuation
[2024-06-04T22:57:36.146-0300][gc,phases     ] GC(7)   Pre Evacuate Collection Set: 0,0ms
[2024-06-04T22:57:36.146-0300][gc,phases     ] GC(7)   Evacuate Collection Set: 3,1ms
[2024-06-04T22:57:36.146-0300][gc,phases     ] GC(7)   Post Evacuate Collection Set: 0,6ms
[2024-06-04T22:57:36.146-0300][gc,phases     ] GC(7)   Other: 0,2ms
[2024-06-04T22:57:36.146-0300][gc,heap       ] GC(7) Eden regions: 48->0(47)
[2024-06-04T22:57:36.146-0300][gc,heap       ] GC(7) Survivor regions: 3->4(7)
[2024-06-04T22:57:36.146-0300][gc,heap       ] GC(7) Old regions: 16->16
[2024-06-04T22:57:36.146-0300][gc,heap       ] GC(7) Humongous regions: 129->129
[2024-06-04T22:57:36.146-0300][gc,metaspace  ] GC(7) Metaspace: 44161K(47100K)->44161K(47100K) NonClass: 38504K(40112K)->38504K(40112K) Class: 5656K(6988K)->5656K(6988K)
[2024-06-04T22:57:36.146-0300][gc            ] GC(7) Pause Young (Normal) (G1 Evacuation Pause) 194M->147M(1024M) 4,009ms
[2024-06-04T22:57:36.146-0300][gc,cpu        ] GC(7) User=0,01s Sys=0,00s Real=0,00s
[2024-06-04T22:58:03.911-0300][gc,start      ] GC(8) Pause Young (Normal) (G1 Evacuation Pause)
[2024-06-04T22:58:03.911-0300][gc,task       ] GC(8) Using 4 workers of 4 for evacuation
[2024-06-04T22:58:03.922-0300][gc,phases     ] GC(8)   Pre Evacuate Collection Set: 0,0ms
[2024-06-04T22:58:03.922-0300][gc,phases     ] GC(8)   Evacuate Collection Set: 10,1ms
[2024-06-04T22:58:03.922-0300][gc,phases     ] GC(8)   Post Evacuate Collection Set: 1,1ms
[2024-06-04T22:58:03.922-0300][gc,phases     ] GC(8)   Other: 0,3ms
[2024-06-04T22:58:03.922-0300][gc,heap       ] GC(8) Eden regions: 47->0(48)
[2024-06-04T22:58:03.922-0300][gc,heap       ] GC(8) Survivor regions: 4->3(7)
[2024-06-04T22:58:03.922-0300][gc,heap       ] GC(8) Old regions: 16->18
[2024-06-04T22:58:03.922-0300][gc,heap       ] GC(8) Humongous regions: 129->129
[2024-06-04T22:58:03.922-0300][gc,metaspace  ] GC(8) Metaspace: 44263K(47100K)->44263K(47100K) NonClass: 38605K(40112K)->38605K(40112K) Class: 5658K(6988K)->5658K(6988K)
[2024-06-04T22:58:03.922-0300][gc            ] GC(8) Pause Young (Normal) (G1 Evacuation Pause) 194M->147M(1024M) 11,841ms
[2024-06-04T22:58:03.922-0300][gc,cpu        ] GC(8) User=0,04s Sys=0,00s Real=0,01s
[2024-06-04T22:58:34.767-0300][gc,start      ] GC(9) Pause Young (Normal) (G1 Evacuation Pause)
[2024-06-04T22:58:34.767-0300][gc,task       ] GC(9) Using 4 workers of 4 for evacuation
[2024-06-04T22:58:34.775-0300][gc,phases     ] GC(9)   Pre Evacuate Collection Set: 0,1ms
[2024-06-04T22:58:34.775-0300][gc,phases     ] GC(9)   Evacuate Collection Set: 7,1ms
[2024-06-04T22:58:34.775-0300][gc,phases     ] GC(9)   Post Evacuate Collection Set: 1,0ms
[2024-06-04T22:58:34.775-0300][gc,phases     ] GC(9)   Other: 0,4ms
[2024-06-04T22:58:34.775-0300][gc,heap       ] GC(9) Eden regions: 48->0(48)
[2024-06-04T22:58:34.775-0300][gc,heap       ] GC(9) Survivor regions: 3->3(7)
[2024-06-04T22:58:34.776-0300][gc,heap       ] GC(9) Old regions: 18->18
[2024-06-04T22:58:34.776-0300][gc,heap       ] GC(9) Humongous regions: 129->129
[2024-06-04T22:58:34.776-0300][gc,metaspace  ] GC(9) Metaspace: 44368K(47100K)->44368K(47100K) NonClass: 38710K(40112K)->38710K(40112K) Class: 5658K(6988K)->5658K(6988K)
[2024-06-04T22:58:34.776-0300][gc            ] GC(9) Pause Young (Normal) (G1 Evacuation Pause) 195M->147M(1024M) 8,808ms
[2024-06-04T22:58:34.776-0300][gc,cpu        ] GC(9) User=0,03s Sys=0,00s Real=0,01s
[2024-06-04T22:59:04.963-0300][gc,start      ] GC(10) Pause Young (Normal) (G1 Evacuation Pause)
[2024-06-04T22:59:04.963-0300][gc,task       ] GC(10) Using 4 workers of 4 for evacuation
[2024-06-04T22:59:04.971-0300][gc,phases     ] GC(10)   Pre Evacuate Collection Set: 0,0ms
[2024-06-04T22:59:04.971-0300][gc,phases     ] GC(10)   Evacuate Collection Set: 7,2ms
[2024-06-04T22:59:04.971-0300][gc,phases     ] GC(10)   Post Evacuate Collection Set: 0,9ms
[2024-06-04T22:59:04.971-0300][gc,phases     ] GC(10)   Other: 0,4ms
[2024-06-04T22:59:04.971-0300][gc,heap       ] GC(10) Eden regions: 48->0(48)
[2024-06-04T22:59:04.971-0300][gc,heap       ] GC(10) Survivor regions: 3->3(7)
[2024-06-04T22:59:04.971-0300][gc,heap       ] GC(10) Old regions: 18->18
[2024-06-04T22:59:04.971-0300][gc,heap       ] GC(10) Humongous regions: 129->129
[2024-06-04T22:59:04.971-0300][gc,metaspace  ] GC(10) Metaspace: 44524K(47356K)->44524K(47356K) NonClass: 38865K(40368K)->38865K(40368K) Class: 5658K(6988K)->5658K(6988K)
[2024-06-04T22:59:04.972-0300][gc            ] GC(10) Pause Young (Normal) (G1 Evacuation Pause) 195M->148M(1024M) 8,742ms
[2024-06-04T22:59:04.972-0300][gc,cpu        ] GC(10) User=0,03s Sys=0,00s Real=0,01s
[2024-06-04T22:59:35.984-0300][gc,start      ] GC(11) Pause Young (Normal) (G1 Evacuation Pause)
[2024-06-04T22:59:35.984-0300][gc,task       ] GC(11) Using 4 workers of 4 for evacuation
[2024-06-04T22:59:35.994-0300][gc,phases     ] GC(11)   Pre Evacuate Collection Set: 0,1ms
[2024-06-04T22:59:35.994-0300][gc,phases     ] GC(11)   Evacuate Collection Set: 9,3ms
[2024-06-04T22:59:35.994-0300][gc,phases     ] GC(11)   Post Evacuate Collection Set: 1,0ms
[2024-06-04T22:59:35.994-0300][gc,phases     ] GC(11)   Other: 0,4ms
[2024-06-04T22:59:35.994-0300][gc,heap       ] GC(11) Eden regions: 48->0(48)
[2024-06-04T22:59:35.994-0300][gc,heap       ] GC(11) Survivor regions: 3->3(7)
[2024-06-04T22:59:35.994-0300][gc,heap       ] GC(11) Old regions: 18->18
[2024-06-04T22:59:35.994-0300][gc,heap       ] GC(11) Humongous regions: 129->129
[2024-06-04T22:59:35.994-0300][gc,metaspace  ] GC(11) Metaspace: 44600K(47356K)->44600K(47356K) NonClass: 38942K(40368K)->38942K(40368K) Class: 5658K(6988K)->5658K(6988K)
[2024-06-04T22:59:35.995-0300][gc            ] GC(11) Pause Young (Normal) (G1 Evacuation Pause) 196M->148M(1024M) 11,001ms
[2024-06-04T22:59:35.995-0300][gc,cpu        ] GC(11) User=0,04s Sys=0,00s Real=0,01s
[2024-06-04T23:00:07.465-0300][gc,start      ] GC(12) Pause Young (Normal) (G1 Evacuation Pause)
[2024-06-04T23:00:07.465-0300][gc,task       ] GC(12) Using 4 workers of 4 for evacuation
[2024-06-04T23:00:07.474-0300][gc,phases     ] GC(12)   Pre Evacuate Collection Set: 0,1ms
[2024-06-04T23:00:07.474-0300][gc,phases     ] GC(12)   Evacuate Collection Set: 8,4ms
[2024-06-04T23:00:07.474-0300][gc,phases     ] GC(12)   Post Evacuate Collection Set: 1,0ms
[2024-06-04T23:00:07.475-0300][gc,phases     ] GC(12)   Other: 0,4ms
[2024-06-04T23:00:07.475-0300][gc,heap       ] GC(12) Eden regions: 48->0(49)
[2024-06-04T23:00:07.475-0300][gc,heap       ] GC(12) Survivor regions: 3->3(7)
[2024-06-04T23:00:07.475-0300][gc,heap       ] GC(12) Old regions: 18->18
[2024-06-04T23:00:07.475-0300][gc,heap       ] GC(12) Humongous regions: 129->129
[2024-06-04T23:00:07.475-0300][gc,metaspace  ] GC(12) Metaspace: 44620K(47356K)->44620K(47356K) NonClass: 38962K(40368K)->38962K(40368K) Class: 5658K(6988K)->5658K(6988K)
[2024-06-04T23:00:07.475-0300][gc            ] GC(12) Pause Young (Normal) (G1 Evacuation Pause) 196M->148M(1024M) 10,048ms
[2024-06-04T23:00:07.475-0300][gc,cpu        ] GC(12) User=0,03s Sys=0,00s Real=0,01s
[2024-06-04T23:00:39.907-0300][gc,start      ] GC(13) Pause Young (Normal) (G1 Evacuation Pause)
[2024-06-04T23:00:39.907-0300][gc,task       ] GC(13) Using 4 workers of 4 for evacuation
[2024-06-04T23:00:39.917-0300][gc,phases     ] GC(13)   Pre Evacuate Collection Set: 0,1ms
[2024-06-04T23:00:39.917-0300][gc,phases     ] GC(13)   Evacuate Collection Set: 8,5ms
[2024-06-04T23:00:39.917-0300][gc,phases     ] GC(13)   Post Evacuate Collection Set: 1,0ms
[2024-06-04T23:00:39.917-0300][gc,phases     ] GC(13)   Other: 0,4ms
[2024-06-04T23:00:39.917-0300][gc,heap       ] GC(13) Eden regions: 49->0(52)
[2024-06-04T23:00:39.917-0300][gc,heap       ] GC(13) Survivor regions: 3->4(7)
[2024-06-04T23:00:39.917-0300][gc,heap       ] GC(13) Old regions: 18->18
[2024-06-04T23:00:39.917-0300][gc,heap       ] GC(13) Humongous regions: 129->129
[2024-06-04T23:00:39.917-0300][gc,metaspace  ] GC(13) Metaspace: 44661K(47612K)->44661K(47612K) NonClass: 39003K(40624K)->39003K(40624K) Class: 5658K(6988K)->5658K(6988K)
[2024-06-04T23:00:39.918-0300][gc            ] GC(13) Pause Young (Normal) (G1 Evacuation Pause) 197M->148M(1024M) 10,175ms
[2024-06-04T23:00:39.918-0300][gc,cpu        ] GC(13) User=0,03s Sys=0,00s Real=0,01s
[2024-06-04T23:01:14.392-0300][gc,start      ] GC(14) Pause Young (Normal) (G1 Evacuation Pause)
[2024-06-04T23:01:14.392-0300][gc,task       ] GC(14) Using 4 workers of 4 for evacuation
[2024-06-04T23:01:14.404-0300][gc,phases     ] GC(14)   Pre Evacuate Collection Set: 0,1ms
[2024-06-04T23:01:14.404-0300][gc,phases     ] GC(14)   Evacuate Collection Set: 10,5ms
[2024-06-04T23:01:14.404-0300][gc,phases     ] GC(14)   Post Evacuate Collection Set: 1,0ms
[2024-06-04T23:01:14.404-0300][gc,phases     ] GC(14)   Other: 0,4ms
[2024-06-04T23:01:14.404-0300][gc,heap       ] GC(14) Eden regions: 52->0(72)
[2024-06-04T23:01:14.405-0300][gc,heap       ] GC(14) Survivor regions: 4->4(7)
[2024-06-04T23:01:14.405-0300][gc,heap       ] GC(14) Old regions: 18->18
[2024-06-04T23:01:14.405-0300][gc,heap       ] GC(14) Humongous regions: 129->129
[2024-06-04T23:01:14.405-0300][gc,metaspace  ] GC(14) Metaspace: 44702K(47612K)->44702K(47612K) NonClass: 39044K(40624K)->39044K(40624K) Class: 5658K(6988K)->5658K(6988K)
[2024-06-04T23:01:14.405-0300][gc            ] GC(14) Pause Young (Normal) (G1 Evacuation Pause) 200M->148M(1024M) 12,262ms
[2024-06-04T23:01:14.405-0300][gc,cpu        ] GC(14) User=0,04s Sys=0,00s Real=0,01s
[2024-06-04T23:02:47.226-0300][gc,start      ] GC(15) Pause Young (Normal) (G1 Evacuation Pause)
[2024-06-04T23:02:47.226-0300][gc,task       ] GC(15) Using 4 workers of 4 for evacuation
[2024-06-04T23:02:47.238-0300][gc,phases     ] GC(15)   Pre Evacuate Collection Set: 0,1ms
[2024-06-04T23:02:47.238-0300][gc,phases     ] GC(15)   Evacuate Collection Set: 10,3ms
[2024-06-04T23:02:47.238-0300][gc,phases     ] GC(15)   Post Evacuate Collection Set: 1,0ms
[2024-06-04T23:02:47.238-0300][gc,phases     ] GC(15)   Other: 0,4ms
[2024-06-04T23:02:47.238-0300][gc,heap       ] GC(15) Eden regions: 72->0(81)
[2024-06-04T23:02:47.238-0300][gc,heap       ] GC(15) Survivor regions: 4->3(10)
[2024-06-04T23:02:47.238-0300][gc,heap       ] GC(15) Old regions: 18->18
[2024-06-04T23:02:47.238-0300][gc,heap       ] GC(15) Humongous regions: 129->129
[2024-06-04T23:02:47.238-0300][gc,metaspace  ] GC(15) Metaspace: 44801K(47612K)->44801K(47612K) NonClass: 39134K(40624K)->39134K(40624K) Class: 5666K(6988K)->5666K(6988K)
[2024-06-04T23:02:47.238-0300][gc            ] GC(15) Pause Young (Normal) (G1 Evacuation Pause) 220M->148M(1024M) 12,018ms
[2024-06-04T23:02:47.238-0300][gc,cpu        ] GC(15) User=0,03s Sys=0,01s Real=0,01s
[2024-06-04T23:03:38.651-0300][gc,start      ] GC(16) Pause Young (Normal) (G1 Evacuation Pause)
[2024-06-04T23:03:38.651-0300][gc,task       ] GC(16) Using 4 workers of 4 for evacuation
[2024-06-04T23:03:38.665-0300][gc,phases     ] GC(16)   Pre Evacuate Collection Set: 0,1ms
[2024-06-04T23:03:38.665-0300][gc,phases     ] GC(16)   Evacuate Collection Set: 12,2ms
[2024-06-04T23:03:38.665-0300][gc,phases     ] GC(16)   Post Evacuate Collection Set: 1,0ms
[2024-06-04T23:03:38.665-0300][gc,phases     ] GC(16)   Other: 0,4ms
[2024-06-04T23:03:38.665-0300][gc,heap       ] GC(16) Eden regions: 81->0(82)
[2024-06-04T23:03:38.665-0300][gc,heap       ] GC(16) Survivor regions: 3->4(11)
[2024-06-04T23:03:38.665-0300][gc,heap       ] GC(16) Old regions: 18->18
[2024-06-04T23:03:38.665-0300][gc,heap       ] GC(16) Humongous regions: 129->129
[2024-06-04T23:03:38.665-0300][gc,metaspace  ] GC(16) Metaspace: 44812K(47612K)->44812K(47612K) NonClass: 39146K(40624K)->39146K(40624K) Class: 5666K(6988K)->5666K(6988K)
[2024-06-04T23:03:38.665-0300][gc            ] GC(16) Pause Young (Normal) (G1 Evacuation Pause) 229M->148M(1024M) 13,872ms
[2024-06-04T23:03:38.665-0300][gc,cpu        ] GC(16) User=0,05s Sys=0,00s Real=0,01s
[2024-06-04T23:04:32.163-0300][gc,start      ] GC(17) Pause Young (Normal) (G1 Evacuation Pause)
[2024-06-04T23:04:32.163-0300][gc,task       ] GC(17) Using 4 workers of 4 for evacuation
[2024-06-04T23:04:32.177-0300][gc,phases     ] GC(17)   Pre Evacuate Collection Set: 0,1ms
[2024-06-04T23:04:32.177-0300][gc,phases     ] GC(17)   Evacuate Collection Set: 11,9ms
[2024-06-04T23:04:32.177-0300][gc,phases     ] GC(17)   Post Evacuate Collection Set: 1,0ms
[2024-06-04T23:04:32.177-0300][gc,phases     ] GC(17)   Other: 0,4ms
[2024-06-04T23:04:32.177-0300][gc,heap       ] GC(17) Eden regions: 82->0(111)
[2024-06-04T23:04:32.177-0300][gc,heap       ] GC(17) Survivor regions: 4->4(11)
[2024-06-04T23:04:32.177-0300][gc,heap       ] GC(17) Old regions: 18->18
[2024-06-04T23:04:32.177-0300][gc,heap       ] GC(17) Humongous regions: 129->129
[2024-06-04T23:04:32.177-0300][gc,metaspace  ] GC(17) Metaspace: 44839K(47612K)->44839K(47612K) NonClass: 39173K(40624K)->39173K(40624K) Class: 5666K(6988K)->5666K(6988K)
[2024-06-04T23:04:32.177-0300][gc            ] GC(17) Pause Young (Normal) (G1 Evacuation Pause) 230M->148M(1024M) 13,668ms
[2024-06-04T23:04:32.177-0300][gc,cpu        ] GC(17) User=0,05s Sys=0,00s Real=0,01s
[2024-06-04T23:05:40.501-0300][gc,start      ] GC(18) Pause Young (Normal) (G1 Evacuation Pause)
[2024-06-04T23:05:40.501-0300][gc,task       ] GC(18) Using 4 workers of 4 for evacuation
[2024-06-04T23:05:40.516-0300][gc,phases     ] GC(18)   Pre Evacuate Collection Set: 0,1ms
[2024-06-04T23:05:40.516-0300][gc,phases     ] GC(18)   Evacuate Collection Set: 12,8ms
[2024-06-04T23:05:40.516-0300][gc,phases     ] GC(18)   Post Evacuate Collection Set: 1,1ms
[2024-06-04T23:05:40.516-0300][gc,phases     ] GC(18)   Other: 0,4ms
[2024-06-04T23:05:40.516-0300][gc,heap       ] GC(18) Eden regions: 111->0(117)
[2024-06-04T23:05:40.516-0300][gc,heap       ] GC(18) Survivor regions: 4->4(15)
[2024-06-04T23:05:40.516-0300][gc,heap       ] GC(18) Old regions: 18->18
[2024-06-04T23:05:40.516-0300][gc,heap       ] GC(18) Humongous regions: 129->129
[2024-06-04T23:05:40.516-0300][gc,metaspace  ] GC(18) Metaspace: 44892K(47612K)->44892K(47612K) NonClass: 39219K(40624K)->39219K(40624K) Class: 5673K(6988K)->5673K(6988K)
[2024-06-04T23:05:40.516-0300][gc            ] GC(18) Pause Young (Normal) (G1 Evacuation Pause) 259M->149M(1024M) 14,611ms
[2024-06-04T23:05:40.516-0300][gc,cpu        ] GC(18) User=0,05s Sys=0,00s Real=0,01s
[2024-06-04T23:06:54.085-0300][gc,start      ] GC(19) Pause Young (Normal) (G1 Evacuation Pause)
[2024-06-04T23:06:54.085-0300][gc,task       ] GC(19) Using 4 workers of 4 for evacuation
[2024-06-04T23:06:54.092-0300][gc,phases     ] GC(19)   Pre Evacuate Collection Set: 0,0ms
[2024-06-04T23:06:54.092-0300][gc,phases     ] GC(19)   Evacuate Collection Set: 5,6ms
[2024-06-04T23:06:54.092-0300][gc,phases     ] GC(19)   Post Evacuate Collection Set: 0,5ms
[2024-06-04T23:06:54.092-0300][gc,phases     ] GC(19)   Other: 0,2ms
[2024-06-04T23:06:54.092-0300][gc,heap       ] GC(19) Eden regions: 117->0(121)
[2024-06-04T23:06:54.092-0300][gc,heap       ] GC(19) Survivor regions: 4->4(16)
[2024-06-04T23:06:54.092-0300][gc,heap       ] GC(19) Old regions: 18->18
[2024-06-04T23:06:54.092-0300][gc,heap       ] GC(19) Humongous regions: 129->129
[2024-06-04T23:06:54.092-0300][gc,metaspace  ] GC(19) Metaspace: 44997K(47996K)->44997K(47996K) NonClass: 39290K(40880K)->39290K(40880K) Class: 5707K(7116K)->5707K(7116K)
[2024-06-04T23:06:54.092-0300][gc            ] GC(19) Pause Young (Normal) (G1 Evacuation Pause) 266M->149M(1024M) 6,392ms
[2024-06-04T23:06:54.092-0300][gc,cpu        ] GC(19) User=0,02s Sys=0,00s Real=0,01s
[2024-06-04T23:08:09.498-0300][gc,start      ] GC(20) Pause Young (Normal) (G1 Evacuation Pause)
[2024-06-04T23:08:09.499-0300][gc,task       ] GC(20) Using 4 workers of 4 for evacuation
[2024-06-04T23:08:09.508-0300][gc,phases     ] GC(20)   Pre Evacuate Collection Set: 0,0ms
[2024-06-04T23:08:09.508-0300][gc,phases     ] GC(20)   Evacuate Collection Set: 8,8ms
[2024-06-04T23:08:09.508-0300][gc,phases     ] GC(20)   Post Evacuate Collection Set: 0,8ms
[2024-06-04T23:08:09.508-0300][gc,phases     ] GC(20)   Other: 0,3ms
[2024-06-04T23:08:09.508-0300][gc,heap       ] GC(20) Eden regions: 121->0(128)
[2024-06-04T23:08:09.509-0300][gc,heap       ] GC(20) Survivor regions: 4->4(16)
[2024-06-04T23:08:09.509-0300][gc,heap       ] GC(20) Old regions: 18->18
[2024-06-04T23:08:09.509-0300][gc,heap       ] GC(20) Humongous regions: 129->129
[2024-06-04T23:08:09.509-0300][gc,metaspace  ] GC(20) Metaspace: 45039K(47996K)->45039K(47996K) NonClass: 39330K(40880K)->39330K(40880K) Class: 5708K(7116K)->5708K(7116K)
[2024-06-04T23:08:09.509-0300][gc            ] GC(20) Pause Young (Normal) (G1 Evacuation Pause) 270M->149M(1024M) 10,104ms
[2024-06-04T23:08:09.509-0300][gc,cpu        ] GC(20) User=0,03s Sys=0,01s Real=0,02s
[2024-06-04T23:09:31.775-0300][gc,start      ] GC(21) Pause Young (Normal) (G1 Evacuation Pause)
[2024-06-04T23:09:31.775-0300][gc,task       ] GC(21) Using 4 workers of 4 for evacuation
[2024-06-04T23:09:31.780-0300][gc,phases     ] GC(21)   Pre Evacuate Collection Set: 0,0ms
[2024-06-04T23:09:31.780-0300][gc,phases     ] GC(21)   Evacuate Collection Set: 4,6ms
[2024-06-04T23:09:31.780-0300][gc,phases     ] GC(21)   Post Evacuate Collection Set: 0,5ms
[2024-06-04T23:09:31.780-0300][gc,phases     ] GC(21)   Other: 0,2ms
[2024-06-04T23:09:31.780-0300][gc,heap       ] GC(21) Eden regions: 128->0(135)
[2024-06-04T23:09:31.780-0300][gc,heap       ] GC(21) Survivor regions: 4->4(17)
[2024-06-04T23:09:31.780-0300][gc,heap       ] GC(21) Old regions: 18->18
[2024-06-04T23:09:31.780-0300][gc,heap       ] GC(21) Humongous regions: 129->129
[2024-06-04T23:09:31.780-0300][gc,metaspace  ] GC(21) Metaspace: 45053K(47996K)->45053K(47996K) NonClass: 39344K(40880K)->39344K(40880K) Class: 5708K(7116K)->5708K(7116K)
[2024-06-04T23:09:31.780-0300][gc            ] GC(21) Pause Young (Normal) (G1 Evacuation Pause) 277M->149M(1024M) 5,395ms
[2024-06-04T23:09:31.780-0300][gc,cpu        ] GC(21) User=0,02s Sys=0,00s Real=0,00s
[2024-06-04T23:11:01.211-0300][gc,start      ] GC(22) Pause Young (Normal) (G1 Evacuation Pause)
[2024-06-04T23:11:01.211-0300][gc,task       ] GC(22) Using 4 workers of 4 for evacuation
[2024-06-04T23:11:01.224-0300][gc,phases     ] GC(22)   Pre Evacuate Collection Set: 0,0ms
[2024-06-04T23:11:01.224-0300][gc,phases     ] GC(22)   Evacuate Collection Set: 11,9ms
[2024-06-04T23:11:01.224-0300][gc,phases     ] GC(22)   Post Evacuate Collection Set: 0,7ms
[2024-06-04T23:11:01.224-0300][gc,phases     ] GC(22)   Other: 0,4ms
[2024-06-04T23:11:01.224-0300][gc,heap       ] GC(22) Eden regions: 135->0(139)
[2024-06-04T23:11:01.224-0300][gc,heap       ] GC(22) Survivor regions: 4->3(18)
[2024-06-04T23:11:01.224-0300][gc,heap       ] GC(22) Old regions: 18->19
[2024-06-04T23:11:01.224-0300][gc,heap       ] GC(22) Humongous regions: 129->129
[2024-06-04T23:11:01.224-0300][gc,metaspace  ] GC(22) Metaspace: 45072K(47996K)->45072K(47996K) NonClass: 39364K(40880K)->39364K(40880K) Class: 5708K(7116K)->5708K(7116K)
[2024-06-04T23:11:01.224-0300][gc            ] GC(22) Pause Young (Normal) (G1 Evacuation Pause) 284M->149M(1024M) 13,173ms
[2024-06-04T23:11:01.224-0300][gc,cpu        ] GC(22) User=0,04s Sys=0,00s Real=0,01s
[2024-06-04T23:12:31.752-0300][gc,start      ] GC(23) Pause Young (Normal) (G1 Evacuation Pause)
[2024-06-04T23:12:31.752-0300][gc,task       ] GC(23) Using 4 workers of 4 for evacuation
[2024-06-04T23:12:31.761-0300][gc,phases     ] GC(23)   Pre Evacuate Collection Set: 0,1ms
[2024-06-04T23:12:31.761-0300][gc,phases     ] GC(23)   Evacuate Collection Set: 8,4ms
[2024-06-04T23:12:31.761-0300][gc,phases     ] GC(23)   Post Evacuate Collection Set: 0,7ms
[2024-06-04T23:12:31.761-0300][gc,phases     ] GC(23)   Other: 0,4ms
[2024-06-04T23:12:31.761-0300][gc,heap       ] GC(23) Eden regions: 139->0(143)
[2024-06-04T23:12:31.761-0300][gc,heap       ] GC(23) Survivor regions: 3->3(18)
[2024-06-04T23:12:31.761-0300][gc,heap       ] GC(23) Old regions: 19->19
[2024-06-04T23:12:31.761-0300][gc,heap       ] GC(23) Humongous regions: 129->129
[2024-06-04T23:12:31.761-0300][gc,metaspace  ] GC(23) Metaspace: 45092K(47996K)->45092K(47996K) NonClass: 39383K(40880K)->39383K(40880K) Class: 5708K(7116K)->5708K(7116K)
[2024-06-04T23:12:31.761-0300][gc            ] GC(23) Pause Young (Normal) (G1 Evacuation Pause) 288M->149M(1024M) 9,759ms
[2024-06-04T23:12:31.761-0300][gc,cpu        ] GC(23) User=0,03s Sys=0,00s Real=0,01s
[2024-06-04T23:14:05.358-0300][gc,start      ] GC(24) Pause Young (Normal) (G1 Evacuation Pause)
[2024-06-04T23:14:05.358-0300][gc,task       ] GC(24) Using 4 workers of 4 for evacuation
[2024-06-04T23:14:05.362-0300][gc,phases     ] GC(24)   Pre Evacuate Collection Set: 0,0ms
[2024-06-04T23:14:05.362-0300][gc,phases     ] GC(24)   Evacuate Collection Set: 3,4ms
[2024-06-04T23:14:05.362-0300][gc,phases     ] GC(24)   Post Evacuate Collection Set: 0,4ms
[2024-06-04T23:14:05.362-0300][gc,phases     ] GC(24)   Other: 0,2ms
[2024-06-04T23:14:05.362-0300][gc,heap       ] GC(24) Eden regions: 143->0(151)
[2024-06-04T23:14:05.362-0300][gc,heap       ] GC(24) Survivor regions: 3->3(19)
[2024-06-04T23:14:05.362-0300][gc,heap       ] GC(24) Old regions: 19->19
[2024-06-04T23:14:05.362-0300][gc,heap       ] GC(24) Humongous regions: 129->129
[2024-06-04T23:14:05.362-0300][gc,metaspace  ] GC(24) Metaspace: 45111K(47996K)->45111K(47996K) NonClass: 39403K(40880K)->39403K(40880K) Class: 5708K(7116K)->5708K(7116K)
[2024-06-04T23:14:05.362-0300][gc            ] GC(24) Pause Young (Normal) (G1 Evacuation Pause) 292M->149M(1024M) 4,136ms
[2024-06-04T23:14:05.362-0300][gc,cpu        ] GC(24) User=0,01s Sys=0,00s Real=0,01s
[2024-06-04T23:15:41.146-0300][gc,start      ] GC(25) Pause Young (Normal) (G1 Evacuation Pause)
[2024-06-04T23:15:41.146-0300][gc,task       ] GC(25) Using 4 workers of 4 for evacuation
[2024-06-04T23:15:41.154-0300][gc,phases     ] GC(25)   Pre Evacuate Collection Set: 0,0ms
[2024-06-04T23:15:41.155-0300][gc,phases     ] GC(25)   Evacuate Collection Set: 7,7ms
[2024-06-04T23:15:41.155-0300][gc,phases     ] GC(25)   Post Evacuate Collection Set: 0,5ms
[2024-06-04T23:15:41.155-0300][gc,phases     ] GC(25)   Other: 0,3ms
[2024-06-04T23:15:41.155-0300][gc,heap       ] GC(25) Eden regions: 151->0(157)
[2024-06-04T23:15:41.155-0300][gc,heap       ] GC(25) Survivor regions: 3->4(20)
[2024-06-04T23:15:41.155-0300][gc,heap       ] GC(25) Old regions: 19->19
[2024-06-04T23:15:41.155-0300][gc,heap       ] GC(25) Humongous regions: 129->129
[2024-06-04T23:15:41.155-0300][gc,metaspace  ] GC(25) Metaspace: 45122K(47996K)->45122K(47996K) NonClass: 39414K(40880K)->39414K(40880K) Class: 5708K(7116K)->5708K(7116K)
[2024-06-04T23:15:41.155-0300][gc            ] GC(25) Pause Young (Normal) (G1 Evacuation Pause) 300M->149M(1024M) 8,647ms
[2024-06-04T23:15:41.155-0300][gc,cpu        ] GC(25) User=0,01s Sys=0,01s Real=0,01s
[2024-06-04T23:17:21.854-0300][gc,start      ] GC(26) Pause Young (Normal) (G1 Evacuation Pause)
[2024-06-04T23:17:21.854-0300][gc,task       ] GC(26) Using 4 workers of 4 for evacuation
[2024-06-04T23:17:21.863-0300][gc,phases     ] GC(26)   Pre Evacuate Collection Set: 0,0ms
[2024-06-04T23:17:21.863-0300][gc,phases     ] GC(26)   Evacuate Collection Set: 8,0ms
[2024-06-04T23:17:21.863-0300][gc,phases     ] GC(26)   Post Evacuate Collection Set: 0,7ms
[2024-06-04T23:17:21.863-0300][gc,phases     ] GC(26)   Other: 0,3ms
[2024-06-04T23:17:21.863-0300][gc,heap       ] GC(26) Eden regions: 157->0(172)
[2024-06-04T23:17:21.863-0300][gc,heap       ] GC(26) Survivor regions: 4->4(21)
[2024-06-04T23:17:21.863-0300][gc,heap       ] GC(26) Old regions: 19->19
[2024-06-04T23:17:21.863-0300][gc,heap       ] GC(26) Humongous regions: 129->129
[2024-06-04T23:17:21.863-0300][gc,metaspace  ] GC(26) Metaspace: 45159K(47996K)->45159K(47996K) NonClass: 39451K(40880K)->39451K(40880K) Class: 5708K(7116K)->5708K(7116K)
[2024-06-04T23:17:21.863-0300][gc            ] GC(26) Pause Young (Normal) (G1 Evacuation Pause) 306M->150M(1024M) 9,286ms
[2024-06-04T23:17:21.863-0300][gc,cpu        ] GC(26) User=0,03s Sys=0,00s Real=0,01s
[2024-06-04T23:19:12.187-0300][gc,start      ] GC(27) Pause Young (Normal) (G1 Evacuation Pause)
[2024-06-04T23:19:12.187-0300][gc,task       ] GC(27) Using 4 workers of 4 for evacuation
[2024-06-04T23:19:12.198-0300][gc,phases     ] GC(27)   Pre Evacuate Collection Set: 0,0ms
[2024-06-04T23:19:12.198-0300][gc,phases     ] GC(27)   Evacuate Collection Set: 9,4ms
[2024-06-04T23:19:12.198-0300][gc,phases     ] GC(27)   Post Evacuate Collection Set: 0,6ms
[2024-06-04T23:19:12.198-0300][gc,phases     ] GC(27)   Other: 0,3ms
[2024-06-04T23:19:12.198-0300][gc,heap       ] GC(27) Eden regions: 172->0(179)
[2024-06-04T23:19:12.198-0300][gc,heap       ] GC(27) Survivor regions: 4->5(22)
[2024-06-04T23:19:12.198-0300][gc,heap       ] GC(27) Old regions: 19->19
[2024-06-04T23:19:12.198-0300][gc,heap       ] GC(27) Humongous regions: 129->129
[2024-06-04T23:19:12.198-0300][gc,metaspace  ] GC(27) Metaspace: 45167K(48252K)->45167K(48252K) NonClass: 39459K(41136K)->39459K(41136K) Class: 5708K(7116K)->5708K(7116K)
[2024-06-04T23:19:12.198-0300][gc            ] GC(27) Pause Young (Normal) (G1 Evacuation Pause) 322M->150M(1024M) 10,511ms
[2024-06-04T23:19:12.198-0300][gc,cpu        ] GC(27) User=0,03s Sys=0,00s Real=0,01s
[2024-06-04T23:21:06.030-0300][gc,start      ] GC(28) Pause Young (Normal) (G1 Evacuation Pause)
[2024-06-04T23:21:06.031-0300][gc,task       ] GC(28) Using 4 workers of 4 for evacuation
[2024-06-04T23:21:06.043-0300][gc,phases     ] GC(28)   Pre Evacuate Collection Set: 0,1ms
[2024-06-04T23:21:06.043-0300][gc,phases     ] GC(28)   Evacuate Collection Set: 10,6ms
[2024-06-04T23:21:06.043-0300][gc,phases     ] GC(28)   Post Evacuate Collection Set: 1,4ms
[2024-06-04T23:21:06.043-0300][gc,phases     ] GC(28)   Other: 0,4ms
[2024-06-04T23:21:06.043-0300][gc,heap       ] GC(28) Eden regions: 179->0(610)
[2024-06-04T23:21:06.043-0300][gc,heap       ] GC(28) Survivor regions: 5->4(23)
[2024-06-04T23:21:06.043-0300][gc,heap       ] GC(28) Old regions: 19->19
[2024-06-04T23:21:06.043-0300][gc,heap       ] GC(28) Humongous regions: 129->129
[2024-06-04T23:21:06.043-0300][gc,metaspace  ] GC(28) Metaspace: 45188K(48252K)->45188K(48252K) NonClass: 39480K(41136K)->39480K(41136K) Class: 5708K(7116K)->5708K(7116K)
[2024-06-04T23:21:06.043-0300][gc            ] GC(28) Pause Young (Normal) (G1 Evacuation Pause) 329M->149M(1024M) 12,797ms
[2024-06-04T23:21:06.043-0300][gc,cpu        ] GC(28) User=0,04s Sys=0,00s Real=0,01s
[2024-06-04T23:28:20.500-0300][gc,start      ] GC(29) Pause Young (Normal) (G1 Evacuation Pause)
[2024-06-04T23:28:20.500-0300][gc,task       ] GC(29) Using 4 workers of 4 for evacuation
[2024-06-04T23:28:20.505-0300][gc,phases     ] GC(29)   Pre Evacuate Collection Set: 0,0ms
[2024-06-04T23:28:20.505-0300][gc,phases     ] GC(29)   Evacuate Collection Set: 3,9ms
[2024-06-04T23:28:20.505-0300][gc,phases     ] GC(29)   Post Evacuate Collection Set: 0,9ms
[2024-06-04T23:28:20.505-0300][gc,phases     ] GC(29)   Other: 0,2ms
[2024-06-04T23:28:20.505-0300][gc,heap       ] GC(29) Eden regions: 610->0(610)
[2024-06-04T23:28:20.505-0300][gc,heap       ] GC(29) Survivor regions: 4->4(77)
[2024-06-04T23:28:20.505-0300][gc,heap       ] GC(29) Old regions: 19->19
[2024-06-04T23:28:20.505-0300][gc,heap       ] GC(29) Humongous regions: 129->129
[2024-06-04T23:28:20.505-0300][gc,metaspace  ] GC(29) Metaspace: 45546K(48508K)->45546K(48508K) NonClass: 39836K(41392K)->39836K(41392K) Class: 5709K(7116K)->5709K(7116K)
[2024-06-04T23:28:20.505-0300][gc            ] GC(29) Pause Young (Normal) (G1 Evacuation Pause) 759M->150M(1024M) 5,047ms
[2024-06-04T23:28:20.505-0300][gc,cpu        ] GC(29) User=0,01s Sys=0,00s Real=0,01s
[2024-06-04T23:30:00.543-0300][gc,heap,exit  ] Heap
[2024-06-04T23:30:00.543-0300][gc,heap,exit  ]  garbage-first heap   total 1048576K, used 306662K [0x00000000c0000000, 0x0000000100000000)
[2024-06-04T23:30:00.543-0300][gc,heap,exit  ]   region size 1024K, 154 young (157696K), 4 survivors (4096K)
[2024-06-04T23:30:00.543-0300][gc,heap,exit  ]  Metaspace       used 46595K, capacity 49538K, committed 49788K, reserved 1091584K
[2024-06-04T23:30:00.543-0300][gc,heap,exit  ]   class space    used 5960K, capacity 7353K, committed 7372K, reserved 1048576K
