[2024-05-25T21:34:23.243-0300][gc,heap] Heap region size: 1M
[2024-05-25T21:34:23.256-0300][gc     ] Using G1
[2024-05-25T21:34:23.256-0300][gc,heap,coops] Heap address: 0x00000000c0000000, size: 1024 MB, Compressed Oops mode: 32-bit
[2024-05-25T21:34:23.256-0300][gc,cds       ] Mark closed archive regions in map: [0x00000000fff00000, 0x00000000fff6bff8]
[2024-05-25T21:34:23.256-0300][gc,cds       ] Mark open archive regions in map: [0x00000000ffe00000, 0x00000000ffe47ff8]
[2024-05-25T21:34:23.982-0300][gc,start     ] GC(0) Pause Young (Normal) (G1 Evacuation Pause)
[2024-05-25T21:34:23.983-0300][gc,task      ] GC(0) Using 4 workers of 4 for evacuation
[2024-05-25T21:34:23.990-0300][gc,phases    ] GC(0)   Pre Evacuate Collection Set: 0,0ms
[2024-05-25T21:34:23.990-0300][gc,phases    ] GC(0)   Evacuate Collection Set: 6,6ms
[2024-05-25T21:34:23.990-0300][gc,phases    ] GC(0)   Post Evacuate Collection Set: 0,4ms
[2024-05-25T21:34:23.990-0300][gc,phases    ] GC(0)   Other: 0,4ms
[2024-05-25T21:34:23.990-0300][gc,heap      ] GC(0) Eden regions: 51->0(44)
[2024-05-25T21:34:23.990-0300][gc,heap      ] GC(0) Survivor regions: 0->7(7)
[2024-05-25T21:34:23.990-0300][gc,heap      ] GC(0) Old regions: 2->3
[2024-05-25T21:34:23.990-0300][gc,heap      ] GC(0) Humongous regions: 0->0
[2024-05-25T21:34:23.990-0300][gc,metaspace ] GC(0) Metaspace: 14155K(14848K)->14155K(14848K) NonClass: 12412K(12800K)->12412K(12800K) Class: 1742K(2048K)->1742K(2048K)
[2024-05-25T21:34:23.990-0300][gc           ] GC(0) Pause Young (Normal) (G1 Evacuation Pause) 51M->7M(1024M) 7,599ms
[2024-05-25T21:34:23.990-0300][gc,cpu       ] GC(0) User=0,02s Sys=0,00s Real=0,01s
[2024-05-25T21:34:24.305-0300][gc,start     ] GC(1) Pause Young (Concurrent Start) (Metadata GC Threshold)
[2024-05-25T21:34:24.305-0300][gc,task      ] GC(1) Using 4 workers of 4 for evacuation
[2024-05-25T21:34:24.315-0300][gc,phases    ] GC(1)   Pre Evacuate Collection Set: 0,0ms
[2024-05-25T21:34:24.315-0300][gc,phases    ] GC(1)   Evacuate Collection Set: 9,8ms
[2024-05-25T21:34:24.315-0300][gc,phases    ] GC(1)   Post Evacuate Collection Set: 0,4ms
[2024-05-25T21:34:24.315-0300][gc,phases    ] GC(1)   Other: 0,2ms
[2024-05-25T21:34:24.315-0300][gc,heap      ] GC(1) Eden regions: 29->0(49)
[2024-05-25T21:34:24.315-0300][gc,heap      ] GC(1) Survivor regions: 7->2(7)
[2024-05-25T21:34:24.315-0300][gc,heap      ] GC(1) Old regions: 3->10
[2024-05-25T21:34:24.315-0300][gc,heap      ] GC(1) Humongous regions: 0->0
[2024-05-25T21:34:24.315-0300][gc,metaspace ] GC(1) Metaspace: 20438K(21296K)->20438K(21296K) NonClass: 17977K(18608K)->17977K(18608K) Class: 2460K(2688K)->2460K(2688K)
[2024-05-25T21:34:24.315-0300][gc           ] GC(1) Pause Young (Concurrent Start) (Metadata GC Threshold) 36M->8M(1024M) 10,544ms
[2024-05-25T21:34:24.315-0300][gc,cpu       ] GC(1) User=0,01s Sys=0,01s Real=0,01s
[2024-05-25T21:34:24.315-0300][gc           ] GC(2) Concurrent Cycle
[2024-05-25T21:34:24.315-0300][gc,marking   ] GC(2) Concurrent Clear Claimed Marks
[2024-05-25T21:34:24.315-0300][gc,marking   ] GC(2) Concurrent Clear Claimed Marks 0,030ms
[2024-05-25T21:34:24.315-0300][gc,marking   ] GC(2) Concurrent Scan Root Regions
[2024-05-25T21:34:24.316-0300][gc,marking   ] GC(2) Concurrent Scan Root Regions 0,880ms
[2024-05-25T21:34:24.316-0300][gc,marking   ] GC(2) Concurrent Mark (1,076s)
[2024-05-25T21:34:24.316-0300][gc,marking   ] GC(2) Concurrent Mark From Roots
[2024-05-25T21:34:24.316-0300][gc,task      ] GC(2) Using 1 workers of 1 for marking
[2024-05-25T21:34:24.328-0300][gc,marking   ] GC(2) Concurrent Mark From Roots 11,499ms
[2024-05-25T21:34:24.328-0300][gc,marking   ] GC(2) Concurrent Preclean
[2024-05-25T21:34:24.328-0300][gc,marking   ] GC(2) Concurrent Preclean 0,157ms
[2024-05-25T21:34:24.328-0300][gc,marking   ] GC(2) Concurrent Mark (1,076s, 1,087s) 11,734ms
[2024-05-25T21:34:24.328-0300][gc,start     ] GC(2) Pause Remark
[2024-05-25T21:34:24.331-0300][gc,stringtable] GC(2) Cleaned string and symbol table, strings: 5745 processed, 0 removed, symbols: 53643 processed, 40 removed
[2024-05-25T21:34:24.331-0300][gc            ] GC(2) Pause Remark 9M->9M(1024M) 2,998ms
[2024-05-25T21:34:24.331-0300][gc,cpu        ] GC(2) User=0,00s Sys=0,00s Real=0,01s
[2024-05-25T21:34:24.331-0300][gc,marking    ] GC(2) Concurrent Rebuild Remembered Sets
[2024-05-25T21:34:24.336-0300][gc,marking    ] GC(2) Concurrent Rebuild Remembered Sets 4,233ms
[2024-05-25T21:34:24.336-0300][gc,start      ] GC(2) Pause Cleanup
[2024-05-25T21:34:24.336-0300][gc            ] GC(2) Pause Cleanup 9M->9M(1024M) 0,233ms
[2024-05-25T21:34:24.336-0300][gc,cpu        ] GC(2) User=0,00s Sys=0,00s Real=0,00s
[2024-05-25T21:34:24.336-0300][gc,marking    ] GC(2) Concurrent Cleanup for Next Mark
[2024-05-25T21:34:24.344-0300][gc,marking    ] GC(2) Concurrent Cleanup for Next Mark 8,095ms
[2024-05-25T21:34:24.344-0300][gc            ] GC(2) Concurrent Cycle 28,831ms
[2024-05-25T21:34:25.053-0300][gc,start      ] GC(3) Pause Young (Normal) (G1 Evacuation Pause)
[2024-05-25T21:34:25.053-0300][gc,task       ] GC(3) Using 4 workers of 4 for evacuation
[2024-05-25T21:34:25.057-0300][gc,phases     ] GC(3)   Pre Evacuate Collection Set: 0,0ms
[2024-05-25T21:34:25.057-0300][gc,phases     ] GC(3)   Evacuate Collection Set: 3,4ms
[2024-05-25T21:34:25.057-0300][gc,phases     ] GC(3)   Post Evacuate Collection Set: 0,6ms
[2024-05-25T21:34:25.057-0300][gc,phases     ] GC(3)   Other: 0,2ms
[2024-05-25T21:34:25.057-0300][gc,heap       ] GC(3) Eden regions: 49->0(47)
[2024-05-25T21:34:25.057-0300][gc,heap       ] GC(3) Survivor regions: 2->4(7)
[2024-05-25T21:34:25.057-0300][gc,heap       ] GC(3) Old regions: 10->10
[2024-05-25T21:34:25.057-0300][gc,heap       ] GC(3) Humongous regions: 129->129
[2024-05-25T21:34:25.057-0300][gc,metaspace  ] GC(3) Metaspace: 27901K(28976K)->27901K(28976K) NonClass: 24613K(25264K)->24613K(25264K) Class: 3288K(3712K)->3288K(3712K)
[2024-05-25T21:34:25.057-0300][gc            ] GC(3) Pause Young (Normal) (G1 Evacuation Pause) 186M->140M(1024M) 4,181ms
[2024-05-25T21:34:25.057-0300][gc,cpu        ] GC(3) User=0,01s Sys=0,00s Real=0,00s
[2024-05-25T21:34:25.433-0300][gc,start      ] GC(4) Pause Young (Concurrent Start) (Metadata GC Threshold)
[2024-05-25T21:34:25.433-0300][gc,task       ] GC(4) Using 4 workers of 4 for evacuation
[2024-05-25T21:34:25.443-0300][gc,phases     ] GC(4)   Pre Evacuate Collection Set: 0,1ms
[2024-05-25T21:34:25.443-0300][gc,phases     ] GC(4)   Evacuate Collection Set: 8,5ms
[2024-05-25T21:34:25.443-0300][gc,phases     ] GC(4)   Post Evacuate Collection Set: 0,4ms
[2024-05-25T21:34:25.443-0300][gc,phases     ] GC(4)   Other: 0,2ms
[2024-05-25T21:34:25.443-0300][gc,heap       ] GC(4) Eden regions: 43->0(44)
[2024-05-25T21:34:25.443-0300][gc,heap       ] GC(4) Survivor regions: 4->7(7)
[2024-05-25T21:34:25.443-0300][gc,heap       ] GC(4) Old regions: 10->10
[2024-05-25T21:34:25.443-0300][gc,heap       ] GC(4) Humongous regions: 129->129
[2024-05-25T21:34:25.443-0300][gc,metaspace  ] GC(4) Metaspace: 34348K(35632K)->34348K(35632K) NonClass: 30402K(31152K)->30402K(31152K) Class: 3946K(4480K)->3946K(4480K)
[2024-05-25T21:34:25.443-0300][gc            ] GC(4) Pause Young (Concurrent Start) (Metadata GC Threshold) 182M->143M(1024M) 9,318ms
[2024-05-25T21:34:25.443-0300][gc,cpu        ] GC(4) User=0,02s Sys=0,00s Real=0,01s
[2024-05-25T21:34:25.443-0300][gc            ] GC(5) Concurrent Cycle
[2024-05-25T21:34:25.443-0300][gc,marking    ] GC(5) Concurrent Clear Claimed Marks
[2024-05-25T21:34:25.443-0300][gc,marking    ] GC(5) Concurrent Clear Claimed Marks 0,091ms
[2024-05-25T21:34:25.443-0300][gc,marking    ] GC(5) Concurrent Scan Root Regions
[2024-05-25T21:34:25.447-0300][gc,marking    ] GC(5) Concurrent Scan Root Regions 3,948ms
[2024-05-25T21:34:25.447-0300][gc,marking    ] GC(5) Concurrent Mark (2,206s)
[2024-05-25T21:34:25.447-0300][gc,marking    ] GC(5) Concurrent Mark From Roots
[2024-05-25T21:34:25.447-0300][gc,task       ] GC(5) Using 1 workers of 1 for marking
[2024-05-25T21:34:25.459-0300][gc,marking    ] GC(5) Concurrent Mark From Roots 11,975ms
[2024-05-25T21:34:25.459-0300][gc,marking    ] GC(5) Concurrent Preclean
[2024-05-25T21:34:25.459-0300][gc,marking    ] GC(5) Concurrent Preclean 0,120ms
[2024-05-25T21:34:25.459-0300][gc,marking    ] GC(5) Concurrent Mark (2,206s, 2,218s) 12,145ms
[2024-05-25T21:34:25.459-0300][gc,start      ] GC(5) Pause Remark
[2024-05-25T21:34:25.462-0300][gc,stringtable] GC(5) Cleaned string and symbol table, strings: 10076 processed, 21 removed, symbols: 84336 processed, 19 removed
[2024-05-25T21:34:25.462-0300][gc            ] GC(5) Pause Remark 144M->144M(1024M) 2,560ms
[2024-05-25T21:34:25.462-0300][gc,cpu        ] GC(5) User=0,01s Sys=0,00s Real=0,01s
[2024-05-25T21:34:25.462-0300][gc,marking    ] GC(5) Concurrent Rebuild Remembered Sets
[2024-05-25T21:34:25.468-0300][gc,marking    ] GC(5) Concurrent Rebuild Remembered Sets 5,866ms
[2024-05-25T21:34:25.468-0300][gc,start      ] GC(5) Pause Cleanup
[2024-05-25T21:34:25.468-0300][gc            ] GC(5) Pause Cleanup 145M->145M(1024M) 0,159ms
[2024-05-25T21:34:25.468-0300][gc,cpu        ] GC(5) User=0,00s Sys=0,00s Real=0,00s
[2024-05-25T21:34:25.469-0300][gc,marking    ] GC(5) Concurrent Cleanup for Next Mark
[2024-05-25T21:34:25.486-0300][gc,marking    ] GC(5) Concurrent Cleanup for Next Mark 17,513ms
[2024-05-25T21:34:25.486-0300][gc            ] GC(5) Concurrent Cycle 43,654ms
[2024-05-25T21:34:30.749-0300][gc,start      ] GC(6) Pause Young (Normal) (G1 Evacuation Pause)
[2024-05-25T21:34:30.749-0300][gc,task       ] GC(6) Using 4 workers of 4 for evacuation
[2024-05-25T21:34:30.773-0300][gc,mmu        ] GC(6) MMU target violated: 21,0ms (20,0ms/21,0ms)
[2024-05-25T21:34:30.773-0300][gc,phases     ] GC(6)   Pre Evacuate Collection Set: 0,0ms
[2024-05-25T21:34:30.773-0300][gc,phases     ] GC(6)   Evacuate Collection Set: 23,1ms
[2024-05-25T21:34:30.773-0300][gc,phases     ] GC(6)   Post Evacuate Collection Set: 1,2ms
[2024-05-25T21:34:30.774-0300][gc,phases     ] GC(6)   Other: 0,5ms
[2024-05-25T21:34:30.774-0300][gc,heap       ] GC(6) Eden regions: 44->0(48)
[2024-05-25T21:34:30.774-0300][gc,heap       ] GC(6) Survivor regions: 7->3(7)
[2024-05-25T21:34:30.774-0300][gc,heap       ] GC(6) Old regions: 10->16
[2024-05-25T21:34:30.774-0300][gc,heap       ] GC(6) Humongous regions: 135->129
[2024-05-25T21:34:30.774-0300][gc,metaspace  ] GC(6) Metaspace: 41520K(43952K)->41520K(43952K) NonClass: 36269K(37552K)->36269K(37552K) Class: 5251K(6400K)->5251K(6400K)
[2024-05-25T21:34:30.774-0300][gc            ] GC(6) Pause Young (Normal) (G1 Evacuation Pause) 193M->145M(1024M) 24,937ms
[2024-05-25T21:34:30.774-0300][gc,cpu        ] GC(6) User=0,09s Sys=0,01s Real=0,02s
[2024-05-25T21:36:34.084-0300][gc,start      ] GC(7) Pause Young (Normal) (G1 Evacuation Pause)
[2024-05-25T21:36:34.084-0300][gc,task       ] GC(7) Using 4 workers of 4 for evacuation
[2024-05-25T21:36:34.092-0300][gc,phases     ] GC(7)   Pre Evacuate Collection Set: 0,0ms
[2024-05-25T21:36:34.092-0300][gc,phases     ] GC(7)   Evacuate Collection Set: 6,3ms
[2024-05-25T21:36:34.092-0300][gc,phases     ] GC(7)   Post Evacuate Collection Set: 1,1ms
[2024-05-25T21:36:34.092-0300][gc,phases     ] GC(7)   Other: 0,3ms
[2024-05-25T21:36:34.092-0300][gc,heap       ] GC(7) Eden regions: 48->0(47)
[2024-05-25T21:36:34.092-0300][gc,heap       ] GC(7) Survivor regions: 3->4(7)
[2024-05-25T21:36:34.092-0300][gc,heap       ] GC(7) Old regions: 16->16
[2024-05-25T21:36:34.092-0300][gc,heap       ] GC(7) Humongous regions: 129->129
[2024-05-25T21:36:34.092-0300][gc,metaspace  ] GC(7) Metaspace: 44160K(46768K)->44160K(46768K) NonClass: 38527K(39856K)->38527K(39856K) Class: 5632K(6912K)->5632K(6912K)
[2024-05-25T21:36:34.092-0300][gc            ] GC(7) Pause Young (Normal) (G1 Evacuation Pause) 193M->147M(1024M) 7,880ms
[2024-05-25T21:36:34.092-0300][gc,cpu        ] GC(7) User=0,03s Sys=0,00s Real=0,01s
[2024-05-25T21:37:00.516-0300][gc,start      ] GC(8) Pause Young (Normal) (G1 Evacuation Pause)
[2024-05-25T21:37:00.516-0300][gc,task       ] GC(8) Using 4 workers of 4 for evacuation
[2024-05-25T21:37:00.524-0300][gc,phases     ] GC(8)   Pre Evacuate Collection Set: 0,0ms
[2024-05-25T21:37:00.524-0300][gc,phases     ] GC(8)   Evacuate Collection Set: 6,6ms
[2024-05-25T21:37:00.524-0300][gc,phases     ] GC(8)   Post Evacuate Collection Set: 0,5ms
[2024-05-25T21:37:00.524-0300][gc,phases     ] GC(8)   Other: 0,2ms
[2024-05-25T21:37:00.524-0300][gc,heap       ] GC(8) Eden regions: 47->0(48)
[2024-05-25T21:37:00.524-0300][gc,heap       ] GC(8) Survivor regions: 4->3(7)
[2024-05-25T21:37:00.524-0300][gc,heap       ] GC(8) Old regions: 16->18
[2024-05-25T21:37:00.524-0300][gc,heap       ] GC(8) Humongous regions: 129->129
[2024-05-25T21:37:00.524-0300][gc,metaspace  ] GC(8) Metaspace: 44260K(47024K)->44260K(47024K) NonClass: 38627K(40112K)->38627K(40112K) Class: 5633K(6912K)->5633K(6912K)
[2024-05-25T21:37:00.524-0300][gc            ] GC(8) Pause Young (Normal) (G1 Evacuation Pause) 194M->147M(1024M) 7,331ms
[2024-05-25T21:37:00.524-0300][gc,cpu        ] GC(8) User=0,01s Sys=0,00s Real=0,01s
[2024-05-25T21:37:33.167-0300][gc,start      ] GC(9) Pause Young (Normal) (G1 Evacuation Pause)
[2024-05-25T21:37:33.167-0300][gc,task       ] GC(9) Using 4 workers of 4 for evacuation
[2024-05-25T21:37:33.172-0300][gc,phases     ] GC(9)   Pre Evacuate Collection Set: 0,0ms
[2024-05-25T21:37:33.172-0300][gc,phases     ] GC(9)   Evacuate Collection Set: 4,0ms
[2024-05-25T21:37:33.172-0300][gc,phases     ] GC(9)   Post Evacuate Collection Set: 0,4ms
[2024-05-25T21:37:33.172-0300][gc,phases     ] GC(9)   Other: 0,2ms
[2024-05-25T21:37:33.172-0300][gc,heap       ] GC(9) Eden regions: 48->0(48)
[2024-05-25T21:37:33.172-0300][gc,heap       ] GC(9) Survivor regions: 3->3(7)
[2024-05-25T21:37:33.172-0300][gc,heap       ] GC(9) Old regions: 18->18
[2024-05-25T21:37:33.172-0300][gc,heap       ] GC(9) Humongous regions: 129->129
[2024-05-25T21:37:33.172-0300][gc,metaspace  ] GC(9) Metaspace: 44526K(47408K)->44526K(47408K) NonClass: 38855K(40368K)->38855K(40368K) Class: 5671K(7040K)->5671K(7040K)
[2024-05-25T21:37:33.172-0300][gc            ] GC(9) Pause Young (Normal) (G1 Evacuation Pause) 195M->147M(1024M) 4,630ms
[2024-05-25T21:37:33.172-0300][gc,cpu        ] GC(9) User=0,01s Sys=0,00s Real=0,01s
[2024-05-25T21:38:03.151-0300][gc,start      ] GC(10) Pause Young (Normal) (G1 Evacuation Pause)
[2024-05-25T21:38:03.151-0300][gc,task       ] GC(10) Using 4 workers of 4 for evacuation
[2024-05-25T21:38:03.155-0300][gc,phases     ] GC(10)   Pre Evacuate Collection Set: 0,0ms
[2024-05-25T21:38:03.155-0300][gc,phases     ] GC(10)   Evacuate Collection Set: 3,7ms
[2024-05-25T21:38:03.155-0300][gc,phases     ] GC(10)   Post Evacuate Collection Set: 0,5ms
[2024-05-25T21:38:03.155-0300][gc,phases     ] GC(10)   Other: 0,2ms
[2024-05-25T21:38:03.155-0300][gc,heap       ] GC(10) Eden regions: 48->0(48)
[2024-05-25T21:38:03.155-0300][gc,heap       ] GC(10) Survivor regions: 3->3(7)
[2024-05-25T21:38:03.155-0300][gc,heap       ] GC(10) Old regions: 18->18
[2024-05-25T21:38:03.155-0300][gc,heap       ] GC(10) Humongous regions: 129->129
[2024-05-25T21:38:03.155-0300][gc,metaspace  ] GC(10) Metaspace: 44531K(47408K)->44531K(47408K) NonClass: 38860K(40368K)->38860K(40368K) Class: 5671K(7040K)->5671K(7040K)
[2024-05-25T21:38:03.155-0300][gc            ] GC(10) Pause Young (Normal) (G1 Evacuation Pause) 195M->147M(1024M) 4,563ms
[2024-05-25T21:38:03.155-0300][gc,cpu        ] GC(10) User=0,02s Sys=0,00s Real=0,00s
[2024-05-25T21:38:37.469-0300][gc,start      ] GC(11) Pause Young (Normal) (G1 Evacuation Pause)
[2024-05-25T21:38:37.469-0300][gc,task       ] GC(11) Using 4 workers of 4 for evacuation
[2024-05-25T21:38:37.478-0300][gc,phases     ] GC(11)   Pre Evacuate Collection Set: 0,1ms
[2024-05-25T21:38:37.478-0300][gc,phases     ] GC(11)   Evacuate Collection Set: 8,0ms
[2024-05-25T21:38:37.478-0300][gc,phases     ] GC(11)   Post Evacuate Collection Set: 1,0ms
[2024-05-25T21:38:37.478-0300][gc,phases     ] GC(11)   Other: 0,4ms
[2024-05-25T21:38:37.478-0300][gc,heap       ] GC(11) Eden regions: 48->0(48)
[2024-05-25T21:38:37.478-0300][gc,heap       ] GC(11) Survivor regions: 3->3(7)
[2024-05-25T21:38:37.478-0300][gc,heap       ] GC(11) Old regions: 18->18
[2024-05-25T21:38:37.478-0300][gc,heap       ] GC(11) Humongous regions: 129->129
[2024-05-25T21:38:37.478-0300][gc,metaspace  ] GC(11) Metaspace: 44631K(47408K)->44631K(47408K) NonClass: 38957K(40368K)->38957K(40368K) Class: 5673K(7040K)->5673K(7040K)
[2024-05-25T21:38:37.479-0300][gc            ] GC(11) Pause Young (Normal) (G1 Evacuation Pause) 195M->147M(1024M) 9,726ms
[2024-05-25T21:38:37.479-0300][gc,cpu        ] GC(11) User=0,03s Sys=0,00s Real=0,00s
[2024-05-25T21:39:08.620-0300][gc,start      ] GC(12) Pause Young (Normal) (G1 Evacuation Pause)
[2024-05-25T21:39:08.620-0300][gc,task       ] GC(12) Using 4 workers of 4 for evacuation
[2024-05-25T21:39:08.623-0300][gc,phases     ] GC(12)   Pre Evacuate Collection Set: 0,0ms
[2024-05-25T21:39:08.623-0300][gc,phases     ] GC(12)   Evacuate Collection Set: 3,1ms
[2024-05-25T21:39:08.623-0300][gc,phases     ] GC(12)   Post Evacuate Collection Set: 0,5ms
[2024-05-25T21:39:08.623-0300][gc,phases     ] GC(12)   Other: 0,2ms
[2024-05-25T21:39:08.623-0300][gc,heap       ] GC(12) Eden regions: 48->0(52)
[2024-05-25T21:39:08.623-0300][gc,heap       ] GC(12) Survivor regions: 3->3(7)
[2024-05-25T21:39:08.623-0300][gc,heap       ] GC(12) Old regions: 18->18
[2024-05-25T21:39:08.623-0300][gc,heap       ] GC(12) Humongous regions: 129->129
[2024-05-25T21:39:08.623-0300][gc,metaspace  ] GC(12) Metaspace: 44643K(47408K)->44643K(47408K) NonClass: 38970K(40368K)->38970K(40368K) Class: 5673K(7040K)->5673K(7040K)
[2024-05-25T21:39:08.623-0300][gc            ] GC(12) Pause Young (Normal) (G1 Evacuation Pause) 195M->148M(1024M) 3,911ms
[2024-05-25T21:39:08.623-0300][gc,cpu        ] GC(12) User=0,01s Sys=0,00s Real=0,01s
[2024-05-25T21:39:53.873-0300][gc,start      ] GC(13) Pause Young (Normal) (G1 Evacuation Pause)
[2024-05-25T21:39:53.873-0300][gc,task       ] GC(13) Using 4 workers of 4 for evacuation
[2024-05-25T21:39:53.885-0300][gc,phases     ] GC(13)   Pre Evacuate Collection Set: 0,1ms
[2024-05-25T21:39:53.885-0300][gc,phases     ] GC(13)   Evacuate Collection Set: 10,0ms
[2024-05-25T21:39:53.885-0300][gc,phases     ] GC(13)   Post Evacuate Collection Set: 1,0ms
[2024-05-25T21:39:53.885-0300][gc,phases     ] GC(13)   Other: 0,4ms
[2024-05-25T21:39:53.885-0300][gc,heap       ] GC(13) Eden regions: 52->0(53)
[2024-05-25T21:39:53.885-0300][gc,heap       ] GC(13) Survivor regions: 3->4(7)
[2024-05-25T21:39:53.885-0300][gc,heap       ] GC(13) Old regions: 18->18
[2024-05-25T21:39:53.885-0300][gc,heap       ] GC(13) Humongous regions: 129->129
[2024-05-25T21:39:53.885-0300][gc,metaspace  ] GC(13) Metaspace: 44689K(47664K)->44689K(47664K) NonClass: 39016K(40624K)->39016K(40624K) Class: 5673K(7040K)->5673K(7040K)
[2024-05-25T21:39:53.885-0300][gc            ] GC(13) Pause Young (Normal) (G1 Evacuation Pause) 200M->148M(1024M) 11,703ms
[2024-05-25T21:39:53.885-0300][gc,cpu        ] GC(13) User=0,04s Sys=0,00s Real=0,01s
[2024-05-25T21:40:27.851-0300][gc,start      ] GC(14) Pause Young (Normal) (G1 Evacuation Pause)
[2024-05-25T21:40:27.851-0300][gc,task       ] GC(14) Using 4 workers of 4 for evacuation
[2024-05-25T21:40:27.864-0300][gc,phases     ] GC(14)   Pre Evacuate Collection Set: 0,1ms
[2024-05-25T21:40:27.864-0300][gc,phases     ] GC(14)   Evacuate Collection Set: 11,1ms
[2024-05-25T21:40:27.864-0300][gc,phases     ] GC(14)   Post Evacuate Collection Set: 1,0ms
[2024-05-25T21:40:27.864-0300][gc,phases     ] GC(14)   Other: 0,4ms
[2024-05-25T21:40:27.864-0300][gc,heap       ] GC(14) Eden regions: 53->0(425)
[2024-05-25T21:40:27.864-0300][gc,heap       ] GC(14) Survivor regions: 4->4(8)
[2024-05-25T21:40:27.864-0300][gc,heap       ] GC(14) Old regions: 18->18
[2024-05-25T21:40:27.864-0300][gc,heap       ] GC(14) Humongous regions: 129->129
[2024-05-25T21:40:27.864-0300][gc,metaspace  ] GC(14) Metaspace: 44699K(47664K)->44699K(47664K) NonClass: 39026K(40624K)->39026K(40624K) Class: 5673K(7040K)->5673K(7040K)
[2024-05-25T21:40:27.864-0300][gc            ] GC(14) Pause Young (Normal) (G1 Evacuation Pause) 201M->148M(1024M) 12,807ms
[2024-05-25T21:40:27.864-0300][gc,cpu        ] GC(14) User=0,03s Sys=0,00s Real=0,01s
[2024-05-25T21:45:33.547-0300][gc,start      ] GC(15) Pause Young (Normal) (G1 Evacuation Pause)
[2024-05-25T21:45:33.547-0300][gc,task       ] GC(15) Using 4 workers of 4 for evacuation
[2024-05-25T21:45:33.565-0300][gc,phases     ] GC(15)   Pre Evacuate Collection Set: 0,0ms
[2024-05-25T21:45:33.565-0300][gc,phases     ] GC(15)   Evacuate Collection Set: 16,4ms
[2024-05-25T21:45:33.565-0300][gc,phases     ] GC(15)   Post Evacuate Collection Set: 0,7ms
[2024-05-25T21:45:33.565-0300][gc,phases     ] GC(15)   Other: 0,5ms
[2024-05-25T21:45:33.565-0300][gc,heap       ] GC(15) Eden regions: 425->0(134)
[2024-05-25T21:45:33.565-0300][gc,heap       ] GC(15) Survivor regions: 4->4(54)
[2024-05-25T21:45:33.565-0300][gc,heap       ] GC(15) Old regions: 18->18
[2024-05-25T21:45:33.565-0300][gc,heap       ] GC(15) Humongous regions: 129->129
[2024-05-25T21:45:33.565-0300][gc,metaspace  ] GC(15) Metaspace: 45241K(48304K)->45241K(48304K) NonClass: 39425K(41136K)->39425K(41136K) Class: 5816K(7168K)->5816K(7168K)
[2024-05-25T21:45:33.565-0300][gc            ] GC(15) Pause Young (Normal) (G1 Evacuation Pause) 573M->148M(1024M) 17,726ms
[2024-05-25T21:45:33.565-0300][gc,cpu        ] GC(15) User=0,04s Sys=0,00s Real=0,02s
[2024-05-25T21:47:04.193-0300][gc,start      ] GC(16) Pause Young (Normal) (G1 Evacuation Pause)
[2024-05-25T21:47:04.193-0300][gc,task       ] GC(16) Using 4 workers of 4 for evacuation
[2024-05-25T21:47:04.207-0300][gc,phases     ] GC(16)   Pre Evacuate Collection Set: 0,1ms
[2024-05-25T21:47:04.207-0300][gc,phases     ] GC(16)   Evacuate Collection Set: 11,9ms
[2024-05-25T21:47:04.207-0300][gc,phases     ] GC(16)   Post Evacuate Collection Set: 1,1ms
[2024-05-25T21:47:04.207-0300][gc,phases     ] GC(16)   Other: 0,4ms
[2024-05-25T21:47:04.207-0300][gc,heap       ] GC(16) Eden regions: 134->0(137)
[2024-05-25T21:47:04.207-0300][gc,heap       ] GC(16) Survivor regions: 4->4(18)
[2024-05-25T21:47:04.207-0300][gc,heap       ] GC(16) Old regions: 18->18
[2024-05-25T21:47:04.207-0300][gc,heap       ] GC(16) Humongous regions: 129->129
[2024-05-25T21:47:04.207-0300][gc,metaspace  ] GC(16) Metaspace: 45264K(48304K)->45264K(48304K) NonClass: 39447K(41136K)->39447K(41136K) Class: 5817K(7168K)->5817K(7168K)
[2024-05-25T21:47:04.207-0300][gc            ] GC(16) Pause Young (Normal) (G1 Evacuation Pause) 282M->148M(1024M) 13,713ms
[2024-05-25T21:47:04.207-0300][gc,cpu        ] GC(16) User=0,05s Sys=0,00s Real=0,01s
[2024-05-25T21:48:41.968-0300][gc,start      ] GC(17) Pause Young (Normal) (G1 Evacuation Pause)
[2024-05-25T21:48:41.968-0300][gc,task       ] GC(17) Using 4 workers of 4 for evacuation
[2024-05-25T21:48:41.985-0300][gc,phases     ] GC(17)   Pre Evacuate Collection Set: 0,1ms
[2024-05-25T21:48:41.985-0300][gc,phases     ] GC(17)   Evacuate Collection Set: 15,1ms
[2024-05-25T21:48:41.985-0300][gc,phases     ] GC(17)   Post Evacuate Collection Set: 1,0ms
[2024-05-25T21:48:41.985-0300][gc,phases     ] GC(17)   Other: 0,5ms
[2024-05-25T21:48:41.985-0300][gc,heap       ] GC(17) Eden regions: 137->0(139)
[2024-05-25T21:48:41.985-0300][gc,heap       ] GC(17) Survivor regions: 4->5(18)
[2024-05-25T21:48:41.985-0300][gc,heap       ] GC(17) Old regions: 18->18
[2024-05-25T21:48:41.985-0300][gc,heap       ] GC(17) Humongous regions: 129->129
[2024-05-25T21:48:41.985-0300][gc,metaspace  ] GC(17) Metaspace: 45320K(48304K)->45320K(48304K) NonClass: 39501K(41136K)->39501K(41136K) Class: 5818K(7168K)->5818K(7168K)
[2024-05-25T21:48:41.985-0300][gc            ] GC(17) Pause Young (Normal) (G1 Evacuation Pause) 285M->149M(1024M) 16,820ms
[2024-05-25T21:48:41.985-0300][gc,cpu        ] GC(17) User=0,05s Sys=0,00s Real=0,02s
[2024-05-25T21:50:29.180-0300][gc,start      ] GC(18) Pause Young (Normal) (G1 Evacuation Pause)
[2024-05-25T21:50:29.180-0300][gc,task       ] GC(18) Using 4 workers of 4 for evacuation
[2024-05-25T21:50:29.194-0300][gc,phases     ] GC(18)   Pre Evacuate Collection Set: 0,1ms
[2024-05-25T21:50:29.194-0300][gc,phases     ] GC(18)   Evacuate Collection Set: 13,1ms
[2024-05-25T21:50:29.194-0300][gc,phases     ] GC(18)   Post Evacuate Collection Set: 1,2ms
[2024-05-25T21:50:29.195-0300][gc,phases     ] GC(18)   Other: 0,4ms
[2024-05-25T21:50:29.195-0300][gc,heap       ] GC(18) Eden regions: 139->0(140)
[2024-05-25T21:50:29.195-0300][gc,heap       ] GC(18) Survivor regions: 5->5(18)
[2024-05-25T21:50:29.195-0300][gc,heap       ] GC(18) Old regions: 18->18
[2024-05-25T21:50:29.195-0300][gc,heap       ] GC(18) Humongous regions: 129->129
[2024-05-25T21:50:29.195-0300][gc,metaspace  ] GC(18) Metaspace: 45362K(48304K)->45362K(48304K) NonClass: 39543K(41136K)->39543K(41136K) Class: 5818K(7168K)->5818K(7168K)
[2024-05-25T21:50:29.195-0300][gc            ] GC(18) Pause Young (Normal) (G1 Evacuation Pause) 288M->149M(1024M) 15,035ms
[2024-05-25T21:50:29.195-0300][gc,cpu        ] GC(18) User=0,05s Sys=0,00s Real=0,02s
[2024-05-25T21:52:25.626-0300][gc,start      ] GC(19) Pause Young (Normal) (G1 Evacuation Pause)
[2024-05-25T21:52:25.626-0300][gc,task       ] GC(19) Using 4 workers of 4 for evacuation
[2024-05-25T21:52:25.643-0300][gc,phases     ] GC(19)   Pre Evacuate Collection Set: 0,1ms
[2024-05-25T21:52:25.643-0300][gc,phases     ] GC(19)   Evacuate Collection Set: 14,8ms
[2024-05-25T21:52:25.643-0300][gc,phases     ] GC(19)   Post Evacuate Collection Set: 1,6ms
[2024-05-25T21:52:25.643-0300][gc,phases     ] GC(19)   Other: 0,4ms
[2024-05-25T21:52:25.643-0300][gc,heap       ] GC(19) Eden regions: 140->0(143)
[2024-05-25T21:52:25.643-0300][gc,heap       ] GC(19) Survivor regions: 5->6(19)
[2024-05-25T21:52:25.643-0300][gc,heap       ] GC(19) Old regions: 18->18
[2024-05-25T21:52:25.643-0300][gc,heap       ] GC(19) Humongous regions: 129->129
[2024-05-25T21:52:25.643-0300][gc,metaspace  ] GC(19) Metaspace: 45406K(48304K)->45406K(48304K) NonClass: 39588K(41136K)->39588K(41136K) Class: 5818K(7168K)->5818K(7168K)
[2024-05-25T21:52:25.643-0300][gc            ] GC(19) Pause Young (Normal) (G1 Evacuation Pause) 289M->150M(1024M) 17,120ms
[2024-05-25T21:52:25.643-0300][gc,cpu        ] GC(19) User=0,06s Sys=0,00s Real=0,02s
[2024-05-25T21:54:16.196-0300][gc,start      ] GC(20) Pause Young (Normal) (G1 Evacuation Pause)
[2024-05-25T21:54:16.196-0300][gc,task       ] GC(20) Using 4 workers of 4 for evacuation
[2024-05-25T21:54:16.205-0300][gc,phases     ] GC(20)   Pre Evacuate Collection Set: 0,0ms
[2024-05-25T21:54:16.205-0300][gc,phases     ] GC(20)   Evacuate Collection Set: 7,7ms
[2024-05-25T21:54:16.205-0300][gc,phases     ] GC(20)   Post Evacuate Collection Set: 0,8ms
[2024-05-25T21:54:16.205-0300][gc,phases     ] GC(20)   Other: 0,2ms
[2024-05-25T21:54:16.205-0300][gc,heap       ] GC(20) Eden regions: 143->0(148)
[2024-05-25T21:54:16.205-0300][gc,heap       ] GC(20) Survivor regions: 6->6(19)
[2024-05-25T21:54:16.205-0300][gc,heap       ] GC(20) Old regions: 18->18
[2024-05-25T21:54:16.205-0300][gc,heap       ] GC(20) Humongous regions: 129->129
[2024-05-25T21:54:16.205-0300][gc,metaspace  ] GC(20) Metaspace: 45450K(48304K)->45450K(48304K) NonClass: 39631K(41136K)->39631K(41136K) Class: 5819K(7168K)->5819K(7168K)
[2024-05-25T21:54:16.205-0300][gc            ] GC(20) Pause Young (Normal) (G1 Evacuation Pause) 293M->150M(1024M) 8,875ms
[2024-05-25T21:54:16.205-0300][gc,cpu        ] GC(20) User=0,03s Sys=0,00s Real=0,01s
[2024-05-25T22:04:51.043-0300][gc,start      ] GC(21) Pause Young (Normal) (G1 Evacuation Pause)
[2024-05-25T22:04:51.043-0300][gc,task       ] GC(21) Using 4 workers of 4 for evacuation
[2024-05-25T22:04:51.055-0300][gc,phases     ] GC(21)   Pre Evacuate Collection Set: 0,0ms
[2024-05-25T22:04:51.055-0300][gc,phases     ] GC(21)   Evacuate Collection Set: 10,9ms
[2024-05-25T22:04:51.055-0300][gc,phases     ] GC(21)   Post Evacuate Collection Set: 0,5ms
[2024-05-25T22:04:51.055-0300][gc,phases     ] GC(21)   Other: 0,2ms
[2024-05-25T22:04:51.055-0300][gc,heap       ] GC(21) Eden regions: 148->0(149)
[2024-05-25T22:04:51.055-0300][gc,heap       ] GC(21) Survivor regions: 6->10(20)
[2024-05-25T22:04:51.055-0300][gc,heap       ] GC(21) Old regions: 18->18
[2024-05-25T22:04:51.055-0300][gc,heap       ] GC(21) Humongous regions: 129->129
[2024-05-25T22:04:51.055-0300][gc,metaspace  ] GC(21) Metaspace: 46220K(49328K)->46220K(49328K) NonClass: 40401K(42160K)->40401K(42160K) Class: 5819K(7168K)->5819K(7168K)
[2024-05-25T22:04:51.055-0300][gc            ] GC(21) Pause Young (Normal) (G1 Evacuation Pause) 298M->154M(1024M) 11,686ms
[2024-05-25T22:04:51.055-0300][gc,cpu        ] GC(21) User=0,03s Sys=0,00s Real=0,01s
[2024-05-25T22:22:02.709-0300][gc,start      ] GC(22) Pause Young (Normal) (G1 Evacuation Pause)
[2024-05-25T22:22:02.709-0300][gc,task       ] GC(22) Using 4 workers of 4 for evacuation
[2024-05-25T22:22:02.725-0300][gc,phases     ] GC(22)   Pre Evacuate Collection Set: 0,0ms
[2024-05-25T22:22:02.725-0300][gc,phases     ] GC(22)   Evacuate Collection Set: 14,9ms
[2024-05-25T22:22:02.725-0300][gc,phases     ] GC(22)   Post Evacuate Collection Set: 0,6ms
[2024-05-25T22:22:02.725-0300][gc,phases     ] GC(22)   Other: 0,2ms
[2024-05-25T22:22:02.725-0300][gc,heap       ] GC(22) Eden regions: 149->0(120)
[2024-05-25T22:22:02.725-0300][gc,heap       ] GC(22) Survivor regions: 10->15(20)
[2024-05-25T22:22:02.725-0300][gc,heap       ] GC(22) Old regions: 18->19
[2024-05-25T22:22:02.725-0300][gc,heap       ] GC(22) Humongous regions: 129->129
[2024-05-25T22:22:02.725-0300][gc,metaspace  ] GC(22) Metaspace: 46362K(49328K)->46362K(49328K) NonClass: 40542K(42160K)->40542K(42160K) Class: 5819K(7168K)->5819K(7168K)
[2024-05-25T22:22:02.725-0300][gc            ] GC(22) Pause Young (Normal) (G1 Evacuation Pause) 303M->160M(1024M) 15,832ms
[2024-05-25T22:22:02.725-0300][gc,cpu        ] GC(22) User=0,05s Sys=0,00s Real=0,01s
[2024-05-25T22:35:25.387-0300][gc,start      ] GC(23) Pause Young (Normal) (G1 Evacuation Pause)
[2024-05-25T22:35:25.387-0300][gc,task       ] GC(23) Using 4 workers of 4 for evacuation
[2024-05-25T22:35:25.408-0300][gc,mmu        ] GC(23) MMU target violated: 20,9ms (20,0ms/21,0ms)
[2024-05-25T22:35:25.408-0300][gc,phases     ] GC(23)   Pre Evacuate Collection Set: 0,0ms
[2024-05-25T22:35:25.408-0300][gc,phases     ] GC(23)   Evacuate Collection Set: 20,2ms
[2024-05-25T22:35:25.408-0300][gc,phases     ] GC(23)   Post Evacuate Collection Set: 0,6ms
[2024-05-25T22:35:25.408-0300][gc,phases     ] GC(23)   Other: 0,2ms
[2024-05-25T22:35:25.408-0300][gc,heap       ] GC(23) Eden regions: 120->0(35)
[2024-05-25T22:35:25.408-0300][gc,heap       ] GC(23) Survivor regions: 15->16(17)
[2024-05-25T22:35:25.408-0300][gc,heap       ] GC(23) Old regions: 19->25
[2024-05-25T22:35:25.408-0300][gc,heap       ] GC(23) Humongous regions: 129->129
[2024-05-25T22:35:25.408-0300][gc,metaspace  ] GC(23) Metaspace: 46413K(49584K)->46413K(49584K) NonClass: 40589K(42416K)->40589K(42416K) Class: 5824K(7168K)->5824K(7168K)
[2024-05-25T22:35:25.408-0300][gc            ] GC(23) Pause Young (Normal) (G1 Evacuation Pause) 280M->168M(1024M) 21,035ms
[2024-05-25T22:35:25.408-0300][gc,cpu        ] GC(23) User=0,05s Sys=0,00s Real=0,02s
[2024-05-25T22:39:30.534-0300][gc,start      ] GC(24) Pause Young (Normal) (G1 Evacuation Pause)
[2024-05-25T22:39:30.534-0300][gc,task       ] GC(24) Using 4 workers of 4 for evacuation
[2024-05-25T22:39:30.572-0300][gc,mmu        ] GC(24) MMU target violated: 21,0ms (20,0ms/21,0ms)
[2024-05-25T22:39:30.572-0300][gc,phases     ] GC(24)   Pre Evacuate Collection Set: 0,1ms
[2024-05-25T22:39:30.572-0300][gc,phases     ] GC(24)   Evacuate Collection Set: 37,0ms
[2024-05-25T22:39:30.572-0300][gc,phases     ] GC(24)   Post Evacuate Collection Set: 0,7ms
[2024-05-25T22:39:30.572-0300][gc,phases     ] GC(24)   Other: 0,5ms
[2024-05-25T22:39:30.572-0300][gc,heap       ] GC(24) Eden regions: 35->0(124)
[2024-05-25T22:39:30.572-0300][gc,heap       ] GC(24) Survivor regions: 16->3(7)
[2024-05-25T22:39:30.572-0300][gc,heap       ] GC(24) Old regions: 25->39
[2024-05-25T22:39:30.572-0300][gc,heap       ] GC(24) Humongous regions: 129->129
[2024-05-25T22:39:30.572-0300][gc,metaspace  ] GC(24) Metaspace: 46440K(49584K)->46440K(49584K) NonClass: 40616K(42416K)->40616K(42416K) Class: 5824K(7168K)->5824K(7168K)
[2024-05-25T22:39:30.572-0300][gc            ] GC(24) Pause Young (Normal) (G1 Evacuation Pause) 203M->168M(1024M) 38,357ms
[2024-05-25T22:39:30.573-0300][gc,cpu        ] GC(24) User=0,12s Sys=0,01s Real=0,04s
[2024-05-25T22:53:50.273-0300][gc,start      ] GC(25) Pause Young (Normal) (G1 Evacuation Pause)
[2024-05-25T22:53:50.273-0300][gc,task       ] GC(25) Using 4 workers of 4 for evacuation
[2024-05-25T22:53:50.293-0300][gc,mmu        ] GC(25) MMU target violated: 20,8ms (20,0ms/21,0ms)
[2024-05-25T22:53:50.293-0300][gc,phases     ] GC(25)   Pre Evacuate Collection Set: 0,0ms
[2024-05-25T22:53:50.293-0300][gc,phases     ] GC(25)   Evacuate Collection Set: 19,9ms
[2024-05-25T22:53:50.293-0300][gc,phases     ] GC(25)   Post Evacuate Collection Set: 0,7ms
[2024-05-25T22:53:50.293-0300][gc,phases     ] GC(25)   Other: 0,2ms
[2024-05-25T22:53:50.293-0300][gc,heap       ] GC(25) Eden regions: 124->0(46)
[2024-05-25T22:53:50.293-0300][gc,heap       ] GC(25) Survivor regions: 3->10(16)
[2024-05-25T22:53:50.293-0300][gc,heap       ] GC(25) Old regions: 39->39
[2024-05-25T22:53:50.294-0300][gc,heap       ] GC(25) Humongous regions: 129->129
[2024-05-25T22:53:50.294-0300][gc,metaspace  ] GC(25) Metaspace: 46455K(49584K)->46455K(49584K) NonClass: 40630K(42416K)->40630K(42416K) Class: 5825K(7168K)->5825K(7168K)
[2024-05-25T22:53:50.294-0300][gc            ] GC(25) Pause Young (Normal) (G1 Evacuation Pause) 292M->176M(1024M) 20,962ms
[2024-05-25T22:53:50.294-0300][gc,cpu        ] GC(25) User=0,05s Sys=0,00s Real=0,02s
[2024-05-25T22:58:37.253-0300][gc,start      ] GC(26) Pause Young (Normal) (G1 Evacuation Pause)
[2024-05-25T22:58:37.253-0300][gc,task       ] GC(26) Using 4 workers of 4 for evacuation
[2024-05-25T22:58:37.278-0300][gc,mmu        ] GC(26) MMU target violated: 21,0ms (20,0ms/21,0ms)
[2024-05-25T22:58:37.278-0300][gc,phases     ] GC(26)   Pre Evacuate Collection Set: 0,0ms
[2024-05-25T22:58:37.278-0300][gc,phases     ] GC(26)   Evacuate Collection Set: 24,3ms
[2024-05-25T22:58:37.278-0300][gc,phases     ] GC(26)   Post Evacuate Collection Set: 0,4ms
[2024-05-25T22:58:37.278-0300][gc,phases     ] GC(26)   Other: 0,2ms
[2024-05-25T22:58:37.278-0300][gc,heap       ] GC(26) Eden regions: 41->0(60)
[2024-05-25T22:58:37.278-0300][gc,heap       ] GC(26) Survivor regions: 10->3(7)
[2024-05-25T22:58:37.278-0300][gc,heap       ] GC(26) Old regions: 39->49
[2024-05-25T22:58:37.278-0300][gc,heap       ] GC(26) Humongous regions: 129->129
[2024-05-25T22:58:37.278-0300][gc,metaspace  ] GC(26) Metaspace: 46461K(49584K)->46461K(49584K) NonClass: 40636K(42416K)->40636K(42416K) Class: 5825K(7168K)->5825K(7168K)
[2024-05-25T22:58:37.278-0300][gc            ] GC(26) Pause Young (Normal) (G1 Evacuation Pause) 217M->178M(1024M) 25,022ms
[2024-05-25T22:58:37.278-0300][gc,cpu        ] GC(26) User=0,04s Sys=0,00s Real=0,02s
[2024-05-25T23:04:36.043-0300][gc,start      ] GC(27) Pause Young (Normal) (G1 Evacuation Pause)
[2024-05-25T23:04:36.043-0300][gc,task       ] GC(27) Using 4 workers of 4 for evacuation
[2024-05-25T23:04:36.052-0300][gc,phases     ] GC(27)   Pre Evacuate Collection Set: 0,0ms
[2024-05-25T23:04:36.052-0300][gc,phases     ] GC(27)   Evacuate Collection Set: 8,2ms
[2024-05-25T23:04:36.052-0300][gc,phases     ] GC(27)   Post Evacuate Collection Set: 0,3ms
[2024-05-25T23:04:36.052-0300][gc,phases     ] GC(27)   Other: 0,2ms
[2024-05-25T23:04:36.052-0300][gc,heap       ] GC(27) Eden regions: 49->0(53)
[2024-05-25T23:04:36.052-0300][gc,heap       ] GC(27) Survivor regions: 3->7(7)
[2024-05-25T23:04:36.052-0300][gc,heap       ] GC(27) Old regions: 49->49
[2024-05-25T23:04:36.052-0300][gc,heap       ] GC(27) Humongous regions: 129->129
[2024-05-25T23:04:36.052-0300][gc,metaspace  ] GC(27) Metaspace: 46461K(49584K)->46461K(49584K) NonClass: 40636K(42416K)->40636K(42416K) Class: 5825K(7168K)->5825K(7168K)
[2024-05-25T23:04:36.052-0300][gc            ] GC(27) Pause Young (Normal) (G1 Evacuation Pause) 227M->182M(1024M) 8,791ms
[2024-05-25T23:04:36.052-0300][gc,cpu        ] GC(27) User=0,02s Sys=0,00s Real=0,01s
[2024-05-25T23:10:33.627-0300][gc,start      ] GC(28) Pause Young (Normal) (G1 Evacuation Pause)
[2024-05-25T23:10:33.627-0300][gc,task       ] GC(28) Using 4 workers of 4 for evacuation
[2024-05-25T23:10:33.643-0300][gc,phases     ] GC(28)   Pre Evacuate Collection Set: 0,0ms
[2024-05-25T23:10:33.643-0300][gc,phases     ] GC(28)   Evacuate Collection Set: 14,4ms
[2024-05-25T23:10:33.643-0300][gc,phases     ] GC(28)   Post Evacuate Collection Set: 0,9ms
[2024-05-25T23:10:33.643-0300][gc,phases     ] GC(28)   Other: 0,2ms
[2024-05-25T23:10:33.643-0300][gc,heap       ] GC(28) Eden regions: 51->0(55)
[2024-05-25T23:10:33.643-0300][gc,heap       ] GC(28) Survivor regions: 7->7(8)
[2024-05-25T23:10:33.643-0300][gc,heap       ] GC(28) Old regions: 49->52
[2024-05-25T23:10:33.643-0300][gc,heap       ] GC(28) Humongous regions: 129->129
[2024-05-25T23:10:33.643-0300][gc,metaspace  ] GC(28) Metaspace: 46484K(49584K)->46484K(49584K) NonClass: 40659K(42416K)->40659K(42416K) Class: 5825K(7168K)->5825K(7168K)
[2024-05-25T23:10:33.643-0300][gc            ] GC(28) Pause Young (Normal) (G1 Evacuation Pause) 233M->185M(1024M) 15,582ms
[2024-05-25T23:10:33.643-0300][gc,cpu        ] GC(28) User=0,03s Sys=0,00s Real=0,02s
[2024-05-25T23:16:29.757-0300][gc,start      ] GC(29) Pause Young (Normal) (G1 Evacuation Pause)
[2024-05-25T23:16:29.757-0300][gc,task       ] GC(29) Using 4 workers of 4 for evacuation
[2024-05-25T23:16:29.772-0300][gc,phases     ] GC(29)   Pre Evacuate Collection Set: 0,0ms
[2024-05-25T23:16:29.772-0300][gc,phases     ] GC(29)   Evacuate Collection Set: 13,7ms
[2024-05-25T23:16:29.772-0300][gc,phases     ] GC(29)   Post Evacuate Collection Set: 0,4ms
[2024-05-25T23:16:29.772-0300][gc,phases     ] GC(29)   Other: 0,2ms
[2024-05-25T23:16:29.772-0300][gc,heap       ] GC(29) Eden regions: 51->0(59)
[2024-05-25T23:16:29.772-0300][gc,heap       ] GC(29) Survivor regions: 7->7(8)
[2024-05-25T23:16:29.772-0300][gc,heap       ] GC(29) Old regions: 52->55
[2024-05-25T23:16:29.772-0300][gc,heap       ] GC(29) Humongous regions: 129->129
[2024-05-25T23:16:29.772-0300][gc,metaspace  ] GC(29) Metaspace: 46490K(49584K)->46490K(49584K) NonClass: 40664K(42416K)->40664K(42416K) Class: 5825K(7168K)->5825K(7168K)
[2024-05-25T23:16:29.772-0300][gc            ] GC(29) Pause Young (Normal) (G1 Evacuation Pause) 236M->189M(1024M) 14,403ms
[2024-05-25T23:16:29.772-0300][gc,cpu        ] GC(29) User=0,03s Sys=0,00s Real=0,02s
[2024-05-25T23:22:40.387-0300][gc,start      ] GC(30) Pause Young (Normal) (G1 Evacuation Pause)
[2024-05-25T23:22:40.387-0300][gc,task       ] GC(30) Using 4 workers of 4 for evacuation
[2024-05-25T23:22:40.404-0300][gc,phases     ] GC(30)   Pre Evacuate Collection Set: 0,0ms
[2024-05-25T23:22:40.404-0300][gc,phases     ] GC(30)   Evacuate Collection Set: 16,1ms
[2024-05-25T23:22:40.404-0300][gc,phases     ] GC(30)   Post Evacuate Collection Set: 0,3ms
[2024-05-25T23:22:40.404-0300][gc,phases     ] GC(30)   Other: 0,2ms
[2024-05-25T23:22:40.404-0300][gc,heap       ] GC(30) Eden regions: 53->0(59)
[2024-05-25T23:22:40.404-0300][gc,heap       ] GC(30) Survivor regions: 7->7(8)
[2024-05-25T23:22:40.404-0300][gc,heap       ] GC(30) Old regions: 55->58
[2024-05-25T23:22:40.404-0300][gc,heap       ] GC(30) Humongous regions: 129->129
[2024-05-25T23:22:40.404-0300][gc,metaspace  ] GC(30) Metaspace: 46490K(49584K)->46490K(49584K) NonClass: 40664K(42416K)->40664K(42416K) Class: 5825K(7168K)->5825K(7168K)
[2024-05-25T23:22:40.404-0300][gc            ] GC(30) Pause Young (Normal) (G1 Evacuation Pause) 242M->192M(1024M) 16,620ms
[2024-05-25T23:22:40.404-0300][gc,cpu        ] GC(30) User=0,03s Sys=0,01s Real=0,02s
[2024-05-25T23:29:21.043-0300][gc,start      ] GC(31) Pause Young (Normal) (G1 Evacuation Pause)
[2024-05-25T23:29:21.043-0300][gc,task       ] GC(31) Using 4 workers of 4 for evacuation
[2024-05-25T23:29:21.056-0300][gc,phases     ] GC(31)   Pre Evacuate Collection Set: 0,0ms
[2024-05-25T23:29:21.056-0300][gc,phases     ] GC(31)   Evacuate Collection Set: 12,4ms
[2024-05-25T23:29:21.056-0300][gc,phases     ] GC(31)   Post Evacuate Collection Set: 0,4ms
[2024-05-25T23:29:21.056-0300][gc,phases     ] GC(31)   Other: 0,2ms
[2024-05-25T23:29:21.056-0300][gc,heap       ] GC(31) Eden regions: 57->0(60)
[2024-05-25T23:29:21.056-0300][gc,heap       ] GC(31) Survivor regions: 7->8(8)
[2024-05-25T23:29:21.056-0300][gc,heap       ] GC(31) Old regions: 58->62
[2024-05-25T23:29:21.056-0300][gc,heap       ] GC(31) Humongous regions: 129->129
[2024-05-25T23:29:21.056-0300][gc,metaspace  ] GC(31) Metaspace: 46491K(49584K)->46491K(49584K) NonClass: 40666K(42416K)->40666K(42416K) Class: 5825K(7168K)->5825K(7168K)
[2024-05-25T23:29:21.056-0300][gc            ] GC(31) Pause Young (Normal) (G1 Evacuation Pause) 249M->197M(1024M) 13,134ms
[2024-05-25T23:29:21.056-0300][gc,cpu        ] GC(31) User=0,02s Sys=0,00s Real=0,01s
[2024-05-25T23:35:36.044-0300][gc,start      ] GC(32) Pause Young (Normal) (G1 Evacuation Pause)
[2024-05-25T23:35:36.044-0300][gc,task       ] GC(32) Using 4 workers of 4 for evacuation
[2024-05-25T23:35:36.076-0300][gc,mmu        ] GC(32) MMU target violated: 21,0ms (20,0ms/21,0ms)
[2024-05-25T23:35:36.076-0300][gc,phases     ] GC(32)   Pre Evacuate Collection Set: 0,0ms
[2024-05-25T23:35:36.076-0300][gc,phases     ] GC(32)   Evacuate Collection Set: 31,6ms
[2024-05-25T23:35:36.076-0300][gc,phases     ] GC(32)   Post Evacuate Collection Set: 0,4ms
[2024-05-25T23:35:36.076-0300][gc,phases     ] GC(32)   Other: 0,2ms
[2024-05-25T23:35:36.076-0300][gc,heap       ] GC(32) Eden regions: 57->0(55)
[2024-05-25T23:35:36.076-0300][gc,heap       ] GC(32) Survivor regions: 8->9(9)
[2024-05-25T23:35:36.076-0300][gc,heap       ] GC(32) Old regions: 62->68
[2024-05-25T23:35:36.076-0300][gc,heap       ] GC(32) Humongous regions: 129->129
[2024-05-25T23:35:36.076-0300][gc,metaspace  ] GC(32) Metaspace: 46496K(49584K)->46496K(49584K) NonClass: 40671K(42416K)->40671K(42416K) Class: 5825K(7168K)->5825K(7168K)
[2024-05-25T23:35:36.076-0300][gc            ] GC(32) Pause Young (Normal) (G1 Evacuation Pause) 254M->204M(1024M) 32,268ms
[2024-05-25T23:35:36.076-0300][gc,cpu        ] GC(32) User=0,06s Sys=0,01s Real=0,03s
[2024-05-25T23:42:10.117-0300][gc,start      ] GC(33) Pause Young (Normal) (G1 Evacuation Pause)
[2024-05-25T23:42:10.117-0300][gc,task       ] GC(33) Using 4 workers of 4 for evacuation
[2024-05-25T23:42:10.128-0300][gc,phases     ] GC(33)   Pre Evacuate Collection Set: 0,0ms
[2024-05-25T23:42:10.128-0300][gc,phases     ] GC(33)   Evacuate Collection Set: 10,9ms
[2024-05-25T23:42:10.128-0300][gc,phases     ] GC(33)   Post Evacuate Collection Set: 0,3ms
[2024-05-25T23:42:10.128-0300][gc,phases     ] GC(33)   Other: 0,2ms
[2024-05-25T23:42:10.128-0300][gc,heap       ] GC(33) Eden regions: 55->0(64)
[2024-05-25T23:42:10.128-0300][gc,heap       ] GC(33) Survivor regions: 9->3(8)
[2024-05-25T23:42:10.128-0300][gc,heap       ] GC(33) Old regions: 68->76
[2024-05-25T23:42:10.128-0300][gc,heap       ] GC(33) Humongous regions: 129->129
[2024-05-25T23:42:10.128-0300][gc,metaspace  ] GC(33) Metaspace: 46518K(49584K)->46518K(49584K) NonClass: 40693K(42416K)->40693K(42416K) Class: 5825K(7168K)->5825K(7168K)
[2024-05-25T23:42:10.128-0300][gc            ] GC(33) Pause Young (Normal) (G1 Evacuation Pause) 259M->205M(1024M) 11,505ms
[2024-05-25T23:42:10.128-0300][gc,cpu        ] GC(33) User=0,03s Sys=0,00s Real=0,01s
[2024-05-25T23:49:38.075-0300][gc,start      ] GC(34) Pause Young (Normal) (G1 Evacuation Pause)
[2024-05-25T23:49:38.075-0300][gc,task       ] GC(34) Using 4 workers of 4 for evacuation
[2024-05-25T23:49:38.083-0300][gc,phases     ] GC(34)   Pre Evacuate Collection Set: 0,0ms
[2024-05-25T23:49:38.083-0300][gc,phases     ] GC(34)   Evacuate Collection Set: 7,5ms
[2024-05-25T23:49:38.083-0300][gc,phases     ] GC(34)   Post Evacuate Collection Set: 0,3ms
[2024-05-25T23:49:38.083-0300][gc,phases     ] GC(34)   Other: 0,2ms
[2024-05-25T23:49:38.083-0300][gc,heap       ] GC(34) Eden regions: 64->0(65)
[2024-05-25T23:49:38.083-0300][gc,heap       ] GC(34) Survivor regions: 3->7(9)
[2024-05-25T23:49:38.083-0300][gc,heap       ] GC(34) Old regions: 76->76
[2024-05-25T23:49:38.083-0300][gc,heap       ] GC(34) Humongous regions: 129->129
[2024-05-25T23:49:38.083-0300][gc,metaspace  ] GC(34) Metaspace: 46525K(49584K)->46525K(49584K) NonClass: 40700K(42416K)->40700K(42416K) Class: 5825K(7168K)->5825K(7168K)
[2024-05-25T23:49:38.083-0300][gc            ] GC(34) Pause Young (Normal) (G1 Evacuation Pause) 269M->209M(1024M) 8,044ms
[2024-05-25T23:49:38.083-0300][gc,cpu        ] GC(34) User=0,02s Sys=0,00s Real=0,01s
[2024-05-25T23:52:03.387-0300][gc,start      ] GC(35) Pause Young (Normal) (G1 Evacuation Pause)
[2024-05-25T23:52:03.387-0300][gc,task       ] GC(35) Using 4 workers of 4 for evacuation
[2024-05-25T23:52:03.416-0300][gc,mmu        ] GC(35) MMU target violated: 21,0ms (20,0ms/21,0ms)
[2024-05-25T23:52:03.416-0300][gc,phases     ] GC(35)   Pre Evacuate Collection Set: 0,1ms
[2024-05-25T23:52:03.416-0300][gc,phases     ] GC(35)   Evacuate Collection Set: 27,3ms
[2024-05-25T23:52:03.416-0300][gc,phases     ] GC(35)   Post Evacuate Collection Set: 0,6ms
[2024-05-25T23:52:03.416-0300][gc,phases     ] GC(35)   Other: 0,5ms
[2024-05-25T23:52:03.416-0300][gc,heap       ] GC(35) Eden regions: 65->0(47)
[2024-05-25T23:52:03.416-0300][gc,heap       ] GC(35) Survivor regions: 7->9(9)
[2024-05-25T23:52:03.416-0300][gc,heap       ] GC(35) Old regions: 76->78
[2024-05-25T23:52:03.416-0300][gc,heap       ] GC(35) Humongous regions: 129->129
[2024-05-25T23:52:03.416-0300][gc,metaspace  ] GC(35) Metaspace: 46526K(49584K)->46526K(49584K) NonClass: 40701K(42416K)->40701K(42416K) Class: 5825K(7168K)->5825K(7168K)
[2024-05-25T23:52:03.416-0300][gc            ] GC(35) Pause Young (Normal) (G1 Evacuation Pause) 274M->213M(1024M) 28,640ms
[2024-05-25T23:52:03.416-0300][gc,cpu        ] GC(35) User=0,09s Sys=0,00s Real=0,03s
[2024-05-25T23:52:28.407-0300][gc,start      ] GC(36) Pause Young (Normal) (G1 Evacuation Pause)
[2024-05-25T23:52:28.407-0300][gc,task       ] GC(36) Using 4 workers of 4 for evacuation
[2024-05-25T23:52:28.436-0300][gc,mmu        ] GC(36) MMU target violated: 21,0ms (20,0ms/21,0ms)
[2024-05-25T23:52:28.436-0300][gc,phases     ] GC(36)   Pre Evacuate Collection Set: 0,1ms
[2024-05-25T23:52:28.436-0300][gc,phases     ] GC(36)   Evacuate Collection Set: 28,6ms
[2024-05-25T23:52:28.436-0300][gc,phases     ] GC(36)   Post Evacuate Collection Set: 0,8ms
[2024-05-25T23:52:28.436-0300][gc,phases     ] GC(36)   Other: 0,5ms
[2024-05-25T23:52:28.436-0300][gc,heap       ] GC(36) Eden regions: 42->0(55)
[2024-05-25T23:52:28.437-0300][gc,heap       ] GC(36) Survivor regions: 9->2(7)
[2024-05-25T23:52:28.437-0300][gc,heap       ] GC(36) Old regions: 78->86
[2024-05-25T23:52:28.437-0300][gc,heap       ] GC(36) Humongous regions: 129->129
[2024-05-25T23:52:28.437-0300][gc,metaspace  ] GC(36) Metaspace: 46526K(49584K)->46526K(49584K) NonClass: 40701K(42416K)->40701K(42416K) Class: 5825K(7168K)->5825K(7168K)
[2024-05-25T23:52:28.437-0300][gc            ] GC(36) Pause Young (Normal) (G1 Evacuation Pause) 255M->215M(1024M) 30,077ms
[2024-05-25T23:52:28.437-0300][gc,cpu        ] GC(36) User=0,10s Sys=0,02s Real=0,03s
[2024-05-25T23:53:07.924-0300][gc,start      ] GC(37) Pause Young (Normal) (G1 Evacuation Pause)
[2024-05-25T23:53:07.924-0300][gc,task       ] GC(37) Using 4 workers of 4 for evacuation
[2024-05-25T23:53:07.936-0300][gc,phases     ] GC(37)   Pre Evacuate Collection Set: 0,1ms
[2024-05-25T23:53:07.936-0300][gc,phases     ] GC(37)   Evacuate Collection Set: 10,9ms
[2024-05-25T23:53:07.936-0300][gc,phases     ] GC(37)   Post Evacuate Collection Set: 1,0ms
[2024-05-25T23:53:07.936-0300][gc,phases     ] GC(37)   Other: 0,4ms
[2024-05-25T23:53:07.936-0300][gc,heap       ] GC(37) Eden regions: 55->0(54)
[2024-05-25T23:53:07.936-0300][gc,heap       ] GC(37) Survivor regions: 2->3(8)
[2024-05-25T23:53:07.936-0300][gc,heap       ] GC(37) Old regions: 86->86
[2024-05-25T23:53:07.936-0300][gc,heap       ] GC(37) Humongous regions: 129->129
[2024-05-25T23:53:07.936-0300][gc,metaspace  ] GC(37) Metaspace: 46526K(49584K)->46526K(49584K) NonClass: 40701K(42416K)->40701K(42416K) Class: 5825K(7168K)->5825K(7168K)
[2024-05-25T23:53:07.937-0300][gc            ] GC(37) Pause Young (Normal) (G1 Evacuation Pause) 270M->216M(1024M) 12,659ms
[2024-05-25T23:53:07.937-0300][gc,cpu        ] GC(37) User=0,05s Sys=0,00s Real=0,01s
[2024-05-25T23:53:42.075-0300][gc,start      ] GC(38) Pause Young (Normal) (G1 Evacuation Pause)
[2024-05-25T23:53:42.076-0300][gc,task       ] GC(38) Using 4 workers of 4 for evacuation
[2024-05-25T23:53:42.088-0300][gc,phases     ] GC(38)   Pre Evacuate Collection Set: 0,1ms
[2024-05-25T23:53:42.088-0300][gc,phases     ] GC(38)   Evacuate Collection Set: 11,6ms
[2024-05-25T23:53:42.088-0300][gc,phases     ] GC(38)   Post Evacuate Collection Set: 0,9ms
[2024-05-25T23:53:42.089-0300][gc,phases     ] GC(38)   Other: 0,4ms
[2024-05-25T23:53:42.089-0300][gc,heap       ] GC(38) Eden regions: 54->0(54)
[2024-05-25T23:53:42.089-0300][gc,heap       ] GC(38) Survivor regions: 3->4(8)
[2024-05-25T23:53:42.089-0300][gc,heap       ] GC(38) Old regions: 86->86
[2024-05-25T23:53:42.089-0300][gc,heap       ] GC(38) Humongous regions: 129->129
[2024-05-25T23:53:42.089-0300][gc,metaspace  ] GC(38) Metaspace: 46526K(49584K)->46526K(49584K) NonClass: 40701K(42416K)->40701K(42416K) Class: 5825K(7168K)->5825K(7168K)
[2024-05-25T23:53:42.089-0300][gc            ] GC(38) Pause Young (Normal) (G1 Evacuation Pause) 270M->217M(1024M) 13,220ms
[2024-05-25T23:53:42.089-0300][gc,cpu        ] GC(38) User=0,04s Sys=0,00s Real=0,02s
[2024-05-25T23:54:22.507-0300][gc,start      ] GC(39) Pause Young (Normal) (G1 Evacuation Pause)
[2024-05-25T23:54:22.507-0300][gc,task       ] GC(39) Using 4 workers of 4 for evacuation
[2024-05-25T23:54:22.522-0300][gc,phases     ] GC(39)   Pre Evacuate Collection Set: 0,1ms
[2024-05-25T23:54:22.522-0300][gc,phases     ] GC(39)   Evacuate Collection Set: 14,3ms
[2024-05-25T23:54:22.522-0300][gc,phases     ] GC(39)   Post Evacuate Collection Set: 0,9ms
[2024-05-25T23:54:22.523-0300][gc,phases     ] GC(39)   Other: 0,4ms
[2024-05-25T23:54:22.523-0300][gc,heap       ] GC(39) Eden regions: 54->0(54)
[2024-05-25T23:54:22.523-0300][gc,heap       ] GC(39) Survivor regions: 4->5(8)
[2024-05-25T23:54:22.523-0300][gc,heap       ] GC(39) Old regions: 86->86
[2024-05-25T23:54:22.523-0300][gc,heap       ] GC(39) Humongous regions: 129->129
[2024-05-25T23:54:22.523-0300][gc,metaspace  ] GC(39) Metaspace: 46526K(49584K)->46526K(49584K) NonClass: 40701K(42416K)->40701K(42416K) Class: 5825K(7168K)->5825K(7168K)
[2024-05-25T23:54:22.523-0300][gc            ] GC(39) Pause Young (Normal) (G1 Evacuation Pause) 271M->218M(1024M) 15,960ms
[2024-05-25T23:54:22.523-0300][gc,cpu        ] GC(39) User=0,06s Sys=0,00s Real=0,02s
[2024-05-25T23:54:57.453-0300][gc,start      ] GC(40) Pause Young (Normal) (G1 Evacuation Pause)
[2024-05-25T23:54:57.453-0300][gc,task       ] GC(40) Using 4 workers of 4 for evacuation
[2024-05-25T23:54:57.471-0300][gc,phases     ] GC(40)   Pre Evacuate Collection Set: 0,1ms
[2024-05-25T23:54:57.471-0300][gc,phases     ] GC(40)   Evacuate Collection Set: 16,3ms
[2024-05-25T23:54:57.471-0300][gc,phases     ] GC(40)   Post Evacuate Collection Set: 0,9ms
[2024-05-25T23:54:57.471-0300][gc,phases     ] GC(40)   Other: 0,5ms
[2024-05-25T23:54:57.471-0300][gc,heap       ] GC(40) Eden regions: 54->0(54)
[2024-05-25T23:54:57.471-0300][gc,heap       ] GC(40) Survivor regions: 5->5(8)
[2024-05-25T23:54:57.471-0300][gc,heap       ] GC(40) Old regions: 86->87
[2024-05-25T23:54:57.471-0300][gc,heap       ] GC(40) Humongous regions: 129->129
[2024-05-25T23:54:57.471-0300][gc,metaspace  ] GC(40) Metaspace: 46526K(49584K)->46526K(49584K) NonClass: 40701K(42416K)->40701K(42416K) Class: 5825K(7168K)->5825K(7168K)
[2024-05-25T23:54:57.471-0300][gc            ] GC(40) Pause Young (Normal) (G1 Evacuation Pause) 272M->219M(1024M) 17,977ms
[2024-05-25T23:54:57.471-0300][gc,cpu        ] GC(40) User=0,06s Sys=0,00s Real=0,02s
[2024-05-25T23:55:36.538-0300][gc,start      ] GC(41) Pause Young (Normal) (G1 Evacuation Pause)
[2024-05-25T23:55:36.538-0300][gc,task       ] GC(41) Using 4 workers of 4 for evacuation
[2024-05-25T23:55:36.544-0300][gc,phases     ] GC(41)   Pre Evacuate Collection Set: 0,1ms
[2024-05-25T23:55:36.544-0300][gc,phases     ] GC(41)   Evacuate Collection Set: 5,7ms
[2024-05-25T23:55:36.544-0300][gc,phases     ] GC(41)   Post Evacuate Collection Set: 0,3ms
[2024-05-25T23:55:36.544-0300][gc,phases     ] GC(41)   Other: 0,3ms
[2024-05-25T23:55:36.544-0300][gc,heap       ] GC(41) Eden regions: 54->0(59)
[2024-05-25T23:55:36.544-0300][gc,heap       ] GC(41) Survivor regions: 5->5(8)
[2024-05-25T23:55:36.544-0300][gc,heap       ] GC(41) Old regions: 87->89
[2024-05-25T23:55:36.544-0300][gc,heap       ] GC(41) Humongous regions: 129->129
[2024-05-25T23:55:36.544-0300][gc,metaspace  ] GC(41) Metaspace: 46526K(49584K)->46526K(49584K) NonClass: 40701K(42416K)->40701K(42416K) Class: 5825K(7168K)->5825K(7168K)
[2024-05-25T23:55:36.544-0300][gc            ] GC(41) Pause Young (Normal) (G1 Evacuation Pause) 273M->220M(1024M) 6,478ms
[2024-05-25T23:55:36.544-0300][gc,cpu        ] GC(41) User=0,01s Sys=0,00s Real=0,01s
[2024-05-25T23:56:13.007-0300][gc,start      ] GC(42) Pause Young (Normal) (G1 Evacuation Pause)
[2024-05-25T23:56:13.007-0300][gc,task       ] GC(42) Using 4 workers of 4 for evacuation
[2024-05-25T23:56:13.024-0300][gc,phases     ] GC(42)   Pre Evacuate Collection Set: 0,1ms
[2024-05-25T23:56:13.024-0300][gc,phases     ] GC(42)   Evacuate Collection Set: 15,1ms
[2024-05-25T23:56:13.024-0300][gc,phases     ] GC(42)   Post Evacuate Collection Set: 1,0ms
[2024-05-25T23:56:13.024-0300][gc,phases     ] GC(42)   Other: 0,4ms
[2024-05-25T23:56:13.024-0300][gc,heap       ] GC(42) Eden regions: 59->0(59)
[2024-05-25T23:56:13.024-0300][gc,heap       ] GC(42) Survivor regions: 5->6(8)
[2024-05-25T23:56:13.024-0300][gc,heap       ] GC(42) Old regions: 89->89
[2024-05-25T23:56:13.024-0300][gc,heap       ] GC(42) Humongous regions: 129->129
[2024-05-25T23:56:13.024-0300][gc,metaspace  ] GC(42) Metaspace: 46526K(49584K)->46526K(49584K) NonClass: 40701K(42416K)->40701K(42416K) Class: 5825K(7168K)->5825K(7168K)
[2024-05-25T23:56:13.024-0300][gc            ] GC(42) Pause Young (Normal) (G1 Evacuation Pause) 279M->221M(1024M) 16,789ms
[2024-05-25T23:56:13.024-0300][gc,cpu        ] GC(42) User=0,06s Sys=0,00s Real=0,02s
[2024-05-25T23:56:53.985-0300][gc,start      ] GC(43) Pause Young (Normal) (G1 Evacuation Pause)
[2024-05-25T23:56:53.985-0300][gc,task       ] GC(43) Using 4 workers of 4 for evacuation
[2024-05-25T23:56:54.004-0300][gc,phases     ] GC(43)   Pre Evacuate Collection Set: 0,1ms
[2024-05-25T23:56:54.004-0300][gc,phases     ] GC(43)   Evacuate Collection Set: 18,0ms
[2024-05-25T23:56:54.004-0300][gc,phases     ] GC(43)   Post Evacuate Collection Set: 0,6ms
[2024-05-25T23:56:54.004-0300][gc,phases     ] GC(43)   Other: 0,4ms
[2024-05-25T23:56:54.004-0300][gc,heap       ] GC(43) Eden regions: 57->0(57)
[2024-05-25T23:56:54.004-0300][gc,heap       ] GC(43) Survivor regions: 6->5(8)
[2024-05-25T23:56:54.004-0300][gc,heap       ] GC(43) Old regions: 89->90
[2024-05-25T23:56:54.004-0300][gc,heap       ] GC(43) Humongous regions: 129->129
[2024-05-25T23:56:54.004-0300][gc,metaspace  ] GC(43) Metaspace: 46526K(49584K)->46526K(49584K) NonClass: 40701K(42416K)->40701K(42416K) Class: 5825K(7168K)->5825K(7168K)
[2024-05-25T23:56:54.004-0300][gc            ] GC(43) Pause Young (Normal) (G1 Evacuation Pause) 278M->221M(1024M) 19,194ms
[2024-05-25T23:56:54.004-0300][gc,cpu        ] GC(43) User=0,07s Sys=0,00s Real=0,02s
[2024-05-25T23:57:26.991-0300][gc,start      ] GC(44) Pause Young (Normal) (G1 Evacuation Pause)
[2024-05-25T23:57:26.991-0300][gc,task       ] GC(44) Using 4 workers of 4 for evacuation
[2024-05-25T23:57:27.005-0300][gc,phases     ] GC(44)   Pre Evacuate Collection Set: 0,0ms
[2024-05-25T23:57:27.005-0300][gc,phases     ] GC(44)   Evacuate Collection Set: 12,6ms
[2024-05-25T23:57:27.005-0300][gc,phases     ] GC(44)   Post Evacuate Collection Set: 0,8ms
[2024-05-25T23:57:27.005-0300][gc,phases     ] GC(44)   Other: 0,3ms
[2024-05-25T23:57:27.005-0300][gc,heap       ] GC(44) Eden regions: 54->0(59)
[2024-05-25T23:57:27.005-0300][gc,heap       ] GC(44) Survivor regions: 5->6(8)
[2024-05-25T23:57:27.005-0300][gc,heap       ] GC(44) Old regions: 90->91
[2024-05-25T23:57:27.005-0300][gc,heap       ] GC(44) Humongous regions: 129->129
[2024-05-25T23:57:27.005-0300][gc,metaspace  ] GC(44) Metaspace: 46526K(49584K)->46526K(49584K) NonClass: 40701K(42416K)->40701K(42416K) Class: 5825K(7168K)->5825K(7168K)
[2024-05-25T23:57:27.005-0300][gc            ] GC(44) Pause Young (Normal) (G1 Evacuation Pause) 275M->223M(1024M) 13,933ms
[2024-05-25T23:57:27.005-0300][gc,cpu        ] GC(44) User=0,02s Sys=0,01s Real=0,01s
[2024-05-25T23:58:01.828-0300][gc,start      ] GC(45) Pause Young (Normal) (G1 Evacuation Pause)
[2024-05-25T23:58:01.828-0300][gc,task       ] GC(45) Using 4 workers of 4 for evacuation
[2024-05-25T23:58:01.837-0300][gc,phases     ] GC(45)   Pre Evacuate Collection Set: 0,0ms
[2024-05-25T23:58:01.837-0300][gc,phases     ] GC(45)   Evacuate Collection Set: 8,0ms
[2024-05-25T23:58:01.837-0300][gc,phases     ] GC(45)   Post Evacuate Collection Set: 0,4ms
[2024-05-25T23:58:01.837-0300][gc,phases     ] GC(45)   Other: 0,2ms
[2024-05-25T23:58:01.837-0300][gc,heap       ] GC(45) Eden regions: 58->0(63)
[2024-05-25T23:58:01.837-0300][gc,heap       ] GC(45) Survivor regions: 6->5(8)
[2024-05-25T23:58:01.837-0300][gc,heap       ] GC(45) Old regions: 91->92
[2024-05-25T23:58:01.837-0300][gc,heap       ] GC(45) Humongous regions: 129->129
[2024-05-25T23:58:01.837-0300][gc,metaspace  ] GC(45) Metaspace: 46526K(49584K)->46526K(49584K) NonClass: 40701K(42416K)->40701K(42416K) Class: 5825K(7168K)->5825K(7168K)
[2024-05-25T23:58:01.837-0300][gc            ] GC(45) Pause Young (Normal) (G1 Evacuation Pause) 281M->223M(1024M) 8,754ms
[2024-05-25T23:58:01.837-0300][gc,cpu        ] GC(45) User=0,02s Sys=0,00s Real=0,01s
[2024-05-25T23:58:46.679-0300][gc,start      ] GC(46) Pause Young (Normal) (G1 Evacuation Pause)
[2024-05-25T23:58:46.679-0300][gc,task       ] GC(46) Using 4 workers of 4 for evacuation
[2024-05-25T23:58:46.687-0300][gc,phases     ] GC(46)   Pre Evacuate Collection Set: 0,0ms
[2024-05-25T23:58:46.687-0300][gc,phases     ] GC(46)   Evacuate Collection Set: 7,1ms
[2024-05-25T23:58:46.687-0300][gc,phases     ] GC(46)   Post Evacuate Collection Set: 0,4ms
[2024-05-25T23:58:46.687-0300][gc,phases     ] GC(46)   Other: 0,2ms
[2024-05-25T23:58:46.687-0300][gc,heap       ] GC(46) Eden regions: 63->0(67)
[2024-05-25T23:58:46.687-0300][gc,heap       ] GC(46) Survivor regions: 5->5(9)
[2024-05-25T23:58:46.687-0300][gc,heap       ] GC(46) Old regions: 92->93
[2024-05-25T23:58:46.687-0300][gc,heap       ] GC(46) Humongous regions: 129->129
[2024-05-25T23:58:46.687-0300][gc,metaspace  ] GC(46) Metaspace: 46526K(49584K)->46526K(49584K) NonClass: 40701K(42416K)->40701K(42416K) Class: 5825K(7168K)->5825K(7168K)
[2024-05-25T23:58:46.687-0300][gc            ] GC(46) Pause Young (Normal) (G1 Evacuation Pause) 286M->224M(1024M) 7,864ms
[2024-05-25T23:58:46.687-0300][gc,cpu        ] GC(46) User=0,03s Sys=0,00s Real=0,01s
[2024-05-25T23:59:33.513-0300][gc,start      ] GC(47) Pause Young (Normal) (G1 Evacuation Pause)
[2024-05-25T23:59:33.513-0300][gc,task       ] GC(47) Using 4 workers of 4 for evacuation
[2024-05-25T23:59:33.523-0300][gc,phases     ] GC(47)   Pre Evacuate Collection Set: 0,0ms
[2024-05-25T23:59:33.523-0300][gc,phases     ] GC(47)   Evacuate Collection Set: 9,5ms
[2024-05-25T23:59:33.523-0300][gc,phases     ] GC(47)   Post Evacuate Collection Set: 0,4ms
[2024-05-25T23:59:33.523-0300][gc,phases     ] GC(47)   Other: 0,2ms
[2024-05-25T23:59:33.523-0300][gc,heap       ] GC(47) Eden regions: 67->0(72)
[2024-05-25T23:59:33.523-0300][gc,heap       ] GC(47) Survivor regions: 5->6(9)
[2024-05-25T23:59:33.523-0300][gc,heap       ] GC(47) Old regions: 93->94
[2024-05-25T23:59:33.523-0300][gc,heap       ] GC(47) Humongous regions: 129->129
[2024-05-25T23:59:33.523-0300][gc,metaspace  ] GC(47) Metaspace: 46526K(49584K)->46526K(49584K) NonClass: 40701K(42416K)->40701K(42416K) Class: 5825K(7168K)->5825K(7168K)
[2024-05-25T23:59:33.523-0300][gc            ] GC(47) Pause Young (Normal) (G1 Evacuation Pause) 291M->226M(1024M) 10,245ms
[2024-05-25T23:59:33.523-0300][gc,cpu        ] GC(47) User=0,03s Sys=0,00s Real=0,01s
[2024-05-26T00:00:17.773-0300][gc,start      ] GC(48) Pause Young (Normal) (G1 Evacuation Pause)
[2024-05-26T00:00:17.773-0300][gc,task       ] GC(48) Using 4 workers of 4 for evacuation
[2024-05-26T00:00:17.794-0300][gc,mmu        ] GC(48) MMU target violated: 20,8ms (20,0ms/21,0ms)
[2024-05-26T00:00:17.794-0300][gc,phases     ] GC(48)   Pre Evacuate Collection Set: 0,1ms
[2024-05-26T00:00:17.794-0300][gc,phases     ] GC(48)   Evacuate Collection Set: 19,5ms
[2024-05-26T00:00:17.794-0300][gc,phases     ] GC(48)   Post Evacuate Collection Set: 1,0ms
[2024-05-26T00:00:17.794-0300][gc,phases     ] GC(48)   Other: 0,5ms
[2024-05-26T00:00:17.794-0300][gc,heap       ] GC(48) Eden regions: 72->0(68)
[2024-05-26T00:00:17.794-0300][gc,heap       ] GC(48) Survivor regions: 6->7(10)
[2024-05-26T00:00:17.794-0300][gc,heap       ] GC(48) Old regions: 94->94
[2024-05-26T00:00:17.794-0300][gc,heap       ] GC(48) Humongous regions: 129->129
[2024-05-26T00:00:17.794-0300][gc,metaspace  ] GC(48) Metaspace: 46526K(49584K)->46526K(49584K) NonClass: 40701K(42416K)->40701K(42416K) Class: 5825K(7168K)->5825K(7168K)
[2024-05-26T00:00:17.794-0300][gc            ] GC(48) Pause Young (Normal) (G1 Evacuation Pause) 298M->227M(1024M) 21,339ms
[2024-05-26T00:00:17.795-0300][gc,cpu        ] GC(48) User=0,08s Sys=0,00s Real=0,02s
[2024-05-26T00:01:06.236-0300][gc,start      ] GC(49) Pause Young (Normal) (G1 Evacuation Pause)
[2024-05-26T00:01:06.236-0300][gc,task       ] GC(49) Using 4 workers of 4 for evacuation
[2024-05-26T00:01:06.250-0300][gc,phases     ] GC(49)   Pre Evacuate Collection Set: 0,0ms
[2024-05-26T00:01:06.250-0300][gc,phases     ] GC(49)   Evacuate Collection Set: 13,1ms
[2024-05-26T00:01:06.250-0300][gc,phases     ] GC(49)   Post Evacuate Collection Set: 0,8ms
[2024-05-26T00:01:06.250-0300][gc,phases     ] GC(49)   Other: 0,3ms
[2024-05-26T00:01:06.250-0300][gc,heap       ] GC(49) Eden regions: 66->0(69)
[2024-05-26T00:01:06.250-0300][gc,heap       ] GC(49) Survivor regions: 7->7(10)
[2024-05-26T00:01:06.250-0300][gc,heap       ] GC(49) Old regions: 94->95
[2024-05-26T00:01:06.250-0300][gc,heap       ] GC(49) Humongous regions: 129->129
[2024-05-26T00:01:06.250-0300][gc,metaspace  ] GC(49) Metaspace: 46527K(49584K)->46527K(49584K) NonClass: 40702K(42416K)->40702K(42416K) Class: 5825K(7168K)->5825K(7168K)
[2024-05-26T00:01:06.250-0300][gc            ] GC(49) Pause Young (Normal) (G1 Evacuation Pause) 293M->228M(1024M) 14,413ms
[2024-05-26T00:01:06.250-0300][gc,cpu        ] GC(49) User=0,05s Sys=0,00s Real=0,02s
[2024-05-26T00:01:48.807-0300][gc,start      ] GC(50) Pause Young (Normal) (G1 Evacuation Pause)
[2024-05-26T00:01:48.807-0300][gc,task       ] GC(50) Using 4 workers of 4 for evacuation
[2024-05-26T00:01:48.830-0300][gc,mmu        ] GC(50) MMU target violated: 21,0ms (20,0ms/21,0ms)
[2024-05-26T00:01:48.830-0300][gc,phases     ] GC(50)   Pre Evacuate Collection Set: 0,1ms
[2024-05-26T00:01:48.830-0300][gc,phases     ] GC(50)   Evacuate Collection Set: 21,8ms
[2024-05-26T00:01:48.830-0300][gc,phases     ] GC(50)   Post Evacuate Collection Set: 1,0ms
[2024-05-26T00:01:48.830-0300][gc,phases     ] GC(50)   Other: 0,5ms
[2024-05-26T00:01:48.830-0300][gc,heap       ] GC(50) Eden regions: 68->0(64)
[2024-05-26T00:01:48.830-0300][gc,heap       ] GC(50) Survivor regions: 7->6(10)
[2024-05-26T00:01:48.830-0300][gc,heap       ] GC(50) Old regions: 95->97
[2024-05-26T00:01:48.830-0300][gc,heap       ] GC(50) Humongous regions: 129->129
[2024-05-26T00:01:48.830-0300][gc,metaspace  ] GC(50) Metaspace: 46527K(49584K)->46527K(49584K) NonClass: 40702K(42416K)->40702K(42416K) Class: 5825K(7168K)->5825K(7168K)
[2024-05-26T00:01:48.830-0300][gc            ] GC(50) Pause Young (Normal) (G1 Evacuation Pause) 296M->229M(1024M) 23,583ms
[2024-05-26T00:01:48.831-0300][gc,cpu        ] GC(50) User=0,09s Sys=0,00s Real=0,03s
[2024-05-26T00:02:29.476-0300][gc,start      ] GC(51) Pause Young (Normal) (G1 Evacuation Pause)
[2024-05-26T00:02:29.476-0300][gc,task       ] GC(51) Using 4 workers of 4 for evacuation
[2024-05-26T00:02:29.499-0300][gc,mmu        ] GC(51) MMU target violated: 21,0ms (20,0ms/21,0ms)
[2024-05-26T00:02:29.499-0300][gc,phases     ] GC(51)   Pre Evacuate Collection Set: 0,1ms
[2024-05-26T00:02:29.499-0300][gc,phases     ] GC(51)   Evacuate Collection Set: 21,6ms
[2024-05-26T00:02:29.499-0300][gc,phases     ] GC(51)   Post Evacuate Collection Set: 1,0ms
[2024-05-26T00:02:29.499-0300][gc,phases     ] GC(51)   Other: 0,5ms
[2024-05-26T00:02:29.499-0300][gc,heap       ] GC(51) Eden regions: 53->0(58)
[2024-05-26T00:02:29.499-0300][gc,heap       ] GC(51) Survivor regions: 6->5(8)
[2024-05-26T00:02:29.499-0300][gc,heap       ] GC(51) Old regions: 97->99
[2024-05-26T00:02:29.499-0300][gc,heap       ] GC(51) Humongous regions: 129->129
[2024-05-26T00:02:29.499-0300][gc,metaspace  ] GC(51) Metaspace: 46528K(49584K)->46528K(49584K) NonClass: 40703K(42416K)->40703K(42416K) Class: 5825K(7168K)->5825K(7168K)
[2024-05-26T00:02:29.499-0300][gc            ] GC(51) Pause Young (Normal) (G1 Evacuation Pause) 282M->230M(1024M) 23,287ms
[2024-05-26T00:02:29.499-0300][gc,cpu        ] GC(51) User=0,08s Sys=0,00s Real=0,02s
[2024-05-26T00:03:02.015-0300][gc,start      ] GC(52) Pause Young (Normal) (G1 Evacuation Pause)
[2024-05-26T00:03:02.015-0300][gc,task       ] GC(52) Using 4 workers of 4 for evacuation
[2024-05-26T00:03:02.035-0300][gc,mmu        ] GC(52) MMU target violated: 20,1ms (20,0ms/21,0ms)
[2024-05-26T00:03:02.035-0300][gc,phases     ] GC(52)   Pre Evacuate Collection Set: 0,1ms
[2024-05-26T00:03:02.035-0300][gc,phases     ] GC(52)   Evacuate Collection Set: 18,9ms
[2024-05-26T00:03:02.035-0300][gc,phases     ] GC(52)   Post Evacuate Collection Set: 0,9ms
[2024-05-26T00:03:02.035-0300][gc,phases     ] GC(52)   Other: 0,5ms
[2024-05-26T00:03:02.035-0300][gc,heap       ] GC(52) Eden regions: 52->0(58)
[2024-05-26T00:03:02.035-0300][gc,heap       ] GC(52) Survivor regions: 5->5(8)
[2024-05-26T00:03:02.035-0300][gc,heap       ] GC(52) Old regions: 99->100
[2024-05-26T00:03:02.035-0300][gc,heap       ] GC(52) Humongous regions: 129->129
[2024-05-26T00:03:02.035-0300][gc,metaspace  ] GC(52) Metaspace: 46528K(49584K)->46528K(49584K) NonClass: 40703K(42416K)->40703K(42416K) Class: 5825K(7168K)->5825K(7168K)
[2024-05-26T00:03:02.036-0300][gc            ] GC(52) Pause Young (Normal) (G1 Evacuation Pause) 282M->231M(1024M) 20,482ms
[2024-05-26T00:03:02.036-0300][gc,cpu        ] GC(52) User=0,07s Sys=0,00s Real=0,02s
[2024-05-26T00:03:40.159-0300][gc,start      ] GC(53) Pause Young (Normal) (G1 Evacuation Pause)
[2024-05-26T00:03:40.159-0300][gc,task       ] GC(53) Using 4 workers of 4 for evacuation
[2024-05-26T00:03:40.181-0300][gc,mmu        ] GC(53) MMU target violated: 21,0ms (20,0ms/21,0ms)
[2024-05-26T00:03:40.181-0300][gc,phases     ] GC(53)   Pre Evacuate Collection Set: 0,1ms
[2024-05-26T00:03:40.181-0300][gc,phases     ] GC(53)   Evacuate Collection Set: 20,8ms
[2024-05-26T00:03:40.181-0300][gc,phases     ] GC(53)   Post Evacuate Collection Set: 0,8ms
[2024-05-26T00:03:40.181-0300][gc,phases     ] GC(53)   Other: 0,5ms
[2024-05-26T00:03:40.181-0300][gc,heap       ] GC(53) Eden regions: 52->0(52)
[2024-05-26T00:03:40.181-0300][gc,heap       ] GC(53) Survivor regions: 5->5(8)
[2024-05-26T00:03:40.181-0300][gc,heap       ] GC(53) Old regions: 100->100
[2024-05-26T00:03:40.181-0300][gc,heap       ] GC(53) Humongous regions: 129->129
[2024-05-26T00:03:40.181-0300][gc,metaspace  ] GC(53) Metaspace: 46531K(49584K)->46531K(49584K) NonClass: 40706K(42416K)->40706K(42416K) Class: 5825K(7168K)->5825K(7168K)
[2024-05-26T00:03:40.182-0300][gc            ] GC(53) Pause Young (Normal) (G1 Evacuation Pause) 283M->232M(1024M) 22,259ms
[2024-05-26T00:03:40.182-0300][gc,cpu        ] GC(53) User=0,06s Sys=0,00s Real=0,03s
[2024-05-26T00:04:07.976-0300][gc,start      ] GC(54) Pause Young (Normal) (G1 Evacuation Pause)
[2024-05-26T00:04:07.976-0300][gc,task       ] GC(54) Using 4 workers of 4 for evacuation
[2024-05-26T00:04:07.981-0300][gc,phases     ] GC(54)   Pre Evacuate Collection Set: 0,0ms
[2024-05-26T00:04:07.981-0300][gc,phases     ] GC(54)   Evacuate Collection Set: 4,9ms
[2024-05-26T00:04:07.981-0300][gc,phases     ] GC(54)   Post Evacuate Collection Set: 0,4ms
[2024-05-26T00:04:07.981-0300][gc,phases     ] GC(54)   Other: 0,2ms
[2024-05-26T00:04:07.981-0300][gc,heap       ] GC(54) Eden regions: 46->0(51)
[2024-05-26T00:04:07.981-0300][gc,heap       ] GC(54) Survivor regions: 5->4(7)
[2024-05-26T00:04:07.981-0300][gc,heap       ] GC(54) Old regions: 100->102
[2024-05-26T00:04:07.981-0300][gc,heap       ] GC(54) Humongous regions: 129->129
[2024-05-26T00:04:07.981-0300][gc,metaspace  ] GC(54) Metaspace: 46531K(49584K)->46531K(49584K) NonClass: 40706K(42416K)->40706K(42416K) Class: 5825K(7168K)->5825K(7168K)
[2024-05-26T00:04:07.981-0300][gc            ] GC(54) Pause Young (Normal) (G1 Evacuation Pause) 278M->233M(1024M) 5,555ms
[2024-05-26T00:04:07.981-0300][gc,cpu        ] GC(54) User=0,02s Sys=0,00s Real=0,01s
[2024-05-26T00:04:39.664-0300][gc,start      ] GC(55) Pause Young (Normal) (G1 Evacuation Pause)
[2024-05-26T00:04:39.664-0300][gc,task       ] GC(55) Using 4 workers of 4 for evacuation
[2024-05-26T00:04:39.680-0300][gc,phases     ] GC(55)   Pre Evacuate Collection Set: 0,1ms
[2024-05-26T00:04:39.680-0300][gc,phases     ] GC(55)   Evacuate Collection Set: 14,8ms
[2024-05-26T00:04:39.680-0300][gc,phases     ] GC(55)   Post Evacuate Collection Set: 0,8ms
[2024-05-26T00:04:39.680-0300][gc,phases     ] GC(55)   Other: 0,5ms
[2024-05-26T00:04:39.680-0300][gc,heap       ] GC(55) Eden regions: 51->0(51)
[2024-05-26T00:04:39.680-0300][gc,heap       ] GC(55) Survivor regions: 4->5(7)
[2024-05-26T00:04:39.680-0300][gc,heap       ] GC(55) Old regions: 102->102
[2024-05-26T00:04:39.680-0300][gc,heap       ] GC(55) Humongous regions: 129->129
[2024-05-26T00:04:39.680-0300][gc,metaspace  ] GC(55) Metaspace: 46531K(49584K)->46531K(49584K) NonClass: 40706K(42416K)->40706K(42416K) Class: 5825K(7168K)->5825K(7168K)
[2024-05-26T00:04:39.680-0300][gc            ] GC(55) Pause Young (Normal) (G1 Evacuation Pause) 284M->233M(1024M) 16,289ms
[2024-05-26T00:04:39.680-0300][gc,cpu        ] GC(55) User=0,05s Sys=0,00s Real=0,01s
[2024-05-26T00:05:14.868-0300][gc,start      ] GC(56) Pause Young (Normal) (G1 Evacuation Pause)
[2024-05-26T00:05:14.868-0300][gc,task       ] GC(56) Using 4 workers of 4 for evacuation
[2024-05-26T00:05:14.874-0300][gc,phases     ] GC(56)   Pre Evacuate Collection Set: 0,0ms
[2024-05-26T00:05:14.874-0300][gc,phases     ] GC(56)   Evacuate Collection Set: 4,7ms
[2024-05-26T00:05:14.874-0300][gc,phases     ] GC(56)   Post Evacuate Collection Set: 0,4ms
[2024-05-26T00:05:14.874-0300][gc,phases     ] GC(56)   Other: 0,2ms
[2024-05-26T00:05:14.874-0300][gc,heap       ] GC(56) Eden regions: 47->0(56)
[2024-05-26T00:05:14.874-0300][gc,heap       ] GC(56) Survivor regions: 5->5(7)
[2024-05-26T00:05:14.874-0300][gc,heap       ] GC(56) Old regions: 102->103
[2024-05-26T00:05:14.874-0300][gc,heap       ] GC(56) Humongous regions: 129->129
[2024-05-26T00:05:14.874-0300][gc,metaspace  ] GC(56) Metaspace: 46531K(49584K)->46531K(49584K) NonClass: 40706K(42416K)->40706K(42416K) Class: 5825K(7168K)->5825K(7168K)
[2024-05-26T00:05:14.874-0300][gc            ] GC(56) Pause Young (Normal) (G1 Evacuation Pause) 280M->234M(1024M) 5,374ms
[2024-05-26T00:05:14.874-0300][gc,cpu        ] GC(56) User=0,02s Sys=0,00s Real=0,01s
[2024-05-26T00:05:49.114-0300][gc,start      ] GC(57) Pause Young (Normal) (G1 Evacuation Pause)
[2024-05-26T00:05:49.114-0300][gc,task       ] GC(57) Using 4 workers of 4 for evacuation
[2024-05-26T00:05:49.124-0300][gc,phases     ] GC(57)   Pre Evacuate Collection Set: 0,0ms
[2024-05-26T00:05:49.124-0300][gc,phases     ] GC(57)   Evacuate Collection Set: 8,7ms
[2024-05-26T00:05:49.124-0300][gc,phases     ] GC(57)   Post Evacuate Collection Set: 0,5ms
[2024-05-26T00:05:49.124-0300][gc,phases     ] GC(57)   Other: 0,2ms
[2024-05-26T00:05:49.124-0300][gc,heap       ] GC(57) Eden regions: 54->0(62)
[2024-05-26T00:05:49.124-0300][gc,heap       ] GC(57) Survivor regions: 5->6(8)
[2024-05-26T00:05:49.124-0300][gc,heap       ] GC(57) Old regions: 103->103
[2024-05-26T00:05:49.124-0300][gc,heap       ] GC(57) Humongous regions: 129->129
[2024-05-26T00:05:49.124-0300][gc,metaspace  ] GC(57) Metaspace: 46531K(49584K)->46531K(49584K) NonClass: 40706K(42416K)->40706K(42416K) Class: 5825K(7168K)->5825K(7168K)
[2024-05-26T00:05:49.124-0300][gc            ] GC(57) Pause Young (Normal) (G1 Evacuation Pause) 288M->235M(1024M) 9,682ms
[2024-05-26T00:05:49.124-0300][gc,cpu        ] GC(57) User=0,03s Sys=0,00s Real=0,01s
[2024-05-26T00:06:31.760-0300][gc,start      ] GC(58) Pause Young (Normal) (G1 Evacuation Pause)
[2024-05-26T00:06:31.760-0300][gc,task       ] GC(58) Using 4 workers of 4 for evacuation
[2024-05-26T00:06:31.781-0300][gc,mmu        ] GC(58) MMU target violated: 20,6ms (20,0ms/21,0ms)
[2024-05-26T00:06:31.781-0300][gc,phases     ] GC(58)   Pre Evacuate Collection Set: 0,0ms
[2024-05-26T00:06:31.781-0300][gc,phases     ] GC(58)   Evacuate Collection Set: 19,7ms
[2024-05-26T00:06:31.781-0300][gc,phases     ] GC(58)   Post Evacuate Collection Set: 0,6ms
[2024-05-26T00:06:31.781-0300][gc,phases     ] GC(58)   Other: 0,5ms
[2024-05-26T00:06:31.781-0300][gc,heap       ] GC(58) Eden regions: 58->0(58)
[2024-05-26T00:06:31.781-0300][gc,heap       ] GC(58) Survivor regions: 6->5(8)
[2024-05-26T00:06:31.781-0300][gc,heap       ] GC(58) Old regions: 103->105
[2024-05-26T00:06:31.781-0300][gc,heap       ] GC(58) Humongous regions: 129->129
[2024-05-26T00:06:31.781-0300][gc,metaspace  ] GC(58) Metaspace: 46531K(49584K)->46531K(49584K) NonClass: 40706K(42416K)->40706K(42416K) Class: 5825K(7168K)->5825K(7168K)
[2024-05-26T00:06:31.781-0300][gc            ] GC(58) Pause Young (Normal) (G1 Evacuation Pause) 293M->236M(1024M) 20,921ms
[2024-05-26T00:06:31.781-0300][gc,cpu        ] GC(58) User=0,07s Sys=0,01s Real=0,03s
[2024-05-26T00:07:07.778-0300][gc,start      ] GC(59) Pause Young (Normal) (G1 Evacuation Pause)
[2024-05-26T00:07:07.778-0300][gc,task       ] GC(59) Using 4 workers of 4 for evacuation
[2024-05-26T00:07:07.798-0300][gc,phases     ] GC(59)   Pre Evacuate Collection Set: 0,1ms
[2024-05-26T00:07:07.798-0300][gc,phases     ] GC(59)   Evacuate Collection Set: 18,3ms
[2024-05-26T00:07:07.798-0300][gc,phases     ] GC(59)   Post Evacuate Collection Set: 1,1ms
[2024-05-26T00:07:07.798-0300][gc,phases     ] GC(59)   Other: 0,4ms
[2024-05-26T00:07:07.798-0300][gc,heap       ] GC(59) Eden regions: 58->0(56)
[2024-05-26T00:07:07.798-0300][gc,heap       ] GC(59) Survivor regions: 5->5(8)
[2024-05-26T00:07:07.798-0300][gc,heap       ] GC(59) Old regions: 105->106
[2024-05-26T00:07:07.798-0300][gc,heap       ] GC(59) Humongous regions: 129->129
[2024-05-26T00:07:07.798-0300][gc,metaspace  ] GC(59) Metaspace: 46531K(49584K)->46531K(49584K) NonClass: 40706K(42416K)->40706K(42416K) Class: 5825K(7168K)->5825K(7168K)
[2024-05-26T00:07:07.799-0300][gc            ] GC(59) Pause Young (Normal) (G1 Evacuation Pause) 294M->237M(1024M) 20,086ms
[2024-05-26T00:07:07.799-0300][gc,cpu        ] GC(59) User=0,07s Sys=0,00s Real=0,02s
[2024-05-26T00:07:49.330-0300][gc,start      ] GC(60) Pause Young (Normal) (G1 Evacuation Pause)
[2024-05-26T00:07:49.330-0300][gc,task       ] GC(60) Using 4 workers of 4 for evacuation
[2024-05-26T00:07:49.337-0300][gc,phases     ] GC(60)   Pre Evacuate Collection Set: 0,0ms
[2024-05-26T00:07:49.337-0300][gc,phases     ] GC(60)   Evacuate Collection Set: 6,1ms
[2024-05-26T00:07:49.337-0300][gc,phases     ] GC(60)   Post Evacuate Collection Set: 0,5ms
[2024-05-26T00:07:49.337-0300][gc,phases     ] GC(60)   Other: 0,2ms
[2024-05-26T00:07:49.337-0300][gc,heap       ] GC(60) Eden regions: 56->0(62)
[2024-05-26T00:07:49.337-0300][gc,heap       ] GC(60) Survivor regions: 5->5(8)
[2024-05-26T00:07:49.337-0300][gc,heap       ] GC(60) Old regions: 106->106
[2024-05-26T00:07:49.337-0300][gc,heap       ] GC(60) Humongous regions: 129->129
[2024-05-26T00:07:49.337-0300][gc,metaspace  ] GC(60) Metaspace: 46531K(49584K)->46531K(49584K) NonClass: 40706K(42416K)->40706K(42416K) Class: 5825K(7168K)->5825K(7168K)
[2024-05-26T00:07:49.337-0300][gc            ] GC(60) Pause Young (Normal) (G1 Evacuation Pause) 293M->238M(1024M) 6,895ms
[2024-05-26T00:07:49.337-0300][gc,cpu        ] GC(60) User=0,03s Sys=0,00s Real=0,00s
[2024-05-26T00:08:28.493-0300][gc,start      ] GC(61) Pause Young (Normal) (G1 Evacuation Pause)
[2024-05-26T00:08:28.493-0300][gc,task       ] GC(61) Using 4 workers of 4 for evacuation
[2024-05-26T00:08:28.513-0300][gc,phases     ] GC(61)   Pre Evacuate Collection Set: 0,1ms
[2024-05-26T00:08:28.513-0300][gc,phases     ] GC(61)   Evacuate Collection Set: 18,5ms
[2024-05-26T00:08:28.513-0300][gc,phases     ] GC(61)   Post Evacuate Collection Set: 1,0ms
[2024-05-26T00:08:28.513-0300][gc,phases     ] GC(61)   Other: 0,4ms
[2024-05-26T00:08:28.513-0300][gc,heap       ] GC(61) Eden regions: 62->0(60)
[2024-05-26T00:08:28.513-0300][gc,heap       ] GC(61) Survivor regions: 5->6(9)
[2024-05-26T00:08:28.513-0300][gc,heap       ] GC(61) Old regions: 106->106
[2024-05-26T00:08:28.513-0300][gc,heap       ] GC(61) Humongous regions: 129->129
[2024-05-26T00:08:28.513-0300][gc,metaspace  ] GC(61) Metaspace: 46531K(49584K)->46531K(49584K) NonClass: 40706K(42416K)->40706K(42416K) Class: 5825K(7168K)->5825K(7168K)
[2024-05-26T00:08:28.513-0300][gc            ] GC(61) Pause Young (Normal) (G1 Evacuation Pause) 300M->239M(1024M) 20,253ms
[2024-05-26T00:08:28.513-0300][gc,cpu        ] GC(61) User=0,07s Sys=0,00s Real=0,02s
[2024-05-26T00:09:08.734-0300][gc,start      ] GC(62) Pause Young (Normal) (G1 Evacuation Pause)
[2024-05-26T00:09:08.734-0300][gc,task       ] GC(62) Using 4 workers of 4 for evacuation
[2024-05-26T00:09:08.747-0300][gc,phases     ] GC(62)   Pre Evacuate Collection Set: 0,0ms
[2024-05-26T00:09:08.747-0300][gc,phases     ] GC(62)   Evacuate Collection Set: 12,8ms
[2024-05-26T00:09:08.747-0300][gc,phases     ] GC(62)   Post Evacuate Collection Set: 0,4ms
[2024-05-26T00:09:08.747-0300][gc,phases     ] GC(62)   Other: 0,2ms
[2024-05-26T00:09:08.747-0300][gc,heap       ] GC(62) Eden regions: 53->0(65)
[2024-05-26T00:09:08.747-0300][gc,heap       ] GC(62) Survivor regions: 6->6(8)
[2024-05-26T00:09:08.747-0300][gc,heap       ] GC(62) Old regions: 106->108
[2024-05-26T00:09:08.747-0300][gc,heap       ] GC(62) Humongous regions: 129->129
[2024-05-26T00:09:08.747-0300][gc,metaspace  ] GC(62) Metaspace: 46531K(49584K)->46531K(49584K) NonClass: 40706K(42416K)->40706K(42416K) Class: 5825K(7168K)->5825K(7168K)
[2024-05-26T00:09:08.747-0300][gc            ] GC(62) Pause Young (Normal) (G1 Evacuation Pause) 292M->240M(1024M) 13,448ms
[2024-05-26T00:09:08.747-0300][gc,cpu        ] GC(62) User=0,04s Sys=0,00s Real=0,01s
[2024-05-26T00:09:50.122-0300][gc,start      ] GC(63) Pause Young (Normal) (G1 Evacuation Pause)
[2024-05-26T00:09:50.122-0300][gc,task       ] GC(63) Using 4 workers of 4 for evacuation
[2024-05-26T00:09:50.142-0300][gc,mmu        ] GC(63) MMU target violated: 20,5ms (20,0ms/21,0ms)
[2024-05-26T00:09:50.143-0300][gc,phases     ] GC(63)   Pre Evacuate Collection Set: 0,1ms
[2024-05-26T00:09:50.143-0300][gc,phases     ] GC(63)   Evacuate Collection Set: 19,2ms
[2024-05-26T00:09:50.143-0300][gc,phases     ] GC(63)   Post Evacuate Collection Set: 1,0ms
[2024-05-26T00:09:50.143-0300][gc,phases     ] GC(63)   Other: 0,5ms
[2024-05-26T00:09:50.143-0300][gc,heap       ] GC(63) Eden regions: 65->0(62)
[2024-05-26T00:09:50.143-0300][gc,heap       ] GC(63) Survivor regions: 6->6(9)
[2024-05-26T00:09:50.143-0300][gc,heap       ] GC(63) Old regions: 108->109
[2024-05-26T00:09:50.143-0300][gc,heap       ] GC(63) Humongous regions: 129->129
[2024-05-26T00:09:50.143-0300][gc,metaspace  ] GC(63) Metaspace: 46531K(49584K)->46531K(49584K) NonClass: 40706K(42416K)->40706K(42416K) Class: 5825K(7168K)->5825K(7168K)
[2024-05-26T00:09:50.143-0300][gc            ] GC(63) Pause Young (Normal) (G1 Evacuation Pause) 305M->241M(1024M) 21,047ms
[2024-05-26T00:09:50.143-0300][gc,cpu        ] GC(63) User=0,08s Sys=0,00s Real=0,02s
[2024-05-26T00:10:33.130-0300][gc,start      ] GC(64) Pause Young (Normal) (G1 Evacuation Pause)
[2024-05-26T00:10:33.130-0300][gc,task       ] GC(64) Using 4 workers of 4 for evacuation
[2024-05-26T00:10:33.151-0300][gc,mmu        ] GC(64) MMU target violated: 20,8ms (20,0ms/21,0ms)
[2024-05-26T00:10:33.151-0300][gc,phases     ] GC(64)   Pre Evacuate Collection Set: 0,1ms
[2024-05-26T00:10:33.151-0300][gc,phases     ] GC(64)   Evacuate Collection Set: 19,5ms
[2024-05-26T00:10:33.151-0300][gc,phases     ] GC(64)   Post Evacuate Collection Set: 1,1ms
[2024-05-26T00:10:33.151-0300][gc,phases     ] GC(64)   Other: 0,6ms
[2024-05-26T00:10:33.151-0300][gc,heap       ] GC(64) Eden regions: 55->0(57)
[2024-05-26T00:10:33.151-0300][gc,heap       ] GC(64) Survivor regions: 6->5(8)
[2024-05-26T00:10:33.151-0300][gc,heap       ] GC(64) Old regions: 109->110
[2024-05-26T00:10:33.151-0300][gc,heap       ] GC(64) Humongous regions: 129->129
[2024-05-26T00:10:33.151-0300][gc,metaspace  ] GC(64) Metaspace: 46531K(49584K)->46531K(49584K) NonClass: 40706K(42416K)->40706K(42416K) Class: 5825K(7168K)->5825K(7168K)
[2024-05-26T00:10:33.151-0300][gc            ] GC(64) Pause Young (Normal) (G1 Evacuation Pause) 296M->242M(1024M) 21,424ms
[2024-05-26T00:10:33.151-0300][gc,cpu        ] GC(64) User=0,07s Sys=0,00s Real=0,02s
[2024-05-26T00:11:02.082-0300][gc,start      ] GC(65) Pause Young (Normal) (G1 Evacuation Pause)
[2024-05-26T00:11:02.082-0300][gc,task       ] GC(65) Using 4 workers of 4 for evacuation
[2024-05-26T00:11:02.103-0300][gc,mmu        ] GC(65) MMU target violated: 21,0ms (20,0ms/21,0ms)
[2024-05-26T00:11:02.103-0300][gc,phases     ] GC(65)   Pre Evacuate Collection Set: 0,1ms
[2024-05-26T00:11:02.103-0300][gc,phases     ] GC(65)   Evacuate Collection Set: 19,4ms
[2024-05-26T00:11:02.103-0300][gc,phases     ] GC(65)   Post Evacuate Collection Set: 1,5ms
[2024-05-26T00:11:02.103-0300][gc,phases     ] GC(65)   Other: 0,5ms
[2024-05-26T00:11:02.103-0300][gc,heap       ] GC(65) Eden regions: 46->0(48)
[2024-05-26T00:11:02.103-0300][gc,heap       ] GC(65) Survivor regions: 5->4(7)
[2024-05-26T00:11:02.103-0300][gc,heap       ] GC(65) Old regions: 110->112
[2024-05-26T00:11:02.103-0300][gc,heap       ] GC(65) Humongous regions: 129->129
[2024-05-26T00:11:02.103-0300][gc,metaspace  ] GC(65) Metaspace: 46531K(49584K)->46531K(49584K) NonClass: 40706K(42416K)->40706K(42416K) Class: 5825K(7168K)->5825K(7168K)
[2024-05-26T00:11:02.103-0300][gc            ] GC(65) Pause Young (Normal) (G1 Evacuation Pause) 288M->243M(1024M) 21,587ms
[2024-05-26T00:11:02.103-0300][gc,cpu        ] GC(65) User=0,08s Sys=0,00s Real=0,02s
[2024-05-26T00:11:38.092-0300][gc,start      ] GC(66) Pause Young (Normal) (G1 Evacuation Pause)
[2024-05-26T00:11:38.092-0300][gc,task       ] GC(66) Using 4 workers of 4 for evacuation
[2024-05-26T00:11:38.099-0300][gc,phases     ] GC(66)   Pre Evacuate Collection Set: 0,0ms
[2024-05-26T00:11:38.099-0300][gc,phases     ] GC(66)   Evacuate Collection Set: 6,5ms
[2024-05-26T00:11:38.099-0300][gc,phases     ] GC(66)   Post Evacuate Collection Set: 0,4ms
[2024-05-26T00:11:38.099-0300][gc,phases     ] GC(66)   Other: 0,2ms
[2024-05-26T00:11:38.099-0300][gc,heap       ] GC(66) Eden regions: 48->0(51)
[2024-05-26T00:11:38.099-0300][gc,heap       ] GC(66) Survivor regions: 4->4(7)
[2024-05-26T00:11:38.099-0300][gc,heap       ] GC(66) Old regions: 112->113
[2024-05-26T00:11:38.099-0300][gc,heap       ] GC(66) Humongous regions: 129->129
[2024-05-26T00:11:38.099-0300][gc,metaspace  ] GC(66) Metaspace: 46531K(49584K)->46531K(49584K) NonClass: 40706K(42416K)->40706K(42416K) Class: 5825K(7168K)->5825K(7168K)
[2024-05-26T00:11:38.099-0300][gc            ] GC(66) Pause Young (Normal) (G1 Evacuation Pause) 291M->244M(1024M) 7,142ms
[2024-05-26T00:11:38.099-0300][gc,cpu        ] GC(66) User=0,02s Sys=0,00s Real=0,00s
[2024-05-26T00:12:09.692-0300][gc,start      ] GC(67) Pause Young (Normal) (G1 Evacuation Pause)
[2024-05-26T00:12:09.692-0300][gc,task       ] GC(67) Using 4 workers of 4 for evacuation
[2024-05-26T00:12:09.699-0300][gc,phases     ] GC(67)   Pre Evacuate Collection Set: 0,0ms
[2024-05-26T00:12:09.700-0300][gc,phases     ] GC(67)   Evacuate Collection Set: 6,8ms
[2024-05-26T00:12:09.700-0300][gc,phases     ] GC(67)   Post Evacuate Collection Set: 0,3ms
[2024-05-26T00:12:09.700-0300][gc,phases     ] GC(67)   Other: 0,2ms
[2024-05-26T00:12:09.700-0300][gc,heap       ] GC(67) Eden regions: 51->0(55)
[2024-05-26T00:12:09.700-0300][gc,heap       ] GC(67) Survivor regions: 4->5(7)
[2024-05-26T00:12:09.700-0300][gc,heap       ] GC(67) Old regions: 113->113
[2024-05-26T00:12:09.700-0300][gc,heap       ] GC(67) Humongous regions: 129->129
[2024-05-26T00:12:09.700-0300][gc,metaspace  ] GC(67) Metaspace: 46531K(49584K)->46531K(49584K) NonClass: 40706K(42416K)->40706K(42416K) Class: 5825K(7168K)->5825K(7168K)
[2024-05-26T00:12:09.700-0300][gc            ] GC(67) Pause Young (Normal) (G1 Evacuation Pause) 295M->245M(1024M) 7,396ms
[2024-05-26T00:12:09.700-0300][gc,cpu        ] GC(67) User=0,02s Sys=0,00s Real=0,00s
[2024-05-26T00:12:45.159-0300][gc,start      ] GC(68) Pause Young (Normal) (G1 Evacuation Pause)
[2024-05-26T00:12:45.159-0300][gc,task       ] GC(68) Using 4 workers of 4 for evacuation
[2024-05-26T00:12:45.179-0300][gc,phases     ] GC(68)   Pre Evacuate Collection Set: 0,1ms
[2024-05-26T00:12:45.180-0300][gc,phases     ] GC(68)   Evacuate Collection Set: 18,6ms
[2024-05-26T00:12:45.180-0300][gc,phases     ] GC(68)   Post Evacuate Collection Set: 1,1ms
[2024-05-26T00:12:45.180-0300][gc,phases     ] GC(68)   Other: 0,5ms
[2024-05-26T00:12:45.180-0300][gc,heap       ] GC(68) Eden regions: 55->0(53)
[2024-05-26T00:12:45.180-0300][gc,heap       ] GC(68) Survivor regions: 5->5(8)
[2024-05-26T00:12:45.180-0300][gc,heap       ] GC(68) Old regions: 113->114
[2024-05-26T00:12:45.180-0300][gc,heap       ] GC(68) Humongous regions: 129->129
[2024-05-26T00:12:45.180-0300][gc,metaspace  ] GC(68) Metaspace: 46531K(49584K)->46531K(49584K) NonClass: 40706K(42416K)->40706K(42416K) Class: 5825K(7168K)->5825K(7168K)
[2024-05-26T00:12:45.180-0300][gc            ] GC(68) Pause Young (Normal) (G1 Evacuation Pause) 300M->246M(1024M) 20,410ms
[2024-05-26T00:12:45.180-0300][gc,cpu        ] GC(68) User=0,07s Sys=0,01s Real=0,02s
[2024-05-26T00:13:22.712-0300][gc,start      ] GC(69) Pause Young (Normal) (G1 Evacuation Pause)
[2024-05-26T00:13:22.712-0300][gc,task       ] GC(69) Using 4 workers of 4 for evacuation
[2024-05-26T00:13:22.732-0300][gc,phases     ] GC(69)   Pre Evacuate Collection Set: 0,1ms
[2024-05-26T00:13:22.732-0300][gc,phases     ] GC(69)   Evacuate Collection Set: 18,1ms
[2024-05-26T00:13:22.732-0300][gc,phases     ] GC(69)   Post Evacuate Collection Set: 0,9ms
[2024-05-26T00:13:22.732-0300][gc,phases     ] GC(69)   Other: 0,4ms
[2024-05-26T00:13:22.732-0300][gc,heap       ] GC(69) Eden regions: 50->0(53)
[2024-05-26T00:13:22.732-0300][gc,heap       ] GC(69) Survivor regions: 5->5(7)
[2024-05-26T00:13:22.732-0300][gc,heap       ] GC(69) Old regions: 114->115
[2024-05-26T00:13:22.732-0300][gc,heap       ] GC(69) Humongous regions: 129->129
[2024-05-26T00:13:22.732-0300][gc,metaspace  ] GC(69) Metaspace: 46531K(49584K)->46531K(49584K) NonClass: 40706K(42416K)->40706K(42416K) Class: 5825K(7168K)->5825K(7168K)
[2024-05-26T00:13:22.732-0300][gc            ] GC(69) Pause Young (Normal) (G1 Evacuation Pause) 296M->246M(1024M) 19,787ms
[2024-05-26T00:13:22.732-0300][gc,cpu        ] GC(69) User=0,06s Sys=0,01s Real=0,02s
[2024-05-26T00:13:52.854-0300][gc,start      ] GC(70) Pause Young (Normal) (G1 Evacuation Pause)
[2024-05-26T00:13:52.854-0300][gc,task       ] GC(70) Using 4 workers of 4 for evacuation
[2024-05-26T00:13:52.863-0300][gc,phases     ] GC(70)   Pre Evacuate Collection Set: 0,0ms
[2024-05-26T00:13:52.863-0300][gc,phases     ] GC(70)   Evacuate Collection Set: 8,1ms
[2024-05-26T00:13:52.863-0300][gc,phases     ] GC(70)   Post Evacuate Collection Set: 0,6ms
[2024-05-26T00:13:52.863-0300][gc,phases     ] GC(70)   Other: 0,2ms
[2024-05-26T00:13:52.863-0300][gc,heap       ] GC(70) Eden regions: 49->0(56)
[2024-05-26T00:13:52.863-0300][gc,heap       ] GC(70) Survivor regions: 5->5(7)
[2024-05-26T00:13:52.863-0300][gc,heap       ] GC(70) Old regions: 115->116
[2024-05-26T00:13:52.863-0300][gc,heap       ] GC(70) Humongous regions: 129->129
[2024-05-26T00:13:52.863-0300][gc,metaspace  ] GC(70) Metaspace: 46531K(49584K)->46531K(49584K) NonClass: 40706K(42416K)->40706K(42416K) Class: 5825K(7168K)->5825K(7168K)
[2024-05-26T00:13:52.863-0300][gc            ] GC(70) Pause Young (Normal) (G1 Evacuation Pause) 295M->248M(1024M) 9,071ms
[2024-05-26T00:13:52.863-0300][gc,cpu        ] GC(70) User=0,03s Sys=0,00s Real=0,01s
[2024-05-26T00:14:33.007-0300][gc,start      ] GC(71) Pause Young (Normal) (G1 Evacuation Pause)
[2024-05-26T00:14:33.007-0300][gc,task       ] GC(71) Using 4 workers of 4 for evacuation
[2024-05-26T00:14:33.026-0300][gc,phases     ] GC(71)   Pre Evacuate Collection Set: 0,1ms
[2024-05-26T00:14:33.026-0300][gc,phases     ] GC(71)   Evacuate Collection Set: 18,1ms
[2024-05-26T00:14:33.026-0300][gc,phases     ] GC(71)   Post Evacuate Collection Set: 0,7ms
[2024-05-26T00:14:33.026-0300][gc,phases     ] GC(71)   Other: 0,4ms
[2024-05-26T00:14:33.026-0300][gc,heap       ] GC(71) Eden regions: 56->0(55)
[2024-05-26T00:14:33.026-0300][gc,heap       ] GC(71) Survivor regions: 5->5(8)
[2024-05-26T00:14:33.026-0300][gc,heap       ] GC(71) Old regions: 116->117
[2024-05-26T00:14:33.026-0300][gc,heap       ] GC(71) Humongous regions: 129->129
[2024-05-26T00:14:33.026-0300][gc,metaspace  ] GC(71) Metaspace: 46531K(49584K)->46531K(49584K) NonClass: 40706K(42416K)->40706K(42416K) Class: 5825K(7168K)->5825K(7168K)
[2024-05-26T00:14:33.026-0300][gc            ] GC(71) Pause Young (Normal) (G1 Evacuation Pause) 304M->248M(1024M) 19,377ms
[2024-05-26T00:14:33.026-0300][gc,cpu        ] GC(71) User=0,06s Sys=0,00s Real=0,02s
[2024-05-26T00:15:06.190-0300][gc,start      ] GC(72) Pause Young (Normal) (G1 Evacuation Pause)
[2024-05-26T00:15:06.190-0300][gc,task       ] GC(72) Using 4 workers of 4 for evacuation
[2024-05-26T00:15:06.211-0300][gc,mmu        ] GC(72) MMU target violated: 21,0ms (20,0ms/21,0ms)
[2024-05-26T00:15:06.211-0300][gc,phases     ] GC(72)   Pre Evacuate Collection Set: 0,1ms
[2024-05-26T00:15:06.211-0300][gc,phases     ] GC(72)   Evacuate Collection Set: 19,9ms
[2024-05-26T00:15:06.211-0300][gc,phases     ] GC(72)   Post Evacuate Collection Set: 1,0ms
[2024-05-26T00:15:06.211-0300][gc,phases     ] GC(72)   Other: 0,5ms
[2024-05-26T00:15:06.211-0300][gc,heap       ] GC(72) Eden regions: 52->0(53)
[2024-05-26T00:15:06.211-0300][gc,heap       ] GC(72) Survivor regions: 5->5(8)
[2024-05-26T00:15:06.211-0300][gc,heap       ] GC(72) Old regions: 117->118
[2024-05-26T00:15:06.211-0300][gc,heap       ] GC(72) Humongous regions: 129->129
[2024-05-26T00:15:06.211-0300][gc,metaspace  ] GC(72) Metaspace: 46531K(49584K)->46531K(49584K) NonClass: 40706K(42416K)->40706K(42416K) Class: 5825K(7168K)->5825K(7168K)
[2024-05-26T00:15:06.211-0300][gc            ] GC(72) Pause Young (Normal) (G1 Evacuation Pause) 300M->249M(1024M) 21,699ms
[2024-05-26T00:15:06.211-0300][gc,cpu        ] GC(72) User=0,07s Sys=0,01s Real=0,02s
[2024-05-26T00:15:40.288-0300][gc,start      ] GC(73) Pause Young (Normal) (G1 Evacuation Pause)
[2024-05-26T00:15:40.289-0300][gc,task       ] GC(73) Using 4 workers of 4 for evacuation
[2024-05-26T00:15:40.308-0300][gc,phases     ] GC(73)   Pre Evacuate Collection Set: 0,1ms
[2024-05-26T00:15:40.308-0300][gc,phases     ] GC(73)   Evacuate Collection Set: 18,3ms
[2024-05-26T00:15:40.308-0300][gc,phases     ] GC(73)   Post Evacuate Collection Set: 1,0ms
[2024-05-26T00:15:40.309-0300][gc,phases     ] GC(73)   Other: 0,6ms
[2024-05-26T00:15:40.309-0300][gc,heap       ] GC(73) Eden regions: 46->0(52)
[2024-05-26T00:15:40.309-0300][gc,heap       ] GC(73) Survivor regions: 5->5(7)
[2024-05-26T00:15:40.309-0300][gc,heap       ] GC(73) Old regions: 118->119
[2024-05-26T00:15:40.309-0300][gc,heap       ] GC(73) Humongous regions: 129->129
[2024-05-26T00:15:40.309-0300][gc,metaspace  ] GC(73) Metaspace: 46531K(49584K)->46531K(49584K) NonClass: 40706K(42416K)->40706K(42416K) Class: 5825K(7168K)->5825K(7168K)
[2024-05-26T00:15:40.309-0300][gc            ] GC(73) Pause Young (Normal) (G1 Evacuation Pause) 295M->250M(1024M) 20,301ms
[2024-05-26T00:15:40.309-0300][gc,cpu        ] GC(73) User=0,06s Sys=0,01s Real=0,03s
[2024-05-26T00:16:08.964-0300][gc,start      ] GC(74) Pause Young (Normal) (G1 Evacuation Pause)
[2024-05-26T00:16:08.964-0300][gc,task       ] GC(74) Using 4 workers of 4 for evacuation
[2024-05-26T00:16:08.970-0300][gc,phases     ] GC(74)   Pre Evacuate Collection Set: 0,0ms
[2024-05-26T00:16:08.970-0300][gc,phases     ] GC(74)   Evacuate Collection Set: 5,4ms
[2024-05-26T00:16:08.970-0300][gc,phases     ] GC(74)   Post Evacuate Collection Set: 0,5ms
[2024-05-26T00:16:08.970-0300][gc,phases     ] GC(74)   Other: 0,2ms
[2024-05-26T00:16:08.970-0300][gc,heap       ] GC(74) Eden regions: 46->0(58)
[2024-05-26T00:16:08.970-0300][gc,heap       ] GC(74) Survivor regions: 5->5(7)
[2024-05-26T00:16:08.970-0300][gc,heap       ] GC(74) Old regions: 119->120
[2024-05-26T00:16:08.970-0300][gc,heap       ] GC(74) Humongous regions: 129->129
[2024-05-26T00:16:08.970-0300][gc,metaspace  ] GC(74) Metaspace: 46531K(49584K)->46531K(49584K) NonClass: 40706K(42416K)->40706K(42416K) Class: 5825K(7168K)->5825K(7168K)
[2024-05-26T00:16:08.970-0300][gc            ] GC(74) Pause Young (Normal) (G1 Evacuation Pause) 296M->250M(1024M) 6,232ms
[2024-05-26T00:16:08.970-0300][gc,cpu        ] GC(74) User=0,02s Sys=0,00s Real=0,01s
[2024-05-26T00:16:44.544-0300][gc,start      ] GC(75) Pause Young (Normal) (G1 Evacuation Pause)
[2024-05-26T00:16:44.544-0300][gc,task       ] GC(75) Using 4 workers of 4 for evacuation
[2024-05-26T00:16:44.564-0300][gc,phases     ] GC(75)   Pre Evacuate Collection Set: 0,1ms
[2024-05-26T00:16:44.564-0300][gc,phases     ] GC(75)   Evacuate Collection Set: 18,4ms
[2024-05-26T00:16:44.564-0300][gc,phases     ] GC(75)   Post Evacuate Collection Set: 1,1ms
[2024-05-26T00:16:44.564-0300][gc,phases     ] GC(75)   Other: 0,5ms
[2024-05-26T00:16:44.564-0300][gc,heap       ] GC(75) Eden regions: 58->0(56)
[2024-05-26T00:16:44.564-0300][gc,heap       ] GC(75) Survivor regions: 5->5(8)
[2024-05-26T00:16:44.564-0300][gc,heap       ] GC(75) Old regions: 120->120
[2024-05-26T00:16:44.564-0300][gc,heap       ] GC(75) Humongous regions: 129->129
[2024-05-26T00:16:44.564-0300][gc,metaspace  ] GC(75) Metaspace: 46531K(49584K)->46531K(49584K) NonClass: 40706K(42416K)->40706K(42416K) Class: 5825K(7168K)->5825K(7168K)
[2024-05-26T00:16:44.564-0300][gc            ] GC(75) Pause Young (Normal) (G1 Evacuation Pause) 308M->252M(1024M) 20,193ms
[2024-05-26T00:16:44.564-0300][gc,cpu        ] GC(75) User=0,07s Sys=0,00s Real=0,02s
[2024-05-26T00:17:20.102-0300][gc,start      ] GC(76) Pause Young (Normal) (G1 Evacuation Pause)
[2024-05-26T00:17:20.102-0300][gc,task       ] GC(76) Using 4 workers of 4 for evacuation
[2024-05-26T00:17:20.121-0300][gc,phases     ] GC(76)   Pre Evacuate Collection Set: 0,1ms
[2024-05-26T00:17:20.121-0300][gc,phases     ] GC(76)   Evacuate Collection Set: 18,0ms
[2024-05-26T00:17:20.121-0300][gc,phases     ] GC(76)   Post Evacuate Collection Set: 0,9ms
[2024-05-26T00:17:20.122-0300][gc,phases     ] GC(76)   Other: 0,4ms
[2024-05-26T00:17:20.122-0300][gc,heap       ] GC(76) Eden regions: 48->0(55)
[2024-05-26T00:17:20.122-0300][gc,heap       ] GC(76) Survivor regions: 5->5(7)
[2024-05-26T00:17:20.122-0300][gc,heap       ] GC(76) Old regions: 120->121
[2024-05-26T00:17:20.122-0300][gc,heap       ] GC(76) Humongous regions: 129->129
[2024-05-26T00:17:20.122-0300][gc,metaspace  ] GC(76) Metaspace: 46531K(49584K)->46531K(49584K) NonClass: 40706K(42416K)->40706K(42416K) Class: 5825K(7168K)->5825K(7168K)
[2024-05-26T00:17:20.122-0300][gc            ] GC(76) Pause Young (Normal) (G1 Evacuation Pause) 300M->253M(1024M) 19,644ms
[2024-05-26T00:17:20.122-0300][gc,cpu        ] GC(76) User=0,06s Sys=0,00s Real=0,02s
[2024-05-26T00:17:50.010-0300][gc,start      ] GC(77) Pause Young (Normal) (G1 Evacuation Pause)
[2024-05-26T00:17:50.010-0300][gc,task       ] GC(77) Using 4 workers of 4 for evacuation
[2024-05-26T00:17:50.030-0300][gc,phases     ] GC(77)   Pre Evacuate Collection Set: 0,1ms
[2024-05-26T00:17:50.030-0300][gc,phases     ] GC(77)   Evacuate Collection Set: 18,4ms
[2024-05-26T00:17:50.030-0300][gc,phases     ] GC(77)   Post Evacuate Collection Set: 1,1ms
[2024-05-26T00:17:50.030-0300][gc,phases     ] GC(77)   Other: 0,5ms
[2024-05-26T00:17:50.030-0300][gc,heap       ] GC(77) Eden regions: 48->0(55)
[2024-05-26T00:17:50.031-0300][gc,heap       ] GC(77) Survivor regions: 5->5(7)
[2024-05-26T00:17:50.031-0300][gc,heap       ] GC(77) Old regions: 121->122
[2024-05-26T00:17:50.031-0300][gc,heap       ] GC(77) Humongous regions: 129->129
[2024-05-26T00:17:50.031-0300][gc,metaspace  ] GC(77) Metaspace: 46531K(49584K)->46531K(49584K) NonClass: 40706K(42416K)->40706K(42416K) Class: 5825K(7168K)->5825K(7168K)
[2024-05-26T00:17:50.031-0300][gc            ] GC(77) Pause Young (Normal) (G1 Evacuation Pause) 301M->253M(1024M) 20,212ms
[2024-05-26T00:17:50.031-0300][gc,cpu        ] GC(77) User=0,07s Sys=0,00s Real=0,02s
[2024-05-26T00:18:29.326-0300][gc,start      ] GC(78) Pause Young (Normal) (G1 Evacuation Pause)
[2024-05-26T00:18:29.326-0300][gc,task       ] GC(78) Using 4 workers of 4 for evacuation
[2024-05-26T00:18:29.347-0300][gc,mmu        ] GC(78) MMU target violated: 20,4ms (20,0ms/21,0ms)
[2024-05-26T00:18:29.347-0300][gc,phases     ] GC(78)   Pre Evacuate Collection Set: 0,1ms
[2024-05-26T00:18:29.347-0300][gc,phases     ] GC(78)   Evacuate Collection Set: 19,3ms
[2024-05-26T00:18:29.347-0300][gc,phases     ] GC(78)   Post Evacuate Collection Set: 0,9ms
[2024-05-26T00:18:29.347-0300][gc,phases     ] GC(78)   Other: 0,5ms
[2024-05-26T00:18:29.347-0300][gc,heap       ] GC(78) Eden regions: 53->0(50)
[2024-05-26T00:18:29.347-0300][gc,heap       ] GC(78) Survivor regions: 5->5(8)
[2024-05-26T00:18:29.347-0300][gc,heap       ] GC(78) Old regions: 122->122
[2024-05-26T00:18:29.347-0300][gc,heap       ] GC(78) Humongous regions: 129->129
[2024-05-26T00:18:29.347-0300][gc,metaspace  ] GC(78) Metaspace: 46532K(49584K)->46532K(49584K) NonClass: 40707K(42416K)->40707K(42416K) Class: 5825K(7168K)->5825K(7168K)
[2024-05-26T00:18:29.347-0300][gc            ] GC(78) Pause Young (Normal) (G1 Evacuation Pause) 306M->254M(1024M) 20,919ms
[2024-05-26T00:18:29.347-0300][gc,cpu        ] GC(78) User=0,06s Sys=0,00s Real=0,02s
[2024-05-26T00:18:58.769-0300][gc,start      ] GC(79) Pause Young (Normal) (G1 Evacuation Pause)
[2024-05-26T00:18:58.769-0300][gc,task       ] GC(79) Using 4 workers of 4 for evacuation
[2024-05-26T00:18:58.775-0300][gc,phases     ] GC(79)   Pre Evacuate Collection Set: 0,0ms
[2024-05-26T00:18:58.775-0300][gc,phases     ] GC(79)   Evacuate Collection Set: 5,4ms
[2024-05-26T00:18:58.775-0300][gc,phases     ] GC(79)   Post Evacuate Collection Set: 0,4ms
[2024-05-26T00:18:58.775-0300][gc,phases     ] GC(79)   Other: 0,2ms
[2024-05-26T00:18:58.775-0300][gc,heap       ] GC(79) Eden regions: 46->0(50)
[2024-05-26T00:18:58.775-0300][gc,heap       ] GC(79) Survivor regions: 5->5(7)
[2024-05-26T00:18:58.775-0300][gc,heap       ] GC(79) Old regions: 122->124
[2024-05-26T00:18:58.775-0300][gc,heap       ] GC(79) Humongous regions: 129->129
[2024-05-26T00:18:58.775-0300][gc,metaspace  ] GC(79) Metaspace: 46533K(49584K)->46533K(49584K) NonClass: 40708K(42416K)->40708K(42416K) Class: 5825K(7168K)->5825K(7168K)
[2024-05-26T00:18:58.775-0300][gc            ] GC(79) Pause Young (Normal) (G1 Evacuation Pause) 300M->255M(1024M) 6,054ms
[2024-05-26T00:18:58.775-0300][gc,cpu        ] GC(79) User=0,02s Sys=0,01s Real=0,00s
[2024-05-26T00:19:35.577-0300][gc,start      ] GC(80) Pause Young (Normal) (G1 Evacuation Pause)
[2024-05-26T00:19:35.577-0300][gc,task       ] GC(80) Using 4 workers of 4 for evacuation
[2024-05-26T00:19:35.586-0300][gc,phases     ] GC(80)   Pre Evacuate Collection Set: 0,0ms
[2024-05-26T00:19:35.586-0300][gc,phases     ] GC(80)   Evacuate Collection Set: 8,0ms
[2024-05-26T00:19:35.586-0300][gc,phases     ] GC(80)   Post Evacuate Collection Set: 0,5ms
[2024-05-26T00:19:35.586-0300][gc,phases     ] GC(80)   Other: 0,2ms
[2024-05-26T00:19:35.586-0300][gc,heap       ] GC(80) Eden regions: 50->0(56)
[2024-05-26T00:19:35.586-0300][gc,heap       ] GC(80) Survivor regions: 5->5(7)
[2024-05-26T00:19:35.586-0300][gc,heap       ] GC(80) Old regions: 124->125
[2024-05-26T00:19:35.586-0300][gc,heap       ] GC(80) Humongous regions: 129->129
[2024-05-26T00:19:35.586-0300][gc,metaspace  ] GC(80) Metaspace: 46533K(49584K)->46533K(49584K) NonClass: 40708K(42416K)->40708K(42416K) Class: 5825K(7168K)->5825K(7168K)
[2024-05-26T00:19:35.586-0300][gc            ] GC(80) Pause Young (Normal) (G1 Evacuation Pause) 305M->256M(1024M) 8,916ms
[2024-05-26T00:19:35.586-0300][gc,cpu        ] GC(80) User=0,03s Sys=0,00s Real=0,01s
[2024-05-26T00:20:10.373-0300][gc,start      ] GC(81) Pause Young (Normal) (G1 Evacuation Pause)
[2024-05-26T00:20:10.373-0300][gc,task       ] GC(81) Using 4 workers of 4 for evacuation
[2024-05-26T00:20:10.378-0300][gc,phases     ] GC(81)   Pre Evacuate Collection Set: 0,0ms
[2024-05-26T00:20:10.378-0300][gc,phases     ] GC(81)   Evacuate Collection Set: 4,7ms
[2024-05-26T00:20:10.378-0300][gc,phases     ] GC(81)   Post Evacuate Collection Set: 0,4ms
[2024-05-26T00:20:10.378-0300][gc,phases     ] GC(81)   Other: 0,2ms
[2024-05-26T00:20:10.378-0300][gc,heap       ] GC(81) Eden regions: 56->0(66)
[2024-05-26T00:20:10.378-0300][gc,heap       ] GC(81) Survivor regions: 5->6(8)
[2024-05-26T00:20:10.378-0300][gc,heap       ] GC(81) Old regions: 125->125
[2024-05-26T00:20:10.378-0300][gc,heap       ] GC(81) Humongous regions: 129->129
[2024-05-26T00:20:10.378-0300][gc,metaspace  ] GC(81) Metaspace: 46533K(49584K)->46533K(49584K) NonClass: 40708K(42416K)->40708K(42416K) Class: 5825K(7168K)->5825K(7168K)
[2024-05-26T00:20:10.378-0300][gc            ] GC(81) Pause Young (Normal) (G1 Evacuation Pause) 312M->257M(1024M) 5,415ms
[2024-05-26T00:20:10.378-0300][gc,cpu        ] GC(81) User=0,02s Sys=0,00s Real=0,00s
[2024-05-26T00:20:52.001-0300][gc,start      ] GC(82) Pause Young (Normal) (G1 Evacuation Pause)
[2024-05-26T00:20:52.001-0300][gc,task       ] GC(82) Using 4 workers of 4 for evacuation
[2024-05-26T00:20:52.009-0300][gc,phases     ] GC(82)   Pre Evacuate Collection Set: 0,0ms
[2024-05-26T00:20:52.009-0300][gc,phases     ] GC(82)   Evacuate Collection Set: 7,1ms
[2024-05-26T00:20:52.009-0300][gc,phases     ] GC(82)   Post Evacuate Collection Set: 0,4ms
[2024-05-26T00:20:52.009-0300][gc,phases     ] GC(82)   Other: 0,2ms
[2024-05-26T00:20:52.009-0300][gc,heap       ] GC(82) Eden regions: 59->0(76)
[2024-05-26T00:20:52.009-0300][gc,heap       ] GC(82) Survivor regions: 6->6(9)
[2024-05-26T00:20:52.009-0300][gc,heap       ] GC(82) Old regions: 125->126
[2024-05-26T00:20:52.009-0300][gc,heap       ] GC(82) Humongous regions: 129->129
[2024-05-26T00:20:52.009-0300][gc,metaspace  ] GC(82) Metaspace: 46533K(49584K)->46533K(49584K) NonClass: 40708K(42416K)->40708K(42416K) Class: 5825K(7168K)->5825K(7168K)
[2024-05-26T00:20:52.009-0300][gc            ] GC(82) Pause Young (Normal) (G1 Evacuation Pause) 316M->258M(1024M) 7,776ms
[2024-05-26T00:20:52.009-0300][gc,cpu        ] GC(82) User=0,03s Sys=0,01s Real=0,01s
[2024-05-26T00:21:37.996-0300][gc,start      ] GC(83) Pause Young (Normal) (G1 Evacuation Pause)
[2024-05-26T00:21:37.996-0300][gc,task       ] GC(83) Using 4 workers of 4 for evacuation
[2024-05-26T00:21:38.013-0300][gc,phases     ] GC(83)   Pre Evacuate Collection Set: 0,0ms
[2024-05-26T00:21:38.013-0300][gc,phases     ] GC(83)   Evacuate Collection Set: 15,4ms
[2024-05-26T00:21:38.013-0300][gc,phases     ] GC(83)   Post Evacuate Collection Set: 0,5ms
[2024-05-26T00:21:38.013-0300][gc,phases     ] GC(83)   Other: 0,4ms
[2024-05-26T00:21:38.013-0300][gc,heap       ] GC(83) Eden regions: 76->0(74)
[2024-05-26T00:21:38.013-0300][gc,heap       ] GC(83) Survivor regions: 6->7(11)
[2024-05-26T00:21:38.013-0300][gc,heap       ] GC(83) Old regions: 126->126
[2024-05-26T00:21:38.013-0300][gc,heap       ] GC(83) Humongous regions: 129->129
[2024-05-26T00:21:38.013-0300][gc,metaspace  ] GC(83) Metaspace: 46533K(49584K)->46533K(49584K) NonClass: 40708K(42416K)->40708K(42416K) Class: 5825K(7168K)->5825K(7168K)
[2024-05-26T00:21:38.013-0300][gc            ] GC(83) Pause Young (Normal) (G1 Evacuation Pause) 334M->259M(1024M) 16,450ms
[2024-05-26T00:21:38.013-0300][gc,cpu        ] GC(83) User=0,05s Sys=0,01s Real=0,02s
[2024-05-26T00:22:29.987-0300][gc,start      ] GC(84) Pause Young (Normal) (G1 Evacuation Pause)
[2024-05-26T00:22:29.987-0300][gc,task       ] GC(84) Using 4 workers of 4 for evacuation
[2024-05-26T00:22:30.009-0300][gc,mmu        ] GC(84) MMU target violated: 21,0ms (20,0ms/21,0ms)
[2024-05-26T00:22:30.009-0300][gc,phases     ] GC(84)   Pre Evacuate Collection Set: 0,0ms
[2024-05-26T00:22:30.009-0300][gc,phases     ] GC(84)   Evacuate Collection Set: 20,8ms
[2024-05-26T00:22:30.009-0300][gc,phases     ] GC(84)   Post Evacuate Collection Set: 0,5ms
[2024-05-26T00:22:30.009-0300][gc,phases     ] GC(84)   Other: 0,3ms
[2024-05-26T00:22:30.009-0300][gc,heap       ] GC(84) Eden regions: 74->0(69)
[2024-05-26T00:22:30.009-0300][gc,heap       ] GC(84) Survivor regions: 7->7(11)
[2024-05-26T00:22:30.009-0300][gc,heap       ] GC(84) Old regions: 126->126
[2024-05-26T00:22:30.009-0300][gc,heap       ] GC(84) Humongous regions: 129->129
[2024-05-26T00:22:30.009-0300][gc,metaspace  ] GC(84) Metaspace: 46533K(49584K)->46533K(49584K) NonClass: 40708K(42416K)->40708K(42416K) Class: 5825K(7168K)->5825K(7168K)
[2024-05-26T00:22:30.009-0300][gc            ] GC(84) Pause Young (Normal) (G1 Evacuation Pause) 333M->260M(1024M) 21,683ms
[2024-05-26T00:22:30.009-0300][gc,cpu        ] GC(84) User=0,05s Sys=0,00s Real=0,03s
[2024-05-26T00:23:05.651-0300][gc,start      ] GC(85) Pause Young (Normal) (G1 Evacuation Pause)
[2024-05-26T00:23:05.652-0300][gc,task       ] GC(85) Using 4 workers of 4 for evacuation
[2024-05-26T00:23:05.659-0300][gc,phases     ] GC(85)   Pre Evacuate Collection Set: 0,0ms
[2024-05-26T00:23:05.659-0300][gc,phases     ] GC(85)   Evacuate Collection Set: 6,6ms
[2024-05-26T00:23:05.659-0300][gc,phases     ] GC(85)   Post Evacuate Collection Set: 0,3ms
[2024-05-26T00:23:05.659-0300][gc,phases     ] GC(85)   Other: 0,2ms
[2024-05-26T00:23:05.659-0300][gc,heap       ] GC(85) Eden regions: 56->0(69)
[2024-05-26T00:23:05.659-0300][gc,heap       ] GC(85) Survivor regions: 7->5(8)
[2024-05-26T00:23:05.659-0300][gc,heap       ] GC(85) Old regions: 126->130
[2024-05-26T00:23:05.659-0300][gc,heap       ] GC(85) Humongous regions: 129->129
[2024-05-26T00:23:05.659-0300][gc,metaspace  ] GC(85) Metaspace: 46534K(49584K)->46534K(49584K) NonClass: 40708K(42416K)->40708K(42416K) Class: 5825K(7168K)->5825K(7168K)
[2024-05-26T00:23:05.659-0300][gc            ] GC(85) Pause Young (Normal) (G1 Evacuation Pause) 316M->261M(1024M) 7,209ms
[2024-05-26T00:23:05.659-0300][gc,cpu        ] GC(85) User=0,02s Sys=0,00s Real=0,00s
[2024-05-26T00:23:54.227-0300][gc,start      ] GC(86) Pause Young (Normal) (G1 Evacuation Pause)
[2024-05-26T00:23:54.227-0300][gc,task       ] GC(86) Using 4 workers of 4 for evacuation
[2024-05-26T00:23:54.251-0300][gc,mmu        ] GC(86) MMU target violated: 21,0ms (20,0ms/21,0ms)
[2024-05-26T00:23:54.252-0300][gc,phases     ] GC(86)   Pre Evacuate Collection Set: 0,1ms
[2024-05-26T00:23:54.252-0300][gc,phases     ] GC(86)   Evacuate Collection Set: 21,8ms
[2024-05-26T00:23:54.252-0300][gc,phases     ] GC(86)   Post Evacuate Collection Set: 2,5ms
[2024-05-26T00:23:54.252-0300][gc,phases     ] GC(86)   Other: 0,5ms
[2024-05-26T00:23:54.252-0300][gc,heap       ] GC(86) Eden regions: 69->0(55)
[2024-05-26T00:23:54.252-0300][gc,heap       ] GC(86) Survivor regions: 5->6(10)
[2024-05-26T00:23:54.252-0300][gc,heap       ] GC(86) Old regions: 130->130
[2024-05-26T00:23:54.252-0300][gc,heap       ] GC(86) Humongous regions: 129->129
[2024-05-26T00:23:54.252-0300][gc,metaspace  ] GC(86) Metaspace: 46534K(49584K)->46534K(49584K) NonClass: 40708K(42416K)->40708K(42416K) Class: 5825K(7168K)->5825K(7168K)
[2024-05-26T00:23:54.252-0300][gc            ] GC(86) Pause Young (Normal) (G1 Evacuation Pause) 330M->262M(1024M) 24,961ms
[2024-05-26T00:23:54.252-0300][gc,cpu        ] GC(86) User=0,06s Sys=0,00s Real=0,03s
[2024-05-26T00:24:29.395-0300][gc,start      ] GC(87) Pause Young (Normal) (G1 Evacuation Pause)
[2024-05-26T00:24:29.395-0300][gc,task       ] GC(87) Using 4 workers of 4 for evacuation
[2024-05-26T00:24:29.421-0300][gc,mmu        ] GC(87) MMU target violated: 21,0ms (20,0ms/21,0ms)
[2024-05-26T00:24:29.421-0300][gc,phases     ] GC(87)   Pre Evacuate Collection Set: 0,1ms
[2024-05-26T00:24:29.421-0300][gc,phases     ] GC(87)   Evacuate Collection Set: 24,3ms
[2024-05-26T00:24:29.421-0300][gc,phases     ] GC(87)   Post Evacuate Collection Set: 0,6ms
[2024-05-26T00:24:29.421-0300][gc,phases     ] GC(87)   Other: 0,5ms
[2024-05-26T00:24:29.421-0300][gc,heap       ] GC(87) Eden regions: 55->0(54)
[2024-05-26T00:24:29.421-0300][gc,heap       ] GC(87) Survivor regions: 6->5(8)
[2024-05-26T00:24:29.421-0300][gc,heap       ] GC(87) Old regions: 130->132
[2024-05-26T00:24:29.421-0300][gc,heap       ] GC(87) Humongous regions: 129->129
[2024-05-26T00:24:29.421-0300][gc,metaspace  ] GC(87) Metaspace: 46534K(49584K)->46534K(49584K) NonClass: 40708K(42416K)->40708K(42416K) Class: 5825K(7168K)->5825K(7168K)
[2024-05-26T00:24:29.421-0300][gc            ] GC(87) Pause Young (Normal) (G1 Evacuation Pause) 317M->263M(1024M) 25,454ms
[2024-05-26T00:24:29.421-0300][gc,cpu        ] GC(87) User=0,07s Sys=0,00s Real=0,03s
[2024-05-26T00:25:08.228-0300][gc,start      ] GC(88) Pause Young (Normal) (G1 Evacuation Pause)
[2024-05-26T00:25:08.228-0300][gc,task       ] GC(88) Using 4 workers of 4 for evacuation
[2024-05-26T00:25:08.243-0300][gc,phases     ] GC(88)   Pre Evacuate Collection Set: 0,0ms
[2024-05-26T00:25:08.243-0300][gc,phases     ] GC(88)   Evacuate Collection Set: 14,7ms
[2024-05-26T00:25:08.243-0300][gc,phases     ] GC(88)   Post Evacuate Collection Set: 0,6ms
[2024-05-26T00:25:08.243-0300][gc,phases     ] GC(88)   Other: 0,3ms
[2024-05-26T00:25:08.243-0300][gc,heap       ] GC(88) Eden regions: 54->0(58)
[2024-05-26T00:25:08.243-0300][gc,heap       ] GC(88) Survivor regions: 5->4(8)
[2024-05-26T00:25:08.243-0300][gc,heap       ] GC(88) Old regions: 132->133
[2024-05-26T00:25:08.243-0300][gc,heap       ] GC(88) Humongous regions: 129->129
[2024-05-26T00:25:08.243-0300][gc,metaspace  ] GC(88) Metaspace: 46535K(49584K)->46535K(49584K) NonClass: 40710K(42416K)->40710K(42416K) Class: 5825K(7168K)->5825K(7168K)
[2024-05-26T00:25:08.243-0300][gc            ] GC(88) Pause Young (Normal) (G1 Evacuation Pause) 317M->264M(1024M) 15,774ms
[2024-05-26T00:25:08.243-0300][gc,cpu        ] GC(88) User=0,05s Sys=0,00s Real=0,02s
[2024-05-26T00:25:45.065-0300][gc,start      ] GC(89) Pause Young (Normal) (G1 Evacuation Pause)
[2024-05-26T00:25:45.066-0300][gc,task       ] GC(89) Using 4 workers of 4 for evacuation
[2024-05-26T00:25:45.084-0300][gc,phases     ] GC(89)   Pre Evacuate Collection Set: 0,1ms
[2024-05-26T00:25:45.084-0300][gc,phases     ] GC(89)   Evacuate Collection Set: 17,0ms
[2024-05-26T00:25:45.084-0300][gc,phases     ] GC(89)   Post Evacuate Collection Set: 1,1ms
[2024-05-26T00:25:45.084-0300][gc,phases     ] GC(89)   Other: 0,4ms
[2024-05-26T00:25:45.084-0300][gc,heap       ] GC(89) Eden regions: 58->0(55)
[2024-05-26T00:25:45.084-0300][gc,heap       ] GC(89) Survivor regions: 4->5(8)
[2024-05-26T00:25:45.084-0300][gc,heap       ] GC(89) Old regions: 133->133
[2024-05-26T00:25:45.084-0300][gc,heap       ] GC(89) Humongous regions: 129->129
[2024-05-26T00:25:45.084-0300][gc,metaspace  ] GC(89) Metaspace: 46535K(49584K)->46535K(49584K) NonClass: 40710K(42416K)->40710K(42416K) Class: 5825K(7168K)->5825K(7168K)
[2024-05-26T00:25:45.084-0300][gc            ] GC(89) Pause Young (Normal) (G1 Evacuation Pause) 322M->265M(1024M) 18,845ms
[2024-05-26T00:25:45.084-0300][gc,cpu        ] GC(89) User=0,06s Sys=0,00s Real=0,02s
[2024-05-26T00:26:25.394-0300][gc,start      ] GC(90) Pause Young (Normal) (G1 Evacuation Pause)
[2024-05-26T00:26:25.394-0300][gc,task       ] GC(90) Using 4 workers of 4 for evacuation
[2024-05-26T00:26:25.415-0300][gc,mmu        ] GC(90) MMU target violated: 20,6ms (20,0ms/21,0ms)
[2024-05-26T00:26:25.415-0300][gc,phases     ] GC(90)   Pre Evacuate Collection Set: 0,1ms
[2024-05-26T00:26:25.415-0300][gc,phases     ] GC(90)   Evacuate Collection Set: 19,3ms
[2024-05-26T00:26:25.415-0300][gc,phases     ] GC(90)   Post Evacuate Collection Set: 1,1ms
[2024-05-26T00:26:25.415-0300][gc,phases     ] GC(90)   Other: 0,5ms
[2024-05-26T00:26:25.415-0300][gc,heap       ] GC(90) Eden regions: 55->0(54)
[2024-05-26T00:26:25.415-0300][gc,heap       ] GC(90) Survivor regions: 5->5(8)
[2024-05-26T00:26:25.415-0300][gc,heap       ] GC(90) Old regions: 133->134
[2024-05-26T00:26:25.415-0300][gc,heap       ] GC(90) Humongous regions: 129->129
[2024-05-26T00:26:25.415-0300][gc,metaspace  ] GC(90) Metaspace: 46535K(49584K)->46535K(49584K) NonClass: 40710K(42416K)->40710K(42416K) Class: 5825K(7168K)->5825K(7168K)
[2024-05-26T00:26:25.415-0300][gc            ] GC(90) Pause Young (Normal) (G1 Evacuation Pause) 320M->266M(1024M) 21,109ms
[2024-05-26T00:26:25.415-0300][gc,cpu        ] GC(90) User=0,08s Sys=0,00s Real=0,02s
[2024-05-26T00:26:59.855-0300][gc,start      ] GC(91) Pause Young (Normal) (G1 Evacuation Pause)
[2024-05-26T00:26:59.855-0300][gc,task       ] GC(91) Using 4 workers of 4 for evacuation
[2024-05-26T00:26:59.876-0300][gc,mmu        ] GC(91) MMU target violated: 21,0ms (20,0ms/21,0ms)
[2024-05-26T00:26:59.876-0300][gc,phases     ] GC(91)   Pre Evacuate Collection Set: 0,1ms
[2024-05-26T00:26:59.876-0300][gc,phases     ] GC(91)   Evacuate Collection Set: 19,8ms
[2024-05-26T00:26:59.876-0300][gc,phases     ] GC(91)   Post Evacuate Collection Set: 0,9ms
[2024-05-26T00:26:59.877-0300][gc,phases     ] GC(91)   Other: 0,6ms
[2024-05-26T00:26:59.877-0300][gc,heap       ] GC(91) Eden regions: 54->0(53)
[2024-05-26T00:26:59.877-0300][gc,heap       ] GC(91) Survivor regions: 5->5(8)
[2024-05-26T00:26:59.877-0300][gc,heap       ] GC(91) Old regions: 134->135
[2024-05-26T00:26:59.877-0300][gc,heap       ] GC(91) Humongous regions: 129->129
[2024-05-26T00:26:59.877-0300][gc,metaspace  ] GC(91) Metaspace: 46535K(49584K)->46535K(49584K) NonClass: 40710K(42416K)->40710K(42416K) Class: 5825K(7168K)->5825K(7168K)
[2024-05-26T00:26:59.877-0300][gc            ] GC(91) Pause Young (Normal) (G1 Evacuation Pause) 320M->267M(1024M) 21,600ms
[2024-05-26T00:26:59.877-0300][gc,cpu        ] GC(91) User=0,07s Sys=0,01s Real=0,02s
[2024-05-26T00:27:38.072-0300][gc,start      ] GC(92) Pause Young (Normal) (G1 Evacuation Pause)
[2024-05-26T00:27:38.072-0300][gc,task       ] GC(92) Using 4 workers of 4 for evacuation
[2024-05-26T00:27:38.081-0300][gc,phases     ] GC(92)   Pre Evacuate Collection Set: 0,0ms
[2024-05-26T00:27:38.081-0300][gc,phases     ] GC(92)   Evacuate Collection Set: 8,2ms
[2024-05-26T00:27:38.081-0300][gc,phases     ] GC(92)   Post Evacuate Collection Set: 0,4ms
[2024-05-26T00:27:38.081-0300][gc,phases     ] GC(92)   Other: 0,2ms
[2024-05-26T00:27:38.081-0300][gc,heap       ] GC(92) Eden regions: 53->0(56)
[2024-05-26T00:27:38.081-0300][gc,heap       ] GC(92) Survivor regions: 5->5(8)
[2024-05-26T00:27:38.081-0300][gc,heap       ] GC(92) Old regions: 135->136
[2024-05-26T00:27:38.081-0300][gc,heap       ] GC(92) Humongous regions: 129->129
[2024-05-26T00:27:38.081-0300][gc,metaspace  ] GC(92) Metaspace: 46535K(49584K)->46535K(49584K) NonClass: 40710K(42416K)->40710K(42416K) Class: 5825K(7168K)->5825K(7168K)
[2024-05-26T00:27:38.081-0300][gc            ] GC(92) Pause Young (Normal) (G1 Evacuation Pause) 320M->268M(1024M) 8,884ms
[2024-05-26T00:27:38.081-0300][gc,cpu        ] GC(92) User=0,02s Sys=0,00s Real=0,01s
[2024-05-26T00:28:12.575-0300][gc,start      ] GC(93) Pause Young (Normal) (G1 Evacuation Pause)
[2024-05-26T00:28:12.575-0300][gc,task       ] GC(93) Using 4 workers of 4 for evacuation
[2024-05-26T00:28:12.585-0300][gc,phases     ] GC(93)   Pre Evacuate Collection Set: 0,0ms
[2024-05-26T00:28:12.585-0300][gc,phases     ] GC(93)   Evacuate Collection Set: 9,2ms
[2024-05-26T00:28:12.585-0300][gc,phases     ] GC(93)   Post Evacuate Collection Set: 0,5ms
[2024-05-26T00:28:12.585-0300][gc,phases     ] GC(93)   Other: 0,3ms
[2024-05-26T00:28:12.585-0300][gc,heap       ] GC(93) Eden regions: 56->0(59)
[2024-05-26T00:28:12.585-0300][gc,heap       ] GC(93) Survivor regions: 5->5(8)
[2024-05-26T00:28:12.585-0300][gc,heap       ] GC(93) Old regions: 136->137
[2024-05-26T00:28:12.585-0300][gc,heap       ] GC(93) Humongous regions: 129->129
[2024-05-26T00:28:12.585-0300][gc,metaspace  ] GC(93) Metaspace: 46535K(49584K)->46535K(49584K) NonClass: 40710K(42416K)->40710K(42416K) Class: 5825K(7168K)->5825K(7168K)
[2024-05-26T00:28:12.585-0300][gc            ] GC(93) Pause Young (Normal) (G1 Evacuation Pause) 324M->268M(1024M) 10,174ms
[2024-05-26T00:28:12.585-0300][gc,cpu        ] GC(93) User=0,03s Sys=0,00s Real=0,01s
[2024-05-26T00:28:54.247-0300][gc,start      ] GC(94) Pause Young (Normal) (G1 Evacuation Pause)
[2024-05-26T00:28:54.247-0300][gc,task       ] GC(94) Using 4 workers of 4 for evacuation
[2024-05-26T00:28:54.253-0300][gc,phases     ] GC(94)   Pre Evacuate Collection Set: 0,0ms
[2024-05-26T00:28:54.253-0300][gc,phases     ] GC(94)   Evacuate Collection Set: 4,9ms
[2024-05-26T00:28:54.253-0300][gc,phases     ] GC(94)   Post Evacuate Collection Set: 0,4ms
[2024-05-26T00:28:54.253-0300][gc,phases     ] GC(94)   Other: 0,2ms
[2024-05-26T00:28:54.253-0300][gc,heap       ] GC(94) Eden regions: 59->0(64)
[2024-05-26T00:28:54.253-0300][gc,heap       ] GC(94) Survivor regions: 5->5(8)
[2024-05-26T00:28:54.253-0300][gc,heap       ] GC(94) Old regions: 137->138
[2024-05-26T00:28:54.253-0300][gc,heap       ] GC(94) Humongous regions: 129->129
[2024-05-26T00:28:54.253-0300][gc,metaspace  ] GC(94) Metaspace: 46535K(49584K)->46535K(49584K) NonClass: 40710K(42416K)->40710K(42416K) Class: 5825K(7168K)->5825K(7168K)
[2024-05-26T00:28:54.253-0300][gc            ] GC(94) Pause Young (Normal) (G1 Evacuation Pause) 327M->270M(1024M) 5,539ms
[2024-05-26T00:28:54.253-0300][gc,cpu        ] GC(94) User=0,02s Sys=0,00s Real=0,01s
[2024-05-26T00:29:34.546-0300][gc,start      ] GC(95) Pause Young (Normal) (G1 Evacuation Pause)
[2024-05-26T00:29:34.546-0300][gc,task       ] GC(95) Using 4 workers of 4 for evacuation
[2024-05-26T00:29:34.568-0300][gc,mmu        ] GC(95) MMU target violated: 21,0ms (20,0ms/21,0ms)
[2024-05-26T00:29:34.568-0300][gc,phases     ] GC(95)   Pre Evacuate Collection Set: 0,1ms
[2024-05-26T00:29:34.568-0300][gc,phases     ] GC(95)   Evacuate Collection Set: 21,5ms
[2024-05-26T00:29:34.568-0300][gc,phases     ] GC(95)   Post Evacuate Collection Set: 0,5ms
[2024-05-26T00:29:34.568-0300][gc,phases     ] GC(95)   Other: 0,4ms
[2024-05-26T00:29:34.568-0300][gc,heap       ] GC(95) Eden regions: 64->0(62)
[2024-05-26T00:29:34.568-0300][gc,heap       ] GC(95) Survivor regions: 5->6(9)
[2024-05-26T00:29:34.568-0300][gc,heap       ] GC(95) Old regions: 138->138
[2024-05-26T00:29:34.568-0300][gc,heap       ] GC(95) Humongous regions: 129->129
[2024-05-26T00:29:34.568-0300][gc,metaspace  ] GC(95) Metaspace: 46535K(49584K)->46535K(49584K) NonClass: 40710K(42416K)->40710K(42416K) Class: 5825K(7168K)->5825K(7168K)
[2024-05-26T00:29:34.568-0300][gc            ] GC(95) Pause Young (Normal) (G1 Evacuation Pause) 334M->271M(1024M) 22,606ms
[2024-05-26T00:29:34.568-0300][gc,cpu        ] GC(95) User=0,07s Sys=0,00s Real=0,02s
[2024-05-26T00:30:20.022-0300][gc,start      ] GC(96) Pause Young (Normal) (G1 Evacuation Pause)
[2024-05-26T00:30:20.022-0300][gc,task       ] GC(96) Using 4 workers of 4 for evacuation
[2024-05-26T00:30:20.046-0300][gc,mmu        ] GC(96) MMU target violated: 21,0ms (20,0ms/21,0ms)
[2024-05-26T00:30:20.047-0300][gc,phases     ] GC(96)   Pre Evacuate Collection Set: 0,1ms
[2024-05-26T00:30:20.047-0300][gc,phases     ] GC(96)   Evacuate Collection Set: 23,1ms
[2024-05-26T00:30:20.047-0300][gc,phases     ] GC(96)   Post Evacuate Collection Set: 1,0ms
[2024-05-26T00:30:20.047-0300][gc,phases     ] GC(96)   Other: 0,5ms
[2024-05-26T00:30:20.047-0300][gc,heap       ] GC(96) Eden regions: 62->0(58)
[2024-05-26T00:30:20.047-0300][gc,heap       ] GC(96) Survivor regions: 6->5(9)
[2024-05-26T00:30:20.047-0300][gc,heap       ] GC(96) Old regions: 138->140
[2024-05-26T00:30:20.047-0300][gc,heap       ] GC(96) Humongous regions: 129->129
[2024-05-26T00:30:20.047-0300][gc,metaspace  ] GC(96) Metaspace: 46535K(49584K)->46535K(49584K) NonClass: 40710K(42416K)->40710K(42416K) Class: 5825K(7168K)->5825K(7168K)
[2024-05-26T00:30:20.047-0300][gc            ] GC(96) Pause Young (Normal) (G1 Evacuation Pause) 333M->271M(1024M) 24,857ms
[2024-05-26T00:30:20.047-0300][gc,cpu        ] GC(96) User=0,09s Sys=0,00s Real=0,02s
[2024-05-26T00:30:55.250-0300][gc,start      ] GC(97) Pause Young (Normal) (G1 Evacuation Pause)
[2024-05-26T00:30:55.250-0300][gc,task       ] GC(97) Using 4 workers of 4 for evacuation
[2024-05-26T00:30:55.271-0300][gc,mmu        ] GC(97) MMU target violated: 21,0ms (20,0ms/21,0ms)
[2024-05-26T00:30:55.271-0300][gc,phases     ] GC(97)   Pre Evacuate Collection Set: 0,1ms
[2024-05-26T00:30:55.271-0300][gc,phases     ] GC(97)   Evacuate Collection Set: 20,1ms
[2024-05-26T00:30:55.271-0300][gc,phases     ] GC(97)   Post Evacuate Collection Set: 1,1ms
[2024-05-26T00:30:55.271-0300][gc,phases     ] GC(97)   Other: 0,5ms
[2024-05-26T00:30:55.271-0300][gc,heap       ] GC(97) Eden regions: 58->0(59)
[2024-05-26T00:30:55.271-0300][gc,heap       ] GC(97) Survivor regions: 5->6(8)
[2024-05-26T00:30:55.271-0300][gc,heap       ] GC(97) Old regions: 140->141
[2024-05-26T00:30:55.272-0300][gc,heap       ] GC(97) Humongous regions: 129->129
[2024-05-26T00:30:55.272-0300][gc,metaspace  ] GC(97) Metaspace: 46587K(49712K)->46587K(49712K) NonClass: 40748K(42416K)->40748K(42416K) Class: 5838K(7296K)->5838K(7296K)
[2024-05-26T00:30:55.272-0300][gc            ] GC(97) Pause Young (Normal) (G1 Evacuation Pause) 329M->273M(1024M) 21,989ms
[2024-05-26T00:30:55.272-0300][gc,cpu        ] GC(97) User=0,08s Sys=0,00s Real=0,02s
[2024-05-26T00:31:34.526-0300][gc,start      ] GC(98) Pause Young (Normal) (G1 Evacuation Pause)
[2024-05-26T00:31:34.526-0300][gc,task       ] GC(98) Using 4 workers of 4 for evacuation
[2024-05-26T00:31:34.534-0300][gc,phases     ] GC(98)   Pre Evacuate Collection Set: 0,0ms
[2024-05-26T00:31:34.534-0300][gc,phases     ] GC(98)   Evacuate Collection Set: 7,7ms
[2024-05-26T00:31:34.534-0300][gc,phases     ] GC(98)   Post Evacuate Collection Set: 0,5ms
[2024-05-26T00:31:34.534-0300][gc,phases     ] GC(98)   Other: 0,2ms
[2024-05-26T00:31:34.534-0300][gc,heap       ] GC(98) Eden regions: 54->0(61)
[2024-05-26T00:31:34.534-0300][gc,heap       ] GC(98) Survivor regions: 6->5(8)
[2024-05-26T00:31:34.534-0300][gc,heap       ] GC(98) Old regions: 141->142
[2024-05-26T00:31:34.534-0300][gc,heap       ] GC(98) Humongous regions: 129->129
[2024-05-26T00:31:34.534-0300][gc,metaspace  ] GC(98) Metaspace: 46588K(49712K)->46588K(49712K) NonClass: 40749K(42416K)->40749K(42416K) Class: 5838K(7296K)->5838K(7296K)
[2024-05-26T00:31:34.534-0300][gc            ] GC(98) Pause Young (Normal) (G1 Evacuation Pause) 327M->273M(1024M) 8,543ms
[2024-05-26T00:31:34.535-0300][gc,cpu        ] GC(98) User=0,03s Sys=0,01s Real=0,01s
[2024-05-26T00:32:11.994-0300][gc,start      ] GC(99) Pause Young (Normal) (G1 Evacuation Pause)
[2024-05-26T00:32:11.994-0300][gc,task       ] GC(99) Using 4 workers of 4 for evacuation
[2024-05-26T00:32:12.003-0300][gc,phases     ] GC(99)   Pre Evacuate Collection Set: 0,0ms
[2024-05-26T00:32:12.003-0300][gc,phases     ] GC(99)   Evacuate Collection Set: 8,0ms
[2024-05-26T00:32:12.003-0300][gc,phases     ] GC(99)   Post Evacuate Collection Set: 0,4ms
[2024-05-26T00:32:12.003-0300][gc,phases     ] GC(99)   Other: 0,2ms
[2024-05-26T00:32:12.003-0300][gc,heap       ] GC(99) Eden regions: 61->0(65)
[2024-05-26T00:32:12.003-0300][gc,heap       ] GC(99) Survivor regions: 5->6(9)
[2024-05-26T00:32:12.003-0300][gc,heap       ] GC(99) Old regions: 142->143
[2024-05-26T00:32:12.003-0300][gc,heap       ] GC(99) Humongous regions: 129->129
[2024-05-26T00:32:12.003-0300][gc,metaspace  ] GC(99) Metaspace: 46588K(49712K)->46588K(49712K) NonClass: 40749K(42416K)->40749K(42416K) Class: 5838K(7296K)->5838K(7296K)
[2024-05-26T00:32:12.003-0300][gc            ] GC(99) Pause Young (Normal) (G1 Evacuation Pause) 334M->275M(1024M) 8,675ms
[2024-05-26T00:32:12.003-0300][gc,cpu        ] GC(99) User=0,02s Sys=0,00s Real=0,01s
[2024-05-26T00:33:00.138-0300][gc,start      ] GC(100) Pause Young (Normal) (G1 Evacuation Pause)
[2024-05-26T00:33:00.138-0300][gc,task       ] GC(100) Using 4 workers of 4 for evacuation
[2024-05-26T00:33:00.147-0300][gc,phases     ] GC(100)   Pre Evacuate Collection Set: 0,1ms
[2024-05-26T00:33:00.147-0300][gc,phases     ] GC(100)   Evacuate Collection Set: 7,4ms
[2024-05-26T00:33:00.147-0300][gc,phases     ] GC(100)   Post Evacuate Collection Set: 0,6ms
[2024-05-26T00:33:00.147-0300][gc,phases     ] GC(100)   Other: 0,4ms
[2024-05-26T00:33:00.147-0300][gc,heap       ] GC(100) Eden regions: 65->0(70)
[2024-05-26T00:33:00.147-0300][gc,heap       ] GC(100) Survivor regions: 6->5(9)
[2024-05-26T00:33:00.147-0300][gc,heap       ] GC(100) Old regions: 143->144
[2024-05-26T00:33:00.147-0300][gc,heap       ] GC(100) Humongous regions: 129->129
[2024-05-26T00:33:00.147-0300][gc,metaspace  ] GC(100) Metaspace: 46588K(49712K)->46588K(49712K) NonClass: 40749K(42416K)->40749K(42416K) Class: 5838K(7296K)->5838K(7296K)
[2024-05-26T00:33:00.147-0300][gc            ] GC(100) Pause Young (Normal) (G1 Evacuation Pause) 340M->276M(1024M) 8,564ms
[2024-05-26T00:33:00.147-0300][gc,cpu        ] GC(100) User=0,03s Sys=0,00s Real=0,01s
[2024-05-26T00:33:44.654-0300][gc,start      ] GC(101) Pause Young (Normal) (G1 Evacuation Pause)
[2024-05-26T00:33:44.654-0300][gc,task       ] GC(101) Using 4 workers of 4 for evacuation
[2024-05-26T00:33:44.675-0300][gc,mmu        ] GC(101) MMU target violated: 21,0ms (20,0ms/21,0ms)
[2024-05-26T00:33:44.676-0300][gc,phases     ] GC(101)   Pre Evacuate Collection Set: 0,1ms
[2024-05-26T00:33:44.676-0300][gc,phases     ] GC(101)   Evacuate Collection Set: 20,2ms
[2024-05-26T00:33:44.676-0300][gc,phases     ] GC(101)   Post Evacuate Collection Set: 0,9ms
[2024-05-26T00:33:44.676-0300][gc,phases     ] GC(101)   Other: 0,5ms
[2024-05-26T00:33:44.676-0300][gc,heap       ] GC(101) Eden regions: 70->0(67)
[2024-05-26T00:33:44.676-0300][gc,heap       ] GC(101) Survivor regions: 5->7(10)
[2024-05-26T00:33:44.676-0300][gc,heap       ] GC(101) Old regions: 144->144
[2024-05-26T00:33:44.676-0300][gc,heap       ] GC(101) Humongous regions: 129->129
[2024-05-26T00:33:44.676-0300][gc,metaspace  ] GC(101) Metaspace: 46588K(49712K)->46588K(49712K) NonClass: 40749K(42416K)->40749K(42416K) Class: 5838K(7296K)->5838K(7296K)
[2024-05-26T00:33:44.676-0300][gc            ] GC(101) Pause Young (Normal) (G1 Evacuation Pause) 346M->277M(1024M) 21,735ms
[2024-05-26T00:33:44.676-0300][gc,cpu        ] GC(101) User=0,08s Sys=0,01s Real=0,02s
[2024-05-26T00:34:27.369-0300][gc,start      ] GC(102) Pause Young (Normal) (G1 Evacuation Pause)
[2024-05-26T00:34:27.369-0300][gc,task       ] GC(102) Using 4 workers of 4 for evacuation
[2024-05-26T00:34:27.399-0300][gc,mmu        ] GC(102) MMU target violated: 21,0ms (20,0ms/21,0ms)
[2024-05-26T00:34:27.399-0300][gc,phases     ] GC(102)   Pre Evacuate Collection Set: 0,1ms
[2024-05-26T00:34:27.399-0300][gc,phases     ] GC(102)   Evacuate Collection Set: 28,6ms
[2024-05-26T00:34:27.399-0300][gc,phases     ] GC(102)   Post Evacuate Collection Set: 0,8ms
[2024-05-26T00:34:27.399-0300][gc,phases     ] GC(102)   Other: 0,5ms
[2024-05-26T00:34:27.399-0300][gc,heap       ] GC(102) Eden regions: 60->0(43)
[2024-05-26T00:34:27.399-0300][gc,heap       ] GC(102) Survivor regions: 7->8(9)
[2024-05-26T00:34:27.399-0300][gc,heap       ] GC(102) Old regions: 144->146
[2024-05-26T00:34:27.399-0300][gc,heap       ] GC(102) Humongous regions: 129->129
[2024-05-26T00:34:27.399-0300][gc,metaspace  ] GC(102) Metaspace: 46588K(49712K)->46588K(49712K) NonClass: 40749K(42416K)->40749K(42416K) Class: 5838K(7296K)->5838K(7296K)
[2024-05-26T00:34:27.399-0300][gc            ] GC(102) Pause Young (Normal) (G1 Evacuation Pause) 337M->280M(1024M) 30,134ms
[2024-05-26T00:34:27.399-0300][gc,cpu        ] GC(102) User=0,12s Sys=0,00s Real=0,02s
[2024-05-26T00:34:53.779-0300][gc,start      ] GC(103) Pause Young (Normal) (G1 Evacuation Pause)
[2024-05-26T00:34:53.779-0300][gc,task       ] GC(103) Using 4 workers of 4 for evacuation
[2024-05-26T00:34:53.787-0300][gc,phases     ] GC(103)   Pre Evacuate Collection Set: 0,0ms
[2024-05-26T00:34:53.787-0300][gc,phases     ] GC(103)   Evacuate Collection Set: 7,8ms
[2024-05-26T00:34:53.787-0300][gc,phases     ] GC(103)   Post Evacuate Collection Set: 0,3ms
[2024-05-26T00:34:53.788-0300][gc,phases     ] GC(103)   Other: 0,2ms
[2024-05-26T00:34:53.788-0300][gc,heap       ] GC(103) Eden regions: 43->0(58)
[2024-05-26T00:34:53.788-0300][gc,heap       ] GC(103) Survivor regions: 8->2(7)
[2024-05-26T00:34:53.788-0300][gc,heap       ] GC(103) Old regions: 146->153
[2024-05-26T00:34:53.788-0300][gc,heap       ] GC(103) Humongous regions: 129->129
[2024-05-26T00:34:53.788-0300][gc,metaspace  ] GC(103) Metaspace: 46590K(49712K)->46590K(49712K) NonClass: 40751K(42416K)->40751K(42416K) Class: 5838K(7296K)->5838K(7296K)
[2024-05-26T00:34:53.788-0300][gc            ] GC(103) Pause Young (Normal) (G1 Evacuation Pause) 323M->282M(1024M) 8,385ms
[2024-05-26T00:34:53.788-0300][gc,cpu        ] GC(103) User=0,03s Sys=0,00s Real=0,01s
[2024-05-26T00:35:32.435-0300][gc,start      ] GC(104) Pause Young (Normal) (G1 Evacuation Pause)
[2024-05-26T00:35:32.435-0300][gc,task       ] GC(104) Using 4 workers of 4 for evacuation
[2024-05-26T00:35:32.452-0300][gc,phases     ] GC(104)   Pre Evacuate Collection Set: 0,1ms
[2024-05-26T00:35:32.452-0300][gc,phases     ] GC(104)   Evacuate Collection Set: 14,8ms
[2024-05-26T00:35:32.452-0300][gc,phases     ] GC(104)   Post Evacuate Collection Set: 1,2ms
[2024-05-26T00:35:32.452-0300][gc,phases     ] GC(104)   Other: 0,4ms
[2024-05-26T00:35:32.452-0300][gc,heap       ] GC(104) Eden regions: 54->0(47)
[2024-05-26T00:35:32.452-0300][gc,heap       ] GC(104) Survivor regions: 2->4(7)
[2024-05-26T00:35:32.452-0300][gc,heap       ] GC(104) Old regions: 153->153
[2024-05-26T00:35:32.452-0300][gc,heap       ] GC(104) Humongous regions: 129->129
[2024-05-26T00:35:32.452-0300][gc,metaspace  ] GC(104) Metaspace: 46590K(49712K)->46590K(49712K) NonClass: 40751K(42416K)->40751K(42416K) Class: 5838K(7296K)->5838K(7296K)
[2024-05-26T00:35:32.452-0300][gc            ] GC(104) Pause Young (Normal) (G1 Evacuation Pause) 336M->284M(1024M) 16,740ms
[2024-05-26T00:35:32.452-0300][gc,cpu        ] GC(104) User=0,06s Sys=0,00s Real=0,02s
[2024-05-26T00:36:01.462-0300][gc,start      ] GC(105) Pause Young (Normal) (G1 Evacuation Pause)
[2024-05-26T00:36:01.462-0300][gc,task       ] GC(105) Using 4 workers of 4 for evacuation
[2024-05-26T00:36:01.469-0300][gc,phases     ] GC(105)   Pre Evacuate Collection Set: 0,0ms
[2024-05-26T00:36:01.469-0300][gc,phases     ] GC(105)   Evacuate Collection Set: 5,6ms
[2024-05-26T00:36:01.469-0300][gc,phases     ] GC(105)   Post Evacuate Collection Set: 0,9ms
[2024-05-26T00:36:01.469-0300][gc,phases     ] GC(105)   Other: 0,3ms
[2024-05-26T00:36:01.469-0300][gc,heap       ] GC(105) Eden regions: 47->0(52)
[2024-05-26T00:36:01.469-0300][gc,heap       ] GC(105) Survivor regions: 4->5(7)
[2024-05-26T00:36:01.469-0300][gc,heap       ] GC(105) Old regions: 153->153
[2024-05-26T00:36:01.469-0300][gc,heap       ] GC(105) Humongous regions: 129->129
[2024-05-26T00:36:01.469-0300][gc,metaspace  ] GC(105) Metaspace: 46591K(49712K)->46591K(49712K) NonClass: 40752K(42416K)->40752K(42416K) Class: 5838K(7296K)->5838K(7296K)
[2024-05-26T00:36:01.469-0300][gc            ] GC(105) Pause Young (Normal) (G1 Evacuation Pause) 331M->285M(1024M) 7,011ms
[2024-05-26T00:36:01.469-0300][gc,cpu        ] GC(105) User=0,02s Sys=0,00s Real=0,01s
[2024-05-26T00:36:33.775-0300][gc,start      ] GC(106) Pause Young (Normal) (G1 Evacuation Pause)
[2024-05-26T00:36:33.776-0300][gc,task       ] GC(106) Using 4 workers of 4 for evacuation
[2024-05-26T00:36:33.793-0300][gc,phases     ] GC(106)   Pre Evacuate Collection Set: 0,0ms
[2024-05-26T00:36:33.793-0300][gc,phases     ] GC(106)   Evacuate Collection Set: 16,6ms
[2024-05-26T00:36:33.793-0300][gc,phases     ] GC(106)   Post Evacuate Collection Set: 0,6ms
[2024-05-26T00:36:33.793-0300][gc,phases     ] GC(106)   Other: 0,4ms
[2024-05-26T00:36:33.793-0300][gc,heap       ] GC(106) Eden regions: 52->0(53)
[2024-05-26T00:36:33.793-0300][gc,heap       ] GC(106) Survivor regions: 5->5(8)
[2024-05-26T00:36:33.793-0300][gc,heap       ] GC(106) Old regions: 153->154
[2024-05-26T00:36:33.793-0300][gc,heap       ] GC(106) Humongous regions: 129->129
[2024-05-26T00:36:33.793-0300][gc,metaspace  ] GC(106) Metaspace: 46591K(49712K)->46591K(49712K) NonClass: 40752K(42416K)->40752K(42416K) Class: 5838K(7296K)->5838K(7296K)
[2024-05-26T00:36:33.793-0300][gc            ] GC(106) Pause Young (Normal) (G1 Evacuation Pause) 337M->286M(1024M) 17,845ms
[2024-05-26T00:36:33.793-0300][gc,cpu        ] GC(106) User=0,05s Sys=0,01s Real=0,02s
[2024-05-26T00:37:11.881-0300][gc,start      ] GC(107) Pause Young (Normal) (G1 Evacuation Pause)
[2024-05-26T00:37:11.881-0300][gc,task       ] GC(107) Using 4 workers of 4 for evacuation
[2024-05-26T00:37:11.907-0300][gc,mmu        ] GC(107) MMU target violated: 21,0ms (20,0ms/21,0ms)
[2024-05-26T00:37:11.907-0300][gc,phases     ] GC(107)   Pre Evacuate Collection Set: 0,1ms
[2024-05-26T00:37:11.907-0300][gc,phases     ] GC(107)   Evacuate Collection Set: 24,8ms
[2024-05-26T00:37:11.907-0300][gc,phases     ] GC(107)   Post Evacuate Collection Set: 0,9ms
[2024-05-26T00:37:11.907-0300][gc,phases     ] GC(107)   Other: 0,5ms
[2024-05-26T00:37:11.907-0300][gc,heap       ] GC(107) Eden regions: 53->0(51)
[2024-05-26T00:37:11.907-0300][gc,heap       ] GC(107) Survivor regions: 5->3(8)
[2024-05-26T00:37:11.907-0300][gc,heap       ] GC(107) Old regions: 154->157
[2024-05-26T00:37:11.907-0300][gc,heap       ] GC(107) Humongous regions: 129->129
[2024-05-26T00:37:11.907-0300][gc,metaspace  ] GC(107) Metaspace: 46592K(49712K)->46592K(49712K) NonClass: 40754K(42416K)->40754K(42416K) Class: 5838K(7296K)->5838K(7296K)
[2024-05-26T00:37:11.907-0300][gc            ] GC(107) Pause Young (Normal) (G1 Evacuation Pause) 339M->286M(1024M) 26,370ms
[2024-05-26T00:37:11.907-0300][gc,cpu        ] GC(107) User=0,08s Sys=0,00s Real=0,02s
[2024-05-26T00:37:42.706-0300][gc,start      ] GC(108) Pause Young (Normal) (G1 Evacuation Pause)
[2024-05-26T00:37:42.706-0300][gc,task       ] GC(108) Using 4 workers of 4 for evacuation
[2024-05-26T00:37:42.713-0300][gc,phases     ] GC(108)   Pre Evacuate Collection Set: 0,0ms
[2024-05-26T00:37:42.713-0300][gc,phases     ] GC(108)   Evacuate Collection Set: 5,7ms
[2024-05-26T00:37:42.713-0300][gc,phases     ] GC(108)   Post Evacuate Collection Set: 0,5ms
[2024-05-26T00:37:42.713-0300][gc,phases     ] GC(108)   Other: 0,2ms
[2024-05-26T00:37:42.713-0300][gc,heap       ] GC(108) Eden regions: 51->0(55)
[2024-05-26T00:37:42.713-0300][gc,heap       ] GC(108) Survivor regions: 3->4(7)
[2024-05-26T00:37:42.713-0300][gc,heap       ] GC(108) Old regions: 157->157
[2024-05-26T00:37:42.713-0300][gc,heap       ] GC(108) Humongous regions: 129->129
[2024-05-26T00:37:42.713-0300][gc,metaspace  ] GC(108) Metaspace: 46786K(50096K)->46786K(50096K) NonClass: 40882K(42672K)->40882K(42672K) Class: 5903K(7424K)->5903K(7424K)
[2024-05-26T00:37:42.713-0300][gc            ] GC(108) Pause Young (Normal) (G1 Evacuation Pause) 337M->287M(1024M) 6,507ms
[2024-05-26T00:37:42.713-0300][gc,cpu        ] GC(108) User=0,02s Sys=0,00s Real=0,01s
[2024-05-26T00:38:24.910-0300][gc,start      ] GC(109) Pause Young (Normal) (G1 Evacuation Pause)
[2024-05-26T00:38:24.910-0300][gc,task       ] GC(109) Using 4 workers of 4 for evacuation
[2024-05-26T00:38:24.925-0300][gc,phases     ] GC(109)   Pre Evacuate Collection Set: 0,1ms
[2024-05-26T00:38:24.925-0300][gc,phases     ] GC(109)   Evacuate Collection Set: 14,3ms
[2024-05-26T00:38:24.925-0300][gc,phases     ] GC(109)   Post Evacuate Collection Set: 1,0ms
[2024-05-26T00:38:24.925-0300][gc,phases     ] GC(109)   Other: 0,4ms
[2024-05-26T00:38:24.925-0300][gc,heap       ] GC(109) Eden regions: 55->0(55)
[2024-05-26T00:38:24.925-0300][gc,heap       ] GC(109) Survivor regions: 4->5(8)
[2024-05-26T00:38:24.925-0300][gc,heap       ] GC(109) Old regions: 157->157
[2024-05-26T00:38:24.925-0300][gc,heap       ] GC(109) Humongous regions: 129->129
[2024-05-26T00:38:24.925-0300][gc,metaspace  ] GC(109) Metaspace: 46786K(50096K)->46786K(50096K) NonClass: 40882K(42672K)->40882K(42672K) Class: 5903K(7424K)->5903K(7424K)
[2024-05-26T00:38:24.926-0300][gc            ] GC(109) Pause Young (Normal) (G1 Evacuation Pause) 342M->288M(1024M) 15,993ms
[2024-05-26T00:38:24.926-0300][gc,cpu        ] GC(109) User=0,05s Sys=0,00s Real=0,01s
[2024-05-26T00:39:00.452-0300][gc,start      ] GC(110) Pause Young (Normal) (G1 Evacuation Pause)
[2024-05-26T00:39:00.452-0300][gc,task       ] GC(110) Using 4 workers of 4 for evacuation
[2024-05-26T00:39:00.473-0300][gc,mmu        ] GC(110) MMU target violated: 21,0ms (20,0ms/21,0ms)
[2024-05-26T00:39:00.473-0300][gc,phases     ] GC(110)   Pre Evacuate Collection Set: 0,1ms
[2024-05-26T00:39:00.473-0300][gc,phases     ] GC(110)   Evacuate Collection Set: 20,0ms
[2024-05-26T00:39:00.473-0300][gc,phases     ] GC(110)   Post Evacuate Collection Set: 0,9ms
[2024-05-26T00:39:00.473-0300][gc,phases     ] GC(110)   Other: 0,5ms
[2024-05-26T00:39:00.473-0300][gc,heap       ] GC(110) Eden regions: 55->0(51)
[2024-05-26T00:39:00.473-0300][gc,heap       ] GC(110) Survivor regions: 5->5(8)
[2024-05-26T00:39:00.473-0300][gc,heap       ] GC(110) Old regions: 157->157
[2024-05-26T00:39:00.473-0300][gc,heap       ] GC(110) Humongous regions: 129->129
[2024-05-26T00:39:00.473-0300][gc,metaspace  ] GC(110) Metaspace: 46786K(50096K)->46786K(50096K) NonClass: 40882K(42672K)->40882K(42672K) Class: 5903K(7424K)->5903K(7424K)
[2024-05-26T00:39:00.473-0300][gc            ] GC(110) Pause Young (Normal) (G1 Evacuation Pause) 343M->289M(1024M) 21,719ms
[2024-05-26T00:39:00.473-0300][gc,cpu        ] GC(110) User=0,07s Sys=0,00s Real=0,02s
[2024-05-26T00:39:38.822-0300][gc,start      ] GC(111) Pause Young (Normal) (G1 Evacuation Pause)
[2024-05-26T00:39:38.822-0300][gc,task       ] GC(111) Using 4 workers of 4 for evacuation
[2024-05-26T00:39:38.841-0300][gc,phases     ] GC(111)   Pre Evacuate Collection Set: 0,1ms
[2024-05-26T00:39:38.841-0300][gc,phases     ] GC(111)   Evacuate Collection Set: 17,5ms
[2024-05-26T00:39:38.841-0300][gc,phases     ] GC(111)   Post Evacuate Collection Set: 1,0ms
[2024-05-26T00:39:38.841-0300][gc,phases     ] GC(111)   Other: 0,5ms
[2024-05-26T00:39:38.841-0300][gc,heap       ] GC(111) Eden regions: 51->0(51)
[2024-05-26T00:39:38.841-0300][gc,heap       ] GC(111) Survivor regions: 5->4(7)
[2024-05-26T00:39:38.841-0300][gc,heap       ] GC(111) Old regions: 157->159
[2024-05-26T00:39:38.841-0300][gc,heap       ] GC(111) Humongous regions: 129->129
[2024-05-26T00:39:38.841-0300][gc,metaspace  ] GC(111) Metaspace: 46786K(50096K)->46786K(50096K) NonClass: 40882K(42672K)->40882K(42672K) Class: 5903K(7424K)->5903K(7424K)
[2024-05-26T00:39:38.841-0300][gc            ] GC(111) Pause Young (Normal) (G1 Evacuation Pause) 340M->290M(1024M) 19,280ms
[2024-05-26T00:39:38.841-0300][gc,cpu        ] GC(111) User=0,06s Sys=0,01s Real=0,02s
[2024-05-26T00:40:10.608-0300][gc,start      ] GC(112) Pause Young (Normal) (G1 Evacuation Pause)
[2024-05-26T00:40:10.608-0300][gc,task       ] GC(112) Using 4 workers of 4 for evacuation
[2024-05-26T00:40:10.624-0300][gc,phases     ] GC(112)   Pre Evacuate Collection Set: 0,1ms
[2024-05-26T00:40:10.624-0300][gc,phases     ] GC(112)   Evacuate Collection Set: 14,9ms
[2024-05-26T00:40:10.624-0300][gc,phases     ] GC(112)   Post Evacuate Collection Set: 1,0ms
[2024-05-26T00:40:10.624-0300][gc,phases     ] GC(112)   Other: 0,4ms
[2024-05-26T00:40:10.624-0300][gc,heap       ] GC(112) Eden regions: 51->0(52)
[2024-05-26T00:40:10.624-0300][gc,heap       ] GC(112) Survivor regions: 4->5(7)
[2024-05-26T00:40:10.624-0300][gc,heap       ] GC(112) Old regions: 159->159
[2024-05-26T00:40:10.624-0300][gc,heap       ] GC(112) Humongous regions: 129->129
[2024-05-26T00:40:10.624-0300][gc,metaspace  ] GC(112) Metaspace: 46786K(50096K)->46786K(50096K) NonClass: 40882K(42672K)->40882K(42672K) Class: 5903K(7424K)->5903K(7424K)
[2024-05-26T00:40:10.625-0300][gc            ] GC(112) Pause Young (Normal) (G1 Evacuation Pause) 341M->291M(1024M) 16,681ms
[2024-05-26T00:40:10.625-0300][gc,cpu        ] GC(112) User=0,06s Sys=0,00s Real=0,02s
[2024-05-26T00:40:44.169-0300][gc,start      ] GC(113) Pause Young (Normal) (G1 Evacuation Pause)
[2024-05-26T00:40:44.169-0300][gc,task       ] GC(113) Using 4 workers of 4 for evacuation
[2024-05-26T00:40:44.189-0300][gc,phases     ] GC(113)   Pre Evacuate Collection Set: 0,1ms
[2024-05-26T00:40:44.189-0300][gc,phases     ] GC(113)   Evacuate Collection Set: 18,8ms
[2024-05-26T00:40:44.189-0300][gc,phases     ] GC(113)   Post Evacuate Collection Set: 0,7ms
[2024-05-26T00:40:44.189-0300][gc,phases     ] GC(113)   Other: 0,4ms
[2024-05-26T00:40:44.189-0300][gc,heap       ] GC(113) Eden regions: 52->0(52)
[2024-05-26T00:40:44.189-0300][gc,heap       ] GC(113) Survivor regions: 5->5(8)
[2024-05-26T00:40:44.189-0300][gc,heap       ] GC(113) Old regions: 159->160
[2024-05-26T00:40:44.189-0300][gc,heap       ] GC(113) Humongous regions: 129->129
[2024-05-26T00:40:44.189-0300][gc,metaspace  ] GC(113) Metaspace: 46786K(50096K)->46786K(50096K) NonClass: 40882K(42672K)->40882K(42672K) Class: 5903K(7424K)->5903K(7424K)
[2024-05-26T00:40:44.189-0300][gc            ] GC(113) Pause Young (Normal) (G1 Evacuation Pause) 343M->292M(1024M) 20,067ms
[2024-05-26T00:40:44.189-0300][gc,cpu        ] GC(113) User=0,06s Sys=0,00s Real=0,02s
[2024-05-26T00:41:24.179-0300][gc,start      ] GC(114) Pause Young (Normal) (G1 Evacuation Pause)
[2024-05-26T00:41:24.179-0300][gc,task       ] GC(114) Using 4 workers of 4 for evacuation
[2024-05-26T00:41:24.187-0300][gc,phases     ] GC(114)   Pre Evacuate Collection Set: 0,0ms
[2024-05-26T00:41:24.187-0300][gc,phases     ] GC(114)   Evacuate Collection Set: 6,5ms
[2024-05-26T00:41:24.187-0300][gc,phases     ] GC(114)   Post Evacuate Collection Set: 0,4ms
[2024-05-26T00:41:24.187-0300][gc,phases     ] GC(114)   Other: 0,2ms
[2024-05-26T00:41:24.187-0300][gc,heap       ] GC(114) Eden regions: 52->0(56)
[2024-05-26T00:41:24.187-0300][gc,heap       ] GC(114) Survivor regions: 5->5(8)
[2024-05-26T00:41:24.187-0300][gc,heap       ] GC(114) Old regions: 160->161
[2024-05-26T00:41:24.187-0300][gc,heap       ] GC(114) Humongous regions: 129->129
[2024-05-26T00:41:24.187-0300][gc,metaspace  ] GC(114) Metaspace: 46786K(50096K)->46786K(50096K) NonClass: 40882K(42672K)->40882K(42672K) Class: 5903K(7424K)->5903K(7424K)
[2024-05-26T00:41:24.187-0300][gc            ] GC(114) Pause Young (Normal) (G1 Evacuation Pause) 344M->292M(1024M) 7,297ms
[2024-05-26T00:41:24.187-0300][gc,cpu        ] GC(114) User=0,02s Sys=0,00s Real=0,01s
[2024-05-26T00:41:59.935-0300][gc,start      ] GC(115) Pause Young (Normal) (G1 Evacuation Pause)
[2024-05-26T00:41:59.935-0300][gc,task       ] GC(115) Using 4 workers of 4 for evacuation
[2024-05-26T00:41:59.955-0300][gc,phases     ] GC(115)   Pre Evacuate Collection Set: 0,1ms
[2024-05-26T00:41:59.955-0300][gc,phases     ] GC(115)   Evacuate Collection Set: 18,1ms
[2024-05-26T00:41:59.955-0300][gc,phases     ] GC(115)   Post Evacuate Collection Set: 1,0ms
[2024-05-26T00:41:59.955-0300][gc,phases     ] GC(115)   Other: 0,4ms
[2024-05-26T00:41:59.955-0300][gc,heap       ] GC(115) Eden regions: 56->0(55)
[2024-05-26T00:41:59.955-0300][gc,heap       ] GC(115) Survivor regions: 5->5(8)
[2024-05-26T00:41:59.955-0300][gc,heap       ] GC(115) Old regions: 161->162
[2024-05-26T00:41:59.955-0300][gc,heap       ] GC(115) Humongous regions: 129->129
[2024-05-26T00:41:59.955-0300][gc,metaspace  ] GC(115) Metaspace: 46786K(50096K)->46786K(50096K) NonClass: 40882K(42672K)->40882K(42672K) Class: 5903K(7424K)->5903K(7424K)
[2024-05-26T00:41:59.955-0300][gc            ] GC(115) Pause Young (Normal) (G1 Evacuation Pause) 348M->294M(1024M) 19,828ms
[2024-05-26T00:41:59.955-0300][gc,cpu        ] GC(115) User=0,07s Sys=0,00s Real=0,02s
[2024-05-26T00:42:43.713-0300][gc,start      ] GC(116) Pause Young (Normal) (G1 Evacuation Pause)
[2024-05-26T00:42:43.713-0300][gc,task       ] GC(116) Using 4 workers of 4 for evacuation
[2024-05-26T00:42:43.732-0300][gc,phases     ] GC(116)   Pre Evacuate Collection Set: 0,1ms
[2024-05-26T00:42:43.732-0300][gc,phases     ] GC(116)   Evacuate Collection Set: 17,7ms
[2024-05-26T00:42:43.732-0300][gc,phases     ] GC(116)   Post Evacuate Collection Set: 1,0ms
[2024-05-26T00:42:43.732-0300][gc,phases     ] GC(116)   Other: 0,5ms
[2024-05-26T00:42:43.732-0300][gc,heap       ] GC(116) Eden regions: 55->0(55)
[2024-05-26T00:42:43.732-0300][gc,heap       ] GC(116) Survivor regions: 5->5(8)
[2024-05-26T00:42:43.732-0300][gc,heap       ] GC(116) Old regions: 162->163
[2024-05-26T00:42:43.732-0300][gc,heap       ] GC(116) Humongous regions: 129->129
[2024-05-26T00:42:43.732-0300][gc,metaspace  ] GC(116) Metaspace: 46786K(50096K)->46786K(50096K) NonClass: 40882K(42672K)->40882K(42672K) Class: 5903K(7424K)->5903K(7424K)
[2024-05-26T00:42:43.732-0300][gc            ] GC(116) Pause Young (Normal) (G1 Evacuation Pause) 349M->294M(1024M) 19,459ms
[2024-05-26T00:42:43.732-0300][gc,cpu        ] GC(116) User=0,07s Sys=0,00s Real=0,02s
[2024-05-26T00:43:01.121-0300][gc,heap,exit  ] Heap
[2024-05-26T00:43:01.121-0300][gc,heap,exit  ]  garbage-first heap   total 1048576K, used 339939K [0x00000000c0000000, 0x0000000100000000)
[2024-05-26T00:43:01.121-0300][gc,heap,exit  ]   region size 1024K, 43 young (44032K), 5 survivors (5120K)
[2024-05-26T00:43:01.121-0300][gc,heap,exit  ]  Metaspace       used 47809K, capacity 51037K, committed 51120K, reserved 1093632K
[2024-05-26T00:43:01.121-0300][gc,heap,exit  ]   class space    used 6148K, capacity 7650K, committed 7680K, reserved 1048576K
