[2024-06-02T15:48:08.999-0300][gc,heap] Heap region size: 1M
[2024-06-02T15:48:09.013-0300][gc     ] Using G1
[2024-06-02T15:48:09.013-0300][gc,heap,coops] Heap address: 0x00000000c0000000, size: 1024 MB, Compressed Oops mode: 32-bit
[2024-06-02T15:48:09.013-0300][gc,cds       ] Mark closed archive regions in map: [0x00000000fff00000, 0x00000000fff6bff8]
[2024-06-02T15:48:09.013-0300][gc,cds       ] Mark open archive regions in map: [0x00000000ffe00000, 0x00000000ffe47ff8]
[2024-06-02T15:48:09.819-0300][gc,start     ] GC(0) Pause Young (Normal) (G1 Evacuation Pause)
[2024-06-02T15:48:09.819-0300][gc,task      ] GC(0) Using 4 workers of 4 for evacuation
[2024-06-02T15:48:09.827-0300][gc,phases    ] GC(0)   Pre Evacuate Collection Set: 0,0ms
[2024-06-02T15:48:09.827-0300][gc,phases    ] GC(0)   Evacuate Collection Set: 7,1ms
[2024-06-02T15:48:09.827-0300][gc,phases    ] GC(0)   Post Evacuate Collection Set: 0,6ms
[2024-06-02T15:48:09.827-0300][gc,phases    ] GC(0)   Other: 0,7ms
[2024-06-02T15:48:09.827-0300][gc,heap      ] GC(0) Eden regions: 51->0(44)
[2024-06-02T15:48:09.827-0300][gc,heap      ] GC(0) Survivor regions: 0->7(7)
[2024-06-02T15:48:09.827-0300][gc,heap      ] GC(0) Old regions: 2->3
[2024-06-02T15:48:09.827-0300][gc,heap      ] GC(0) Humongous regions: 0->0
[2024-06-02T15:48:09.827-0300][gc,metaspace ] GC(0) Metaspace: 14163K(15104K)->14163K(15104K) NonClass: 12421K(13056K)->12421K(13056K) Class: 1742K(2048K)->1742K(2048K)
[2024-06-02T15:48:09.827-0300][gc           ] GC(0) Pause Young (Normal) (G1 Evacuation Pause) 51M->8M(1024M) 8,474ms
[2024-06-02T15:48:09.827-0300][gc,cpu       ] GC(0) User=0,03s Sys=0,00s Real=0,01s
[2024-06-02T15:48:10.226-0300][gc,start     ] GC(1) Pause Young (Concurrent Start) (Metadata GC Threshold)
[2024-06-02T15:48:10.226-0300][gc,task      ] GC(1) Using 4 workers of 4 for evacuation
[2024-06-02T15:48:10.236-0300][gc,phases    ] GC(1)   Pre Evacuate Collection Set: 0,1ms
[2024-06-02T15:48:10.236-0300][gc,phases    ] GC(1)   Evacuate Collection Set: 8,4ms
[2024-06-02T15:48:10.236-0300][gc,phases    ] GC(1)   Post Evacuate Collection Set: 0,5ms
[2024-06-02T15:48:10.236-0300][gc,phases    ] GC(1)   Other: 0,2ms
[2024-06-02T15:48:10.236-0300][gc,heap      ] GC(1) Eden regions: 30->0(49)
[2024-06-02T15:48:10.236-0300][gc,heap      ] GC(1) Survivor regions: 7->2(7)
[2024-06-02T15:48:10.236-0300][gc,heap      ] GC(1) Old regions: 3->10
[2024-06-02T15:48:10.236-0300][gc,heap      ] GC(1) Humongous regions: 0->0
[2024-06-02T15:48:10.236-0300][gc,metaspace ] GC(1) Metaspace: 20461K(21296K)->20461K(21296K) NonClass: 18003K(18608K)->18003K(18608K) Class: 2457K(2688K)->2457K(2688K)
[2024-06-02T15:48:10.236-0300][gc           ] GC(1) Pause Young (Concurrent Start) (Metadata GC Threshold) 37M->8M(1024M) 9,197ms
[2024-06-02T15:48:10.236-0300][gc,cpu       ] GC(1) User=0,03s Sys=0,00s Real=0,01s
[2024-06-02T15:48:10.236-0300][gc           ] GC(2) Concurrent Cycle
[2024-06-02T15:48:10.236-0300][gc,marking   ] GC(2) Concurrent Clear Claimed Marks
[2024-06-02T15:48:10.236-0300][gc,marking   ] GC(2) Concurrent Clear Claimed Marks 0,035ms
[2024-06-02T15:48:10.236-0300][gc,marking   ] GC(2) Concurrent Scan Root Regions
[2024-06-02T15:48:10.237-0300][gc,marking   ] GC(2) Concurrent Scan Root Regions 0,916ms
[2024-06-02T15:48:10.237-0300][gc,marking   ] GC(2) Concurrent Mark (1,240s)
[2024-06-02T15:48:10.237-0300][gc,marking   ] GC(2) Concurrent Mark From Roots
[2024-06-02T15:48:10.237-0300][gc,task      ] GC(2) Using 1 workers of 1 for marking
[2024-06-02T15:48:10.245-0300][gc,marking   ] GC(2) Concurrent Mark From Roots 8,211ms
[2024-06-02T15:48:10.245-0300][gc,marking   ] GC(2) Concurrent Preclean
[2024-06-02T15:48:10.245-0300][gc,marking   ] GC(2) Concurrent Preclean 0,139ms
[2024-06-02T15:48:10.245-0300][gc,marking   ] GC(2) Concurrent Mark (1,240s, 1,249s) 8,385ms
[2024-06-02T15:48:10.246-0300][gc,start     ] GC(2) Pause Remark
[2024-06-02T15:48:10.248-0300][gc,stringtable] GC(2) Cleaned string and symbol table, strings: 5793 processed, 0 removed, symbols: 53905 processed, 43 removed
[2024-06-02T15:48:10.249-0300][gc            ] GC(2) Pause Remark 9M->9M(1024M) 2,417ms
[2024-06-02T15:48:10.249-0300][gc,cpu        ] GC(2) User=0,00s Sys=0,00s Real=0,00s
[2024-06-02T15:48:10.249-0300][gc,marking    ] GC(2) Concurrent Rebuild Remembered Sets
[2024-06-02T15:48:10.253-0300][gc,marking    ] GC(2) Concurrent Rebuild Remembered Sets 4,259ms
[2024-06-02T15:48:10.253-0300][gc,start      ] GC(2) Pause Cleanup
[2024-06-02T15:48:10.253-0300][gc            ] GC(2) Pause Cleanup 9M->9M(1024M) 0,321ms
[2024-06-02T15:48:10.253-0300][gc,cpu        ] GC(2) User=0,00s Sys=0,00s Real=0,00s
[2024-06-02T15:48:10.254-0300][gc,marking    ] GC(2) Concurrent Cleanup for Next Mark
[2024-06-02T15:48:10.261-0300][gc,marking    ] GC(2) Concurrent Cleanup for Next Mark 7,160ms
[2024-06-02T15:48:10.261-0300][gc            ] GC(2) Concurrent Cycle 25,029ms
[2024-06-02T15:48:10.820-0300][gc,start      ] GC(3) Pause Young (Normal) (G1 Evacuation Pause)
[2024-06-02T15:48:10.820-0300][gc,task       ] GC(3) Using 4 workers of 4 for evacuation
[2024-06-02T15:48:10.825-0300][gc,phases     ] GC(3)   Pre Evacuate Collection Set: 0,0ms
[2024-06-02T15:48:10.825-0300][gc,phases     ] GC(3)   Evacuate Collection Set: 4,5ms
[2024-06-02T15:48:10.825-0300][gc,phases     ] GC(3)   Post Evacuate Collection Set: 0,3ms
[2024-06-02T15:48:10.825-0300][gc,phases     ] GC(3)   Other: 0,2ms
[2024-06-02T15:48:10.825-0300][gc,heap       ] GC(3) Eden regions: 49->0(47)
[2024-06-02T15:48:10.825-0300][gc,heap       ] GC(3) Survivor regions: 2->4(7)
[2024-06-02T15:48:10.825-0300][gc,heap       ] GC(3) Old regions: 10->10
[2024-06-02T15:48:10.825-0300][gc,heap       ] GC(3) Humongous regions: 129->129
[2024-06-02T15:48:10.825-0300][gc,metaspace  ] GC(3) Metaspace: 28847K(30208K)->28847K(30208K) NonClass: 25487K(26368K)->25487K(26368K) Class: 3360K(3840K)->3360K(3840K)
[2024-06-02T15:48:10.825-0300][gc            ] GC(3) Pause Young (Normal) (G1 Evacuation Pause) 186M->140M(1024M) 5,114ms
[2024-06-02T15:48:10.825-0300][gc,cpu        ] GC(3) User=0,01s Sys=0,00s Real=0,01s
[2024-06-02T15:48:11.252-0300][gc,start      ] GC(4) Pause Young (Concurrent Start) (Metadata GC Threshold)
[2024-06-02T15:48:11.252-0300][gc,task       ] GC(4) Using 4 workers of 4 for evacuation
[2024-06-02T15:48:11.260-0300][gc,phases     ] GC(4)   Pre Evacuate Collection Set: 0,1ms
[2024-06-02T15:48:11.260-0300][gc,phases     ] GC(4)   Evacuate Collection Set: 6,3ms
[2024-06-02T15:48:11.260-0300][gc,phases     ] GC(4)   Post Evacuate Collection Set: 0,9ms
[2024-06-02T15:48:11.260-0300][gc,phases     ] GC(4)   Other: 0,2ms
[2024-06-02T15:48:11.260-0300][gc,heap       ] GC(4) Eden regions: 34->0(45)
[2024-06-02T15:48:11.260-0300][gc,heap       ] GC(4) Survivor regions: 4->6(7)
[2024-06-02T15:48:11.260-0300][gc,heap       ] GC(4) Old regions: 10->10
[2024-06-02T15:48:11.260-0300][gc,heap       ] GC(4) Humongous regions: 129->129
[2024-06-02T15:48:11.260-0300][gc,metaspace  ] GC(4) Metaspace: 34670K(36048K)->34670K(36048K) NonClass: 30697K(31440K)->30697K(31440K) Class: 3973K(4608K)->3973K(4608K)
[2024-06-02T15:48:11.260-0300][gc            ] GC(4) Pause Young (Concurrent Start) (Metadata GC Threshold) 174M->143M(1024M) 7,565ms
[2024-06-02T15:48:11.260-0300][gc,cpu        ] GC(4) User=0,02s Sys=0,00s Real=0,00s
[2024-06-02T15:48:11.260-0300][gc            ] GC(5) Concurrent Cycle
[2024-06-02T15:48:11.260-0300][gc,marking    ] GC(5) Concurrent Clear Claimed Marks
[2024-06-02T15:48:11.260-0300][gc,marking    ] GC(5) Concurrent Clear Claimed Marks 0,100ms
[2024-06-02T15:48:11.260-0300][gc,marking    ] GC(5) Concurrent Scan Root Regions
[2024-06-02T15:48:11.263-0300][gc,marking    ] GC(5) Concurrent Scan Root Regions 3,206ms
[2024-06-02T15:48:11.263-0300][gc,marking    ] GC(5) Concurrent Mark (2,267s)
[2024-06-02T15:48:11.263-0300][gc,marking    ] GC(5) Concurrent Mark From Roots
[2024-06-02T15:48:11.263-0300][gc,task       ] GC(5) Using 1 workers of 1 for marking
[2024-06-02T15:48:11.284-0300][gc,marking    ] GC(5) Concurrent Mark From Roots 20,542ms
[2024-06-02T15:48:11.284-0300][gc,marking    ] GC(5) Concurrent Preclean
[2024-06-02T15:48:11.284-0300][gc,marking    ] GC(5) Concurrent Preclean 0,090ms
[2024-06-02T15:48:11.284-0300][gc,marking    ] GC(5) Concurrent Mark (2,267s, 2,288s) 20,682ms
[2024-06-02T15:48:11.285-0300][gc,start      ] GC(5) Pause Remark
[2024-06-02T15:48:11.288-0300][gc,stringtable] GC(5) Cleaned string and symbol table, strings: 11764 processed, 22 removed, symbols: 89166 processed, 18 removed
[2024-06-02T15:48:11.288-0300][gc            ] GC(5) Pause Remark 146M->146M(1024M) 3,484ms
[2024-06-02T15:48:11.288-0300][gc,cpu        ] GC(5) User=0,01s Sys=0,00s Real=0,00s
[2024-06-02T15:48:11.288-0300][gc,marking    ] GC(5) Concurrent Rebuild Remembered Sets
[2024-06-02T15:48:11.295-0300][gc,marking    ] GC(5) Concurrent Rebuild Remembered Sets 6,470ms
[2024-06-02T15:48:11.295-0300][gc,start      ] GC(5) Pause Cleanup
[2024-06-02T15:48:11.295-0300][gc            ] GC(5) Pause Cleanup 147M->147M(1024M) 0,215ms
[2024-06-02T15:48:11.295-0300][gc,cpu        ] GC(5) User=0,00s Sys=0,00s Real=0,00s
[2024-06-02T15:48:11.295-0300][gc,marking    ] GC(5) Concurrent Cleanup for Next Mark
[2024-06-02T15:48:11.303-0300][gc,marking    ] GC(5) Concurrent Cleanup for Next Mark 7,647ms
[2024-06-02T15:48:11.303-0300][gc            ] GC(5) Concurrent Cycle 42,750ms
[2024-06-02T15:49:09.751-0300][gc,start      ] GC(6) Pause Young (Concurrent Start) (G1 Evacuation Pause)
[2024-06-02T15:49:09.752-0300][gc,task       ] GC(6) Using 4 workers of 4 for evacuation
[2024-06-02T15:49:09.781-0300][gc,mmu        ] GC(6) MMU target violated: 21,0ms (20,0ms/21,0ms)
[2024-06-02T15:49:09.781-0300][gc,phases     ] GC(6)   Pre Evacuate Collection Set: 0,2ms
[2024-06-02T15:49:09.781-0300][gc,phases     ] GC(6)   Evacuate Collection Set: 28,9ms
[2024-06-02T15:49:09.781-0300][gc,phases     ] GC(6)   Post Evacuate Collection Set: 0,7ms
[2024-06-02T15:49:09.781-0300][gc,phases     ] GC(6)   Other: 0,2ms
[2024-06-02T15:49:09.781-0300][gc,heap       ] GC(6) Eden regions: 45->0(45)
[2024-06-02T15:49:09.781-0300][gc,heap       ] GC(6) Survivor regions: 6->6(7)
[2024-06-02T15:49:09.781-0300][gc,heap       ] GC(6) Old regions: 10->13
[2024-06-02T15:49:09.781-0300][gc,heap       ] GC(6) Humongous regions: 129->129
[2024-06-02T15:49:09.781-0300][gc,metaspace  ] GC(6) Metaspace: 41285K(43728K)->41285K(43728K) NonClass: 36009K(37328K)->36009K(37328K) Class: 5276K(6400K)->5276K(6400K)
[2024-06-02T15:49:09.781-0300][gc            ] GC(6) Pause Young (Concurrent Start) (G1 Evacuation Pause) 188M->146M(1024M) 29,916ms
[2024-06-02T15:49:09.781-0300][gc,cpu        ] GC(6) User=0,07s Sys=0,00s Real=0,02s
[2024-06-02T15:49:09.781-0300][gc            ] GC(7) Concurrent Cycle
[2024-06-02T15:49:09.781-0300][gc,marking    ] GC(7) Concurrent Clear Claimed Marks
[2024-06-02T15:49:09.782-0300][gc,marking    ] GC(7) Concurrent Clear Claimed Marks 0,148ms
[2024-06-02T15:49:09.782-0300][gc,marking    ] GC(7) Concurrent Scan Root Regions
[2024-06-02T15:49:09.785-0300][gc,marking    ] GC(7) Concurrent Scan Root Regions 3,623ms
[2024-06-02T15:49:09.785-0300][gc,marking    ] GC(7) Concurrent Mark (60,789s)
[2024-06-02T15:49:09.785-0300][gc,marking    ] GC(7) Concurrent Mark From Roots
[2024-06-02T15:49:09.785-0300][gc,task       ] GC(7) Using 1 workers of 1 for marking
[2024-06-02T15:49:09.802-0300][gc,marking    ] GC(7) Concurrent Mark From Roots 16,457ms
[2024-06-02T15:49:09.802-0300][gc,marking    ] GC(7) Concurrent Preclean
[2024-06-02T15:49:09.802-0300][gc,marking    ] GC(7) Concurrent Preclean 0,087ms
[2024-06-02T15:49:09.802-0300][gc,marking    ] GC(7) Concurrent Mark (60,789s, 60,806s) 16,585ms
[2024-06-02T15:49:09.805-0300][gc,start      ] GC(7) Pause Remark
[2024-06-02T15:49:09.810-0300][gc,stringtable] GC(7) Cleaned string and symbol table, strings: 13083 processed, 7 removed, symbols: 96821 processed, 4 removed
[2024-06-02T15:49:09.810-0300][gc            ] GC(7) Pause Remark 147M->147M(1024M) 5,480ms
[2024-06-02T15:49:09.810-0300][gc,cpu        ] GC(7) User=0,02s Sys=0,00s Real=0,01s
[2024-06-02T15:49:09.810-0300][gc,marking    ] GC(7) Concurrent Rebuild Remembered Sets
[2024-06-02T15:49:09.818-0300][gc,marking    ] GC(7) Concurrent Rebuild Remembered Sets 7,677ms
[2024-06-02T15:49:09.818-0300][gc,start      ] GC(7) Pause Cleanup
[2024-06-02T15:49:09.818-0300][gc            ] GC(7) Pause Cleanup 148M->148M(1024M) 0,176ms
[2024-06-02T15:49:09.818-0300][gc,cpu        ] GC(7) User=0,00s Sys=0,00s Real=0,00s
[2024-06-02T15:49:09.818-0300][gc,marking    ] GC(7) Concurrent Cleanup for Next Mark
[2024-06-02T15:49:09.819-0300][gc,marking    ] GC(7) Concurrent Cleanup for Next Mark 1,001ms
[2024-06-02T15:49:09.819-0300][gc            ] GC(7) Concurrent Cycle 37,848ms
[2024-06-02T15:51:17.548-0300][gc,start      ] GC(8) Pause Young (Normal) (G1 Evacuation Pause)
[2024-06-02T15:51:17.548-0300][gc,task       ] GC(8) Using 4 workers of 4 for evacuation
[2024-06-02T15:51:17.556-0300][gc,phases     ] GC(8)   Pre Evacuate Collection Set: 0,0ms
[2024-06-02T15:51:17.556-0300][gc,phases     ] GC(8)   Evacuate Collection Set: 7,2ms
[2024-06-02T15:51:17.556-0300][gc,phases     ] GC(8)   Post Evacuate Collection Set: 0,6ms
[2024-06-02T15:51:17.556-0300][gc,phases     ] GC(8)   Other: 0,2ms
[2024-06-02T15:51:17.556-0300][gc,heap       ] GC(8) Eden regions: 45->0(45)
[2024-06-02T15:51:17.556-0300][gc,heap       ] GC(8) Survivor regions: 6->6(7)
[2024-06-02T15:51:17.556-0300][gc,heap       ] GC(8) Old regions: 13->16
[2024-06-02T15:51:17.556-0300][gc,heap       ] GC(8) Humongous regions: 129->129
[2024-06-02T15:51:17.556-0300][gc,metaspace  ] GC(8) Metaspace: 44830K(47824K)->44830K(47824K) NonClass: 39085K(40656K)->39085K(40656K) Class: 5744K(7168K)->5744K(7168K)
[2024-06-02T15:51:17.556-0300][gc            ] GC(8) Pause Young (Normal) (G1 Evacuation Pause) 191M->149M(1024M) 8,073ms
[2024-06-02T15:51:17.556-0300][gc,cpu        ] GC(8) User=0,03s Sys=0,00s Real=0,01s
[2024-06-02T15:51:41.521-0300][gc,start      ] GC(9) Pause Young (Normal) (G1 Evacuation Pause)
[2024-06-02T15:51:41.521-0300][gc,task       ] GC(9) Using 4 workers of 4 for evacuation
[2024-06-02T15:51:41.541-0300][gc,phases     ] GC(9)   Pre Evacuate Collection Set: 0,1ms
[2024-06-02T15:51:41.541-0300][gc,phases     ] GC(9)   Evacuate Collection Set: 17,8ms
[2024-06-02T15:51:41.541-0300][gc,phases     ] GC(9)   Post Evacuate Collection Set: 1,3ms
[2024-06-02T15:51:41.541-0300][gc,phases     ] GC(9)   Other: 0,4ms
[2024-06-02T15:51:41.541-0300][gc,heap       ] GC(9) Eden regions: 45->0(47)
[2024-06-02T15:51:41.541-0300][gc,heap       ] GC(9) Survivor regions: 6->4(7)
[2024-06-02T15:51:41.541-0300][gc,heap       ] GC(9) Old regions: 16->19
[2024-06-02T15:51:41.541-0300][gc,heap       ] GC(9) Humongous regions: 129->129
[2024-06-02T15:51:41.541-0300][gc,metaspace  ] GC(9) Metaspace: 44964K(47824K)->44964K(47824K) NonClass: 39218K(40656K)->39218K(40656K) Class: 5745K(7168K)->5745K(7168K)
[2024-06-02T15:51:41.541-0300][gc            ] GC(9) Pause Young (Normal) (G1 Evacuation Pause) 194M->149M(1024M) 19,778ms
[2024-06-02T15:51:41.541-0300][gc,cpu        ] GC(9) User=0,05s Sys=0,01s Real=0,02s
[2024-06-02T15:52:09.327-0300][gc,start      ] GC(10) Pause Young (Normal) (G1 Evacuation Pause)
[2024-06-02T15:52:09.327-0300][gc,task       ] GC(10) Using 4 workers of 4 for evacuation
[2024-06-02T15:52:09.332-0300][gc,phases     ] GC(10)   Pre Evacuate Collection Set: 0,0ms
[2024-06-02T15:52:09.332-0300][gc,phases     ] GC(10)   Evacuate Collection Set: 5,1ms
[2024-06-02T15:52:09.332-0300][gc,phases     ] GC(10)   Post Evacuate Collection Set: 0,5ms
[2024-06-02T15:52:09.332-0300][gc,phases     ] GC(10)   Other: 0,3ms
[2024-06-02T15:52:09.332-0300][gc,heap       ] GC(10) Eden regions: 47->0(47)
[2024-06-02T15:52:09.332-0300][gc,heap       ] GC(10) Survivor regions: 4->4(7)
[2024-06-02T15:52:09.332-0300][gc,heap       ] GC(10) Old regions: 19->19
[2024-06-02T15:52:09.332-0300][gc,heap       ] GC(10) Humongous regions: 129->129
[2024-06-02T15:52:09.332-0300][gc,metaspace  ] GC(10) Metaspace: 44971K(47824K)->44971K(47824K) NonClass: 39226K(40656K)->39226K(40656K) Class: 5745K(7168K)->5745K(7168K)
[2024-06-02T15:52:09.333-0300][gc            ] GC(10) Pause Young (Normal) (G1 Evacuation Pause) 196M->150M(1024M) 5,991ms
[2024-06-02T15:52:09.333-0300][gc,cpu        ] GC(10) User=0,02s Sys=0,00s Real=0,01s
[2024-06-02T15:52:38.528-0300][gc,start      ] GC(11) Pause Young (Normal) (G1 Evacuation Pause)
[2024-06-02T15:52:38.528-0300][gc,task       ] GC(11) Using 4 workers of 4 for evacuation
[2024-06-02T15:52:38.533-0300][gc,phases     ] GC(11)   Pre Evacuate Collection Set: 0,0ms
[2024-06-02T15:52:38.533-0300][gc,phases     ] GC(11)   Evacuate Collection Set: 3,2ms
[2024-06-02T15:52:38.533-0300][gc,phases     ] GC(11)   Post Evacuate Collection Set: 1,0ms
[2024-06-02T15:52:38.533-0300][gc,phases     ] GC(11)   Other: 0,2ms
[2024-06-02T15:52:38.533-0300][gc,heap       ] GC(11) Eden regions: 47->0(48)
[2024-06-02T15:52:38.533-0300][gc,heap       ] GC(11) Survivor regions: 4->3(7)
[2024-06-02T15:52:38.533-0300][gc,heap       ] GC(11) Old regions: 19->21
[2024-06-02T15:52:38.533-0300][gc,heap       ] GC(11) Humongous regions: 129->129
[2024-06-02T15:52:38.533-0300][gc,metaspace  ] GC(11) Metaspace: 44984K(48080K)->44984K(48080K) NonClass: 39239K(40912K)->39239K(40912K) Class: 5745K(7168K)->5745K(7168K)
[2024-06-02T15:52:38.533-0300][gc            ] GC(11) Pause Young (Normal) (G1 Evacuation Pause) 197M->150M(1024M) 4,690ms
[2024-06-02T15:52:38.533-0300][gc,cpu        ] GC(11) User=0,01s Sys=0,00s Real=0,01s
[2024-06-02T15:53:08.619-0300][gc,start      ] GC(12) Pause Young (Normal) (G1 Evacuation Pause)
[2024-06-02T15:53:08.619-0300][gc,task       ] GC(12) Using 4 workers of 4 for evacuation
[2024-06-02T15:53:08.625-0300][gc,phases     ] GC(12)   Pre Evacuate Collection Set: 0,0ms
[2024-06-02T15:53:08.625-0300][gc,phases     ] GC(12)   Evacuate Collection Set: 4,7ms
[2024-06-02T15:53:08.625-0300][gc,phases     ] GC(12)   Post Evacuate Collection Set: 0,7ms
[2024-06-02T15:53:08.625-0300][gc,phases     ] GC(12)   Other: 0,2ms
[2024-06-02T15:53:08.625-0300][gc,heap       ] GC(12) Eden regions: 48->0(47)
[2024-06-02T15:53:08.625-0300][gc,heap       ] GC(12) Survivor regions: 3->4(7)
[2024-06-02T15:53:08.625-0300][gc,heap       ] GC(12) Old regions: 21->21
[2024-06-02T15:53:08.625-0300][gc,heap       ] GC(12) Humongous regions: 129->129
[2024-06-02T15:53:08.625-0300][gc,metaspace  ] GC(12) Metaspace: 44993K(48080K)->44993K(48080K) NonClass: 39248K(40912K)->39248K(40912K) Class: 5745K(7168K)->5745K(7168K)
[2024-06-02T15:53:08.625-0300][gc            ] GC(12) Pause Young (Normal) (G1 Evacuation Pause) 198M->151M(1024M) 5,776ms
[2024-06-02T15:53:08.625-0300][gc,cpu        ] GC(12) User=0,02s Sys=0,00s Real=0,01s
[2024-06-02T15:53:38.086-0300][gc,start      ] GC(13) Pause Young (Normal) (G1 Evacuation Pause)
[2024-06-02T15:53:38.086-0300][gc,task       ] GC(13) Using 4 workers of 4 for evacuation
[2024-06-02T15:53:38.096-0300][gc,phases     ] GC(13)   Pre Evacuate Collection Set: 0,1ms
[2024-06-02T15:53:38.096-0300][gc,phases     ] GC(13)   Evacuate Collection Set: 8,8ms
[2024-06-02T15:53:38.096-0300][gc,phases     ] GC(13)   Post Evacuate Collection Set: 0,9ms
[2024-06-02T15:53:38.096-0300][gc,phases     ] GC(13)   Other: 0,4ms
[2024-06-02T15:53:38.096-0300][gc,heap       ] GC(13) Eden regions: 47->0(49)
[2024-06-02T15:53:38.096-0300][gc,heap       ] GC(13) Survivor regions: 4->4(7)
[2024-06-02T15:53:38.096-0300][gc,heap       ] GC(13) Old regions: 21->21
[2024-06-02T15:53:38.096-0300][gc,heap       ] GC(13) Humongous regions: 129->129
[2024-06-02T15:53:38.096-0300][gc,metaspace  ] GC(13) Metaspace: 45043K(48080K)->45043K(48080K) NonClass: 39284K(40912K)->39284K(40912K) Class: 5758K(7168K)->5758K(7168K)
[2024-06-02T15:53:38.096-0300][gc            ] GC(13) Pause Young (Normal) (G1 Evacuation Pause) 198M->151M(1024M) 10,381ms
[2024-06-02T15:53:38.096-0300][gc,cpu        ] GC(13) User=0,03s Sys=0,00s Real=0,01s
[2024-06-02T15:54:09.514-0300][gc,start      ] GC(14) Pause Young (Normal) (G1 Evacuation Pause)
[2024-06-02T15:54:09.514-0300][gc,task       ] GC(14) Using 4 workers of 4 for evacuation
[2024-06-02T15:54:09.527-0300][gc,phases     ] GC(14)   Pre Evacuate Collection Set: 0,1ms
[2024-06-02T15:54:09.527-0300][gc,phases     ] GC(14)   Evacuate Collection Set: 11,3ms
[2024-06-02T15:54:09.527-0300][gc,phases     ] GC(14)   Post Evacuate Collection Set: 0,9ms
[2024-06-02T15:54:09.527-0300][gc,phases     ] GC(14)   Other: 0,4ms
[2024-06-02T15:54:09.527-0300][gc,heap       ] GC(14) Eden regions: 49->0(49)
[2024-06-02T15:54:09.527-0300][gc,heap       ] GC(14) Survivor regions: 4->5(7)
[2024-06-02T15:54:09.527-0300][gc,heap       ] GC(14) Old regions: 21->21
[2024-06-02T15:54:09.527-0300][gc,heap       ] GC(14) Humongous regions: 129->129
[2024-06-02T15:54:09.527-0300][gc,metaspace  ] GC(14) Metaspace: 45044K(48080K)->45044K(48080K) NonClass: 39286K(40912K)->39286K(40912K) Class: 5758K(7168K)->5758K(7168K)
[2024-06-02T15:54:09.527-0300][gc            ] GC(14) Pause Young (Normal) (G1 Evacuation Pause) 200M->152M(1024M) 12,884ms
[2024-06-02T15:54:09.527-0300][gc,cpu        ] GC(14) User=0,04s Sys=0,00s Real=0,01s
[2024-06-02T15:54:40.202-0300][gc,start      ] GC(15) Pause Young (Normal) (G1 Evacuation Pause)
[2024-06-02T15:54:40.202-0300][gc,task       ] GC(15) Using 4 workers of 4 for evacuation
[2024-06-02T15:54:40.210-0300][gc,phases     ] GC(15)   Pre Evacuate Collection Set: 0,1ms
[2024-06-02T15:54:40.210-0300][gc,phases     ] GC(15)   Evacuate Collection Set: 6,2ms
[2024-06-02T15:54:40.210-0300][gc,phases     ] GC(15)   Post Evacuate Collection Set: 0,7ms
[2024-06-02T15:54:40.210-0300][gc,phases     ] GC(15)   Other: 0,4ms
[2024-06-02T15:54:40.210-0300][gc,heap       ] GC(15) Eden regions: 49->0(54)
[2024-06-02T15:54:40.210-0300][gc,heap       ] GC(15) Survivor regions: 5->5(7)
[2024-06-02T15:54:40.210-0300][gc,heap       ] GC(15) Old regions: 21->22
[2024-06-02T15:54:40.210-0300][gc,heap       ] GC(15) Humongous regions: 129->129
[2024-06-02T15:54:40.210-0300][gc,metaspace  ] GC(15) Metaspace: 45060K(48080K)->45060K(48080K) NonClass: 39302K(40912K)->39302K(40912K) Class: 5758K(7168K)->5758K(7168K)
[2024-06-02T15:54:40.210-0300][gc            ] GC(15) Pause Young (Normal) (G1 Evacuation Pause) 201M->154M(1024M) 7,363ms
[2024-06-02T15:54:40.210-0300][gc,cpu        ] GC(15) User=0,02s Sys=0,00s Real=0,00s
[2024-06-02T15:55:14.213-0300][gc,start      ] GC(16) Pause Young (Normal) (G1 Evacuation Pause)
[2024-06-02T15:55:14.213-0300][gc,task       ] GC(16) Using 4 workers of 4 for evacuation
[2024-06-02T15:55:14.232-0300][gc,phases     ] GC(16)   Pre Evacuate Collection Set: 0,1ms
[2024-06-02T15:55:14.232-0300][gc,phases     ] GC(16)   Evacuate Collection Set: 17,8ms
[2024-06-02T15:55:14.232-0300][gc,phases     ] GC(16)   Post Evacuate Collection Set: 1,0ms
[2024-06-02T15:55:14.232-0300][gc,phases     ] GC(16)   Other: 0,4ms
[2024-06-02T15:55:14.232-0300][gc,heap       ] GC(16) Eden regions: 54->0(53)
[2024-06-02T15:55:14.232-0300][gc,heap       ] GC(16) Survivor regions: 5->6(8)
[2024-06-02T15:55:14.232-0300][gc,heap       ] GC(16) Old regions: 22->22
[2024-06-02T15:55:14.232-0300][gc,heap       ] GC(16) Humongous regions: 129->129
[2024-06-02T15:55:14.232-0300][gc,metaspace  ] GC(16) Metaspace: 45089K(48080K)->45089K(48080K) NonClass: 39330K(40912K)->39330K(40912K) Class: 5758K(7168K)->5758K(7168K)
[2024-06-02T15:55:14.232-0300][gc            ] GC(16) Pause Young (Normal) (G1 Evacuation Pause) 208M->154M(1024M) 19,514ms
[2024-06-02T15:55:14.232-0300][gc,cpu        ] GC(16) User=0,06s Sys=0,01s Real=0,02s
[2024-06-02T15:55:42.292-0300][gc,start      ] GC(17) Pause Young (Normal) (G1 Evacuation Pause)
[2024-06-02T15:55:42.292-0300][gc,task       ] GC(17) Using 4 workers of 4 for evacuation
[2024-06-02T15:55:42.311-0300][gc,phases     ] GC(17)   Pre Evacuate Collection Set: 0,1ms
[2024-06-02T15:55:42.311-0300][gc,phases     ] GC(17)   Evacuate Collection Set: 17,3ms
[2024-06-02T15:55:42.311-0300][gc,phases     ] GC(17)   Post Evacuate Collection Set: 1,0ms
[2024-06-02T15:55:42.311-0300][gc,phases     ] GC(17)   Other: 0,4ms
[2024-06-02T15:55:42.311-0300][gc,heap       ] GC(17) Eden regions: 45->0(49)
[2024-06-02T15:55:42.311-0300][gc,heap       ] GC(17) Survivor regions: 6->5(7)
[2024-06-02T15:55:42.311-0300][gc,heap       ] GC(17) Old regions: 22->24
[2024-06-02T15:55:42.311-0300][gc,heap       ] GC(17) Humongous regions: 129->129
[2024-06-02T15:55:42.311-0300][gc,metaspace  ] GC(17) Metaspace: 45111K(48080K)->45111K(48080K) NonClass: 39353K(40912K)->39353K(40912K) Class: 5758K(7168K)->5758K(7168K)
[2024-06-02T15:55:42.311-0300][gc            ] GC(17) Pause Young (Normal) (G1 Evacuation Pause) 199M->156M(1024M) 19,089ms
[2024-06-02T15:55:42.311-0300][gc,cpu        ] GC(17) User=0,07s Sys=0,00s Real=0,02s
[2024-06-02T15:56:11.667-0300][gc,start      ] GC(18) Pause Young (Normal) (G1 Evacuation Pause)
[2024-06-02T15:56:11.667-0300][gc,task       ] GC(18) Using 4 workers of 4 for evacuation
[2024-06-02T15:56:11.674-0300][gc,phases     ] GC(18)   Pre Evacuate Collection Set: 0,0ms
[2024-06-02T15:56:11.674-0300][gc,phases     ] GC(18)   Evacuate Collection Set: 6,2ms
[2024-06-02T15:56:11.674-0300][gc,phases     ] GC(18)   Post Evacuate Collection Set: 0,4ms
[2024-06-02T15:56:11.674-0300][gc,phases     ] GC(18)   Other: 0,2ms
[2024-06-02T15:56:11.674-0300][gc,heap       ] GC(18) Eden regions: 46->0(55)
[2024-06-02T15:56:11.674-0300][gc,heap       ] GC(18) Survivor regions: 5->5(7)
[2024-06-02T15:56:11.674-0300][gc,heap       ] GC(18) Old regions: 24->25
[2024-06-02T15:56:11.674-0300][gc,heap       ] GC(18) Humongous regions: 129->129
[2024-06-02T15:56:11.674-0300][gc,metaspace  ] GC(18) Metaspace: 45122K(48080K)->45122K(48080K) NonClass: 39363K(40912K)->39363K(40912K) Class: 5758K(7168K)->5758K(7168K)
[2024-06-02T15:56:11.674-0300][gc            ] GC(18) Pause Young (Normal) (G1 Evacuation Pause) 202M->157M(1024M) 6,923ms
[2024-06-02T15:56:11.674-0300][gc,cpu        ] GC(18) User=0,02s Sys=0,00s Real=0,01s
[2024-06-02T15:56:41.167-0300][gc,start      ] GC(19) Pause Young (Normal) (G1 Evacuation Pause)
[2024-06-02T15:56:41.167-0300][gc,task       ] GC(19) Using 4 workers of 4 for evacuation
[2024-06-02T15:56:41.182-0300][gc,phases     ] GC(19)   Pre Evacuate Collection Set: 0,0ms
[2024-06-02T15:56:41.182-0300][gc,phases     ] GC(19)   Evacuate Collection Set: 14,0ms
[2024-06-02T15:56:41.182-0300][gc,phases     ] GC(19)   Post Evacuate Collection Set: 0,6ms
[2024-06-02T15:56:41.182-0300][gc,phases     ] GC(19)   Other: 0,3ms
[2024-06-02T15:56:41.182-0300][gc,heap       ] GC(19) Eden regions: 46->0(58)
[2024-06-02T15:56:41.182-0300][gc,heap       ] GC(19) Survivor regions: 5->5(7)
[2024-06-02T15:56:41.182-0300][gc,heap       ] GC(19) Old regions: 25->27
[2024-06-02T15:56:41.182-0300][gc,heap       ] GC(19) Humongous regions: 129->129
[2024-06-02T15:56:41.182-0300][gc,metaspace  ] GC(19) Metaspace: 45126K(48080K)->45126K(48080K) NonClass: 39367K(40912K)->39367K(40912K) Class: 5758K(7168K)->5758K(7168K)
[2024-06-02T15:56:41.182-0300][gc            ] GC(19) Pause Young (Normal) (G1 Evacuation Pause) 203M->158M(1024M) 15,133ms
[2024-06-02T15:56:41.182-0300][gc,cpu        ] GC(19) User=0,05s Sys=0,00s Real=0,02s
[2024-06-02T15:57:10.184-0300][gc,start      ] GC(20) Pause Young (Normal) (G1 Evacuation Pause)
[2024-06-02T15:57:10.184-0300][gc,task       ] GC(20) Using 4 workers of 4 for evacuation
[2024-06-02T15:57:10.192-0300][gc,phases     ] GC(20)   Pre Evacuate Collection Set: 0,0ms
[2024-06-02T15:57:10.192-0300][gc,phases     ] GC(20)   Evacuate Collection Set: 6,9ms
[2024-06-02T15:57:10.192-0300][gc,phases     ] GC(20)   Post Evacuate Collection Set: 0,7ms
[2024-06-02T15:57:10.192-0300][gc,phases     ] GC(20)   Other: 0,2ms
[2024-06-02T15:57:10.192-0300][gc,heap       ] GC(20) Eden regions: 46->0(64)
[2024-06-02T15:57:10.192-0300][gc,heap       ] GC(20) Survivor regions: 5->4(7)
[2024-06-02T15:57:10.192-0300][gc,heap       ] GC(20) Old regions: 27->28
[2024-06-02T15:57:10.192-0300][gc,heap       ] GC(20) Humongous regions: 129->129
[2024-06-02T15:57:10.192-0300][gc,metaspace  ] GC(20) Metaspace: 45139K(48080K)->45139K(48080K) NonClass: 39381K(40912K)->39381K(40912K) Class: 5758K(7168K)->5758K(7168K)
[2024-06-02T15:57:10.192-0300][gc            ] GC(20) Pause Young (Normal) (G1 Evacuation Pause) 204M->158M(1024M) 7,969ms
[2024-06-02T15:57:10.192-0300][gc,cpu        ] GC(20) User=0,03s Sys=0,00s Real=0,01s
[2024-06-02T15:57:49.944-0300][gc,start      ] GC(21) Pause Young (Normal) (G1 Evacuation Pause)
[2024-06-02T15:57:49.944-0300][gc,task       ] GC(21) Using 4 workers of 4 for evacuation
[2024-06-02T15:57:49.949-0300][gc,phases     ] GC(21)   Pre Evacuate Collection Set: 0,0ms
[2024-06-02T15:57:49.949-0300][gc,phases     ] GC(21)   Evacuate Collection Set: 4,5ms
[2024-06-02T15:57:49.949-0300][gc,phases     ] GC(21)   Post Evacuate Collection Set: 0,4ms
[2024-06-02T15:57:49.949-0300][gc,phases     ] GC(21)   Other: 0,2ms
[2024-06-02T15:57:49.949-0300][gc,heap       ] GC(21) Eden regions: 48->0(73)
[2024-06-02T15:57:49.949-0300][gc,heap       ] GC(21) Survivor regions: 4->4(7)
[2024-06-02T15:57:49.949-0300][gc,heap       ] GC(21) Old regions: 28->29
[2024-06-02T15:57:49.949-0300][gc,heap       ] GC(21) Humongous regions: 129->129
[2024-06-02T15:57:49.949-0300][gc,metaspace  ] GC(21) Metaspace: 45186K(48080K)->45186K(48080K) NonClass: 39415K(40912K)->39415K(40912K) Class: 5771K(7168K)->5771K(7168K)
[2024-06-02T15:57:49.949-0300][gc            ] GC(21) Pause Young (Normal) (G1 Evacuation Pause) 206M->159M(1024M) 5,141ms
[2024-06-02T15:57:49.949-0300][gc,cpu        ] GC(21) User=0,02s Sys=0,00s Real=0,00s
[2024-06-02T15:58:29.845-0300][gc,start      ] GC(22) Pause Young (Normal) (G1 Evacuation Pause)
[2024-06-02T15:58:29.845-0300][gc,task       ] GC(22) Using 4 workers of 4 for evacuation
[2024-06-02T15:58:29.851-0300][gc,phases     ] GC(22)   Pre Evacuate Collection Set: 0,0ms
[2024-06-02T15:58:29.851-0300][gc,phases     ] GC(22)   Evacuate Collection Set: 5,0ms
[2024-06-02T15:58:29.851-0300][gc,phases     ] GC(22)   Post Evacuate Collection Set: 0,4ms
[2024-06-02T15:58:29.851-0300][gc,phases     ] GC(22)   Other: 0,2ms
[2024-06-02T15:58:29.851-0300][gc,heap       ] GC(22) Eden regions: 63->0(71)
[2024-06-02T15:58:29.851-0300][gc,heap       ] GC(22) Survivor regions: 4->5(9)
[2024-06-02T15:58:29.851-0300][gc,heap       ] GC(22) Old regions: 29->29
[2024-06-02T15:58:29.851-0300][gc,heap       ] GC(22) Humongous regions: 129->129
[2024-06-02T15:58:29.851-0300][gc,metaspace  ] GC(22) Metaspace: 45246K(48080K)->45246K(48080K) NonClass: 39455K(40912K)->39455K(40912K) Class: 5791K(7168K)->5791K(7168K)
[2024-06-02T15:58:29.851-0300][gc            ] GC(22) Pause Young (Normal) (G1 Evacuation Pause) 222M->160M(1024M) 5,728ms
[2024-06-02T15:58:29.851-0300][gc,cpu        ] GC(22) User=0,02s Sys=0,00s Real=0,01s
[2024-06-02T15:59:15.505-0300][gc,start      ] GC(23) Pause Young (Normal) (G1 Evacuation Pause)
[2024-06-02T15:59:15.505-0300][gc,task       ] GC(23) Using 4 workers of 4 for evacuation
[2024-06-02T15:59:15.529-0300][gc,mmu        ] GC(23) MMU target violated: 21,0ms (20,0ms/21,0ms)
[2024-06-02T15:59:15.529-0300][gc,phases     ] GC(23)   Pre Evacuate Collection Set: 0,1ms
[2024-06-02T15:59:15.529-0300][gc,phases     ] GC(23)   Evacuate Collection Set: 22,1ms
[2024-06-02T15:59:15.529-0300][gc,phases     ] GC(23)   Post Evacuate Collection Set: 1,0ms
[2024-06-02T15:59:15.529-0300][gc,phases     ] GC(23)   Other: 0,5ms
[2024-06-02T15:59:15.529-0300][gc,heap       ] GC(23) Eden regions: 71->0(71)
[2024-06-02T15:59:15.529-0300][gc,heap       ] GC(23) Survivor regions: 5->7(10)
[2024-06-02T15:59:15.529-0300][gc,heap       ] GC(23) Old regions: 29->29
[2024-06-02T15:59:15.529-0300][gc,heap       ] GC(23) Humongous regions: 129->129
[2024-06-02T15:59:15.529-0300][gc,metaspace  ] GC(23) Metaspace: 45294K(48336K)->45294K(48336K) NonClass: 39498K(41168K)->39498K(41168K) Class: 5795K(7168K)->5795K(7168K)
[2024-06-02T15:59:15.529-0300][gc            ] GC(23) Pause Young (Normal) (G1 Evacuation Pause) 231M->162M(1024M) 23,829ms
[2024-06-02T15:59:15.529-0300][gc,cpu        ] GC(23) User=0,07s Sys=0,01s Real=0,02s
[2024-06-02T16:00:01.450-0300][gc,start      ] GC(24) Pause Young (Normal) (G1 Evacuation Pause)
[2024-06-02T16:00:01.450-0300][gc,task       ] GC(24) Using 4 workers of 4 for evacuation
[2024-06-02T16:00:01.476-0300][gc,mmu        ] GC(24) MMU target violated: 21,0ms (20,0ms/21,0ms)
[2024-06-02T16:00:01.477-0300][gc,phases     ] GC(24)   Pre Evacuate Collection Set: 0,1ms
[2024-06-02T16:00:01.477-0300][gc,phases     ] GC(24)   Evacuate Collection Set: 24,9ms
[2024-06-02T16:00:01.477-0300][gc,phases     ] GC(24)   Post Evacuate Collection Set: 1,1ms
[2024-06-02T16:00:01.477-0300][gc,phases     ] GC(24)   Other: 0,5ms
[2024-06-02T16:00:01.477-0300][gc,heap       ] GC(24) Eden regions: 71->0(64)
[2024-06-02T16:00:01.477-0300][gc,heap       ] GC(24) Survivor regions: 7->7(10)
[2024-06-02T16:00:01.477-0300][gc,heap       ] GC(24) Old regions: 29->30
[2024-06-02T16:00:01.477-0300][gc,heap       ] GC(24) Humongous regions: 129->129
[2024-06-02T16:00:01.477-0300][gc,metaspace  ] GC(24) Metaspace: 45323K(48336K)->45323K(48336K) NonClass: 39527K(41168K)->39527K(41168K) Class: 5795K(7168K)->5795K(7168K)
[2024-06-02T16:00:01.477-0300][gc            ] GC(24) Pause Young (Normal) (G1 Evacuation Pause) 233M->164M(1024M) 26,769ms
[2024-06-02T16:00:01.477-0300][gc,cpu        ] GC(24) User=0,09s Sys=0,01s Real=0,02s
[2024-06-02T16:00:30.257-0300][gc,start      ] GC(25) Pause Young (Normal) (G1 Evacuation Pause)
[2024-06-02T16:00:30.257-0300][gc,task       ] GC(25) Using 4 workers of 4 for evacuation
[2024-06-02T16:00:30.281-0300][gc,mmu        ] GC(25) MMU target violated: 21,0ms (20,0ms/21,0ms)
[2024-06-02T16:00:30.281-0300][gc,phases     ] GC(25)   Pre Evacuate Collection Set: 0,1ms
[2024-06-02T16:00:30.281-0300][gc,phases     ] GC(25)   Evacuate Collection Set: 22,9ms
[2024-06-02T16:00:30.281-0300][gc,phases     ] GC(25)   Post Evacuate Collection Set: 0,9ms
[2024-06-02T16:00:30.281-0300][gc,phases     ] GC(25)   Other: 0,5ms
[2024-06-02T16:00:30.281-0300][gc,heap       ] GC(25) Eden regions: 44->0(50)
[2024-06-02T16:00:30.281-0300][gc,heap       ] GC(25) Survivor regions: 7->5(7)
[2024-06-02T16:00:30.281-0300][gc,heap       ] GC(25) Old regions: 30->33
[2024-06-02T16:00:30.281-0300][gc,heap       ] GC(25) Humongous regions: 129->129
[2024-06-02T16:00:30.281-0300][gc,metaspace  ] GC(25) Metaspace: 45327K(48336K)->45327K(48336K) NonClass: 39531K(41168K)->39531K(41168K) Class: 5795K(7168K)->5795K(7168K)
[2024-06-02T16:00:30.281-0300][gc            ] GC(25) Pause Young (Normal) (G1 Evacuation Pause) 208M->165M(1024M) 24,525ms
[2024-06-02T16:00:30.282-0300][gc,cpu        ] GC(25) User=0,09s Sys=0,00s Real=0,02s
[2024-06-02T16:00:59.922-0300][gc,start      ] GC(26) Pause Young (Normal) (G1 Evacuation Pause)
[2024-06-02T16:00:59.922-0300][gc,task       ] GC(26) Using 4 workers of 4 for evacuation
[2024-06-02T16:00:59.941-0300][gc,phases     ] GC(26)   Pre Evacuate Collection Set: 0,1ms
[2024-06-02T16:00:59.941-0300][gc,phases     ] GC(26)   Evacuate Collection Set: 17,8ms
[2024-06-02T16:00:59.941-0300][gc,phases     ] GC(26)   Post Evacuate Collection Set: 1,0ms
[2024-06-02T16:00:59.941-0300][gc,phases     ] GC(26)   Other: 0,4ms
[2024-06-02T16:00:59.941-0300][gc,heap       ] GC(26) Eden regions: 46->0(52)
[2024-06-02T16:00:59.942-0300][gc,heap       ] GC(26) Survivor regions: 5->4(7)
[2024-06-02T16:00:59.942-0300][gc,heap       ] GC(26) Old regions: 33->35
[2024-06-02T16:00:59.942-0300][gc,heap       ] GC(26) Humongous regions: 129->129
[2024-06-02T16:00:59.942-0300][gc,metaspace  ] GC(26) Metaspace: 45328K(48336K)->45328K(48336K) NonClass: 39533K(41168K)->39533K(41168K) Class: 5795K(7168K)->5795K(7168K)
[2024-06-02T16:00:59.942-0300][gc            ] GC(26) Pause Young (Normal) (G1 Evacuation Pause) 211M->166M(1024M) 19,555ms
[2024-06-02T16:00:59.942-0300][gc,cpu        ] GC(26) User=0,06s Sys=0,00s Real=0,01s
[2024-06-02T16:01:30.815-0300][gc,start      ] GC(27) Pause Young (Normal) (G1 Evacuation Pause)
[2024-06-02T16:01:30.815-0300][gc,task       ] GC(27) Using 4 workers of 4 for evacuation
[2024-06-02T16:01:30.837-0300][gc,mmu        ] GC(27) MMU target violated: 21,0ms (20,0ms/21,0ms)
[2024-06-02T16:01:30.837-0300][gc,phases     ] GC(27)   Pre Evacuate Collection Set: 0,0ms
[2024-06-02T16:01:30.837-0300][gc,phases     ] GC(27)   Evacuate Collection Set: 21,3ms
[2024-06-02T16:01:30.837-0300][gc,phases     ] GC(27)   Post Evacuate Collection Set: 0,5ms
[2024-06-02T16:01:30.837-0300][gc,phases     ] GC(27)   Other: 0,2ms
[2024-06-02T16:01:30.837-0300][gc,heap       ] GC(27) Eden regions: 47->0(54)
[2024-06-02T16:01:30.837-0300][gc,heap       ] GC(27) Survivor regions: 4->5(7)
[2024-06-02T16:01:30.837-0300][gc,heap       ] GC(27) Old regions: 35->35
[2024-06-02T16:01:30.837-0300][gc,heap       ] GC(27) Humongous regions: 129->129
[2024-06-02T16:01:30.837-0300][gc,metaspace  ] GC(27) Metaspace: 45334K(48336K)->45334K(48336K) NonClass: 39538K(41168K)->39538K(41168K) Class: 5795K(7168K)->5795K(7168K)
[2024-06-02T16:01:30.837-0300][gc            ] GC(27) Pause Young (Normal) (G1 Evacuation Pause) 213M->167M(1024M) 22,112ms
[2024-06-02T16:01:30.837-0300][gc,cpu        ] GC(27) User=0,04s Sys=0,00s Real=0,02s
[2024-06-02T16:02:04.111-0300][gc,start      ] GC(28) Pause Young (Normal) (G1 Evacuation Pause)
[2024-06-02T16:02:04.111-0300][gc,task       ] GC(28) Using 4 workers of 4 for evacuation
[2024-06-02T16:02:04.129-0300][gc,phases     ] GC(28)   Pre Evacuate Collection Set: 0,1ms
[2024-06-02T16:02:04.129-0300][gc,phases     ] GC(28)   Evacuate Collection Set: 17,4ms
[2024-06-02T16:02:04.129-0300][gc,phases     ] GC(28)   Post Evacuate Collection Set: 1,0ms
[2024-06-02T16:02:04.130-0300][gc,phases     ] GC(28)   Other: 0,4ms
[2024-06-02T16:02:04.130-0300][gc,heap       ] GC(28) Eden regions: 51->0(53)
[2024-06-02T16:02:04.130-0300][gc,heap       ] GC(28) Survivor regions: 5->4(7)
[2024-06-02T16:02:04.130-0300][gc,heap       ] GC(28) Old regions: 35->36
[2024-06-02T16:02:04.130-0300][gc,heap       ] GC(28) Humongous regions: 129->129
[2024-06-02T16:02:04.130-0300][gc,metaspace  ] GC(28) Metaspace: 45334K(48336K)->45334K(48336K) NonClass: 39538K(41168K)->39538K(41168K) Class: 5795K(7168K)->5795K(7168K)
[2024-06-02T16:02:04.130-0300][gc            ] GC(28) Pause Young (Normal) (G1 Evacuation Pause) 218M->167M(1024M) 19,162ms
[2024-06-02T16:02:04.130-0300][gc,cpu        ] GC(28) User=0,05s Sys=0,02s Real=0,01s
[2024-06-02T16:02:38.735-0300][gc,start      ] GC(29) Pause Young (Normal) (G1 Evacuation Pause)
[2024-06-02T16:02:38.735-0300][gc,task       ] GC(29) Using 4 workers of 4 for evacuation
[2024-06-02T16:02:38.752-0300][gc,phases     ] GC(29)   Pre Evacuate Collection Set: 0,1ms
[2024-06-02T16:02:38.752-0300][gc,phases     ] GC(29)   Evacuate Collection Set: 16,1ms
[2024-06-02T16:02:38.752-0300][gc,phases     ] GC(29)   Post Evacuate Collection Set: 1,0ms
[2024-06-02T16:02:38.752-0300][gc,phases     ] GC(29)   Other: 0,4ms
[2024-06-02T16:02:38.753-0300][gc,heap       ] GC(29) Eden regions: 53->0(53)
[2024-06-02T16:02:38.753-0300][gc,heap       ] GC(29) Survivor regions: 4->5(8)
[2024-06-02T16:02:38.753-0300][gc,heap       ] GC(29) Old regions: 36->36
[2024-06-02T16:02:38.753-0300][gc,heap       ] GC(29) Humongous regions: 129->129
[2024-06-02T16:02:38.753-0300][gc,metaspace  ] GC(29) Metaspace: 45346K(48336K)->45346K(48336K) NonClass: 39550K(41168K)->39550K(41168K) Class: 5795K(7168K)->5795K(7168K)
[2024-06-02T16:02:38.753-0300][gc            ] GC(29) Pause Young (Normal) (G1 Evacuation Pause) 220M->168M(1024M) 17,865ms
[2024-06-02T16:02:38.753-0300][gc,cpu        ] GC(29) User=0,06s Sys=0,00s Real=0,02s
[2024-06-02T16:03:13.230-0300][gc,start      ] GC(30) Pause Young (Normal) (G1 Evacuation Pause)
[2024-06-02T16:03:13.231-0300][gc,task       ] GC(30) Using 4 workers of 4 for evacuation
[2024-06-02T16:03:13.250-0300][gc,phases     ] GC(30)   Pre Evacuate Collection Set: 0,1ms
[2024-06-02T16:03:13.251-0300][gc,phases     ] GC(30)   Evacuate Collection Set: 18,6ms
[2024-06-02T16:03:13.251-0300][gc,phases     ] GC(30)   Post Evacuate Collection Set: 1,0ms
[2024-06-02T16:03:13.251-0300][gc,phases     ] GC(30)   Other: 0,5ms
[2024-06-02T16:03:13.251-0300][gc,heap       ] GC(30) Eden regions: 53->0(52)
[2024-06-02T16:03:13.251-0300][gc,heap       ] GC(30) Survivor regions: 5->5(8)
[2024-06-02T16:03:13.251-0300][gc,heap       ] GC(30) Old regions: 36->37
[2024-06-02T16:03:13.251-0300][gc,heap       ] GC(30) Humongous regions: 129->129
[2024-06-02T16:03:13.251-0300][gc,metaspace  ] GC(30) Metaspace: 45351K(48336K)->45351K(48336K) NonClass: 39555K(41168K)->39555K(41168K) Class: 5795K(7168K)->5795K(7168K)
[2024-06-02T16:03:13.251-0300][gc            ] GC(30) Pause Young (Normal) (G1 Evacuation Pause) 221M->169M(1024M) 20,338ms
[2024-06-02T16:03:13.251-0300][gc,cpu        ] GC(30) User=0,07s Sys=0,01s Real=0,02s
[2024-06-02T16:03:47.261-0300][gc,start      ] GC(31) Pause Young (Normal) (G1 Evacuation Pause)
[2024-06-02T16:03:47.261-0300][gc,task       ] GC(31) Using 4 workers of 4 for evacuation
[2024-06-02T16:03:47.281-0300][gc,mmu        ] GC(31) MMU target violated: 20,3ms (20,0ms/21,0ms)
[2024-06-02T16:03:47.281-0300][gc,phases     ] GC(31)   Pre Evacuate Collection Set: 0,1ms
[2024-06-02T16:03:47.281-0300][gc,phases     ] GC(31)   Evacuate Collection Set: 19,0ms
[2024-06-02T16:03:47.281-0300][gc,phases     ] GC(31)   Post Evacuate Collection Set: 1,1ms
[2024-06-02T16:03:47.282-0300][gc,phases     ] GC(31)   Other: 0,5ms
[2024-06-02T16:03:47.282-0300][gc,heap       ] GC(31) Eden regions: 52->0(52)
[2024-06-02T16:03:47.282-0300][gc,heap       ] GC(31) Survivor regions: 5->6(8)
[2024-06-02T16:03:47.282-0300][gc,heap       ] GC(31) Old regions: 37->38
[2024-06-02T16:03:47.282-0300][gc,heap       ] GC(31) Humongous regions: 129->129
[2024-06-02T16:03:47.282-0300][gc,metaspace  ] GC(31) Metaspace: 45357K(48336K)->45357K(48336K) NonClass: 39561K(41168K)->39561K(41168K) Class: 5795K(7168K)->5795K(7168K)
[2024-06-02T16:03:47.282-0300][gc            ] GC(31) Pause Young (Normal) (G1 Evacuation Pause) 221M->170M(1024M) 20,862ms
[2024-06-02T16:03:47.282-0300][gc,cpu        ] GC(31) User=0,08s Sys=0,01s Real=0,02s
[2024-06-02T16:04:14.687-0300][gc,start      ] GC(32) Pause Young (Normal) (G1 Evacuation Pause)
[2024-06-02T16:04:14.687-0300][gc,task       ] GC(32) Using 4 workers of 4 for evacuation
[2024-06-02T16:04:14.693-0300][gc,phases     ] GC(32)   Pre Evacuate Collection Set: 0,0ms
[2024-06-02T16:04:14.693-0300][gc,phases     ] GC(32)   Evacuate Collection Set: 5,3ms
[2024-06-02T16:04:14.693-0300][gc,phases     ] GC(32)   Post Evacuate Collection Set: 0,6ms
[2024-06-02T16:04:14.693-0300][gc,phases     ] GC(32)   Other: 0,2ms
[2024-06-02T16:04:14.693-0300][gc,heap       ] GC(32) Eden regions: 45->0(55)
[2024-06-02T16:04:14.693-0300][gc,heap       ] GC(32) Survivor regions: 6->5(7)
[2024-06-02T16:04:14.693-0300][gc,heap       ] GC(32) Old regions: 38->40
[2024-06-02T16:04:14.693-0300][gc,heap       ] GC(32) Humongous regions: 129->129
[2024-06-02T16:04:14.693-0300][gc,metaspace  ] GC(32) Metaspace: 45357K(48336K)->45357K(48336K) NonClass: 39562K(41168K)->39562K(41168K) Class: 5795K(7168K)->5795K(7168K)
[2024-06-02T16:04:14.693-0300][gc            ] GC(32) Pause Young (Normal) (G1 Evacuation Pause) 215M->171M(1024M) 6,143ms
[2024-06-02T16:04:14.693-0300][gc,cpu        ] GC(32) User=0,02s Sys=0,01s Real=0,01s
[2024-06-02T16:04:45.484-0300][gc,start      ] GC(33) Pause Young (Normal) (G1 Evacuation Pause)
[2024-06-02T16:04:45.484-0300][gc,task       ] GC(33) Using 4 workers of 4 for evacuation
[2024-06-02T16:04:45.508-0300][gc,mmu        ] GC(33) MMU target violated: 21,0ms (20,0ms/21,0ms)
[2024-06-02T16:04:45.508-0300][gc,phases     ] GC(33)   Pre Evacuate Collection Set: 0,0ms
[2024-06-02T16:04:45.508-0300][gc,phases     ] GC(33)   Evacuate Collection Set: 22,7ms
[2024-06-02T16:04:45.508-0300][gc,phases     ] GC(33)   Post Evacuate Collection Set: 0,7ms
[2024-06-02T16:04:45.508-0300][gc,phases     ] GC(33)   Other: 0,5ms
[2024-06-02T16:04:45.508-0300][gc,heap       ] GC(33) Eden regions: 50->0(52)
[2024-06-02T16:04:45.508-0300][gc,heap       ] GC(33) Survivor regions: 5->5(7)
[2024-06-02T16:04:45.508-0300][gc,heap       ] GC(33) Old regions: 40->41
[2024-06-02T16:04:45.508-0300][gc,heap       ] GC(33) Humongous regions: 129->129
[2024-06-02T16:04:45.508-0300][gc,metaspace  ] GC(33) Metaspace: 45361K(48336K)->45361K(48336K) NonClass: 39565K(41168K)->39565K(41168K) Class: 5795K(7168K)->5795K(7168K)
[2024-06-02T16:04:45.508-0300][gc            ] GC(33) Pause Young (Normal) (G1 Evacuation Pause) 221M->172M(1024M) 23,995ms
[2024-06-02T16:04:45.508-0300][gc,cpu        ] GC(33) User=0,07s Sys=0,00s Real=0,02s
[2024-06-02T16:05:14.173-0300][gc,start      ] GC(34) Pause Young (Normal) (G1 Evacuation Pause)
[2024-06-02T16:05:14.173-0300][gc,task       ] GC(34) Using 4 workers of 4 for evacuation
[2024-06-02T16:05:14.193-0300][gc,mmu        ] GC(34) MMU target violated: 20,4ms (20,0ms/21,0ms)
[2024-06-02T16:05:14.193-0300][gc,phases     ] GC(34)   Pre Evacuate Collection Set: 0,1ms
[2024-06-02T16:05:14.193-0300][gc,phases     ] GC(34)   Evacuate Collection Set: 19,7ms
[2024-06-02T16:05:14.193-0300][gc,phases     ] GC(34)   Post Evacuate Collection Set: 0,6ms
[2024-06-02T16:05:14.194-0300][gc,phases     ] GC(34)   Other: 0,4ms
[2024-06-02T16:05:14.194-0300][gc,heap       ] GC(34) Eden regions: 46->0(52)
[2024-06-02T16:05:14.194-0300][gc,heap       ] GC(34) Survivor regions: 5->5(7)
[2024-06-02T16:05:14.194-0300][gc,heap       ] GC(34) Old regions: 41->42
[2024-06-02T16:05:14.194-0300][gc,heap       ] GC(34) Humongous regions: 129->129
[2024-06-02T16:05:14.194-0300][gc,metaspace  ] GC(34) Metaspace: 45361K(48336K)->45361K(48336K) NonClass: 39565K(41168K)->39565K(41168K) Class: 5795K(7168K)->5795K(7168K)
[2024-06-02T16:05:14.194-0300][gc            ] GC(34) Pause Young (Normal) (G1 Evacuation Pause) 218M->173M(1024M) 20,797ms
[2024-06-02T16:05:14.194-0300][gc,cpu        ] GC(34) User=0,06s Sys=0,00s Real=0,02s
[2024-06-02T16:05:42.957-0300][gc,start      ] GC(35) Pause Young (Normal) (G1 Evacuation Pause)
[2024-06-02T16:05:42.957-0300][gc,task       ] GC(35) Using 4 workers of 4 for evacuation
[2024-06-02T16:05:42.976-0300][gc,phases     ] GC(35)   Pre Evacuate Collection Set: 0,1ms
[2024-06-02T16:05:42.976-0300][gc,phases     ] GC(35)   Evacuate Collection Set: 17,7ms
[2024-06-02T16:05:42.976-0300][gc,phases     ] GC(35)   Post Evacuate Collection Set: 1,0ms
[2024-06-02T16:05:42.977-0300][gc,phases     ] GC(35)   Other: 0,4ms
[2024-06-02T16:05:42.977-0300][gc,heap       ] GC(35) Eden regions: 46->0(53)
[2024-06-02T16:05:42.977-0300][gc,heap       ] GC(35) Survivor regions: 5->5(7)
[2024-06-02T16:05:42.977-0300][gc,heap       ] GC(35) Old regions: 42->43
[2024-06-02T16:05:42.977-0300][gc,heap       ] GC(35) Humongous regions: 129->129
[2024-06-02T16:05:42.977-0300][gc,metaspace  ] GC(35) Metaspace: 45361K(48336K)->45361K(48336K) NonClass: 39565K(41168K)->39565K(41168K) Class: 5795K(7168K)->5795K(7168K)
[2024-06-02T16:05:42.977-0300][gc            ] GC(35) Pause Young (Normal) (G1 Evacuation Pause) 219M->174M(1024M) 19,387ms
[2024-06-02T16:05:42.977-0300][gc,cpu        ] GC(35) User=0,08s Sys=0,00s Real=0,02s
[2024-06-02T16:06:11.495-0300][gc,start      ] GC(36) Pause Young (Normal) (G1 Evacuation Pause)
[2024-06-02T16:06:11.495-0300][gc,task       ] GC(36) Using 4 workers of 4 for evacuation
[2024-06-02T16:06:11.513-0300][gc,phases     ] GC(36)   Pre Evacuate Collection Set: 0,1ms
[2024-06-02T16:06:11.513-0300][gc,phases     ] GC(36)   Evacuate Collection Set: 16,3ms
[2024-06-02T16:06:11.513-0300][gc,phases     ] GC(36)   Post Evacuate Collection Set: 1,1ms
[2024-06-02T16:06:11.513-0300][gc,phases     ] GC(36)   Other: 0,4ms
[2024-06-02T16:06:11.513-0300][gc,heap       ] GC(36) Eden regions: 46->0(55)
[2024-06-02T16:06:11.513-0300][gc,heap       ] GC(36) Survivor regions: 5->4(7)
[2024-06-02T16:06:11.513-0300][gc,heap       ] GC(36) Old regions: 43->44
[2024-06-02T16:06:11.513-0300][gc,heap       ] GC(36) Humongous regions: 129->129
[2024-06-02T16:06:11.513-0300][gc,metaspace  ] GC(36) Metaspace: 45361K(48336K)->45361K(48336K) NonClass: 39565K(41168K)->39565K(41168K) Class: 5795K(7168K)->5795K(7168K)
[2024-06-02T16:06:11.513-0300][gc            ] GC(36) Pause Young (Normal) (G1 Evacuation Pause) 220M->175M(1024M) 18,081ms
[2024-06-02T16:06:11.513-0300][gc,cpu        ] GC(36) User=0,06s Sys=0,01s Real=0,02s
[2024-06-02T16:06:40.889-0300][gc,start      ] GC(37) Pause Young (Normal) (G1 Evacuation Pause)
[2024-06-02T16:06:40.889-0300][gc,task       ] GC(37) Using 4 workers of 4 for evacuation
[2024-06-02T16:06:40.914-0300][gc,mmu        ] GC(37) MMU target violated: 21,0ms (20,0ms/21,0ms)
[2024-06-02T16:06:40.914-0300][gc,phases     ] GC(37)   Pre Evacuate Collection Set: 0,1ms
[2024-06-02T16:06:40.914-0300][gc,phases     ] GC(37)   Evacuate Collection Set: 23,5ms
[2024-06-02T16:06:40.914-0300][gc,phases     ] GC(37)   Post Evacuate Collection Set: 0,7ms
[2024-06-02T16:06:40.914-0300][gc,phases     ] GC(37)   Other: 0,5ms
[2024-06-02T16:06:40.914-0300][gc,heap       ] GC(37) Eden regions: 47->0(53)
[2024-06-02T16:06:40.914-0300][gc,heap       ] GC(37) Survivor regions: 4->5(7)
[2024-06-02T16:06:40.914-0300][gc,heap       ] GC(37) Old regions: 44->44
[2024-06-02T16:06:40.914-0300][gc,heap       ] GC(37) Humongous regions: 129->129
[2024-06-02T16:06:40.914-0300][gc,metaspace  ] GC(37) Metaspace: 45363K(48336K)->45363K(48336K) NonClass: 39567K(41168K)->39567K(41168K) Class: 5795K(7168K)->5795K(7168K)
[2024-06-02T16:06:40.914-0300][gc            ] GC(37) Pause Young (Normal) (G1 Evacuation Pause) 222M->175M(1024M) 24,898ms
[2024-06-02T16:06:40.914-0300][gc,cpu        ] GC(37) User=0,08s Sys=0,00s Real=0,03s
[2024-06-02T16:07:10.429-0300][gc,start      ] GC(38) Pause Young (Normal) (G1 Evacuation Pause)
[2024-06-02T16:07:10.429-0300][gc,task       ] GC(38) Using 4 workers of 4 for evacuation
[2024-06-02T16:07:10.450-0300][gc,mmu        ] GC(38) MMU target violated: 21,0ms (20,0ms/21,0ms)
[2024-06-02T16:07:10.450-0300][gc,phases     ] GC(38)   Pre Evacuate Collection Set: 0,1ms
[2024-06-02T16:07:10.450-0300][gc,phases     ] GC(38)   Evacuate Collection Set: 20,4ms
[2024-06-02T16:07:10.450-0300][gc,phases     ] GC(38)   Post Evacuate Collection Set: 0,9ms
[2024-06-02T16:07:10.450-0300][gc,phases     ] GC(38)   Other: 0,5ms
[2024-06-02T16:07:10.450-0300][gc,heap       ] GC(38) Eden regions: 46->0(49)
[2024-06-02T16:07:10.450-0300][gc,heap       ] GC(38) Survivor regions: 5->5(7)
[2024-06-02T16:07:10.450-0300][gc,heap       ] GC(38) Old regions: 44->45
[2024-06-02T16:07:10.450-0300][gc,heap       ] GC(38) Humongous regions: 129->129
[2024-06-02T16:07:10.450-0300][gc,metaspace  ] GC(38) Metaspace: 45366K(48336K)->45366K(48336K) NonClass: 39571K(41168K)->39571K(41168K) Class: 5795K(7168K)->5795K(7168K)
[2024-06-02T16:07:10.451-0300][gc            ] GC(38) Pause Young (Normal) (G1 Evacuation Pause) 221M->176M(1024M) 21,942ms
[2024-06-02T16:07:10.451-0300][gc,cpu        ] GC(38) User=0,07s Sys=0,00s Real=0,03s
[2024-06-02T16:07:40.236-0300][gc,start      ] GC(39) Pause Young (Normal) (G1 Evacuation Pause)
[2024-06-02T16:07:40.236-0300][gc,task       ] GC(39) Using 4 workers of 4 for evacuation
[2024-06-02T16:07:40.244-0300][gc,phases     ] GC(39)   Pre Evacuate Collection Set: 0,0ms
[2024-06-02T16:07:40.244-0300][gc,phases     ] GC(39)   Evacuate Collection Set: 7,0ms
[2024-06-02T16:07:40.244-0300][gc,phases     ] GC(39)   Post Evacuate Collection Set: 0,4ms
[2024-06-02T16:07:40.244-0300][gc,phases     ] GC(39)   Other: 0,2ms
[2024-06-02T16:07:40.244-0300][gc,heap       ] GC(39) Eden regions: 46->0(53)
[2024-06-02T16:07:40.244-0300][gc,heap       ] GC(39) Survivor regions: 5->5(7)
[2024-06-02T16:07:40.244-0300][gc,heap       ] GC(39) Old regions: 45->46
[2024-06-02T16:07:40.244-0300][gc,heap       ] GC(39) Humongous regions: 129->129
[2024-06-02T16:07:40.244-0300][gc,metaspace  ] GC(39) Metaspace: 45370K(48336K)->45370K(48336K) NonClass: 39574K(41168K)->39574K(41168K) Class: 5795K(7168K)->5795K(7168K)
[2024-06-02T16:07:40.244-0300][gc            ] GC(39) Pause Young (Normal) (G1 Evacuation Pause) 222M->177M(1024M) 7,724ms
[2024-06-02T16:07:40.244-0300][gc,cpu        ] GC(39) User=0,03s Sys=0,00s Real=0,01s
[2024-06-02T16:08:09.111-0300][gc,start      ] GC(40) Pause Young (Normal) (G1 Evacuation Pause)
[2024-06-02T16:08:09.111-0300][gc,task       ] GC(40) Using 4 workers of 4 for evacuation
[2024-06-02T16:08:09.133-0300][gc,mmu        ] GC(40) MMU target violated: 21,0ms (20,0ms/21,0ms)
[2024-06-02T16:08:09.133-0300][gc,phases     ] GC(40)   Pre Evacuate Collection Set: 0,1ms
[2024-06-02T16:08:09.133-0300][gc,phases     ] GC(40)   Evacuate Collection Set: 19,9ms
[2024-06-02T16:08:09.133-0300][gc,phases     ] GC(40)   Post Evacuate Collection Set: 1,1ms
[2024-06-02T16:08:09.133-0300][gc,phases     ] GC(40)   Other: 0,5ms
[2024-06-02T16:08:09.133-0300][gc,heap       ] GC(40) Eden regions: 46->0(48)
[2024-06-02T16:08:09.133-0300][gc,heap       ] GC(40) Survivor regions: 5->4(7)
[2024-06-02T16:08:09.133-0300][gc,heap       ] GC(40) Old regions: 46->48
[2024-06-02T16:08:09.133-0300][gc,heap       ] GC(40) Humongous regions: 129->129
[2024-06-02T16:08:09.133-0300][gc,metaspace  ] GC(40) Metaspace: 45371K(48336K)->45371K(48336K) NonClass: 39575K(41168K)->39575K(41168K) Class: 5795K(7168K)->5795K(7168K)
[2024-06-02T16:08:09.133-0300][gc            ] GC(40) Pause Young (Normal) (G1 Evacuation Pause) 223M->178M(1024M) 21,798ms
[2024-06-02T16:08:09.133-0300][gc,cpu        ] GC(40) User=0,08s Sys=0,01s Real=0,02s
[2024-06-02T16:08:37.852-0300][gc,start      ] GC(41) Pause Young (Normal) (G1 Evacuation Pause)
[2024-06-02T16:08:37.852-0300][gc,task       ] GC(41) Using 4 workers of 4 for evacuation
[2024-06-02T16:08:37.869-0300][gc,phases     ] GC(41)   Pre Evacuate Collection Set: 0,0ms
[2024-06-02T16:08:37.869-0300][gc,phases     ] GC(41)   Evacuate Collection Set: 16,0ms
[2024-06-02T16:08:37.869-0300][gc,phases     ] GC(41)   Post Evacuate Collection Set: 0,7ms
[2024-06-02T16:08:37.869-0300][gc,phases     ] GC(41)   Other: 0,3ms
[2024-06-02T16:08:37.869-0300][gc,heap       ] GC(41) Eden regions: 47->0(49)
[2024-06-02T16:08:37.870-0300][gc,heap       ] GC(41) Survivor regions: 4->4(7)
[2024-06-02T16:08:37.870-0300][gc,heap       ] GC(41) Old regions: 48->49
[2024-06-02T16:08:37.870-0300][gc,heap       ] GC(41) Humongous regions: 129->129
[2024-06-02T16:08:37.870-0300][gc,metaspace  ] GC(41) Metaspace: 45382K(48336K)->45382K(48336K) NonClass: 39586K(41168K)->39586K(41168K) Class: 5795K(7168K)->5795K(7168K)
[2024-06-02T16:08:37.870-0300][gc            ] GC(41) Pause Young (Normal) (G1 Evacuation Pause) 225M->179M(1024M) 17,159ms
[2024-06-02T16:08:37.870-0300][gc,cpu        ] GC(41) User=0,05s Sys=0,00s Real=0,01s
[2024-06-02T16:09:08.445-0300][gc,start      ] GC(42) Pause Young (Normal) (G1 Evacuation Pause)
[2024-06-02T16:09:08.445-0300][gc,task       ] GC(42) Using 4 workers of 4 for evacuation
[2024-06-02T16:09:08.465-0300][gc,phases     ] GC(42)   Pre Evacuate Collection Set: 0,0ms
[2024-06-02T16:09:08.465-0300][gc,phases     ] GC(42)   Evacuate Collection Set: 18,3ms
[2024-06-02T16:09:08.465-0300][gc,phases     ] GC(42)   Post Evacuate Collection Set: 0,8ms
[2024-06-02T16:09:08.465-0300][gc,phases     ] GC(42)   Other: 0,4ms
[2024-06-02T16:09:08.465-0300][gc,heap       ] GC(42) Eden regions: 49->0(50)
[2024-06-02T16:09:08.465-0300][gc,heap       ] GC(42) Survivor regions: 4->5(7)
[2024-06-02T16:09:08.465-0300][gc,heap       ] GC(42) Old regions: 49->50
[2024-06-02T16:09:08.465-0300][gc,heap       ] GC(42) Humongous regions: 129->129
[2024-06-02T16:09:08.465-0300][gc,metaspace  ] GC(42) Metaspace: 45383K(48336K)->45383K(48336K) NonClass: 39587K(41168K)->39587K(41168K) Class: 5795K(7168K)->5795K(7168K)
[2024-06-02T16:09:08.465-0300][gc            ] GC(42) Pause Young (Normal) (G1 Evacuation Pause) 228M->181M(1024M) 19,827ms
[2024-06-02T16:09:08.465-0300][gc,cpu        ] GC(42) User=0,07s Sys=0,00s Real=0,02s
[2024-06-02T16:09:37.681-0300][gc,start      ] GC(43) Pause Young (Normal) (G1 Evacuation Pause)
[2024-06-02T16:09:37.681-0300][gc,task       ] GC(43) Using 4 workers of 4 for evacuation
[2024-06-02T16:09:37.689-0300][gc,phases     ] GC(43)   Pre Evacuate Collection Set: 0,0ms
[2024-06-02T16:09:37.689-0300][gc,phases     ] GC(43)   Evacuate Collection Set: 6,8ms
[2024-06-02T16:09:37.689-0300][gc,phases     ] GC(43)   Post Evacuate Collection Set: 0,5ms
[2024-06-02T16:09:37.689-0300][gc,phases     ] GC(43)   Other: 0,2ms
[2024-06-02T16:09:37.689-0300][gc,heap       ] GC(43) Eden regions: 46->0(52)
[2024-06-02T16:09:37.689-0300][gc,heap       ] GC(43) Survivor regions: 5->4(7)
[2024-06-02T16:09:37.689-0300][gc,heap       ] GC(43) Old regions: 50->51
[2024-06-02T16:09:37.689-0300][gc,heap       ] GC(43) Humongous regions: 129->129
[2024-06-02T16:09:37.689-0300][gc,metaspace  ] GC(43) Metaspace: 45383K(48336K)->45383K(48336K) NonClass: 39588K(41168K)->39588K(41168K) Class: 5795K(7168K)->5795K(7168K)
[2024-06-02T16:09:37.689-0300][gc            ] GC(43) Pause Young (Normal) (G1 Evacuation Pause) 227M->181M(1024M) 7,679ms
[2024-06-02T16:09:37.689-0300][gc,cpu        ] GC(43) User=0,03s Sys=0,00s Real=0,01s
[2024-06-02T16:10:10.136-0300][gc,start      ] GC(44) Pause Young (Normal) (G1 Evacuation Pause)
[2024-06-02T16:10:10.137-0300][gc,task       ] GC(44) Using 4 workers of 4 for evacuation
[2024-06-02T16:10:10.145-0300][gc,phases     ] GC(44)   Pre Evacuate Collection Set: 0,0ms
[2024-06-02T16:10:10.145-0300][gc,phases     ] GC(44)   Evacuate Collection Set: 7,6ms
[2024-06-02T16:10:10.145-0300][gc,phases     ] GC(44)   Post Evacuate Collection Set: 0,5ms
[2024-06-02T16:10:10.145-0300][gc,phases     ] GC(44)   Other: 0,2ms
[2024-06-02T16:10:10.145-0300][gc,heap       ] GC(44) Eden regions: 52->0(56)
[2024-06-02T16:10:10.145-0300][gc,heap       ] GC(44) Survivor regions: 4->5(7)
[2024-06-02T16:10:10.145-0300][gc,heap       ] GC(44) Old regions: 51->52
[2024-06-02T16:10:10.145-0300][gc,heap       ] GC(44) Humongous regions: 129->129
[2024-06-02T16:10:10.145-0300][gc,metaspace  ] GC(44) Metaspace: 45387K(48336K)->45387K(48336K) NonClass: 39591K(41168K)->39591K(41168K) Class: 5795K(7168K)->5795K(7168K)
[2024-06-02T16:10:10.145-0300][gc            ] GC(44) Pause Young (Normal) (G1 Evacuation Pause) 233M->183M(1024M) 8,427ms
[2024-06-02T16:10:10.145-0300][gc,cpu        ] GC(44) User=0,03s Sys=0,00s Real=0,01s
[2024-06-02T16:10:42.299-0300][gc,start      ] GC(45) Pause Young (Normal) (G1 Evacuation Pause)
[2024-06-02T16:10:42.299-0300][gc,task       ] GC(45) Using 4 workers of 4 for evacuation
[2024-06-02T16:10:42.308-0300][gc,phases     ] GC(45)   Pre Evacuate Collection Set: 0,0ms
[2024-06-02T16:10:42.308-0300][gc,phases     ] GC(45)   Evacuate Collection Set: 8,2ms
[2024-06-02T16:10:42.308-0300][gc,phases     ] GC(45)   Post Evacuate Collection Set: 0,4ms
[2024-06-02T16:10:42.308-0300][gc,phases     ] GC(45)   Other: 0,2ms
[2024-06-02T16:10:42.308-0300][gc,heap       ] GC(45) Eden regions: 53->0(61)
[2024-06-02T16:10:42.308-0300][gc,heap       ] GC(45) Survivor regions: 5->5(8)
[2024-06-02T16:10:42.308-0300][gc,heap       ] GC(45) Old regions: 52->52
[2024-06-02T16:10:42.308-0300][gc,heap       ] GC(45) Humongous regions: 129->129
[2024-06-02T16:10:42.308-0300][gc,metaspace  ] GC(45) Metaspace: 45388K(48336K)->45388K(48336K) NonClass: 39593K(41168K)->39593K(41168K) Class: 5795K(7168K)->5795K(7168K)
[2024-06-02T16:10:42.308-0300][gc            ] GC(45) Pause Young (Normal) (G1 Evacuation Pause) 236M->183M(1024M) 8,892ms
[2024-06-02T16:10:42.308-0300][gc,cpu        ] GC(45) User=0,02s Sys=0,00s Real=0,01s
[2024-06-02T16:11:15.308-0300][gc,start      ] GC(46) Pause Young (Normal) (G1 Evacuation Pause)
[2024-06-02T16:11:15.308-0300][gc,task       ] GC(46) Using 4 workers of 4 for evacuation
[2024-06-02T16:11:15.325-0300][gc,phases     ] GC(46)   Pre Evacuate Collection Set: 0,0ms
[2024-06-02T16:11:15.325-0300][gc,phases     ] GC(46)   Evacuate Collection Set: 16,3ms
[2024-06-02T16:11:15.325-0300][gc,phases     ] GC(46)   Post Evacuate Collection Set: 0,3ms
[2024-06-02T16:11:15.325-0300][gc,phases     ] GC(46)   Other: 0,2ms
[2024-06-02T16:11:15.325-0300][gc,heap       ] GC(46) Eden regions: 57->0(68)
[2024-06-02T16:11:15.325-0300][gc,heap       ] GC(46) Survivor regions: 5->5(8)
[2024-06-02T16:11:15.325-0300][gc,heap       ] GC(46) Old regions: 52->52
[2024-06-02T16:11:15.325-0300][gc,heap       ] GC(46) Humongous regions: 129->129
[2024-06-02T16:11:15.325-0300][gc,metaspace  ] GC(46) Metaspace: 45390K(48336K)->45390K(48336K) NonClass: 39594K(41168K)->39594K(41168K) Class: 5795K(7168K)->5795K(7168K)
[2024-06-02T16:11:15.325-0300][gc            ] GC(46) Pause Young (Normal) (G1 Evacuation Pause) 240M->184M(1024M) 16,873ms
[2024-06-02T16:11:15.325-0300][gc,cpu        ] GC(46) User=0,02s Sys=0,00s Real=0,02s
[2024-06-02T16:11:50.440-0300][gc,start      ] GC(47) Pause Young (Normal) (G1 Evacuation Pause)
[2024-06-02T16:11:50.440-0300][gc,task       ] GC(47) Using 4 workers of 4 for evacuation
[2024-06-02T16:11:50.450-0300][gc,phases     ] GC(47)   Pre Evacuate Collection Set: 0,0ms
[2024-06-02T16:11:50.450-0300][gc,phases     ] GC(47)   Evacuate Collection Set: 8,9ms
[2024-06-02T16:11:50.450-0300][gc,phases     ] GC(47)   Post Evacuate Collection Set: 0,5ms
[2024-06-02T16:11:50.450-0300][gc,phases     ] GC(47)   Other: 0,2ms
[2024-06-02T16:11:50.450-0300][gc,heap       ] GC(47) Eden regions: 62->0(73)
[2024-06-02T16:11:50.450-0300][gc,heap       ] GC(47) Survivor regions: 5->6(9)
[2024-06-02T16:11:50.450-0300][gc,heap       ] GC(47) Old regions: 52->53
[2024-06-02T16:11:50.450-0300][gc,heap       ] GC(47) Humongous regions: 129->129
[2024-06-02T16:11:50.450-0300][gc,metaspace  ] GC(47) Metaspace: 45390K(48336K)->45390K(48336K) NonClass: 39594K(41168K)->39594K(41168K) Class: 5795K(7168K)->5795K(7168K)
[2024-06-02T16:11:50.450-0300][gc            ] GC(47) Pause Young (Normal) (G1 Evacuation Pause) 246M->185M(1024M) 9,627ms
[2024-06-02T16:11:50.450-0300][gc,cpu        ] GC(47) User=0,03s Sys=0,00s Real=0,01s
[2024-06-02T16:12:30.195-0300][gc,start      ] GC(48) Pause Young (Normal) (G1 Evacuation Pause)
[2024-06-02T16:12:30.195-0300][gc,task       ] GC(48) Using 4 workers of 4 for evacuation
[2024-06-02T16:12:30.206-0300][gc,phases     ] GC(48)   Pre Evacuate Collection Set: 0,0ms
[2024-06-02T16:12:30.206-0300][gc,phases     ] GC(48)   Evacuate Collection Set: 10,7ms
[2024-06-02T16:12:30.206-0300][gc,phases     ] GC(48)   Post Evacuate Collection Set: 0,4ms
[2024-06-02T16:12:30.206-0300][gc,phases     ] GC(48)   Other: 0,2ms
[2024-06-02T16:12:30.206-0300][gc,heap       ] GC(48) Eden regions: 73->0(126)
[2024-06-02T16:12:30.206-0300][gc,heap       ] GC(48) Survivor regions: 6->7(10)
[2024-06-02T16:12:30.206-0300][gc,heap       ] GC(48) Old regions: 53->53
[2024-06-02T16:12:30.207-0300][gc,heap       ] GC(48) Humongous regions: 129->129
[2024-06-02T16:12:30.207-0300][gc,metaspace  ] GC(48) Metaspace: 45648K(48720K)->45648K(48720K) NonClass: 39785K(41424K)->39785K(41424K) Class: 5862K(7296K)->5862K(7296K)
[2024-06-02T16:12:30.207-0300][gc            ] GC(48) Pause Young (Normal) (G1 Evacuation Pause) 258M->187M(1024M) 11,369ms
[2024-06-02T16:12:30.207-0300][gc,cpu        ] GC(48) User=0,03s Sys=0,00s Real=0,01s
[2024-06-02T16:13:44.155-0300][gc,start      ] GC(49) Pause Young (Normal) (G1 Evacuation Pause)
[2024-06-02T16:13:44.155-0300][gc,task       ] GC(49) Using 4 workers of 4 for evacuation
[2024-06-02T16:13:44.184-0300][gc,mmu        ] GC(49) MMU target violated: 21,0ms (20,0ms/21,0ms)
[2024-06-02T16:13:44.184-0300][gc,phases     ] GC(49)   Pre Evacuate Collection Set: 0,1ms
[2024-06-02T16:13:44.184-0300][gc,phases     ] GC(49)   Evacuate Collection Set: 28,3ms
[2024-06-02T16:13:44.184-0300][gc,phases     ] GC(49)   Post Evacuate Collection Set: 0,9ms
[2024-06-02T16:13:44.184-0300][gc,phases     ] GC(49)   Other: 0,5ms
[2024-06-02T16:13:44.184-0300][gc,heap       ] GC(49) Eden regions: 126->0(62)
[2024-06-02T16:13:44.184-0300][gc,heap       ] GC(49) Survivor regions: 7->9(17)
[2024-06-02T16:13:44.184-0300][gc,heap       ] GC(49) Old regions: 53->53
[2024-06-02T16:13:44.184-0300][gc,heap       ] GC(49) Humongous regions: 129->129
[2024-06-02T16:13:44.184-0300][gc,metaspace  ] GC(49) Metaspace: 45657K(48720K)->45657K(48720K) NonClass: 39795K(41424K)->39795K(41424K) Class: 5862K(7296K)->5862K(7296K)
[2024-06-02T16:13:44.184-0300][gc            ] GC(49) Pause Young (Normal) (G1 Evacuation Pause) 313M->189M(1024M) 29,902ms
[2024-06-02T16:13:44.184-0300][gc,cpu        ] GC(49) User=0,09s Sys=0,02s Real=0,03s
[2024-06-02T16:14:21.984-0300][gc,start      ] GC(50) Pause Young (Normal) (G1 Evacuation Pause)
[2024-06-02T16:14:21.984-0300][gc,task       ] GC(50) Using 4 workers of 4 for evacuation
[2024-06-02T16:14:21.992-0300][gc,phases     ] GC(50)   Pre Evacuate Collection Set: 0,0ms
[2024-06-02T16:14:21.992-0300][gc,phases     ] GC(50)   Evacuate Collection Set: 7,9ms
[2024-06-02T16:14:21.992-0300][gc,phases     ] GC(50)   Post Evacuate Collection Set: 0,5ms
[2024-06-02T16:14:21.992-0300][gc,phases     ] GC(50)   Other: 0,2ms
[2024-06-02T16:14:21.992-0300][gc,heap       ] GC(50) Eden regions: 62->0(69)
[2024-06-02T16:14:21.992-0300][gc,heap       ] GC(50) Survivor regions: 9->5(9)
[2024-06-02T16:14:21.992-0300][gc,heap       ] GC(50) Old regions: 53->58
[2024-06-02T16:14:21.992-0300][gc,heap       ] GC(50) Humongous regions: 129->129
[2024-06-02T16:14:21.992-0300][gc,metaspace  ] GC(50) Metaspace: 45663K(48720K)->45663K(48720K) NonClass: 39801K(41424K)->39801K(41424K) Class: 5862K(7296K)->5862K(7296K)
[2024-06-02T16:14:21.992-0300][gc            ] GC(50) Pause Young (Normal) (G1 Evacuation Pause) 251M->189M(1024M) 8,692ms
[2024-06-02T16:14:21.992-0300][gc,cpu        ] GC(50) User=0,03s Sys=0,00s Real=0,01s
[2024-06-02T16:15:04.747-0300][gc,start      ] GC(51) Pause Young (Normal) (G1 Evacuation Pause)
[2024-06-02T16:15:04.747-0300][gc,task       ] GC(51) Using 4 workers of 4 for evacuation
[2024-06-02T16:15:04.754-0300][gc,phases     ] GC(51)   Pre Evacuate Collection Set: 0,0ms
[2024-06-02T16:15:04.754-0300][gc,phases     ] GC(51)   Evacuate Collection Set: 6,8ms
[2024-06-02T16:15:04.754-0300][gc,phases     ] GC(51)   Post Evacuate Collection Set: 0,4ms
[2024-06-02T16:15:04.754-0300][gc,phases     ] GC(51)   Other: 0,2ms
[2024-06-02T16:15:04.754-0300][gc,heap       ] GC(51) Eden regions: 69->0(78)
[2024-06-02T16:15:04.754-0300][gc,heap       ] GC(51) Survivor regions: 5->6(10)
[2024-06-02T16:15:04.754-0300][gc,heap       ] GC(51) Old regions: 58->58
[2024-06-02T16:15:04.754-0300][gc,heap       ] GC(51) Humongous regions: 129->129
[2024-06-02T16:15:04.754-0300][gc,metaspace  ] GC(51) Metaspace: 45713K(48720K)->45713K(48720K) NonClass: 39839K(41424K)->39839K(41424K) Class: 5873K(7296K)->5873K(7296K)
[2024-06-02T16:15:04.754-0300][gc            ] GC(51) Pause Young (Normal) (G1 Evacuation Pause) 258M->190M(1024M) 7,522ms
[2024-06-02T16:15:04.754-0300][gc,cpu        ] GC(51) User=0,02s Sys=0,00s Real=0,01s
[2024-06-02T16:15:52.729-0300][gc,start      ] GC(52) Pause Young (Normal) (G1 Evacuation Pause)
[2024-06-02T16:15:52.729-0300][gc,task       ] GC(52) Using 4 workers of 4 for evacuation
[2024-06-02T16:15:52.752-0300][gc,mmu        ] GC(52) MMU target violated: 21,0ms (20,0ms/21,0ms)
[2024-06-02T16:15:52.752-0300][gc,phases     ] GC(52)   Pre Evacuate Collection Set: 0,1ms
[2024-06-02T16:15:52.752-0300][gc,phases     ] GC(52)   Evacuate Collection Set: 22,0ms
[2024-06-02T16:15:52.752-0300][gc,phases     ] GC(52)   Post Evacuate Collection Set: 1,0ms
[2024-06-02T16:15:52.753-0300][gc,phases     ] GC(52)   Other: 0,5ms
[2024-06-02T16:15:52.753-0300][gc,heap       ] GC(52) Eden regions: 78->0(65)
[2024-06-02T16:15:52.753-0300][gc,heap       ] GC(52) Survivor regions: 6->8(11)
[2024-06-02T16:15:52.753-0300][gc,heap       ] GC(52) Old regions: 58->58
[2024-06-02T16:15:52.753-0300][gc,heap       ] GC(52) Humongous regions: 129->129
[2024-06-02T16:15:52.753-0300][gc,metaspace  ] GC(52) Metaspace: 45716K(48720K)->45716K(48720K) NonClass: 39842K(41424K)->39842K(41424K) Class: 5873K(7296K)->5873K(7296K)
[2024-06-02T16:15:52.753-0300][gc            ] GC(52) Pause Young (Normal) (G1 Evacuation Pause) 268M->192M(1024M) 23,700ms
[2024-06-02T16:15:52.753-0300][gc,cpu        ] GC(52) User=0,09s Sys=0,00s Real=0,03s
[2024-06-02T16:16:32.255-0300][gc,start      ] GC(53) Pause Young (Normal) (G1 Evacuation Pause)
[2024-06-02T16:16:32.255-0300][gc,task       ] GC(53) Using 4 workers of 4 for evacuation
[2024-06-02T16:16:32.280-0300][gc,mmu        ] GC(53) MMU target violated: 21,0ms (20,0ms/21,0ms)
[2024-06-02T16:16:32.280-0300][gc,phases     ] GC(53)   Pre Evacuate Collection Set: 0,0ms
[2024-06-02T16:16:32.280-0300][gc,phases     ] GC(53)   Evacuate Collection Set: 24,3ms
[2024-06-02T16:16:32.280-0300][gc,phases     ] GC(53)   Post Evacuate Collection Set: 0,9ms
[2024-06-02T16:16:32.280-0300][gc,phases     ] GC(53)   Other: 0,4ms
[2024-06-02T16:16:32.280-0300][gc,heap       ] GC(53) Eden regions: 65->0(61)
[2024-06-02T16:16:32.280-0300][gc,heap       ] GC(53) Survivor regions: 8->6(10)
[2024-06-02T16:16:32.280-0300][gc,heap       ] GC(53) Old regions: 58->61
[2024-06-02T16:16:32.280-0300][gc,heap       ] GC(53) Humongous regions: 129->129
[2024-06-02T16:16:32.280-0300][gc,metaspace  ] GC(53) Metaspace: 45716K(48720K)->45716K(48720K) NonClass: 39842K(41424K)->39842K(41424K) Class: 5873K(7296K)->5873K(7296K)
[2024-06-02T16:16:32.280-0300][gc            ] GC(53) Pause Young (Normal) (G1 Evacuation Pause) 257M->193M(1024M) 25,819ms
[2024-06-02T16:16:32.280-0300][gc,cpu        ] GC(53) User=0,10s Sys=0,00s Real=0,02s
[2024-06-02T16:17:10.369-0300][gc,start      ] GC(54) Pause Young (Normal) (G1 Evacuation Pause)
[2024-06-02T16:17:10.369-0300][gc,task       ] GC(54) Using 4 workers of 4 for evacuation
[2024-06-02T16:17:10.391-0300][gc,mmu        ] GC(54) MMU target violated: 21,0ms (20,0ms/21,0ms)
[2024-06-02T16:17:10.391-0300][gc,phases     ] GC(54)   Pre Evacuate Collection Set: 0,1ms
[2024-06-02T16:17:10.391-0300][gc,phases     ] GC(54)   Evacuate Collection Set: 20,6ms
[2024-06-02T16:17:10.391-0300][gc,phases     ] GC(54)   Post Evacuate Collection Set: 1,0ms
[2024-06-02T16:17:10.391-0300][gc,phases     ] GC(54)   Other: 0,5ms
[2024-06-02T16:17:10.391-0300][gc,heap       ] GC(54) Eden regions: 61->0(57)
[2024-06-02T16:17:10.391-0300][gc,heap       ] GC(54) Survivor regions: 6->6(9)
[2024-06-02T16:17:10.391-0300][gc,heap       ] GC(54) Old regions: 61->62
[2024-06-02T16:17:10.391-0300][gc,heap       ] GC(54) Humongous regions: 129->129
[2024-06-02T16:17:10.391-0300][gc,metaspace  ] GC(54) Metaspace: 45716K(48720K)->45716K(48720K) NonClass: 39842K(41424K)->39842K(41424K) Class: 5873K(7296K)->5873K(7296K)
[2024-06-02T16:17:10.391-0300][gc            ] GC(54) Pause Young (Normal) (G1 Evacuation Pause) 254M->195M(1024M) 22,402ms
[2024-06-02T16:17:10.391-0300][gc,cpu        ] GC(54) User=0,07s Sys=0,00s Real=0,03s
[2024-06-02T16:17:46.015-0300][gc,start      ] GC(55) Pause Young (Normal) (G1 Evacuation Pause)
[2024-06-02T16:17:46.015-0300][gc,task       ] GC(55) Using 4 workers of 4 for evacuation
[2024-06-02T16:17:46.037-0300][gc,mmu        ] GC(55) MMU target violated: 21,0ms (20,0ms/21,0ms)
[2024-06-02T16:17:46.037-0300][gc,phases     ] GC(55)   Pre Evacuate Collection Set: 0,1ms
[2024-06-02T16:17:46.037-0300][gc,phases     ] GC(55)   Evacuate Collection Set: 20,3ms
[2024-06-02T16:17:46.037-0300][gc,phases     ] GC(55)   Post Evacuate Collection Set: 1,0ms
[2024-06-02T16:17:46.037-0300][gc,phases     ] GC(55)   Other: 0,5ms
[2024-06-02T16:17:46.037-0300][gc,heap       ] GC(55) Eden regions: 57->0(56)
[2024-06-02T16:17:46.037-0300][gc,heap       ] GC(55) Survivor regions: 6->6(8)
[2024-06-02T16:17:46.037-0300][gc,heap       ] GC(55) Old regions: 62->64
[2024-06-02T16:17:46.037-0300][gc,heap       ] GC(55) Humongous regions: 129->129
[2024-06-02T16:17:46.037-0300][gc,metaspace  ] GC(55) Metaspace: 45726K(48720K)->45726K(48720K) NonClass: 39852K(41424K)->39852K(41424K) Class: 5873K(7296K)->5873K(7296K)
[2024-06-02T16:17:46.037-0300][gc            ] GC(55) Pause Young (Normal) (G1 Evacuation Pause) 252M->196M(1024M) 22,076ms
[2024-06-02T16:17:46.037-0300][gc,cpu        ] GC(55) User=0,08s Sys=0,00s Real=0,02s
[2024-06-02T16:18:21.773-0300][gc,start      ] GC(56) Pause Young (Normal) (G1 Evacuation Pause)
[2024-06-02T16:18:21.773-0300][gc,task       ] GC(56) Using 4 workers of 4 for evacuation
[2024-06-02T16:18:21.794-0300][gc,mmu        ] GC(56) MMU target violated: 20,9ms (20,0ms/21,0ms)
[2024-06-02T16:18:21.794-0300][gc,phases     ] GC(56)   Pre Evacuate Collection Set: 0,0ms
[2024-06-02T16:18:21.794-0300][gc,phases     ] GC(56)   Evacuate Collection Set: 19,8ms
[2024-06-02T16:18:21.794-0300][gc,phases     ] GC(56)   Post Evacuate Collection Set: 0,9ms
[2024-06-02T16:18:21.794-0300][gc,phases     ] GC(56)   Other: 0,5ms
[2024-06-02T16:18:21.794-0300][gc,heap       ] GC(56) Eden regions: 56->0(58)
[2024-06-02T16:18:21.794-0300][gc,heap       ] GC(56) Survivor regions: 6->6(8)
[2024-06-02T16:18:21.794-0300][gc,heap       ] GC(56) Old regions: 64->65
[2024-06-02T16:18:21.794-0300][gc,heap       ] GC(56) Humongous regions: 129->129
[2024-06-02T16:18:21.794-0300][gc,metaspace  ] GC(56) Metaspace: 45749K(48720K)->45749K(48720K) NonClass: 39867K(41424K)->39867K(41424K) Class: 5882K(7296K)->5882K(7296K)
[2024-06-02T16:18:21.794-0300][gc            ] GC(56) Pause Young (Normal) (G1 Evacuation Pause) 252M->197M(1024M) 21,437ms
[2024-06-02T16:18:21.794-0300][gc,cpu        ] GC(56) User=0,07s Sys=0,00s Real=0,02s
[2024-06-02T16:18:59.682-0300][gc,start      ] GC(57) Pause Young (Normal) (G1 Evacuation Pause)
[2024-06-02T16:18:59.682-0300][gc,task       ] GC(57) Using 4 workers of 4 for evacuation
[2024-06-02T16:18:59.702-0300][gc,phases     ] GC(57)   Pre Evacuate Collection Set: 0,1ms
[2024-06-02T16:18:59.702-0300][gc,phases     ] GC(57)   Evacuate Collection Set: 17,7ms
[2024-06-02T16:18:59.702-0300][gc,phases     ] GC(57)   Post Evacuate Collection Set: 1,1ms
[2024-06-02T16:18:59.702-0300][gc,phases     ] GC(57)   Other: 0,4ms
[2024-06-02T16:18:59.702-0300][gc,heap       ] GC(57) Eden regions: 58->0(59)
[2024-06-02T16:18:59.702-0300][gc,heap       ] GC(57) Survivor regions: 6->5(8)
[2024-06-02T16:18:59.702-0300][gc,heap       ] GC(57) Old regions: 65->66
[2024-06-02T16:18:59.702-0300][gc,heap       ] GC(57) Humongous regions: 129->129
[2024-06-02T16:18:59.702-0300][gc,metaspace  ] GC(57) Metaspace: 45751K(48720K)->45751K(48720K) NonClass: 39869K(41424K)->39869K(41424K) Class: 5882K(7296K)->5882K(7296K)
[2024-06-02T16:18:59.702-0300][gc            ] GC(57) Pause Young (Normal) (G1 Evacuation Pause) 255M->198M(1024M) 19,495ms
[2024-06-02T16:18:59.702-0300][gc,cpu        ] GC(57) User=0,07s Sys=0,00s Real=0,01s
[2024-06-02T16:19:38.840-0300][gc,start      ] GC(58) Pause Young (Normal) (G1 Evacuation Pause)
[2024-06-02T16:19:38.840-0300][gc,task       ] GC(58) Using 4 workers of 4 for evacuation
[2024-06-02T16:19:38.859-0300][gc,phases     ] GC(58)   Pre Evacuate Collection Set: 0,1ms
[2024-06-02T16:19:38.859-0300][gc,phases     ] GC(58)   Evacuate Collection Set: 17,4ms
[2024-06-02T16:19:38.859-0300][gc,phases     ] GC(58)   Post Evacuate Collection Set: 1,1ms
[2024-06-02T16:19:38.859-0300][gc,phases     ] GC(58)   Other: 0,4ms
[2024-06-02T16:19:38.859-0300][gc,heap       ] GC(58) Eden regions: 59->0(58)
[2024-06-02T16:19:38.859-0300][gc,heap       ] GC(58) Survivor regions: 5->6(8)
[2024-06-02T16:19:38.859-0300][gc,heap       ] GC(58) Old regions: 66->66
[2024-06-02T16:19:38.859-0300][gc,heap       ] GC(58) Humongous regions: 129->129
[2024-06-02T16:19:38.859-0300][gc,metaspace  ] GC(58) Metaspace: 45754K(48720K)->45754K(48720K) NonClass: 39872K(41424K)->39872K(41424K) Class: 5882K(7296K)->5882K(7296K)
[2024-06-02T16:19:38.859-0300][gc            ] GC(58) Pause Young (Normal) (G1 Evacuation Pause) 257M->199M(1024M) 19,158ms
[2024-06-02T16:19:38.859-0300][gc,cpu        ] GC(58) User=0,08s Sys=0,00s Real=0,02s
[2024-06-02T16:20:07.042-0300][gc,start      ] GC(59) Pause Young (Normal) (G1 Evacuation Pause)
[2024-06-02T16:20:07.042-0300][gc,task       ] GC(59) Using 4 workers of 4 for evacuation
[2024-06-02T16:20:07.048-0300][gc,phases     ] GC(59)   Pre Evacuate Collection Set: 0,0ms
[2024-06-02T16:20:07.048-0300][gc,phases     ] GC(59)   Evacuate Collection Set: 5,3ms
[2024-06-02T16:20:07.048-0300][gc,phases     ] GC(59)   Post Evacuate Collection Set: 0,5ms
[2024-06-02T16:20:07.048-0300][gc,phases     ] GC(59)   Other: 0,2ms
[2024-06-02T16:20:07.048-0300][gc,heap       ] GC(59) Eden regions: 45->0(60)
[2024-06-02T16:20:07.048-0300][gc,heap       ] GC(59) Survivor regions: 6->5(7)
[2024-06-02T16:20:07.048-0300][gc,heap       ] GC(59) Old regions: 66->68
[2024-06-02T16:20:07.048-0300][gc,heap       ] GC(59) Humongous regions: 129->129
[2024-06-02T16:20:07.048-0300][gc,metaspace  ] GC(59) Metaspace: 45755K(48720K)->45755K(48720K) NonClass: 39873K(41424K)->39873K(41424K) Class: 5882K(7296K)->5882K(7296K)
[2024-06-02T16:20:07.048-0300][gc            ] GC(59) Pause Young (Normal) (G1 Evacuation Pause) 244M->200M(1024M) 6,012ms
[2024-06-02T16:20:07.048-0300][gc,cpu        ] GC(59) User=0,02s Sys=0,01s Real=0,00s
[2024-06-02T16:20:37.969-0300][gc,start      ] GC(60) Pause Young (Normal) (G1 Evacuation Pause)
[2024-06-02T16:20:37.970-0300][gc,task       ] GC(60) Using 4 workers of 4 for evacuation
[2024-06-02T16:20:37.989-0300][gc,phases     ] GC(60)   Pre Evacuate Collection Set: 0,1ms
[2024-06-02T16:20:37.989-0300][gc,phases     ] GC(60)   Evacuate Collection Set: 18,1ms
[2024-06-02T16:20:37.989-0300][gc,phases     ] GC(60)   Post Evacuate Collection Set: 1,0ms
[2024-06-02T16:20:37.989-0300][gc,phases     ] GC(60)   Other: 0,4ms
[2024-06-02T16:20:37.989-0300][gc,heap       ] GC(60) Eden regions: 48->0(54)
[2024-06-02T16:20:37.989-0300][gc,heap       ] GC(60) Survivor regions: 5->5(7)
[2024-06-02T16:20:37.989-0300][gc,heap       ] GC(60) Old regions: 68->69
[2024-06-02T16:20:37.989-0300][gc,heap       ] GC(60) Humongous regions: 129->129
[2024-06-02T16:20:37.989-0300][gc,metaspace  ] GC(60) Metaspace: 45757K(48720K)->45757K(48720K) NonClass: 39875K(41424K)->39875K(41424K) Class: 5882K(7296K)->5882K(7296K)
[2024-06-02T16:20:37.989-0300][gc            ] GC(60) Pause Young (Normal) (G1 Evacuation Pause) 248M->201M(1024M) 19,775ms
[2024-06-02T16:20:37.989-0300][gc,cpu        ] GC(60) User=0,07s Sys=0,00s Real=0,02s
[2024-06-02T16:21:09.922-0300][gc,start      ] GC(61) Pause Young (Normal) (G1 Evacuation Pause)
[2024-06-02T16:21:09.922-0300][gc,task       ] GC(61) Using 4 workers of 4 for evacuation
[2024-06-02T16:21:09.942-0300][gc,mmu        ] GC(61) MMU target violated: 20,7ms (20,0ms/21,0ms)
[2024-06-02T16:21:09.943-0300][gc,phases     ] GC(61)   Pre Evacuate Collection Set: 0,1ms
[2024-06-02T16:21:09.943-0300][gc,phases     ] GC(61)   Evacuate Collection Set: 19,7ms
[2024-06-02T16:21:09.943-0300][gc,phases     ] GC(61)   Post Evacuate Collection Set: 0,8ms
[2024-06-02T16:21:09.943-0300][gc,phases     ] GC(61)   Other: 0,4ms
[2024-06-02T16:21:09.943-0300][gc,heap       ] GC(61) Eden regions: 53->0(53)
[2024-06-02T16:21:09.943-0300][gc,heap       ] GC(61) Survivor regions: 5->5(8)
[2024-06-02T16:21:09.943-0300][gc,heap       ] GC(61) Old regions: 69->71
[2024-06-02T16:21:09.943-0300][gc,heap       ] GC(61) Humongous regions: 129->129
[2024-06-02T16:21:09.943-0300][gc,metaspace  ] GC(61) Metaspace: 45757K(48720K)->45757K(48720K) NonClass: 39875K(41424K)->39875K(41424K) Class: 5882K(7296K)->5882K(7296K)
[2024-06-02T16:21:09.943-0300][gc            ] GC(61) Pause Young (Normal) (G1 Evacuation Pause) 254M->202M(1024M) 21,108ms
[2024-06-02T16:21:09.943-0300][gc,cpu        ] GC(61) User=0,07s Sys=0,00s Real=0,03s
[2024-06-02T16:21:39.663-0300][gc,start      ] GC(62) Pause Young (Normal) (G1 Evacuation Pause)
[2024-06-02T16:21:39.663-0300][gc,task       ] GC(62) Using 4 workers of 4 for evacuation
[2024-06-02T16:21:39.698-0300][gc,mmu        ] GC(62) MMU target violated: 21,0ms (20,0ms/21,0ms)
[2024-06-02T16:21:39.699-0300][gc,phases     ] GC(62)   Pre Evacuate Collection Set: 0,1ms
[2024-06-02T16:21:39.699-0300][gc,phases     ] GC(62)   Evacuate Collection Set: 34,2ms
[2024-06-02T16:21:39.699-0300][gc,phases     ] GC(62)   Post Evacuate Collection Set: 0,8ms
[2024-06-02T16:21:39.699-0300][gc,phases     ] GC(62)   Other: 0,4ms
[2024-06-02T16:21:39.699-0300][gc,heap       ] GC(62) Eden regions: 46->0(48)
[2024-06-02T16:21:39.699-0300][gc,heap       ] GC(62) Survivor regions: 5->5(7)
[2024-06-02T16:21:39.699-0300][gc,heap       ] GC(62) Old regions: 71->72
[2024-06-02T16:21:39.699-0300][gc,heap       ] GC(62) Humongous regions: 129->129
[2024-06-02T16:21:39.699-0300][gc,metaspace  ] GC(62) Metaspace: 45759K(48720K)->45759K(48720K) NonClass: 39877K(41424K)->39877K(41424K) Class: 5882K(7296K)->5882K(7296K)
[2024-06-02T16:21:39.699-0300][gc            ] GC(62) Pause Young (Normal) (G1 Evacuation Pause) 248M->203M(1024M) 35,608ms
[2024-06-02T16:21:39.699-0300][gc,cpu        ] GC(62) User=0,10s Sys=0,00s Real=0,03s
[2024-06-02T16:22:10.429-0300][gc,start      ] GC(63) Pause Young (Normal) (G1 Evacuation Pause)
[2024-06-02T16:22:10.429-0300][gc,task       ] GC(63) Using 4 workers of 4 for evacuation
[2024-06-02T16:22:10.448-0300][gc,phases     ] GC(63)   Pre Evacuate Collection Set: 0,1ms
[2024-06-02T16:22:10.448-0300][gc,phases     ] GC(63)   Evacuate Collection Set: 17,3ms
[2024-06-02T16:22:10.448-0300][gc,phases     ] GC(63)   Post Evacuate Collection Set: 1,1ms
[2024-06-02T16:22:10.448-0300][gc,phases     ] GC(63)   Other: 0,5ms
[2024-06-02T16:22:10.448-0300][gc,heap       ] GC(63) Eden regions: 48->0(49)
[2024-06-02T16:22:10.448-0300][gc,heap       ] GC(63) Survivor regions: 5->5(7)
[2024-06-02T16:22:10.448-0300][gc,heap       ] GC(63) Old regions: 72->73
[2024-06-02T16:22:10.448-0300][gc,heap       ] GC(63) Humongous regions: 129->129
[2024-06-02T16:22:10.448-0300][gc,metaspace  ] GC(63) Metaspace: 45760K(48720K)->45760K(48720K) NonClass: 39878K(41424K)->39878K(41424K) Class: 5882K(7296K)->5882K(7296K)
[2024-06-02T16:22:10.448-0300][gc            ] GC(63) Pause Young (Normal) (G1 Evacuation Pause) 251M->204M(1024M) 19,183ms
[2024-06-02T16:22:10.448-0300][gc,cpu        ] GC(63) User=0,08s Sys=0,00s Real=0,02s
[2024-06-02T16:22:40.310-0300][gc,start      ] GC(64) Pause Young (Normal) (G1 Evacuation Pause)
[2024-06-02T16:22:40.311-0300][gc,task       ] GC(64) Using 4 workers of 4 for evacuation
[2024-06-02T16:22:40.330-0300][gc,phases     ] GC(64)   Pre Evacuate Collection Set: 0,1ms
[2024-06-02T16:22:40.330-0300][gc,phases     ] GC(64)   Evacuate Collection Set: 18,3ms
[2024-06-02T16:22:40.330-0300][gc,phases     ] GC(64)   Post Evacuate Collection Set: 1,0ms
[2024-06-02T16:22:40.330-0300][gc,phases     ] GC(64)   Other: 0,4ms
[2024-06-02T16:22:40.330-0300][gc,heap       ] GC(64) Eden regions: 46->0(52)
[2024-06-02T16:22:40.330-0300][gc,heap       ] GC(64) Survivor regions: 5->5(7)
[2024-06-02T16:22:40.330-0300][gc,heap       ] GC(64) Old regions: 73->74
[2024-06-02T16:22:40.330-0300][gc,heap       ] GC(64) Humongous regions: 129->129
[2024-06-02T16:22:40.330-0300][gc,metaspace  ] GC(64) Metaspace: 45760K(48720K)->45760K(48720K) NonClass: 39878K(41424K)->39878K(41424K) Class: 5882K(7296K)->5882K(7296K)
[2024-06-02T16:22:40.331-0300][gc            ] GC(64) Pause Young (Normal) (G1 Evacuation Pause) 250M->205M(1024M) 20,030ms
[2024-06-02T16:22:40.331-0300][gc,cpu        ] GC(64) User=0,07s Sys=0,00s Real=0,02s
[2024-06-02T16:23:08.284-0300][gc,start      ] GC(65) Pause Young (Normal) (G1 Evacuation Pause)
[2024-06-02T16:23:08.284-0300][gc,task       ] GC(65) Using 4 workers of 4 for evacuation
[2024-06-02T16:23:08.291-0300][gc,phases     ] GC(65)   Pre Evacuate Collection Set: 0,0ms
[2024-06-02T16:23:08.291-0300][gc,phases     ] GC(65)   Evacuate Collection Set: 6,1ms
[2024-06-02T16:23:08.291-0300][gc,phases     ] GC(65)   Post Evacuate Collection Set: 0,4ms
[2024-06-02T16:23:08.291-0300][gc,phases     ] GC(65)   Other: 0,2ms
[2024-06-02T16:23:08.291-0300][gc,heap       ] GC(65) Eden regions: 46->0(64)
[2024-06-02T16:23:08.291-0300][gc,heap       ] GC(65) Survivor regions: 5->4(7)
[2024-06-02T16:23:08.291-0300][gc,heap       ] GC(65) Old regions: 74->75
[2024-06-02T16:23:08.291-0300][gc,heap       ] GC(65) Humongous regions: 129->129
[2024-06-02T16:23:08.291-0300][gc,metaspace  ] GC(65) Metaspace: 45761K(48720K)->45761K(48720K) NonClass: 39879K(41424K)->39879K(41424K) Class: 5882K(7296K)->5882K(7296K)
[2024-06-02T16:23:08.291-0300][gc            ] GC(65) Pause Young (Normal) (G1 Evacuation Pause) 251M->205M(1024M) 6,767ms
[2024-06-02T16:23:08.291-0300][gc,cpu        ] GC(65) User=0,02s Sys=0,00s Real=0,01s
[2024-06-02T16:23:40.168-0300][gc,start      ] GC(66) Pause Young (Normal) (G1 Evacuation Pause)
[2024-06-02T16:23:40.168-0300][gc,task       ] GC(66) Using 4 workers of 4 for evacuation
[2024-06-02T16:23:40.175-0300][gc,phases     ] GC(66)   Pre Evacuate Collection Set: 0,0ms
[2024-06-02T16:23:40.175-0300][gc,phases     ] GC(66)   Evacuate Collection Set: 5,9ms
[2024-06-02T16:23:40.175-0300][gc,phases     ] GC(66)   Post Evacuate Collection Set: 0,7ms
[2024-06-02T16:23:40.175-0300][gc,phases     ] GC(66)   Other: 0,2ms
[2024-06-02T16:23:40.175-0300][gc,heap       ] GC(66) Eden regions: 50->0(66)
[2024-06-02T16:23:40.175-0300][gc,heap       ] GC(66) Survivor regions: 4->5(7)
[2024-06-02T16:23:40.175-0300][gc,heap       ] GC(66) Old regions: 75->75
[2024-06-02T16:23:40.175-0300][gc,heap       ] GC(66) Humongous regions: 129->129
[2024-06-02T16:23:40.175-0300][gc,metaspace  ] GC(66) Metaspace: 45774K(48720K)->45774K(48720K) NonClass: 39892K(41424K)->39892K(41424K) Class: 5882K(7296K)->5882K(7296K)
[2024-06-02T16:23:40.175-0300][gc            ] GC(66) Pause Young (Normal) (G1 Evacuation Pause) 255M->206M(1024M) 7,161ms
[2024-06-02T16:23:40.175-0300][gc,cpu        ] GC(66) User=0,03s Sys=0,00s Real=0,01s
[2024-06-02T16:24:15.078-0300][gc,start      ] GC(67) Pause Young (Normal) (G1 Evacuation Pause)
[2024-06-02T16:24:15.078-0300][gc,task       ] GC(67) Using 4 workers of 4 for evacuation
[2024-06-02T16:24:15.086-0300][gc,phases     ] GC(67)   Pre Evacuate Collection Set: 0,0ms
[2024-06-02T16:24:15.086-0300][gc,phases     ] GC(67)   Evacuate Collection Set: 7,1ms
[2024-06-02T16:24:15.086-0300][gc,phases     ] GC(67)   Post Evacuate Collection Set: 0,3ms
[2024-06-02T16:24:15.086-0300][gc,phases     ] GC(67)   Other: 0,2ms
[2024-06-02T16:24:15.086-0300][gc,heap       ] GC(67) Eden regions: 57->0(72)
[2024-06-02T16:24:15.086-0300][gc,heap       ] GC(67) Survivor regions: 5->5(8)
[2024-06-02T16:24:15.086-0300][gc,heap       ] GC(67) Old regions: 75->76
[2024-06-02T16:24:15.086-0300][gc,heap       ] GC(67) Humongous regions: 129->129
[2024-06-02T16:24:15.086-0300][gc,metaspace  ] GC(67) Metaspace: 45777K(48720K)->45777K(48720K) NonClass: 39895K(41424K)->39895K(41424K) Class: 5882K(7296K)->5882K(7296K)
[2024-06-02T16:24:15.086-0300][gc            ] GC(67) Pause Young (Normal) (G1 Evacuation Pause) 263M->208M(1024M) 7,762ms
[2024-06-02T16:24:15.086-0300][gc,cpu        ] GC(67) User=0,02s Sys=0,00s Real=0,01s
[2024-06-02T16:24:56.310-0300][gc,start      ] GC(68) Pause Young (Normal) (G1 Evacuation Pause)
[2024-06-02T16:24:56.310-0300][gc,task       ] GC(68) Using 4 workers of 4 for evacuation
[2024-06-02T16:24:56.332-0300][gc,mmu        ] GC(68) MMU target violated: 21,0ms (20,0ms/21,0ms)
[2024-06-02T16:24:56.332-0300][gc,phases     ] GC(68)   Pre Evacuate Collection Set: 0,1ms
[2024-06-02T16:24:56.332-0300][gc,phases     ] GC(68)   Evacuate Collection Set: 21,0ms
[2024-06-02T16:24:56.332-0300][gc,phases     ] GC(68)   Post Evacuate Collection Set: 0,7ms
[2024-06-02T16:24:56.332-0300][gc,phases     ] GC(68)   Other: 0,5ms
[2024-06-02T16:24:56.332-0300][gc,heap       ] GC(68) Eden regions: 65->0(65)
[2024-06-02T16:24:56.332-0300][gc,heap       ] GC(68) Survivor regions: 5->6(9)
[2024-06-02T16:24:56.332-0300][gc,heap       ] GC(68) Old regions: 76->77
[2024-06-02T16:24:56.332-0300][gc,heap       ] GC(68) Humongous regions: 129->129
[2024-06-02T16:24:56.332-0300][gc,metaspace  ] GC(68) Metaspace: 45777K(48720K)->45777K(48720K) NonClass: 39895K(41424K)->39895K(41424K) Class: 5882K(7296K)->5882K(7296K)
[2024-06-02T16:24:56.332-0300][gc            ] GC(68) Pause Young (Normal) (G1 Evacuation Pause) 273M->209M(1024M) 22,284ms
[2024-06-02T16:24:56.332-0300][gc,cpu        ] GC(68) User=0,08s Sys=0,00s Real=0,02s
[2024-06-02T16:25:32.775-0300][gc,start      ] GC(69) Pause Young (Normal) (G1 Evacuation Pause)
[2024-06-02T16:25:32.776-0300][gc,task       ] GC(69) Using 4 workers of 4 for evacuation
[2024-06-02T16:25:32.793-0300][gc,phases     ] GC(69)   Pre Evacuate Collection Set: 0,0ms
[2024-06-02T16:25:32.793-0300][gc,phases     ] GC(69)   Evacuate Collection Set: 16,4ms
[2024-06-02T16:25:32.793-0300][gc,phases     ] GC(69)   Post Evacuate Collection Set: 0,9ms
[2024-06-02T16:25:32.793-0300][gc,phases     ] GC(69)   Other: 0,3ms
[2024-06-02T16:25:32.793-0300][gc,heap       ] GC(69) Eden regions: 58->0(64)
[2024-06-02T16:25:32.793-0300][gc,heap       ] GC(69) Survivor regions: 6->5(8)
[2024-06-02T16:25:32.793-0300][gc,heap       ] GC(69) Old regions: 77->78
[2024-06-02T16:25:32.793-0300][gc,heap       ] GC(69) Humongous regions: 129->129
[2024-06-02T16:25:32.793-0300][gc,metaspace  ] GC(69) Metaspace: 45778K(48720K)->45778K(48720K) NonClass: 39895K(41424K)->39895K(41424K) Class: 5882K(7296K)->5882K(7296K)
[2024-06-02T16:25:32.793-0300][gc            ] GC(69) Pause Young (Normal) (G1 Evacuation Pause) 267M->210M(1024M) 17,862ms
[2024-06-02T16:25:32.793-0300][gc,cpu        ] GC(69) User=0,07s Sys=0,00s Real=0,02s
[2024-06-02T16:26:13.151-0300][gc,start      ] GC(70) Pause Young (Normal) (G1 Evacuation Pause)
[2024-06-02T16:26:13.151-0300][gc,task       ] GC(70) Using 4 workers of 4 for evacuation
[2024-06-02T16:26:13.174-0300][gc,mmu        ] GC(70) MMU target violated: 21,0ms (20,0ms/21,0ms)
[2024-06-02T16:26:13.174-0300][gc,phases     ] GC(70)   Pre Evacuate Collection Set: 0,1ms
[2024-06-02T16:26:13.174-0300][gc,phases     ] GC(70)   Evacuate Collection Set: 21,8ms
[2024-06-02T16:26:13.174-0300][gc,phases     ] GC(70)   Post Evacuate Collection Set: 1,0ms
[2024-06-02T16:26:13.174-0300][gc,phases     ] GC(70)   Other: 0,5ms
[2024-06-02T16:26:13.174-0300][gc,heap       ] GC(70) Eden regions: 62->0(62)
[2024-06-02T16:26:13.174-0300][gc,heap       ] GC(70) Survivor regions: 5->6(9)
[2024-06-02T16:26:13.174-0300][gc,heap       ] GC(70) Old regions: 78->80
[2024-06-02T16:26:13.174-0300][gc,heap       ] GC(70) Humongous regions: 129->129
[2024-06-02T16:26:13.174-0300][gc,metaspace  ] GC(70) Metaspace: 45778K(48720K)->45778K(48720K) NonClass: 39895K(41424K)->39895K(41424K) Class: 5882K(7296K)->5882K(7296K)
[2024-06-02T16:26:13.174-0300][gc            ] GC(70) Pause Young (Normal) (G1 Evacuation Pause) 272M->212M(1024M) 23,558ms
[2024-06-02T16:26:13.174-0300][gc,cpu        ] GC(70) User=0,09s Sys=0,00s Real=0,02s
[2024-06-02T16:26:42.291-0300][gc,start      ] GC(71) Pause Young (Normal) (G1 Evacuation Pause)
[2024-06-02T16:26:42.291-0300][gc,task       ] GC(71) Using 4 workers of 4 for evacuation
[2024-06-02T16:26:42.314-0300][gc,mmu        ] GC(71) MMU target violated: 21,0ms (20,0ms/21,0ms)
[2024-06-02T16:26:42.314-0300][gc,phases     ] GC(71)   Pre Evacuate Collection Set: 0,1ms
[2024-06-02T16:26:42.314-0300][gc,phases     ] GC(71)   Evacuate Collection Set: 21,6ms
[2024-06-02T16:26:42.314-0300][gc,phases     ] GC(71)   Post Evacuate Collection Set: 1,0ms
[2024-06-02T16:26:42.314-0300][gc,phases     ] GC(71)   Other: 0,5ms
[2024-06-02T16:26:42.314-0300][gc,heap       ] GC(71) Eden regions: 46->0(59)
[2024-06-02T16:26:42.314-0300][gc,heap       ] GC(71) Survivor regions: 6->4(7)
[2024-06-02T16:26:42.314-0300][gc,heap       ] GC(71) Old regions: 80->82
[2024-06-02T16:26:42.314-0300][gc,heap       ] GC(71) Humongous regions: 129->129
[2024-06-02T16:26:42.314-0300][gc,metaspace  ] GC(71) Metaspace: 45778K(48720K)->45778K(48720K) NonClass: 39895K(41424K)->39895K(41424K) Class: 5882K(7296K)->5882K(7296K)
[2024-06-02T16:26:42.314-0300][gc            ] GC(71) Pause Young (Normal) (G1 Evacuation Pause) 258M->213M(1024M) 23,428ms
[2024-06-02T16:26:42.314-0300][gc,cpu        ] GC(71) User=0,08s Sys=0,00s Real=0,02s
[2024-06-02T16:27:19.396-0300][gc,start      ] GC(72) Pause Young (Normal) (G1 Evacuation Pause)
[2024-06-02T16:27:19.396-0300][gc,task       ] GC(72) Using 4 workers of 4 for evacuation
[2024-06-02T16:27:19.414-0300][gc,phases     ] GC(72)   Pre Evacuate Collection Set: 0,1ms
[2024-06-02T16:27:19.414-0300][gc,phases     ] GC(72)   Evacuate Collection Set: 15,9ms
[2024-06-02T16:27:19.414-0300][gc,phases     ] GC(72)   Post Evacuate Collection Set: 1,1ms
[2024-06-02T16:27:19.414-0300][gc,phases     ] GC(72)   Other: 0,4ms
[2024-06-02T16:27:19.414-0300][gc,heap       ] GC(72) Eden regions: 59->0(59)
[2024-06-02T16:27:19.414-0300][gc,heap       ] GC(72) Survivor regions: 4->5(8)
[2024-06-02T16:27:19.414-0300][gc,heap       ] GC(72) Old regions: 82->82
[2024-06-02T16:27:19.414-0300][gc,heap       ] GC(72) Humongous regions: 129->129
[2024-06-02T16:27:19.414-0300][gc,metaspace  ] GC(72) Metaspace: 45781K(48720K)->45781K(48720K) NonClass: 39899K(41424K)->39899K(41424K) Class: 5882K(7296K)->5882K(7296K)
[2024-06-02T16:27:19.414-0300][gc            ] GC(72) Pause Young (Normal) (G1 Evacuation Pause) 272M->213M(1024M) 17,693ms
[2024-06-02T16:27:19.414-0300][gc,cpu        ] GC(72) User=0,07s Sys=0,00s Real=0,02s
[2024-06-02T16:27:48.192-0300][gc,start      ] GC(73) Pause Young (Normal) (G1 Evacuation Pause)
[2024-06-02T16:27:48.192-0300][gc,task       ] GC(73) Using 4 workers of 4 for evacuation
[2024-06-02T16:27:48.211-0300][gc,phases     ] GC(73)   Pre Evacuate Collection Set: 0,1ms
[2024-06-02T16:27:48.211-0300][gc,phases     ] GC(73)   Evacuate Collection Set: 18,2ms
[2024-06-02T16:27:48.211-0300][gc,phases     ] GC(73)   Post Evacuate Collection Set: 1,1ms
[2024-06-02T16:27:48.211-0300][gc,phases     ] GC(73)   Other: 0,4ms
[2024-06-02T16:27:48.211-0300][gc,heap       ] GC(73) Eden regions: 46->0(60)
[2024-06-02T16:27:48.211-0300][gc,heap       ] GC(73) Survivor regions: 5->5(7)
[2024-06-02T16:27:48.211-0300][gc,heap       ] GC(73) Old regions: 82->83
[2024-06-02T16:27:48.211-0300][gc,heap       ] GC(73) Humongous regions: 129->129
[2024-06-02T16:27:48.211-0300][gc,metaspace  ] GC(73) Metaspace: 45785K(48720K)->45785K(48720K) NonClass: 39903K(41424K)->39903K(41424K) Class: 5882K(7296K)->5882K(7296K)
[2024-06-02T16:27:48.212-0300][gc            ] GC(73) Pause Young (Normal) (G1 Evacuation Pause) 259M->214M(1024M) 19,945ms
[2024-06-02T16:27:48.212-0300][gc,cpu        ] GC(73) User=0,08s Sys=0,00s Real=0,02s
[2024-06-02T16:28:24.970-0300][gc,start      ] GC(74) Pause Young (Normal) (G1 Evacuation Pause)
[2024-06-02T16:28:24.970-0300][gc,task       ] GC(74) Using 4 workers of 4 for evacuation
[2024-06-02T16:28:24.977-0300][gc,phases     ] GC(74)   Pre Evacuate Collection Set: 0,0ms
[2024-06-02T16:28:24.977-0300][gc,phases     ] GC(74)   Evacuate Collection Set: 6,5ms
[2024-06-02T16:28:24.977-0300][gc,phases     ] GC(74)   Post Evacuate Collection Set: 0,5ms
[2024-06-02T16:28:24.977-0300][gc,phases     ] GC(74)   Other: 0,2ms
[2024-06-02T16:28:24.977-0300][gc,heap       ] GC(74) Eden regions: 60->0(67)
[2024-06-02T16:28:24.977-0300][gc,heap       ] GC(74) Survivor regions: 5->6(9)
[2024-06-02T16:28:24.977-0300][gc,heap       ] GC(74) Old regions: 83->83
[2024-06-02T16:28:24.977-0300][gc,heap       ] GC(74) Humongous regions: 129->129
[2024-06-02T16:28:24.977-0300][gc,metaspace  ] GC(74) Metaspace: 45800K(48720K)->45800K(48720K) NonClass: 39917K(41424K)->39917K(41424K) Class: 5883K(7296K)->5883K(7296K)
[2024-06-02T16:28:24.977-0300][gc            ] GC(74) Pause Young (Normal) (G1 Evacuation Pause) 274M->215M(1024M) 7,248ms
[2024-06-02T16:28:24.977-0300][gc,cpu        ] GC(74) User=0,02s Sys=0,00s Real=0,01s
[2024-06-02T16:29:09.121-0300][gc,start      ] GC(75) Pause Young (Normal) (G1 Evacuation Pause)
[2024-06-02T16:29:09.121-0300][gc,task       ] GC(75) Using 4 workers of 4 for evacuation
[2024-06-02T16:29:09.148-0300][gc,mmu        ] GC(75) MMU target violated: 21,0ms (20,0ms/21,0ms)
[2024-06-02T16:29:09.148-0300][gc,phases     ] GC(75)   Pre Evacuate Collection Set: 0,1ms
[2024-06-02T16:29:09.148-0300][gc,phases     ] GC(75)   Evacuate Collection Set: 24,7ms
[2024-06-02T16:29:09.148-0300][gc,phases     ] GC(75)   Post Evacuate Collection Set: 1,0ms
[2024-06-02T16:29:09.148-0300][gc,phases     ] GC(75)   Other: 0,5ms
[2024-06-02T16:29:09.148-0300][gc,heap       ] GC(75) Eden regions: 67->0(53)
[2024-06-02T16:29:09.148-0300][gc,heap       ] GC(75) Survivor regions: 6->6(10)
[2024-06-02T16:29:09.148-0300][gc,heap       ] GC(75) Old regions: 83->84
[2024-06-02T16:29:09.148-0300][gc,heap       ] GC(75) Humongous regions: 129->129
[2024-06-02T16:29:09.148-0300][gc,metaspace  ] GC(75) Metaspace: 45803K(48720K)->45803K(48720K) NonClass: 39920K(41424K)->39920K(41424K) Class: 5883K(7296K)->5883K(7296K)
[2024-06-02T16:29:09.148-0300][gc            ] GC(75) Pause Young (Normal) (G1 Evacuation Pause) 282M->217M(1024M) 26,480ms
[2024-06-02T16:29:09.148-0300][gc,cpu        ] GC(75) User=0,09s Sys=0,00s Real=0,03s
[2024-06-02T16:29:38.420-0300][gc,start      ] GC(76) Pause Young (Normal) (G1 Evacuation Pause)
[2024-06-02T16:29:38.420-0300][gc,task       ] GC(76) Using 4 workers of 4 for evacuation
[2024-06-02T16:29:38.444-0300][gc,mmu        ] GC(76) MMU target violated: 21,0ms (20,0ms/21,0ms)
[2024-06-02T16:29:38.444-0300][gc,phases     ] GC(76)   Pre Evacuate Collection Set: 0,0ms
[2024-06-02T16:29:38.444-0300][gc,phases     ] GC(76)   Evacuate Collection Set: 23,3ms
[2024-06-02T16:29:38.444-0300][gc,phases     ] GC(76)   Post Evacuate Collection Set: 0,7ms
[2024-06-02T16:29:38.444-0300][gc,phases     ] GC(76)   Other: 0,4ms
[2024-06-02T16:29:38.444-0300][gc,heap       ] GC(76) Eden regions: 45->0(46)
[2024-06-02T16:29:38.444-0300][gc,heap       ] GC(76) Survivor regions: 6->5(7)
[2024-06-02T16:29:38.444-0300][gc,heap       ] GC(76) Old regions: 84->86
[2024-06-02T16:29:38.444-0300][gc,heap       ] GC(76) Humongous regions: 129->129
[2024-06-02T16:29:38.444-0300][gc,metaspace  ] GC(76) Metaspace: 45804K(48720K)->45804K(48720K) NonClass: 39921K(41424K)->39921K(41424K) Class: 5883K(7296K)->5883K(7296K)
[2024-06-02T16:29:38.444-0300][gc            ] GC(76) Pause Young (Normal) (G1 Evacuation Pause) 262M->218M(1024M) 24,576ms
[2024-06-02T16:29:38.444-0300][gc,cpu        ] GC(76) User=0,08s Sys=0,01s Real=0,03s
[2024-06-02T16:30:08.772-0300][gc,start      ] GC(77) Pause Young (Normal) (G1 Evacuation Pause)
[2024-06-02T16:30:08.772-0300][gc,task       ] GC(77) Using 4 workers of 4 for evacuation
[2024-06-02T16:30:08.793-0300][gc,mmu        ] GC(77) MMU target violated: 20,7ms (20,0ms/21,0ms)
[2024-06-02T16:30:08.793-0300][gc,phases     ] GC(77)   Pre Evacuate Collection Set: 0,1ms
[2024-06-02T16:30:08.793-0300][gc,phases     ] GC(77)   Evacuate Collection Set: 19,4ms
[2024-06-02T16:30:08.793-0300][gc,phases     ] GC(77)   Post Evacuate Collection Set: 1,1ms
[2024-06-02T16:30:08.793-0300][gc,phases     ] GC(77)   Other: 0,5ms
[2024-06-02T16:30:08.793-0300][gc,heap       ] GC(77) Eden regions: 46->0(46)
[2024-06-02T16:30:08.793-0300][gc,heap       ] GC(77) Survivor regions: 5->5(7)
[2024-06-02T16:30:08.793-0300][gc,heap       ] GC(77) Old regions: 86->87
[2024-06-02T16:30:08.793-0300][gc,heap       ] GC(77) Humongous regions: 129->129
[2024-06-02T16:30:08.794-0300][gc,metaspace  ] GC(77) Metaspace: 45807K(48720K)->45807K(48720K) NonClass: 39924K(41424K)->39924K(41424K) Class: 5883K(7296K)->5883K(7296K)
[2024-06-02T16:30:08.794-0300][gc            ] GC(77) Pause Young (Normal) (G1 Evacuation Pause) 264M->219M(1024M) 21,235ms
[2024-06-02T16:30:08.794-0300][gc,cpu        ] GC(77) User=0,07s Sys=0,01s Real=0,02s
[2024-06-02T16:30:38.579-0300][gc,start      ] GC(78) Pause Young (Normal) (G1 Evacuation Pause)
[2024-06-02T16:30:38.579-0300][gc,task       ] GC(78) Using 4 workers of 4 for evacuation
[2024-06-02T16:30:38.602-0300][gc,mmu        ] GC(78) MMU target violated: 21,0ms (20,0ms/21,0ms)
[2024-06-02T16:30:38.603-0300][gc,phases     ] GC(78)   Pre Evacuate Collection Set: 0,1ms
[2024-06-02T16:30:38.603-0300][gc,phases     ] GC(78)   Evacuate Collection Set: 21,7ms
[2024-06-02T16:30:38.603-0300][gc,phases     ] GC(78)   Post Evacuate Collection Set: 1,1ms
[2024-06-02T16:30:38.603-0300][gc,phases     ] GC(78)   Other: 0,5ms
[2024-06-02T16:30:38.603-0300][gc,heap       ] GC(78) Eden regions: 46->0(46)
[2024-06-02T16:30:38.603-0300][gc,heap       ] GC(78) Survivor regions: 5->5(7)
[2024-06-02T16:30:38.603-0300][gc,heap       ] GC(78) Old regions: 87->89
[2024-06-02T16:30:38.603-0300][gc,heap       ] GC(78) Humongous regions: 129->129
[2024-06-02T16:30:38.603-0300][gc,metaspace  ] GC(78) Metaspace: 45827K(48976K)->45827K(48976K) NonClass: 39944K(41680K)->39944K(41680K) Class: 5883K(7296K)->5883K(7296K)
[2024-06-02T16:30:38.603-0300][gc            ] GC(78) Pause Young (Normal) (G1 Evacuation Pause) 265M->220M(1024M) 23,436ms
[2024-06-02T16:30:38.603-0300][gc,cpu        ] GC(78) User=0,06s Sys=0,01s Real=0,03s
[2024-06-02T16:31:06.805-0300][gc,start      ] GC(79) Pause Young (Normal) (G1 Evacuation Pause)
[2024-06-02T16:31:06.805-0300][gc,task       ] GC(79) Using 4 workers of 4 for evacuation
[2024-06-02T16:31:06.824-0300][gc,phases     ] GC(79)   Pre Evacuate Collection Set: 0,0ms
[2024-06-02T16:31:06.824-0300][gc,phases     ] GC(79)   Evacuate Collection Set: 17,4ms
[2024-06-02T16:31:06.824-0300][gc,phases     ] GC(79)   Post Evacuate Collection Set: 1,1ms
[2024-06-02T16:31:06.824-0300][gc,phases     ] GC(79)   Other: 0,4ms
[2024-06-02T16:31:06.824-0300][gc,heap       ] GC(79) Eden regions: 46->0(47)
[2024-06-02T16:31:06.824-0300][gc,heap       ] GC(79) Survivor regions: 5->4(7)
[2024-06-02T16:31:06.824-0300][gc,heap       ] GC(79) Old regions: 89->90
[2024-06-02T16:31:06.824-0300][gc,heap       ] GC(79) Humongous regions: 129->129
[2024-06-02T16:31:06.824-0300][gc,metaspace  ] GC(79) Metaspace: 45839K(48976K)->45839K(48976K) NonClass: 39956K(41680K)->39956K(41680K) Class: 5883K(7296K)->5883K(7296K)
[2024-06-02T16:31:06.824-0300][gc            ] GC(79) Pause Young (Normal) (G1 Evacuation Pause) 266M->220M(1024M) 19,158ms
[2024-06-02T16:31:06.824-0300][gc,cpu        ] GC(79) User=0,07s Sys=0,00s Real=0,02s
[2024-06-02T16:31:35.115-0300][gc,start      ] GC(80) Pause Young (Normal) (G1 Evacuation Pause)
[2024-06-02T16:31:35.115-0300][gc,task       ] GC(80) Using 4 workers of 4 for evacuation
[2024-06-02T16:31:35.131-0300][gc,phases     ] GC(80)   Pre Evacuate Collection Set: 0,0ms
[2024-06-02T16:31:35.131-0300][gc,phases     ] GC(80)   Evacuate Collection Set: 14,7ms
[2024-06-02T16:31:35.131-0300][gc,phases     ] GC(80)   Post Evacuate Collection Set: 0,9ms
[2024-06-02T16:31:35.131-0300][gc,phases     ] GC(80)   Other: 0,4ms
[2024-06-02T16:31:35.131-0300][gc,heap       ] GC(80) Eden regions: 47->0(47)
[2024-06-02T16:31:35.131-0300][gc,heap       ] GC(80) Survivor regions: 4->5(7)
[2024-06-02T16:31:35.131-0300][gc,heap       ] GC(80) Old regions: 90->90
[2024-06-02T16:31:35.131-0300][gc,heap       ] GC(80) Humongous regions: 129->129
[2024-06-02T16:31:35.131-0300][gc,metaspace  ] GC(80) Metaspace: 45843K(48976K)->45843K(48976K) NonClass: 39959K(41680K)->39959K(41680K) Class: 5883K(7296K)->5883K(7296K)
[2024-06-02T16:31:35.132-0300][gc            ] GC(80) Pause Young (Normal) (G1 Evacuation Pause) 267M->221M(1024M) 16,232ms
[2024-06-02T16:31:35.132-0300][gc,cpu        ] GC(80) User=0,06s Sys=0,00s Real=0,02s
[2024-06-02T16:32:06.063-0300][gc,start      ] GC(81) Pause Young (Normal) (G1 Evacuation Pause)
[2024-06-02T16:32:06.063-0300][gc,task       ] GC(81) Using 4 workers of 4 for evacuation
[2024-06-02T16:32:06.084-0300][gc,mmu        ] GC(81) MMU target violated: 20,3ms (20,0ms/21,0ms)
[2024-06-02T16:32:06.084-0300][gc,phases     ] GC(81)   Pre Evacuate Collection Set: 0,1ms
[2024-06-02T16:32:06.084-0300][gc,phases     ] GC(81)   Evacuate Collection Set: 18,9ms
[2024-06-02T16:32:06.084-0300][gc,phases     ] GC(81)   Post Evacuate Collection Set: 1,1ms
[2024-06-02T16:32:06.084-0300][gc,phases     ] GC(81)   Other: 0,5ms
[2024-06-02T16:32:06.084-0300][gc,heap       ] GC(81) Eden regions: 47->0(47)
[2024-06-02T16:32:06.084-0300][gc,heap       ] GC(81) Survivor regions: 5->5(7)
[2024-06-02T16:32:06.084-0300][gc,heap       ] GC(81) Old regions: 90->91
[2024-06-02T16:32:06.084-0300][gc,heap       ] GC(81) Humongous regions: 129->129
[2024-06-02T16:32:06.084-0300][gc,metaspace  ] GC(81) Metaspace: 45843K(48976K)->45843K(48976K) NonClass: 39960K(41680K)->39960K(41680K) Class: 5883K(7296K)->5883K(7296K)
[2024-06-02T16:32:06.084-0300][gc            ] GC(81) Pause Young (Normal) (G1 Evacuation Pause) 268M->222M(1024M) 20,815ms
[2024-06-02T16:32:06.084-0300][gc,cpu        ] GC(81) User=0,07s Sys=0,00s Real=0,02s
[2024-06-02T16:32:36.730-0300][gc,start      ] GC(82) Pause Young (Normal) (G1 Evacuation Pause)
[2024-06-02T16:32:36.730-0300][gc,task       ] GC(82) Using 4 workers of 4 for evacuation
[2024-06-02T16:32:36.745-0300][gc,phases     ] GC(82)   Pre Evacuate Collection Set: 0,0ms
[2024-06-02T16:32:36.745-0300][gc,phases     ] GC(82)   Evacuate Collection Set: 15,2ms
[2024-06-02T16:32:36.745-0300][gc,phases     ] GC(82)   Post Evacuate Collection Set: 0,4ms
[2024-06-02T16:32:36.745-0300][gc,phases     ] GC(82)   Other: 0,2ms
[2024-06-02T16:32:36.745-0300][gc,heap       ] GC(82) Eden regions: 47->0(49)
[2024-06-02T16:32:36.745-0300][gc,heap       ] GC(82) Survivor regions: 5->5(7)
[2024-06-02T16:32:36.745-0300][gc,heap       ] GC(82) Old regions: 91->92
[2024-06-02T16:32:36.745-0300][gc,heap       ] GC(82) Humongous regions: 129->129
[2024-06-02T16:32:36.745-0300][gc,metaspace  ] GC(82) Metaspace: 45843K(48976K)->45843K(48976K) NonClass: 39960K(41680K)->39960K(41680K) Class: 5883K(7296K)->5883K(7296K)
[2024-06-02T16:32:36.745-0300][gc            ] GC(82) Pause Young (Normal) (G1 Evacuation Pause) 269M->223M(1024M) 15,877ms
[2024-06-02T16:32:36.745-0300][gc,cpu        ] GC(82) User=0,03s Sys=0,00s Real=0,02s
[2024-06-02T16:33:04.674-0300][gc,start      ] GC(83) Pause Young (Normal) (G1 Evacuation Pause)
[2024-06-02T16:33:04.674-0300][gc,task       ] GC(83) Using 4 workers of 4 for evacuation
[2024-06-02T16:33:04.685-0300][gc,phases     ] GC(83)   Pre Evacuate Collection Set: 0,0ms
[2024-06-02T16:33:04.685-0300][gc,phases     ] GC(83)   Evacuate Collection Set: 10,0ms
[2024-06-02T16:33:04.685-0300][gc,phases     ] GC(83)   Post Evacuate Collection Set: 0,8ms
[2024-06-02T16:33:04.685-0300][gc,phases     ] GC(83)   Other: 0,2ms
[2024-06-02T16:33:04.685-0300][gc,heap       ] GC(83) Eden regions: 46->0(53)
[2024-06-02T16:33:04.685-0300][gc,heap       ] GC(83) Survivor regions: 5->5(7)
[2024-06-02T16:33:04.685-0300][gc,heap       ] GC(83) Old regions: 92->93
[2024-06-02T16:33:04.685-0300][gc,heap       ] GC(83) Humongous regions: 129->129
[2024-06-02T16:33:04.685-0300][gc,metaspace  ] GC(83) Metaspace: 45844K(48976K)->45844K(48976K) NonClass: 39961K(41680K)->39961K(41680K) Class: 5883K(7296K)->5883K(7296K)
[2024-06-02T16:33:04.685-0300][gc            ] GC(83) Pause Young (Normal) (G1 Evacuation Pause) 269M->224M(1024M) 11,200ms
[2024-06-02T16:33:04.685-0300][gc,cpu        ] GC(83) User=0,02s Sys=0,00s Real=0,01s
[2024-06-02T16:33:37.350-0300][gc,start      ] GC(84) Pause Young (Normal) (G1 Evacuation Pause)
[2024-06-02T16:33:37.350-0300][gc,task       ] GC(84) Using 4 workers of 4 for evacuation
[2024-06-02T16:33:37.372-0300][gc,mmu        ] GC(84) MMU target violated: 21,0ms (20,0ms/21,0ms)
[2024-06-02T16:33:37.372-0300][gc,phases     ] GC(84)   Pre Evacuate Collection Set: 0,1ms
[2024-06-02T16:33:37.372-0300][gc,phases     ] GC(84)   Evacuate Collection Set: 21,1ms
[2024-06-02T16:33:37.372-0300][gc,phases     ] GC(84)   Post Evacuate Collection Set: 0,8ms
[2024-06-02T16:33:37.372-0300][gc,phases     ] GC(84)   Other: 0,5ms
[2024-06-02T16:33:37.372-0300][gc,heap       ] GC(84) Eden regions: 53->0(48)
[2024-06-02T16:33:37.372-0300][gc,heap       ] GC(84) Survivor regions: 5->5(8)
[2024-06-02T16:33:37.372-0300][gc,heap       ] GC(84) Old regions: 93->93
[2024-06-02T16:33:37.372-0300][gc,heap       ] GC(84) Humongous regions: 129->129
[2024-06-02T16:33:37.372-0300][gc,metaspace  ] GC(84) Metaspace: 45862K(48976K)->45862K(48976K) NonClass: 39979K(41680K)->39979K(41680K) Class: 5883K(7296K)->5883K(7296K)
[2024-06-02T16:33:37.372-0300][gc            ] GC(84) Pause Young (Normal) (G1 Evacuation Pause) 277M->225M(1024M) 22,574ms
[2024-06-02T16:33:37.372-0300][gc,cpu        ] GC(84) User=0,07s Sys=0,00s Real=0,03s
[2024-06-02T16:34:05.766-0300][gc,start      ] GC(85) Pause Young (Normal) (G1 Evacuation Pause)
[2024-06-02T16:34:05.766-0300][gc,task       ] GC(85) Using 4 workers of 4 for evacuation
[2024-06-02T16:34:05.773-0300][gc,phases     ] GC(85)   Pre Evacuate Collection Set: 0,0ms
[2024-06-02T16:34:05.773-0300][gc,phases     ] GC(85)   Evacuate Collection Set: 6,1ms
[2024-06-02T16:34:05.773-0300][gc,phases     ] GC(85)   Post Evacuate Collection Set: 0,5ms
[2024-06-02T16:34:05.773-0300][gc,phases     ] GC(85)   Other: 0,2ms
[2024-06-02T16:34:05.773-0300][gc,heap       ] GC(85) Eden regions: 46->0(51)
[2024-06-02T16:34:05.773-0300][gc,heap       ] GC(85) Survivor regions: 5->5(7)
[2024-06-02T16:34:05.773-0300][gc,heap       ] GC(85) Old regions: 93->95
[2024-06-02T16:34:05.773-0300][gc,heap       ] GC(85) Humongous regions: 129->129
[2024-06-02T16:34:05.773-0300][gc,metaspace  ] GC(85) Metaspace: 45863K(48976K)->45863K(48976K) NonClass: 39980K(41680K)->39980K(41680K) Class: 5883K(7296K)->5883K(7296K)
[2024-06-02T16:34:05.773-0300][gc            ] GC(85) Pause Young (Normal) (G1 Evacuation Pause) 271M->226M(1024M) 6,850ms
[2024-06-02T16:34:05.773-0300][gc,cpu        ] GC(85) User=0,02s Sys=0,01s Real=0,01s
[2024-06-02T16:34:38.901-0300][gc,start      ] GC(86) Pause Young (Normal) (G1 Evacuation Pause)
[2024-06-02T16:34:38.901-0300][gc,task       ] GC(86) Using 4 workers of 4 for evacuation
[2024-06-02T16:34:38.921-0300][gc,phases     ] GC(86)   Pre Evacuate Collection Set: 0,1ms
[2024-06-02T16:34:38.921-0300][gc,phases     ] GC(86)   Evacuate Collection Set: 18,4ms
[2024-06-02T16:34:38.921-0300][gc,phases     ] GC(86)   Post Evacuate Collection Set: 1,1ms
[2024-06-02T16:34:38.921-0300][gc,phases     ] GC(86)   Other: 0,4ms
[2024-06-02T16:34:38.921-0300][gc,heap       ] GC(86) Eden regions: 51->0(50)
[2024-06-02T16:34:38.921-0300][gc,heap       ] GC(86) Survivor regions: 5->5(7)
[2024-06-02T16:34:38.921-0300][gc,heap       ] GC(86) Old regions: 95->96
[2024-06-02T16:34:38.921-0300][gc,heap       ] GC(86) Humongous regions: 129->129
[2024-06-02T16:34:38.921-0300][gc,metaspace  ] GC(86) Metaspace: 45865K(48976K)->45865K(48976K) NonClass: 39981K(41680K)->39981K(41680K) Class: 5883K(7296K)->5883K(7296K)
[2024-06-02T16:34:38.921-0300][gc            ] GC(86) Pause Young (Normal) (G1 Evacuation Pause) 277M->227M(1024M) 20,287ms
[2024-06-02T16:34:38.921-0300][gc,cpu        ] GC(86) User=0,07s Sys=0,00s Real=0,02s
[2024-06-02T16:35:10.726-0300][gc,start      ] GC(87) Pause Young (Normal) (G1 Evacuation Pause)
[2024-06-02T16:35:10.726-0300][gc,task       ] GC(87) Using 4 workers of 4 for evacuation
[2024-06-02T16:35:10.746-0300][gc,phases     ] GC(87)   Pre Evacuate Collection Set: 0,1ms
[2024-06-02T16:35:10.746-0300][gc,phases     ] GC(87)   Evacuate Collection Set: 18,2ms
[2024-06-02T16:35:10.746-0300][gc,phases     ] GC(87)   Post Evacuate Collection Set: 1,0ms
[2024-06-02T16:35:10.746-0300][gc,phases     ] GC(87)   Other: 0,4ms
[2024-06-02T16:35:10.746-0300][gc,heap       ] GC(87) Eden regions: 50->0(50)
[2024-06-02T16:35:10.746-0300][gc,heap       ] GC(87) Survivor regions: 5->5(7)
[2024-06-02T16:35:10.746-0300][gc,heap       ] GC(87) Old regions: 96->97
[2024-06-02T16:35:10.746-0300][gc,heap       ] GC(87) Humongous regions: 129->129
[2024-06-02T16:35:10.746-0300][gc,metaspace  ] GC(87) Metaspace: 45867K(48976K)->45867K(48976K) NonClass: 39984K(41680K)->39984K(41680K) Class: 5883K(7296K)->5883K(7296K)
[2024-06-02T16:35:10.746-0300][gc            ] GC(87) Pause Young (Normal) (G1 Evacuation Pause) 277M->229M(1024M) 20,013ms
[2024-06-02T16:35:10.746-0300][gc,cpu        ] GC(87) User=0,07s Sys=0,00s Real=0,02s
[2024-06-02T16:35:43.305-0300][gc,start      ] GC(88) Pause Young (Normal) (G1 Evacuation Pause)
[2024-06-02T16:35:43.305-0300][gc,task       ] GC(88) Using 4 workers of 4 for evacuation
[2024-06-02T16:35:43.322-0300][gc,phases     ] GC(88)   Pre Evacuate Collection Set: 0,0ms
[2024-06-02T16:35:43.322-0300][gc,phases     ] GC(88)   Evacuate Collection Set: 16,4ms
[2024-06-02T16:35:43.322-0300][gc,phases     ] GC(88)   Post Evacuate Collection Set: 0,5ms
[2024-06-02T16:35:43.322-0300][gc,phases     ] GC(88)   Other: 0,3ms
[2024-06-02T16:35:43.322-0300][gc,heap       ] GC(88) Eden regions: 50->0(50)
[2024-06-02T16:35:43.322-0300][gc,heap       ] GC(88) Survivor regions: 5->4(7)
[2024-06-02T16:35:43.322-0300][gc,heap       ] GC(88) Old regions: 97->98
[2024-06-02T16:35:43.322-0300][gc,heap       ] GC(88) Humongous regions: 129->129
[2024-06-02T16:35:43.322-0300][gc,metaspace  ] GC(88) Metaspace: 45868K(48976K)->45868K(48976K) NonClass: 39985K(41680K)->39985K(41680K) Class: 5883K(7296K)->5883K(7296K)
[2024-06-02T16:35:43.322-0300][gc            ] GC(88) Pause Young (Normal) (G1 Evacuation Pause) 279M->229M(1024M) 17,429ms
[2024-06-02T16:35:43.322-0300][gc,cpu        ] GC(88) User=0,04s Sys=0,00s Real=0,02s
[2024-06-02T16:36:15.990-0300][gc,start      ] GC(89) Pause Young (Normal) (G1 Evacuation Pause)
[2024-06-02T16:36:15.990-0300][gc,task       ] GC(89) Using 4 workers of 4 for evacuation
[2024-06-02T16:36:16.008-0300][gc,phases     ] GC(89)   Pre Evacuate Collection Set: 0,1ms
[2024-06-02T16:36:16.008-0300][gc,phases     ] GC(89)   Evacuate Collection Set: 17,2ms
[2024-06-02T16:36:16.008-0300][gc,phases     ] GC(89)   Post Evacuate Collection Set: 1,1ms
[2024-06-02T16:36:16.008-0300][gc,phases     ] GC(89)   Other: 0,4ms
[2024-06-02T16:36:16.008-0300][gc,heap       ] GC(89) Eden regions: 50->0(50)
[2024-06-02T16:36:16.008-0300][gc,heap       ] GC(89) Survivor regions: 4->5(7)
[2024-06-02T16:36:16.008-0300][gc,heap       ] GC(89) Old regions: 98->98
[2024-06-02T16:36:16.008-0300][gc,heap       ] GC(89) Humongous regions: 129->129
[2024-06-02T16:36:16.009-0300][gc,metaspace  ] GC(89) Metaspace: 45872K(48976K)->45872K(48976K) NonClass: 39989K(41680K)->39989K(41680K) Class: 5883K(7296K)->5883K(7296K)
[2024-06-02T16:36:16.009-0300][gc            ] GC(89) Pause Young (Normal) (G1 Evacuation Pause) 279M->230M(1024M) 19,055ms
[2024-06-02T16:36:16.009-0300][gc,cpu        ] GC(89) User=0,07s Sys=0,00s Real=0,02s
[2024-06-02T16:36:44.826-0300][gc,start      ] GC(90) Pause Young (Normal) (G1 Evacuation Pause)
[2024-06-02T16:36:44.826-0300][gc,task       ] GC(90) Using 4 workers of 4 for evacuation
[2024-06-02T16:36:44.847-0300][gc,mmu        ] GC(90) MMU target violated: 21,0ms (20,0ms/21,0ms)
[2024-06-02T16:36:44.847-0300][gc,phases     ] GC(90)   Pre Evacuate Collection Set: 0,1ms
[2024-06-02T16:36:44.847-0300][gc,phases     ] GC(90)   Evacuate Collection Set: 20,2ms
[2024-06-02T16:36:44.847-0300][gc,phases     ] GC(90)   Post Evacuate Collection Set: 1,1ms
[2024-06-02T16:36:44.847-0300][gc,phases     ] GC(90)   Other: 0,5ms
[2024-06-02T16:36:44.847-0300][gc,heap       ] GC(90) Eden regions: 46->0(49)
[2024-06-02T16:36:44.847-0300][gc,heap       ] GC(90) Survivor regions: 5->5(7)
[2024-06-02T16:36:44.847-0300][gc,heap       ] GC(90) Old regions: 98->100
[2024-06-02T16:36:44.848-0300][gc,heap       ] GC(90) Humongous regions: 129->129
[2024-06-02T16:36:44.848-0300][gc,metaspace  ] GC(90) Metaspace: 45875K(48976K)->45875K(48976K) NonClass: 39992K(41680K)->39992K(41680K) Class: 5883K(7296K)->5883K(7296K)
[2024-06-02T16:36:44.848-0300][gc            ] GC(90) Pause Young (Normal) (G1 Evacuation Pause) 276M->231M(1024M) 22,057ms
[2024-06-02T16:36:44.848-0300][gc,cpu        ] GC(90) User=0,09s Sys=0,00s Real=0,02s
[2024-06-02T16:37:16.705-0300][gc,start      ] GC(91) Pause Young (Normal) (G1 Evacuation Pause)
[2024-06-02T16:37:16.705-0300][gc,task       ] GC(91) Using 4 workers of 4 for evacuation
[2024-06-02T16:37:16.725-0300][gc,phases     ] GC(91)   Pre Evacuate Collection Set: 0,1ms
[2024-06-02T16:37:16.725-0300][gc,phases     ] GC(91)   Evacuate Collection Set: 18,2ms
[2024-06-02T16:37:16.725-0300][gc,phases     ] GC(91)   Post Evacuate Collection Set: 1,0ms
[2024-06-02T16:37:16.725-0300][gc,phases     ] GC(91)   Other: 0,4ms
[2024-06-02T16:37:16.725-0300][gc,heap       ] GC(91) Eden regions: 49->0(49)
[2024-06-02T16:37:16.725-0300][gc,heap       ] GC(91) Survivor regions: 5->5(7)
[2024-06-02T16:37:16.725-0300][gc,heap       ] GC(91) Old regions: 100->101
[2024-06-02T16:37:16.725-0300][gc,heap       ] GC(91) Humongous regions: 129->129
[2024-06-02T16:37:16.725-0300][gc,metaspace  ] GC(91) Metaspace: 45875K(48976K)->45875K(48976K) NonClass: 39992K(41680K)->39992K(41680K) Class: 5883K(7296K)->5883K(7296K)
[2024-06-02T16:37:16.725-0300][gc            ] GC(91) Pause Young (Normal) (G1 Evacuation Pause) 280M->232M(1024M) 19,958ms
[2024-06-02T16:37:16.725-0300][gc,cpu        ] GC(91) User=0,07s Sys=0,00s Real=0,02s
[2024-06-02T16:37:46.159-0300][gc,start      ] GC(92) Pause Young (Normal) (G1 Evacuation Pause)
[2024-06-02T16:37:46.159-0300][gc,task       ] GC(92) Using 4 workers of 4 for evacuation
[2024-06-02T16:37:46.180-0300][gc,mmu        ] GC(92) MMU target violated: 20,3ms (20,0ms/21,0ms)
[2024-06-02T16:37:46.180-0300][gc,phases     ] GC(92)   Pre Evacuate Collection Set: 0,1ms
[2024-06-02T16:37:46.180-0300][gc,phases     ] GC(92)   Evacuate Collection Set: 18,9ms
[2024-06-02T16:37:46.180-0300][gc,phases     ] GC(92)   Post Evacuate Collection Set: 1,1ms
[2024-06-02T16:37:46.180-0300][gc,phases     ] GC(92)   Other: 0,5ms
[2024-06-02T16:37:46.180-0300][gc,heap       ] GC(92) Eden regions: 49->0(49)
[2024-06-02T16:37:46.180-0300][gc,heap       ] GC(92) Survivor regions: 5->5(7)
[2024-06-02T16:37:46.180-0300][gc,heap       ] GC(92) Old regions: 101->102
[2024-06-02T16:37:46.180-0300][gc,heap       ] GC(92) Humongous regions: 129->129
[2024-06-02T16:37:46.180-0300][gc,metaspace  ] GC(92) Metaspace: 45879K(48976K)->45879K(48976K) NonClass: 39996K(41680K)->39996K(41680K) Class: 5883K(7296K)->5883K(7296K)
[2024-06-02T16:37:46.180-0300][gc            ] GC(92) Pause Young (Normal) (G1 Evacuation Pause) 281M->233M(1024M) 20,814ms
[2024-06-02T16:37:46.180-0300][gc,cpu        ] GC(92) User=0,08s Sys=0,00s Real=0,02s
[2024-06-02T16:38:15.723-0300][gc,start      ] GC(93) Pause Young (Normal) (G1 Evacuation Pause)
[2024-06-02T16:38:15.724-0300][gc,task       ] GC(93) Using 4 workers of 4 for evacuation
[2024-06-02T16:38:15.752-0300][gc,mmu        ] GC(93) MMU target violated: 21,0ms (20,0ms/21,0ms)
[2024-06-02T16:38:15.752-0300][gc,phases     ] GC(93)   Pre Evacuate Collection Set: 0,1ms
[2024-06-02T16:38:15.752-0300][gc,phases     ] GC(93)   Evacuate Collection Set: 27,3ms
[2024-06-02T16:38:15.752-0300][gc,phases     ] GC(93)   Post Evacuate Collection Set: 0,8ms
[2024-06-02T16:38:15.752-0300][gc,phases     ] GC(93)   Other: 0,5ms
[2024-06-02T16:38:15.752-0300][gc,heap       ] GC(93) Eden regions: 46->0(49)
[2024-06-02T16:38:15.752-0300][gc,heap       ] GC(93) Survivor regions: 5->5(7)
[2024-06-02T16:38:15.752-0300][gc,heap       ] GC(93) Old regions: 102->103
[2024-06-02T16:38:15.752-0300][gc,heap       ] GC(93) Humongous regions: 129->129
[2024-06-02T16:38:15.752-0300][gc,metaspace  ] GC(93) Metaspace: 45879K(48976K)->45879K(48976K) NonClass: 39996K(41680K)->39996K(41680K) Class: 5883K(7296K)->5883K(7296K)
[2024-06-02T16:38:15.752-0300][gc            ] GC(93) Pause Young (Normal) (G1 Evacuation Pause) 279M->234M(1024M) 28,746ms
[2024-06-02T16:38:15.752-0300][gc,cpu        ] GC(93) User=0,09s Sys=0,00s Real=0,03s
[2024-06-02T16:38:47.530-0300][gc,start      ] GC(94) Pause Young (Normal) (G1 Evacuation Pause)
[2024-06-02T16:38:47.530-0300][gc,task       ] GC(94) Using 4 workers of 4 for evacuation
[2024-06-02T16:38:47.550-0300][gc,phases     ] GC(94)   Pre Evacuate Collection Set: 0,0ms
[2024-06-02T16:38:47.550-0300][gc,phases     ] GC(94)   Evacuate Collection Set: 18,3ms
[2024-06-02T16:38:47.550-0300][gc,phases     ] GC(94)   Post Evacuate Collection Set: 1,1ms
[2024-06-02T16:38:47.550-0300][gc,phases     ] GC(94)   Other: 0,4ms
[2024-06-02T16:38:47.550-0300][gc,heap       ] GC(94) Eden regions: 49->0(47)
[2024-06-02T16:38:47.550-0300][gc,heap       ] GC(94) Survivor regions: 5->4(7)
[2024-06-02T16:38:47.550-0300][gc,heap       ] GC(94) Old regions: 103->104
[2024-06-02T16:38:47.550-0300][gc,heap       ] GC(94) Humongous regions: 129->129
[2024-06-02T16:38:47.550-0300][gc,metaspace  ] GC(94) Metaspace: 45884K(48976K)->45884K(48976K) NonClass: 40001K(41680K)->40001K(41680K) Class: 5883K(7296K)->5883K(7296K)
[2024-06-02T16:38:47.550-0300][gc            ] GC(94) Pause Young (Normal) (G1 Evacuation Pause) 283M->235M(1024M) 20,163ms
[2024-06-02T16:38:47.550-0300][gc,cpu        ] GC(94) User=0,07s Sys=0,00s Real=0,03s
[2024-06-02T16:39:18.050-0300][gc,start      ] GC(95) Pause Young (Normal) (G1 Evacuation Pause)
[2024-06-02T16:39:18.050-0300][gc,task       ] GC(95) Using 4 workers of 4 for evacuation
[2024-06-02T16:39:18.059-0300][gc,phases     ] GC(95)   Pre Evacuate Collection Set: 0,0ms
[2024-06-02T16:39:18.059-0300][gc,phases     ] GC(95)   Evacuate Collection Set: 7,9ms
[2024-06-02T16:39:18.059-0300][gc,phases     ] GC(95)   Post Evacuate Collection Set: 0,4ms
[2024-06-02T16:39:18.059-0300][gc,phases     ] GC(95)   Other: 0,2ms
[2024-06-02T16:39:18.059-0300][gc,heap       ] GC(95) Eden regions: 47->0(49)
[2024-06-02T16:39:18.059-0300][gc,heap       ] GC(95) Survivor regions: 4->5(7)
[2024-06-02T16:39:18.059-0300][gc,heap       ] GC(95) Old regions: 104->105
[2024-06-02T16:39:18.059-0300][gc,heap       ] GC(95) Humongous regions: 129->129
[2024-06-02T16:39:18.059-0300][gc,metaspace  ] GC(95) Metaspace: 45890K(48976K)->45890K(48976K) NonClass: 40007K(41680K)->40007K(41680K) Class: 5883K(7296K)->5883K(7296K)
[2024-06-02T16:39:18.059-0300][gc            ] GC(95) Pause Young (Normal) (G1 Evacuation Pause) 282M->236M(1024M) 8,707ms
[2024-06-02T16:39:18.059-0300][gc,cpu        ] GC(95) User=0,03s Sys=0,00s Real=0,00s
[2024-06-02T16:39:48.805-0300][gc,start      ] GC(96) Pause Young (Normal) (G1 Evacuation Pause)
[2024-06-02T16:39:48.805-0300][gc,task       ] GC(96) Using 4 workers of 4 for evacuation
[2024-06-02T16:39:48.821-0300][gc,phases     ] GC(96)   Pre Evacuate Collection Set: 0,0ms
[2024-06-02T16:39:48.821-0300][gc,phases     ] GC(96)   Evacuate Collection Set: 15,3ms
[2024-06-02T16:39:48.821-0300][gc,phases     ] GC(96)   Post Evacuate Collection Set: 0,4ms
[2024-06-02T16:39:48.821-0300][gc,phases     ] GC(96)   Other: 0,3ms
[2024-06-02T16:39:48.821-0300][gc,heap       ] GC(96) Eden regions: 49->0(50)
[2024-06-02T16:39:48.821-0300][gc,heap       ] GC(96) Survivor regions: 5->4(7)
[2024-06-02T16:39:48.821-0300][gc,heap       ] GC(96) Old regions: 105->106
[2024-06-02T16:39:48.821-0300][gc,heap       ] GC(96) Humongous regions: 129->129
[2024-06-02T16:39:48.821-0300][gc,metaspace  ] GC(96) Metaspace: 45890K(48976K)->45890K(48976K) NonClass: 40007K(41680K)->40007K(41680K) Class: 5883K(7296K)->5883K(7296K)
[2024-06-02T16:39:48.821-0300][gc            ] GC(96) Pause Young (Normal) (G1 Evacuation Pause) 285M->237M(1024M) 16,183ms
[2024-06-02T16:39:48.821-0300][gc,cpu        ] GC(96) User=0,05s Sys=0,00s Real=0,01s
[2024-06-02T16:40:17.944-0300][gc,start      ] GC(97) Pause Young (Normal) (G1 Evacuation Pause)
[2024-06-02T16:40:17.944-0300][gc,task       ] GC(97) Using 4 workers of 4 for evacuation
[2024-06-02T16:40:17.962-0300][gc,phases     ] GC(97)   Pre Evacuate Collection Set: 0,1ms
[2024-06-02T16:40:17.962-0300][gc,phases     ] GC(97)   Evacuate Collection Set: 17,1ms
[2024-06-02T16:40:17.962-0300][gc,phases     ] GC(97)   Post Evacuate Collection Set: 1,1ms
[2024-06-02T16:40:17.962-0300][gc,phases     ] GC(97)   Other: 0,4ms
[2024-06-02T16:40:17.963-0300][gc,heap       ] GC(97) Eden regions: 47->0(50)
[2024-06-02T16:40:17.963-0300][gc,heap       ] GC(97) Survivor regions: 4->5(7)
[2024-06-02T16:40:17.963-0300][gc,heap       ] GC(97) Old regions: 106->106
[2024-06-02T16:40:17.963-0300][gc,heap       ] GC(97) Humongous regions: 129->129
[2024-06-02T16:40:17.963-0300][gc,metaspace  ] GC(97) Metaspace: 45890K(48976K)->45890K(48976K) NonClass: 40007K(41680K)->40007K(41680K) Class: 5883K(7296K)->5883K(7296K)
[2024-06-02T16:40:17.963-0300][gc            ] GC(97) Pause Young (Normal) (G1 Evacuation Pause) 284M->238M(1024M) 18,909ms
[2024-06-02T16:40:17.963-0300][gc,cpu        ] GC(97) User=0,07s Sys=0,00s Real=0,02s
[2024-06-02T16:40:48.207-0300][gc,start      ] GC(98) Pause Young (Normal) (G1 Evacuation Pause)
[2024-06-02T16:40:48.207-0300][gc,task       ] GC(98) Using 4 workers of 4 for evacuation
[2024-06-02T16:40:48.230-0300][gc,mmu        ] GC(98) MMU target violated: 21,0ms (20,0ms/21,0ms)
[2024-06-02T16:40:48.230-0300][gc,phases     ] GC(98)   Pre Evacuate Collection Set: 0,1ms
[2024-06-02T16:40:48.231-0300][gc,phases     ] GC(98)   Evacuate Collection Set: 22,0ms
[2024-06-02T16:40:48.231-0300][gc,phases     ] GC(98)   Post Evacuate Collection Set: 0,9ms
[2024-06-02T16:40:48.231-0300][gc,phases     ] GC(98)   Other: 0,5ms
[2024-06-02T16:40:48.231-0300][gc,heap       ] GC(98) Eden regions: 46->0(47)
[2024-06-02T16:40:48.231-0300][gc,heap       ] GC(98) Survivor regions: 5->5(7)
[2024-06-02T16:40:48.231-0300][gc,heap       ] GC(98) Old regions: 106->107
[2024-06-02T16:40:48.231-0300][gc,heap       ] GC(98) Humongous regions: 129->129
[2024-06-02T16:40:48.231-0300][gc,metaspace  ] GC(98) Metaspace: 45891K(48976K)->45891K(48976K) NonClass: 40008K(41680K)->40008K(41680K) Class: 5883K(7296K)->5883K(7296K)
[2024-06-02T16:40:48.231-0300][gc            ] GC(98) Pause Young (Normal) (G1 Evacuation Pause) 284M->239M(1024M) 23,627ms
[2024-06-02T16:40:48.231-0300][gc,cpu        ] GC(98) User=0,08s Sys=0,00s Real=0,03s
[2024-06-02T16:41:18.534-0300][gc,start      ] GC(99) Pause Young (Normal) (G1 Evacuation Pause)
[2024-06-02T16:41:18.534-0300][gc,task       ] GC(99) Using 4 workers of 4 for evacuation
[2024-06-02T16:41:18.556-0300][gc,mmu        ] GC(99) MMU target violated: 21,0ms (20,0ms/21,0ms)
[2024-06-02T16:41:18.556-0300][gc,phases     ] GC(99)   Pre Evacuate Collection Set: 0,1ms
[2024-06-02T16:41:18.556-0300][gc,phases     ] GC(99)   Evacuate Collection Set: 20,3ms
[2024-06-02T16:41:18.556-0300][gc,phases     ] GC(99)   Post Evacuate Collection Set: 1,1ms
[2024-06-02T16:41:18.556-0300][gc,phases     ] GC(99)   Other: 0,5ms
[2024-06-02T16:41:18.556-0300][gc,heap       ] GC(99) Eden regions: 46->0(47)
[2024-06-02T16:41:18.556-0300][gc,heap       ] GC(99) Survivor regions: 5->4(7)
[2024-06-02T16:41:18.556-0300][gc,heap       ] GC(99) Old regions: 107->109
[2024-06-02T16:41:18.556-0300][gc,heap       ] GC(99) Humongous regions: 129->129
[2024-06-02T16:41:18.556-0300][gc,metaspace  ] GC(99) Metaspace: 45891K(48976K)->45891K(48976K) NonClass: 40008K(41680K)->40008K(41680K) Class: 5883K(7296K)->5883K(7296K)
[2024-06-02T16:41:18.556-0300][gc            ] GC(99) Pause Young (Normal) (G1 Evacuation Pause) 285M->239M(1024M) 22,150ms
[2024-06-02T16:41:18.557-0300][gc,cpu        ] GC(99) User=0,08s Sys=0,00s Real=0,02s
[2024-06-02T16:41:48.996-0300][gc,start      ] GC(100) Pause Young (Normal) (G1 Evacuation Pause)
[2024-06-02T16:41:48.996-0300][gc,task       ] GC(100) Using 4 workers of 4 for evacuation
[2024-06-02T16:41:49.017-0300][gc,mmu        ] GC(100) MMU target violated: 20,7ms (20,0ms/21,0ms)
[2024-06-02T16:41:49.017-0300][gc,phases     ] GC(100)   Pre Evacuate Collection Set: 0,1ms
[2024-06-02T16:41:49.017-0300][gc,phases     ] GC(100)   Evacuate Collection Set: 19,4ms
[2024-06-02T16:41:49.017-0300][gc,phases     ] GC(100)   Post Evacuate Collection Set: 1,1ms
[2024-06-02T16:41:49.017-0300][gc,phases     ] GC(100)   Other: 0,5ms
[2024-06-02T16:41:49.017-0300][gc,heap       ] GC(100) Eden regions: 47->0(47)
[2024-06-02T16:41:49.017-0300][gc,heap       ] GC(100) Survivor regions: 4->4(7)
[2024-06-02T16:41:49.017-0300][gc,heap       ] GC(100) Old regions: 109->110
[2024-06-02T16:41:49.017-0300][gc,heap       ] GC(100) Humongous regions: 129->129
[2024-06-02T16:41:49.017-0300][gc,metaspace  ] GC(100) Metaspace: 45895K(48976K)->45895K(48976K) NonClass: 40012K(41680K)->40012K(41680K) Class: 5883K(7296K)->5883K(7296K)
[2024-06-02T16:41:49.017-0300][gc            ] GC(100) Pause Young (Normal) (G1 Evacuation Pause) 286M->240M(1024M) 21,202ms
[2024-06-02T16:41:49.017-0300][gc,cpu        ] GC(100) User=0,07s Sys=0,00s Real=0,02s
[2024-06-02T16:42:19.721-0300][gc,start      ] GC(101) Pause Young (Normal) (G1 Evacuation Pause)
[2024-06-02T16:42:19.721-0300][gc,task       ] GC(101) Using 4 workers of 4 for evacuation
[2024-06-02T16:42:19.741-0300][gc,phases     ] GC(101)   Pre Evacuate Collection Set: 0,1ms
[2024-06-02T16:42:19.741-0300][gc,phases     ] GC(101)   Evacuate Collection Set: 18,5ms
[2024-06-02T16:42:19.741-0300][gc,phases     ] GC(101)   Post Evacuate Collection Set: 1,2ms
[2024-06-02T16:42:19.741-0300][gc,phases     ] GC(101)   Other: 0,4ms
[2024-06-02T16:42:19.741-0300][gc,heap       ] GC(101) Eden regions: 47->0(47)
[2024-06-02T16:42:19.741-0300][gc,heap       ] GC(101) Survivor regions: 4->4(7)
[2024-06-02T16:42:19.741-0300][gc,heap       ] GC(101) Old regions: 110->111
[2024-06-02T16:42:19.741-0300][gc,heap       ] GC(101) Humongous regions: 129->129
[2024-06-02T16:42:19.741-0300][gc,metaspace  ] GC(101) Metaspace: 45896K(48976K)->45896K(48976K) NonClass: 40013K(41680K)->40013K(41680K) Class: 5883K(7296K)->5883K(7296K)
[2024-06-02T16:42:19.741-0300][gc            ] GC(101) Pause Young (Normal) (G1 Evacuation Pause) 287M->242M(1024M) 20,428ms
[2024-06-02T16:42:19.741-0300][gc,cpu        ] GC(101) User=0,07s Sys=0,00s Real=0,02s
[2024-06-02T16:42:49.897-0300][gc,start      ] GC(102) Pause Young (Normal) (G1 Evacuation Pause)
[2024-06-02T16:42:49.897-0300][gc,task       ] GC(102) Using 4 workers of 4 for evacuation
[2024-06-02T16:42:49.905-0300][gc,phases     ] GC(102)   Pre Evacuate Collection Set: 0,0ms
[2024-06-02T16:42:49.905-0300][gc,phases     ] GC(102)   Evacuate Collection Set: 6,8ms
[2024-06-02T16:42:49.905-0300][gc,phases     ] GC(102)   Post Evacuate Collection Set: 0,4ms
[2024-06-02T16:42:49.905-0300][gc,phases     ] GC(102)   Other: 0,2ms
[2024-06-02T16:42:49.905-0300][gc,heap       ] GC(102) Eden regions: 47->0(48)
[2024-06-02T16:42:49.905-0300][gc,heap       ] GC(102) Survivor regions: 4->4(7)
[2024-06-02T16:42:49.905-0300][gc,heap       ] GC(102) Old regions: 111->112
[2024-06-02T16:42:49.905-0300][gc,heap       ] GC(102) Humongous regions: 129->129
[2024-06-02T16:42:49.905-0300][gc,metaspace  ] GC(102) Metaspace: 45896K(48976K)->45896K(48976K) NonClass: 40013K(41680K)->40013K(41680K) Class: 5883K(7296K)->5883K(7296K)
[2024-06-02T16:42:49.905-0300][gc            ] GC(102) Pause Young (Normal) (G1 Evacuation Pause) 289M->243M(1024M) 7,638ms
[2024-06-02T16:42:49.905-0300][gc,cpu        ] GC(102) User=0,03s Sys=0,01s Real=0,01s
[2024-06-02T16:43:19.401-0300][gc,start      ] GC(103) Pause Young (Normal) (G1 Evacuation Pause)
[2024-06-02T16:43:19.401-0300][gc,task       ] GC(103) Using 4 workers of 4 for evacuation
[2024-06-02T16:43:19.412-0300][gc,phases     ] GC(103)   Pre Evacuate Collection Set: 0,0ms
[2024-06-02T16:43:19.412-0300][gc,phases     ] GC(103)   Evacuate Collection Set: 10,4ms
[2024-06-02T16:43:19.412-0300][gc,phases     ] GC(103)   Post Evacuate Collection Set: 0,4ms
[2024-06-02T16:43:19.412-0300][gc,phases     ] GC(103)   Other: 0,2ms
[2024-06-02T16:43:19.412-0300][gc,heap       ] GC(103) Eden regions: 48->0(51)
[2024-06-02T16:43:19.412-0300][gc,heap       ] GC(103) Survivor regions: 4->5(7)
[2024-06-02T16:43:19.412-0300][gc,heap       ] GC(103) Old regions: 112->113
[2024-06-02T16:43:19.412-0300][gc,heap       ] GC(103) Humongous regions: 129->129
[2024-06-02T16:43:19.412-0300][gc,metaspace  ] GC(103) Metaspace: 45896K(48976K)->45896K(48976K) NonClass: 40013K(41680K)->40013K(41680K) Class: 5883K(7296K)->5883K(7296K)
[2024-06-02T16:43:19.412-0300][gc            ] GC(103) Pause Young (Normal) (G1 Evacuation Pause) 291M->244M(1024M) 11,091ms
[2024-06-02T16:43:19.412-0300][gc,cpu        ] GC(103) User=0,02s Sys=0,00s Real=0,02s
[2024-06-02T16:43:49.320-0300][gc,start      ] GC(104) Pause Young (Normal) (G1 Evacuation Pause)
[2024-06-02T16:43:49.321-0300][gc,task       ] GC(104) Using 4 workers of 4 for evacuation
[2024-06-02T16:43:49.326-0300][gc,phases     ] GC(104)   Pre Evacuate Collection Set: 0,0ms
[2024-06-02T16:43:49.326-0300][gc,phases     ] GC(104)   Evacuate Collection Set: 4,9ms
[2024-06-02T16:43:49.326-0300][gc,phases     ] GC(104)   Post Evacuate Collection Set: 0,4ms
[2024-06-02T16:43:49.326-0300][gc,phases     ] GC(104)   Other: 0,2ms
[2024-06-02T16:43:49.326-0300][gc,heap       ] GC(104) Eden regions: 51->0(54)
[2024-06-02T16:43:49.326-0300][gc,heap       ] GC(104) Survivor regions: 5->4(7)
[2024-06-02T16:43:49.326-0300][gc,heap       ] GC(104) Old regions: 113->114
[2024-06-02T16:43:49.326-0300][gc,heap       ] GC(104) Humongous regions: 129->129
[2024-06-02T16:43:49.326-0300][gc,metaspace  ] GC(104) Metaspace: 45896K(48976K)->45896K(48976K) NonClass: 40013K(41680K)->40013K(41680K) Class: 5883K(7296K)->5883K(7296K)
[2024-06-02T16:43:49.326-0300][gc            ] GC(104) Pause Young (Normal) (G1 Evacuation Pause) 295M->244M(1024M) 5,601ms
[2024-06-02T16:43:49.326-0300][gc,cpu        ] GC(104) User=0,02s Sys=0,00s Real=0,01s
[2024-06-02T16:44:22.647-0300][gc,start      ] GC(105) Pause Young (Normal) (G1 Evacuation Pause)
[2024-06-02T16:44:22.647-0300][gc,task       ] GC(105) Using 4 workers of 4 for evacuation
[2024-06-02T16:44:22.665-0300][gc,phases     ] GC(105)   Pre Evacuate Collection Set: 0,0ms
[2024-06-02T16:44:22.666-0300][gc,phases     ] GC(105)   Evacuate Collection Set: 17,7ms
[2024-06-02T16:44:22.666-0300][gc,phases     ] GC(105)   Post Evacuate Collection Set: 0,8ms
[2024-06-02T16:44:22.666-0300][gc,phases     ] GC(105)   Other: 0,4ms
[2024-06-02T16:44:22.666-0300][gc,heap       ] GC(105) Eden regions: 54->0(53)
[2024-06-02T16:44:22.666-0300][gc,heap       ] GC(105) Survivor regions: 4->5(8)
[2024-06-02T16:44:22.666-0300][gc,heap       ] GC(105) Old regions: 114->114
[2024-06-02T16:44:22.666-0300][gc,heap       ] GC(105) Humongous regions: 129->129
[2024-06-02T16:44:22.666-0300][gc,metaspace  ] GC(105) Metaspace: 45896K(48976K)->45896K(48976K) NonClass: 40013K(41680K)->40013K(41680K) Class: 5883K(7296K)->5883K(7296K)
[2024-06-02T16:44:22.666-0300][gc            ] GC(105) Pause Young (Normal) (G1 Evacuation Pause) 298M->245M(1024M) 19,120ms
[2024-06-02T16:44:22.666-0300][gc,cpu        ] GC(105) User=0,06s Sys=0,01s Real=0,02s
[2024-06-02T16:44:51.475-0300][gc,start      ] GC(106) Pause Young (Normal) (G1 Evacuation Pause)
[2024-06-02T16:44:51.475-0300][gc,task       ] GC(106) Using 4 workers of 4 for evacuation
[2024-06-02T16:44:51.492-0300][gc,phases     ] GC(106)   Pre Evacuate Collection Set: 0,0ms
[2024-06-02T16:44:51.492-0300][gc,phases     ] GC(106)   Evacuate Collection Set: 15,8ms
[2024-06-02T16:44:51.492-0300][gc,phases     ] GC(106)   Post Evacuate Collection Set: 0,5ms
[2024-06-02T16:44:51.492-0300][gc,phases     ] GC(106)   Other: 0,2ms
[2024-06-02T16:44:51.492-0300][gc,heap       ] GC(106) Eden regions: 48->0(54)
[2024-06-02T16:44:51.492-0300][gc,heap       ] GC(106) Survivor regions: 5->4(7)
[2024-06-02T16:44:51.492-0300][gc,heap       ] GC(106) Old regions: 114->115
[2024-06-02T16:44:51.492-0300][gc,heap       ] GC(106) Humongous regions: 129->129
[2024-06-02T16:44:51.492-0300][gc,metaspace  ] GC(106) Metaspace: 45896K(48976K)->45896K(48976K) NonClass: 40013K(41680K)->40013K(41680K) Class: 5883K(7296K)->5883K(7296K)
[2024-06-02T16:44:51.492-0300][gc            ] GC(106) Pause Young (Normal) (G1 Evacuation Pause) 293M->246M(1024M) 16,542ms
[2024-06-02T16:44:51.492-0300][gc,cpu        ] GC(106) User=0,03s Sys=0,00s Real=0,02s
[2024-06-02T16:45:24.922-0300][gc,start      ] GC(107) Pause Young (Normal) (G1 Evacuation Pause)
[2024-06-02T16:45:24.922-0300][gc,task       ] GC(107) Using 4 workers of 4 for evacuation
[2024-06-02T16:45:24.942-0300][gc,phases     ] GC(107)   Pre Evacuate Collection Set: 0,1ms
[2024-06-02T16:45:24.942-0300][gc,phases     ] GC(107)   Evacuate Collection Set: 18,2ms
[2024-06-02T16:45:24.942-0300][gc,phases     ] GC(107)   Post Evacuate Collection Set: 1,2ms
[2024-06-02T16:45:24.942-0300][gc,phases     ] GC(107)   Other: 0,5ms
[2024-06-02T16:45:24.942-0300][gc,heap       ] GC(107) Eden regions: 54->0(53)
[2024-06-02T16:45:24.942-0300][gc,heap       ] GC(107) Survivor regions: 4->5(8)
[2024-06-02T16:45:24.942-0300][gc,heap       ] GC(107) Old regions: 115->115
[2024-06-02T16:45:24.942-0300][gc,heap       ] GC(107) Humongous regions: 129->129
[2024-06-02T16:45:24.942-0300][gc,metaspace  ] GC(107) Metaspace: 45896K(48976K)->45896K(48976K) NonClass: 40013K(41680K)->40013K(41680K) Class: 5883K(7296K)->5883K(7296K)
[2024-06-02T16:45:24.942-0300][gc            ] GC(107) Pause Young (Normal) (G1 Evacuation Pause) 300M->247M(1024M) 20,133ms
[2024-06-02T16:45:24.942-0300][gc,cpu        ] GC(107) User=0,06s Sys=0,00s Real=0,02s
[2024-06-02T16:45:54.015-0300][gc,start      ] GC(108) Pause Young (Normal) (G1 Evacuation Pause)
[2024-06-02T16:45:54.015-0300][gc,task       ] GC(108) Using 4 workers of 4 for evacuation
[2024-06-02T16:45:54.038-0300][gc,mmu        ] GC(108) MMU target violated: 21,0ms (20,0ms/21,0ms)
[2024-06-02T16:45:54.038-0300][gc,phases     ] GC(108)   Pre Evacuate Collection Set: 0,1ms
[2024-06-02T16:45:54.038-0300][gc,phases     ] GC(108)   Evacuate Collection Set: 22,0ms
[2024-06-02T16:45:54.038-0300][gc,phases     ] GC(108)   Post Evacuate Collection Set: 1,0ms
[2024-06-02T16:45:54.038-0300][gc,phases     ] GC(108)   Other: 0,5ms
[2024-06-02T16:45:54.038-0300][gc,heap       ] GC(108) Eden regions: 46->0(48)
[2024-06-02T16:45:54.038-0300][gc,heap       ] GC(108) Survivor regions: 5->5(7)
[2024-06-02T16:45:54.038-0300][gc,heap       ] GC(108) Old regions: 115->117
[2024-06-02T16:45:54.038-0300][gc,heap       ] GC(108) Humongous regions: 129->129
[2024-06-02T16:45:54.038-0300][gc,metaspace  ] GC(108) Metaspace: 45901K(48976K)->45901K(48976K) NonClass: 40018K(41680K)->40018K(41680K) Class: 5883K(7296K)->5883K(7296K)
[2024-06-02T16:45:54.039-0300][gc            ] GC(108) Pause Young (Normal) (G1 Evacuation Pause) 293M->248M(1024M) 23,842ms
[2024-06-02T16:45:54.039-0300][gc,cpu        ] GC(108) User=0,08s Sys=0,01s Real=0,02s
[2024-06-02T16:46:25.865-0300][gc,start      ] GC(109) Pause Young (Normal) (G1 Evacuation Pause)
[2024-06-02T16:46:25.865-0300][gc,task       ] GC(109) Using 4 workers of 4 for evacuation
[2024-06-02T16:46:25.886-0300][gc,mmu        ] GC(109) MMU target violated: 20,6ms (20,0ms/21,0ms)
[2024-06-02T16:46:25.886-0300][gc,phases     ] GC(109)   Pre Evacuate Collection Set: 0,1ms
[2024-06-02T16:46:25.886-0300][gc,phases     ] GC(109)   Evacuate Collection Set: 19,5ms
[2024-06-02T16:46:25.886-0300][gc,phases     ] GC(109)   Post Evacuate Collection Set: 0,9ms
[2024-06-02T16:46:25.886-0300][gc,phases     ] GC(109)   Other: 0,5ms
[2024-06-02T16:46:25.886-0300][gc,heap       ] GC(109) Eden regions: 48->0(49)
[2024-06-02T16:46:25.886-0300][gc,heap       ] GC(109) Survivor regions: 5->5(7)
[2024-06-02T16:46:25.886-0300][gc,heap       ] GC(109) Old regions: 117->118
[2024-06-02T16:46:25.886-0300][gc,heap       ] GC(109) Humongous regions: 129->129
[2024-06-02T16:46:25.886-0300][gc,metaspace  ] GC(109) Metaspace: 45908K(48976K)->45908K(48976K) NonClass: 40025K(41680K)->40025K(41680K) Class: 5883K(7296K)->5883K(7296K)
[2024-06-02T16:46:25.886-0300][gc            ] GC(109) Pause Young (Normal) (G1 Evacuation Pause) 296M->249M(1024M) 21,156ms
[2024-06-02T16:46:25.886-0300][gc,cpu        ] GC(109) User=0,08s Sys=0,00s Real=0,02s
[2024-06-02T16:46:58.592-0300][gc,start      ] GC(110) Pause Young (Normal) (G1 Evacuation Pause)
[2024-06-02T16:46:58.592-0300][gc,task       ] GC(110) Using 4 workers of 4 for evacuation
[2024-06-02T16:46:58.599-0300][gc,phases     ] GC(110)   Pre Evacuate Collection Set: 0,0ms
[2024-06-02T16:46:58.599-0300][gc,phases     ] GC(110)   Evacuate Collection Set: 6,8ms
[2024-06-02T16:46:58.599-0300][gc,phases     ] GC(110)   Post Evacuate Collection Set: 0,4ms
[2024-06-02T16:46:58.599-0300][gc,phases     ] GC(110)   Other: 0,2ms
[2024-06-02T16:46:58.599-0300][gc,heap       ] GC(110) Eden regions: 49->0(53)
[2024-06-02T16:46:58.599-0300][gc,heap       ] GC(110) Survivor regions: 5->5(7)
[2024-06-02T16:46:58.599-0300][gc,heap       ] GC(110) Old regions: 118->119
[2024-06-02T16:46:58.599-0300][gc,heap       ] GC(110) Humongous regions: 129->129
[2024-06-02T16:46:58.599-0300][gc,metaspace  ] GC(110) Metaspace: 45915K(48976K)->45915K(48976K) NonClass: 40032K(41680K)->40032K(41680K) Class: 5883K(7296K)->5883K(7296K)
[2024-06-02T16:46:58.599-0300][gc            ] GC(110) Pause Young (Normal) (G1 Evacuation Pause) 298M->250M(1024M) 7,591ms
[2024-06-02T16:46:58.599-0300][gc,cpu        ] GC(110) User=0,03s Sys=0,00s Real=0,00s
[2024-06-02T16:47:33.934-0300][gc,start      ] GC(111) Pause Young (Normal) (G1 Evacuation Pause)
[2024-06-02T16:47:33.934-0300][gc,task       ] GC(111) Using 4 workers of 4 for evacuation
[2024-06-02T16:47:33.955-0300][gc,mmu        ] GC(111) MMU target violated: 20,6ms (20,0ms/21,0ms)
[2024-06-02T16:47:33.955-0300][gc,phases     ] GC(111)   Pre Evacuate Collection Set: 0,1ms
[2024-06-02T16:47:33.955-0300][gc,phases     ] GC(111)   Evacuate Collection Set: 19,7ms
[2024-06-02T16:47:33.955-0300][gc,phases     ] GC(111)   Post Evacuate Collection Set: 0,8ms
[2024-06-02T16:47:33.955-0300][gc,phases     ] GC(111)   Other: 0,5ms
[2024-06-02T16:47:33.955-0300][gc,heap       ] GC(111) Eden regions: 53->0(52)
[2024-06-02T16:47:33.955-0300][gc,heap       ] GC(111) Survivor regions: 5->6(8)
[2024-06-02T16:47:33.955-0300][gc,heap       ] GC(111) Old regions: 119->119
[2024-06-02T16:47:33.955-0300][gc,heap       ] GC(111) Humongous regions: 129->129
[2024-06-02T16:47:33.955-0300][gc,metaspace  ] GC(111) Metaspace: 45915K(48976K)->45915K(48976K) NonClass: 40032K(41680K)->40032K(41680K) Class: 5883K(7296K)->5883K(7296K)
[2024-06-02T16:47:33.955-0300][gc            ] GC(111) Pause Young (Normal) (G1 Evacuation Pause) 303M->251M(1024M) 21,094ms
[2024-06-02T16:47:33.955-0300][gc,cpu        ] GC(111) User=0,06s Sys=0,01s Real=0,02s
[2024-06-02T16:48:03.538-0300][gc,start      ] GC(112) Pause Young (Normal) (G1 Evacuation Pause)
[2024-06-02T16:48:03.538-0300][gc,task       ] GC(112) Using 4 workers of 4 for evacuation
[2024-06-02T16:48:03.561-0300][gc,mmu        ] GC(112) MMU target violated: 21,0ms (20,0ms/21,0ms)
[2024-06-02T16:48:03.561-0300][gc,phases     ] GC(112)   Pre Evacuate Collection Set: 0,1ms
[2024-06-02T16:48:03.561-0300][gc,phases     ] GC(112)   Evacuate Collection Set: 21,4ms
[2024-06-02T16:48:03.561-0300][gc,phases     ] GC(112)   Post Evacuate Collection Set: 1,0ms
[2024-06-02T16:48:03.561-0300][gc,phases     ] GC(112)   Other: 0,5ms
[2024-06-02T16:48:03.561-0300][gc,heap       ] GC(112) Eden regions: 45->0(49)
[2024-06-02T16:48:03.561-0300][gc,heap       ] GC(112) Survivor regions: 6->4(7)
[2024-06-02T16:48:03.561-0300][gc,heap       ] GC(112) Old regions: 119->121
[2024-06-02T16:48:03.561-0300][gc,heap       ] GC(112) Humongous regions: 129->129
[2024-06-02T16:48:03.561-0300][gc,metaspace  ] GC(112) Metaspace: 45915K(48976K)->45915K(48976K) NonClass: 40032K(41680K)->40032K(41680K) Class: 5883K(7296K)->5883K(7296K)
[2024-06-02T16:48:03.561-0300][gc            ] GC(112) Pause Young (Normal) (G1 Evacuation Pause) 296M->252M(1024M) 23,088ms
[2024-06-02T16:48:03.561-0300][gc,cpu        ] GC(112) User=0,08s Sys=0,01s Real=0,02s
[2024-06-02T16:48:31.767-0300][gc,start      ] GC(113) Pause Young (Normal) (G1 Evacuation Pause)
[2024-06-02T16:48:31.767-0300][gc,task       ] GC(113) Using 4 workers of 4 for evacuation
[2024-06-02T16:48:31.792-0300][gc,mmu        ] GC(113) MMU target violated: 21,0ms (20,0ms/21,0ms)
[2024-06-02T16:48:31.793-0300][gc,phases     ] GC(113)   Pre Evacuate Collection Set: 0,0ms
[2024-06-02T16:48:31.793-0300][gc,phases     ] GC(113)   Evacuate Collection Set: 24,8ms
[2024-06-02T16:48:31.793-0300][gc,phases     ] GC(113)   Post Evacuate Collection Set: 0,7ms
[2024-06-02T16:48:31.793-0300][gc,phases     ] GC(113)   Other: 0,4ms
[2024-06-02T16:48:31.793-0300][gc,heap       ] GC(113) Eden regions: 47->0(44)
[2024-06-02T16:48:31.793-0300][gc,heap       ] GC(113) Survivor regions: 4->7(7)
[2024-06-02T16:48:31.793-0300][gc,heap       ] GC(113) Old regions: 121->121
[2024-06-02T16:48:31.793-0300][gc,heap       ] GC(113) Humongous regions: 129->129
[2024-06-02T16:48:31.793-0300][gc,metaspace  ] GC(113) Metaspace: 45935K(49104K)->45935K(49104K) NonClass: 40047K(41680K)->40047K(41680K) Class: 5887K(7424K)->5887K(7424K)
[2024-06-02T16:48:31.793-0300][gc            ] GC(113) Pause Young (Normal) (G1 Evacuation Pause) 299M->255M(1024M) 26,102ms
[2024-06-02T16:48:31.793-0300][gc,cpu        ] GC(113) User=0,08s Sys=0,00s Real=0,03s
[2024-06-02T16:49:00.482-0300][gc,start      ] GC(114) Pause Young (Normal) (G1 Evacuation Pause)
[2024-06-02T16:49:00.482-0300][gc,task       ] GC(114) Using 4 workers of 4 for evacuation
[2024-06-02T16:49:00.512-0300][gc,mmu        ] GC(114) MMU target violated: 21,0ms (20,0ms/21,0ms)
[2024-06-02T16:49:00.512-0300][gc,phases     ] GC(114)   Pre Evacuate Collection Set: 0,1ms
[2024-06-02T16:49:00.512-0300][gc,phases     ] GC(114)   Evacuate Collection Set: 29,1ms
[2024-06-02T16:49:00.512-0300][gc,phases     ] GC(114)   Post Evacuate Collection Set: 0,8ms
[2024-06-02T16:49:00.512-0300][gc,phases     ] GC(114)   Other: 0,5ms
[2024-06-02T16:49:00.512-0300][gc,heap       ] GC(114) Eden regions: 44->0(49)
[2024-06-02T16:49:00.512-0300][gc,heap       ] GC(114) Survivor regions: 7->2(7)
[2024-06-02T16:49:00.512-0300][gc,heap       ] GC(114) Old regions: 121->128
[2024-06-02T16:49:00.512-0300][gc,heap       ] GC(114) Humongous regions: 129->129
[2024-06-02T16:49:00.512-0300][gc,metaspace  ] GC(114) Metaspace: 45936K(49104K)->45936K(49104K) NonClass: 40048K(41680K)->40048K(41680K) Class: 5887K(7424K)->5887K(7424K)
[2024-06-02T16:49:00.512-0300][gc            ] GC(114) Pause Young (Normal) (G1 Evacuation Pause) 299M->256M(1024M) 30,602ms
[2024-06-02T16:49:00.512-0300][gc,cpu        ] GC(114) User=0,10s Sys=0,00s Real=0,04s
[2024-06-02T16:49:32.966-0300][gc,start      ] GC(115) Pause Young (Normal) (G1 Evacuation Pause)
[2024-06-02T16:49:32.966-0300][gc,task       ] GC(115) Using 4 workers of 4 for evacuation
[2024-06-02T16:49:32.969-0300][gc,phases     ] GC(115)   Pre Evacuate Collection Set: 0,0ms
[2024-06-02T16:49:32.969-0300][gc,phases     ] GC(115)   Evacuate Collection Set: 2,8ms
[2024-06-02T16:49:32.969-0300][gc,phases     ] GC(115)   Post Evacuate Collection Set: 0,4ms
[2024-06-02T16:49:32.969-0300][gc,phases     ] GC(115)   Other: 0,2ms
[2024-06-02T16:49:32.969-0300][gc,heap       ] GC(115) Eden regions: 49->0(49)
[2024-06-02T16:49:32.969-0300][gc,heap       ] GC(115) Survivor regions: 2->2(7)
[2024-06-02T16:49:32.969-0300][gc,heap       ] GC(115) Old regions: 128->128
[2024-06-02T16:49:32.969-0300][gc,heap       ] GC(115) Humongous regions: 129->129
[2024-06-02T16:49:32.969-0300][gc,metaspace  ] GC(115) Metaspace: 45943K(49104K)->45943K(49104K) NonClass: 40055K(41680K)->40055K(41680K) Class: 5887K(7424K)->5887K(7424K)
[2024-06-02T16:49:32.969-0300][gc            ] GC(115) Pause Young (Normal) (G1 Evacuation Pause) 305M->257M(1024M) 3,485ms
[2024-06-02T16:49:32.969-0300][gc,cpu        ] GC(115) User=0,01s Sys=0,00s Real=0,00s
[2024-06-02T16:50:04.787-0300][gc,start      ] GC(116) Pause Young (Normal) (G1 Evacuation Pause)
[2024-06-02T16:50:04.788-0300][gc,task       ] GC(116) Using 4 workers of 4 for evacuation
[2024-06-02T16:50:04.799-0300][gc,phases     ] GC(116)   Pre Evacuate Collection Set: 0,1ms
[2024-06-02T16:50:04.799-0300][gc,phases     ] GC(116)   Evacuate Collection Set: 9,8ms
[2024-06-02T16:50:04.799-0300][gc,phases     ] GC(116)   Post Evacuate Collection Set: 0,9ms
[2024-06-02T16:50:04.799-0300][gc,phases     ] GC(116)   Other: 0,4ms
[2024-06-02T16:50:04.799-0300][gc,heap       ] GC(116) Eden regions: 49->0(49)
[2024-06-02T16:50:04.799-0300][gc,heap       ] GC(116) Survivor regions: 2->3(7)
[2024-06-02T16:50:04.799-0300][gc,heap       ] GC(116) Old regions: 128->128
[2024-06-02T16:50:04.799-0300][gc,heap       ] GC(116) Humongous regions: 129->129
[2024-06-02T16:50:04.799-0300][gc,metaspace  ] GC(116) Metaspace: 45943K(49104K)->45943K(49104K) NonClass: 40055K(41680K)->40055K(41680K) Class: 5887K(7424K)->5887K(7424K)
[2024-06-02T16:50:04.799-0300][gc            ] GC(116) Pause Young (Normal) (G1 Evacuation Pause) 306M->258M(1024M) 11,419ms
[2024-06-02T16:50:04.799-0300][gc,cpu        ] GC(116) User=0,04s Sys=0,00s Real=0,01s
[2024-06-02T16:50:35.958-0300][gc,start      ] GC(117) Pause Young (Normal) (G1 Evacuation Pause)
[2024-06-02T16:50:35.959-0300][gc,task       ] GC(117) Using 4 workers of 4 for evacuation
[2024-06-02T16:50:35.979-0300][gc,mmu        ] GC(117) MMU target violated: 20,6ms (20,0ms/21,0ms)
[2024-06-02T16:50:35.979-0300][gc,phases     ] GC(117)   Pre Evacuate Collection Set: 0,1ms
[2024-06-02T16:50:35.979-0300][gc,phases     ] GC(117)   Evacuate Collection Set: 19,6ms
[2024-06-02T16:50:35.979-0300][gc,phases     ] GC(117)   Post Evacuate Collection Set: 0,8ms
[2024-06-02T16:50:35.979-0300][gc,phases     ] GC(117)   Other: 0,5ms
[2024-06-02T16:50:35.979-0300][gc,heap       ] GC(117) Eden regions: 49->0(47)
[2024-06-02T16:50:35.979-0300][gc,heap       ] GC(117) Survivor regions: 3->4(7)
[2024-06-02T16:50:35.979-0300][gc,heap       ] GC(117) Old regions: 128->128
[2024-06-02T16:50:35.979-0300][gc,heap       ] GC(117) Humongous regions: 129->129
[2024-06-02T16:50:35.979-0300][gc,metaspace  ] GC(117) Metaspace: 45944K(49104K)->45944K(49104K) NonClass: 40056K(41680K)->40056K(41680K) Class: 5887K(7424K)->5887K(7424K)
[2024-06-02T16:50:35.980-0300][gc            ] GC(117) Pause Young (Normal) (G1 Evacuation Pause) 307M->258M(1024M) 21,098ms
[2024-06-02T16:50:35.980-0300][gc,cpu        ] GC(117) User=0,06s Sys=0,00s Real=0,02s
[2024-06-02T16:51:05.106-0300][gc,start      ] GC(118) Pause Young (Normal) (G1 Evacuation Pause)
[2024-06-02T16:51:05.106-0300][gc,task       ] GC(118) Using 4 workers of 4 for evacuation
[2024-06-02T16:51:05.123-0300][gc,phases     ] GC(118)   Pre Evacuate Collection Set: 0,1ms
[2024-06-02T16:51:05.123-0300][gc,phases     ] GC(118)   Evacuate Collection Set: 15,6ms
[2024-06-02T16:51:05.123-0300][gc,phases     ] GC(118)   Post Evacuate Collection Set: 0,9ms
[2024-06-02T16:51:05.123-0300][gc,phases     ] GC(118)   Other: 0,5ms
[2024-06-02T16:51:05.123-0300][gc,heap       ] GC(118) Eden regions: 47->0(48)
[2024-06-02T16:51:05.123-0300][gc,heap       ] GC(118) Survivor regions: 4->5(7)
[2024-06-02T16:51:05.123-0300][gc,heap       ] GC(118) Old regions: 128->129
[2024-06-02T16:51:05.123-0300][gc,heap       ] GC(118) Humongous regions: 129->129
[2024-06-02T16:51:05.123-0300][gc,metaspace  ] GC(118) Metaspace: 45945K(49104K)->45945K(49104K) NonClass: 40058K(41680K)->40058K(41680K) Class: 5887K(7424K)->5887K(7424K)
[2024-06-02T16:51:05.123-0300][gc            ] GC(118) Pause Young (Normal) (G1 Evacuation Pause) 305M->260M(1024M) 17,312ms
[2024-06-02T16:51:05.123-0300][gc,cpu        ] GC(118) User=0,05s Sys=0,00s Real=0,02s
[2024-06-02T16:51:35.136-0300][gc,start      ] GC(119) Pause Young (Normal) (G1 Evacuation Pause)
[2024-06-02T16:51:35.136-0300][gc,task       ] GC(119) Using 4 workers of 4 for evacuation
[2024-06-02T16:51:35.153-0300][gc,phases     ] GC(119)   Pre Evacuate Collection Set: 0,1ms
[2024-06-02T16:51:35.153-0300][gc,phases     ] GC(119)   Evacuate Collection Set: 16,0ms
[2024-06-02T16:51:35.153-0300][gc,phases     ] GC(119)   Post Evacuate Collection Set: 1,0ms
[2024-06-02T16:51:35.153-0300][gc,phases     ] GC(119)   Other: 0,4ms
[2024-06-02T16:51:35.153-0300][gc,heap       ] GC(119) Eden regions: 48->0(48)
[2024-06-02T16:51:35.153-0300][gc,heap       ] GC(119) Survivor regions: 5->5(7)
[2024-06-02T16:51:35.153-0300][gc,heap       ] GC(119) Old regions: 129->130
[2024-06-02T16:51:35.153-0300][gc,heap       ] GC(119) Humongous regions: 129->129
[2024-06-02T16:51:35.153-0300][gc,metaspace  ] GC(119) Metaspace: 45948K(49104K)->45948K(49104K) NonClass: 40060K(41680K)->40060K(41680K) Class: 5887K(7424K)->5887K(7424K)
[2024-06-02T16:51:35.154-0300][gc            ] GC(119) Pause Young (Normal) (G1 Evacuation Pause) 308M->261M(1024M) 17,728ms
[2024-06-02T16:51:35.154-0300][gc,cpu        ] GC(119) User=0,07s Sys=0,00s Real=0,02s
[2024-06-02T16:52:05.879-0300][gc,start      ] GC(120) Pause Young (Normal) (G1 Evacuation Pause)
[2024-06-02T16:52:05.879-0300][gc,task       ] GC(120) Using 4 workers of 4 for evacuation
[2024-06-02T16:52:05.886-0300][gc,phases     ] GC(120)   Pre Evacuate Collection Set: 0,0ms
[2024-06-02T16:52:05.886-0300][gc,phases     ] GC(120)   Evacuate Collection Set: 5,5ms
[2024-06-02T16:52:05.886-0300][gc,phases     ] GC(120)   Post Evacuate Collection Set: 0,5ms
[2024-06-02T16:52:05.886-0300][gc,phases     ] GC(120)   Other: 0,2ms
[2024-06-02T16:52:05.886-0300][gc,heap       ] GC(120) Eden regions: 48->0(52)
[2024-06-02T16:52:05.886-0300][gc,heap       ] GC(120) Survivor regions: 5->4(7)
[2024-06-02T16:52:05.886-0300][gc,heap       ] GC(120) Old regions: 130->131
[2024-06-02T16:52:05.886-0300][gc,heap       ] GC(120) Humongous regions: 129->129
[2024-06-02T16:52:05.886-0300][gc,metaspace  ] GC(120) Metaspace: 45957K(49104K)->45957K(49104K) NonClass: 40070K(41680K)->40070K(41680K) Class: 5887K(7424K)->5887K(7424K)
[2024-06-02T16:52:05.886-0300][gc            ] GC(120) Pause Young (Normal) (G1 Evacuation Pause) 309M->261M(1024M) 6,339ms
[2024-06-02T16:52:05.886-0300][gc,cpu        ] GC(120) User=0,02s Sys=0,00s Real=0,01s
[2024-06-02T16:52:40.299-0300][gc,start      ] GC(121) Pause Young (Normal) (G1 Evacuation Pause)
[2024-06-02T16:52:40.299-0300][gc,task       ] GC(121) Using 4 workers of 4 for evacuation
[2024-06-02T16:52:40.315-0300][gc,phases     ] GC(121)   Pre Evacuate Collection Set: 0,1ms
[2024-06-02T16:52:40.315-0300][gc,phases     ] GC(121)   Evacuate Collection Set: 14,5ms
[2024-06-02T16:52:40.315-0300][gc,phases     ] GC(121)   Post Evacuate Collection Set: 1,0ms
[2024-06-02T16:52:40.315-0300][gc,phases     ] GC(121)   Other: 0,4ms
[2024-06-02T16:52:40.315-0300][gc,heap       ] GC(121) Eden regions: 52->0(52)
[2024-06-02T16:52:40.315-0300][gc,heap       ] GC(121) Survivor regions: 4->5(7)
[2024-06-02T16:52:40.315-0300][gc,heap       ] GC(121) Old regions: 131->131
[2024-06-02T16:52:40.315-0300][gc,heap       ] GC(121) Humongous regions: 129->129
[2024-06-02T16:52:40.315-0300][gc,metaspace  ] GC(121) Metaspace: 45962K(49104K)->45962K(49104K) NonClass: 40075K(41680K)->40075K(41680K) Class: 5887K(7424K)->5887K(7424K)
[2024-06-02T16:52:40.315-0300][gc            ] GC(121) Pause Young (Normal) (G1 Evacuation Pause) 313M->262M(1024M) 16,207ms
[2024-06-02T16:52:40.315-0300][gc,cpu        ] GC(121) User=0,06s Sys=0,00s Real=0,02s
[2024-06-02T16:53:14.715-0300][gc,start      ] GC(122) Pause Young (Normal) (G1 Evacuation Pause)
[2024-06-02T16:53:14.715-0300][gc,task       ] GC(122) Using 4 workers of 4 for evacuation
[2024-06-02T16:53:14.734-0300][gc,phases     ] GC(122)   Pre Evacuate Collection Set: 0,1ms
[2024-06-02T16:53:14.734-0300][gc,phases     ] GC(122)   Evacuate Collection Set: 18,0ms
[2024-06-02T16:53:14.734-0300][gc,phases     ] GC(122)   Post Evacuate Collection Set: 1,0ms
[2024-06-02T16:53:14.734-0300][gc,phases     ] GC(122)   Other: 0,4ms
[2024-06-02T16:53:14.734-0300][gc,heap       ] GC(122) Eden regions: 52->0(52)
[2024-06-02T16:53:14.734-0300][gc,heap       ] GC(122) Survivor regions: 5->5(8)
[2024-06-02T16:53:14.734-0300][gc,heap       ] GC(122) Old regions: 131->131
[2024-06-02T16:53:14.734-0300][gc,heap       ] GC(122) Humongous regions: 129->129
[2024-06-02T16:53:14.734-0300][gc,metaspace  ] GC(122) Metaspace: 45962K(49104K)->45962K(49104K) NonClass: 40075K(41680K)->40075K(41680K) Class: 5887K(7424K)->5887K(7424K)
[2024-06-02T16:53:14.734-0300][gc            ] GC(122) Pause Young (Normal) (G1 Evacuation Pause) 314M->263M(1024M) 19,715ms
[2024-06-02T16:53:14.734-0300][gc,cpu        ] GC(122) User=0,07s Sys=0,00s Real=0,02s
[2024-06-02T16:53:48.499-0300][gc,start      ] GC(123) Pause Young (Normal) (G1 Evacuation Pause)
[2024-06-02T16:53:48.499-0300][gc,task       ] GC(123) Using 4 workers of 4 for evacuation
[2024-06-02T16:53:48.526-0300][gc,mmu        ] GC(123) MMU target violated: 21,0ms (20,0ms/21,0ms)
[2024-06-02T16:53:48.526-0300][gc,phases     ] GC(123)   Pre Evacuate Collection Set: 0,0ms
[2024-06-02T16:53:48.526-0300][gc,phases     ] GC(123)   Evacuate Collection Set: 26,4ms
[2024-06-02T16:53:48.526-0300][gc,phases     ] GC(123)   Post Evacuate Collection Set: 0,6ms
[2024-06-02T16:53:48.526-0300][gc,phases     ] GC(123)   Other: 0,4ms
[2024-06-02T16:53:48.526-0300][gc,heap       ] GC(123) Eden regions: 52->0(52)
[2024-06-02T16:53:48.526-0300][gc,heap       ] GC(123) Survivor regions: 5->5(8)
[2024-06-02T16:53:48.526-0300][gc,heap       ] GC(123) Old regions: 131->132
[2024-06-02T16:53:48.526-0300][gc,heap       ] GC(123) Humongous regions: 129->129
[2024-06-02T16:53:48.526-0300][gc,metaspace  ] GC(123) Metaspace: 45962K(49104K)->45962K(49104K) NonClass: 40075K(41680K)->40075K(41680K) Class: 5887K(7424K)->5887K(7424K)
[2024-06-02T16:53:48.526-0300][gc            ] GC(123) Pause Young (Normal) (G1 Evacuation Pause) 315M->264M(1024M) 27,449ms
[2024-06-02T16:53:48.527-0300][gc,cpu        ] GC(123) User=0,05s Sys=0,00s Real=0,03s
[2024-06-02T16:54:18.750-0300][gc,start      ] GC(124) Pause Young (Normal) (G1 Evacuation Pause)
[2024-06-02T16:54:18.751-0300][gc,task       ] GC(124) Using 4 workers of 4 for evacuation
[2024-06-02T16:54:18.772-0300][gc,mmu        ] GC(124) MMU target violated: 21,0ms (20,0ms/21,0ms)
[2024-06-02T16:54:18.772-0300][gc,phases     ] GC(124)   Pre Evacuate Collection Set: 0,1ms
[2024-06-02T16:54:18.772-0300][gc,phases     ] GC(124)   Evacuate Collection Set: 20,1ms
[2024-06-02T16:54:18.772-0300][gc,phases     ] GC(124)   Post Evacuate Collection Set: 1,1ms
[2024-06-02T16:54:18.772-0300][gc,phases     ] GC(124)   Other: 0,5ms
[2024-06-02T16:54:18.772-0300][gc,heap       ] GC(124) Eden regions: 49->0(50)
[2024-06-02T16:54:18.772-0300][gc,heap       ] GC(124) Survivor regions: 5->5(7)
[2024-06-02T16:54:18.772-0300][gc,heap       ] GC(124) Old regions: 132->134
[2024-06-02T16:54:18.772-0300][gc,heap       ] GC(124) Humongous regions: 129->129
[2024-06-02T16:54:18.772-0300][gc,metaspace  ] GC(124) Metaspace: 45962K(49104K)->45962K(49104K) NonClass: 40075K(41680K)->40075K(41680K) Class: 5887K(7424K)->5887K(7424K)
[2024-06-02T16:54:18.772-0300][gc            ] GC(124) Pause Young (Normal) (G1 Evacuation Pause) 313M->265M(1024M) 21,984ms
[2024-06-02T16:54:18.773-0300][gc,cpu        ] GC(124) User=0,07s Sys=0,00s Real=0,02s
[2024-06-02T16:54:48.024-0300][gc,start      ] GC(125) Pause Young (Normal) (G1 Evacuation Pause)
[2024-06-02T16:54:48.024-0300][gc,task       ] GC(125) Using 4 workers of 4 for evacuation
[2024-06-02T16:54:48.032-0300][gc,phases     ] GC(125)   Pre Evacuate Collection Set: 0,0ms
[2024-06-02T16:54:48.032-0300][gc,phases     ] GC(125)   Evacuate Collection Set: 6,8ms
[2024-06-02T16:54:48.032-0300][gc,phases     ] GC(125)   Post Evacuate Collection Set: 0,5ms
[2024-06-02T16:54:48.032-0300][gc,phases     ] GC(125)   Other: 0,2ms
[2024-06-02T16:54:48.032-0300][gc,heap       ] GC(125) Eden regions: 46->0(53)
[2024-06-02T16:54:48.032-0300][gc,heap       ] GC(125) Survivor regions: 5->5(7)
[2024-06-02T16:54:48.032-0300][gc,heap       ] GC(125) Old regions: 134->135
[2024-06-02T16:54:48.032-0300][gc,heap       ] GC(125) Humongous regions: 129->129
[2024-06-02T16:54:48.032-0300][gc,metaspace  ] GC(125) Metaspace: 45962K(49104K)->45962K(49104K) NonClass: 40075K(41680K)->40075K(41680K) Class: 5887K(7424K)->5887K(7424K)
[2024-06-02T16:54:48.032-0300][gc            ] GC(125) Pause Young (Normal) (G1 Evacuation Pause) 311M->266M(1024M) 7,556ms
[2024-06-02T16:54:48.032-0300][gc,cpu        ] GC(125) User=0,02s Sys=0,00s Real=0,01s
[2024-06-02T16:55:19.902-0300][gc,start      ] GC(126) Pause Young (Normal) (G1 Evacuation Pause)
[2024-06-02T16:55:19.902-0300][gc,task       ] GC(126) Using 4 workers of 4 for evacuation
[2024-06-02T16:55:19.916-0300][gc,phases     ] GC(126)   Pre Evacuate Collection Set: 0,0ms
[2024-06-02T16:55:19.916-0300][gc,phases     ] GC(126)   Evacuate Collection Set: 12,6ms
[2024-06-02T16:55:19.916-0300][gc,phases     ] GC(126)   Post Evacuate Collection Set: 0,7ms
[2024-06-02T16:55:19.916-0300][gc,phases     ] GC(126)   Other: 0,3ms
[2024-06-02T16:55:19.916-0300][gc,heap       ] GC(126) Eden regions: 50->0(55)
[2024-06-02T16:55:19.916-0300][gc,heap       ] GC(126) Survivor regions: 5->5(7)
[2024-06-02T16:55:19.916-0300][gc,heap       ] GC(126) Old regions: 135->136
[2024-06-02T16:55:19.916-0300][gc,heap       ] GC(126) Humongous regions: 129->129
[2024-06-02T16:55:19.916-0300][gc,metaspace  ] GC(126) Metaspace: 45962K(49104K)->45962K(49104K) NonClass: 40075K(41680K)->40075K(41680K) Class: 5887K(7424K)->5887K(7424K)
[2024-06-02T16:55:19.916-0300][gc            ] GC(126) Pause Young (Normal) (G1 Evacuation Pause) 316M->268M(1024M) 13,793ms
[2024-06-02T16:55:19.916-0300][gc,cpu        ] GC(126) User=0,04s Sys=0,00s Real=0,01s
[2024-06-02T16:55:52.809-0300][gc,start      ] GC(127) Pause Young (Normal) (G1 Evacuation Pause)
[2024-06-02T16:55:52.809-0300][gc,task       ] GC(127) Using 4 workers of 4 for evacuation
[2024-06-02T16:55:52.827-0300][gc,phases     ] GC(127)   Pre Evacuate Collection Set: 0,1ms
[2024-06-02T16:55:52.827-0300][gc,phases     ] GC(127)   Evacuate Collection Set: 16,8ms
[2024-06-02T16:55:52.827-0300][gc,phases     ] GC(127)   Post Evacuate Collection Set: 0,8ms
[2024-06-02T16:55:52.827-0300][gc,phases     ] GC(127)   Other: 0,4ms
[2024-06-02T16:55:52.827-0300][gc,heap       ] GC(127) Eden regions: 51->0(55)
[2024-06-02T16:55:52.827-0300][gc,heap       ] GC(127) Survivor regions: 5->5(7)
[2024-06-02T16:55:52.827-0300][gc,heap       ] GC(127) Old regions: 136->138
[2024-06-02T16:55:52.827-0300][gc,heap       ] GC(127) Humongous regions: 129->129
[2024-06-02T16:55:52.827-0300][gc,metaspace  ] GC(127) Metaspace: 45962K(49104K)->45962K(49104K) NonClass: 40075K(41680K)->40075K(41680K) Class: 5887K(7424K)->5887K(7424K)
[2024-06-02T16:55:52.827-0300][gc            ] GC(127) Pause Young (Normal) (G1 Evacuation Pause) 319M->269M(1024M) 18,214ms
[2024-06-02T16:55:52.828-0300][gc,cpu        ] GC(127) User=0,07s Sys=0,00s Real=0,02s
[2024-06-02T16:56:24.329-0300][gc,start      ] GC(128) Pause Young (Normal) (G1 Evacuation Pause)
[2024-06-02T16:56:24.329-0300][gc,task       ] GC(128) Using 4 workers of 4 for evacuation
[2024-06-02T16:56:24.347-0300][gc,phases     ] GC(128)   Pre Evacuate Collection Set: 0,1ms
[2024-06-02T16:56:24.348-0300][gc,phases     ] GC(128)   Evacuate Collection Set: 16,7ms
[2024-06-02T16:56:24.348-0300][gc,phases     ] GC(128)   Post Evacuate Collection Set: 1,0ms
[2024-06-02T16:56:24.348-0300][gc,phases     ] GC(128)   Other: 0,5ms
[2024-06-02T16:56:24.348-0300][gc,heap       ] GC(128) Eden regions: 51->0(54)
[2024-06-02T16:56:24.348-0300][gc,heap       ] GC(128) Survivor regions: 5->4(7)
[2024-06-02T16:56:24.348-0300][gc,heap       ] GC(128) Old regions: 138->138
[2024-06-02T16:56:24.348-0300][gc,heap       ] GC(128) Humongous regions: 129->129
[2024-06-02T16:56:24.348-0300][gc,metaspace  ] GC(128) Metaspace: 45962K(49104K)->45962K(49104K) NonClass: 40075K(41680K)->40075K(41680K) Class: 5887K(7424K)->5887K(7424K)
[2024-06-02T16:56:24.348-0300][gc            ] GC(128) Pause Young (Normal) (G1 Evacuation Pause) 320M->269M(1024M) 18,446ms
[2024-06-02T16:56:24.348-0300][gc,cpu        ] GC(128) User=0,06s Sys=0,00s Real=0,02s
[2024-06-02T16:56:54.344-0300][gc,start      ] GC(129) Pause Young (Normal) (G1 Evacuation Pause)
[2024-06-02T16:56:54.344-0300][gc,task       ] GC(129) Using 4 workers of 4 for evacuation
[2024-06-02T16:56:54.365-0300][gc,mmu        ] GC(129) MMU target violated: 21,0ms (20,0ms/21,0ms)
[2024-06-02T16:56:54.366-0300][gc,phases     ] GC(129)   Pre Evacuate Collection Set: 0,1ms
[2024-06-02T16:56:54.366-0300][gc,phases     ] GC(129)   Evacuate Collection Set: 20,1ms
[2024-06-02T16:56:54.366-0300][gc,phases     ] GC(129)   Post Evacuate Collection Set: 0,6ms
[2024-06-02T16:56:54.366-0300][gc,phases     ] GC(129)   Other: 0,5ms
[2024-06-02T16:56:54.366-0300][gc,heap       ] GC(129) Eden regions: 47->0(51)
[2024-06-02T16:56:54.366-0300][gc,heap       ] GC(129) Survivor regions: 4->5(7)
[2024-06-02T16:56:54.366-0300][gc,heap       ] GC(129) Old regions: 138->138
[2024-06-02T16:56:54.366-0300][gc,heap       ] GC(129) Humongous regions: 129->129
[2024-06-02T16:56:54.366-0300][gc,metaspace  ] GC(129) Metaspace: 45964K(49104K)->45964K(49104K) NonClass: 40076K(41680K)->40076K(41680K) Class: 5887K(7424K)->5887K(7424K)
[2024-06-02T16:56:54.366-0300][gc            ] GC(129) Pause Young (Normal) (G1 Evacuation Pause) 316M->270M(1024M) 21,358ms
[2024-06-02T16:56:54.366-0300][gc,cpu        ] GC(129) User=0,07s Sys=0,00s Real=0,02s
[2024-06-02T16:57:24.051-0300][gc,start      ] GC(130) Pause Young (Normal) (G1 Evacuation Pause)
[2024-06-02T16:57:24.051-0300][gc,task       ] GC(130) Using 4 workers of 4 for evacuation
[2024-06-02T16:57:24.060-0300][gc,phases     ] GC(130)   Pre Evacuate Collection Set: 0,0ms
[2024-06-02T16:57:24.060-0300][gc,phases     ] GC(130)   Evacuate Collection Set: 7,8ms
[2024-06-02T16:57:24.060-0300][gc,phases     ] GC(130)   Post Evacuate Collection Set: 0,4ms
[2024-06-02T16:57:24.060-0300][gc,phases     ] GC(130)   Other: 0,2ms
[2024-06-02T16:57:24.060-0300][gc,heap       ] GC(130) Eden regions: 46->0(52)
[2024-06-02T16:57:24.060-0300][gc,heap       ] GC(130) Survivor regions: 5->4(7)
[2024-06-02T16:57:24.060-0300][gc,heap       ] GC(130) Old regions: 138->140
[2024-06-02T16:57:24.060-0300][gc,heap       ] GC(130) Humongous regions: 129->129
[2024-06-02T16:57:24.060-0300][gc,metaspace  ] GC(130) Metaspace: 45964K(49104K)->45964K(49104K) NonClass: 40076K(41680K)->40076K(41680K) Class: 5887K(7424K)->5887K(7424K)
[2024-06-02T16:57:24.060-0300][gc            ] GC(130) Pause Young (Normal) (G1 Evacuation Pause) 316M->271M(1024M) 8,518ms
[2024-06-02T16:57:24.060-0300][gc,cpu        ] GC(130) User=0,03s Sys=0,00s Real=0,00s
[2024-06-02T16:57:57.485-0300][gc,start      ] GC(131) Pause Young (Normal) (G1 Evacuation Pause)
[2024-06-02T16:57:57.485-0300][gc,task       ] GC(131) Using 4 workers of 4 for evacuation
[2024-06-02T16:57:57.495-0300][gc,phases     ] GC(131)   Pre Evacuate Collection Set: 0,0ms
[2024-06-02T16:57:57.495-0300][gc,phases     ] GC(131)   Evacuate Collection Set: 8,8ms
[2024-06-02T16:57:57.495-0300][gc,phases     ] GC(131)   Post Evacuate Collection Set: 0,7ms
[2024-06-02T16:57:57.495-0300][gc,phases     ] GC(131)   Other: 0,3ms
[2024-06-02T16:57:57.495-0300][gc,heap       ] GC(131) Eden regions: 52->0(56)
[2024-06-02T16:57:57.495-0300][gc,heap       ] GC(131) Survivor regions: 4->5(7)
[2024-06-02T16:57:57.495-0300][gc,heap       ] GC(131) Old regions: 140->141
[2024-06-02T16:57:57.495-0300][gc,heap       ] GC(131) Humongous regions: 129->129
[2024-06-02T16:57:57.495-0300][gc,metaspace  ] GC(131) Metaspace: 45964K(49104K)->45964K(49104K) NonClass: 40076K(41680K)->40076K(41680K) Class: 5887K(7424K)->5887K(7424K)
[2024-06-02T16:57:57.495-0300][gc            ] GC(131) Pause Young (Normal) (G1 Evacuation Pause) 323M->272M(1024M) 9,934ms
[2024-06-02T16:57:57.495-0300][gc,cpu        ] GC(131) User=0,03s Sys=0,00s Real=0,01s
[2024-06-02T16:58:33.754-0300][gc,start      ] GC(132) Pause Young (Normal) (G1 Evacuation Pause)
[2024-06-02T16:58:33.754-0300][gc,task       ] GC(132) Using 4 workers of 4 for evacuation
[2024-06-02T16:58:33.775-0300][gc,mmu        ] GC(132) MMU target violated: 20,2ms (20,0ms/21,0ms)
[2024-06-02T16:58:33.775-0300][gc,phases     ] GC(132)   Pre Evacuate Collection Set: 0,1ms
[2024-06-02T16:58:33.775-0300][gc,phases     ] GC(132)   Evacuate Collection Set: 18,9ms
[2024-06-02T16:58:33.775-0300][gc,phases     ] GC(132)   Post Evacuate Collection Set: 1,1ms
[2024-06-02T16:58:33.775-0300][gc,phases     ] GC(132)   Other: 0,5ms
[2024-06-02T16:58:33.775-0300][gc,heap       ] GC(132) Eden regions: 56->0(54)
[2024-06-02T16:58:33.775-0300][gc,heap       ] GC(132) Survivor regions: 5->6(8)
[2024-06-02T16:58:33.775-0300][gc,heap       ] GC(132) Old regions: 141->141
[2024-06-02T16:58:33.775-0300][gc,heap       ] GC(132) Humongous regions: 129->129
[2024-06-02T16:58:33.775-0300][gc,metaspace  ] GC(132) Metaspace: 45964K(49104K)->45964K(49104K) NonClass: 40077K(41680K)->40077K(41680K) Class: 5887K(7424K)->5887K(7424K)
[2024-06-02T16:58:33.775-0300][gc            ] GC(132) Pause Young (Normal) (G1 Evacuation Pause) 328M->273M(1024M) 20,708ms
[2024-06-02T16:58:33.775-0300][gc,cpu        ] GC(132) User=0,07s Sys=0,01s Real=0,02s
[2024-06-02T16:59:04.773-0300][gc,start      ] GC(133) Pause Young (Normal) (G1 Evacuation Pause)
[2024-06-02T16:59:04.773-0300][gc,task       ] GC(133) Using 4 workers of 4 for evacuation
[2024-06-02T16:59:04.797-0300][gc,mmu        ] GC(133) MMU target violated: 21,0ms (20,0ms/21,0ms)
[2024-06-02T16:59:04.797-0300][gc,phases     ] GC(133)   Pre Evacuate Collection Set: 0,1ms
[2024-06-02T16:59:04.797-0300][gc,phases     ] GC(133)   Evacuate Collection Set: 22,3ms
[2024-06-02T16:59:04.797-0300][gc,phases     ] GC(133)   Post Evacuate Collection Set: 0,9ms
[2024-06-02T16:59:04.797-0300][gc,phases     ] GC(133)   Other: 0,5ms
[2024-06-02T16:59:04.797-0300][gc,heap       ] GC(133) Eden regions: 49->0(51)
[2024-06-02T16:59:04.797-0300][gc,heap       ] GC(133) Survivor regions: 6->5(7)
[2024-06-02T16:59:04.797-0300][gc,heap       ] GC(133) Old regions: 141->143
[2024-06-02T16:59:04.797-0300][gc,heap       ] GC(133) Humongous regions: 129->129
[2024-06-02T16:59:04.797-0300][gc,metaspace  ] GC(133) Metaspace: 45964K(49104K)->45964K(49104K) NonClass: 40077K(41680K)->40077K(41680K) Class: 5887K(7424K)->5887K(7424K)
[2024-06-02T16:59:04.797-0300][gc            ] GC(133) Pause Young (Normal) (G1 Evacuation Pause) 322M->274M(1024M) 23,884ms
[2024-06-02T16:59:04.797-0300][gc,cpu        ] GC(133) User=0,09s Sys=0,00s Real=0,02s
[2024-06-02T16:59:38.379-0300][gc,start      ] GC(134) Pause Young (Normal) (G1 Evacuation Pause)
[2024-06-02T16:59:38.379-0300][gc,task       ] GC(134) Using 4 workers of 4 for evacuation
[2024-06-02T16:59:38.400-0300][gc,mmu        ] GC(134) MMU target violated: 20,8ms (20,0ms/21,0ms)
[2024-06-02T16:59:38.400-0300][gc,phases     ] GC(134)   Pre Evacuate Collection Set: 0,1ms
[2024-06-02T16:59:38.400-0300][gc,phases     ] GC(134)   Evacuate Collection Set: 19,7ms
[2024-06-02T16:59:38.400-0300][gc,phases     ] GC(134)   Post Evacuate Collection Set: 0,9ms
[2024-06-02T16:59:38.400-0300][gc,phases     ] GC(134)   Other: 0,5ms
[2024-06-02T16:59:38.400-0300][gc,heap       ] GC(134) Eden regions: 51->0(50)
[2024-06-02T16:59:38.400-0300][gc,heap       ] GC(134) Survivor regions: 5->5(7)
[2024-06-02T16:59:38.400-0300][gc,heap       ] GC(134) Old regions: 143->144
[2024-06-02T16:59:38.400-0300][gc,heap       ] GC(134) Humongous regions: 129->129
[2024-06-02T16:59:38.400-0300][gc,metaspace  ] GC(134) Metaspace: 45964K(49104K)->45964K(49104K) NonClass: 40077K(41680K)->40077K(41680K) Class: 5887K(7424K)->5887K(7424K)
[2024-06-02T16:59:38.400-0300][gc            ] GC(134) Pause Young (Normal) (G1 Evacuation Pause) 325M->276M(1024M) 21,303ms
[2024-06-02T16:59:38.400-0300][gc,cpu        ] GC(134) User=0,07s Sys=0,00s Real=0,02s
[2024-06-02T17:00:07.831-0300][gc,start      ] GC(135) Pause Young (Normal) (G1 Evacuation Pause)
[2024-06-02T17:00:07.831-0300][gc,task       ] GC(135) Using 4 workers of 4 for evacuation
[2024-06-02T17:00:07.858-0300][gc,mmu        ] GC(135) MMU target violated: 21,0ms (20,0ms/21,0ms)
[2024-06-02T17:00:07.858-0300][gc,phases     ] GC(135)   Pre Evacuate Collection Set: 0,0ms
[2024-06-02T17:00:07.858-0300][gc,phases     ] GC(135)   Evacuate Collection Set: 26,5ms
[2024-06-02T17:00:07.858-0300][gc,phases     ] GC(135)   Post Evacuate Collection Set: 0,3ms
[2024-06-02T17:00:07.858-0300][gc,phases     ] GC(135)   Other: 0,2ms
[2024-06-02T17:00:07.858-0300][gc,heap       ] GC(135) Eden regions: 46->0(52)
[2024-06-02T17:00:07.858-0300][gc,heap       ] GC(135) Survivor regions: 5->5(7)
[2024-06-02T17:00:07.858-0300][gc,heap       ] GC(135) Old regions: 144->145
[2024-06-02T17:00:07.858-0300][gc,heap       ] GC(135) Humongous regions: 129->129
[2024-06-02T17:00:07.858-0300][gc,metaspace  ] GC(135) Metaspace: 45964K(49104K)->45964K(49104K) NonClass: 40077K(41680K)->40077K(41680K) Class: 5887K(7424K)->5887K(7424K)
[2024-06-02T17:00:07.858-0300][gc            ] GC(135) Pause Young (Normal) (G1 Evacuation Pause) 322M->276M(1024M) 27,135ms
[2024-06-02T17:00:07.858-0300][gc,cpu        ] GC(135) User=0,02s Sys=0,00s Real=0,02s
[2024-06-02T17:00:40.415-0300][gc,start      ] GC(136) Pause Young (Normal) (G1 Evacuation Pause)
[2024-06-02T17:00:40.415-0300][gc,task       ] GC(136) Using 4 workers of 4 for evacuation
[2024-06-02T17:00:40.436-0300][gc,mmu        ] GC(136) MMU target violated: 20,9ms (20,0ms/21,0ms)
[2024-06-02T17:00:40.436-0300][gc,phases     ] GC(136)   Pre Evacuate Collection Set: 0,0ms
[2024-06-02T17:00:40.436-0300][gc,phases     ] GC(136)   Evacuate Collection Set: 19,9ms
[2024-06-02T17:00:40.436-0300][gc,phases     ] GC(136)   Post Evacuate Collection Set: 0,7ms
[2024-06-02T17:00:40.436-0300][gc,phases     ] GC(136)   Other: 0,5ms
[2024-06-02T17:00:40.436-0300][gc,heap       ] GC(136) Eden regions: 52->0(51)
[2024-06-02T17:00:40.436-0300][gc,heap       ] GC(136) Survivor regions: 5->4(8)
[2024-06-02T17:00:40.436-0300][gc,heap       ] GC(136) Old regions: 145->146
[2024-06-02T17:00:40.436-0300][gc,heap       ] GC(136) Humongous regions: 129->129
[2024-06-02T17:00:40.436-0300][gc,metaspace  ] GC(136) Metaspace: 45964K(49104K)->45964K(49104K) NonClass: 40077K(41680K)->40077K(41680K) Class: 5887K(7424K)->5887K(7424K)
[2024-06-02T17:00:40.436-0300][gc            ] GC(136) Pause Young (Normal) (G1 Evacuation Pause) 328M->277M(1024M) 21,294ms
[2024-06-02T17:00:40.436-0300][gc,cpu        ] GC(136) User=0,07s Sys=0,00s Real=0,02s
[2024-06-02T17:01:12.608-0300][gc,start      ] GC(137) Pause Young (Normal) (G1 Evacuation Pause)
[2024-06-02T17:01:12.608-0300][gc,task       ] GC(137) Using 4 workers of 4 for evacuation
[2024-06-02T17:01:12.627-0300][gc,phases     ] GC(137)   Pre Evacuate Collection Set: 0,0ms
[2024-06-02T17:01:12.627-0300][gc,phases     ] GC(137)   Evacuate Collection Set: 17,8ms
[2024-06-02T17:01:12.627-0300][gc,phases     ] GC(137)   Post Evacuate Collection Set: 0,5ms
[2024-06-02T17:01:12.627-0300][gc,phases     ] GC(137)   Other: 0,3ms
[2024-06-02T17:01:12.627-0300][gc,heap       ] GC(137) Eden regions: 51->0(52)
[2024-06-02T17:01:12.627-0300][gc,heap       ] GC(137) Survivor regions: 4->5(7)
[2024-06-02T17:01:12.627-0300][gc,heap       ] GC(137) Old regions: 146->146
[2024-06-02T17:01:12.627-0300][gc,heap       ] GC(137) Humongous regions: 129->129
[2024-06-02T17:01:12.627-0300][gc,metaspace  ] GC(137) Metaspace: 45964K(49104K)->45964K(49104K) NonClass: 40077K(41680K)->40077K(41680K) Class: 5887K(7424K)->5887K(7424K)
[2024-06-02T17:01:12.627-0300][gc            ] GC(137) Pause Young (Normal) (G1 Evacuation Pause) 328M->278M(1024M) 18,775ms
[2024-06-02T17:01:12.627-0300][gc,cpu        ] GC(137) User=0,05s Sys=0,00s Real=0,02s
[2024-06-02T17:01:42.130-0300][gc,start      ] GC(138) Pause Young (Normal) (G1 Evacuation Pause)
[2024-06-02T17:01:42.130-0300][gc,task       ] GC(138) Using 4 workers of 4 for evacuation
[2024-06-02T17:01:42.147-0300][gc,phases     ] GC(138)   Pre Evacuate Collection Set: 0,0ms
[2024-06-02T17:01:42.147-0300][gc,phases     ] GC(138)   Evacuate Collection Set: 15,3ms
[2024-06-02T17:01:42.147-0300][gc,phases     ] GC(138)   Post Evacuate Collection Set: 0,8ms
[2024-06-02T17:01:42.147-0300][gc,phases     ] GC(138)   Other: 0,3ms
[2024-06-02T17:01:42.147-0300][gc,heap       ] GC(138) Eden regions: 46->0(51)
[2024-06-02T17:01:42.147-0300][gc,heap       ] GC(138) Survivor regions: 5->5(7)
[2024-06-02T17:01:42.147-0300][gc,heap       ] GC(138) Old regions: 146->148
[2024-06-02T17:01:42.147-0300][gc,heap       ] GC(138) Humongous regions: 129->129
[2024-06-02T17:01:42.147-0300][gc,metaspace  ] GC(138) Metaspace: 45964K(49104K)->45964K(49104K) NonClass: 40077K(41680K)->40077K(41680K) Class: 5887K(7424K)->5887K(7424K)
[2024-06-02T17:01:42.147-0300][gc            ] GC(138) Pause Young (Normal) (G1 Evacuation Pause) 324M->279M(1024M) 16,509ms
[2024-06-02T17:01:42.147-0300][gc,cpu        ] GC(138) User=0,05s Sys=0,01s Real=0,01s
[2024-06-02T17:02:15.239-0300][gc,start      ] GC(139) Pause Young (Normal) (G1 Evacuation Pause)
[2024-06-02T17:02:15.239-0300][gc,task       ] GC(139) Using 4 workers of 4 for evacuation
[2024-06-02T17:02:15.259-0300][gc,mmu        ] GC(139) MMU target violated: 20,3ms (20,0ms/21,0ms)
[2024-06-02T17:02:15.259-0300][gc,phases     ] GC(139)   Pre Evacuate Collection Set: 0,1ms
[2024-06-02T17:02:15.259-0300][gc,phases     ] GC(139)   Evacuate Collection Set: 19,3ms
[2024-06-02T17:02:15.259-0300][gc,phases     ] GC(139)   Post Evacuate Collection Set: 0,8ms
[2024-06-02T17:02:15.259-0300][gc,phases     ] GC(139)   Other: 0,5ms
[2024-06-02T17:02:15.259-0300][gc,heap       ] GC(139) Eden regions: 51->0(50)
[2024-06-02T17:02:15.259-0300][gc,heap       ] GC(139) Survivor regions: 5->5(7)
[2024-06-02T17:02:15.259-0300][gc,heap       ] GC(139) Old regions: 148->149
[2024-06-02T17:02:15.259-0300][gc,heap       ] GC(139) Humongous regions: 129->129
[2024-06-02T17:02:15.259-0300][gc,metaspace  ] GC(139) Metaspace: 45964K(49104K)->45964K(49104K) NonClass: 40077K(41680K)->40077K(41680K) Class: 5887K(7424K)->5887K(7424K)
[2024-06-02T17:02:15.259-0300][gc            ] GC(139) Pause Young (Normal) (G1 Evacuation Pause) 330M->280M(1024M) 20,771ms
[2024-06-02T17:02:15.259-0300][gc,cpu        ] GC(139) User=0,07s Sys=0,00s Real=0,02s
[2024-06-02T17:02:48.445-0300][gc,start      ] GC(140) Pause Young (Normal) (G1 Evacuation Pause)
[2024-06-02T17:02:48.446-0300][gc,task       ] GC(140) Using 4 workers of 4 for evacuation
[2024-06-02T17:02:48.467-0300][gc,mmu        ] GC(140) MMU target violated: 21,0ms (20,0ms/21,0ms)
[2024-06-02T17:02:48.467-0300][gc,phases     ] GC(140)   Pre Evacuate Collection Set: 0,1ms
[2024-06-02T17:02:48.467-0300][gc,phases     ] GC(140)   Evacuate Collection Set: 19,8ms
[2024-06-02T17:02:48.467-0300][gc,phases     ] GC(140)   Post Evacuate Collection Set: 0,9ms
[2024-06-02T17:02:48.467-0300][gc,phases     ] GC(140)   Other: 0,5ms
[2024-06-02T17:02:48.467-0300][gc,heap       ] GC(140) Eden regions: 50->0(50)
[2024-06-02T17:02:48.467-0300][gc,heap       ] GC(140) Survivor regions: 5->5(7)
[2024-06-02T17:02:48.467-0300][gc,heap       ] GC(140) Old regions: 149->150
[2024-06-02T17:02:48.467-0300][gc,heap       ] GC(140) Humongous regions: 129->129
[2024-06-02T17:02:48.467-0300][gc,metaspace  ] GC(140) Metaspace: 45968K(49104K)->45968K(49104K) NonClass: 40080K(41680K)->40080K(41680K) Class: 5887K(7424K)->5887K(7424K)
[2024-06-02T17:02:48.467-0300][gc            ] GC(140) Pause Young (Normal) (G1 Evacuation Pause) 330M->281M(1024M) 21,421ms
[2024-06-02T17:02:48.467-0300][gc,cpu        ] GC(140) User=0,07s Sys=0,00s Real=0,02s
[2024-06-02T17:03:21.471-0300][gc,start      ] GC(141) Pause Young (Normal) (G1 Evacuation Pause)
[2024-06-02T17:03:21.471-0300][gc,task       ] GC(141) Using 4 workers of 4 for evacuation
[2024-06-02T17:03:21.491-0300][gc,mmu        ] GC(141) MMU target violated: 20,2ms (20,0ms/21,0ms)
[2024-06-02T17:03:21.491-0300][gc,phases     ] GC(141)   Pre Evacuate Collection Set: 0,1ms
[2024-06-02T17:03:21.491-0300][gc,phases     ] GC(141)   Evacuate Collection Set: 18,8ms
[2024-06-02T17:03:21.491-0300][gc,phases     ] GC(141)   Post Evacuate Collection Set: 1,1ms
[2024-06-02T17:03:21.491-0300][gc,phases     ] GC(141)   Other: 0,5ms
[2024-06-02T17:03:21.491-0300][gc,heap       ] GC(141) Eden regions: 50->0(51)
[2024-06-02T17:03:21.491-0300][gc,heap       ] GC(141) Survivor regions: 5->5(7)
[2024-06-02T17:03:21.491-0300][gc,heap       ] GC(141) Old regions: 150->151
[2024-06-02T17:03:21.491-0300][gc,heap       ] GC(141) Humongous regions: 129->129
[2024-06-02T17:03:21.491-0300][gc,metaspace  ] GC(141) Metaspace: 45972K(49104K)->45972K(49104K) NonClass: 40084K(41680K)->40084K(41680K) Class: 5887K(7424K)->5887K(7424K)
[2024-06-02T17:03:21.491-0300][gc            ] GC(141) Pause Young (Normal) (G1 Evacuation Pause) 331M->282M(1024M) 20,696ms
[2024-06-02T17:03:21.491-0300][gc,cpu        ] GC(141) User=0,07s Sys=0,01s Real=0,02s
[2024-06-02T17:03:50.057-0300][gc,start      ] GC(142) Pause Young (Normal) (G1 Evacuation Pause)
[2024-06-02T17:03:50.057-0300][gc,task       ] GC(142) Using 4 workers of 4 for evacuation
[2024-06-02T17:03:50.069-0300][gc,phases     ] GC(142)   Pre Evacuate Collection Set: 0,0ms
[2024-06-02T17:03:50.069-0300][gc,phases     ] GC(142)   Evacuate Collection Set: 11,2ms
[2024-06-02T17:03:50.069-0300][gc,phases     ] GC(142)   Post Evacuate Collection Set: 0,6ms
[2024-06-02T17:03:50.069-0300][gc,phases     ] GC(142)   Other: 0,3ms
[2024-06-02T17:03:50.069-0300][gc,heap       ] GC(142) Eden regions: 46->0(55)
[2024-06-02T17:03:50.069-0300][gc,heap       ] GC(142) Survivor regions: 5->5(7)
[2024-06-02T17:03:50.069-0300][gc,heap       ] GC(142) Old regions: 151->152
[2024-06-02T17:03:50.069-0300][gc,heap       ] GC(142) Humongous regions: 129->129
[2024-06-02T17:03:50.069-0300][gc,metaspace  ] GC(142) Metaspace: 45972K(49104K)->45972K(49104K) NonClass: 40085K(41680K)->40085K(41680K) Class: 5887K(7424K)->5887K(7424K)
[2024-06-02T17:03:50.069-0300][gc            ] GC(142) Pause Young (Normal) (G1 Evacuation Pause) 328M->283M(1024M) 12,143ms
[2024-06-02T17:03:50.069-0300][gc,cpu        ] GC(142) User=0,04s Sys=0,00s Real=0,01s
[2024-06-02T17:04:25.580-0300][gc,start      ] GC(143) Pause Young (Normal) (G1 Evacuation Pause)
[2024-06-02T17:04:25.581-0300][gc,task       ] GC(143) Using 4 workers of 4 for evacuation
[2024-06-02T17:04:25.603-0300][gc,mmu        ] GC(143) MMU target violated: 21,0ms (20,0ms/21,0ms)
[2024-06-02T17:04:25.603-0300][gc,phases     ] GC(143)   Pre Evacuate Collection Set: 0,0ms
[2024-06-02T17:04:25.603-0300][gc,phases     ] GC(143)   Evacuate Collection Set: 21,1ms
[2024-06-02T17:04:25.603-0300][gc,phases     ] GC(143)   Post Evacuate Collection Set: 0,7ms
[2024-06-02T17:04:25.603-0300][gc,phases     ] GC(143)   Other: 0,4ms
[2024-06-02T17:04:25.603-0300][gc,heap       ] GC(143) Eden regions: 55->0(53)
[2024-06-02T17:04:25.603-0300][gc,heap       ] GC(143) Survivor regions: 5->5(8)
[2024-06-02T17:04:25.603-0300][gc,heap       ] GC(143) Old regions: 152->153
[2024-06-02T17:04:25.603-0300][gc,heap       ] GC(143) Humongous regions: 129->129
[2024-06-02T17:04:25.603-0300][gc,metaspace  ] GC(143) Metaspace: 45972K(49104K)->45972K(49104K) NonClass: 40085K(41680K)->40085K(41680K) Class: 5887K(7424K)->5887K(7424K)
[2024-06-02T17:04:25.603-0300][gc            ] GC(143) Pause Young (Normal) (G1 Evacuation Pause) 338M->284M(1024M) 22,405ms
[2024-06-02T17:04:25.603-0300][gc,cpu        ] GC(143) User=0,07s Sys=0,00s Real=0,03s
[2024-06-02T17:04:54.922-0300][gc,start      ] GC(144) Pause Young (Normal) (G1 Evacuation Pause)
[2024-06-02T17:04:54.922-0300][gc,task       ] GC(144) Using 4 workers of 4 for evacuation
[2024-06-02T17:04:54.942-0300][gc,mmu        ] GC(144) MMU target violated: 20,0ms (20,0ms/21,0ms)
[2024-06-02T17:04:54.942-0300][gc,phases     ] GC(144)   Pre Evacuate Collection Set: 0,1ms
[2024-06-02T17:04:54.942-0300][gc,phases     ] GC(144)   Evacuate Collection Set: 18,9ms
[2024-06-02T17:04:54.942-0300][gc,phases     ] GC(144)   Post Evacuate Collection Set: 0,9ms
[2024-06-02T17:04:54.942-0300][gc,phases     ] GC(144)   Other: 0,5ms
[2024-06-02T17:04:54.942-0300][gc,heap       ] GC(144) Eden regions: 46->0(49)
[2024-06-02T17:04:54.942-0300][gc,heap       ] GC(144) Survivor regions: 5->4(7)
[2024-06-02T17:04:54.942-0300][gc,heap       ] GC(144) Old regions: 153->154
[2024-06-02T17:04:54.942-0300][gc,heap       ] GC(144) Humongous regions: 129->129
[2024-06-02T17:04:54.942-0300][gc,metaspace  ] GC(144) Metaspace: 45972K(49104K)->45972K(49104K) NonClass: 40085K(41680K)->40085K(41680K) Class: 5887K(7424K)->5887K(7424K)
[2024-06-02T17:04:54.942-0300][gc            ] GC(144) Pause Young (Normal) (G1 Evacuation Pause) 330M->285M(1024M) 20,598ms
[2024-06-02T17:04:54.942-0300][gc,cpu        ] GC(144) User=0,07s Sys=0,00s Real=0,03s
[2024-06-02T17:05:25.514-0300][gc,start      ] GC(145) Pause Young (Normal) (G1 Evacuation Pause)
[2024-06-02T17:05:25.514-0300][gc,task       ] GC(145) Using 4 workers of 4 for evacuation
[2024-06-02T17:05:25.538-0300][gc,mmu        ] GC(145) MMU target violated: 21,0ms (20,0ms/21,0ms)
[2024-06-02T17:05:25.538-0300][gc,phases     ] GC(145)   Pre Evacuate Collection Set: 0,1ms
[2024-06-02T17:05:25.538-0300][gc,phases     ] GC(145)   Evacuate Collection Set: 22,3ms
[2024-06-02T17:05:25.538-0300][gc,phases     ] GC(145)   Post Evacuate Collection Set: 0,7ms
[2024-06-02T17:05:25.538-0300][gc,phases     ] GC(145)   Other: 0,4ms
[2024-06-02T17:05:25.538-0300][gc,heap       ] GC(145) Eden regions: 47->0(49)
[2024-06-02T17:05:25.538-0300][gc,heap       ] GC(145) Survivor regions: 4->5(7)
[2024-06-02T17:05:25.538-0300][gc,heap       ] GC(145) Old regions: 154->154
[2024-06-02T17:05:25.538-0300][gc,heap       ] GC(145) Humongous regions: 129->129
[2024-06-02T17:05:25.538-0300][gc,metaspace  ] GC(145) Metaspace: 45972K(49104K)->45972K(49104K) NonClass: 40085K(41680K)->40085K(41680K) Class: 5887K(7424K)->5887K(7424K)
[2024-06-02T17:05:25.538-0300][gc            ] GC(145) Pause Young (Normal) (G1 Evacuation Pause) 332M->285M(1024M) 23,578ms
[2024-06-02T17:05:25.538-0300][gc,cpu        ] GC(145) User=0,07s Sys=0,00s Real=0,02s
[2024-06-02T17:05:54.922-0300][gc,start      ] GC(146) Pause Young (Normal) (G1 Evacuation Pause)
[2024-06-02T17:05:54.922-0300][gc,task       ] GC(146) Using 4 workers of 4 for evacuation
[2024-06-02T17:05:54.944-0300][gc,mmu        ] GC(146) MMU target violated: 21,0ms (20,0ms/21,0ms)
[2024-06-02T17:05:54.944-0300][gc,phases     ] GC(146)   Pre Evacuate Collection Set: 0,1ms
[2024-06-02T17:05:54.944-0300][gc,phases     ] GC(146)   Evacuate Collection Set: 20,3ms
[2024-06-02T17:05:54.944-0300][gc,phases     ] GC(146)   Post Evacuate Collection Set: 1,1ms
[2024-06-02T17:05:54.944-0300][gc,phases     ] GC(146)   Other: 0,6ms
[2024-06-02T17:05:54.944-0300][gc,heap       ] GC(146) Eden regions: 46->0(50)
[2024-06-02T17:05:54.944-0300][gc,heap       ] GC(146) Survivor regions: 5->5(7)
[2024-06-02T17:05:54.944-0300][gc,heap       ] GC(146) Old regions: 154->156
[2024-06-02T17:05:54.944-0300][gc,heap       ] GC(146) Humongous regions: 129->129
[2024-06-02T17:05:54.944-0300][gc,metaspace  ] GC(146) Metaspace: 45977K(49104K)->45977K(49104K) NonClass: 40089K(41680K)->40089K(41680K) Class: 5887K(7424K)->5887K(7424K)
[2024-06-02T17:05:54.944-0300][gc            ] GC(146) Pause Young (Normal) (G1 Evacuation Pause) 331M->287M(1024M) 22,231ms
[2024-06-02T17:05:54.944-0300][gc,cpu        ] GC(146) User=0,08s Sys=0,00s Real=0,03s
[2024-06-02T17:06:24.921-0300][gc,start      ] GC(147) Pause Young (Normal) (G1 Evacuation Pause)
[2024-06-02T17:06:24.921-0300][gc,task       ] GC(147) Using 4 workers of 4 for evacuation
[2024-06-02T17:06:24.930-0300][gc,phases     ] GC(147)   Pre Evacuate Collection Set: 0,0ms
[2024-06-02T17:06:24.930-0300][gc,phases     ] GC(147)   Evacuate Collection Set: 8,4ms
[2024-06-02T17:06:24.930-0300][gc,phases     ] GC(147)   Post Evacuate Collection Set: 0,3ms
[2024-06-02T17:06:24.930-0300][gc,phases     ] GC(147)   Other: 0,2ms
[2024-06-02T17:06:24.930-0300][gc,heap       ] GC(147) Eden regions: 50->0(54)
[2024-06-02T17:06:24.930-0300][gc,heap       ] GC(147) Survivor regions: 5->4(7)
[2024-06-02T17:06:24.930-0300][gc,heap       ] GC(147) Old regions: 156->157
[2024-06-02T17:06:24.930-0300][gc,heap       ] GC(147) Humongous regions: 129->129
[2024-06-02T17:06:24.930-0300][gc,metaspace  ] GC(147) Metaspace: 45977K(49104K)->45977K(49104K) NonClass: 40089K(41680K)->40089K(41680K) Class: 5887K(7424K)->5887K(7424K)
[2024-06-02T17:06:24.930-0300][gc            ] GC(147) Pause Young (Normal) (G1 Evacuation Pause) 337M->288M(1024M) 8,992ms
[2024-06-02T17:06:24.930-0300][gc,cpu        ] GC(147) User=0,01s Sys=0,01s Real=0,02s
[2024-06-02T17:06:57.010-0300][gc,start      ] GC(148) Pause Young (Normal) (G1 Evacuation Pause)
[2024-06-02T17:06:57.010-0300][gc,task       ] GC(148) Using 4 workers of 4 for evacuation
[2024-06-02T17:06:57.021-0300][gc,phases     ] GC(148)   Pre Evacuate Collection Set: 0,0ms
[2024-06-02T17:06:57.021-0300][gc,phases     ] GC(148)   Evacuate Collection Set: 10,1ms
[2024-06-02T17:06:57.021-0300][gc,phases     ] GC(148)   Post Evacuate Collection Set: 0,5ms
[2024-06-02T17:06:57.021-0300][gc,phases     ] GC(148)   Other: 0,2ms
[2024-06-02T17:06:57.021-0300][gc,heap       ] GC(148) Eden regions: 54->0(59)
[2024-06-02T17:06:57.021-0300][gc,heap       ] GC(148) Survivor regions: 4->6(8)
[2024-06-02T17:06:57.021-0300][gc,heap       ] GC(148) Old regions: 157->157
[2024-06-02T17:06:57.021-0300][gc,heap       ] GC(148) Humongous regions: 129->129
[2024-06-02T17:06:57.021-0300][gc,metaspace  ] GC(148) Metaspace: 45979K(49104K)->45979K(49104K) NonClass: 40091K(41680K)->40091K(41680K) Class: 5887K(7424K)->5887K(7424K)
[2024-06-02T17:06:57.021-0300][gc            ] GC(148) Pause Young (Normal) (G1 Evacuation Pause) 342M->289M(1024M) 10,900ms
[2024-06-02T17:06:57.021-0300][gc,cpu        ] GC(148) User=0,03s Sys=0,00s Real=0,00s
[2024-06-02T17:07:31.227-0300][gc,start      ] GC(149) Pause Young (Normal) (G1 Evacuation Pause)
[2024-06-02T17:07:31.227-0300][gc,task       ] GC(149) Using 4 workers of 4 for evacuation
[2024-06-02T17:07:31.245-0300][gc,phases     ] GC(149)   Pre Evacuate Collection Set: 0,0ms
[2024-06-02T17:07:31.245-0300][gc,phases     ] GC(149)   Evacuate Collection Set: 17,5ms
[2024-06-02T17:07:31.245-0300][gc,phases     ] GC(149)   Post Evacuate Collection Set: 0,5ms
[2024-06-02T17:07:31.245-0300][gc,phases     ] GC(149)   Other: 0,2ms
[2024-06-02T17:07:31.245-0300][gc,heap       ] GC(149) Eden regions: 54->0(63)
[2024-06-02T17:07:31.245-0300][gc,heap       ] GC(149) Survivor regions: 6->6(8)
[2024-06-02T17:07:31.245-0300][gc,heap       ] GC(149) Old regions: 157->158
[2024-06-02T17:07:31.245-0300][gc,heap       ] GC(149) Humongous regions: 129->129
[2024-06-02T17:07:31.245-0300][gc,metaspace  ] GC(149) Metaspace: 45979K(49104K)->45979K(49104K) NonClass: 40091K(41680K)->40091K(41680K) Class: 5887K(7424K)->5887K(7424K)
[2024-06-02T17:07:31.245-0300][gc            ] GC(149) Pause Young (Normal) (G1 Evacuation Pause) 343M->290M(1024M) 18,324ms
[2024-06-02T17:07:31.245-0300][gc,cpu        ] GC(149) User=0,04s Sys=0,00s Real=0,02s
[2024-06-02T17:08:11.621-0300][gc,start      ] GC(150) Pause Young (Normal) (G1 Evacuation Pause)
[2024-06-02T17:08:11.621-0300][gc,task       ] GC(150) Using 4 workers of 4 for evacuation
[2024-06-02T17:08:11.644-0300][gc,mmu        ] GC(150) MMU target violated: 21,0ms (20,0ms/21,0ms)
[2024-06-02T17:08:11.644-0300][gc,phases     ] GC(150)   Pre Evacuate Collection Set: 0,0ms
[2024-06-02T17:08:11.644-0300][gc,phases     ] GC(150)   Evacuate Collection Set: 21,7ms
[2024-06-02T17:08:11.644-0300][gc,phases     ] GC(150)   Post Evacuate Collection Set: 0,6ms
[2024-06-02T17:08:11.644-0300][gc,phases     ] GC(150)   Other: 0,5ms
[2024-06-02T17:08:11.644-0300][gc,heap       ] GC(150) Eden regions: 63->0(57)
[2024-06-02T17:08:11.644-0300][gc,heap       ] GC(150) Survivor regions: 6->6(9)
[2024-06-02T17:08:11.644-0300][gc,heap       ] GC(150) Old regions: 158->159
[2024-06-02T17:08:11.644-0300][gc,heap       ] GC(150) Humongous regions: 129->129
[2024-06-02T17:08:11.644-0300][gc,metaspace  ] GC(150) Metaspace: 45979K(49104K)->45979K(49104K) NonClass: 40091K(41680K)->40091K(41680K) Class: 5887K(7424K)->5887K(7424K)
[2024-06-02T17:08:11.644-0300][gc            ] GC(150) Pause Young (Normal) (G1 Evacuation Pause) 353M->291M(1024M) 22,996ms
[2024-06-02T17:08:11.644-0300][gc,cpu        ] GC(150) User=0,08s Sys=0,00s Real=0,03s
[2024-06-02T17:08:47.726-0300][gc,start      ] GC(151) Pause Young (Normal) (G1 Evacuation Pause)
[2024-06-02T17:08:47.727-0300][gc,task       ] GC(151) Using 4 workers of 4 for evacuation
[2024-06-02T17:08:47.743-0300][gc,phases     ] GC(151)   Pre Evacuate Collection Set: 0,0ms
[2024-06-02T17:08:47.743-0300][gc,phases     ] GC(151)   Evacuate Collection Set: 15,2ms
[2024-06-02T17:08:47.743-0300][gc,phases     ] GC(151)   Post Evacuate Collection Set: 0,6ms
[2024-06-02T17:08:47.743-0300][gc,phases     ] GC(151)   Other: 0,3ms
[2024-06-02T17:08:47.743-0300][gc,heap       ] GC(151) Eden regions: 57->0(61)
[2024-06-02T17:08:47.743-0300][gc,heap       ] GC(151) Survivor regions: 6->5(8)
[2024-06-02T17:08:47.743-0300][gc,heap       ] GC(151) Old regions: 159->160
[2024-06-02T17:08:47.743-0300][gc,heap       ] GC(151) Humongous regions: 129->129
[2024-06-02T17:08:47.743-0300][gc,metaspace  ] GC(151) Metaspace: 45981K(49104K)->45981K(49104K) NonClass: 40093K(41680K)->40093K(41680K) Class: 5887K(7424K)->5887K(7424K)
[2024-06-02T17:08:47.743-0300][gc            ] GC(151) Pause Young (Normal) (G1 Evacuation Pause) 348M->292M(1024M) 16,344ms
[2024-06-02T17:08:47.743-0300][gc,cpu        ] GC(151) User=0,06s Sys=0,00s Real=0,02s
[2024-06-02T17:09:26.931-0300][gc,start      ] GC(152) Pause Young (Normal) (G1 Evacuation Pause)
[2024-06-02T17:09:26.931-0300][gc,task       ] GC(152) Using 4 workers of 4 for evacuation
[2024-06-02T17:09:26.952-0300][gc,mmu        ] GC(152) MMU target violated: 21,0ms (20,0ms/21,0ms)
[2024-06-02T17:09:26.952-0300][gc,phases     ] GC(152)   Pre Evacuate Collection Set: 0,1ms
[2024-06-02T17:09:26.952-0300][gc,phases     ] GC(152)   Evacuate Collection Set: 20,4ms
[2024-06-02T17:09:26.952-0300][gc,phases     ] GC(152)   Post Evacuate Collection Set: 0,9ms
[2024-06-02T17:09:26.952-0300][gc,phases     ] GC(152)   Other: 0,5ms
[2024-06-02T17:09:26.952-0300][gc,heap       ] GC(152) Eden regions: 61->0(57)
[2024-06-02T17:09:26.952-0300][gc,heap       ] GC(152) Survivor regions: 5->6(9)
[2024-06-02T17:09:26.952-0300][gc,heap       ] GC(152) Old regions: 160->160
[2024-06-02T17:09:26.952-0300][gc,heap       ] GC(152) Humongous regions: 129->129
[2024-06-02T17:09:26.952-0300][gc,metaspace  ] GC(152) Metaspace: 45985K(49104K)->45985K(49104K) NonClass: 40097K(41680K)->40097K(41680K) Class: 5887K(7424K)->5887K(7424K)
[2024-06-02T17:09:26.953-0300][gc            ] GC(152) Pause Young (Normal) (G1 Evacuation Pause) 353M->293M(1024M) 21,860ms
[2024-06-02T17:09:26.953-0300][gc,cpu        ] GC(152) User=0,07s Sys=0,00s Real=0,02s
[2024-06-02T17:10:03.884-0300][gc,start      ] GC(153) Pause Young (Normal) (G1 Evacuation Pause)
[2024-06-02T17:10:03.884-0300][gc,task       ] GC(153) Using 4 workers of 4 for evacuation
[2024-06-02T17:10:03.893-0300][gc,phases     ] GC(153)   Pre Evacuate Collection Set: 0,0ms
[2024-06-02T17:10:03.893-0300][gc,phases     ] GC(153)   Evacuate Collection Set: 8,2ms
[2024-06-02T17:10:03.893-0300][gc,phases     ] GC(153)   Post Evacuate Collection Set: 0,4ms
[2024-06-02T17:10:03.893-0300][gc,phases     ] GC(153)   Other: 0,2ms
[2024-06-02T17:10:03.893-0300][gc,heap       ] GC(153) Eden regions: 57->0(63)
[2024-06-02T17:10:03.893-0300][gc,heap       ] GC(153) Survivor regions: 6->5(8)
[2024-06-02T17:10:03.893-0300][gc,heap       ] GC(153) Old regions: 160->162
[2024-06-02T17:10:03.893-0300][gc,heap       ] GC(153) Humongous regions: 129->129
[2024-06-02T17:10:03.893-0300][gc,metaspace  ] GC(153) Metaspace: 45986K(49104K)->45986K(49104K) NonClass: 40098K(41680K)->40098K(41680K) Class: 5887K(7424K)->5887K(7424K)
[2024-06-02T17:10:03.893-0300][gc            ] GC(153) Pause Young (Normal) (G1 Evacuation Pause) 350M->294M(1024M) 8,856ms
[2024-06-02T17:10:03.893-0300][gc,cpu        ] GC(153) User=0,02s Sys=0,01s Real=0,01s
[2024-06-02T17:10:44.449-0300][gc,start      ] GC(154) Pause Young (Normal) (G1 Evacuation Pause)
[2024-06-02T17:10:44.449-0300][gc,task       ] GC(154) Using 4 workers of 4 for evacuation
[2024-06-02T17:10:44.463-0300][gc,phases     ] GC(154)   Pre Evacuate Collection Set: 0,0ms
[2024-06-02T17:10:44.463-0300][gc,phases     ] GC(154)   Evacuate Collection Set: 13,2ms
[2024-06-02T17:10:44.463-0300][gc,phases     ] GC(154)   Post Evacuate Collection Set: 0,8ms
[2024-06-02T17:10:44.463-0300][gc,phases     ] GC(154)   Other: 0,3ms
[2024-06-02T17:10:44.463-0300][gc,heap       ] GC(154) Eden regions: 63->0(67)
[2024-06-02T17:10:44.463-0300][gc,heap       ] GC(154) Survivor regions: 5->7(9)
[2024-06-02T17:10:44.463-0300][gc,heap       ] GC(154) Old regions: 162->162
[2024-06-02T17:10:44.463-0300][gc,heap       ] GC(154) Humongous regions: 129->129
[2024-06-02T17:10:44.463-0300][gc,metaspace  ] GC(154) Metaspace: 45986K(49104K)->45986K(49104K) NonClass: 40098K(41680K)->40098K(41680K) Class: 5887K(7424K)->5887K(7424K)
[2024-06-02T17:10:44.463-0300][gc            ] GC(154) Pause Young (Normal) (G1 Evacuation Pause) 357M->295M(1024M) 14,488ms
[2024-06-02T17:10:44.463-0300][gc,cpu        ] GC(154) User=0,05s Sys=0,00s Real=0,02s
[2024-06-02T17:11:27.783-0300][gc,start      ] GC(155) Pause Young (Normal) (G1 Evacuation Pause)
[2024-06-02T17:11:27.784-0300][gc,task       ] GC(155) Using 4 workers of 4 for evacuation
[2024-06-02T17:11:27.808-0300][gc,mmu        ] GC(155) MMU target violated: 21,0ms (20,0ms/21,0ms)
[2024-06-02T17:11:27.808-0300][gc,phases     ] GC(155)   Pre Evacuate Collection Set: 0,1ms
[2024-06-02T17:11:27.808-0300][gc,phases     ] GC(155)   Evacuate Collection Set: 22,8ms
[2024-06-02T17:11:27.808-0300][gc,phases     ] GC(155)   Post Evacuate Collection Set: 1,0ms
[2024-06-02T17:11:27.808-0300][gc,phases     ] GC(155)   Other: 0,5ms
[2024-06-02T17:11:27.808-0300][gc,heap       ] GC(155) Eden regions: 67->0(61)
[2024-06-02T17:11:27.808-0300][gc,heap       ] GC(155) Survivor regions: 7->7(10)
[2024-06-02T17:11:27.808-0300][gc,heap       ] GC(155) Old regions: 162->163
[2024-06-02T17:11:27.808-0300][gc,heap       ] GC(155) Humongous regions: 129->129
[2024-06-02T17:11:27.808-0300][gc,metaspace  ] GC(155) Metaspace: 45986K(49104K)->45986K(49104K) NonClass: 40098K(41680K)->40098K(41680K) Class: 5887K(7424K)->5887K(7424K)
[2024-06-02T17:11:27.808-0300][gc            ] GC(155) Pause Young (Normal) (G1 Evacuation Pause) 362M->297M(1024M) 24,572ms
[2024-06-02T17:11:27.808-0300][gc,cpu        ] GC(155) User=0,09s Sys=0,00s Real=0,02s
[2024-06-02T17:12:07.148-0300][gc,start      ] GC(156) Pause Young (Normal) (G1 Evacuation Pause)
[2024-06-02T17:12:07.148-0300][gc,task       ] GC(156) Using 4 workers of 4 for evacuation
[2024-06-02T17:12:07.174-0300][gc,mmu        ] GC(156) MMU target violated: 21,0ms (20,0ms/21,0ms)
[2024-06-02T17:12:07.174-0300][gc,phases     ] GC(156)   Pre Evacuate Collection Set: 0,1ms
[2024-06-02T17:12:07.174-0300][gc,phases     ] GC(156)   Evacuate Collection Set: 24,2ms
[2024-06-02T17:12:07.174-0300][gc,phases     ] GC(156)   Post Evacuate Collection Set: 1,0ms
[2024-06-02T17:12:07.174-0300][gc,phases     ] GC(156)   Other: 0,5ms
[2024-06-02T17:12:07.174-0300][gc,heap       ] GC(156) Eden regions: 61->0(50)
[2024-06-02T17:12:07.174-0300][gc,heap       ] GC(156) Survivor regions: 7->6(9)
[2024-06-02T17:12:07.174-0300][gc,heap       ] GC(156) Old regions: 163->166
[2024-06-02T17:12:07.174-0300][gc,heap       ] GC(156) Humongous regions: 129->129
[2024-06-02T17:12:07.174-0300][gc,metaspace  ] GC(156) Metaspace: 45988K(49104K)->45988K(49104K) NonClass: 40100K(41680K)->40100K(41680K) Class: 5887K(7424K)->5887K(7424K)
[2024-06-02T17:12:07.174-0300][gc            ] GC(156) Pause Young (Normal) (G1 Evacuation Pause) 358M->298M(1024M) 26,008ms
[2024-06-02T17:12:07.174-0300][gc,cpu        ] GC(156) User=0,09s Sys=0,00s Real=0,03s
[2024-06-02T17:12:39.360-0300][gc,start      ] GC(157) Pause Young (Normal) (G1 Evacuation Pause)
[2024-06-02T17:12:39.360-0300][gc,task       ] GC(157) Using 4 workers of 4 for evacuation
[2024-06-02T17:12:39.382-0300][gc,mmu        ] GC(157) MMU target violated: 21,0ms (20,0ms/21,0ms)
[2024-06-02T17:12:39.382-0300][gc,phases     ] GC(157)   Pre Evacuate Collection Set: 0,1ms
[2024-06-02T17:12:39.382-0300][gc,phases     ] GC(157)   Evacuate Collection Set: 20,1ms
[2024-06-02T17:12:39.382-0300][gc,phases     ] GC(157)   Post Evacuate Collection Set: 1,0ms
[2024-06-02T17:12:39.382-0300][gc,phases     ] GC(157)   Other: 0,5ms
[2024-06-02T17:12:39.382-0300][gc,heap       ] GC(157) Eden regions: 50->0(53)
[2024-06-02T17:12:39.382-0300][gc,heap       ] GC(157) Survivor regions: 6->5(7)
[2024-06-02T17:12:39.382-0300][gc,heap       ] GC(157) Old regions: 166->168
[2024-06-02T17:12:39.382-0300][gc,heap       ] GC(157) Humongous regions: 129->129
[2024-06-02T17:12:39.382-0300][gc,metaspace  ] GC(157) Metaspace: 45988K(49104K)->45988K(49104K) NonClass: 40100K(41680K)->40100K(41680K) Class: 5887K(7424K)->5887K(7424K)
[2024-06-02T17:12:39.382-0300][gc            ] GC(157) Pause Young (Normal) (G1 Evacuation Pause) 348M->299M(1024M) 21,814ms
[2024-06-02T17:12:39.382-0300][gc,cpu        ] GC(157) User=0,08s Sys=0,00s Real=0,02s
[2024-06-02T17:13:12.312-0300][gc,start      ] GC(158) Pause Young (Normal) (G1 Evacuation Pause)
[2024-06-02T17:13:12.312-0300][gc,task       ] GC(158) Using 4 workers of 4 for evacuation
[2024-06-02T17:13:12.328-0300][gc,phases     ] GC(158)   Pre Evacuate Collection Set: 0,1ms
[2024-06-02T17:13:12.329-0300][gc,phases     ] GC(158)   Evacuate Collection Set: 14,8ms
[2024-06-02T17:13:12.329-0300][gc,phases     ] GC(158)   Post Evacuate Collection Set: 0,9ms
[2024-06-02T17:13:12.329-0300][gc,phases     ] GC(158)   Other: 0,4ms
[2024-06-02T17:13:12.329-0300][gc,heap       ] GC(158) Eden regions: 53->0(54)
[2024-06-02T17:13:12.329-0300][gc,heap       ] GC(158) Survivor regions: 5->5(8)
[2024-06-02T17:13:12.329-0300][gc,heap       ] GC(158) Old regions: 168->168
[2024-06-02T17:13:12.329-0300][gc,heap       ] GC(158) Humongous regions: 129->129
[2024-06-02T17:13:12.329-0300][gc,metaspace  ] GC(158) Metaspace: 45988K(49104K)->45988K(49104K) NonClass: 40100K(41680K)->40100K(41680K) Class: 5887K(7424K)->5887K(7424K)
[2024-06-02T17:13:12.329-0300][gc            ] GC(158) Pause Young (Normal) (G1 Evacuation Pause) 352M->299M(1024M) 16,430ms
[2024-06-02T17:13:12.329-0300][gc,cpu        ] GC(158) User=0,06s Sys=0,00s Real=0,01s
[2024-06-02T17:13:46.872-0300][gc,start      ] GC(159) Pause Young (Normal) (G1 Evacuation Pause)
[2024-06-02T17:13:46.872-0300][gc,task       ] GC(159) Using 4 workers of 4 for evacuation
[2024-06-02T17:13:46.892-0300][gc,phases     ] GC(159)   Pre Evacuate Collection Set: 0,0ms
[2024-06-02T17:13:46.892-0300][gc,phases     ] GC(159)   Evacuate Collection Set: 18,5ms
[2024-06-02T17:13:46.892-0300][gc,phases     ] GC(159)   Post Evacuate Collection Set: 0,9ms
[2024-06-02T17:13:46.892-0300][gc,phases     ] GC(159)   Other: 0,4ms
[2024-06-02T17:13:46.892-0300][gc,heap       ] GC(159) Eden regions: 54->0(55)
[2024-06-02T17:13:46.892-0300][gc,heap       ] GC(159) Survivor regions: 5->5(8)
[2024-06-02T17:13:46.892-0300][gc,heap       ] GC(159) Old regions: 168->170
[2024-06-02T17:13:46.892-0300][gc,heap       ] GC(159) Humongous regions: 129->129
[2024-06-02T17:13:46.892-0300][gc,metaspace  ] GC(159) Metaspace: 45988K(49104K)->45988K(49104K) NonClass: 40100K(41680K)->40100K(41680K) Class: 5887K(7424K)->5887K(7424K)
[2024-06-02T17:13:46.892-0300][gc            ] GC(159) Pause Young (Normal) (G1 Evacuation Pause) 353M->301M(1024M) 20,034ms
[2024-06-02T17:13:46.892-0300][gc,cpu        ] GC(159) User=0,07s Sys=0,00s Real=0,02s
[2024-06-02T17:14:21.986-0300][gc,start      ] GC(160) Pause Young (Normal) (G1 Evacuation Pause)
[2024-06-02T17:14:21.986-0300][gc,task       ] GC(160) Using 4 workers of 4 for evacuation
[2024-06-02T17:14:22.004-0300][gc,phases     ] GC(160)   Pre Evacuate Collection Set: 0,1ms
[2024-06-02T17:14:22.005-0300][gc,phases     ] GC(160)   Evacuate Collection Set: 17,0ms
[2024-06-02T17:14:22.005-0300][gc,phases     ] GC(160)   Post Evacuate Collection Set: 1,1ms
[2024-06-02T17:14:22.005-0300][gc,phases     ] GC(160)   Other: 0,4ms
[2024-06-02T17:14:22.005-0300][gc,heap       ] GC(160) Eden regions: 55->0(56)
[2024-06-02T17:14:22.005-0300][gc,heap       ] GC(160) Survivor regions: 5->6(8)
[2024-06-02T17:14:22.005-0300][gc,heap       ] GC(160) Old regions: 170->170
[2024-06-02T17:14:22.005-0300][gc,heap       ] GC(160) Humongous regions: 129->129
[2024-06-02T17:14:22.005-0300][gc,metaspace  ] GC(160) Metaspace: 45988K(49104K)->45988K(49104K) NonClass: 40100K(41680K)->40100K(41680K) Class: 5887K(7424K)->5887K(7424K)
[2024-06-02T17:14:22.005-0300][gc            ] GC(160) Pause Young (Normal) (G1 Evacuation Pause) 356M->302M(1024M) 18,670ms
[2024-06-02T17:14:22.005-0300][gc,cpu        ] GC(160) User=0,07s Sys=0,00s Real=0,02s
[2024-06-02T17:14:59.082-0300][gc,start      ] GC(161) Pause Young (Normal) (G1 Evacuation Pause)
[2024-06-02T17:14:59.082-0300][gc,task       ] GC(161) Using 4 workers of 4 for evacuation
[2024-06-02T17:14:59.104-0300][gc,mmu        ] GC(161) MMU target violated: 21,0ms (20,0ms/21,0ms)
[2024-06-02T17:14:59.104-0300][gc,phases     ] GC(161)   Pre Evacuate Collection Set: 0,1ms
[2024-06-02T17:14:59.104-0300][gc,phases     ] GC(161)   Evacuate Collection Set: 20,8ms
[2024-06-02T17:14:59.105-0300][gc,phases     ] GC(161)   Post Evacuate Collection Set: 1,1ms
[2024-06-02T17:14:59.105-0300][gc,phases     ] GC(161)   Other: 0,6ms
[2024-06-02T17:14:59.105-0300][gc,heap       ] GC(161) Eden regions: 56->0(55)
[2024-06-02T17:14:59.105-0300][gc,heap       ] GC(161) Survivor regions: 6->5(8)
[2024-06-02T17:14:59.105-0300][gc,heap       ] GC(161) Old regions: 170->171
[2024-06-02T17:14:59.105-0300][gc,heap       ] GC(161) Humongous regions: 129->129
[2024-06-02T17:14:59.105-0300][gc,metaspace  ] GC(161) Metaspace: 45988K(49104K)->45988K(49104K) NonClass: 40100K(41680K)->40100K(41680K) Class: 5887K(7424K)->5887K(7424K)
[2024-06-02T17:14:59.105-0300][gc            ] GC(161) Pause Young (Normal) (G1 Evacuation Pause) 358M->303M(1024M) 22,752ms
[2024-06-02T17:14:59.105-0300][gc,cpu        ] GC(161) User=0,08s Sys=0,00s Real=0,03s
[2024-06-02T17:15:24.196-0300][gc,start      ] GC(162) Pause Young (Normal) (G1 Evacuation Pause)
[2024-06-02T17:15:24.196-0300][gc,task       ] GC(162) Using 4 workers of 4 for evacuation
[2024-06-02T17:15:24.203-0300][gc,phases     ] GC(162)   Pre Evacuate Collection Set: 0,0ms
[2024-06-02T17:15:24.203-0300][gc,phases     ] GC(162)   Evacuate Collection Set: 6,8ms
[2024-06-02T17:15:24.203-0300][gc,phases     ] GC(162)   Post Evacuate Collection Set: 0,4ms
[2024-06-02T17:15:24.203-0300][gc,phases     ] GC(162)   Other: 0,1ms
[2024-06-02T17:15:24.203-0300][gc,heap       ] GC(162) Eden regions: 46->0(52)
[2024-06-02T17:15:24.203-0300][gc,heap       ] GC(162) Survivor regions: 5->5(7)
[2024-06-02T17:15:24.203-0300][gc,heap       ] GC(162) Old regions: 171->172
[2024-06-02T17:15:24.203-0300][gc,heap       ] GC(162) Humongous regions: 129->129
[2024-06-02T17:15:24.203-0300][gc,metaspace  ] GC(162) Metaspace: 47062K(50384K)->47062K(50384K) NonClass: 40925K(42704K)->40925K(42704K) Class: 6137K(7680K)->6137K(7680K)
[2024-06-02T17:15:24.203-0300][gc            ] GC(162) Pause Young (Normal) (G1 Evacuation Pause) 349M->304M(1024M) 7,497ms
[2024-06-02T17:15:24.203-0300][gc,cpu        ] GC(162) User=0,02s Sys=0,00s Real=0,01s
[2024-06-02T17:15:24.214-0300][gc,heap,exit  ] Heap
[2024-06-02T17:15:24.214-0300][gc,heap,exit  ]  garbage-first heap   total 1048576K, used 312928K [0x00000000c0000000, 0x0000000100000000)
[2024-06-02T17:15:24.214-0300][gc,heap,exit  ]   region size 1024K, 7 young (7168K), 5 survivors (5120K)
[2024-06-02T17:15:24.214-0300][gc,heap,exit  ]  Metaspace       used 47091K, capacity 50219K, committed 50384K, reserved 1091584K
[2024-06-02T17:15:24.214-0300][gc,heap,exit  ]   class space    used 6147K, capacity 7661K, committed 7680K, reserved 1048576K
