[2024-06-03T20:51:45.829-0300][gc,heap] Heap region size: 1M
[2024-06-03T20:51:45.841-0300][gc     ] Using G1
[2024-06-03T20:51:45.841-0300][gc,heap,coops] Heap address: 0x00000000c0000000, size: 1024 MB, Compressed Oops mode: 32-bit
[2024-06-03T20:51:45.841-0300][gc,cds       ] Mark closed archive regions in map: [0x00000000fff00000, 0x00000000fff6bff8]
[2024-06-03T20:51:45.841-0300][gc,cds       ] Mark open archive regions in map: [0x00000000ffe00000, 0x00000000ffe47ff8]
[2024-06-03T20:51:46.766-0300][gc,start     ] GC(0) Pause Young (Normal) (G1 Evacuation Pause)
[2024-06-03T20:51:46.766-0300][gc,task      ] GC(0) Using 4 workers of 4 for evacuation
[2024-06-03T20:51:46.773-0300][gc,phases    ] GC(0)   Pre Evacuate Collection Set: 0,0ms
[2024-06-03T20:51:46.773-0300][gc,phases    ] GC(0)   Evacuate Collection Set: 6,0ms
[2024-06-03T20:51:46.773-0300][gc,phases    ] GC(0)   Post Evacuate Collection Set: 0,5ms
[2024-06-03T20:51:46.773-0300][gc,phases    ] GC(0)   Other: 0,7ms
[2024-06-03T20:51:46.773-0300][gc,heap      ] GC(0) Eden regions: 51->0(44)
[2024-06-03T20:51:46.773-0300][gc,heap      ] GC(0) Survivor regions: 0->7(7)
[2024-06-03T20:51:46.773-0300][gc,heap      ] GC(0) Old regions: 2->3
[2024-06-03T20:51:46.773-0300][gc,heap      ] GC(0) Humongous regions: 0->0
[2024-06-03T20:51:46.773-0300][gc,metaspace ] GC(0) Metaspace: 14167K(15104K)->14167K(15104K) NonClass: 12423K(13056K)->12423K(13056K) Class: 1744K(2048K)->1744K(2048K)
[2024-06-03T20:51:46.773-0300][gc           ] GC(0) Pause Young (Normal) (G1 Evacuation Pause) 51M->7M(1024M) 7,261ms
[2024-06-03T20:51:46.773-0300][gc,cpu       ] GC(0) User=0,03s Sys=0,00s Real=0,01s
[2024-06-03T20:51:47.208-0300][gc,start     ] GC(1) Pause Young (Concurrent Start) (Metadata GC Threshold)
[2024-06-03T20:51:47.208-0300][gc,task      ] GC(1) Using 4 workers of 4 for evacuation
[2024-06-03T20:51:47.221-0300][gc,phases    ] GC(1)   Pre Evacuate Collection Set: 0,0ms
[2024-06-03T20:51:47.221-0300][gc,phases    ] GC(1)   Evacuate Collection Set: 12,1ms
[2024-06-03T20:51:47.221-0300][gc,phases    ] GC(1)   Post Evacuate Collection Set: 0,4ms
[2024-06-03T20:51:47.221-0300][gc,phases    ] GC(1)   Other: 0,2ms
[2024-06-03T20:51:47.221-0300][gc,heap      ] GC(1) Eden regions: 29->0(49)
[2024-06-03T20:51:47.221-0300][gc,heap      ] GC(1) Survivor regions: 7->2(7)
[2024-06-03T20:51:47.221-0300][gc,heap      ] GC(1) Old regions: 3->10
[2024-06-03T20:51:47.221-0300][gc,heap      ] GC(1) Humongous regions: 0->0
[2024-06-03T20:51:47.221-0300][gc,metaspace ] GC(1) Metaspace: 20465K(21296K)->20465K(21296K) NonClass: 18007K(18608K)->18007K(18608K) Class: 2457K(2688K)->2457K(2688K)
[2024-06-03T20:51:47.221-0300][gc           ] GC(1) Pause Young (Concurrent Start) (Metadata GC Threshold) 36M->9M(1024M) 12,785ms
[2024-06-03T20:51:47.221-0300][gc,cpu       ] GC(1) User=0,03s Sys=0,01s Real=0,02s
[2024-06-03T20:51:47.221-0300][gc           ] GC(2) Concurrent Cycle
[2024-06-03T20:51:47.221-0300][gc,marking   ] GC(2) Concurrent Clear Claimed Marks
[2024-06-03T20:51:47.221-0300][gc,marking   ] GC(2) Concurrent Clear Claimed Marks 0,069ms
[2024-06-03T20:51:47.221-0300][gc,marking   ] GC(2) Concurrent Scan Root Regions
[2024-06-03T20:51:47.222-0300][gc,marking   ] GC(2) Concurrent Scan Root Regions 0,934ms
[2024-06-03T20:51:47.222-0300][gc,marking   ] GC(2) Concurrent Mark (1,396s)
[2024-06-03T20:51:47.222-0300][gc,marking   ] GC(2) Concurrent Mark From Roots
[2024-06-03T20:51:47.222-0300][gc,task      ] GC(2) Using 1 workers of 1 for marking
[2024-06-03T20:51:47.231-0300][gc,marking   ] GC(2) Concurrent Mark From Roots 9,492ms
[2024-06-03T20:51:47.231-0300][gc,marking   ] GC(2) Concurrent Preclean
[2024-06-03T20:51:47.232-0300][gc,marking   ] GC(2) Concurrent Preclean 0,144ms
[2024-06-03T20:51:47.232-0300][gc,marking   ] GC(2) Concurrent Mark (1,396s, 1,406s) 9,691ms
[2024-06-03T20:51:47.232-0300][gc,start     ] GC(2) Pause Remark
[2024-06-03T20:51:47.234-0300][gc,stringtable] GC(2) Cleaned string and symbol table, strings: 5798 processed, 0 removed, symbols: 53914 processed, 43 removed
[2024-06-03T20:51:47.235-0300][gc            ] GC(2) Pause Remark 10M->10M(1024M) 3,057ms
[2024-06-03T20:51:47.235-0300][gc,cpu        ] GC(2) User=0,01s Sys=0,00s Real=0,01s
[2024-06-03T20:51:47.235-0300][gc,marking    ] GC(2) Concurrent Rebuild Remembered Sets
[2024-06-03T20:51:47.241-0300][gc,marking    ] GC(2) Concurrent Rebuild Remembered Sets 5,964ms
[2024-06-03T20:51:47.241-0300][gc,start      ] GC(2) Pause Cleanup
[2024-06-03T20:51:47.241-0300][gc            ] GC(2) Pause Cleanup 10M->10M(1024M) 0,187ms
[2024-06-03T20:51:47.241-0300][gc,cpu        ] GC(2) User=0,00s Sys=0,00s Real=0,00s
[2024-06-03T20:51:47.241-0300][gc,marking    ] GC(2) Concurrent Cleanup for Next Mark
[2024-06-03T20:51:47.254-0300][gc,marking    ] GC(2) Concurrent Cleanup for Next Mark 12,442ms
[2024-06-03T20:51:47.254-0300][gc            ] GC(2) Concurrent Cycle 33,004ms
[2024-06-03T20:51:47.911-0300][gc,start      ] GC(3) Pause Young (Normal) (G1 Evacuation Pause)
[2024-06-03T20:51:47.911-0300][gc,task       ] GC(3) Using 4 workers of 4 for evacuation
[2024-06-03T20:51:47.916-0300][gc,phases     ] GC(3)   Pre Evacuate Collection Set: 0,0ms
[2024-06-03T20:51:47.916-0300][gc,phases     ] GC(3)   Evacuate Collection Set: 4,0ms
[2024-06-03T20:51:47.916-0300][gc,phases     ] GC(3)   Post Evacuate Collection Set: 0,4ms
[2024-06-03T20:51:47.916-0300][gc,phases     ] GC(3)   Other: 0,1ms
[2024-06-03T20:51:47.916-0300][gc,heap       ] GC(3) Eden regions: 49->0(47)
[2024-06-03T20:51:47.916-0300][gc,heap       ] GC(3) Survivor regions: 2->4(7)
[2024-06-03T20:51:47.916-0300][gc,heap       ] GC(3) Old regions: 10->10
[2024-06-03T20:51:47.916-0300][gc,heap       ] GC(3) Humongous regions: 129->129
[2024-06-03T20:51:47.916-0300][gc,metaspace  ] GC(3) Metaspace: 28888K(30208K)->28888K(30208K) NonClass: 25528K(26368K)->25528K(26368K) Class: 3360K(3840K)->3360K(3840K)
[2024-06-03T20:51:47.916-0300][gc            ] GC(3) Pause Young (Normal) (G1 Evacuation Pause) 187M->140M(1024M) 4,627ms
[2024-06-03T20:51:47.916-0300][gc,cpu        ] GC(3) User=0,01s Sys=0,00s Real=0,01s
[2024-06-03T20:51:48.428-0300][gc,start      ] GC(4) Pause Young (Concurrent Start) (Metadata GC Threshold)
[2024-06-03T20:51:48.429-0300][gc,task       ] GC(4) Using 4 workers of 4 for evacuation
[2024-06-03T20:51:48.441-0300][gc,phases     ] GC(4)   Pre Evacuate Collection Set: 0,2ms
[2024-06-03T20:51:48.441-0300][gc,phases     ] GC(4)   Evacuate Collection Set: 10,7ms
[2024-06-03T20:51:48.441-0300][gc,phases     ] GC(4)   Post Evacuate Collection Set: 0,9ms
[2024-06-03T20:51:48.441-0300][gc,phases     ] GC(4)   Other: 0,4ms
[2024-06-03T20:51:48.441-0300][gc,heap       ] GC(4) Eden regions: 35->0(44)
[2024-06-03T20:51:48.441-0300][gc,heap       ] GC(4) Survivor regions: 4->7(7)
[2024-06-03T20:51:48.441-0300][gc,heap       ] GC(4) Old regions: 10->10
[2024-06-03T20:51:48.441-0300][gc,heap       ] GC(4) Humongous regions: 129->129
[2024-06-03T20:51:48.441-0300][gc,metaspace  ] GC(4) Metaspace: 34651K(36048K)->34651K(36048K) NonClass: 30662K(31440K)->30662K(31440K) Class: 3989K(4608K)->3989K(4608K)
[2024-06-03T20:51:48.441-0300][gc            ] GC(4) Pause Young (Concurrent Start) (Metadata GC Threshold) 175M->143M(1024M) 12,331ms
[2024-06-03T20:51:48.441-0300][gc,cpu        ] GC(4) User=0,04s Sys=0,00s Real=0,02s
[2024-06-03T20:51:48.441-0300][gc            ] GC(5) Concurrent Cycle
[2024-06-03T20:51:48.441-0300][gc,marking    ] GC(5) Concurrent Clear Claimed Marks
[2024-06-03T20:51:48.441-0300][gc,marking    ] GC(5) Concurrent Clear Claimed Marks 0,158ms
[2024-06-03T20:51:48.441-0300][gc,marking    ] GC(5) Concurrent Scan Root Regions
[2024-06-03T20:51:48.447-0300][gc,marking    ] GC(5) Concurrent Scan Root Regions 5,535ms
[2024-06-03T20:51:48.447-0300][gc,marking    ] GC(5) Concurrent Mark (2,621s)
[2024-06-03T20:51:48.447-0300][gc,marking    ] GC(5) Concurrent Mark From Roots
[2024-06-03T20:51:48.447-0300][gc,task       ] GC(5) Using 1 workers of 1 for marking
[2024-06-03T20:51:48.458-0300][gc,marking    ] GC(5) Concurrent Mark From Roots 11,763ms
[2024-06-03T20:51:48.458-0300][gc,marking    ] GC(5) Concurrent Preclean
[2024-06-03T20:51:48.459-0300][gc,marking    ] GC(5) Concurrent Preclean 0,129ms
[2024-06-03T20:51:48.459-0300][gc,marking    ] GC(5) Concurrent Mark (2,621s, 2,633s) 11,945ms
[2024-06-03T20:51:48.459-0300][gc,start      ] GC(5) Pause Remark
[2024-06-03T20:51:48.464-0300][gc,stringtable] GC(5) Cleaned string and symbol table, strings: 11716 processed, 23 removed, symbols: 88611 processed, 17 removed
[2024-06-03T20:51:48.464-0300][gc            ] GC(5) Pause Remark 144M->144M(1024M) 5,676ms
[2024-06-03T20:51:48.464-0300][gc,cpu        ] GC(5) User=0,01s Sys=0,00s Real=0,01s
[2024-06-03T20:51:48.465-0300][gc,marking    ] GC(5) Concurrent Rebuild Remembered Sets
[2024-06-03T20:51:48.470-0300][gc,marking    ] GC(5) Concurrent Rebuild Remembered Sets 5,320ms
[2024-06-03T20:51:48.470-0300][gc,start      ] GC(5) Pause Cleanup
[2024-06-03T20:51:48.470-0300][gc            ] GC(5) Pause Cleanup 145M->145M(1024M) 0,157ms
[2024-06-03T20:51:48.470-0300][gc,cpu        ] GC(5) User=0,00s Sys=0,00s Real=0,00s
[2024-06-03T20:51:48.470-0300][gc,marking    ] GC(5) Concurrent Cleanup for Next Mark
[2024-06-03T20:51:48.477-0300][gc,marking    ] GC(5) Concurrent Cleanup for Next Mark 7,172ms
[2024-06-03T20:51:48.478-0300][gc            ] GC(5) Concurrent Cycle 36,627ms
[2024-06-03T20:52:46.382-0300][gc,start      ] GC(6) Pause Young (Normal) (G1 Evacuation Pause)
[2024-06-03T20:52:46.382-0300][gc,task       ] GC(6) Using 4 workers of 4 for evacuation
[2024-06-03T20:52:46.392-0300][gc,phases     ] GC(6)   Pre Evacuate Collection Set: 0,0ms
[2024-06-03T20:52:46.392-0300][gc,phases     ] GC(6)   Evacuate Collection Set: 8,9ms
[2024-06-03T20:52:46.392-0300][gc,phases     ] GC(6)   Post Evacuate Collection Set: 0,5ms
[2024-06-03T20:52:46.392-0300][gc,phases     ] GC(6)   Other: 0,2ms
[2024-06-03T20:52:46.392-0300][gc,heap       ] GC(6) Eden regions: 44->0(45)
[2024-06-03T20:52:46.392-0300][gc,heap       ] GC(6) Survivor regions: 7->6(7)
[2024-06-03T20:52:46.392-0300][gc,heap       ] GC(6) Old regions: 10->14
[2024-06-03T20:52:46.392-0300][gc,heap       ] GC(6) Humongous regions: 129->129
[2024-06-03T20:52:46.392-0300][gc,metaspace  ] GC(6) Metaspace: 41303K(43728K)->41303K(43728K) NonClass: 36030K(37328K)->36030K(37328K) Class: 5272K(6400K)->5272K(6400K)
[2024-06-03T20:52:46.392-0300][gc            ] GC(6) Pause Young (Normal) (G1 Evacuation Pause) 187M->146M(1024M) 9,686ms
[2024-06-03T20:52:46.392-0300][gc,cpu        ] GC(6) User=0,03s Sys=0,00s Real=0,00s
[2024-06-03T21:00:02.673-0300][gc,start      ] GC(7) Pause Young (Normal) (G1 Evacuation Pause)
[2024-06-03T21:00:02.673-0300][gc,task       ] GC(7) Using 4 workers of 4 for evacuation
[2024-06-03T21:00:02.694-0300][gc,mmu        ] GC(7) MMU target violated: 21,0ms (20,0ms/21,0ms)
[2024-06-03T21:00:02.695-0300][gc,phases     ] GC(7)   Pre Evacuate Collection Set: 0,0ms
[2024-06-03T21:00:02.695-0300][gc,phases     ] GC(7)   Evacuate Collection Set: 20,1ms
[2024-06-03T21:00:02.695-0300][gc,phases     ] GC(7)   Post Evacuate Collection Set: 1,4ms
[2024-06-03T21:00:02.695-0300][gc,phases     ] GC(7)   Other: 0,4ms
[2024-06-03T21:00:02.695-0300][gc,heap       ] GC(7) Eden regions: 45->0(45)
[2024-06-03T21:00:02.695-0300][gc,heap       ] GC(7) Survivor regions: 6->6(7)
[2024-06-03T21:00:02.695-0300][gc,heap       ] GC(7) Old regions: 14->17
[2024-06-03T21:00:02.695-0300][gc,heap       ] GC(7) Humongous regions: 129->129
[2024-06-03T21:00:02.695-0300][gc,metaspace  ] GC(7) Metaspace: 45066K(47824K)->45066K(47824K) NonClass: 39253K(40656K)->39253K(40656K) Class: 5813K(7168K)->5813K(7168K)
[2024-06-03T21:00:02.695-0300][gc            ] GC(7) Pause Young (Normal) (G1 Evacuation Pause) 191M->149M(1024M) 22,130ms
[2024-06-03T21:00:02.695-0300][gc,cpu        ] GC(7) User=0,07s Sys=0,01s Real=0,02s
[2024-06-03T21:11:41.620-0300][gc,start      ] GC(8) Pause Young (Normal) (G1 Evacuation Pause)
[2024-06-03T21:11:41.620-0300][gc,task       ] GC(8) Using 4 workers of 4 for evacuation
[2024-06-03T21:11:41.632-0300][gc,phases     ] GC(8)   Pre Evacuate Collection Set: 0,0ms
[2024-06-03T21:11:41.632-0300][gc,phases     ] GC(8)   Evacuate Collection Set: 10,9ms
[2024-06-03T21:11:41.632-0300][gc,phases     ] GC(8)   Post Evacuate Collection Set: 0,7ms
[2024-06-03T21:11:41.632-0300][gc,phases     ] GC(8)   Other: 0,3ms
[2024-06-03T21:11:41.632-0300][gc,heap       ] GC(8) Eden regions: 45->0(47)
[2024-06-03T21:11:41.632-0300][gc,heap       ] GC(8) Survivor regions: 6->4(7)
[2024-06-03T21:11:41.632-0300][gc,heap       ] GC(8) Old regions: 17->19
[2024-06-03T21:11:41.632-0300][gc,heap       ] GC(8) Humongous regions: 129->129
[2024-06-03T21:11:41.632-0300][gc,metaspace  ] GC(8) Metaspace: 45326K(48464K)->45326K(48464K) NonClass: 39482K(41168K)->39482K(41168K) Class: 5844K(7296K)->5844K(7296K)
[2024-06-03T21:11:41.632-0300][gc            ] GC(8) Pause Young (Normal) (G1 Evacuation Pause) 194M->150M(1024M) 12,066ms
[2024-06-03T21:11:41.632-0300][gc,cpu        ] GC(8) User=0,04s Sys=0,01s Real=0,01s
[2024-06-03T21:24:47.856-0300][gc,start      ] GC(9) Pause Young (Normal) (G1 Evacuation Pause)
[2024-06-03T21:24:47.857-0300][gc,task       ] GC(9) Using 4 workers of 4 for evacuation
[2024-06-03T21:24:47.869-0300][gc,phases     ] GC(9)   Pre Evacuate Collection Set: 0,1ms
[2024-06-03T21:24:47.869-0300][gc,phases     ] GC(9)   Evacuate Collection Set: 10,9ms
[2024-06-03T21:24:47.869-0300][gc,phases     ] GC(9)   Post Evacuate Collection Set: 1,6ms
[2024-06-03T21:24:47.869-0300][gc,phases     ] GC(9)   Other: 0,4ms
[2024-06-03T21:24:47.869-0300][gc,heap       ] GC(9) Eden regions: 47->0(47)
[2024-06-03T21:24:47.870-0300][gc,heap       ] GC(9) Survivor regions: 4->4(7)
[2024-06-03T21:24:47.870-0300][gc,heap       ] GC(9) Old regions: 19->19
[2024-06-03T21:24:47.870-0300][gc,heap       ] GC(9) Humongous regions: 129->129
[2024-06-03T21:24:47.870-0300][gc,metaspace  ] GC(9) Metaspace: 45429K(48464K)->45429K(48464K) NonClass: 39584K(41168K)->39584K(41168K) Class: 5844K(7296K)->5844K(7296K)
[2024-06-03T21:24:47.870-0300][gc            ] GC(9) Pause Young (Normal) (G1 Evacuation Pause) 197M->149M(1024M) 13,142ms
[2024-06-03T21:24:47.870-0300][gc,cpu        ] GC(9) User=0,05s Sys=0,00s Real=0,01s
[2024-06-03T21:38:32.925-0300][gc,start      ] GC(10) Pause Young (Normal) (G1 Evacuation Pause)
[2024-06-03T21:38:32.925-0300][gc,task       ] GC(10) Using 4 workers of 4 for evacuation
[2024-06-03T21:38:32.939-0300][gc,phases     ] GC(10)   Pre Evacuate Collection Set: 0,1ms
[2024-06-03T21:38:32.940-0300][gc,phases     ] GC(10)   Evacuate Collection Set: 12,0ms
[2024-06-03T21:38:32.940-0300][gc,phases     ] GC(10)   Post Evacuate Collection Set: 1,6ms
[2024-06-03T21:38:32.940-0300][gc,phases     ] GC(10)   Other: 0,4ms
[2024-06-03T21:38:32.940-0300][gc,heap       ] GC(10) Eden regions: 47->0(46)
[2024-06-03T21:38:32.940-0300][gc,heap       ] GC(10) Survivor regions: 4->5(7)
[2024-06-03T21:38:32.940-0300][gc,heap       ] GC(10) Old regions: 19->19
[2024-06-03T21:38:32.940-0300][gc,heap       ] GC(10) Humongous regions: 129->129
[2024-06-03T21:38:32.940-0300][gc,metaspace  ] GC(10) Metaspace: 45577K(48720K)->45577K(48720K) NonClass: 39733K(41424K)->39733K(41424K) Class: 5844K(7296K)->5844K(7296K)
[2024-06-03T21:38:32.940-0300][gc            ] GC(10) Pause Young (Normal) (G1 Evacuation Pause) 196M->150M(1024M) 14,297ms
[2024-06-03T21:38:32.940-0300][gc,cpu        ] GC(10) User=0,05s Sys=0,00s Real=0,01s
[2024-06-03T21:51:47.988-0300][gc,start      ] GC(11) Pause Young (Normal) (G1 Evacuation Pause)
[2024-06-03T21:51:47.988-0300][gc,task       ] GC(11) Using 4 workers of 4 for evacuation
[2024-06-03T21:51:48.003-0300][gc,phases     ] GC(11)   Pre Evacuate Collection Set: 0,1ms
[2024-06-03T21:51:48.003-0300][gc,phases     ] GC(11)   Evacuate Collection Set: 12,8ms
[2024-06-03T21:51:48.003-0300][gc,phases     ] GC(11)   Post Evacuate Collection Set: 1,8ms
[2024-06-03T21:51:48.003-0300][gc,phases     ] GC(11)   Other: 0,4ms
[2024-06-03T21:51:48.003-0300][gc,heap       ] GC(11) Eden regions: 46->0(47)
[2024-06-03T21:51:48.003-0300][gc,heap       ] GC(11) Survivor regions: 5->4(7)
[2024-06-03T21:51:48.003-0300][gc,heap       ] GC(11) Old regions: 19->20
[2024-06-03T21:51:48.003-0300][gc,heap       ] GC(11) Humongous regions: 129->129
[2024-06-03T21:51:48.003-0300][gc,metaspace  ] GC(11) Metaspace: 45635K(48720K)->45635K(48720K) NonClass: 39791K(41424K)->39791K(41424K) Class: 5844K(7296K)->5844K(7296K)
[2024-06-03T21:51:48.003-0300][gc            ] GC(11) Pause Young (Normal) (G1 Evacuation Pause) 196M->150M(1024M) 15,197ms
[2024-06-03T21:51:48.003-0300][gc,cpu        ] GC(11) User=0,06s Sys=0,00s Real=0,02s
[2024-06-03T22:04:46.620-0300][gc,start      ] GC(12) Pause Young (Normal) (G1 Evacuation Pause)
[2024-06-03T22:04:46.620-0300][gc,task       ] GC(12) Using 4 workers of 4 for evacuation
[2024-06-03T22:04:46.626-0300][gc,phases     ] GC(12)   Pre Evacuate Collection Set: 0,0ms
[2024-06-03T22:04:46.626-0300][gc,phases     ] GC(12)   Evacuate Collection Set: 4,3ms
[2024-06-03T22:04:46.626-0300][gc,phases     ] GC(12)   Post Evacuate Collection Set: 1,5ms
[2024-06-03T22:04:46.626-0300][gc,phases     ] GC(12)   Other: 0,2ms
[2024-06-03T22:04:46.626-0300][gc,heap       ] GC(12) Eden regions: 47->0(50)
[2024-06-03T22:04:46.626-0300][gc,heap       ] GC(12) Survivor regions: 4->3(7)
[2024-06-03T22:04:46.626-0300][gc,heap       ] GC(12) Old regions: 20->20
[2024-06-03T22:04:46.626-0300][gc,heap       ] GC(12) Humongous regions: 129->129
[2024-06-03T22:04:46.626-0300][gc,metaspace  ] GC(12) Metaspace: 45752K(48720K)->45752K(48720K) NonClass: 39887K(41424K)->39887K(41424K) Class: 5864K(7296K)->5864K(7296K)
[2024-06-03T22:04:46.626-0300][gc            ] GC(12) Pause Young (Normal) (G1 Evacuation Pause) 197M->150M(1024M) 6,106ms
[2024-06-03T22:04:46.626-0300][gc,cpu        ] GC(12) User=0,01s Sys=0,00s Real=0,01s
[2024-06-03T22:19:06.705-0300][gc,start      ] GC(13) Pause Young (Normal) (G1 Evacuation Pause)
[2024-06-03T22:19:06.705-0300][gc,task       ] GC(13) Using 4 workers of 4 for evacuation
[2024-06-03T22:19:06.713-0300][gc,phases     ] GC(13)   Pre Evacuate Collection Set: 0,1ms
[2024-06-03T22:19:06.713-0300][gc,phases     ] GC(13)   Evacuate Collection Set: 6,4ms
[2024-06-03T22:19:06.713-0300][gc,phases     ] GC(13)   Post Evacuate Collection Set: 1,4ms
[2024-06-03T22:19:06.713-0300][gc,phases     ] GC(13)   Other: 0,4ms
[2024-06-03T22:19:06.713-0300][gc,heap       ] GC(13) Eden regions: 50->0(60)
[2024-06-03T22:19:06.713-0300][gc,heap       ] GC(13) Survivor regions: 3->3(7)
[2024-06-03T22:19:06.713-0300][gc,heap       ] GC(13) Old regions: 20->20
[2024-06-03T22:19:06.713-0300][gc,heap       ] GC(13) Humongous regions: 129->129
[2024-06-03T22:19:06.713-0300][gc,metaspace  ] GC(13) Metaspace: 45800K(48720K)->45800K(48720K) NonClass: 39935K(41424K)->39935K(41424K) Class: 5864K(7296K)->5864K(7296K)
[2024-06-03T22:19:06.713-0300][gc            ] GC(13) Pause Young (Normal) (G1 Evacuation Pause) 200M->149M(1024M) 8,503ms
[2024-06-03T22:19:06.713-0300][gc,cpu        ] GC(13) User=0,02s Sys=0,00s Real=0,01s
[2024-06-03T22:36:24.116-0300][gc,start      ] GC(14) Pause Young (Normal) (G1 Evacuation Pause)
[2024-06-03T22:36:24.116-0300][gc,task       ] GC(14) Using 4 workers of 4 for evacuation
[2024-06-03T22:36:24.127-0300][gc,phases     ] GC(14)   Pre Evacuate Collection Set: 0,1ms
[2024-06-03T22:36:24.127-0300][gc,phases     ] GC(14)   Evacuate Collection Set: 8,9ms
[2024-06-03T22:36:24.127-0300][gc,phases     ] GC(14)   Post Evacuate Collection Set: 1,4ms
[2024-06-03T22:36:24.127-0300][gc,phases     ] GC(14)   Other: 0,4ms
[2024-06-03T22:36:24.127-0300][gc,heap       ] GC(14) Eden regions: 60->0(247)
[2024-06-03T22:36:24.127-0300][gc,heap       ] GC(14) Survivor regions: 3->3(8)
[2024-06-03T22:36:24.127-0300][gc,heap       ] GC(14) Old regions: 20->20
[2024-06-03T22:36:24.127-0300][gc,heap       ] GC(14) Humongous regions: 129->129
[2024-06-03T22:36:24.127-0300][gc,metaspace  ] GC(14) Metaspace: 45859K(48976K)->45859K(48976K) NonClass: 39992K(41680K)->39992K(41680K) Class: 5867K(7296K)->5867K(7296K)
[2024-06-03T22:36:24.127-0300][gc            ] GC(14) Pause Young (Normal) (G1 Evacuation Pause) 209M->150M(1024M) 11,108ms
[2024-06-03T22:36:24.127-0300][gc,cpu        ] GC(14) User=0,04s Sys=0,00s Real=0,01s
[2024-06-03T23:21:49.835-0300][gc,start      ] GC(15) Pause Young (Normal) (G1 Evacuation Pause)
[2024-06-03T23:21:49.835-0300][gc,task       ] GC(15) Using 4 workers of 4 for evacuation
[2024-06-03T23:21:49.854-0300][gc,phases     ] GC(15)   Pre Evacuate Collection Set: 0,0ms
[2024-06-03T23:21:49.854-0300][gc,phases     ] GC(15)   Evacuate Collection Set: 17,9ms
[2024-06-03T23:21:49.854-0300][gc,phases     ] GC(15)   Post Evacuate Collection Set: 0,7ms
[2024-06-03T23:21:49.854-0300][gc,phases     ] GC(15)   Other: 0,2ms
[2024-06-03T23:21:49.854-0300][gc,heap       ] GC(15) Eden regions: 162->0(103)
[2024-06-03T23:21:49.854-0300][gc,heap       ] GC(15) Survivor regions: 3->3(21)
[2024-06-03T23:21:49.854-0300][gc,heap       ] GC(15) Old regions: 20->20
[2024-06-03T23:21:49.854-0300][gc,heap       ] GC(15) Humongous regions: 129->129
[2024-06-03T23:21:49.854-0300][gc,metaspace  ] GC(15) Metaspace: 46372K(49744K)->46372K(49744K) NonClass: 40396K(42192K)->40396K(42192K) Class: 5975K(7552K)->5975K(7552K)
[2024-06-03T23:21:49.854-0300][gc            ] GC(15) Pause Young (Normal) (G1 Evacuation Pause) 312M->150M(1024M) 18,961ms
[2024-06-03T23:21:49.854-0300][gc,cpu        ] GC(15) User=0,01s Sys=0,00s Real=0,02s
[2024-06-03T23:21:50.134-0300][gc,heap,exit  ] Heap
[2024-06-03T23:21:50.135-0300][gc,heap,exit  ]  garbage-first heap   total 1048576K, used 161012K [0x00000000c0000000, 0x0000000100000000)
[2024-06-03T23:21:50.135-0300][gc,heap,exit  ]   region size 1024K, 11 young (11264K), 3 survivors (3072K)
[2024-06-03T23:21:50.135-0300][gc,heap,exit  ]  Metaspace       used 47072K, capacity 50181K, committed 50384K, reserved 1091584K
[2024-06-03T23:21:50.135-0300][gc,heap,exit  ]   class space    used 6129K, capacity 7648K, committed 7680K, reserved 1048576K
