[2024-06-04T19:11:50.611-0300][gc,heap] Heap region size: 1M
[2024-06-04T19:11:50.623-0300][gc     ] Using G1
[2024-06-04T19:11:50.623-0300][gc,heap,coops] Heap address: 0x00000000c0000000, size: 1024 MB, Compressed Oops mode: 32-bit
[2024-06-04T19:11:50.624-0300][gc,cds       ] Mark closed archive regions in map: [0x00000000fff00000, 0x00000000fff6bff8]
[2024-06-04T19:11:50.624-0300][gc,cds       ] Mark open archive regions in map: [0x00000000ffe00000, 0x00000000ffe47ff8]
[2024-06-04T19:11:51.517-0300][gc,start     ] GC(0) Pause Young (Normal) (G1 Evacuation Pause)
[2024-06-04T19:11:51.517-0300][gc,task      ] GC(0) Using 4 workers of 4 for evacuation
[2024-06-04T19:11:51.527-0300][gc,phases    ] GC(0)   Pre Evacuate Collection Set: 0,0ms
[2024-06-04T19:11:51.527-0300][gc,phases    ] GC(0)   Evacuate Collection Set: 9,1ms
[2024-06-04T19:11:51.527-0300][gc,phases    ] GC(0)   Post Evacuate Collection Set: 0,4ms
[2024-06-04T19:11:51.527-0300][gc,phases    ] GC(0)   Other: 0,6ms
[2024-06-04T19:11:51.527-0300][gc,heap      ] GC(0) Eden regions: 51->0(44)
[2024-06-04T19:11:51.527-0300][gc,heap      ] GC(0) Survivor regions: 0->7(7)
[2024-06-04T19:11:51.527-0300][gc,heap      ] GC(0) Old regions: 2->3
[2024-06-04T19:11:51.527-0300][gc,heap      ] GC(0) Humongous regions: 0->0
[2024-06-04T19:11:51.527-0300][gc,metaspace ] GC(0) Metaspace: 14158K(14848K)->14158K(14848K) NonClass: 12414K(12800K)->12414K(12800K) Class: 1744K(2048K)->1744K(2048K)
[2024-06-04T19:11:51.527-0300][gc           ] GC(0) Pause Young (Normal) (G1 Evacuation Pause) 51M->7M(1024M) 10,250ms
[2024-06-04T19:11:51.527-0300][gc,cpu       ] GC(0) User=0,03s Sys=0,01s Real=0,01s
[2024-06-04T19:11:52.045-0300][gc,start     ] GC(1) Pause Young (Concurrent Start) (Metadata GC Threshold)
[2024-06-04T19:11:52.045-0300][gc,task      ] GC(1) Using 4 workers of 4 for evacuation
[2024-06-04T19:11:52.059-0300][gc,phases    ] GC(1)   Pre Evacuate Collection Set: 0,1ms
[2024-06-04T19:11:52.059-0300][gc,phases    ] GC(1)   Evacuate Collection Set: 13,8ms
[2024-06-04T19:11:52.059-0300][gc,phases    ] GC(1)   Post Evacuate Collection Set: 0,4ms
[2024-06-04T19:11:52.059-0300][gc,phases    ] GC(1)   Other: 0,2ms
[2024-06-04T19:11:52.060-0300][gc,heap      ] GC(1) Eden regions: 29->0(49)
[2024-06-04T19:11:52.060-0300][gc,heap      ] GC(1) Survivor regions: 7->2(7)
[2024-06-04T19:11:52.060-0300][gc,heap      ] GC(1) Old regions: 3->10
[2024-06-04T19:11:52.060-0300][gc,heap      ] GC(1) Humongous regions: 0->0
[2024-06-04T19:11:52.060-0300][gc,metaspace ] GC(1) Metaspace: 20476K(21296K)->20476K(21296K) NonClass: 18018K(18608K)->18018K(18608K) Class: 2457K(2688K)->2457K(2688K)
[2024-06-04T19:11:52.060-0300][gc           ] GC(1) Pause Young (Concurrent Start) (Metadata GC Threshold) 36M->9M(1024M) 14,593ms
[2024-06-04T19:11:52.060-0300][gc,cpu       ] GC(1) User=0,04s Sys=0,00s Real=0,01s
[2024-06-04T19:11:52.060-0300][gc           ] GC(2) Concurrent Cycle
[2024-06-04T19:11:52.060-0300][gc,marking   ] GC(2) Concurrent Clear Claimed Marks
[2024-06-04T19:11:52.060-0300][gc,marking   ] GC(2) Concurrent Clear Claimed Marks 0,044ms
[2024-06-04T19:11:52.060-0300][gc,marking   ] GC(2) Concurrent Scan Root Regions
[2024-06-04T19:11:52.061-0300][gc,marking   ] GC(2) Concurrent Scan Root Regions 1,270ms
[2024-06-04T19:11:52.061-0300][gc,marking   ] GC(2) Concurrent Mark (1,453s)
[2024-06-04T19:11:52.061-0300][gc,marking   ] GC(2) Concurrent Mark From Roots
[2024-06-04T19:11:52.061-0300][gc,task      ] GC(2) Using 1 workers of 1 for marking
[2024-06-04T19:11:52.074-0300][gc,marking   ] GC(2) Concurrent Mark From Roots 12,795ms
[2024-06-04T19:11:52.074-0300][gc,marking   ] GC(2) Concurrent Preclean
[2024-06-04T19:11:52.074-0300][gc,marking   ] GC(2) Concurrent Preclean 0,091ms
[2024-06-04T19:11:52.074-0300][gc,marking   ] GC(2) Concurrent Mark (1,453s, 1,466s) 12,938ms
[2024-06-04T19:11:52.074-0300][gc,start     ] GC(2) Pause Remark
[2024-06-04T19:11:52.078-0300][gc,stringtable] GC(2) Cleaned string and symbol table, strings: 5798 processed, 0 removed, symbols: 53914 processed, 43 removed
[2024-06-04T19:11:52.078-0300][gc            ] GC(2) Pause Remark 10M->10M(1024M) 4,128ms
[2024-06-04T19:11:52.078-0300][gc,cpu        ] GC(2) User=0,01s Sys=0,00s Real=0,00s
[2024-06-04T19:11:52.078-0300][gc,marking    ] GC(2) Concurrent Rebuild Remembered Sets
[2024-06-04T19:11:52.084-0300][gc,marking    ] GC(2) Concurrent Rebuild Remembered Sets 5,179ms
[2024-06-04T19:11:52.084-0300][gc,start      ] GC(2) Pause Cleanup
[2024-06-04T19:11:52.085-0300][gc            ] GC(2) Pause Cleanup 10M->10M(1024M) 0,436ms
[2024-06-04T19:11:52.085-0300][gc,cpu        ] GC(2) User=0,00s Sys=0,00s Real=0,00s
[2024-06-04T19:11:52.085-0300][gc,marking    ] GC(2) Concurrent Cleanup for Next Mark
[2024-06-04T19:11:52.095-0300][gc,marking    ] GC(2) Concurrent Cleanup for Next Mark 10,002ms
[2024-06-04T19:11:52.095-0300][gc            ] GC(2) Concurrent Cycle 35,408ms
[2024-06-04T19:11:52.729-0300][gc,start      ] GC(3) Pause Young (Normal) (G1 Evacuation Pause)
[2024-06-04T19:11:52.729-0300][gc,task       ] GC(3) Using 4 workers of 4 for evacuation
[2024-06-04T19:11:52.734-0300][gc,phases     ] GC(3)   Pre Evacuate Collection Set: 0,0ms
[2024-06-04T19:11:52.734-0300][gc,phases     ] GC(3)   Evacuate Collection Set: 3,7ms
[2024-06-04T19:11:52.734-0300][gc,phases     ] GC(3)   Post Evacuate Collection Set: 0,4ms
[2024-06-04T19:11:52.734-0300][gc,phases     ] GC(3)   Other: 0,1ms
[2024-06-04T19:11:52.734-0300][gc,heap       ] GC(3) Eden regions: 49->0(47)
[2024-06-04T19:11:52.734-0300][gc,heap       ] GC(3) Survivor regions: 2->4(7)
[2024-06-04T19:11:52.734-0300][gc,heap       ] GC(3) Old regions: 10->10
[2024-06-04T19:11:52.734-0300][gc,heap       ] GC(3) Humongous regions: 129->129
[2024-06-04T19:11:52.734-0300][gc,metaspace  ] GC(3) Metaspace: 28885K(30128K)->28885K(30128K) NonClass: 25525K(26288K)->25525K(26288K) Class: 3360K(3840K)->3360K(3840K)
[2024-06-04T19:11:52.734-0300][gc            ] GC(3) Pause Young (Normal) (G1 Evacuation Pause) 187M->140M(1024M) 4,251ms
[2024-06-04T19:11:52.734-0300][gc,cpu        ] GC(3) User=0,01s Sys=0,00s Real=0,00s
[2024-06-04T19:11:53.120-0300][gc,start      ] GC(4) Pause Young (Concurrent Start) (Metadata GC Threshold)
[2024-06-04T19:11:53.120-0300][gc,task       ] GC(4) Using 4 workers of 4 for evacuation
[2024-06-04T19:11:53.128-0300][gc,phases     ] GC(4)   Pre Evacuate Collection Set: 0,1ms
[2024-06-04T19:11:53.128-0300][gc,phases     ] GC(4)   Evacuate Collection Set: 6,9ms
[2024-06-04T19:11:53.128-0300][gc,phases     ] GC(4)   Post Evacuate Collection Set: 0,9ms
[2024-06-04T19:11:53.128-0300][gc,phases     ] GC(4)   Other: 0,3ms
[2024-06-04T19:11:53.128-0300][gc,heap       ] GC(4) Eden regions: 32->0(44)
[2024-06-04T19:11:53.128-0300][gc,heap       ] GC(4) Survivor regions: 4->7(7)
[2024-06-04T19:11:53.128-0300][gc,heap       ] GC(4) Old regions: 10->11
[2024-06-04T19:11:53.128-0300][gc,heap       ] GC(4) Humongous regions: 129->129
[2024-06-04T19:11:53.128-0300][gc,metaspace  ] GC(4) Metaspace: 34250K(35632K)->34250K(35632K) NonClass: 30364K(31152K)->30364K(31152K) Class: 3885K(4480K)->3885K(4480K)
[2024-06-04T19:11:53.128-0300][gc            ] GC(4) Pause Young (Concurrent Start) (Metadata GC Threshold) 172M->143M(1024M) 8,321ms
[2024-06-04T19:11:53.128-0300][gc,cpu        ] GC(4) User=0,02s Sys=0,00s Real=0,01s
[2024-06-04T19:11:53.128-0300][gc            ] GC(5) Concurrent Cycle
[2024-06-04T19:11:53.128-0300][gc,marking    ] GC(5) Concurrent Clear Claimed Marks
[2024-06-04T19:11:53.128-0300][gc,marking    ] GC(5) Concurrent Clear Claimed Marks 0,198ms
[2024-06-04T19:11:53.128-0300][gc,marking    ] GC(5) Concurrent Scan Root Regions
[2024-06-04T19:11:53.134-0300][gc,marking    ] GC(5) Concurrent Scan Root Regions 5,454ms
[2024-06-04T19:11:53.134-0300][gc,marking    ] GC(5) Concurrent Mark (2,526s)
[2024-06-04T19:11:53.134-0300][gc,marking    ] GC(5) Concurrent Mark From Roots
[2024-06-04T19:11:53.134-0300][gc,task       ] GC(5) Using 1 workers of 1 for marking
[2024-06-04T19:11:53.151-0300][gc,marking    ] GC(5) Concurrent Mark From Roots 17,282ms
[2024-06-04T19:11:53.151-0300][gc,marking    ] GC(5) Concurrent Preclean
[2024-06-04T19:11:53.151-0300][gc,marking    ] GC(5) Concurrent Preclean 0,109ms
[2024-06-04T19:11:53.151-0300][gc,marking    ] GC(5) Concurrent Mark (2,526s, 2,544s) 17,434ms
[2024-06-04T19:11:53.151-0300][gc,start      ] GC(5) Pause Remark
[2024-06-04T19:11:53.155-0300][gc,stringtable] GC(5) Cleaned string and symbol table, strings: 11645 processed, 23 removed, symbols: 88638 processed, 19 removed
[2024-06-04T19:11:53.156-0300][gc            ] GC(5) Pause Remark 145M->145M(1024M) 4,128ms
[2024-06-04T19:11:53.156-0300][gc,cpu        ] GC(5) User=0,01s Sys=0,00s Real=0,00s
[2024-06-04T19:11:53.156-0300][gc,marking    ] GC(5) Concurrent Rebuild Remembered Sets
[2024-06-04T19:11:53.165-0300][gc,marking    ] GC(5) Concurrent Rebuild Remembered Sets 8,948ms
[2024-06-04T19:11:53.171-0300][gc,start      ] GC(5) Pause Cleanup
[2024-06-04T19:11:53.172-0300][gc            ] GC(5) Pause Cleanup 147M->147M(1024M) 0,215ms
[2024-06-04T19:11:53.172-0300][gc,cpu        ] GC(5) User=0,00s Sys=0,00s Real=0,00s
[2024-06-04T19:11:53.172-0300][gc,marking    ] GC(5) Concurrent Cleanup for Next Mark
[2024-06-04T19:11:53.180-0300][gc,marking    ] GC(5) Concurrent Cleanup for Next Mark 8,348ms
[2024-06-04T19:11:53.180-0300][gc            ] GC(5) Concurrent Cycle 52,169ms
[2024-06-04T19:13:05.585-0300][gc,start      ] GC(6) Pause Young (Normal) (G1 Evacuation Pause)
[2024-06-04T19:13:05.585-0300][gc,task       ] GC(6) Using 4 workers of 4 for evacuation
[2024-06-04T19:13:05.594-0300][gc,phases     ] GC(6)   Pre Evacuate Collection Set: 0,0ms
[2024-06-04T19:13:05.595-0300][gc,phases     ] GC(6)   Evacuate Collection Set: 9,1ms
[2024-06-04T19:13:05.595-0300][gc,phases     ] GC(6)   Post Evacuate Collection Set: 0,6ms
[2024-06-04T19:13:05.595-0300][gc,phases     ] GC(6)   Other: 0,2ms
[2024-06-04T19:13:05.595-0300][gc,heap       ] GC(6) Eden regions: 44->0(45)
[2024-06-04T19:13:05.595-0300][gc,heap       ] GC(6) Survivor regions: 7->6(7)
[2024-06-04T19:13:05.595-0300][gc,heap       ] GC(6) Old regions: 11->14
[2024-06-04T19:13:05.595-0300][gc,heap       ] GC(6) Humongous regions: 129->129
[2024-06-04T19:13:05.595-0300][gc,metaspace  ] GC(6) Metaspace: 41156K(43592K)->41156K(43592K) NonClass: 35896K(37192K)->35896K(37192K) Class: 5259K(6400K)->5259K(6400K)
[2024-06-04T19:13:05.595-0300][gc            ] GC(6) Pause Young (Normal) (G1 Evacuation Pause) 187M->146M(1024M) 9,997ms
[2024-06-04T19:13:05.595-0300][gc,cpu        ] GC(6) User=0,03s Sys=0,00s Real=0,01s
[2024-06-04T19:18:39.846-0300][gc,start      ] GC(7) Pause Young (Normal) (G1 Evacuation Pause)
[2024-06-04T19:18:39.846-0300][gc,task       ] GC(7) Using 4 workers of 4 for evacuation
[2024-06-04T19:18:39.866-0300][gc,phases     ] GC(7)   Pre Evacuate Collection Set: 0,0ms
[2024-06-04T19:18:39.866-0300][gc,phases     ] GC(7)   Evacuate Collection Set: 17,6ms
[2024-06-04T19:18:39.866-0300][gc,phases     ] GC(7)   Post Evacuate Collection Set: 1,6ms
[2024-06-04T19:18:39.866-0300][gc,phases     ] GC(7)   Other: 0,4ms
[2024-06-04T19:18:39.866-0300][gc,heap       ] GC(7) Eden regions: 45->0(46)
[2024-06-04T19:18:39.866-0300][gc,heap       ] GC(7) Survivor regions: 6->5(7)
[2024-06-04T19:18:39.866-0300][gc,heap       ] GC(7) Old regions: 14->17
[2024-06-04T19:18:39.866-0300][gc,heap       ] GC(7) Humongous regions: 129->129
[2024-06-04T19:18:39.866-0300][gc,metaspace  ] GC(7) Metaspace: 45191K(48328K)->45191K(48328K) NonClass: 39359K(41032K)->39359K(41032K) Class: 5831K(7296K)->5831K(7296K)
[2024-06-04T19:18:39.866-0300][gc            ] GC(7) Pause Young (Normal) (G1 Evacuation Pause) 191M->148M(1024M) 19,955ms
[2024-06-04T19:18:39.866-0300][gc,cpu        ] GC(7) User=0,07s Sys=0,00s Real=0,02s
[2024-06-04T19:30:37.574-0300][gc,start      ] GC(8) Pause Young (Normal) (G1 Evacuation Pause)
[2024-06-04T19:30:37.574-0300][gc,task       ] GC(8) Using 4 workers of 4 for evacuation
[2024-06-04T19:30:37.590-0300][gc,phases     ] GC(8)   Pre Evacuate Collection Set: 0,0ms
[2024-06-04T19:30:37.590-0300][gc,phases     ] GC(8)   Evacuate Collection Set: 14,6ms
[2024-06-04T19:30:37.590-0300][gc,phases     ] GC(8)   Post Evacuate Collection Set: 1,0ms
[2024-06-04T19:30:37.590-0300][gc,phases     ] GC(8)   Other: 0,3ms
[2024-06-04T19:30:37.590-0300][gc,heap       ] GC(8) Eden regions: 46->0(47)
[2024-06-04T19:30:37.590-0300][gc,heap       ] GC(8) Survivor regions: 5->4(7)
[2024-06-04T19:30:37.590-0300][gc,heap       ] GC(8) Old regions: 17->19
[2024-06-04T19:30:37.590-0300][gc,heap       ] GC(8) Humongous regions: 129->129
[2024-06-04T19:30:37.590-0300][gc,metaspace  ] GC(8) Metaspace: 45499K(48584K)->45499K(48584K) NonClass: 39629K(41288K)->39629K(41288K) Class: 5870K(7296K)->5870K(7296K)
[2024-06-04T19:30:37.590-0300][gc            ] GC(8) Pause Young (Normal) (G1 Evacuation Pause) 194M->149M(1024M) 16,148ms
[2024-06-04T19:30:37.590-0300][gc,cpu        ] GC(8) User=0,04s Sys=0,00s Real=0,02s
[2024-06-04T19:43:22.467-0300][gc,start      ] GC(9) Pause Young (Normal) (G1 Evacuation Pause)
[2024-06-04T19:43:22.467-0300][gc,task       ] GC(9) Using 4 workers of 4 for evacuation
[2024-06-04T19:43:22.472-0300][gc,phases     ] GC(9)   Pre Evacuate Collection Set: 0,0ms
[2024-06-04T19:43:22.472-0300][gc,phases     ] GC(9)   Evacuate Collection Set: 4,1ms
[2024-06-04T19:43:22.472-0300][gc,phases     ] GC(9)   Post Evacuate Collection Set: 0,9ms
[2024-06-04T19:43:22.472-0300][gc,phases     ] GC(9)   Other: 0,2ms
[2024-06-04T19:43:22.472-0300][gc,heap       ] GC(9) Eden regions: 47->0(47)
[2024-06-04T19:43:22.472-0300][gc,heap       ] GC(9) Survivor regions: 4->4(7)
[2024-06-04T19:43:22.472-0300][gc,heap       ] GC(9) Old regions: 19->19
[2024-06-04T19:43:22.472-0300][gc,heap       ] GC(9) Humongous regions: 129->129
[2024-06-04T19:43:22.472-0300][gc,metaspace  ] GC(9) Metaspace: 45649K(48584K)->45649K(48584K) NonClass: 39778K(41288K)->39778K(41288K) Class: 5871K(7296K)->5871K(7296K)
[2024-06-04T19:43:22.472-0300][gc            ] GC(9) Pause Young (Normal) (G1 Evacuation Pause) 196M->149M(1024M) 5,295ms
[2024-06-04T19:43:22.472-0300][gc,cpu        ] GC(9) User=0,01s Sys=0,00s Real=0,01s
[2024-06-04T19:56:48.214-0300][gc,start      ] GC(10) Pause Young (Normal) (G1 Evacuation Pause)
[2024-06-04T19:56:48.214-0300][gc,task       ] GC(10) Using 4 workers of 4 for evacuation
[2024-06-04T19:56:48.229-0300][gc,phases     ] GC(10)   Pre Evacuate Collection Set: 0,1ms
[2024-06-04T19:56:48.229-0300][gc,phases     ] GC(10)   Evacuate Collection Set: 12,0ms
[2024-06-04T19:56:48.229-0300][gc,phases     ] GC(10)   Post Evacuate Collection Set: 1,7ms
[2024-06-04T19:56:48.229-0300][gc,phases     ] GC(10)   Other: 0,4ms
[2024-06-04T19:56:48.229-0300][gc,heap       ] GC(10) Eden regions: 47->0(46)
[2024-06-04T19:56:48.229-0300][gc,heap       ] GC(10) Survivor regions: 4->5(7)
[2024-06-04T19:56:48.229-0300][gc,heap       ] GC(10) Old regions: 19->19
[2024-06-04T19:56:48.229-0300][gc,heap       ] GC(10) Humongous regions: 129->129
[2024-06-04T19:56:48.229-0300][gc,metaspace  ] GC(10) Metaspace: 45786K(48840K)->45786K(48840K) NonClass: 39914K(41544K)->39914K(41544K) Class: 5872K(7296K)->5872K(7296K)
[2024-06-04T19:56:48.229-0300][gc            ] GC(10) Pause Young (Normal) (G1 Evacuation Pause) 196M->150M(1024M) 14,442ms
[2024-06-04T19:56:48.229-0300][gc,cpu        ] GC(10) User=0,05s Sys=0,00s Real=0,02s
[2024-06-04T20:10:07.736-0300][gc,start      ] GC(11) Pause Young (Normal) (G1 Evacuation Pause)
[2024-06-04T20:10:07.736-0300][gc,task       ] GC(11) Using 4 workers of 4 for evacuation
[2024-06-04T20:10:07.750-0300][gc,phases     ] GC(11)   Pre Evacuate Collection Set: 0,1ms
[2024-06-04T20:10:07.750-0300][gc,phases     ] GC(11)   Evacuate Collection Set: 12,4ms
[2024-06-04T20:10:07.750-0300][gc,phases     ] GC(11)   Post Evacuate Collection Set: 1,1ms
[2024-06-04T20:10:07.750-0300][gc,phases     ] GC(11)   Other: 0,4ms
[2024-06-04T20:10:07.750-0300][gc,heap       ] GC(11) Eden regions: 46->0(48)
[2024-06-04T20:10:07.750-0300][gc,heap       ] GC(11) Survivor regions: 5->3(7)
[2024-06-04T20:10:07.750-0300][gc,heap       ] GC(11) Old regions: 19->20
[2024-06-04T20:10:07.750-0300][gc,heap       ] GC(11) Humongous regions: 129->129
[2024-06-04T20:10:07.750-0300][gc,metaspace  ] GC(11) Metaspace: 45916K(48840K)->45916K(48840K) NonClass: 40044K(41544K)->40044K(41544K) Class: 5872K(7296K)->5872K(7296K)
[2024-06-04T20:10:07.750-0300][gc            ] GC(11) Pause Young (Normal) (G1 Evacuation Pause) 196M->150M(1024M) 14,187ms
[2024-06-04T20:10:07.750-0300][gc,cpu        ] GC(11) User=0,05s Sys=0,00s Real=0,02s
[2024-06-04T20:23:08.394-0300][gc,start      ] GC(12) Pause Young (Normal) (G1 Evacuation Pause)
[2024-06-04T20:23:08.394-0300][gc,task       ] GC(12) Using 4 workers of 4 for evacuation
[2024-06-04T20:23:08.403-0300][gc,phases     ] GC(12)   Pre Evacuate Collection Set: 0,1ms
[2024-06-04T20:23:08.403-0300][gc,phases     ] GC(12)   Evacuate Collection Set: 7,4ms
[2024-06-04T20:23:08.403-0300][gc,phases     ] GC(12)   Post Evacuate Collection Set: 1,4ms
[2024-06-04T20:23:08.403-0300][gc,phases     ] GC(12)   Other: 0,4ms
[2024-06-04T20:23:08.403-0300][gc,heap       ] GC(12) Eden regions: 48->0(48)
[2024-06-04T20:23:08.403-0300][gc,heap       ] GC(12) Survivor regions: 3->3(7)
[2024-06-04T20:23:08.403-0300][gc,heap       ] GC(12) Old regions: 20->20
[2024-06-04T20:23:08.403-0300][gc,heap       ] GC(12) Humongous regions: 129->129
[2024-06-04T20:23:08.403-0300][gc,metaspace  ] GC(12) Metaspace: 46002K(49096K)->46002K(49096K) NonClass: 40122K(41800K)->40122K(41800K) Class: 5879K(7296K)->5879K(7296K)
[2024-06-04T20:23:08.403-0300][gc            ] GC(12) Pause Young (Normal) (G1 Evacuation Pause) 198M->150M(1024M) 9,456ms
[2024-06-04T20:23:08.403-0300][gc,cpu        ] GC(12) User=0,03s Sys=0,00s Real=0,01s
[2024-06-04T20:37:05.077-0300][gc,start      ] GC(13) Pause Young (Normal) (G1 Evacuation Pause)
[2024-06-04T20:37:05.077-0300][gc,task       ] GC(13) Using 4 workers of 4 for evacuation
[2024-06-04T20:37:05.085-0300][gc,phases     ] GC(13)   Pre Evacuate Collection Set: 0,1ms
[2024-06-04T20:37:05.085-0300][gc,phases     ] GC(13)   Evacuate Collection Set: 7,2ms
[2024-06-04T20:37:05.086-0300][gc,phases     ] GC(13)   Post Evacuate Collection Set: 1,1ms
[2024-06-04T20:37:05.086-0300][gc,phases     ] GC(13)   Other: 0,4ms
[2024-06-04T20:37:05.086-0300][gc,heap       ] GC(13) Eden regions: 48->0(53)
[2024-06-04T20:37:05.086-0300][gc,heap       ] GC(13) Survivor regions: 3->3(7)
[2024-06-04T20:37:05.086-0300][gc,heap       ] GC(13) Old regions: 20->20
[2024-06-04T20:37:05.086-0300][gc,heap       ] GC(13) Humongous regions: 129->129
[2024-06-04T20:37:05.086-0300][gc,metaspace  ] GC(13) Metaspace: 46064K(49096K)->46064K(49096K) NonClass: 40184K(41800K)->40184K(41800K) Class: 5880K(7296K)->5880K(7296K)
[2024-06-04T20:37:05.086-0300][gc            ] GC(13) Pause Young (Normal) (G1 Evacuation Pause) 198M->150M(1024M) 8,961ms
[2024-06-04T20:37:05.086-0300][gc,cpu        ] GC(13) User=0,02s Sys=0,01s Real=0,01s
[2024-06-04T20:52:26.418-0300][gc,start      ] GC(14) Pause Young (Normal) (G1 Evacuation Pause)
[2024-06-04T20:52:26.418-0300][gc,task       ] GC(14) Using 4 workers of 4 for evacuation
[2024-06-04T20:52:26.421-0300][gc,phases     ] GC(14)   Pre Evacuate Collection Set: 0,0ms
[2024-06-04T20:52:26.421-0300][gc,phases     ] GC(14)   Evacuate Collection Set: 2,4ms
[2024-06-04T20:52:26.421-0300][gc,phases     ] GC(14)   Post Evacuate Collection Set: 0,6ms
[2024-06-04T20:52:26.421-0300][gc,phases     ] GC(14)   Other: 0,2ms
[2024-06-04T20:52:26.421-0300][gc,heap       ] GC(14) Eden regions: 53->0(268)
[2024-06-04T20:52:26.421-0300][gc,heap       ] GC(14) Survivor regions: 3->3(7)
[2024-06-04T20:52:26.421-0300][gc,heap       ] GC(14) Old regions: 20->20
[2024-06-04T20:52:26.421-0300][gc,heap       ] GC(14) Humongous regions: 129->129
[2024-06-04T20:52:26.421-0300][gc,metaspace  ] GC(14) Metaspace: 46116K(49096K)->46116K(49096K) NonClass: 40236K(41800K)->40236K(41800K) Class: 5880K(7296K)->5880K(7296K)
[2024-06-04T20:52:26.421-0300][gc            ] GC(14) Pause Young (Normal) (G1 Evacuation Pause) 203M->150M(1024M) 3,331ms
[2024-06-04T20:52:26.421-0300][gc,cpu        ] GC(14) User=0,01s Sys=0,01s Real=0,01s
[2024-06-04T21:25:26.389-0300][gc,start      ] GC(15) Pause Young (Normal) (G1 Evacuation Pause)
[2024-06-04T21:25:26.389-0300][gc,task       ] GC(15) Using 4 workers of 4 for evacuation
[2024-06-04T21:25:26.405-0300][gc,phases     ] GC(15)   Pre Evacuate Collection Set: 0,1ms
[2024-06-04T21:25:26.405-0300][gc,phases     ] GC(15)   Evacuate Collection Set: 12,3ms
[2024-06-04T21:25:26.405-0300][gc,phases     ] GC(15)   Post Evacuate Collection Set: 3,6ms
[2024-06-04T21:25:26.405-0300][gc,phases     ] GC(15)   Other: 0,6ms
[2024-06-04T21:25:26.405-0300][gc,heap       ] GC(15) Eden regions: 268->0(159)
[2024-06-04T21:25:26.405-0300][gc,heap       ] GC(15) Survivor regions: 3->4(34)
[2024-06-04T21:25:26.405-0300][gc,heap       ] GC(15) Old regions: 20->20
[2024-06-04T21:25:26.405-0300][gc,heap       ] GC(15) Humongous regions: 129->129
[2024-06-04T21:25:26.405-0300][gc,metaspace  ] GC(15) Metaspace: 46364K(49352K)->46364K(49352K) NonClass: 40479K(42056K)->40479K(42056K) Class: 5885K(7296K)->5885K(7296K)
[2024-06-04T21:25:26.405-0300][gc            ] GC(15) Pause Young (Normal) (G1 Evacuation Pause) 418M->151M(1024M) 16,712ms
[2024-06-04T21:25:26.405-0300][gc,cpu        ] GC(15) User=0,05s Sys=0,00s Real=0,01s
[2024-06-04T21:27:37.113-0300][gc,start      ] GC(16) Pause Young (Normal) (G1 Evacuation Pause)
[2024-06-04T21:27:37.113-0300][gc,task       ] GC(16) Using 4 workers of 4 for evacuation
[2024-06-04T21:27:37.126-0300][gc,phases     ] GC(16)   Pre Evacuate Collection Set: 0,1ms
[2024-06-04T21:27:37.126-0300][gc,phases     ] GC(16)   Evacuate Collection Set: 11,1ms
[2024-06-04T21:27:37.126-0300][gc,phases     ] GC(16)   Post Evacuate Collection Set: 1,5ms
[2024-06-04T21:27:37.126-0300][gc,phases     ] GC(16)   Other: 0,5ms
[2024-06-04T21:27:37.126-0300][gc,heap       ] GC(16) Eden regions: 159->0(162)
[2024-06-04T21:27:37.126-0300][gc,heap       ] GC(16) Survivor regions: 4->4(21)
[2024-06-04T21:27:37.126-0300][gc,heap       ] GC(16) Old regions: 20->20
[2024-06-04T21:27:37.126-0300][gc,heap       ] GC(16) Humongous regions: 129->129
[2024-06-04T21:27:37.126-0300][gc,metaspace  ] GC(16) Metaspace: 46365K(49352K)->46365K(49352K) NonClass: 40479K(42056K)->40479K(42056K) Class: 5885K(7296K)->5885K(7296K)
[2024-06-04T21:27:37.127-0300][gc            ] GC(16) Pause Young (Normal) (G1 Evacuation Pause) 310M->151M(1024M) 13,397ms
[2024-06-04T21:27:37.127-0300][gc,cpu        ] GC(16) User=0,04s Sys=0,00s Real=0,01s
[2024-06-04T21:29:30.271-0300][gc,start      ] GC(17) Pause Young (Normal) (G1 Evacuation Pause)
[2024-06-04T21:29:30.271-0300][gc,task       ] GC(17) Using 4 workers of 4 for evacuation
[2024-06-04T21:29:30.275-0300][gc,phases     ] GC(17)   Pre Evacuate Collection Set: 0,0ms
[2024-06-04T21:29:30.275-0300][gc,phases     ] GC(17)   Evacuate Collection Set: 3,3ms
[2024-06-04T21:29:30.275-0300][gc,phases     ] GC(17)   Post Evacuate Collection Set: 0,5ms
[2024-06-04T21:29:30.275-0300][gc,phases     ] GC(17)   Other: 0,2ms
[2024-06-04T21:29:30.275-0300][gc,heap       ] GC(17) Eden regions: 162->0(168)
[2024-06-04T21:29:30.275-0300][gc,heap       ] GC(17) Survivor regions: 4->5(21)
[2024-06-04T21:29:30.275-0300][gc,heap       ] GC(17) Old regions: 20->20
[2024-06-04T21:29:30.275-0300][gc,heap       ] GC(17) Humongous regions: 129->129
[2024-06-04T21:29:30.275-0300][gc,metaspace  ] GC(17) Metaspace: 46365K(49352K)->46365K(49352K) NonClass: 40479K(42056K)->40479K(42056K) Class: 5885K(7296K)->5885K(7296K)
[2024-06-04T21:29:30.275-0300][gc            ] GC(17) Pause Young (Normal) (G1 Evacuation Pause) 313M->152M(1024M) 4,133ms
[2024-06-04T21:29:30.275-0300][gc,cpu        ] GC(17) User=0,02s Sys=0,00s Real=0,00s
[2024-06-04T21:31:19.926-0300][gc,start      ] GC(18) Pause Young (Normal) (G1 Evacuation Pause)
[2024-06-04T21:31:19.926-0300][gc,task       ] GC(18) Using 4 workers of 4 for evacuation
[2024-06-04T21:31:19.941-0300][gc,phases     ] GC(18)   Pre Evacuate Collection Set: 0,1ms
[2024-06-04T21:31:19.941-0300][gc,phases     ] GC(18)   Evacuate Collection Set: 12,8ms
[2024-06-04T21:31:19.941-0300][gc,phases     ] GC(18)   Post Evacuate Collection Set: 1,5ms
[2024-06-04T21:31:19.941-0300][gc,phases     ] GC(18)   Other: 0,4ms
[2024-06-04T21:31:19.941-0300][gc,heap       ] GC(18) Eden regions: 168->0(169)
[2024-06-04T21:31:19.941-0300][gc,heap       ] GC(18) Survivor regions: 5->5(22)
[2024-06-04T21:31:19.941-0300][gc,heap       ] GC(18) Old regions: 20->20
[2024-06-04T21:31:19.941-0300][gc,heap       ] GC(18) Humongous regions: 129->129
[2024-06-04T21:31:19.941-0300][gc,metaspace  ] GC(18) Metaspace: 46365K(49352K)->46365K(49352K) NonClass: 40479K(42056K)->40479K(42056K) Class: 5885K(7296K)->5885K(7296K)
[2024-06-04T21:31:19.941-0300][gc            ] GC(18) Pause Young (Normal) (G1 Evacuation Pause) 320M->152M(1024M) 15,001ms
[2024-06-04T21:31:19.941-0300][gc,cpu        ] GC(18) User=0,05s Sys=0,00s Real=0,02s
[2024-06-04T21:56:57.968-0300][gc,start      ] GC(19) Pause Young (Normal) (G1 Evacuation Pause)
[2024-06-04T21:56:57.968-0300][gc,task       ] GC(19) Using 4 workers of 4 for evacuation
[2024-06-04T21:56:57.973-0300][gc,phases     ] GC(19)   Pre Evacuate Collection Set: 0,0ms
[2024-06-04T21:56:57.973-0300][gc,phases     ] GC(19)   Evacuate Collection Set: 5,0ms
[2024-06-04T21:56:57.973-0300][gc,phases     ] GC(19)   Post Evacuate Collection Set: 0,6ms
[2024-06-04T21:56:57.973-0300][gc,phases     ] GC(19)   Other: 0,2ms
[2024-06-04T21:56:57.973-0300][gc,heap       ] GC(19) Eden regions: 169->0(177)
[2024-06-04T21:56:57.973-0300][gc,heap       ] GC(19) Survivor regions: 5->5(22)
[2024-06-04T21:56:57.973-0300][gc,heap       ] GC(19) Old regions: 20->20
[2024-06-04T21:56:57.974-0300][gc,heap       ] GC(19) Humongous regions: 129->129
[2024-06-04T21:56:57.974-0300][gc,metaspace  ] GC(19) Metaspace: 46367K(49352K)->46367K(49352K) NonClass: 40482K(42056K)->40482K(42056K) Class: 5885K(7296K)->5885K(7296K)
[2024-06-04T21:56:57.974-0300][gc            ] GC(19) Pause Young (Normal) (G1 Evacuation Pause) 321M->152M(1024M) 5,932ms
[2024-06-04T21:56:57.974-0300][gc,cpu        ] GC(19) User=0,02s Sys=0,00s Real=0,01s
[2024-06-04T22:06:46.443-0300][gc,start      ] GC(20) Pause Young (Normal) (G1 Evacuation Pause)
[2024-06-04T22:06:46.443-0300][gc,task       ] GC(20) Using 4 workers of 4 for evacuation
[2024-06-04T22:06:46.450-0300][gc,phases     ] GC(20)   Pre Evacuate Collection Set: 0,0ms
[2024-06-04T22:06:46.450-0300][gc,phases     ] GC(20)   Evacuate Collection Set: 6,3ms
[2024-06-04T22:06:46.450-0300][gc,phases     ] GC(20)   Post Evacuate Collection Set: 0,8ms
[2024-06-04T22:06:46.450-0300][gc,phases     ] GC(20)   Other: 0,3ms
[2024-06-04T22:06:46.450-0300][gc,heap       ] GC(20) Eden regions: 177->0(191)
[2024-06-04T22:06:46.450-0300][gc,heap       ] GC(20) Survivor regions: 5->4(23)
[2024-06-04T22:06:46.450-0300][gc,heap       ] GC(20) Old regions: 20->20
[2024-06-04T22:06:46.450-0300][gc,heap       ] GC(20) Humongous regions: 129->129
[2024-06-04T22:06:46.450-0300][gc,metaspace  ] GC(20) Metaspace: 46372K(49352K)->46372K(49352K) NonClass: 40487K(42056K)->40487K(42056K) Class: 5885K(7296K)->5885K(7296K)
[2024-06-04T22:06:46.450-0300][gc            ] GC(20) Pause Young (Normal) (G1 Evacuation Pause) 329M->151M(1024M) 7,563ms
[2024-06-04T22:06:46.450-0300][gc,cpu        ] GC(20) User=0,02s Sys=0,00s Real=0,01s
[2024-06-04T22:08:48.718-0300][gc,start      ] GC(21) Pause Young (Normal) (G1 Evacuation Pause)
[2024-06-04T22:08:48.718-0300][gc,task       ] GC(21) Using 4 workers of 4 for evacuation
[2024-06-04T22:08:48.722-0300][gc,phases     ] GC(21)   Pre Evacuate Collection Set: 0,0ms
[2024-06-04T22:08:48.722-0300][gc,phases     ] GC(21)   Evacuate Collection Set: 2,9ms
[2024-06-04T22:08:48.722-0300][gc,phases     ] GC(21)   Post Evacuate Collection Set: 1,2ms
[2024-06-04T22:08:48.722-0300][gc,phases     ] GC(21)   Other: 0,2ms
[2024-06-04T22:08:48.722-0300][gc,heap       ] GC(21) Eden regions: 191->0(207)
[2024-06-04T22:08:48.722-0300][gc,heap       ] GC(21) Survivor regions: 4->4(25)
[2024-06-04T22:08:48.722-0300][gc,heap       ] GC(21) Old regions: 20->20
[2024-06-04T22:08:48.722-0300][gc,heap       ] GC(21) Humongous regions: 129->129
[2024-06-04T22:08:48.722-0300][gc,metaspace  ] GC(21) Metaspace: 46375K(49352K)->46375K(49352K) NonClass: 40489K(42056K)->40489K(42056K) Class: 5885K(7296K)->5885K(7296K)
[2024-06-04T22:08:48.722-0300][gc            ] GC(21) Pause Young (Normal) (G1 Evacuation Pause) 342M->151M(1024M) 4,412ms
[2024-06-04T22:08:48.722-0300][gc,cpu        ] GC(21) User=0,01s Sys=0,00s Real=0,01s
[2024-06-04T22:11:15.306-0300][gc,start      ] GC(22) Pause Young (Normal) (G1 Evacuation Pause)
[2024-06-04T22:11:15.306-0300][gc,task       ] GC(22) Using 4 workers of 4 for evacuation
[2024-06-04T22:11:15.319-0300][gc,phases     ] GC(22)   Pre Evacuate Collection Set: 0,1ms
[2024-06-04T22:11:15.319-0300][gc,phases     ] GC(22)   Evacuate Collection Set: 11,4ms
[2024-06-04T22:11:15.319-0300][gc,phases     ] GC(22)   Post Evacuate Collection Set: 1,5ms
[2024-06-04T22:11:15.319-0300][gc,phases     ] GC(22)   Other: 0,4ms
[2024-06-04T22:11:15.319-0300][gc,heap       ] GC(22) Eden regions: 207->0(206)
[2024-06-04T22:11:15.319-0300][gc,heap       ] GC(22) Survivor regions: 4->4(27)
[2024-06-04T22:11:15.319-0300][gc,heap       ] GC(22) Old regions: 20->20
[2024-06-04T22:11:15.319-0300][gc,heap       ] GC(22) Humongous regions: 129->129
[2024-06-04T22:11:15.319-0300][gc,metaspace  ] GC(22) Metaspace: 46391K(49352K)->46391K(49352K) NonClass: 40505K(42056K)->40505K(42056K) Class: 5885K(7296K)->5885K(7296K)
[2024-06-04T22:11:15.319-0300][gc            ] GC(22) Pause Young (Normal) (G1 Evacuation Pause) 358M->151M(1024M) 13,555ms
[2024-06-04T22:11:15.319-0300][gc,cpu        ] GC(22) User=0,05s Sys=0,00s Real=0,01s
[2024-06-04T22:13:17.156-0300][gc,start      ] GC(23) Pause Young (Normal) (G1 Evacuation Pause)
[2024-06-04T22:13:17.156-0300][gc,task       ] GC(23) Using 4 workers of 4 for evacuation
[2024-06-04T22:13:17.162-0300][gc,phases     ] GC(23)   Pre Evacuate Collection Set: 0,0ms
[2024-06-04T22:13:17.162-0300][gc,phases     ] GC(23)   Evacuate Collection Set: 4,8ms
[2024-06-04T22:13:17.162-0300][gc,phases     ] GC(23)   Post Evacuate Collection Set: 0,3ms
[2024-06-04T22:13:17.162-0300][gc,phases     ] GC(23)   Other: 0,2ms
[2024-06-04T22:13:17.162-0300][gc,heap       ] GC(23) Eden regions: 206->0(224)
[2024-06-04T22:13:17.162-0300][gc,heap       ] GC(23) Survivor regions: 4->5(27)
[2024-06-04T22:13:17.162-0300][gc,heap       ] GC(23) Old regions: 20->21
[2024-06-04T22:13:17.162-0300][gc,heap       ] GC(23) Humongous regions: 129->129
[2024-06-04T22:13:17.162-0300][gc,metaspace  ] GC(23) Metaspace: 46404K(49352K)->46404K(49352K) NonClass: 40518K(42056K)->40518K(42056K) Class: 5885K(7296K)->5885K(7296K)
[2024-06-04T22:13:17.162-0300][gc            ] GC(23) Pause Young (Normal) (G1 Evacuation Pause) 357M->151M(1024M) 5,465ms
[2024-06-04T22:13:17.162-0300][gc,cpu        ] GC(23) User=0,01s Sys=0,00s Real=0,01s
[2024-06-04T22:15:29.474-0300][gc,start      ] GC(24) Pause Young (Normal) (G1 Evacuation Pause)
[2024-06-04T22:15:29.474-0300][gc,task       ] GC(24) Using 4 workers of 4 for evacuation
[2024-06-04T22:15:29.477-0300][gc,phases     ] GC(24)   Pre Evacuate Collection Set: 0,0ms
[2024-06-04T22:15:29.477-0300][gc,phases     ] GC(24)   Evacuate Collection Set: 3,1ms
[2024-06-04T22:15:29.477-0300][gc,phases     ] GC(24)   Post Evacuate Collection Set: 0,4ms
[2024-06-04T22:15:29.477-0300][gc,phases     ] GC(24)   Other: 0,2ms
[2024-06-04T22:15:29.477-0300][gc,heap       ] GC(24) Eden regions: 224->0(250)
[2024-06-04T22:15:29.477-0300][gc,heap       ] GC(24) Survivor regions: 5->4(29)
[2024-06-04T22:15:29.477-0300][gc,heap       ] GC(24) Old regions: 21->21
[2024-06-04T22:15:29.477-0300][gc,heap       ] GC(24) Humongous regions: 129->129
[2024-06-04T22:15:29.477-0300][gc,metaspace  ] GC(24) Metaspace: 46413K(49352K)->46413K(49352K) NonClass: 40528K(42056K)->40528K(42056K) Class: 5885K(7296K)->5885K(7296K)
[2024-06-04T22:15:29.477-0300][gc            ] GC(24) Pause Young (Normal) (G1 Evacuation Pause) 375M->151M(1024M) 3,812ms
[2024-06-04T22:15:29.477-0300][gc,cpu        ] GC(24) User=0,02s Sys=0,00s Real=0,00s
[2024-06-04T22:18:05.731-0300][gc,start      ] GC(25) Pause Young (Normal) (G1 Evacuation Pause)
[2024-06-04T22:18:05.731-0300][gc,task       ] GC(25) Using 4 workers of 4 for evacuation
[2024-06-04T22:18:05.743-0300][gc,phases     ] GC(25)   Pre Evacuate Collection Set: 0,1ms
[2024-06-04T22:18:05.743-0300][gc,phases     ] GC(25)   Evacuate Collection Set: 10,4ms
[2024-06-04T22:18:05.743-0300][gc,phases     ] GC(25)   Post Evacuate Collection Set: 1,1ms
[2024-06-04T22:18:05.743-0300][gc,phases     ] GC(25)   Other: 0,5ms
[2024-06-04T22:18:05.743-0300][gc,heap       ] GC(25) Eden regions: 250->0(239)
[2024-06-04T22:18:05.743-0300][gc,heap       ] GC(25) Survivor regions: 4->4(32)
[2024-06-04T22:18:05.743-0300][gc,heap       ] GC(25) Old regions: 21->21
[2024-06-04T22:18:05.743-0300][gc,heap       ] GC(25) Humongous regions: 129->129
[2024-06-04T22:18:05.743-0300][gc,metaspace  ] GC(25) Metaspace: 46435K(49352K)->46435K(49352K) NonClass: 40549K(42056K)->40549K(42056K) Class: 5885K(7296K)->5885K(7296K)
[2024-06-04T22:18:05.744-0300][gc            ] GC(25) Pause Young (Normal) (G1 Evacuation Pause) 401M->151M(1024M) 12,291ms
[2024-06-04T22:18:05.744-0300][gc,cpu        ] GC(25) User=0,04s Sys=0,00s Real=0,01s
[2024-06-04T22:20:33.459-0300][gc,start      ] GC(26) Pause Young (Normal) (G1 Evacuation Pause)
[2024-06-04T22:20:33.459-0300][gc,task       ] GC(26) Using 4 workers of 4 for evacuation
[2024-06-04T22:20:33.466-0300][gc,phases     ] GC(26)   Pre Evacuate Collection Set: 0,0ms
[2024-06-04T22:20:33.466-0300][gc,phases     ] GC(26)   Evacuate Collection Set: 6,2ms
[2024-06-04T22:20:33.466-0300][gc,phases     ] GC(26)   Post Evacuate Collection Set: 0,5ms
[2024-06-04T22:20:33.466-0300][gc,phases     ] GC(26)   Other: 0,2ms
[2024-06-04T22:20:33.466-0300][gc,heap       ] GC(26) Eden regions: 239->0(250)
[2024-06-04T22:20:33.466-0300][gc,heap       ] GC(26) Survivor regions: 4->4(31)
[2024-06-04T22:20:33.466-0300][gc,heap       ] GC(26) Old regions: 21->21
[2024-06-04T22:20:33.466-0300][gc,heap       ] GC(26) Humongous regions: 129->129
[2024-06-04T22:20:33.466-0300][gc,metaspace  ] GC(26) Metaspace: 46438K(49608K)->46438K(49608K) NonClass: 40552K(42312K)->40552K(42312K) Class: 5885K(7296K)->5885K(7296K)
[2024-06-04T22:20:33.466-0300][gc            ] GC(26) Pause Young (Normal) (G1 Evacuation Pause) 390M->151M(1024M) 6,999ms
[2024-06-04T22:20:33.466-0300][gc,cpu        ] GC(26) User=0,02s Sys=0,00s Real=0,01s
[2024-06-04T22:23:06.917-0300][gc,start      ] GC(27) Pause Young (Normal) (G1 Evacuation Pause)
[2024-06-04T22:23:06.917-0300][gc,task       ] GC(27) Using 4 workers of 4 for evacuation
[2024-06-04T22:23:06.928-0300][gc,phases     ] GC(27)   Pre Evacuate Collection Set: 0,1ms
[2024-06-04T22:23:06.928-0300][gc,phases     ] GC(27)   Evacuate Collection Set: 9,3ms
[2024-06-04T22:23:06.928-0300][gc,phases     ] GC(27)   Post Evacuate Collection Set: 1,1ms
[2024-06-04T22:23:06.928-0300][gc,phases     ] GC(27)   Other: 0,4ms
[2024-06-04T22:23:06.928-0300][gc,heap       ] GC(27) Eden regions: 250->0(251)
[2024-06-04T22:23:06.928-0300][gc,heap       ] GC(27) Survivor regions: 4->4(32)
[2024-06-04T22:23:06.928-0300][gc,heap       ] GC(27) Old regions: 21->21
[2024-06-04T22:23:06.928-0300][gc,heap       ] GC(27) Humongous regions: 129->129
[2024-06-04T22:23:06.928-0300][gc,metaspace  ] GC(27) Metaspace: 46449K(49736K)->46449K(49736K) NonClass: 40560K(42312K)->40560K(42312K) Class: 5888K(7424K)->5888K(7424K)
[2024-06-04T22:23:06.928-0300][gc            ] GC(27) Pause Young (Normal) (G1 Evacuation Pause) 401M->151M(1024M) 11,134ms
[2024-06-04T22:23:06.928-0300][gc,cpu        ] GC(27) User=0,03s Sys=0,00s Real=0,01s
[2024-06-04T22:25:38.061-0300][gc,start      ] GC(28) Pause Young (Normal) (G1 Evacuation Pause)
[2024-06-04T22:25:38.061-0300][gc,task       ] GC(28) Using 4 workers of 4 for evacuation
[2024-06-04T22:25:38.068-0300][gc,phases     ] GC(28)   Pre Evacuate Collection Set: 0,0ms
[2024-06-04T22:25:38.068-0300][gc,phases     ] GC(28)   Evacuate Collection Set: 6,0ms
[2024-06-04T22:25:38.068-0300][gc,phases     ] GC(28)   Post Evacuate Collection Set: 0,8ms
[2024-06-04T22:25:38.068-0300][gc,phases     ] GC(28)   Other: 0,3ms
[2024-06-04T22:25:38.068-0300][gc,heap       ] GC(28) Eden regions: 251->0(263)
[2024-06-04T22:25:38.068-0300][gc,heap       ] GC(28) Survivor regions: 4->4(32)
[2024-06-04T22:25:38.068-0300][gc,heap       ] GC(28) Old regions: 21->21
[2024-06-04T22:25:38.068-0300][gc,heap       ] GC(28) Humongous regions: 129->129
[2024-06-04T22:25:38.068-0300][gc,metaspace  ] GC(28) Metaspace: 46454K(49736K)->46454K(49736K) NonClass: 40566K(42312K)->40566K(42312K) Class: 5888K(7424K)->5888K(7424K)
[2024-06-04T22:25:38.068-0300][gc            ] GC(28) Pause Young (Normal) (G1 Evacuation Pause) 402M->151M(1024M) 7,432ms
[2024-06-04T22:25:38.068-0300][gc,cpu        ] GC(28) User=0,02s Sys=0,00s Real=0,00s
[2024-06-04T22:28:20.894-0300][gc,start      ] GC(29) Pause Young (Normal) (G1 Evacuation Pause)
[2024-06-04T22:28:20.894-0300][gc,task       ] GC(29) Using 4 workers of 4 for evacuation
[2024-06-04T22:28:20.905-0300][gc,phases     ] GC(29)   Pre Evacuate Collection Set: 0,1ms
[2024-06-04T22:28:20.905-0300][gc,phases     ] GC(29)   Evacuate Collection Set: 8,9ms
[2024-06-04T22:28:20.905-0300][gc,phases     ] GC(29)   Post Evacuate Collection Set: 1,1ms
[2024-06-04T22:28:20.905-0300][gc,phases     ] GC(29)   Other: 0,5ms
[2024-06-04T22:28:20.905-0300][gc,heap       ] GC(29) Eden regions: 263->0(267)
[2024-06-04T22:28:20.905-0300][gc,heap       ] GC(29) Survivor regions: 4->4(34)
[2024-06-04T22:28:20.905-0300][gc,heap       ] GC(29) Old regions: 21->21
[2024-06-04T22:28:20.905-0300][gc,heap       ] GC(29) Humongous regions: 129->129
[2024-06-04T22:28:20.905-0300][gc,metaspace  ] GC(29) Metaspace: 46454K(49736K)->46454K(49736K) NonClass: 40566K(42312K)->40566K(42312K) Class: 5888K(7424K)->5888K(7424K)
[2024-06-04T22:28:20.905-0300][gc            ] GC(29) Pause Young (Normal) (G1 Evacuation Pause) 414M->151M(1024M) 10,734ms
[2024-06-04T22:28:20.905-0300][gc,cpu        ] GC(29) User=0,03s Sys=0,00s Real=0,01s
[2024-06-04T22:31:07.438-0300][gc,start      ] GC(30) Pause Young (Normal) (G1 Evacuation Pause)
[2024-06-04T22:31:07.438-0300][gc,task       ] GC(30) Using 4 workers of 4 for evacuation
[2024-06-04T22:31:07.452-0300][gc,phases     ] GC(30)   Pre Evacuate Collection Set: 0,1ms
[2024-06-04T22:31:07.452-0300][gc,phases     ] GC(30)   Evacuate Collection Set: 13,2ms
[2024-06-04T22:31:07.452-0300][gc,phases     ] GC(30)   Post Evacuate Collection Set: 0,9ms
[2024-06-04T22:31:07.452-0300][gc,phases     ] GC(30)   Other: 0,4ms
[2024-06-04T22:31:07.452-0300][gc,heap       ] GC(30) Eden regions: 267->0(267)
[2024-06-04T22:31:07.452-0300][gc,heap       ] GC(30) Survivor regions: 4->4(34)
[2024-06-04T22:31:07.452-0300][gc,heap       ] GC(30) Old regions: 21->21
[2024-06-04T22:31:07.453-0300][gc,heap       ] GC(30) Humongous regions: 129->129
[2024-06-04T22:31:07.453-0300][gc,metaspace  ] GC(30) Metaspace: 46454K(49736K)->46454K(49736K) NonClass: 40566K(42312K)->40566K(42312K) Class: 5888K(7424K)->5888K(7424K)
[2024-06-04T22:31:07.453-0300][gc            ] GC(30) Pause Young (Normal) (G1 Evacuation Pause) 418M->151M(1024M) 14,841ms
[2024-06-04T22:31:07.453-0300][gc,cpu        ] GC(30) User=0,04s Sys=0,00s Real=0,02s
[2024-06-04T22:33:53.920-0300][gc,start      ] GC(31) Pause Young (Normal) (G1 Evacuation Pause)
[2024-06-04T22:33:53.920-0300][gc,task       ] GC(31) Using 4 workers of 4 for evacuation
[2024-06-04T22:33:53.932-0300][gc,phases     ] GC(31)   Pre Evacuate Collection Set: 0,1ms
[2024-06-04T22:33:53.932-0300][gc,phases     ] GC(31)   Evacuate Collection Set: 10,2ms
[2024-06-04T22:33:53.932-0300][gc,phases     ] GC(31)   Post Evacuate Collection Set: 1,1ms
[2024-06-04T22:33:53.932-0300][gc,phases     ] GC(31)   Other: 0,4ms
[2024-06-04T22:33:53.932-0300][gc,heap       ] GC(31) Eden regions: 267->0(271)
[2024-06-04T22:33:53.932-0300][gc,heap       ] GC(31) Survivor regions: 4->4(34)
[2024-06-04T22:33:53.932-0300][gc,heap       ] GC(31) Old regions: 21->21
[2024-06-04T22:33:53.932-0300][gc,heap       ] GC(31) Humongous regions: 129->129
[2024-06-04T22:33:53.932-0300][gc,metaspace  ] GC(31) Metaspace: 46456K(49736K)->46456K(49736K) NonClass: 40567K(42312K)->40567K(42312K) Class: 5888K(7424K)->5888K(7424K)
[2024-06-04T22:33:53.932-0300][gc            ] GC(31) Pause Young (Normal) (G1 Evacuation Pause) 418M->152M(1024M) 12,097ms
[2024-06-04T22:33:53.932-0300][gc,cpu        ] GC(31) User=0,04s Sys=0,00s Real=0,02s
[2024-06-04T22:36:47.814-0300][gc,start      ] GC(32) Pause Young (Normal) (G1 Evacuation Pause)
[2024-06-04T22:36:47.814-0300][gc,task       ] GC(32) Using 4 workers of 4 for evacuation
[2024-06-04T22:36:47.829-0300][gc,phases     ] GC(32)   Pre Evacuate Collection Set: 0,1ms
[2024-06-04T22:36:47.829-0300][gc,phases     ] GC(32)   Evacuate Collection Set: 13,6ms
[2024-06-04T22:36:47.829-0300][gc,phases     ] GC(32)   Post Evacuate Collection Set: 1,0ms
[2024-06-04T22:36:47.829-0300][gc,phases     ] GC(32)   Other: 0,4ms
[2024-06-04T22:36:47.829-0300][gc,heap       ] GC(32) Eden regions: 271->0(270)
[2024-06-04T22:36:47.829-0300][gc,heap       ] GC(32) Survivor regions: 4->5(35)
[2024-06-04T22:36:47.829-0300][gc,heap       ] GC(32) Old regions: 21->21
[2024-06-04T22:36:47.829-0300][gc,heap       ] GC(32) Humongous regions: 129->129
[2024-06-04T22:36:47.829-0300][gc,metaspace  ] GC(32) Metaspace: 46456K(49736K)->46456K(49736K) NonClass: 40568K(42312K)->40568K(42312K) Class: 5888K(7424K)->5888K(7424K)
[2024-06-04T22:36:47.829-0300][gc            ] GC(32) Pause Young (Normal) (G1 Evacuation Pause) 423M->152M(1024M) 15,275ms
[2024-06-04T22:36:47.829-0300][gc,cpu        ] GC(32) User=0,04s Sys=0,02s Real=0,02s
[2024-06-04T22:39:40.969-0300][gc,start      ] GC(33) Pause Young (Normal) (G1 Evacuation Pause)
[2024-06-04T22:39:40.969-0300][gc,task       ] GC(33) Using 4 workers of 4 for evacuation
[2024-06-04T22:39:40.977-0300][gc,phases     ] GC(33)   Pre Evacuate Collection Set: 0,1ms
[2024-06-04T22:39:40.977-0300][gc,phases     ] GC(33)   Evacuate Collection Set: 7,1ms
[2024-06-04T22:39:40.977-0300][gc,phases     ] GC(33)   Post Evacuate Collection Set: 0,4ms
[2024-06-04T22:39:40.977-0300][gc,phases     ] GC(33)   Other: 0,3ms
[2024-06-04T22:39:40.977-0300][gc,heap       ] GC(33) Eden regions: 270->0(274)
[2024-06-04T22:39:40.977-0300][gc,heap       ] GC(33) Survivor regions: 5->4(35)
[2024-06-04T22:39:40.977-0300][gc,heap       ] GC(33) Old regions: 21->21
[2024-06-04T22:39:40.977-0300][gc,heap       ] GC(33) Humongous regions: 129->129
[2024-06-04T22:39:40.977-0300][gc,metaspace  ] GC(33) Metaspace: 46463K(49736K)->46463K(49736K) NonClass: 40574K(42312K)->40574K(42312K) Class: 5888K(7424K)->5888K(7424K)
[2024-06-04T22:39:40.977-0300][gc            ] GC(33) Pause Young (Normal) (G1 Evacuation Pause) 422M->151M(1024M) 7,879ms
[2024-06-04T22:39:40.977-0300][gc,cpu        ] GC(33) User=0,01s Sys=0,00s Real=0,00s
[2024-06-04T22:42:35.801-0300][gc,start      ] GC(34) Pause Young (Normal) (G1 Evacuation Pause)
[2024-06-04T22:42:35.801-0300][gc,task       ] GC(34) Using 4 workers of 4 for evacuation
[2024-06-04T22:42:35.816-0300][gc,phases     ] GC(34)   Pre Evacuate Collection Set: 0,1ms
[2024-06-04T22:42:35.817-0300][gc,phases     ] GC(34)   Evacuate Collection Set: 14,6ms
[2024-06-04T22:42:35.817-0300][gc,phases     ] GC(34)   Post Evacuate Collection Set: 0,8ms
[2024-06-04T22:42:35.817-0300][gc,phases     ] GC(34)   Other: 0,4ms
[2024-06-04T22:42:35.817-0300][gc,heap       ] GC(34) Eden regions: 274->0(276)
[2024-06-04T22:42:35.817-0300][gc,heap       ] GC(34) Survivor regions: 4->5(35)
[2024-06-04T22:42:35.817-0300][gc,heap       ] GC(34) Old regions: 21->21
[2024-06-04T22:42:35.817-0300][gc,heap       ] GC(34) Humongous regions: 129->129
[2024-06-04T22:42:35.817-0300][gc,metaspace  ] GC(34) Metaspace: 46464K(49736K)->46464K(49736K) NonClass: 40576K(42312K)->40576K(42312K) Class: 5888K(7424K)->5888K(7424K)
[2024-06-04T22:42:35.817-0300][gc            ] GC(34) Pause Young (Normal) (G1 Evacuation Pause) 425M->152M(1024M) 16,067ms
[2024-06-04T22:42:35.817-0300][gc,cpu        ] GC(34) User=0,05s Sys=0,00s Real=0,01s
[2024-06-04T22:47:10.076-0300][gc,start      ] GC(35) Pause Young (Normal) (G1 Evacuation Pause)
[2024-06-04T22:47:10.076-0300][gc,task       ] GC(35) Using 4 workers of 4 for evacuation
[2024-06-04T22:47:10.081-0300][gc,phases     ] GC(35)   Pre Evacuate Collection Set: 0,0ms
[2024-06-04T22:47:10.081-0300][gc,phases     ] GC(35)   Evacuate Collection Set: 3,7ms
[2024-06-04T22:47:10.081-0300][gc,phases     ] GC(35)   Post Evacuate Collection Set: 0,7ms
[2024-06-04T22:47:10.081-0300][gc,phases     ] GC(35)   Other: 0,3ms
[2024-06-04T22:47:10.081-0300][gc,heap       ] GC(35) Eden regions: 276->0(327)
[2024-06-04T22:47:10.081-0300][gc,heap       ] GC(35) Survivor regions: 5->4(36)
[2024-06-04T22:47:10.081-0300][gc,heap       ] GC(35) Old regions: 21->21
[2024-06-04T22:47:10.081-0300][gc,heap       ] GC(35) Humongous regions: 129->129
[2024-06-04T22:47:10.081-0300][gc,metaspace  ] GC(35) Metaspace: 46482K(49736K)->46482K(49736K) NonClass: 40594K(42312K)->40594K(42312K) Class: 5888K(7424K)->5888K(7424K)
[2024-06-04T22:47:10.081-0300][gc            ] GC(35) Pause Young (Normal) (G1 Evacuation Pause) 428M->151M(1024M) 4,949ms
[2024-06-04T22:47:10.081-0300][gc,cpu        ] GC(35) User=0,01s Sys=0,00s Real=0,01s
[2024-06-04T22:50:50.076-0300][gc,start      ] GC(36) Pause Young (Normal) (G1 Evacuation Pause)
[2024-06-04T22:50:50.076-0300][gc,task       ] GC(36) Using 4 workers of 4 for evacuation
[2024-06-04T22:50:50.082-0300][gc,phases     ] GC(36)   Pre Evacuate Collection Set: 0,0ms
[2024-06-04T22:50:50.082-0300][gc,phases     ] GC(36)   Evacuate Collection Set: 5,2ms
[2024-06-04T22:50:50.082-0300][gc,phases     ] GC(36)   Post Evacuate Collection Set: 0,7ms
[2024-06-04T22:50:50.082-0300][gc,phases     ] GC(36)   Other: 0,3ms
[2024-06-04T22:50:50.082-0300][gc,heap       ] GC(36) Eden regions: 327->0(344)
[2024-06-04T22:50:50.082-0300][gc,heap       ] GC(36) Survivor regions: 4->4(42)
[2024-06-04T22:50:50.082-0300][gc,heap       ] GC(36) Old regions: 21->21
[2024-06-04T22:50:50.082-0300][gc,heap       ] GC(36) Humongous regions: 129->129
[2024-06-04T22:50:50.082-0300][gc,metaspace  ] GC(36) Metaspace: 46494K(49736K)->46494K(49736K) NonClass: 40605K(42312K)->40605K(42312K) Class: 5888K(7424K)->5888K(7424K)
[2024-06-04T22:50:50.082-0300][gc            ] GC(36) Pause Young (Normal) (G1 Evacuation Pause) 478M->151M(1024M) 6,344ms
[2024-06-04T22:50:50.082-0300][gc,cpu        ] GC(36) User=0,02s Sys=0,00s Real=0,01s
[2024-06-04T22:54:42.461-0300][gc,start      ] GC(37) Pause Young (Normal) (G1 Evacuation Pause)
[2024-06-04T22:54:42.461-0300][gc,task       ] GC(37) Using 4 workers of 4 for evacuation
[2024-06-04T22:54:42.473-0300][gc,phases     ] GC(37)   Pre Evacuate Collection Set: 0,0ms
[2024-06-04T22:54:42.473-0300][gc,phases     ] GC(37)   Evacuate Collection Set: 10,2ms
[2024-06-04T22:54:42.473-0300][gc,phases     ] GC(37)   Post Evacuate Collection Set: 1,2ms
[2024-06-04T22:54:42.473-0300][gc,phases     ] GC(37)   Other: 0,4ms
[2024-06-04T22:54:42.473-0300][gc,heap       ] GC(37) Eden regions: 344->0(365)
[2024-06-04T22:54:42.473-0300][gc,heap       ] GC(37) Survivor regions: 4->4(44)
[2024-06-04T22:54:42.473-0300][gc,heap       ] GC(37) Old regions: 21->21
[2024-06-04T22:54:42.473-0300][gc,heap       ] GC(37) Humongous regions: 129->129
[2024-06-04T22:54:42.473-0300][gc,metaspace  ] GC(37) Metaspace: 46507K(49736K)->46507K(49736K) NonClass: 40619K(42312K)->40619K(42312K) Class: 5888K(7424K)->5888K(7424K)
[2024-06-04T22:54:42.474-0300][gc            ] GC(37) Pause Young (Normal) (G1 Evacuation Pause) 495M->151M(1024M) 12,114ms
[2024-06-04T22:54:42.474-0300][gc,cpu        ] GC(37) User=0,04s Sys=0,01s Real=0,01s
[2024-06-04T22:55:19.242-0300][gc,heap,exit  ] Heap
[2024-06-04T22:55:19.242-0300][gc,heap,exit  ]  garbage-first heap   total 1048576K, used 230082K [0x00000000c0000000, 0x0000000100000000)
[2024-06-04T22:55:19.242-0300][gc,heap,exit  ]   region size 1024K, 78 young (79872K), 4 survivors (4096K)
[2024-06-04T22:55:19.242-0300][gc,heap,exit  ]  Metaspace       used 47526K, capacity 50664K, committed 50760K, reserved 1093632K
[2024-06-04T22:55:19.242-0300][gc,heap,exit  ]   class space    used 6134K, capacity 7646K, committed 7680K, reserved 1048576K
