[2024-06-01T09:15:29.718-0300][gc,heap] Heap region size: 1M
[2024-06-01T09:15:29.730-0300][gc     ] Using G1
[2024-06-01T09:15:29.730-0300][gc,heap,coops] Heap address: 0x00000000c0000000, size: 1024 MB, Compressed Oops mode: 32-bit
[2024-06-01T09:15:29.730-0300][gc,cds       ] Mark closed archive regions in map: [0x00000000fff00000, 0x00000000fff6bff8]
[2024-06-01T09:15:29.730-0300][gc,cds       ] Mark open archive regions in map: [0x00000000ffe00000, 0x00000000ffe47ff8]
[2024-06-01T09:15:30.519-0300][gc,start     ] GC(0) Pause Young (Normal) (G1 Evacuation Pause)
[2024-06-01T09:15:30.519-0300][gc,task      ] GC(0) Using 4 workers of 4 for evacuation
[2024-06-01T09:15:30.526-0300][gc,phases    ] GC(0)   Pre Evacuate Collection Set: 0,0ms
[2024-06-01T09:15:30.526-0300][gc,phases    ] GC(0)   Evacuate Collection Set: 5,9ms
[2024-06-01T09:15:30.526-0300][gc,phases    ] GC(0)   Post Evacuate Collection Set: 0,4ms
[2024-06-01T09:15:30.526-0300][gc,phases    ] GC(0)   Other: 0,5ms
[2024-06-01T09:15:30.526-0300][gc,heap      ] GC(0) Eden regions: 51->0(44)
[2024-06-01T09:15:30.526-0300][gc,heap      ] GC(0) Survivor regions: 0->7(7)
[2024-06-01T09:15:30.526-0300][gc,heap      ] GC(0) Old regions: 2->3
[2024-06-01T09:15:30.526-0300][gc,heap      ] GC(0) Humongous regions: 0->0
[2024-06-01T09:15:30.526-0300][gc,metaspace ] GC(0) Metaspace: 14151K(14848K)->14151K(14848K) NonClass: 12407K(12800K)->12407K(12800K) Class: 1744K(2048K)->1744K(2048K)
[2024-06-01T09:15:30.526-0300][gc           ] GC(0) Pause Young (Normal) (G1 Evacuation Pause) 51M->8M(1024M) 6,924ms
[2024-06-01T09:15:30.526-0300][gc,cpu       ] GC(0) User=0,02s Sys=0,00s Real=0,00s
[2024-06-01T09:15:30.909-0300][gc,start     ] GC(1) Pause Young (Concurrent Start) (Metadata GC Threshold)
[2024-06-01T09:15:30.909-0300][gc,task      ] GC(1) Using 4 workers of 4 for evacuation
[2024-06-01T09:15:30.926-0300][gc,phases    ] GC(1)   Pre Evacuate Collection Set: 0,0ms
[2024-06-01T09:15:30.926-0300][gc,phases    ] GC(1)   Evacuate Collection Set: 16,1ms
[2024-06-01T09:15:30.926-0300][gc,phases    ] GC(1)   Post Evacuate Collection Set: 0,6ms
[2024-06-01T09:15:30.926-0300][gc,phases    ] GC(1)   Other: 0,3ms
[2024-06-01T09:15:30.926-0300][gc,heap      ] GC(1) Eden regions: 29->0(49)
[2024-06-01T09:15:30.926-0300][gc,heap      ] GC(1) Survivor regions: 7->2(7)
[2024-06-01T09:15:30.926-0300][gc,heap      ] GC(1) Old regions: 3->10
[2024-06-01T09:15:30.926-0300][gc,heap      ] GC(1) Humongous regions: 0->0
[2024-06-01T09:15:30.926-0300][gc,metaspace ] GC(1) Metaspace: 20462K(21296K)->20462K(21296K) NonClass: 18005K(18608K)->18005K(18608K) Class: 2457K(2688K)->2457K(2688K)
[2024-06-01T09:15:30.926-0300][gc           ] GC(1) Pause Young (Concurrent Start) (Metadata GC Threshold) 36M->8M(1024M) 17,101ms
[2024-06-01T09:15:30.926-0300][gc,cpu       ] GC(1) User=0,04s Sys=0,00s Real=0,01s
[2024-06-01T09:15:30.927-0300][gc           ] GC(2) Concurrent Cycle
[2024-06-01T09:15:30.927-0300][gc,marking   ] GC(2) Concurrent Clear Claimed Marks
[2024-06-01T09:15:30.927-0300][gc,marking   ] GC(2) Concurrent Clear Claimed Marks 0,054ms
[2024-06-01T09:15:30.927-0300][gc,marking   ] GC(2) Concurrent Scan Root Regions
[2024-06-01T09:15:30.927-0300][gc,marking   ] GC(2) Concurrent Scan Root Regions 0,889ms
[2024-06-01T09:15:30.928-0300][gc,marking   ] GC(2) Concurrent Mark (1,212s)
[2024-06-01T09:15:30.928-0300][gc,marking   ] GC(2) Concurrent Mark From Roots
[2024-06-01T09:15:30.928-0300][gc,task      ] GC(2) Using 1 workers of 1 for marking
[2024-06-01T09:15:30.936-0300][gc,marking   ] GC(2) Concurrent Mark From Roots 8,621ms
[2024-06-01T09:15:30.936-0300][gc,marking   ] GC(2) Concurrent Preclean
[2024-06-01T09:15:30.936-0300][gc,marking   ] GC(2) Concurrent Preclean 0,090ms
[2024-06-01T09:15:30.936-0300][gc,marking   ] GC(2) Concurrent Mark (1,212s, 1,221s) 8,768ms
[2024-06-01T09:15:30.937-0300][gc,start     ] GC(2) Pause Remark
[2024-06-01T09:15:30.941-0300][gc,stringtable] GC(2) Cleaned string and symbol table, strings: 5798 processed, 0 removed, symbols: 53913 processed, 43 removed
[2024-06-01T09:15:30.942-0300][gc            ] GC(2) Pause Remark 9M->9M(1024M) 5,069ms
[2024-06-01T09:15:30.942-0300][gc,cpu        ] GC(2) User=0,02s Sys=0,00s Real=0,00s
[2024-06-01T09:15:30.942-0300][gc,marking    ] GC(2) Concurrent Rebuild Remembered Sets
[2024-06-01T09:15:30.946-0300][gc,marking    ] GC(2) Concurrent Rebuild Remembered Sets 4,336ms
[2024-06-01T09:15:30.946-0300][gc,start      ] GC(2) Pause Cleanup
[2024-06-01T09:15:30.947-0300][gc            ] GC(2) Pause Cleanup 9M->9M(1024M) 0,218ms
[2024-06-01T09:15:30.947-0300][gc,cpu        ] GC(2) User=0,00s Sys=0,00s Real=0,00s
[2024-06-01T09:15:30.947-0300][gc,marking    ] GC(2) Concurrent Cleanup for Next Mark
[2024-06-01T09:15:30.954-0300][gc,marking    ] GC(2) Concurrent Cleanup for Next Mark 7,403ms
[2024-06-01T09:15:30.954-0300][gc            ] GC(2) Concurrent Cycle 27,607ms
[2024-06-01T09:15:31.515-0300][gc,start      ] GC(3) Pause Young (Normal) (G1 Evacuation Pause)
[2024-06-01T09:15:31.515-0300][gc,task       ] GC(3) Using 4 workers of 4 for evacuation
[2024-06-01T09:15:31.519-0300][gc,phases     ] GC(3)   Pre Evacuate Collection Set: 0,1ms
[2024-06-01T09:15:31.519-0300][gc,phases     ] GC(3)   Evacuate Collection Set: 3,3ms
[2024-06-01T09:15:31.519-0300][gc,phases     ] GC(3)   Post Evacuate Collection Set: 0,5ms
[2024-06-01T09:15:31.519-0300][gc,phases     ] GC(3)   Other: 0,1ms
[2024-06-01T09:15:31.519-0300][gc,heap       ] GC(3) Eden regions: 49->0(46)
[2024-06-01T09:15:31.519-0300][gc,heap       ] GC(3) Survivor regions: 2->5(7)
[2024-06-01T09:15:31.519-0300][gc,heap       ] GC(3) Old regions: 10->10
[2024-06-01T09:15:31.519-0300][gc,heap       ] GC(3) Humongous regions: 129->129
[2024-06-01T09:15:31.519-0300][gc,metaspace  ] GC(3) Metaspace: 28861K(30208K)->28861K(30208K) NonClass: 25501K(26368K)->25501K(26368K) Class: 3360K(3840K)->3360K(3840K)
[2024-06-01T09:15:31.519-0300][gc            ] GC(3) Pause Young (Normal) (G1 Evacuation Pause) 186M->141M(1024M) 4,035ms
[2024-06-01T09:15:31.519-0300][gc,cpu        ] GC(3) User=0,01s Sys=0,00s Real=0,01s
[2024-06-01T09:15:31.906-0300][gc,start      ] GC(4) Pause Young (Concurrent Start) (Metadata GC Threshold)
[2024-06-01T09:15:31.906-0300][gc,task       ] GC(4) Using 4 workers of 4 for evacuation
[2024-06-01T09:15:31.913-0300][gc,phases     ] GC(4)   Pre Evacuate Collection Set: 0,1ms
[2024-06-01T09:15:31.913-0300][gc,phases     ] GC(4)   Evacuate Collection Set: 7,0ms
[2024-06-01T09:15:31.913-0300][gc,phases     ] GC(4)   Post Evacuate Collection Set: 0,4ms
[2024-06-01T09:15:31.913-0300][gc,phases     ] GC(4)   Other: 0,2ms
[2024-06-01T09:15:31.913-0300][gc,heap       ] GC(4) Eden regions: 34->0(44)
[2024-06-01T09:15:31.913-0300][gc,heap       ] GC(4) Survivor regions: 5->7(7)
[2024-06-01T09:15:31.913-0300][gc,heap       ] GC(4) Old regions: 10->10
[2024-06-01T09:15:31.913-0300][gc,heap       ] GC(4) Humongous regions: 129->129
[2024-06-01T09:15:31.913-0300][gc,metaspace  ] GC(4) Metaspace: 34653K(36048K)->34653K(36048K) NonClass: 30663K(31440K)->30663K(31440K) Class: 3989K(4608K)->3989K(4608K)
[2024-06-01T09:15:31.913-0300][gc            ] GC(4) Pause Young (Concurrent Start) (Metadata GC Threshold) 174M->143M(1024M) 7,798ms
[2024-06-01T09:15:31.913-0300][gc,cpu        ] GC(4) User=0,02s Sys=0,00s Real=0,01s
[2024-06-01T09:15:31.914-0300][gc            ] GC(5) Concurrent Cycle
[2024-06-01T09:15:31.914-0300][gc,marking    ] GC(5) Concurrent Clear Claimed Marks
[2024-06-01T09:15:31.914-0300][gc,marking    ] GC(5) Concurrent Clear Claimed Marks 0,081ms
[2024-06-01T09:15:31.914-0300][gc,marking    ] GC(5) Concurrent Scan Root Regions
[2024-06-01T09:15:31.917-0300][gc,marking    ] GC(5) Concurrent Scan Root Regions 3,447ms
[2024-06-01T09:15:31.917-0300][gc,marking    ] GC(5) Concurrent Mark (2,202s)
[2024-06-01T09:15:31.917-0300][gc,marking    ] GC(5) Concurrent Mark From Roots
[2024-06-01T09:15:31.917-0300][gc,task       ] GC(5) Using 1 workers of 1 for marking
[2024-06-01T09:15:31.932-0300][gc,marking    ] GC(5) Concurrent Mark From Roots 14,689ms
[2024-06-01T09:15:31.932-0300][gc,marking    ] GC(5) Concurrent Preclean
[2024-06-01T09:15:31.932-0300][gc,marking    ] GC(5) Concurrent Preclean 0,090ms
[2024-06-01T09:15:31.932-0300][gc,marking    ] GC(5) Concurrent Mark (2,202s, 2,217s) 14,823ms
[2024-06-01T09:15:31.932-0300][gc,start      ] GC(5) Pause Remark
[2024-06-01T09:15:31.935-0300][gc,stringtable] GC(5) Cleaned string and symbol table, strings: 11736 processed, 23 removed, symbols: 88821 processed, 18 removed
[2024-06-01T09:15:31.935-0300][gc            ] GC(5) Pause Remark 144M->144M(1024M) 3,319ms
[2024-06-01T09:15:31.935-0300][gc,cpu        ] GC(5) User=0,01s Sys=0,00s Real=0,01s
[2024-06-01T09:15:31.935-0300][gc,marking    ] GC(5) Concurrent Rebuild Remembered Sets
[2024-06-01T09:15:31.967-0300][gc,marking    ] GC(5) Concurrent Rebuild Remembered Sets 31,367ms
[2024-06-01T09:15:31.977-0300][gc,start      ] GC(5) Pause Cleanup
[2024-06-01T09:15:31.977-0300][gc            ] GC(5) Pause Cleanup 148M->148M(1024M) 0,266ms
[2024-06-01T09:15:31.977-0300][gc,cpu        ] GC(5) User=0,00s Sys=0,00s Real=0,00s
[2024-06-01T09:15:31.977-0300][gc,marking    ] GC(5) Concurrent Cleanup for Next Mark
[2024-06-01T09:15:31.993-0300][gc,marking    ] GC(5) Concurrent Cleanup for Next Mark 15,591ms
[2024-06-01T09:15:31.993-0300][gc            ] GC(5) Concurrent Cycle 79,441ms
[2024-06-01T09:16:31.091-0300][gc,start      ] GC(6) Pause Young (Normal) (G1 Evacuation Pause)
[2024-06-01T09:16:31.091-0300][gc,task       ] GC(6) Using 4 workers of 4 for evacuation
[2024-06-01T09:16:31.101-0300][gc,phases     ] GC(6)   Pre Evacuate Collection Set: 0,0ms
[2024-06-01T09:16:31.101-0300][gc,phases     ] GC(6)   Evacuate Collection Set: 9,3ms
[2024-06-01T09:16:31.101-0300][gc,phases     ] GC(6)   Post Evacuate Collection Set: 0,6ms
[2024-06-01T09:16:31.101-0300][gc,phases     ] GC(6)   Other: 0,2ms
[2024-06-01T09:16:31.101-0300][gc,heap       ] GC(6) Eden regions: 44->0(45)
[2024-06-01T09:16:31.101-0300][gc,heap       ] GC(6) Survivor regions: 7->6(7)
[2024-06-01T09:16:31.101-0300][gc,heap       ] GC(6) Old regions: 10->14
[2024-06-01T09:16:31.101-0300][gc,heap       ] GC(6) Humongous regions: 129->129
[2024-06-01T09:16:31.101-0300][gc,metaspace  ] GC(6) Metaspace: 41243K(43676K)->41243K(43676K) NonClass: 35981K(37328K)->35981K(37328K) Class: 5262K(6348K)->5262K(6348K)
[2024-06-01T09:16:31.101-0300][gc            ] GC(6) Pause Young (Normal) (G1 Evacuation Pause) 187M->146M(1024M) 10,199ms
[2024-06-01T09:16:31.101-0300][gc,cpu        ] GC(6) User=0,02s Sys=0,00s Real=0,01s
[2024-06-01T09:24:30.440-0300][gc,start      ] GC(7) Pause Young (Normal) (G1 Evacuation Pause)
[2024-06-01T09:24:30.440-0300][gc,task       ] GC(7) Using 4 workers of 4 for evacuation
[2024-06-01T09:24:30.463-0300][gc,mmu        ] GC(7) MMU target violated: 21,0ms (20,0ms/21,0ms)
[2024-06-01T09:24:30.463-0300][gc,phases     ] GC(7)   Pre Evacuate Collection Set: 0,1ms
[2024-06-01T09:24:30.463-0300][gc,phases     ] GC(7)   Evacuate Collection Set: 21,0ms
[2024-06-01T09:24:30.463-0300][gc,phases     ] GC(7)   Post Evacuate Collection Set: 1,4ms
[2024-06-01T09:24:30.463-0300][gc,phases     ] GC(7)   Other: 0,5ms
[2024-06-01T09:24:30.463-0300][gc,heap       ] GC(7) Eden regions: 45->0(44)
[2024-06-01T09:24:30.463-0300][gc,heap       ] GC(7) Survivor regions: 6->7(7)
[2024-06-01T09:24:30.463-0300][gc,heap       ] GC(7) Old regions: 14->16
[2024-06-01T09:24:30.463-0300][gc,heap       ] GC(7) Humongous regions: 129->129
[2024-06-01T09:24:30.464-0300][gc,metaspace  ] GC(7) Metaspace: 44791K(47772K)->44791K(47772K) NonClass: 39046K(40656K)->39046K(40656K) Class: 5744K(7116K)->5744K(7116K)
[2024-06-01T09:24:30.464-0300][gc            ] GC(7) Pause Young (Normal) (G1 Evacuation Pause) 191M->149M(1024M) 23,208ms
[2024-06-01T09:24:30.464-0300][gc,cpu        ] GC(7) User=0,08s Sys=0,00s Real=0,02s
[2024-06-01T09:36:40.440-0300][gc,start      ] GC(8) Pause Young (Normal) (G1 Evacuation Pause)
[2024-06-01T09:36:40.440-0300][gc,task       ] GC(8) Using 4 workers of 4 for evacuation
[2024-06-01T09:36:40.456-0300][gc,phases     ] GC(8)   Pre Evacuate Collection Set: 0,1ms
[2024-06-01T09:36:40.456-0300][gc,phases     ] GC(8)   Evacuate Collection Set: 14,7ms
[2024-06-01T09:36:40.456-0300][gc,phases     ] GC(8)   Post Evacuate Collection Set: 1,1ms
[2024-06-01T09:36:40.456-0300][gc,phases     ] GC(8)   Other: 0,4ms
[2024-06-01T09:36:40.456-0300][gc,heap       ] GC(8) Eden regions: 44->0(47)
[2024-06-01T09:36:40.456-0300][gc,heap       ] GC(8) Survivor regions: 7->4(7)
[2024-06-01T09:36:40.456-0300][gc,heap       ] GC(8) Old regions: 16->19
[2024-06-01T09:36:40.456-0300][gc,heap       ] GC(8) Humongous regions: 129->129
[2024-06-01T09:36:40.456-0300][gc,metaspace  ] GC(8) Metaspace: 45018K(47772K)->45018K(47772K) NonClass: 39244K(40656K)->39244K(40656K) Class: 5774K(7116K)->5774K(7116K)
[2024-06-01T09:36:40.456-0300][gc            ] GC(8) Pause Young (Normal) (G1 Evacuation Pause) 193M->150M(1024M) 16,479ms
[2024-06-01T09:36:40.456-0300][gc,cpu        ] GC(8) User=0,06s Sys=0,00s Real=0,02s
[2024-06-01T09:41:32.876-0300][gc,start      ] GC(9) Pause Young (Normal) (G1 Evacuation Pause)
[2024-06-01T09:41:32.876-0300][gc,task       ] GC(9) Using 4 workers of 4 for evacuation
[2024-06-01T09:41:32.881-0300][gc,phases     ] GC(9)   Pre Evacuate Collection Set: 0,0ms
[2024-06-01T09:41:32.881-0300][gc,phases     ] GC(9)   Evacuate Collection Set: 4,0ms
[2024-06-01T09:41:32.881-0300][gc,phases     ] GC(9)   Post Evacuate Collection Set: 0,6ms
[2024-06-01T09:41:32.881-0300][gc,phases     ] GC(9)   Other: 0,2ms
[2024-06-01T09:41:32.881-0300][gc,heap       ] GC(9) Eden regions: 47->0(45)
[2024-06-01T09:41:32.881-0300][gc,heap       ] GC(9) Survivor regions: 4->6(7)
[2024-06-01T09:41:32.881-0300][gc,heap       ] GC(9) Old regions: 19->19
[2024-06-01T09:41:32.881-0300][gc,heap       ] GC(9) Humongous regions: 129->129
[2024-06-01T09:41:32.881-0300][gc,metaspace  ] GC(9) Metaspace: 45261K(48028K)->45261K(48028K) NonClass: 39487K(40912K)->39487K(40912K) Class: 5774K(7116K)->5774K(7116K)
[2024-06-01T09:41:32.881-0300][gc            ] GC(9) Pause Young (Normal) (G1 Evacuation Pause) 197M->151M(1024M) 4,785ms
[2024-06-01T09:41:32.881-0300][gc,cpu        ] GC(9) User=0,01s Sys=0,01s Real=0,00s
[2024-06-01T09:42:00.227-0300][gc,start      ] GC(10) Pause Young (Normal) (G1 Evacuation Pause)
[2024-06-01T09:42:00.227-0300][gc,task       ] GC(10) Using 4 workers of 4 for evacuation
[2024-06-01T09:42:00.235-0300][gc,phases     ] GC(10)   Pre Evacuate Collection Set: 0,0ms
[2024-06-01T09:42:00.235-0300][gc,phases     ] GC(10)   Evacuate Collection Set: 7,2ms
[2024-06-01T09:42:00.235-0300][gc,phases     ] GC(10)   Post Evacuate Collection Set: 0,6ms
[2024-06-01T09:42:00.235-0300][gc,phases     ] GC(10)   Other: 0,2ms
[2024-06-01T09:42:00.235-0300][gc,heap       ] GC(10) Eden regions: 45->0(47)
[2024-06-01T09:42:00.235-0300][gc,heap       ] GC(10) Survivor regions: 6->4(7)
[2024-06-01T09:42:00.235-0300][gc,heap       ] GC(10) Old regions: 19->21
[2024-06-01T09:42:00.235-0300][gc,heap       ] GC(10) Humongous regions: 129->129
[2024-06-01T09:42:00.235-0300][gc,metaspace  ] GC(10) Metaspace: 45294K(48412K)->45294K(48412K) NonClass: 39510K(41168K)->39510K(41168K) Class: 5783K(7244K)->5783K(7244K)
[2024-06-01T09:42:00.235-0300][gc            ] GC(10) Pause Young (Normal) (G1 Evacuation Pause) 196M->151M(1024M) 8,244ms
[2024-06-01T09:42:00.235-0300][gc,cpu        ] GC(10) User=0,03s Sys=0,00s Real=0,01s
[2024-06-01T09:42:28.634-0300][gc,start      ] GC(11) Pause Young (Normal) (G1 Evacuation Pause)
[2024-06-01T09:42:28.634-0300][gc,task       ] GC(11) Using 4 workers of 4 for evacuation
[2024-06-01T09:42:28.638-0300][gc,phases     ] GC(11)   Pre Evacuate Collection Set: 0,0ms
[2024-06-01T09:42:28.638-0300][gc,phases     ] GC(11)   Evacuate Collection Set: 2,9ms
[2024-06-01T09:42:28.638-0300][gc,phases     ] GC(11)   Post Evacuate Collection Set: 0,5ms
[2024-06-01T09:42:28.638-0300][gc,phases     ] GC(11)   Other: 0,2ms
[2024-06-01T09:42:28.638-0300][gc,heap       ] GC(11) Eden regions: 47->0(46)
[2024-06-01T09:42:28.638-0300][gc,heap       ] GC(11) Survivor regions: 4->5(7)
[2024-06-01T09:42:28.638-0300][gc,heap       ] GC(11) Old regions: 21->21
[2024-06-01T09:42:28.638-0300][gc,heap       ] GC(11) Humongous regions: 129->129
[2024-06-01T09:42:28.638-0300][gc,metaspace  ] GC(11) Metaspace: 45315K(48412K)->45315K(48412K) NonClass: 39531K(41168K)->39531K(41168K) Class: 5783K(7244K)->5783K(7244K)
[2024-06-01T09:42:28.638-0300][gc            ] GC(11) Pause Young (Normal) (G1 Evacuation Pause) 198M->152M(1024M) 3,672ms
[2024-06-01T09:42:28.638-0300][gc,cpu        ] GC(11) User=0,01s Sys=0,00s Real=0,01s
[2024-06-01T09:42:57.851-0300][gc,start      ] GC(12) Pause Young (Normal) (G1 Evacuation Pause)
[2024-06-01T09:42:57.851-0300][gc,task       ] GC(12) Using 4 workers of 4 for evacuation
[2024-06-01T09:42:57.855-0300][gc,phases     ] GC(12)   Pre Evacuate Collection Set: 0,0ms
[2024-06-01T09:42:57.855-0300][gc,phases     ] GC(12)   Evacuate Collection Set: 3,0ms
[2024-06-01T09:42:57.855-0300][gc,phases     ] GC(12)   Post Evacuate Collection Set: 0,3ms
[2024-06-01T09:42:57.855-0300][gc,phases     ] GC(12)   Other: 0,2ms
[2024-06-01T09:42:57.855-0300][gc,heap       ] GC(12) Eden regions: 46->0(61)
[2024-06-01T09:42:57.855-0300][gc,heap       ] GC(12) Survivor regions: 5->3(7)
[2024-06-01T09:42:57.855-0300][gc,heap       ] GC(12) Old regions: 21->23
[2024-06-01T09:42:57.855-0300][gc,heap       ] GC(12) Humongous regions: 129->129
[2024-06-01T09:42:57.855-0300][gc,metaspace  ] GC(12) Metaspace: 45328K(48412K)->45328K(48412K) NonClass: 39545K(41168K)->39545K(41168K) Class: 5783K(7244K)->5783K(7244K)
[2024-06-01T09:42:57.855-0300][gc            ] GC(12) Pause Young (Normal) (G1 Evacuation Pause) 198M->152M(1024M) 3,599ms
[2024-06-01T09:42:57.855-0300][gc,cpu        ] GC(12) User=0,01s Sys=0,00s Real=0,00s
[2024-06-01T09:43:36.861-0300][gc,start      ] GC(13) Pause Young (Normal) (G1 Evacuation Pause)
[2024-06-01T09:43:36.861-0300][gc,task       ] GC(13) Using 4 workers of 4 for evacuation
[2024-06-01T09:43:36.874-0300][gc,phases     ] GC(13)   Pre Evacuate Collection Set: 0,0ms
[2024-06-01T09:43:36.874-0300][gc,phases     ] GC(13)   Evacuate Collection Set: 13,0ms
[2024-06-01T09:43:36.874-0300][gc,phases     ] GC(13)   Post Evacuate Collection Set: 0,4ms
[2024-06-01T09:43:36.874-0300][gc,phases     ] GC(13)   Other: 0,2ms
[2024-06-01T09:43:36.874-0300][gc,heap       ] GC(13) Eden regions: 61->0(62)
[2024-06-01T09:43:36.874-0300][gc,heap       ] GC(13) Survivor regions: 3->4(8)
[2024-06-01T09:43:36.874-0300][gc,heap       ] GC(13) Old regions: 23->23
[2024-06-01T09:43:36.874-0300][gc,heap       ] GC(13) Humongous regions: 129->129
[2024-06-01T09:43:36.874-0300][gc,metaspace  ] GC(13) Metaspace: 45330K(48412K)->45330K(48412K) NonClass: 39546K(41168K)->39546K(41168K) Class: 5783K(7244K)->5783K(7244K)
[2024-06-01T09:43:36.874-0300][gc            ] GC(13) Pause Young (Normal) (G1 Evacuation Pause) 213M->153M(1024M) 13,631ms
[2024-06-01T09:43:36.874-0300][gc,cpu        ] GC(13) User=0,03s Sys=0,00s Real=0,01s
[2024-06-01T09:44:16.950-0300][gc,start      ] GC(14) Pause Young (Normal) (G1 Evacuation Pause)
[2024-06-01T09:44:16.951-0300][gc,task       ] GC(14) Using 4 workers of 4 for evacuation
[2024-06-01T09:44:16.965-0300][gc,phases     ] GC(14)   Pre Evacuate Collection Set: 0,1ms
[2024-06-01T09:44:16.966-0300][gc,phases     ] GC(14)   Evacuate Collection Set: 13,7ms
[2024-06-01T09:44:16.966-0300][gc,phases     ] GC(14)   Post Evacuate Collection Set: 0,8ms
[2024-06-01T09:44:16.966-0300][gc,phases     ] GC(14)   Other: 0,4ms
[2024-06-01T09:44:16.966-0300][gc,heap       ] GC(14) Eden regions: 62->0(62)
[2024-06-01T09:44:16.966-0300][gc,heap       ] GC(14) Survivor regions: 4->6(9)
[2024-06-01T09:44:16.966-0300][gc,heap       ] GC(14) Old regions: 23->23
[2024-06-01T09:44:16.966-0300][gc,heap       ] GC(14) Humongous regions: 129->129
[2024-06-01T09:44:16.966-0300][gc,metaspace  ] GC(14) Metaspace: 45334K(48412K)->45334K(48412K) NonClass: 39550K(41168K)->39550K(41168K) Class: 5784K(7244K)->5784K(7244K)
[2024-06-01T09:44:16.966-0300][gc            ] GC(14) Pause Young (Normal) (G1 Evacuation Pause) 215M->154M(1024M) 15,218ms
[2024-06-01T09:44:16.966-0300][gc,cpu        ] GC(14) User=0,05s Sys=0,00s Real=0,01s
[2024-06-01T09:44:56.629-0300][gc,start      ] GC(15) Pause Young (Normal) (G1 Evacuation Pause)
[2024-06-01T09:44:56.629-0300][gc,task       ] GC(15) Using 4 workers of 4 for evacuation
[2024-06-01T09:44:56.648-0300][gc,phases     ] GC(15)   Pre Evacuate Collection Set: 0,1ms
[2024-06-01T09:44:56.648-0300][gc,phases     ] GC(15)   Evacuate Collection Set: 17,5ms
[2024-06-01T09:44:56.648-0300][gc,phases     ] GC(15)   Post Evacuate Collection Set: 0,9ms
[2024-06-01T09:44:56.648-0300][gc,phases     ] GC(15)   Other: 0,4ms
[2024-06-01T09:44:56.648-0300][gc,heap       ] GC(15) Eden regions: 62->0(61)
[2024-06-01T09:44:56.648-0300][gc,heap       ] GC(15) Survivor regions: 6->5(9)
[2024-06-01T09:44:56.648-0300][gc,heap       ] GC(15) Old regions: 23->23
[2024-06-01T09:44:56.648-0300][gc,heap       ] GC(15) Humongous regions: 129->129
[2024-06-01T09:44:56.648-0300][gc,metaspace  ] GC(15) Metaspace: 45340K(48412K)->45340K(48412K) NonClass: 39556K(41168K)->39556K(41168K) Class: 5784K(7244K)->5784K(7244K)
[2024-06-01T09:44:56.648-0300][gc            ] GC(15) Pause Young (Normal) (G1 Evacuation Pause) 216M->155M(1024M) 18,992ms
[2024-06-01T09:44:56.648-0300][gc,cpu        ] GC(15) User=0,06s Sys=0,01s Real=0,02s
[2024-06-01T09:45:35.608-0300][gc,start      ] GC(16) Pause Young (Normal) (G1 Evacuation Pause)
[2024-06-01T09:45:35.608-0300][gc,task       ] GC(16) Using 4 workers of 4 for evacuation
[2024-06-01T09:45:35.622-0300][gc,phases     ] GC(16)   Pre Evacuate Collection Set: 0,0ms
[2024-06-01T09:45:35.622-0300][gc,phases     ] GC(16)   Evacuate Collection Set: 12,6ms
[2024-06-01T09:45:35.622-0300][gc,phases     ] GC(16)   Post Evacuate Collection Set: 0,8ms
[2024-06-01T09:45:35.622-0300][gc,phases     ] GC(16)   Other: 0,3ms
[2024-06-01T09:45:35.622-0300][gc,heap       ] GC(16) Eden regions: 61->0(62)
[2024-06-01T09:45:35.622-0300][gc,heap       ] GC(16) Survivor regions: 5->6(9)
[2024-06-01T09:45:35.622-0300][gc,heap       ] GC(16) Old regions: 23->24
[2024-06-01T09:45:35.622-0300][gc,heap       ] GC(16) Humongous regions: 129->129
[2024-06-01T09:45:35.622-0300][gc,metaspace  ] GC(16) Metaspace: 45362K(48412K)->45362K(48412K) NonClass: 39578K(41168K)->39578K(41168K) Class: 5784K(7244K)->5784K(7244K)
[2024-06-01T09:45:35.622-0300][gc            ] GC(16) Pause Young (Normal) (G1 Evacuation Pause) 216M->157M(1024M) 13,950ms
[2024-06-01T09:45:35.622-0300][gc,cpu        ] GC(16) User=0,05s Sys=0,00s Real=0,01s
[2024-06-01T09:46:15.173-0300][gc,start      ] GC(17) Pause Young (Normal) (G1 Evacuation Pause)
[2024-06-01T09:46:15.173-0300][gc,task       ] GC(17) Using 4 workers of 4 for evacuation
[2024-06-01T09:46:15.191-0300][gc,phases     ] GC(17)   Pre Evacuate Collection Set: 0,0ms
[2024-06-01T09:46:15.191-0300][gc,phases     ] GC(17)   Evacuate Collection Set: 17,0ms
[2024-06-01T09:46:15.191-0300][gc,phases     ] GC(17)   Post Evacuate Collection Set: 0,7ms
[2024-06-01T09:46:15.191-0300][gc,phases     ] GC(17)   Other: 0,4ms
[2024-06-01T09:46:15.191-0300][gc,heap       ] GC(17) Eden regions: 61->0(61)
[2024-06-01T09:46:15.191-0300][gc,heap       ] GC(17) Survivor regions: 6->6(9)
[2024-06-01T09:46:15.191-0300][gc,heap       ] GC(17) Old regions: 24->25
[2024-06-01T09:46:15.191-0300][gc,heap       ] GC(17) Humongous regions: 129->129
[2024-06-01T09:46:15.191-0300][gc,metaspace  ] GC(17) Metaspace: 45379K(48412K)->45379K(48412K) NonClass: 39594K(41168K)->39594K(41168K) Class: 5784K(7244K)->5784K(7244K)
[2024-06-01T09:46:15.191-0300][gc            ] GC(17) Pause Young (Normal) (G1 Evacuation Pause) 218M->158M(1024M) 18,365ms
[2024-06-01T09:46:15.191-0300][gc,cpu        ] GC(17) User=0,06s Sys=0,00s Real=0,02s
[2024-06-01T09:47:28.803-0300][gc,start      ] GC(18) Pause Young (Normal) (G1 Evacuation Pause)
[2024-06-01T09:47:28.803-0300][gc,task       ] GC(18) Using 4 workers of 4 for evacuation
[2024-06-01T09:47:28.823-0300][gc,mmu        ] GC(18) MMU target violated: 20,4ms (20,0ms/21,0ms)
[2024-06-01T09:47:28.823-0300][gc,phases     ] GC(18)   Pre Evacuate Collection Set: 0,1ms
[2024-06-01T09:47:28.823-0300][gc,phases     ] GC(18)   Evacuate Collection Set: 19,5ms
[2024-06-01T09:47:28.823-0300][gc,phases     ] GC(18)   Post Evacuate Collection Set: 0,7ms
[2024-06-01T09:47:28.823-0300][gc,phases     ] GC(18)   Other: 0,5ms
[2024-06-01T09:47:28.823-0300][gc,heap       ] GC(18) Eden regions: 60->0(61)
[2024-06-01T09:47:28.823-0300][gc,heap       ] GC(18) Survivor regions: 6->6(9)
[2024-06-01T09:47:28.823-0300][gc,heap       ] GC(18) Old regions: 25->26
[2024-06-01T09:47:28.823-0300][gc,heap       ] GC(18) Humongous regions: 129->129
[2024-06-01T09:47:28.823-0300][gc,metaspace  ] GC(18) Metaspace: 45385K(48412K)->45385K(48412K) NonClass: 39601K(41168K)->39601K(41168K) Class: 5784K(7244K)->5784K(7244K)
[2024-06-01T09:47:28.823-0300][gc            ] GC(18) Pause Young (Normal) (G1 Evacuation Pause) 218M->159M(1024M) 20,887ms
[2024-06-01T09:47:28.823-0300][gc,cpu        ] GC(18) User=0,07s Sys=0,00s Real=0,02s
[2024-06-01T09:47:58.119-0300][gc,start      ] GC(19) Pause Young (Normal) (G1 Evacuation Pause)
[2024-06-01T09:47:58.119-0300][gc,task       ] GC(19) Using 4 workers of 4 for evacuation
[2024-06-01T09:47:58.138-0300][gc,phases     ] GC(19)   Pre Evacuate Collection Set: 0,1ms
[2024-06-01T09:47:58.138-0300][gc,phases     ] GC(19)   Evacuate Collection Set: 17,3ms
[2024-06-01T09:47:58.138-0300][gc,phases     ] GC(19)   Post Evacuate Collection Set: 0,9ms
[2024-06-01T09:47:58.138-0300][gc,phases     ] GC(19)   Other: 0,4ms
[2024-06-01T09:47:58.138-0300][gc,heap       ] GC(19) Eden regions: 45->0(53)
[2024-06-01T09:47:58.138-0300][gc,heap       ] GC(19) Survivor regions: 6->5(7)
[2024-06-01T09:47:58.138-0300][gc,heap       ] GC(19) Old regions: 26->28
[2024-06-01T09:47:58.138-0300][gc,heap       ] GC(19) Humongous regions: 129->129
[2024-06-01T09:47:58.138-0300][gc,metaspace  ] GC(19) Metaspace: 45386K(48412K)->45386K(48412K) NonClass: 39602K(41168K)->39602K(41168K) Class: 5784K(7244K)->5784K(7244K)
[2024-06-01T09:47:58.138-0300][gc            ] GC(19) Pause Young (Normal) (G1 Evacuation Pause) 204M->160M(1024M) 18,836ms
[2024-06-01T09:47:58.138-0300][gc,cpu        ] GC(19) User=0,07s Sys=0,00s Real=0,02s
[2024-06-01T09:48:30.879-0300][gc,start      ] GC(20) Pause Young (Normal) (G1 Evacuation Pause)
[2024-06-01T09:48:30.879-0300][gc,task       ] GC(20) Using 4 workers of 4 for evacuation
[2024-06-01T09:48:30.883-0300][gc,phases     ] GC(20)   Pre Evacuate Collection Set: 0,0ms
[2024-06-01T09:48:30.883-0300][gc,phases     ] GC(20)   Evacuate Collection Set: 4,1ms
[2024-06-01T09:48:30.883-0300][gc,phases     ] GC(20)   Post Evacuate Collection Set: 0,4ms
[2024-06-01T09:48:30.883-0300][gc,phases     ] GC(20)   Other: 0,2ms
[2024-06-01T09:48:30.883-0300][gc,heap       ] GC(20) Eden regions: 48->0(64)
[2024-06-01T09:48:30.883-0300][gc,heap       ] GC(20) Survivor regions: 5->5(7)
[2024-06-01T09:48:30.883-0300][gc,heap       ] GC(20) Old regions: 28->29
[2024-06-01T09:48:30.883-0300][gc,heap       ] GC(20) Humongous regions: 129->129
[2024-06-01T09:48:30.883-0300][gc,metaspace  ] GC(20) Metaspace: 45389K(48412K)->45389K(48412K) NonClass: 39605K(41168K)->39605K(41168K) Class: 5784K(7244K)->5784K(7244K)
[2024-06-01T09:48:30.883-0300][gc            ] GC(20) Pause Young (Normal) (G1 Evacuation Pause) 208M->160M(1024M) 4,777ms
[2024-06-01T09:48:30.883-0300][gc,cpu        ] GC(20) User=0,02s Sys=0,00s Real=0,00s
[2024-06-01T09:49:12.161-0300][gc,start      ] GC(21) Pause Young (Normal) (G1 Evacuation Pause)
[2024-06-01T09:49:12.161-0300][gc,task       ] GC(21) Using 4 workers of 4 for evacuation
[2024-06-01T09:49:12.181-0300][gc,mmu        ] GC(21) MMU target violated: 20,5ms (20,0ms/21,0ms)
[2024-06-01T09:49:12.181-0300][gc,phases     ] GC(21)   Pre Evacuate Collection Set: 0,1ms
[2024-06-01T09:49:12.181-0300][gc,phases     ] GC(21)   Evacuate Collection Set: 19,5ms
[2024-06-01T09:49:12.181-0300][gc,phases     ] GC(21)   Post Evacuate Collection Set: 0,8ms
[2024-06-01T09:49:12.181-0300][gc,phases     ] GC(21)   Other: 0,5ms
[2024-06-01T09:49:12.181-0300][gc,heap       ] GC(21) Eden regions: 64->0(62)
[2024-06-01T09:49:12.181-0300][gc,heap       ] GC(21) Survivor regions: 5->6(9)
[2024-06-01T09:49:12.181-0300][gc,heap       ] GC(21) Old regions: 29->29
[2024-06-01T09:49:12.181-0300][gc,heap       ] GC(21) Humongous regions: 129->129
[2024-06-01T09:49:12.181-0300][gc,metaspace  ] GC(21) Metaspace: 45391K(48412K)->45391K(48412K) NonClass: 39607K(41168K)->39607K(41168K) Class: 5784K(7244K)->5784K(7244K)
[2024-06-01T09:49:12.182-0300][gc            ] GC(21) Pause Young (Normal) (G1 Evacuation Pause) 224M->162M(1024M) 20,980ms
[2024-06-01T09:49:12.182-0300][gc,cpu        ] GC(21) User=0,06s Sys=0,00s Real=0,02s
[2024-06-01T09:49:49.011-0300][gc,start      ] GC(22) Pause Young (Normal) (G1 Evacuation Pause)
[2024-06-01T09:49:49.011-0300][gc,task       ] GC(22) Using 4 workers of 4 for evacuation
[2024-06-01T09:49:49.032-0300][gc,mmu        ] GC(22) MMU target violated: 21,0ms (20,0ms/21,0ms)
[2024-06-01T09:49:49.032-0300][gc,phases     ] GC(22)   Pre Evacuate Collection Set: 0,1ms
[2024-06-01T09:49:49.032-0300][gc,phases     ] GC(22)   Evacuate Collection Set: 19,9ms
[2024-06-01T09:49:49.032-0300][gc,phases     ] GC(22)   Post Evacuate Collection Set: 0,9ms
[2024-06-01T09:49:49.033-0300][gc,phases     ] GC(22)   Other: 0,5ms
[2024-06-01T09:49:49.033-0300][gc,heap       ] GC(22) Eden regions: 57->0(61)
[2024-06-01T09:49:49.033-0300][gc,heap       ] GC(22) Survivor regions: 6->5(8)
[2024-06-01T09:49:49.033-0300][gc,heap       ] GC(22) Old regions: 29->32
[2024-06-01T09:49:49.033-0300][gc,heap       ] GC(22) Humongous regions: 129->129
[2024-06-01T09:49:49.033-0300][gc,metaspace  ] GC(22) Metaspace: 45395K(48412K)->45395K(48412K) NonClass: 39611K(41168K)->39611K(41168K) Class: 5784K(7244K)->5784K(7244K)
[2024-06-01T09:49:49.033-0300][gc            ] GC(22) Pause Young (Normal) (G1 Evacuation Pause) 219M->163M(1024M) 21,587ms
[2024-06-01T09:49:49.033-0300][gc,cpu        ] GC(22) User=0,07s Sys=0,01s Real=0,02s
[2024-06-01T09:50:28.672-0300][gc,start      ] GC(23) Pause Young (Normal) (G1 Evacuation Pause)
[2024-06-01T09:50:28.672-0300][gc,task       ] GC(23) Using 4 workers of 4 for evacuation
[2024-06-01T09:50:28.685-0300][gc,phases     ] GC(23)   Pre Evacuate Collection Set: 0,0ms
[2024-06-01T09:50:28.685-0300][gc,phases     ] GC(23)   Evacuate Collection Set: 11,9ms
[2024-06-01T09:50:28.685-0300][gc,phases     ] GC(23)   Post Evacuate Collection Set: 0,8ms
[2024-06-01T09:50:28.685-0300][gc,phases     ] GC(23)   Other: 0,3ms
[2024-06-01T09:50:28.685-0300][gc,heap       ] GC(23) Eden regions: 61->0(64)
[2024-06-01T09:50:28.685-0300][gc,heap       ] GC(23) Survivor regions: 5->5(9)
[2024-06-01T09:50:28.685-0300][gc,heap       ] GC(23) Old regions: 32->32
[2024-06-01T09:50:28.685-0300][gc,heap       ] GC(23) Humongous regions: 129->129
[2024-06-01T09:50:28.685-0300][gc,metaspace  ] GC(23) Metaspace: 45396K(48412K)->45396K(48412K) NonClass: 39612K(41168K)->39612K(41168K) Class: 5784K(7244K)->5784K(7244K)
[2024-06-01T09:50:28.685-0300][gc            ] GC(23) Pause Young (Normal) (G1 Evacuation Pause) 224M->163M(1024M) 13,257ms
[2024-06-01T09:50:28.685-0300][gc,cpu        ] GC(23) User=0,05s Sys=0,00s Real=0,01s
[2024-06-01T09:51:05.350-0300][gc,start      ] GC(24) Pause Young (Normal) (G1 Evacuation Pause)
[2024-06-01T09:51:05.350-0300][gc,task       ] GC(24) Using 4 workers of 4 for evacuation
[2024-06-01T09:51:05.375-0300][gc,mmu        ] GC(24) MMU target violated: 21,0ms (20,0ms/21,0ms)
[2024-06-01T09:51:05.375-0300][gc,phases     ] GC(24)   Pre Evacuate Collection Set: 0,1ms
[2024-06-01T09:51:05.375-0300][gc,phases     ] GC(24)   Evacuate Collection Set: 24,1ms
[2024-06-01T09:51:05.375-0300][gc,phases     ] GC(24)   Post Evacuate Collection Set: 0,8ms
[2024-06-01T09:51:05.375-0300][gc,phases     ] GC(24)   Other: 0,5ms
[2024-06-01T09:51:05.375-0300][gc,heap       ] GC(24) Eden regions: 57->0(59)
[2024-06-01T09:51:05.375-0300][gc,heap       ] GC(24) Survivor regions: 5->6(8)
[2024-06-01T09:51:05.375-0300][gc,heap       ] GC(24) Old regions: 32->32
[2024-06-01T09:51:05.375-0300][gc,heap       ] GC(24) Humongous regions: 129->129
[2024-06-01T09:51:05.375-0300][gc,metaspace  ] GC(24) Metaspace: 45408K(48412K)->45408K(48412K) NonClass: 39624K(41168K)->39624K(41168K) Class: 5784K(7244K)->5784K(7244K)
[2024-06-01T09:51:05.375-0300][gc            ] GC(24) Pause Young (Normal) (G1 Evacuation Pause) 220M->164M(1024M) 25,514ms
[2024-06-01T09:51:05.375-0300][gc,cpu        ] GC(24) User=0,07s Sys=0,00s Real=0,03s
[2024-06-01T09:51:36.195-0300][gc,start      ] GC(25) Pause Young (Normal) (G1 Evacuation Pause)
[2024-06-01T09:51:36.195-0300][gc,task       ] GC(25) Using 4 workers of 4 for evacuation
[2024-06-01T09:51:36.211-0300][gc,phases     ] GC(25)   Pre Evacuate Collection Set: 0,0ms
[2024-06-01T09:51:36.211-0300][gc,phases     ] GC(25)   Evacuate Collection Set: 15,0ms
[2024-06-01T09:51:36.211-0300][gc,phases     ] GC(25)   Post Evacuate Collection Set: 0,6ms
[2024-06-01T09:51:36.211-0300][gc,phases     ] GC(25)   Other: 0,4ms
[2024-06-01T09:51:36.211-0300][gc,heap       ] GC(25) Eden regions: 48->0(60)
[2024-06-01T09:51:36.211-0300][gc,heap       ] GC(25) Survivor regions: 6->4(7)
[2024-06-01T09:51:36.211-0300][gc,heap       ] GC(25) Old regions: 32->34
[2024-06-01T09:51:36.211-0300][gc,heap       ] GC(25) Humongous regions: 129->129
[2024-06-01T09:51:36.211-0300][gc,metaspace  ] GC(25) Metaspace: 45408K(48412K)->45408K(48412K) NonClass: 39624K(41168K)->39624K(41168K) Class: 5784K(7244K)->5784K(7244K)
[2024-06-01T09:51:36.211-0300][gc            ] GC(25) Pause Young (Normal) (G1 Evacuation Pause) 212M->165M(1024M) 16,301ms
[2024-06-01T09:51:36.211-0300][gc,cpu        ] GC(25) User=0,05s Sys=0,01s Real=0,02s
[2024-06-01T09:52:11.873-0300][gc,start      ] GC(26) Pause Young (Normal) (G1 Evacuation Pause)
[2024-06-01T09:52:11.873-0300][gc,task       ] GC(26) Using 4 workers of 4 for evacuation
[2024-06-01T09:52:11.890-0300][gc,phases     ] GC(26)   Pre Evacuate Collection Set: 0,1ms
[2024-06-01T09:52:11.890-0300][gc,phases     ] GC(26)   Evacuate Collection Set: 15,1ms
[2024-06-01T09:52:11.890-0300][gc,phases     ] GC(26)   Post Evacuate Collection Set: 1,0ms
[2024-06-01T09:52:11.890-0300][gc,phases     ] GC(26)   Other: 0,4ms
[2024-06-01T09:52:11.890-0300][gc,heap       ] GC(26) Eden regions: 55->0(56)
[2024-06-01T09:52:11.890-0300][gc,heap       ] GC(26) Survivor regions: 4->5(8)
[2024-06-01T09:52:11.890-0300][gc,heap       ] GC(26) Old regions: 34->34
[2024-06-01T09:52:11.890-0300][gc,heap       ] GC(26) Humongous regions: 129->129
[2024-06-01T09:52:11.890-0300][gc,metaspace  ] GC(26) Metaspace: 45411K(48412K)->45411K(48412K) NonClass: 39627K(41168K)->39627K(41168K) Class: 5784K(7244K)->5784K(7244K)
[2024-06-01T09:52:11.890-0300][gc            ] GC(26) Pause Young (Normal) (G1 Evacuation Pause) 220M->166M(1024M) 16,783ms
[2024-06-01T09:52:11.890-0300][gc,cpu        ] GC(26) User=0,06s Sys=0,00s Real=0,02s
[2024-06-01T09:52:47.236-0300][gc,start      ] GC(27) Pause Young (Normal) (G1 Evacuation Pause)
[2024-06-01T09:52:47.236-0300][gc,task       ] GC(27) Using 4 workers of 4 for evacuation
[2024-06-01T09:52:47.255-0300][gc,phases     ] GC(27)   Pre Evacuate Collection Set: 0,1ms
[2024-06-01T09:52:47.255-0300][gc,phases     ] GC(27)   Evacuate Collection Set: 17,6ms
[2024-06-01T09:52:47.255-0300][gc,phases     ] GC(27)   Post Evacuate Collection Set: 1,0ms
[2024-06-01T09:52:47.255-0300][gc,phases     ] GC(27)   Other: 0,4ms
[2024-06-01T09:52:47.255-0300][gc,heap       ] GC(27) Eden regions: 56->0(56)
[2024-06-01T09:52:47.255-0300][gc,heap       ] GC(27) Survivor regions: 5->5(8)
[2024-06-01T09:52:47.255-0300][gc,heap       ] GC(27) Old regions: 34->35
[2024-06-01T09:52:47.255-0300][gc,heap       ] GC(27) Humongous regions: 129->129
[2024-06-01T09:52:47.255-0300][gc,metaspace  ] GC(27) Metaspace: 45411K(48412K)->45411K(48412K) NonClass: 39627K(41168K)->39627K(41168K) Class: 5784K(7244K)->5784K(7244K)
[2024-06-01T09:52:47.255-0300][gc            ] GC(27) Pause Young (Normal) (G1 Evacuation Pause) 222M->167M(1024M) 19,370ms
[2024-06-01T09:52:47.255-0300][gc,cpu        ] GC(27) User=0,07s Sys=0,00s Real=0,02s
[2024-06-01T09:53:16.838-0300][gc,start      ] GC(28) Pause Young (Normal) (G1 Evacuation Pause)
[2024-06-01T09:53:16.838-0300][gc,task       ] GC(28) Using 4 workers of 4 for evacuation
[2024-06-01T09:53:16.844-0300][gc,phases     ] GC(28)   Pre Evacuate Collection Set: 0,0ms
[2024-06-01T09:53:16.844-0300][gc,phases     ] GC(28)   Evacuate Collection Set: 4,6ms
[2024-06-01T09:53:16.844-0300][gc,phases     ] GC(28)   Post Evacuate Collection Set: 0,4ms
[2024-06-01T09:53:16.844-0300][gc,phases     ] GC(28)   Other: 0,2ms
[2024-06-01T09:53:16.844-0300][gc,heap       ] GC(28) Eden regions: 46->0(54)
[2024-06-01T09:53:16.844-0300][gc,heap       ] GC(28) Survivor regions: 5->4(7)
[2024-06-01T09:53:16.844-0300][gc,heap       ] GC(28) Old regions: 35->37
[2024-06-01T09:53:16.844-0300][gc,heap       ] GC(28) Humongous regions: 129->129
[2024-06-01T09:53:16.844-0300][gc,metaspace  ] GC(28) Metaspace: 45412K(48412K)->45412K(48412K) NonClass: 39627K(41168K)->39627K(41168K) Class: 5784K(7244K)->5784K(7244K)
[2024-06-01T09:53:16.844-0300][gc            ] GC(28) Pause Young (Normal) (G1 Evacuation Pause) 213M->168M(1024M) 5,356ms
[2024-06-01T09:53:16.844-0300][gc,cpu        ] GC(28) User=0,02s Sys=0,00s Real=0,00s
[2024-06-01T09:53:54.706-0300][gc,start      ] GC(29) Pause Young (Normal) (G1 Evacuation Pause)
[2024-06-01T09:53:54.706-0300][gc,task       ] GC(29) Using 4 workers of 4 for evacuation
[2024-06-01T09:53:54.712-0300][gc,phases     ] GC(29)   Pre Evacuate Collection Set: 0,0ms
[2024-06-01T09:53:54.712-0300][gc,phases     ] GC(29)   Evacuate Collection Set: 4,9ms
[2024-06-01T09:53:54.712-0300][gc,phases     ] GC(29)   Post Evacuate Collection Set: 0,5ms
[2024-06-01T09:53:54.712-0300][gc,phases     ] GC(29)   Other: 0,2ms
[2024-06-01T09:53:54.712-0300][gc,heap       ] GC(29) Eden regions: 54->0(60)
[2024-06-01T09:53:54.712-0300][gc,heap       ] GC(29) Survivor regions: 4->5(8)
[2024-06-01T09:53:54.712-0300][gc,heap       ] GC(29) Old regions: 37->37
[2024-06-01T09:53:54.712-0300][gc,heap       ] GC(29) Humongous regions: 129->129
[2024-06-01T09:53:54.712-0300][gc,metaspace  ] GC(29) Metaspace: 45412K(48412K)->45412K(48412K) NonClass: 39628K(41168K)->39628K(41168K) Class: 5784K(7244K)->5784K(7244K)
[2024-06-01T09:53:54.712-0300][gc            ] GC(29) Pause Young (Normal) (G1 Evacuation Pause) 222M->168M(1024M) 5,783ms
[2024-06-01T09:53:54.712-0300][gc,cpu        ] GC(29) User=0,02s Sys=0,00s Real=0,01s
[2024-06-01T09:54:33.172-0300][gc,start      ] GC(30) Pause Young (Normal) (G1 Evacuation Pause)
[2024-06-01T09:54:33.172-0300][gc,task       ] GC(30) Using 4 workers of 4 for evacuation
[2024-06-01T09:54:33.189-0300][gc,phases     ] GC(30)   Pre Evacuate Collection Set: 0,1ms
[2024-06-01T09:54:33.189-0300][gc,phases     ] GC(30)   Evacuate Collection Set: 15,5ms
[2024-06-01T09:54:33.189-0300][gc,phases     ] GC(30)   Post Evacuate Collection Set: 0,9ms
[2024-06-01T09:54:33.189-0300][gc,phases     ] GC(30)   Other: 0,4ms
[2024-06-01T09:54:33.189-0300][gc,heap       ] GC(30) Eden regions: 60->0(57)
[2024-06-01T09:54:33.189-0300][gc,heap       ] GC(30) Survivor regions: 5->5(9)
[2024-06-01T09:54:33.189-0300][gc,heap       ] GC(30) Old regions: 37->37
[2024-06-01T09:54:33.189-0300][gc,heap       ] GC(30) Humongous regions: 129->129
[2024-06-01T09:54:33.190-0300][gc,metaspace  ] GC(30) Metaspace: 45415K(48412K)->45415K(48412K) NonClass: 39631K(41168K)->39631K(41168K) Class: 5784K(7244K)->5784K(7244K)
[2024-06-01T09:54:33.190-0300][gc            ] GC(30) Pause Young (Normal) (G1 Evacuation Pause) 228M->169M(1024M) 17,162ms
[2024-06-01T09:54:33.190-0300][gc,cpu        ] GC(30) User=0,07s Sys=0,00s Real=0,02s
[2024-06-01T09:55:16.698-0300][gc,start      ] GC(31) Pause Young (Normal) (G1 Evacuation Pause)
[2024-06-01T09:55:16.698-0300][gc,task       ] GC(31) Using 4 workers of 4 for evacuation
[2024-06-01T09:55:16.705-0300][gc,phases     ] GC(31)   Pre Evacuate Collection Set: 0,0ms
[2024-06-01T09:55:16.705-0300][gc,phases     ] GC(31)   Evacuate Collection Set: 6,0ms
[2024-06-01T09:55:16.705-0300][gc,phases     ] GC(31)   Post Evacuate Collection Set: 0,7ms
[2024-06-01T09:55:16.705-0300][gc,phases     ] GC(31)   Other: 0,2ms
[2024-06-01T09:55:16.705-0300][gc,heap       ] GC(31) Eden regions: 57->0(61)
[2024-06-01T09:55:16.705-0300][gc,heap       ] GC(31) Survivor regions: 5->5(8)
[2024-06-01T09:55:16.705-0300][gc,heap       ] GC(31) Old regions: 37->39
[2024-06-01T09:55:16.705-0300][gc,heap       ] GC(31) Humongous regions: 129->129
[2024-06-01T09:55:16.705-0300][gc,metaspace  ] GC(31) Metaspace: 45421K(48412K)->45421K(48412K) NonClass: 39637K(41168K)->39637K(41168K) Class: 5784K(7244K)->5784K(7244K)
[2024-06-01T09:55:16.705-0300][gc            ] GC(31) Pause Young (Normal) (G1 Evacuation Pause) 226M->170M(1024M) 7,125ms
[2024-06-01T09:55:16.705-0300][gc,cpu        ] GC(31) User=0,02s Sys=0,01s Real=0,00s
[2024-06-01T09:55:59.656-0300][gc,start      ] GC(32) Pause Young (Normal) (G1 Evacuation Pause)
[2024-06-01T09:55:59.656-0300][gc,task       ] GC(32) Using 4 workers of 4 for evacuation
[2024-06-01T09:55:59.663-0300][gc,phases     ] GC(32)   Pre Evacuate Collection Set: 0,0ms
[2024-06-01T09:55:59.663-0300][gc,phases     ] GC(32)   Evacuate Collection Set: 6,7ms
[2024-06-01T09:55:59.663-0300][gc,phases     ] GC(32)   Post Evacuate Collection Set: 0,4ms
[2024-06-01T09:55:59.663-0300][gc,phases     ] GC(32)   Other: 0,2ms
[2024-06-01T09:55:59.663-0300][gc,heap       ] GC(32) Eden regions: 61->0(66)
[2024-06-01T09:55:59.663-0300][gc,heap       ] GC(32) Survivor regions: 5->6(9)
[2024-06-01T09:55:59.663-0300][gc,heap       ] GC(32) Old regions: 39->39
[2024-06-01T09:55:59.663-0300][gc,heap       ] GC(32) Humongous regions: 129->129
[2024-06-01T09:55:59.663-0300][gc,metaspace  ] GC(32) Metaspace: 45436K(48412K)->45436K(48412K) NonClass: 39651K(41168K)->39651K(41168K) Class: 5784K(7244K)->5784K(7244K)
[2024-06-01T09:55:59.663-0300][gc            ] GC(32) Pause Young (Normal) (G1 Evacuation Pause) 231M->171M(1024M) 7,469ms
[2024-06-01T09:55:59.663-0300][gc,cpu        ] GC(32) User=0,02s Sys=0,00s Real=0,00s
[2024-06-01T09:56:42.609-0300][gc,start      ] GC(33) Pause Young (Normal) (G1 Evacuation Pause)
[2024-06-01T09:56:42.609-0300][gc,task       ] GC(33) Using 4 workers of 4 for evacuation
[2024-06-01T09:56:42.631-0300][gc,mmu        ] GC(33) MMU target violated: 21,0ms (20,0ms/21,0ms)
[2024-06-01T09:56:42.631-0300][gc,phases     ] GC(33)   Pre Evacuate Collection Set: 0,1ms
[2024-06-01T09:56:42.631-0300][gc,phases     ] GC(33)   Evacuate Collection Set: 21,2ms
[2024-06-01T09:56:42.631-0300][gc,phases     ] GC(33)   Post Evacuate Collection Set: 0,9ms
[2024-06-01T09:56:42.631-0300][gc,phases     ] GC(33)   Other: 0,6ms
[2024-06-01T09:56:42.631-0300][gc,heap       ] GC(33) Eden regions: 66->0(62)
[2024-06-01T09:56:42.631-0300][gc,heap       ] GC(33) Survivor regions: 6->7(9)
[2024-06-01T09:56:42.632-0300][gc,heap       ] GC(33) Old regions: 39->40
[2024-06-01T09:56:42.632-0300][gc,heap       ] GC(33) Humongous regions: 129->129
[2024-06-01T09:56:42.632-0300][gc,metaspace  ] GC(33) Metaspace: 45443K(48412K)->45443K(48412K) NonClass: 39659K(41168K)->39659K(41168K) Class: 5784K(7244K)->5784K(7244K)
[2024-06-01T09:56:42.632-0300][gc            ] GC(33) Pause Young (Normal) (G1 Evacuation Pause) 237M->173M(1024M) 22,984ms
[2024-06-01T09:56:42.632-0300][gc,cpu        ] GC(33) User=0,09s Sys=0,00s Real=0,02s
[2024-06-01T09:57:22.074-0300][gc,start      ] GC(34) Pause Young (Normal) (G1 Evacuation Pause)
[2024-06-01T09:57:22.074-0300][gc,task       ] GC(34) Using 4 workers of 4 for evacuation
[2024-06-01T09:57:22.096-0300][gc,mmu        ] GC(34) MMU target violated: 21,0ms (20,0ms/21,0ms)
[2024-06-01T09:57:22.096-0300][gc,phases     ] GC(34)   Pre Evacuate Collection Set: 0,1ms
[2024-06-01T09:57:22.096-0300][gc,phases     ] GC(34)   Evacuate Collection Set: 21,3ms
[2024-06-01T09:57:22.096-0300][gc,phases     ] GC(34)   Post Evacuate Collection Set: 1,0ms
[2024-06-01T09:57:22.097-0300][gc,phases     ] GC(34)   Other: 0,5ms
[2024-06-01T09:57:22.097-0300][gc,heap       ] GC(34) Eden regions: 61->0(58)
[2024-06-01T09:57:22.097-0300][gc,heap       ] GC(34) Survivor regions: 7->6(9)
[2024-06-01T09:57:22.097-0300][gc,heap       ] GC(34) Old regions: 40->41
[2024-06-01T09:57:22.097-0300][gc,heap       ] GC(34) Humongous regions: 129->129
[2024-06-01T09:57:22.097-0300][gc,metaspace  ] GC(34) Metaspace: 45446K(48412K)->45446K(48412K) NonClass: 39662K(41168K)->39662K(41168K) Class: 5784K(7244K)->5784K(7244K)
[2024-06-01T09:57:22.097-0300][gc            ] GC(34) Pause Young (Normal) (G1 Evacuation Pause) 234M->174M(1024M) 23,032ms
[2024-06-01T09:57:22.097-0300][gc,cpu        ] GC(34) User=0,08s Sys=0,00s Real=0,03s
[2024-06-01T09:57:57.923-0300][gc,start      ] GC(35) Pause Young (Normal) (G1 Evacuation Pause)
[2024-06-01T09:57:57.923-0300][gc,task       ] GC(35) Using 4 workers of 4 for evacuation
[2024-06-01T09:57:57.931-0300][gc,phases     ] GC(35)   Pre Evacuate Collection Set: 0,0ms
[2024-06-01T09:57:57.931-0300][gc,phases     ] GC(35)   Evacuate Collection Set: 7,3ms
[2024-06-01T09:57:57.931-0300][gc,phases     ] GC(35)   Post Evacuate Collection Set: 0,4ms
[2024-06-01T09:57:57.931-0300][gc,phases     ] GC(35)   Other: 0,2ms
[2024-06-01T09:57:57.931-0300][gc,heap       ] GC(35) Eden regions: 50->0(68)
[2024-06-01T09:57:57.931-0300][gc,heap       ] GC(35) Survivor regions: 6->5(7)
[2024-06-01T09:57:57.931-0300][gc,heap       ] GC(35) Old regions: 41->43
[2024-06-01T09:57:57.931-0300][gc,heap       ] GC(35) Humongous regions: 129->129
[2024-06-01T09:57:57.931-0300][gc,metaspace  ] GC(35) Metaspace: 45451K(48412K)->45451K(48412K) NonClass: 39667K(41168K)->39667K(41168K) Class: 5784K(7244K)->5784K(7244K)
[2024-06-01T09:57:57.931-0300][gc            ] GC(35) Pause Young (Normal) (G1 Evacuation Pause) 224M->174M(1024M) 7,983ms
[2024-06-01T09:57:57.931-0300][gc,cpu        ] GC(35) User=0,03s Sys=0,00s Real=0,01s
[2024-06-01T09:58:38.284-0300][gc,start      ] GC(36) Pause Young (Normal) (G1 Evacuation Pause)
[2024-06-01T09:58:38.284-0300][gc,task       ] GC(36) Using 4 workers of 4 for evacuation
[2024-06-01T09:58:38.290-0300][gc,phases     ] GC(36)   Pre Evacuate Collection Set: 0,0ms
[2024-06-01T09:58:38.290-0300][gc,phases     ] GC(36)   Evacuate Collection Set: 5,5ms
[2024-06-01T09:58:38.290-0300][gc,phases     ] GC(36)   Post Evacuate Collection Set: 0,4ms
[2024-06-01T09:58:38.290-0300][gc,phases     ] GC(36)   Other: 0,2ms
[2024-06-01T09:58:38.290-0300][gc,heap       ] GC(36) Eden regions: 63->0(83)
[2024-06-01T09:58:38.290-0300][gc,heap       ] GC(36) Survivor regions: 5->6(9)
[2024-06-01T09:58:38.290-0300][gc,heap       ] GC(36) Old regions: 43->43
[2024-06-01T09:58:38.290-0300][gc,heap       ] GC(36) Humongous regions: 129->129
[2024-06-01T09:58:38.290-0300][gc,metaspace  ] GC(36) Metaspace: 45484K(48412K)->45484K(48412K) NonClass: 39700K(41168K)->39700K(41168K) Class: 5784K(7244K)->5784K(7244K)
[2024-06-01T09:58:38.290-0300][gc            ] GC(36) Pause Young (Normal) (G1 Evacuation Pause) 237M->175M(1024M) 6,144ms
[2024-06-01T09:58:38.290-0300][gc,cpu        ] GC(36) User=0,02s Sys=0,00s Real=0,01s
[2024-06-01T09:59:31.316-0300][gc,start      ] GC(37) Pause Young (Normal) (G1 Evacuation Pause)
[2024-06-01T09:59:31.317-0300][gc,task       ] GC(37) Using 4 workers of 4 for evacuation
[2024-06-01T09:59:31.339-0300][gc,mmu        ] GC(37) MMU target violated: 21,0ms (20,0ms/21,0ms)
[2024-06-01T09:59:31.339-0300][gc,phases     ] GC(37)   Pre Evacuate Collection Set: 0,1ms
[2024-06-01T09:59:31.340-0300][gc,phases     ] GC(37)   Evacuate Collection Set: 21,5ms
[2024-06-01T09:59:31.340-0300][gc,phases     ] GC(37)   Post Evacuate Collection Set: 1,0ms
[2024-06-01T09:59:31.340-0300][gc,phases     ] GC(37)   Other: 0,5ms
[2024-06-01T09:59:31.340-0300][gc,heap       ] GC(37) Eden regions: 83->0(72)
[2024-06-01T09:59:31.340-0300][gc,heap       ] GC(37) Survivor regions: 6->7(12)
[2024-06-01T09:59:31.340-0300][gc,heap       ] GC(37) Old regions: 43->43
[2024-06-01T09:59:31.340-0300][gc,heap       ] GC(37) Humongous regions: 129->129
[2024-06-01T09:59:31.340-0300][gc,metaspace  ] GC(37) Metaspace: 45495K(48412K)->45495K(48412K) NonClass: 39710K(41168K)->39710K(41168K) Class: 5784K(7244K)->5784K(7244K)
[2024-06-01T09:59:31.340-0300][gc            ] GC(37) Pause Young (Normal) (G1 Evacuation Pause) 258M->177M(1024M) 23,247ms
[2024-06-01T09:59:31.340-0300][gc,cpu        ] GC(37) User=0,07s Sys=0,01s Real=0,02s
[2024-06-01T10:00:10.043-0300][gc,start      ] GC(38) Pause Young (Normal) (G1 Evacuation Pause)
[2024-06-01T10:00:10.043-0300][gc,task       ] GC(38) Using 4 workers of 4 for evacuation
[2024-06-01T10:00:10.066-0300][gc,mmu        ] GC(38) MMU target violated: 21,0ms (20,0ms/21,0ms)
[2024-06-01T10:00:10.066-0300][gc,phases     ] GC(38)   Pre Evacuate Collection Set: 0,1ms
[2024-06-01T10:00:10.066-0300][gc,phases     ] GC(38)   Evacuate Collection Set: 21,9ms
[2024-06-01T10:00:10.066-0300][gc,phases     ] GC(38)   Post Evacuate Collection Set: 1,0ms
[2024-06-01T10:00:10.066-0300][gc,phases     ] GC(38)   Other: 0,5ms
[2024-06-01T10:00:10.066-0300][gc,heap       ] GC(38) Eden regions: 60->0(60)
[2024-06-01T10:00:10.066-0300][gc,heap       ] GC(38) Survivor regions: 7->6(9)
[2024-06-01T10:00:10.066-0300][gc,heap       ] GC(38) Old regions: 43->45
[2024-06-01T10:00:10.066-0300][gc,heap       ] GC(38) Humongous regions: 129->129
[2024-06-01T10:00:10.066-0300][gc,metaspace  ] GC(38) Metaspace: 45495K(48412K)->45495K(48412K) NonClass: 39710K(41168K)->39710K(41168K) Class: 5784K(7244K)->5784K(7244K)
[2024-06-01T10:00:10.066-0300][gc            ] GC(38) Pause Young (Normal) (G1 Evacuation Pause) 237M->178M(1024M) 23,613ms
[2024-06-01T10:00:10.066-0300][gc,cpu        ] GC(38) User=0,09s Sys=0,00s Real=0,02s
[2024-06-01T10:00:43.095-0300][gc,start      ] GC(39) Pause Young (Normal) (G1 Evacuation Pause)
[2024-06-01T10:00:43.095-0300][gc,task       ] GC(39) Using 4 workers of 4 for evacuation
[2024-06-01T10:00:43.115-0300][gc,mmu        ] GC(39) MMU target violated: 20,0ms (20,0ms/21,0ms)
[2024-06-01T10:00:43.116-0300][gc,phases     ] GC(39)   Pre Evacuate Collection Set: 0,1ms
[2024-06-01T10:00:43.116-0300][gc,phases     ] GC(39)   Evacuate Collection Set: 18,8ms
[2024-06-01T10:00:43.116-0300][gc,phases     ] GC(39)   Post Evacuate Collection Set: 1,0ms
[2024-06-01T10:00:43.116-0300][gc,phases     ] GC(39)   Other: 0,6ms
[2024-06-01T10:00:43.116-0300][gc,heap       ] GC(39) Eden regions: 51->0(57)
[2024-06-01T10:00:43.116-0300][gc,heap       ] GC(39) Survivor regions: 6->5(8)
[2024-06-01T10:00:43.116-0300][gc,heap       ] GC(39) Old regions: 45->47
[2024-06-01T10:00:43.116-0300][gc,heap       ] GC(39) Humongous regions: 129->129
[2024-06-01T10:00:43.116-0300][gc,metaspace  ] GC(39) Metaspace: 45508K(48412K)->45508K(48412K) NonClass: 39724K(41168K)->39724K(41168K) Class: 5784K(7244K)->5784K(7244K)
[2024-06-01T10:00:43.116-0300][gc            ] GC(39) Pause Young (Normal) (G1 Evacuation Pause) 229M->179M(1024M) 20,618ms
[2024-06-01T10:00:43.116-0300][gc,cpu        ] GC(39) User=0,07s Sys=0,00s Real=0,03s
[2024-06-01T10:01:19.486-0300][gc,start      ] GC(40) Pause Young (Normal) (G1 Evacuation Pause)
[2024-06-01T10:01:19.487-0300][gc,task       ] GC(40) Using 4 workers of 4 for evacuation
[2024-06-01T10:01:19.506-0300][gc,phases     ] GC(40)   Pre Evacuate Collection Set: 0,1ms
[2024-06-01T10:01:19.506-0300][gc,phases     ] GC(40)   Evacuate Collection Set: 17,9ms
[2024-06-01T10:01:19.506-0300][gc,phases     ] GC(40)   Post Evacuate Collection Set: 1,0ms
[2024-06-01T10:01:19.506-0300][gc,phases     ] GC(40)   Other: 0,5ms
[2024-06-01T10:01:19.506-0300][gc,heap       ] GC(40) Eden regions: 57->0(58)
[2024-06-01T10:01:19.506-0300][gc,heap       ] GC(40) Survivor regions: 5->5(8)
[2024-06-01T10:01:19.506-0300][gc,heap       ] GC(40) Old regions: 47->49
[2024-06-01T10:01:19.506-0300][gc,heap       ] GC(40) Humongous regions: 129->129
[2024-06-01T10:01:19.506-0300][gc,metaspace  ] GC(40) Metaspace: 45510K(48412K)->45510K(48412K) NonClass: 39726K(41168K)->39726K(41168K) Class: 5784K(7244K)->5784K(7244K)
[2024-06-01T10:01:19.506-0300][gc            ] GC(40) Pause Young (Normal) (G1 Evacuation Pause) 236M->180M(1024M) 19,698ms
[2024-06-01T10:01:19.506-0300][gc,cpu        ] GC(40) User=0,06s Sys=0,00s Real=0,02s
[2024-06-01T10:04:44.895-0300][gc,start      ] GC(41) Pause Young (Normal) (G1 Evacuation Pause)
[2024-06-01T10:04:44.895-0300][gc,task       ] GC(41) Using 4 workers of 4 for evacuation
[2024-06-01T10:04:44.917-0300][gc,mmu        ] GC(41) MMU target violated: 21,0ms (20,0ms/21,0ms)
[2024-06-01T10:04:44.917-0300][gc,phases     ] GC(41)   Pre Evacuate Collection Set: 0,1ms
[2024-06-01T10:04:44.917-0300][gc,phases     ] GC(41)   Evacuate Collection Set: 20,8ms
[2024-06-01T10:04:44.917-0300][gc,phases     ] GC(41)   Post Evacuate Collection Set: 0,8ms
[2024-06-01T10:04:44.917-0300][gc,phases     ] GC(41)   Other: 0,5ms
[2024-06-01T10:04:44.917-0300][gc,heap       ] GC(41) Eden regions: 46->0(48)
[2024-06-01T10:04:44.917-0300][gc,heap       ] GC(41) Survivor regions: 5->6(7)
[2024-06-01T10:04:44.917-0300][gc,heap       ] GC(41) Old regions: 49->50
[2024-06-01T10:04:44.917-0300][gc,heap       ] GC(41) Humongous regions: 129->129
[2024-06-01T10:04:44.917-0300][gc,metaspace  ] GC(41) Metaspace: 45527K(48668K)->45527K(48668K) NonClass: 39742K(41424K)->39742K(41424K) Class: 5784K(7244K)->5784K(7244K)
[2024-06-01T10:04:44.918-0300][gc            ] GC(41) Pause Young (Normal) (G1 Evacuation Pause) 226M->183M(1024M) 22,279ms
[2024-06-01T10:04:44.918-0300][gc,cpu        ] GC(41) User=0,08s Sys=0,00s Real=0,03s
[2024-06-01T10:05:10.863-0300][gc,start      ] GC(42) Pause Young (Normal) (G1 Evacuation Pause)
[2024-06-01T10:05:10.863-0300][gc,task       ] GC(42) Using 4 workers of 4 for evacuation
[2024-06-01T10:05:10.886-0300][gc,mmu        ] GC(42) MMU target violated: 21,0ms (20,0ms/21,0ms)
[2024-06-01T10:05:10.886-0300][gc,phases     ] GC(42)   Pre Evacuate Collection Set: 0,1ms
[2024-06-01T10:05:10.886-0300][gc,phases     ] GC(42)   Evacuate Collection Set: 21,1ms
[2024-06-01T10:05:10.886-0300][gc,phases     ] GC(42)   Post Evacuate Collection Set: 1,0ms
[2024-06-01T10:05:10.886-0300][gc,phases     ] GC(42)   Other: 0,6ms
[2024-06-01T10:05:10.886-0300][gc,heap       ] GC(42) Eden regions: 45->0(46)
[2024-06-01T10:05:10.886-0300][gc,heap       ] GC(42) Survivor regions: 6->6(7)
[2024-06-01T10:05:10.886-0300][gc,heap       ] GC(42) Old regions: 50->52
[2024-06-01T10:05:10.886-0300][gc,heap       ] GC(42) Humongous regions: 129->129
[2024-06-01T10:05:10.886-0300][gc,metaspace  ] GC(42) Metaspace: 45584K(48668K)->45584K(48668K) NonClass: 39793K(41424K)->39793K(41424K) Class: 5790K(7244K)->5790K(7244K)
[2024-06-01T10:05:10.886-0300][gc            ] GC(42) Pause Young (Normal) (G1 Evacuation Pause) 228M->184M(1024M) 22,944ms
[2024-06-01T10:05:10.886-0300][gc,cpu        ] GC(42) User=0,08s Sys=0,00s Real=0,02s
[2024-06-01T10:05:39.818-0300][gc,start      ] GC(43) Pause Young (Normal) (G1 Evacuation Pause)
[2024-06-01T10:05:39.818-0300][gc,task       ] GC(43) Using 4 workers of 4 for evacuation
[2024-06-01T10:05:39.843-0300][gc,mmu        ] GC(43) MMU target violated: 21,0ms (20,0ms/21,0ms)
[2024-06-01T10:05:39.844-0300][gc,phases     ] GC(43)   Pre Evacuate Collection Set: 0,0ms
[2024-06-01T10:05:39.844-0300][gc,phases     ] GC(43)   Evacuate Collection Set: 24,5ms
[2024-06-01T10:05:39.844-0300][gc,phases     ] GC(43)   Post Evacuate Collection Set: 0,7ms
[2024-06-01T10:05:39.844-0300][gc,phases     ] GC(43)   Other: 0,5ms
[2024-06-01T10:05:39.844-0300][gc,heap       ] GC(43) Eden regions: 45->0(52)
[2024-06-01T10:05:39.844-0300][gc,heap       ] GC(43) Survivor regions: 6->4(7)
[2024-06-01T10:05:39.844-0300][gc,heap       ] GC(43) Old regions: 52->55
[2024-06-01T10:05:39.844-0300][gc,heap       ] GC(43) Humongous regions: 129->129
[2024-06-01T10:05:39.844-0300][gc,metaspace  ] GC(43) Metaspace: 45586K(48668K)->45586K(48668K) NonClass: 39795K(41424K)->39795K(41424K) Class: 5790K(7244K)->5790K(7244K)
[2024-06-01T10:05:39.844-0300][gc            ] GC(43) Pause Young (Normal) (G1 Evacuation Pause) 229M->185M(1024M) 25,873ms
[2024-06-01T10:05:39.844-0300][gc,cpu        ] GC(43) User=0,09s Sys=0,00s Real=0,02s
[2024-06-01T10:06:13.282-0300][gc,start      ] GC(44) Pause Young (Normal) (G1 Evacuation Pause)
[2024-06-01T10:06:13.282-0300][gc,task       ] GC(44) Using 4 workers of 4 for evacuation
[2024-06-01T10:06:13.297-0300][gc,phases     ] GC(44)   Pre Evacuate Collection Set: 0,1ms
[2024-06-01T10:06:13.297-0300][gc,phases     ] GC(44)   Evacuate Collection Set: 14,1ms
[2024-06-01T10:06:13.297-0300][gc,phases     ] GC(44)   Post Evacuate Collection Set: 1,0ms
[2024-06-01T10:06:13.297-0300][gc,phases     ] GC(44)   Other: 0,4ms
[2024-06-01T10:06:13.297-0300][gc,heap       ] GC(44) Eden regions: 52->0(51)
[2024-06-01T10:06:13.297-0300][gc,heap       ] GC(44) Survivor regions: 4->5(7)
[2024-06-01T10:06:13.297-0300][gc,heap       ] GC(44) Old regions: 55->55
[2024-06-01T10:06:13.297-0300][gc,heap       ] GC(44) Humongous regions: 129->129
[2024-06-01T10:06:13.297-0300][gc,metaspace  ] GC(44) Metaspace: 45587K(48668K)->45587K(48668K) NonClass: 39797K(41424K)->39797K(41424K) Class: 5790K(7244K)->5790K(7244K)
[2024-06-01T10:06:13.297-0300][gc            ] GC(44) Pause Young (Normal) (G1 Evacuation Pause) 237M->186M(1024M) 15,934ms
[2024-06-01T10:06:13.298-0300][gc,cpu        ] GC(44) User=0,06s Sys=0,00s Real=0,02s
[2024-06-01T10:06:44.813-0300][gc,start      ] GC(45) Pause Young (Normal) (G1 Evacuation Pause)
[2024-06-01T10:06:44.813-0300][gc,task       ] GC(45) Using 4 workers of 4 for evacuation
[2024-06-01T10:06:44.823-0300][gc,phases     ] GC(45)   Pre Evacuate Collection Set: 0,0ms
[2024-06-01T10:06:44.823-0300][gc,phases     ] GC(45)   Evacuate Collection Set: 8,9ms
[2024-06-01T10:06:44.823-0300][gc,phases     ] GC(45)   Post Evacuate Collection Set: 0,4ms
[2024-06-01T10:06:44.823-0300][gc,phases     ] GC(45)   Other: 0,2ms
[2024-06-01T10:06:44.823-0300][gc,heap       ] GC(45) Eden regions: 51->0(60)
[2024-06-01T10:06:44.823-0300][gc,heap       ] GC(45) Survivor regions: 5->4(7)
[2024-06-01T10:06:44.823-0300][gc,heap       ] GC(45) Old regions: 55->57
[2024-06-01T10:06:44.823-0300][gc,heap       ] GC(45) Humongous regions: 129->129
[2024-06-01T10:06:44.823-0300][gc,metaspace  ] GC(45) Metaspace: 45590K(48668K)->45590K(48668K) NonClass: 39799K(41424K)->39799K(41424K) Class: 5790K(7244K)->5790K(7244K)
[2024-06-01T10:06:44.823-0300][gc            ] GC(45) Pause Young (Normal) (G1 Evacuation Pause) 237M->187M(1024M) 9,574ms
[2024-06-01T10:06:44.823-0300][gc,cpu        ] GC(45) User=0,02s Sys=0,01s Real=0,01s
[2024-06-01T10:07:22.231-0300][gc,start      ] GC(46) Pause Young (Normal) (G1 Evacuation Pause)
[2024-06-01T10:07:22.232-0300][gc,task       ] GC(46) Using 4 workers of 4 for evacuation
[2024-06-01T10:07:22.248-0300][gc,phases     ] GC(46)   Pre Evacuate Collection Set: 0,1ms
[2024-06-01T10:07:22.248-0300][gc,phases     ] GC(46)   Evacuate Collection Set: 15,0ms
[2024-06-01T10:07:22.248-0300][gc,phases     ] GC(46)   Post Evacuate Collection Set: 0,8ms
[2024-06-01T10:07:22.248-0300][gc,phases     ] GC(46)   Other: 0,4ms
[2024-06-01T10:07:22.248-0300][gc,heap       ] GC(46) Eden regions: 60->0(59)
[2024-06-01T10:07:22.248-0300][gc,heap       ] GC(46) Survivor regions: 4->5(8)
[2024-06-01T10:07:22.248-0300][gc,heap       ] GC(46) Old regions: 57->57
[2024-06-01T10:07:22.248-0300][gc,heap       ] GC(46) Humongous regions: 129->129
[2024-06-01T10:07:22.248-0300][gc,metaspace  ] GC(46) Metaspace: 45602K(48668K)->45602K(48668K) NonClass: 39811K(41424K)->39811K(41424K) Class: 5790K(7244K)->5790K(7244K)
[2024-06-01T10:07:22.248-0300][gc            ] GC(46) Pause Young (Normal) (G1 Evacuation Pause) 247M->188M(1024M) 16,474ms
[2024-06-01T10:07:22.248-0300][gc,cpu        ] GC(46) User=0,06s Sys=0,00s Real=0,02s
[2024-06-01T10:07:56.597-0300][gc,start      ] GC(47) Pause Young (Normal) (G1 Evacuation Pause)
[2024-06-01T10:07:56.597-0300][gc,task       ] GC(47) Using 4 workers of 4 for evacuation
[2024-06-01T10:07:56.616-0300][gc,phases     ] GC(47)   Pre Evacuate Collection Set: 0,1ms
[2024-06-01T10:07:56.616-0300][gc,phases     ] GC(47)   Evacuate Collection Set: 17,5ms
[2024-06-01T10:07:56.616-0300][gc,phases     ] GC(47)   Post Evacuate Collection Set: 1,0ms
[2024-06-01T10:07:56.616-0300][gc,phases     ] GC(47)   Other: 0,4ms
[2024-06-01T10:07:56.616-0300][gc,heap       ] GC(47) Eden regions: 54->0(57)
[2024-06-01T10:07:56.616-0300][gc,heap       ] GC(47) Survivor regions: 5->5(8)
[2024-06-01T10:07:56.616-0300][gc,heap       ] GC(47) Old regions: 57->58
[2024-06-01T10:07:56.616-0300][gc,heap       ] GC(47) Humongous regions: 129->129
[2024-06-01T10:07:56.616-0300][gc,metaspace  ] GC(47) Metaspace: 45602K(48668K)->45602K(48668K) NonClass: 39811K(41424K)->39811K(41424K) Class: 5790K(7244K)->5790K(7244K)
[2024-06-01T10:07:56.616-0300][gc            ] GC(47) Pause Young (Normal) (G1 Evacuation Pause) 242M->189M(1024M) 19,211ms
[2024-06-01T10:07:56.616-0300][gc,cpu        ] GC(47) User=0,07s Sys=0,00s Real=0,02s
[2024-06-01T10:08:32.823-0300][gc,start      ] GC(48) Pause Young (Normal) (G1 Evacuation Pause)
[2024-06-01T10:08:32.824-0300][gc,task       ] GC(48) Using 4 workers of 4 for evacuation
[2024-06-01T10:08:32.842-0300][gc,phases     ] GC(48)   Pre Evacuate Collection Set: 0,1ms
[2024-06-01T10:08:32.842-0300][gc,phases     ] GC(48)   Evacuate Collection Set: 17,2ms
[2024-06-01T10:08:32.842-0300][gc,phases     ] GC(48)   Post Evacuate Collection Set: 0,9ms
[2024-06-01T10:08:32.842-0300][gc,phases     ] GC(48)   Other: 0,4ms
[2024-06-01T10:08:32.842-0300][gc,heap       ] GC(48) Eden regions: 57->0(57)
[2024-06-01T10:08:32.842-0300][gc,heap       ] GC(48) Survivor regions: 5->5(8)
[2024-06-01T10:08:32.842-0300][gc,heap       ] GC(48) Old regions: 58->59
[2024-06-01T10:08:32.842-0300][gc,heap       ] GC(48) Humongous regions: 129->129
[2024-06-01T10:08:32.842-0300][gc,metaspace  ] GC(48) Metaspace: 45603K(48668K)->45603K(48668K) NonClass: 39812K(41424K)->39812K(41424K) Class: 5790K(7244K)->5790K(7244K)
[2024-06-01T10:08:32.842-0300][gc            ] GC(48) Pause Young (Normal) (G1 Evacuation Pause) 246M->191M(1024M) 18,903ms
[2024-06-01T10:08:32.842-0300][gc,cpu        ] GC(48) User=0,07s Sys=0,00s Real=0,02s
[2024-06-01T10:09:02.672-0300][gc,start      ] GC(49) Pause Young (Normal) (G1 Evacuation Pause)
[2024-06-01T10:09:02.672-0300][gc,task       ] GC(49) Using 4 workers of 4 for evacuation
[2024-06-01T10:09:02.691-0300][gc,phases     ] GC(49)   Pre Evacuate Collection Set: 0,1ms
[2024-06-01T10:09:02.691-0300][gc,phases     ] GC(49)   Evacuate Collection Set: 17,2ms
[2024-06-01T10:09:02.691-0300][gc,phases     ] GC(49)   Post Evacuate Collection Set: 1,0ms
[2024-06-01T10:09:02.691-0300][gc,phases     ] GC(49)   Other: 0,5ms
[2024-06-01T10:09:02.691-0300][gc,heap       ] GC(49) Eden regions: 47->0(53)
[2024-06-01T10:09:02.691-0300][gc,heap       ] GC(49) Survivor regions: 5->5(7)
[2024-06-01T10:09:02.691-0300][gc,heap       ] GC(49) Old regions: 59->60
[2024-06-01T10:09:02.691-0300][gc,heap       ] GC(49) Humongous regions: 129->129
[2024-06-01T10:09:02.691-0300][gc,metaspace  ] GC(49) Metaspace: 45607K(48668K)->45607K(48668K) NonClass: 39816K(41424K)->39816K(41424K) Class: 5790K(7244K)->5790K(7244K)
[2024-06-01T10:09:02.691-0300][gc            ] GC(49) Pause Young (Normal) (G1 Evacuation Pause) 238M->192M(1024M) 18,903ms
[2024-06-01T10:09:02.691-0300][gc,cpu        ] GC(49) User=0,07s Sys=0,00s Real=0,02s
[2024-06-01T10:09:36.924-0300][gc,start      ] GC(50) Pause Young (Normal) (G1 Evacuation Pause)
[2024-06-01T10:09:36.924-0300][gc,task       ] GC(50) Using 4 workers of 4 for evacuation
[2024-06-01T10:09:36.931-0300][gc,phases     ] GC(50)   Pre Evacuate Collection Set: 0,0ms
[2024-06-01T10:09:36.931-0300][gc,phases     ] GC(50)   Evacuate Collection Set: 6,1ms
[2024-06-01T10:09:36.931-0300][gc,phases     ] GC(50)   Post Evacuate Collection Set: 0,4ms
[2024-06-01T10:09:36.931-0300][gc,phases     ] GC(50)   Other: 0,2ms
[2024-06-01T10:09:36.931-0300][gc,heap       ] GC(50) Eden regions: 53->0(57)
[2024-06-01T10:09:36.931-0300][gc,heap       ] GC(50) Survivor regions: 5->5(8)
[2024-06-01T10:09:36.931-0300][gc,heap       ] GC(50) Old regions: 60->61
[2024-06-01T10:09:36.931-0300][gc,heap       ] GC(50) Humongous regions: 129->129
[2024-06-01T10:09:36.931-0300][gc,metaspace  ] GC(50) Metaspace: 45607K(48668K)->45607K(48668K) NonClass: 39816K(41424K)->39816K(41424K) Class: 5790K(7244K)->5790K(7244K)
[2024-06-01T10:09:36.931-0300][gc            ] GC(50) Pause Young (Normal) (G1 Evacuation Pause) 245M->193M(1024M) 6,820ms
[2024-06-01T10:09:36.931-0300][gc,cpu        ] GC(50) User=0,03s Sys=0,00s Real=0,01s
[2024-06-01T10:10:11.978-0300][gc,start      ] GC(51) Pause Young (Normal) (G1 Evacuation Pause)
[2024-06-01T10:10:11.978-0300][gc,task       ] GC(51) Using 4 workers of 4 for evacuation
[2024-06-01T10:10:11.998-0300][gc,phases     ] GC(51)   Pre Evacuate Collection Set: 0,1ms
[2024-06-01T10:10:11.998-0300][gc,phases     ] GC(51)   Evacuate Collection Set: 18,2ms
[2024-06-01T10:10:11.998-0300][gc,phases     ] GC(51)   Post Evacuate Collection Set: 1,0ms
[2024-06-01T10:10:11.998-0300][gc,phases     ] GC(51)   Other: 0,4ms
[2024-06-01T10:10:11.998-0300][gc,heap       ] GC(51) Eden regions: 55->0(56)
[2024-06-01T10:10:11.998-0300][gc,heap       ] GC(51) Survivor regions: 5->5(8)
[2024-06-01T10:10:11.998-0300][gc,heap       ] GC(51) Old regions: 61->63
[2024-06-01T10:10:11.998-0300][gc,heap       ] GC(51) Humongous regions: 129->129
[2024-06-01T10:10:11.998-0300][gc,metaspace  ] GC(51) Metaspace: 45607K(48668K)->45607K(48668K) NonClass: 39816K(41424K)->39816K(41424K) Class: 5790K(7244K)->5790K(7244K)
[2024-06-01T10:10:11.998-0300][gc            ] GC(51) Pause Young (Normal) (G1 Evacuation Pause) 248M->194M(1024M) 19,921ms
[2024-06-01T10:10:11.998-0300][gc,cpu        ] GC(51) User=0,07s Sys=0,00s Real=0,02s
[2024-06-01T10:10:44.669-0300][gc,start      ] GC(52) Pause Young (Normal) (G1 Evacuation Pause)
[2024-06-01T10:10:44.669-0300][gc,task       ] GC(52) Using 4 workers of 4 for evacuation
[2024-06-01T10:10:44.688-0300][gc,phases     ] GC(52)   Pre Evacuate Collection Set: 0,1ms
[2024-06-01T10:10:44.688-0300][gc,phases     ] GC(52)   Evacuate Collection Set: 17,7ms
[2024-06-01T10:10:44.688-0300][gc,phases     ] GC(52)   Post Evacuate Collection Set: 1,1ms
[2024-06-01T10:10:44.688-0300][gc,phases     ] GC(52)   Other: 0,4ms
[2024-06-01T10:10:44.688-0300][gc,heap       ] GC(52) Eden regions: 52->0(56)
[2024-06-01T10:10:44.688-0300][gc,heap       ] GC(52) Survivor regions: 5->5(8)
[2024-06-01T10:10:44.688-0300][gc,heap       ] GC(52) Old regions: 63->64
[2024-06-01T10:10:44.689-0300][gc,heap       ] GC(52) Humongous regions: 129->129
[2024-06-01T10:10:44.689-0300][gc,metaspace  ] GC(52) Metaspace: 45611K(48668K)->45611K(48668K) NonClass: 39820K(41424K)->39820K(41424K) Class: 5790K(7244K)->5790K(7244K)
[2024-06-01T10:10:44.689-0300][gc            ] GC(52) Pause Young (Normal) (G1 Evacuation Pause) 246M->195M(1024M) 19,456ms
[2024-06-01T10:10:44.689-0300][gc,cpu        ] GC(52) User=0,08s Sys=0,00s Real=0,02s
[2024-06-01T10:11:16.956-0300][gc,start      ] GC(53) Pause Young (Normal) (G1 Evacuation Pause)
[2024-06-01T10:11:16.956-0300][gc,task       ] GC(53) Using 4 workers of 4 for evacuation
[2024-06-01T10:11:16.975-0300][gc,phases     ] GC(53)   Pre Evacuate Collection Set: 0,1ms
[2024-06-01T10:11:16.975-0300][gc,phases     ] GC(53)   Evacuate Collection Set: 16,8ms
[2024-06-01T10:11:16.975-0300][gc,phases     ] GC(53)   Post Evacuate Collection Set: 1,1ms
[2024-06-01T10:11:16.975-0300][gc,phases     ] GC(53)   Other: 0,4ms
[2024-06-01T10:11:16.975-0300][gc,heap       ] GC(53) Eden regions: 51->0(54)
[2024-06-01T10:11:16.975-0300][gc,heap       ] GC(53) Survivor regions: 5->4(7)
[2024-06-01T10:11:16.975-0300][gc,heap       ] GC(53) Old regions: 64->65
[2024-06-01T10:11:16.975-0300][gc,heap       ] GC(53) Humongous regions: 129->129
[2024-06-01T10:11:16.975-0300][gc,metaspace  ] GC(53) Metaspace: 45611K(48668K)->45611K(48668K) NonClass: 39820K(41424K)->39820K(41424K) Class: 5790K(7244K)->5790K(7244K)
[2024-06-01T10:11:16.975-0300][gc            ] GC(53) Pause Young (Normal) (G1 Evacuation Pause) 246M->195M(1024M) 18,603ms
[2024-06-01T10:11:16.975-0300][gc,cpu        ] GC(53) User=0,05s Sys=0,01s Real=0,01s
[2024-06-01T10:11:47.437-0300][gc,start      ] GC(54) Pause Young (Normal) (G1 Evacuation Pause)
[2024-06-01T10:11:47.437-0300][gc,task       ] GC(54) Using 4 workers of 4 for evacuation
[2024-06-01T10:11:47.455-0300][gc,phases     ] GC(54)   Pre Evacuate Collection Set: 0,1ms
[2024-06-01T10:11:47.455-0300][gc,phases     ] GC(54)   Evacuate Collection Set: 16,9ms
[2024-06-01T10:11:47.455-0300][gc,phases     ] GC(54)   Post Evacuate Collection Set: 1,0ms
[2024-06-01T10:11:47.456-0300][gc,phases     ] GC(54)   Other: 0,5ms
[2024-06-01T10:11:47.456-0300][gc,heap       ] GC(54) Eden regions: 48->0(52)
[2024-06-01T10:11:47.456-0300][gc,heap       ] GC(54) Survivor regions: 4->5(7)
[2024-06-01T10:11:47.456-0300][gc,heap       ] GC(54) Old regions: 65->66
[2024-06-01T10:11:47.456-0300][gc,heap       ] GC(54) Humongous regions: 129->129
[2024-06-01T10:11:47.456-0300][gc,metaspace  ] GC(54) Metaspace: 45611K(48668K)->45611K(48668K) NonClass: 39820K(41424K)->39820K(41424K) Class: 5790K(7244K)->5790K(7244K)
[2024-06-01T10:11:47.456-0300][gc            ] GC(54) Pause Young (Normal) (G1 Evacuation Pause) 243M->197M(1024M) 18,706ms
[2024-06-01T10:11:47.456-0300][gc,cpu        ] GC(54) User=0,07s Sys=0,00s Real=0,02s
[2024-06-01T10:12:18.025-0300][gc,start      ] GC(55) Pause Young (Normal) (G1 Evacuation Pause)
[2024-06-01T10:12:18.025-0300][gc,task       ] GC(55) Using 4 workers of 4 for evacuation
[2024-06-01T10:12:18.044-0300][gc,phases     ] GC(55)   Pre Evacuate Collection Set: 0,1ms
[2024-06-01T10:12:18.044-0300][gc,phases     ] GC(55)   Evacuate Collection Set: 17,2ms
[2024-06-01T10:12:18.044-0300][gc,phases     ] GC(55)   Post Evacuate Collection Set: 1,0ms
[2024-06-01T10:12:18.044-0300][gc,phases     ] GC(55)   Other: 0,4ms
[2024-06-01T10:12:18.044-0300][gc,heap       ] GC(55) Eden regions: 48->0(50)
[2024-06-01T10:12:18.044-0300][gc,heap       ] GC(55) Survivor regions: 5->4(7)
[2024-06-01T10:12:18.044-0300][gc,heap       ] GC(55) Old regions: 66->67
[2024-06-01T10:12:18.044-0300][gc,heap       ] GC(55) Humongous regions: 129->129
[2024-06-01T10:12:18.044-0300][gc,metaspace  ] GC(55) Metaspace: 45611K(48668K)->45611K(48668K) NonClass: 39820K(41424K)->39820K(41424K) Class: 5790K(7244K)->5790K(7244K)
[2024-06-01T10:12:18.044-0300][gc            ] GC(55) Pause Young (Normal) (G1 Evacuation Pause) 245M->198M(1024M) 18,964ms
[2024-06-01T10:12:18.044-0300][gc,cpu        ] GC(55) User=0,06s Sys=0,00s Real=0,02s
[2024-06-01T10:12:48.297-0300][gc,start      ] GC(56) Pause Young (Normal) (G1 Evacuation Pause)
[2024-06-01T10:12:48.298-0300][gc,task       ] GC(56) Using 4 workers of 4 for evacuation
[2024-06-01T10:12:48.317-0300][gc,phases     ] GC(56)   Pre Evacuate Collection Set: 0,1ms
[2024-06-01T10:12:48.317-0300][gc,phases     ] GC(56)   Evacuate Collection Set: 18,0ms
[2024-06-01T10:12:48.317-0300][gc,phases     ] GC(56)   Post Evacuate Collection Set: 1,1ms
[2024-06-01T10:12:48.317-0300][gc,phases     ] GC(56)   Other: 0,4ms
[2024-06-01T10:12:48.317-0300][gc,heap       ] GC(56) Eden regions: 47->0(49)
[2024-06-01T10:12:48.317-0300][gc,heap       ] GC(56) Survivor regions: 4->5(7)
[2024-06-01T10:12:48.317-0300][gc,heap       ] GC(56) Old regions: 67->68
[2024-06-01T10:12:48.317-0300][gc,heap       ] GC(56) Humongous regions: 129->129
[2024-06-01T10:12:48.317-0300][gc,metaspace  ] GC(56) Metaspace: 45611K(48668K)->45611K(48668K) NonClass: 39820K(41424K)->39820K(41424K) Class: 5790K(7244K)->5790K(7244K)
[2024-06-01T10:12:48.317-0300][gc            ] GC(56) Pause Young (Normal) (G1 Evacuation Pause) 245M->199M(1024M) 19,822ms
[2024-06-01T10:12:48.317-0300][gc,cpu        ] GC(56) User=0,07s Sys=0,00s Real=0,02s
[2024-06-01T10:13:18.548-0300][gc,start      ] GC(57) Pause Young (Normal) (G1 Evacuation Pause)
[2024-06-01T10:13:18.548-0300][gc,task       ] GC(57) Using 4 workers of 4 for evacuation
[2024-06-01T10:13:18.567-0300][gc,phases     ] GC(57)   Pre Evacuate Collection Set: 0,1ms
[2024-06-01T10:13:18.567-0300][gc,phases     ] GC(57)   Evacuate Collection Set: 17,3ms
[2024-06-01T10:13:18.567-0300][gc,phases     ] GC(57)   Post Evacuate Collection Set: 1,0ms
[2024-06-01T10:13:18.567-0300][gc,phases     ] GC(57)   Other: 0,4ms
[2024-06-01T10:13:18.567-0300][gc,heap       ] GC(57) Eden regions: 47->0(50)
[2024-06-01T10:13:18.567-0300][gc,heap       ] GC(57) Survivor regions: 5->5(7)
[2024-06-01T10:13:18.567-0300][gc,heap       ] GC(57) Old regions: 68->69
[2024-06-01T10:13:18.567-0300][gc,heap       ] GC(57) Humongous regions: 129->129
[2024-06-01T10:13:18.567-0300][gc,metaspace  ] GC(57) Metaspace: 45613K(48668K)->45613K(48668K) NonClass: 39822K(41424K)->39822K(41424K) Class: 5790K(7244K)->5790K(7244K)
[2024-06-01T10:13:18.567-0300][gc            ] GC(57) Pause Young (Normal) (G1 Evacuation Pause) 246M->200M(1024M) 19,094ms
[2024-06-01T10:13:18.567-0300][gc,cpu        ] GC(57) User=0,07s Sys=0,00s Real=0,02s
[2024-06-01T10:13:47.558-0300][gc,start      ] GC(58) Pause Young (Normal) (G1 Evacuation Pause)
[2024-06-01T10:13:47.559-0300][gc,task       ] GC(58) Using 4 workers of 4 for evacuation
[2024-06-01T10:13:47.578-0300][gc,phases     ] GC(58)   Pre Evacuate Collection Set: 0,1ms
[2024-06-01T10:13:47.578-0300][gc,phases     ] GC(58)   Evacuate Collection Set: 18,2ms
[2024-06-01T10:13:47.578-0300][gc,phases     ] GC(58)   Post Evacuate Collection Set: 1,0ms
[2024-06-01T10:13:47.578-0300][gc,phases     ] GC(58)   Other: 0,4ms
[2024-06-01T10:13:47.578-0300][gc,heap       ] GC(58) Eden regions: 46->0(51)
[2024-06-01T10:13:47.578-0300][gc,heap       ] GC(58) Survivor regions: 5->5(7)
[2024-06-01T10:13:47.578-0300][gc,heap       ] GC(58) Old regions: 69->70
[2024-06-01T10:13:47.578-0300][gc,heap       ] GC(58) Humongous regions: 129->129
[2024-06-01T10:13:47.578-0300][gc,metaspace  ] GC(58) Metaspace: 45626K(48668K)->45626K(48668K) NonClass: 39835K(41424K)->39835K(41424K) Class: 5790K(7244K)->5790K(7244K)
[2024-06-01T10:13:47.578-0300][gc            ] GC(58) Pause Young (Normal) (G1 Evacuation Pause) 246M->201M(1024M) 19,999ms
[2024-06-01T10:13:47.579-0300][gc,cpu        ] GC(58) User=0,07s Sys=0,00s Real=0,02s
[2024-06-01T10:14:16.707-0300][gc,start      ] GC(59) Pause Young (Normal) (G1 Evacuation Pause)
[2024-06-01T10:14:16.707-0300][gc,task       ] GC(59) Using 4 workers of 4 for evacuation
[2024-06-01T10:14:16.727-0300][gc,phases     ] GC(59)   Pre Evacuate Collection Set: 0,1ms
[2024-06-01T10:14:16.727-0300][gc,phases     ] GC(59)   Evacuate Collection Set: 18,4ms
[2024-06-01T10:14:16.727-0300][gc,phases     ] GC(59)   Post Evacuate Collection Set: 1,0ms
[2024-06-01T10:14:16.727-0300][gc,phases     ] GC(59)   Other: 0,5ms
[2024-06-01T10:14:16.727-0300][gc,heap       ] GC(59) Eden regions: 46->0(52)
[2024-06-01T10:14:16.727-0300][gc,heap       ] GC(59) Survivor regions: 5->5(7)
[2024-06-01T10:14:16.727-0300][gc,heap       ] GC(59) Old regions: 70->71
[2024-06-01T10:14:16.727-0300][gc,heap       ] GC(59) Humongous regions: 129->129
[2024-06-01T10:14:16.727-0300][gc,metaspace  ] GC(59) Metaspace: 45632K(48668K)->45632K(48668K) NonClass: 39841K(41424K)->39841K(41424K) Class: 5790K(7244K)->5790K(7244K)
[2024-06-01T10:14:16.728-0300][gc            ] GC(59) Pause Young (Normal) (G1 Evacuation Pause) 247M->202M(1024M) 20,273ms
[2024-06-01T10:14:16.728-0300][gc,cpu        ] GC(59) User=0,06s Sys=0,01s Real=0,03s
[2024-06-01T10:14:46.199-0300][gc,start      ] GC(60) Pause Young (Normal) (G1 Evacuation Pause)
[2024-06-01T10:14:46.199-0300][gc,task       ] GC(60) Using 4 workers of 4 for evacuation
[2024-06-01T10:14:46.218-0300][gc,phases     ] GC(60)   Pre Evacuate Collection Set: 0,1ms
[2024-06-01T10:14:46.218-0300][gc,phases     ] GC(60)   Evacuate Collection Set: 17,8ms
[2024-06-01T10:14:46.218-0300][gc,phases     ] GC(60)   Post Evacuate Collection Set: 1,1ms
[2024-06-01T10:14:46.218-0300][gc,phases     ] GC(60)   Other: 0,4ms
[2024-06-01T10:14:46.218-0300][gc,heap       ] GC(60) Eden regions: 46->0(50)
[2024-06-01T10:14:46.218-0300][gc,heap       ] GC(60) Survivor regions: 5->4(7)
[2024-06-01T10:14:46.218-0300][gc,heap       ] GC(60) Old regions: 71->72
[2024-06-01T10:14:46.219-0300][gc,heap       ] GC(60) Humongous regions: 129->129
[2024-06-01T10:14:46.219-0300][gc,metaspace  ] GC(60) Metaspace: 45632K(48668K)->45632K(48668K) NonClass: 39841K(41424K)->39841K(41424K) Class: 5790K(7244K)->5790K(7244K)
[2024-06-01T10:14:46.219-0300][gc            ] GC(60) Pause Young (Normal) (G1 Evacuation Pause) 248M->203M(1024M) 19,641ms
[2024-06-01T10:14:46.219-0300][gc,cpu        ] GC(60) User=0,07s Sys=0,00s Real=0,02s
[2024-06-01T10:15:16.203-0300][gc,start      ] GC(61) Pause Young (Normal) (G1 Evacuation Pause)
[2024-06-01T10:15:16.203-0300][gc,task       ] GC(61) Using 4 workers of 4 for evacuation
[2024-06-01T10:15:16.221-0300][gc,phases     ] GC(61)   Pre Evacuate Collection Set: 0,1ms
[2024-06-01T10:15:16.221-0300][gc,phases     ] GC(61)   Evacuate Collection Set: 16,8ms
[2024-06-01T10:15:16.221-0300][gc,phases     ] GC(61)   Post Evacuate Collection Set: 1,0ms
[2024-06-01T10:15:16.221-0300][gc,phases     ] GC(61)   Other: 0,5ms
[2024-06-01T10:15:16.221-0300][gc,heap       ] GC(61) Eden regions: 47->0(50)
[2024-06-01T10:15:16.221-0300][gc,heap       ] GC(61) Survivor regions: 4->4(7)
[2024-06-01T10:15:16.221-0300][gc,heap       ] GC(61) Old regions: 72->73
[2024-06-01T10:15:16.221-0300][gc,heap       ] GC(61) Humongous regions: 129->129
[2024-06-01T10:15:16.221-0300][gc,metaspace  ] GC(61) Metaspace: 45635K(48668K)->45635K(48668K) NonClass: 39844K(41424K)->39844K(41424K) Class: 5790K(7244K)->5790K(7244K)
[2024-06-01T10:15:16.221-0300][gc            ] GC(61) Pause Young (Normal) (G1 Evacuation Pause) 250M->203M(1024M) 18,609ms
[2024-06-01T10:15:16.221-0300][gc,cpu        ] GC(61) User=0,07s Sys=0,00s Real=0,02s
[2024-06-01T10:15:43.190-0300][gc,start      ] GC(62) Pause Young (Normal) (G1 Evacuation Pause)
[2024-06-01T10:15:43.190-0300][gc,task       ] GC(62) Using 4 workers of 4 for evacuation
[2024-06-01T10:15:43.216-0300][gc,mmu        ] GC(62) MMU target violated: 21,0ms (20,0ms/21,0ms)
[2024-06-01T10:15:43.216-0300][gc,phases     ] GC(62)   Pre Evacuate Collection Set: 0,1ms
[2024-06-01T10:15:43.216-0300][gc,phases     ] GC(62)   Evacuate Collection Set: 24,9ms
[2024-06-01T10:15:43.216-0300][gc,phases     ] GC(62)   Post Evacuate Collection Set: 1,2ms
[2024-06-01T10:15:43.216-0300][gc,phases     ] GC(62)   Other: 0,5ms
[2024-06-01T10:15:43.216-0300][gc,heap       ] GC(62) Eden regions: 47->0(44)
[2024-06-01T10:15:43.216-0300][gc,heap       ] GC(62) Survivor regions: 4->7(7)
[2024-06-01T10:15:43.216-0300][gc,heap       ] GC(62) Old regions: 73->73
[2024-06-01T10:15:43.216-0300][gc,heap       ] GC(62) Humongous regions: 129->129
[2024-06-01T10:15:43.216-0300][gc,metaspace  ] GC(62) Metaspace: 45656K(48668K)->45656K(48668K) NonClass: 39860K(41424K)->39860K(41424K) Class: 5796K(7244K)->5796K(7244K)
[2024-06-01T10:15:43.217-0300][gc            ] GC(62) Pause Young (Normal) (G1 Evacuation Pause) 250M->207M(1024M) 26,899ms
[2024-06-01T10:15:43.217-0300][gc,cpu        ] GC(62) User=0,10s Sys=0,00s Real=0,03s
[2024-06-01T10:16:11.278-0300][gc,start      ] GC(63) Pause Young (Normal) (G1 Evacuation Pause)
[2024-06-01T10:16:11.278-0300][gc,task       ] GC(63) Using 4 workers of 4 for evacuation
[2024-06-01T10:16:11.305-0300][gc,mmu        ] GC(63) MMU target violated: 21,0ms (20,0ms/21,0ms)
[2024-06-01T10:16:11.305-0300][gc,phases     ] GC(63)   Pre Evacuate Collection Set: 0,1ms
[2024-06-01T10:16:11.305-0300][gc,phases     ] GC(63)   Evacuate Collection Set: 25,6ms
[2024-06-01T10:16:11.305-0300][gc,phases     ] GC(63)   Post Evacuate Collection Set: 1,0ms
[2024-06-01T10:16:11.305-0300][gc,phases     ] GC(63)   Other: 0,5ms
[2024-06-01T10:16:11.305-0300][gc,heap       ] GC(63) Eden regions: 44->0(49)
[2024-06-01T10:16:11.305-0300][gc,heap       ] GC(63) Survivor regions: 7->2(7)
[2024-06-01T10:16:11.305-0300][gc,heap       ] GC(63) Old regions: 73->80
[2024-06-01T10:16:11.305-0300][gc,heap       ] GC(63) Humongous regions: 129->129
[2024-06-01T10:16:11.305-0300][gc,metaspace  ] GC(63) Metaspace: 45657K(48668K)->45657K(48668K) NonClass: 39861K(41424K)->39861K(41424K) Class: 5796K(7244K)->5796K(7244K)
[2024-06-01T10:16:11.305-0300][gc            ] GC(63) Pause Young (Normal) (G1 Evacuation Pause) 251M->208M(1024M) 27,341ms
[2024-06-01T10:16:11.305-0300][gc,cpu        ] GC(63) User=0,10s Sys=0,00s Real=0,02s
[2024-06-01T10:21:04.459-0300][gc,start      ] GC(64) Pause Young (Normal) (G1 Evacuation Pause)
[2024-06-01T10:21:04.459-0300][gc,task       ] GC(64) Using 4 workers of 4 for evacuation
[2024-06-01T10:21:04.478-0300][gc,phases     ] GC(64)   Pre Evacuate Collection Set: 0,1ms
[2024-06-01T10:21:04.478-0300][gc,phases     ] GC(64)   Evacuate Collection Set: 18,0ms
[2024-06-01T10:21:04.478-0300][gc,phases     ] GC(64)   Post Evacuate Collection Set: 0,4ms
[2024-06-01T10:21:04.478-0300][gc,phases     ] GC(64)   Other: 0,4ms
[2024-06-01T10:21:04.478-0300][gc,heap       ] GC(64) Eden regions: 49->0(47)
[2024-06-01T10:21:04.478-0300][gc,heap       ] GC(64) Survivor regions: 2->4(7)
[2024-06-01T10:21:04.478-0300][gc,heap       ] GC(64) Old regions: 80->80
[2024-06-01T10:21:04.478-0300][gc,heap       ] GC(64) Humongous regions: 129->129
[2024-06-01T10:21:04.478-0300][gc,metaspace  ] GC(64) Metaspace: 45688K(48668K)->45688K(48668K) NonClass: 39892K(41424K)->39892K(41424K) Class: 5796K(7244K)->5796K(7244K)
[2024-06-01T10:21:04.478-0300][gc            ] GC(64) Pause Young (Normal) (G1 Evacuation Pause) 257M->210M(1024M) 18,977ms
[2024-06-01T10:21:04.478-0300][gc,cpu        ] GC(64) User=0,06s Sys=0,00s Real=0,02s
[2024-06-01T10:22:16.739-0300][gc,start      ] GC(65) Pause Young (Normal) (G1 Evacuation Pause)
[2024-06-01T10:22:16.739-0300][gc,task       ] GC(65) Using 4 workers of 4 for evacuation
[2024-06-01T10:22:16.751-0300][gc,phases     ] GC(65)   Pre Evacuate Collection Set: 0,0ms
[2024-06-01T10:22:16.752-0300][gc,phases     ] GC(65)   Evacuate Collection Set: 12,1ms
[2024-06-01T10:22:16.752-0300][gc,phases     ] GC(65)   Post Evacuate Collection Set: 0,7ms
[2024-06-01T10:22:16.752-0300][gc,phases     ] GC(65)   Other: 0,2ms
[2024-06-01T10:22:16.752-0300][gc,heap       ] GC(65) Eden regions: 47->0(44)
[2024-06-01T10:22:16.752-0300][gc,heap       ] GC(65) Survivor regions: 4->7(7)
[2024-06-01T10:22:16.752-0300][gc,heap       ] GC(65) Old regions: 80->80
[2024-06-01T10:22:16.752-0300][gc,heap       ] GC(65) Humongous regions: 129->129
[2024-06-01T10:22:16.752-0300][gc,metaspace  ] GC(65) Metaspace: 45691K(48668K)->45691K(48668K) NonClass: 39894K(41424K)->39894K(41424K) Class: 5796K(7244K)->5796K(7244K)
[2024-06-01T10:22:16.752-0300][gc            ] GC(65) Pause Young (Normal) (G1 Evacuation Pause) 257M->213M(1024M) 13,066ms
[2024-06-01T10:22:16.752-0300][gc,cpu        ] GC(65) User=0,03s Sys=0,00s Real=0,01s
[2024-06-01T10:22:45.449-0300][gc,start      ] GC(66) Pause Young (Normal) (G1 Evacuation Pause)
[2024-06-01T10:22:45.449-0300][gc,task       ] GC(66) Using 4 workers of 4 for evacuation
[2024-06-01T10:22:45.465-0300][gc,phases     ] GC(66)   Pre Evacuate Collection Set: 0,0ms
[2024-06-01T10:22:45.465-0300][gc,phases     ] GC(66)   Evacuate Collection Set: 14,6ms
[2024-06-01T10:22:45.465-0300][gc,phases     ] GC(66)   Post Evacuate Collection Set: 0,8ms
[2024-06-01T10:22:45.465-0300][gc,phases     ] GC(66)   Other: 0,3ms
[2024-06-01T10:22:45.465-0300][gc,heap       ] GC(66) Eden regions: 44->0(45)
[2024-06-01T10:22:45.465-0300][gc,heap       ] GC(66) Survivor regions: 7->6(7)
[2024-06-01T10:22:45.465-0300][gc,heap       ] GC(66) Old regions: 80->82
[2024-06-01T10:22:45.465-0300][gc,heap       ] GC(66) Humongous regions: 129->129
[2024-06-01T10:22:45.465-0300][gc,metaspace  ] GC(66) Metaspace: 45695K(48668K)->45695K(48668K) NonClass: 39898K(41424K)->39898K(41424K) Class: 5796K(7244K)->5796K(7244K)
[2024-06-01T10:22:45.465-0300][gc            ] GC(66) Pause Young (Normal) (G1 Evacuation Pause) 257M->214M(1024M) 15,877ms
[2024-06-01T10:22:45.465-0300][gc,cpu        ] GC(66) User=0,06s Sys=0,00s Real=0,01s
[2024-06-01T10:23:13.622-0300][gc,start      ] GC(67) Pause Young (Normal) (G1 Evacuation Pause)
[2024-06-01T10:23:13.622-0300][gc,task       ] GC(67) Using 4 workers of 4 for evacuation
[2024-06-01T10:23:13.642-0300][gc,phases     ] GC(67)   Pre Evacuate Collection Set: 0,1ms
[2024-06-01T10:23:13.642-0300][gc,phases     ] GC(67)   Evacuate Collection Set: 18,3ms
[2024-06-01T10:23:13.642-0300][gc,phases     ] GC(67)   Post Evacuate Collection Set: 0,9ms
[2024-06-01T10:23:13.642-0300][gc,phases     ] GC(67)   Other: 0,4ms
[2024-06-01T10:23:13.642-0300][gc,heap       ] GC(67) Eden regions: 45->0(47)
[2024-06-01T10:23:13.642-0300][gc,heap       ] GC(67) Survivor regions: 6->4(7)
[2024-06-01T10:23:13.642-0300][gc,heap       ] GC(67) Old regions: 82->86
[2024-06-01T10:23:13.642-0300][gc,heap       ] GC(67) Humongous regions: 129->129
[2024-06-01T10:23:13.642-0300][gc,metaspace  ] GC(67) Metaspace: 45695K(48668K)->45695K(48668K) NonClass: 39898K(41424K)->39898K(41424K) Class: 5796K(7244K)->5796K(7244K)
[2024-06-01T10:23:13.642-0300][gc            ] GC(67) Pause Young (Normal) (G1 Evacuation Pause) 259M->216M(1024M) 19,965ms
[2024-06-01T10:23:13.642-0300][gc,cpu        ] GC(67) User=0,07s Sys=0,00s Real=0,02s
[2024-06-01T10:26:05.369-0300][gc,start      ] GC(68) Pause Young (Normal) (G1 Evacuation Pause)
[2024-06-01T10:26:05.369-0300][gc,task       ] GC(68) Using 4 workers of 4 for evacuation
[2024-06-01T10:26:05.376-0300][gc,phases     ] GC(68)   Pre Evacuate Collection Set: 0,0ms
[2024-06-01T10:26:05.376-0300][gc,phases     ] GC(68)   Evacuate Collection Set: 6,2ms
[2024-06-01T10:26:05.376-0300][gc,phases     ] GC(68)   Post Evacuate Collection Set: 0,9ms
[2024-06-01T10:26:05.376-0300][gc,phases     ] GC(68)   Other: 0,2ms
[2024-06-01T10:26:05.377-0300][gc,heap       ] GC(68) Eden regions: 47->0(46)
[2024-06-01T10:26:05.377-0300][gc,heap       ] GC(68) Survivor regions: 4->6(7)
[2024-06-01T10:26:05.377-0300][gc,heap       ] GC(68) Old regions: 86->86
[2024-06-01T10:26:05.377-0300][gc,heap       ] GC(68) Humongous regions: 129->129
[2024-06-01T10:26:05.377-0300][gc,metaspace  ] GC(68) Metaspace: 45699K(48668K)->45699K(48668K) NonClass: 39903K(41424K)->39903K(41424K) Class: 5796K(7244K)->5796K(7244K)
[2024-06-01T10:26:05.377-0300][gc            ] GC(68) Pause Young (Normal) (G1 Evacuation Pause) 263M->219M(1024M) 7,531ms
[2024-06-01T10:26:05.377-0300][gc,cpu        ] GC(68) User=0,03s Sys=0,00s Real=0,01s
[2024-06-01T10:26:33.907-0300][gc,start      ] GC(69) Pause Young (Normal) (G1 Evacuation Pause)
[2024-06-01T10:26:33.907-0300][gc,task       ] GC(69) Using 4 workers of 4 for evacuation
[2024-06-01T10:26:33.918-0300][gc,phases     ] GC(69)   Pre Evacuate Collection Set: 0,0ms
[2024-06-01T10:26:33.918-0300][gc,phases     ] GC(69)   Evacuate Collection Set: 10,4ms
[2024-06-01T10:26:33.919-0300][gc,phases     ] GC(69)   Post Evacuate Collection Set: 0,5ms
[2024-06-01T10:26:33.919-0300][gc,phases     ] GC(69)   Other: 0,2ms
[2024-06-01T10:26:33.919-0300][gc,heap       ] GC(69) Eden regions: 46->0(50)
[2024-06-01T10:26:33.919-0300][gc,heap       ] GC(69) Survivor regions: 6->6(7)
[2024-06-01T10:26:33.919-0300][gc,heap       ] GC(69) Old regions: 86->88
[2024-06-01T10:26:33.919-0300][gc,heap       ] GC(69) Humongous regions: 129->129
[2024-06-01T10:26:33.919-0300][gc,metaspace  ] GC(69) Metaspace: 45699K(48668K)->45699K(48668K) NonClass: 39903K(41424K)->39903K(41424K) Class: 5796K(7244K)->5796K(7244K)
[2024-06-01T10:26:33.919-0300][gc            ] GC(69) Pause Young (Normal) (G1 Evacuation Pause) 265M->220M(1024M) 11,342ms
[2024-06-01T10:26:33.919-0300][gc,cpu        ] GC(69) User=0,03s Sys=0,00s Real=0,02s
[2024-06-01T10:27:24.150-0300][gc,start      ] GC(70) Pause Young (Normal) (G1 Evacuation Pause)
[2024-06-01T10:27:24.150-0300][gc,task       ] GC(70) Using 4 workers of 4 for evacuation
[2024-06-01T10:27:24.172-0300][gc,mmu        ] GC(70) MMU target violated: 21,0ms (20,0ms/21,0ms)
[2024-06-01T10:27:24.172-0300][gc,phases     ] GC(70)   Pre Evacuate Collection Set: 0,1ms
[2024-06-01T10:27:24.172-0300][gc,phases     ] GC(70)   Evacuate Collection Set: 20,0ms
[2024-06-01T10:27:24.172-0300][gc,phases     ] GC(70)   Post Evacuate Collection Set: 1,0ms
[2024-06-01T10:27:24.172-0300][gc,phases     ] GC(70)   Other: 0,6ms
[2024-06-01T10:27:24.172-0300][gc,heap       ] GC(70) Eden regions: 50->0(49)
[2024-06-01T10:27:24.172-0300][gc,heap       ] GC(70) Survivor regions: 6->4(7)
[2024-06-01T10:27:24.172-0300][gc,heap       ] GC(70) Old regions: 88->92
[2024-06-01T10:27:24.172-0300][gc,heap       ] GC(70) Humongous regions: 129->129
[2024-06-01T10:27:24.172-0300][gc,metaspace  ] GC(70) Metaspace: 45701K(48668K)->45701K(48668K) NonClass: 39905K(41424K)->39905K(41424K) Class: 5796K(7244K)->5796K(7244K)
[2024-06-01T10:27:24.172-0300][gc            ] GC(70) Pause Young (Normal) (G1 Evacuation Pause) 270M->222M(1024M) 21,818ms
[2024-06-01T10:27:24.172-0300][gc,cpu        ] GC(70) User=0,07s Sys=0,00s Real=0,02s
[2024-06-01T10:27:58.358-0300][gc,start      ] GC(71) Pause Young (Normal) (G1 Evacuation Pause)
[2024-06-01T10:27:58.358-0300][gc,task       ] GC(71) Using 4 workers of 4 for evacuation
[2024-06-01T10:27:58.364-0300][gc,phases     ] GC(71)   Pre Evacuate Collection Set: 0,0ms
[2024-06-01T10:27:58.364-0300][gc,phases     ] GC(71)   Evacuate Collection Set: 4,9ms
[2024-06-01T10:27:58.364-0300][gc,phases     ] GC(71)   Post Evacuate Collection Set: 0,4ms
[2024-06-01T10:27:58.364-0300][gc,phases     ] GC(71)   Other: 0,2ms
[2024-06-01T10:27:58.364-0300][gc,heap       ] GC(71) Eden regions: 49->0(54)
[2024-06-01T10:27:58.364-0300][gc,heap       ] GC(71) Survivor regions: 4->5(7)
[2024-06-01T10:27:58.364-0300][gc,heap       ] GC(71) Old regions: 92->92
[2024-06-01T10:27:58.364-0300][gc,heap       ] GC(71) Humongous regions: 129->129
[2024-06-01T10:27:58.364-0300][gc,metaspace  ] GC(71) Metaspace: 45704K(48668K)->45704K(48668K) NonClass: 39908K(41424K)->39908K(41424K) Class: 5796K(7244K)->5796K(7244K)
[2024-06-01T10:27:58.364-0300][gc            ] GC(71) Pause Young (Normal) (G1 Evacuation Pause) 271M->223M(1024M) 5,586ms
[2024-06-01T10:27:58.364-0300][gc,cpu        ] GC(71) User=0,01s Sys=0,00s Real=0,00s
[2024-06-01T10:28:32.087-0300][gc,start      ] GC(72) Pause Young (Normal) (G1 Evacuation Pause)
[2024-06-01T10:28:32.087-0300][gc,task       ] GC(72) Using 4 workers of 4 for evacuation
[2024-06-01T10:28:32.095-0300][gc,phases     ] GC(72)   Pre Evacuate Collection Set: 0,0ms
[2024-06-01T10:28:32.095-0300][gc,phases     ] GC(72)   Evacuate Collection Set: 7,3ms
[2024-06-01T10:28:32.095-0300][gc,phases     ] GC(72)   Post Evacuate Collection Set: 0,5ms
[2024-06-01T10:28:32.095-0300][gc,phases     ] GC(72)   Other: 0,2ms
[2024-06-01T10:28:32.095-0300][gc,heap       ] GC(72) Eden regions: 54->0(61)
[2024-06-01T10:28:32.095-0300][gc,heap       ] GC(72) Survivor regions: 5->5(8)
[2024-06-01T10:28:32.095-0300][gc,heap       ] GC(72) Old regions: 92->93
[2024-06-01T10:28:32.095-0300][gc,heap       ] GC(72) Humongous regions: 129->129
[2024-06-01T10:28:32.095-0300][gc,metaspace  ] GC(72) Metaspace: 45704K(48668K)->45704K(48668K) NonClass: 39908K(41424K)->39908K(41424K) Class: 5796K(7244K)->5796K(7244K)
[2024-06-01T10:28:32.095-0300][gc            ] GC(72) Pause Young (Normal) (G1 Evacuation Pause) 277M->224M(1024M) 8,133ms
[2024-06-01T10:28:32.095-0300][gc,cpu        ] GC(72) User=0,03s Sys=0,00s Real=0,01s
[2024-06-01T10:29:10.894-0300][gc,start      ] GC(73) Pause Young (Normal) (G1 Evacuation Pause)
[2024-06-01T10:29:10.895-0300][gc,task       ] GC(73) Using 4 workers of 4 for evacuation
[2024-06-01T10:29:10.913-0300][gc,phases     ] GC(73)   Pre Evacuate Collection Set: 0,1ms
[2024-06-01T10:29:10.913-0300][gc,phases     ] GC(73)   Evacuate Collection Set: 17,1ms
[2024-06-01T10:29:10.913-0300][gc,phases     ] GC(73)   Post Evacuate Collection Set: 1,3ms
[2024-06-01T10:29:10.913-0300][gc,phases     ] GC(73)   Other: 0,4ms
[2024-06-01T10:29:10.913-0300][gc,heap       ] GC(73) Eden regions: 61->0(58)
[2024-06-01T10:29:10.913-0300][gc,heap       ] GC(73) Survivor regions: 5->6(9)
[2024-06-01T10:29:10.913-0300][gc,heap       ] GC(73) Old regions: 93->93
[2024-06-01T10:29:10.913-0300][gc,heap       ] GC(73) Humongous regions: 129->129
[2024-06-01T10:29:10.913-0300][gc,metaspace  ] GC(73) Metaspace: 45704K(48668K)->45704K(48668K) NonClass: 39908K(41424K)->39908K(41424K) Class: 5796K(7244K)->5796K(7244K)
[2024-06-01T10:29:10.913-0300][gc            ] GC(73) Pause Young (Normal) (G1 Evacuation Pause) 285M->226M(1024M) 18,993ms
[2024-06-01T10:29:10.913-0300][gc,cpu        ] GC(73) User=0,06s Sys=0,00s Real=0,02s
[2024-06-01T10:29:47.807-0300][gc,start      ] GC(74) Pause Young (Normal) (G1 Evacuation Pause)
[2024-06-01T10:29:47.807-0300][gc,task       ] GC(74) Using 4 workers of 4 for evacuation
[2024-06-01T10:29:47.832-0300][gc,mmu        ] GC(74) MMU target violated: 21,0ms (20,0ms/21,0ms)
[2024-06-01T10:29:47.832-0300][gc,phases     ] GC(74)   Pre Evacuate Collection Set: 0,1ms
[2024-06-01T10:29:47.832-0300][gc,phases     ] GC(74)   Evacuate Collection Set: 23,6ms
[2024-06-01T10:29:47.832-0300][gc,phases     ] GC(74)   Post Evacuate Collection Set: 0,7ms
[2024-06-01T10:29:47.832-0300][gc,phases     ] GC(74)   Other: 0,5ms
[2024-06-01T10:29:47.832-0300][gc,heap       ] GC(74) Eden regions: 58->0(54)
[2024-06-01T10:29:47.832-0300][gc,heap       ] GC(74) Survivor regions: 6->5(8)
[2024-06-01T10:29:47.832-0300][gc,heap       ] GC(74) Old regions: 93->96
[2024-06-01T10:29:47.832-0300][gc,heap       ] GC(74) Humongous regions: 129->129
[2024-06-01T10:29:47.832-0300][gc,metaspace  ] GC(74) Metaspace: 45704K(48668K)->45704K(48668K) NonClass: 39908K(41424K)->39908K(41424K) Class: 5796K(7244K)->5796K(7244K)
[2024-06-01T10:29:47.832-0300][gc            ] GC(74) Pause Young (Normal) (G1 Evacuation Pause) 284M->227M(1024M) 25,009ms
[2024-06-01T10:29:47.832-0300][gc,cpu        ] GC(74) User=0,07s Sys=0,01s Real=0,03s
[2024-06-01T10:30:21.874-0300][gc,start      ] GC(75) Pause Young (Normal) (G1 Evacuation Pause)
[2024-06-01T10:30:21.874-0300][gc,task       ] GC(75) Using 4 workers of 4 for evacuation
[2024-06-01T10:30:21.893-0300][gc,phases     ] GC(75)   Pre Evacuate Collection Set: 0,1ms
[2024-06-01T10:30:21.893-0300][gc,phases     ] GC(75)   Evacuate Collection Set: 18,2ms
[2024-06-01T10:30:21.893-0300][gc,phases     ] GC(75)   Post Evacuate Collection Set: 0,9ms
[2024-06-01T10:30:21.894-0300][gc,phases     ] GC(75)   Other: 0,4ms
[2024-06-01T10:30:21.894-0300][gc,heap       ] GC(75) Eden regions: 54->0(53)
[2024-06-01T10:30:21.894-0300][gc,heap       ] GC(75) Survivor regions: 5->6(8)
[2024-06-01T10:30:21.894-0300][gc,heap       ] GC(75) Old regions: 96->96
[2024-06-01T10:30:21.894-0300][gc,heap       ] GC(75) Humongous regions: 129->129
[2024-06-01T10:30:21.894-0300][gc,metaspace  ] GC(75) Metaspace: 45712K(48668K)->45712K(48668K) NonClass: 39916K(41424K)->39916K(41424K) Class: 5796K(7244K)->5796K(7244K)
[2024-06-01T10:30:21.894-0300][gc            ] GC(75) Pause Young (Normal) (G1 Evacuation Pause) 281M->228M(1024M) 19,747ms
[2024-06-01T10:30:21.894-0300][gc,cpu        ] GC(75) User=0,06s Sys=0,00s Real=0,02s
[2024-06-01T10:30:50.194-0300][gc,start      ] GC(76) Pause Young (Normal) (G1 Evacuation Pause)
[2024-06-01T10:30:50.194-0300][gc,task       ] GC(76) Using 4 workers of 4 for evacuation
[2024-06-01T10:30:50.215-0300][gc,mmu        ] GC(76) MMU target violated: 20,7ms (20,0ms/21,0ms)
[2024-06-01T10:30:50.215-0300][gc,phases     ] GC(76)   Pre Evacuate Collection Set: 0,1ms
[2024-06-01T10:30:50.215-0300][gc,phases     ] GC(76)   Evacuate Collection Set: 19,5ms
[2024-06-01T10:30:50.215-0300][gc,phases     ] GC(76)   Post Evacuate Collection Set: 1,0ms
[2024-06-01T10:30:50.215-0300][gc,phases     ] GC(76)   Other: 0,5ms
[2024-06-01T10:30:50.215-0300][gc,heap       ] GC(76) Eden regions: 45->0(54)
[2024-06-01T10:30:50.215-0300][gc,heap       ] GC(76) Survivor regions: 6->4(7)
[2024-06-01T10:30:50.215-0300][gc,heap       ] GC(76) Old regions: 96->99
[2024-06-01T10:30:50.215-0300][gc,heap       ] GC(76) Humongous regions: 129->129
[2024-06-01T10:30:50.215-0300][gc,metaspace  ] GC(76) Metaspace: 45712K(48668K)->45712K(48668K) NonClass: 39916K(41424K)->39916K(41424K) Class: 5796K(7244K)->5796K(7244K)
[2024-06-01T10:30:50.215-0300][gc            ] GC(76) Pause Young (Normal) (G1 Evacuation Pause) 273M->229M(1024M) 21,304ms
[2024-06-01T10:30:50.215-0300][gc,cpu        ] GC(76) User=0,07s Sys=0,00s Real=0,03s
[2024-06-01T10:31:24.736-0300][gc,start      ] GC(77) Pause Young (Normal) (G1 Evacuation Pause)
[2024-06-01T10:31:24.736-0300][gc,task       ] GC(77) Using 4 workers of 4 for evacuation
[2024-06-01T10:31:24.742-0300][gc,phases     ] GC(77)   Pre Evacuate Collection Set: 0,0ms
[2024-06-01T10:31:24.743-0300][gc,phases     ] GC(77)   Evacuate Collection Set: 6,0ms
[2024-06-01T10:31:24.743-0300][gc,phases     ] GC(77)   Post Evacuate Collection Set: 0,3ms
[2024-06-01T10:31:24.743-0300][gc,phases     ] GC(77)   Other: 0,2ms
[2024-06-01T10:31:24.743-0300][gc,heap       ] GC(77) Eden regions: 54->0(58)
[2024-06-01T10:31:24.743-0300][gc,heap       ] GC(77) Survivor regions: 4->5(8)
[2024-06-01T10:31:24.743-0300][gc,heap       ] GC(77) Old regions: 99->99
[2024-06-01T10:31:24.743-0300][gc,heap       ] GC(77) Humongous regions: 129->129
[2024-06-01T10:31:24.743-0300][gc,metaspace  ] GC(77) Metaspace: 45713K(48668K)->45713K(48668K) NonClass: 39916K(41424K)->39916K(41424K) Class: 5796K(7244K)->5796K(7244K)
[2024-06-01T10:31:24.743-0300][gc            ] GC(77) Pause Young (Normal) (G1 Evacuation Pause) 283M->230M(1024M) 6,597ms
[2024-06-01T10:31:24.743-0300][gc,cpu        ] GC(77) User=0,02s Sys=0,00s Real=0,00s
[2024-06-01T10:32:01.360-0300][gc,start      ] GC(78) Pause Young (Normal) (G1 Evacuation Pause)
[2024-06-01T10:32:01.361-0300][gc,task       ] GC(78) Using 4 workers of 4 for evacuation
[2024-06-01T10:32:01.379-0300][gc,phases     ] GC(78)   Pre Evacuate Collection Set: 0,1ms
[2024-06-01T10:32:01.379-0300][gc,phases     ] GC(78)   Evacuate Collection Set: 17,0ms
[2024-06-01T10:32:01.379-0300][gc,phases     ] GC(78)   Post Evacuate Collection Set: 1,0ms
[2024-06-01T10:32:01.379-0300][gc,phases     ] GC(78)   Other: 0,4ms
[2024-06-01T10:32:01.379-0300][gc,heap       ] GC(78) Eden regions: 58->0(60)
[2024-06-01T10:32:01.379-0300][gc,heap       ] GC(78) Survivor regions: 5->5(8)
[2024-06-01T10:32:01.379-0300][gc,heap       ] GC(78) Old regions: 99->100
[2024-06-01T10:32:01.379-0300][gc,heap       ] GC(78) Humongous regions: 129->129
[2024-06-01T10:32:01.379-0300][gc,metaspace  ] GC(78) Metaspace: 45713K(48668K)->45713K(48668K) NonClass: 39916K(41424K)->39916K(41424K) Class: 5796K(7244K)->5796K(7244K)
[2024-06-01T10:32:01.379-0300][gc            ] GC(78) Pause Young (Normal) (G1 Evacuation Pause) 288M->231M(1024M) 18,767ms
[2024-06-01T10:32:01.379-0300][gc,cpu        ] GC(78) User=0,07s Sys=0,00s Real=0,02s
[2024-06-01T10:35:25.132-0300][gc,start      ] GC(79) Pause Young (Normal) (G1 Evacuation Pause)
[2024-06-01T10:35:25.132-0300][gc,task       ] GC(79) Using 4 workers of 4 for evacuation
[2024-06-01T10:35:25.138-0300][gc,phases     ] GC(79)   Pre Evacuate Collection Set: 0,0ms
[2024-06-01T10:35:25.138-0300][gc,phases     ] GC(79)   Evacuate Collection Set: 5,5ms
[2024-06-01T10:35:25.138-0300][gc,phases     ] GC(79)   Post Evacuate Collection Set: 0,4ms
[2024-06-01T10:35:25.138-0300][gc,phases     ] GC(79)   Other: 0,2ms
[2024-06-01T10:35:25.139-0300][gc,heap       ] GC(79) Eden regions: 54->0(65)
[2024-06-01T10:35:25.139-0300][gc,heap       ] GC(79) Survivor regions: 5->7(8)
[2024-06-01T10:35:25.139-0300][gc,heap       ] GC(79) Old regions: 100->100
[2024-06-01T10:35:25.139-0300][gc,heap       ] GC(79) Humongous regions: 129->129
[2024-06-01T10:35:25.139-0300][gc,metaspace  ] GC(79) Metaspace: 45739K(48668K)->45739K(48668K) NonClass: 39941K(41424K)->39941K(41424K) Class: 5797K(7244K)->5797K(7244K)
[2024-06-01T10:35:25.139-0300][gc            ] GC(79) Pause Young (Normal) (G1 Evacuation Pause) 285M->233M(1024M) 6,097ms
[2024-06-01T10:35:25.139-0300][gc,cpu        ] GC(79) User=0,02s Sys=0,01s Real=0,01s
[2024-06-01T10:36:09.804-0300][gc,start      ] GC(80) Pause Young (Normal) (G1 Evacuation Pause)
[2024-06-01T10:36:09.804-0300][gc,task       ] GC(80) Using 4 workers of 4 for evacuation
[2024-06-01T10:36:09.813-0300][gc,phases     ] GC(80)   Pre Evacuate Collection Set: 0,0ms
[2024-06-01T10:36:09.813-0300][gc,phases     ] GC(80)   Evacuate Collection Set: 8,1ms
[2024-06-01T10:36:09.813-0300][gc,phases     ] GC(80)   Post Evacuate Collection Set: 0,4ms
[2024-06-01T10:36:09.813-0300][gc,phases     ] GC(80)   Other: 0,2ms
[2024-06-01T10:36:09.813-0300][gc,heap       ] GC(80) Eden regions: 65->0(70)
[2024-06-01T10:36:09.813-0300][gc,heap       ] GC(80) Survivor regions: 7->7(9)
[2024-06-01T10:36:09.813-0300][gc,heap       ] GC(80) Old regions: 100->102
[2024-06-01T10:36:09.813-0300][gc,heap       ] GC(80) Humongous regions: 129->129
[2024-06-01T10:36:09.813-0300][gc,metaspace  ] GC(80) Metaspace: 45741K(48668K)->45741K(48668K) NonClass: 39943K(41424K)->39943K(41424K) Class: 5797K(7244K)->5797K(7244K)
[2024-06-01T10:36:09.813-0300][gc            ] GC(80) Pause Young (Normal) (G1 Evacuation Pause) 298M->236M(1024M) 8,757ms
[2024-06-01T10:36:09.813-0300][gc,cpu        ] GC(80) User=0,04s Sys=0,00s Real=0,01s
[2024-06-01T10:36:54.397-0300][gc,start      ] GC(81) Pause Young (Normal) (G1 Evacuation Pause)
[2024-06-01T10:36:54.397-0300][gc,task       ] GC(81) Using 4 workers of 4 for evacuation
[2024-06-01T10:36:54.405-0300][gc,phases     ] GC(81)   Pre Evacuate Collection Set: 0,0ms
[2024-06-01T10:36:54.405-0300][gc,phases     ] GC(81)   Evacuate Collection Set: 6,7ms
[2024-06-01T10:36:54.405-0300][gc,phases     ] GC(81)   Post Evacuate Collection Set: 0,5ms
[2024-06-01T10:36:54.405-0300][gc,phases     ] GC(81)   Other: 0,2ms
[2024-06-01T10:36:54.405-0300][gc,heap       ] GC(81) Eden regions: 70->0(77)
[2024-06-01T10:36:54.405-0300][gc,heap       ] GC(81) Survivor regions: 7->6(10)
[2024-06-01T10:36:54.405-0300][gc,heap       ] GC(81) Old regions: 102->106
[2024-06-01T10:36:54.405-0300][gc,heap       ] GC(81) Humongous regions: 129->129
[2024-06-01T10:36:54.405-0300][gc,metaspace  ] GC(81) Metaspace: 45746K(48668K)->45746K(48668K) NonClass: 39948K(41424K)->39948K(41424K) Class: 5797K(7244K)->5797K(7244K)
[2024-06-01T10:36:54.405-0300][gc            ] GC(81) Pause Young (Normal) (G1 Evacuation Pause) 306M->239M(1024M) 7,515ms
[2024-06-01T10:36:54.405-0300][gc,cpu        ] GC(81) User=0,03s Sys=0,00s Real=0,00s
[2024-06-01T10:37:42.554-0300][gc,start      ] GC(82) Pause Young (Normal) (G1 Evacuation Pause)
[2024-06-01T10:37:42.554-0300][gc,task       ] GC(82) Using 4 workers of 4 for evacuation
[2024-06-01T10:37:42.582-0300][gc,mmu        ] GC(82) MMU target violated: 21,0ms (20,0ms/21,0ms)
[2024-06-01T10:37:42.582-0300][gc,phases     ] GC(82)   Pre Evacuate Collection Set: 0,1ms
[2024-06-01T10:37:42.582-0300][gc,phases     ] GC(82)   Evacuate Collection Set: 26,3ms
[2024-06-01T10:37:42.582-0300][gc,phases     ] GC(82)   Post Evacuate Collection Set: 0,5ms
[2024-06-01T10:37:42.582-0300][gc,phases     ] GC(82)   Other: 0,4ms
[2024-06-01T10:37:42.582-0300][gc,heap       ] GC(82) Eden regions: 77->0(68)
[2024-06-01T10:37:42.582-0300][gc,heap       ] GC(82) Survivor regions: 6->8(11)
[2024-06-01T10:37:42.582-0300][gc,heap       ] GC(82) Old regions: 106->106
[2024-06-01T10:37:42.582-0300][gc,heap       ] GC(82) Humongous regions: 129->129
[2024-06-01T10:37:42.582-0300][gc,metaspace  ] GC(82) Metaspace: 45747K(48668K)->45747K(48668K) NonClass: 39949K(41424K)->39949K(41424K) Class: 5797K(7244K)->5797K(7244K)
[2024-06-01T10:37:42.582-0300][gc            ] GC(82) Pause Young (Normal) (G1 Evacuation Pause) 316M->240M(1024M) 27,361ms
[2024-06-01T10:37:42.582-0300][gc,cpu        ] GC(82) User=0,08s Sys=0,00s Real=0,03s
[2024-06-01T10:38:22.106-0300][gc,start      ] GC(83) Pause Young (Normal) (G1 Evacuation Pause)
[2024-06-01T10:38:22.106-0300][gc,task       ] GC(83) Using 4 workers of 4 for evacuation
[2024-06-01T10:38:22.115-0300][gc,phases     ] GC(83)   Pre Evacuate Collection Set: 0,0ms
[2024-06-01T10:38:22.115-0300][gc,phases     ] GC(83)   Evacuate Collection Set: 8,1ms
[2024-06-01T10:38:22.115-0300][gc,phases     ] GC(83)   Post Evacuate Collection Set: 0,5ms
[2024-06-01T10:38:22.115-0300][gc,phases     ] GC(83)   Other: 0,2ms
[2024-06-01T10:38:22.115-0300][gc,heap       ] GC(83) Eden regions: 63->0(75)
[2024-06-01T10:38:22.115-0300][gc,heap       ] GC(83) Survivor regions: 8->6(9)
[2024-06-01T10:38:22.115-0300][gc,heap       ] GC(83) Old regions: 106->109
[2024-06-01T10:38:22.115-0300][gc,heap       ] GC(83) Humongous regions: 129->129
[2024-06-01T10:38:22.115-0300][gc,metaspace  ] GC(83) Metaspace: 45747K(48668K)->45747K(48668K) NonClass: 39949K(41424K)->39949K(41424K) Class: 5797K(7244K)->5797K(7244K)
[2024-06-01T10:38:22.115-0300][gc            ] GC(83) Pause Young (Normal) (G1 Evacuation Pause) 303M->242M(1024M) 8,865ms
[2024-06-01T10:38:22.115-0300][gc,cpu        ] GC(83) User=0,03s Sys=0,00s Real=0,01s
[2024-06-01T10:49:30.440-0300][gc,start      ] GC(84) Pause Young (Normal) (G1 Evacuation Pause)
[2024-06-01T10:49:30.440-0300][gc,task       ] GC(84) Using 4 workers of 4 for evacuation
[2024-06-01T10:49:30.466-0300][gc,mmu        ] GC(84) MMU target violated: 21,0ms (20,0ms/21,0ms)
[2024-06-01T10:49:30.467-0300][gc,phases     ] GC(84)   Pre Evacuate Collection Set: 0,1ms
[2024-06-01T10:49:30.467-0300][gc,phases     ] GC(84)   Evacuate Collection Set: 25,1ms
[2024-06-01T10:49:30.467-0300][gc,phases     ] GC(84)   Post Evacuate Collection Set: 0,9ms
[2024-06-01T10:49:30.467-0300][gc,phases     ] GC(84)   Other: 0,5ms
[2024-06-01T10:49:30.467-0300][gc,heap       ] GC(84) Eden regions: 72->0(57)
[2024-06-01T10:49:30.467-0300][gc,heap       ] GC(84) Survivor regions: 6->10(10)
[2024-06-01T10:49:30.467-0300][gc,heap       ] GC(84) Old regions: 109->109
[2024-06-01T10:49:30.467-0300][gc,heap       ] GC(84) Humongous regions: 129->129
[2024-06-01T10:49:30.467-0300][gc,metaspace  ] GC(84) Metaspace: 45749K(48668K)->45749K(48668K) NonClass: 39951K(41424K)->39951K(41424K) Class: 5797K(7244K)->5797K(7244K)
[2024-06-01T10:49:30.467-0300][gc            ] GC(84) Pause Young (Normal) (G1 Evacuation Pause) 314M->246M(1024M) 26,683ms
[2024-06-01T10:49:30.467-0300][gc,cpu        ] GC(84) User=0,09s Sys=0,00s Real=0,02s
[2024-06-01T10:55:30.440-0300][gc,start      ] GC(85) Pause Young (Normal) (G1 Evacuation Pause)
[2024-06-01T10:55:30.440-0300][gc,task       ] GC(85) Using 4 workers of 4 for evacuation
[2024-06-01T10:55:30.475-0300][gc,mmu        ] GC(85) MMU target violated: 21,0ms (20,0ms/21,0ms)
[2024-06-01T10:55:30.475-0300][gc,phases     ] GC(85)   Pre Evacuate Collection Set: 0,1ms
[2024-06-01T10:55:30.475-0300][gc,phases     ] GC(85)   Evacuate Collection Set: 34,4ms
[2024-06-01T10:55:30.475-0300][gc,phases     ] GC(85)   Post Evacuate Collection Set: 0,7ms
[2024-06-01T10:55:30.475-0300][gc,phases     ] GC(85)   Other: 0,4ms
[2024-06-01T10:55:30.475-0300][gc,heap       ] GC(85) Eden regions: 41->0(46)
[2024-06-01T10:55:30.475-0300][gc,heap       ] GC(85) Survivor regions: 10->5(7)
[2024-06-01T10:55:30.475-0300][gc,heap       ] GC(85) Old regions: 109->118
[2024-06-01T10:55:30.475-0300][gc,heap       ] GC(85) Humongous regions: 129->129
[2024-06-01T10:55:30.475-0300][gc,metaspace  ] GC(85) Metaspace: 45778K(48924K)->45778K(48924K) NonClass: 39980K(41680K)->39980K(41680K) Class: 5797K(7244K)->5797K(7244K)
[2024-06-01T10:55:30.475-0300][gc            ] GC(85) Pause Young (Normal) (G1 Evacuation Pause) 287M->249M(1024M) 35,689ms
[2024-06-01T10:55:30.475-0300][gc,cpu        ] GC(85) User=0,11s Sys=0,01s Real=0,04s
[2024-06-01T11:04:16.740-0300][gc,start      ] GC(86) Pause Young (Normal) (G1 Evacuation Pause)
[2024-06-01T11:04:16.740-0300][gc,task       ] GC(86) Using 4 workers of 4 for evacuation
[2024-06-01T11:04:16.764-0300][gc,mmu        ] GC(86) MMU target violated: 21,0ms (20,0ms/21,0ms)
[2024-06-01T11:04:16.764-0300][gc,phases     ] GC(86)   Pre Evacuate Collection Set: 0,1ms
[2024-06-01T11:04:16.764-0300][gc,phases     ] GC(86)   Evacuate Collection Set: 22,7ms
[2024-06-01T11:04:16.764-0300][gc,phases     ] GC(86)   Post Evacuate Collection Set: 1,0ms
[2024-06-01T11:04:16.764-0300][gc,phases     ] GC(86)   Other: 0,5ms
[2024-06-01T11:04:16.764-0300][gc,heap       ] GC(86) Eden regions: 46->0(46)
[2024-06-01T11:04:16.764-0300][gc,heap       ] GC(86) Survivor regions: 5->5(7)
[2024-06-01T11:04:16.764-0300][gc,heap       ] GC(86) Old regions: 118->122
[2024-06-01T11:04:16.764-0300][gc,heap       ] GC(86) Humongous regions: 129->129
[2024-06-01T11:04:16.764-0300][gc,metaspace  ] GC(86) Metaspace: 45778K(48924K)->45778K(48924K) NonClass: 39980K(41680K)->39980K(41680K) Class: 5797K(7244K)->5797K(7244K)
[2024-06-01T11:04:16.764-0300][gc            ] GC(86) Pause Young (Normal) (G1 Evacuation Pause) 295M->253M(1024M) 24,437ms
[2024-06-01T11:04:16.765-0300][gc,cpu        ] GC(86) User=0,09s Sys=0,00s Real=0,02s
[2024-06-01T11:13:05.299-0300][gc,start      ] GC(87) Pause Young (Normal) (G1 Evacuation Pause)
[2024-06-01T11:13:05.299-0300][gc,task       ] GC(87) Using 4 workers of 4 for evacuation
[2024-06-01T11:13:05.321-0300][gc,mmu        ] GC(87) MMU target violated: 21,0ms (20,0ms/21,0ms)
[2024-06-01T11:13:05.321-0300][gc,phases     ] GC(87)   Pre Evacuate Collection Set: 0,1ms
[2024-06-01T11:13:05.321-0300][gc,phases     ] GC(87)   Evacuate Collection Set: 21,1ms
[2024-06-01T11:13:05.321-0300][gc,phases     ] GC(87)   Post Evacuate Collection Set: 1,0ms
[2024-06-01T11:13:05.322-0300][gc,phases     ] GC(87)   Other: 0,6ms
[2024-06-01T11:13:05.322-0300][gc,heap       ] GC(87) Eden regions: 46->0(46)
[2024-06-01T11:13:05.322-0300][gc,heap       ] GC(87) Survivor regions: 5->5(7)
[2024-06-01T11:13:05.322-0300][gc,heap       ] GC(87) Old regions: 122->125
[2024-06-01T11:13:05.322-0300][gc,heap       ] GC(87) Humongous regions: 129->129
[2024-06-01T11:13:05.322-0300][gc,metaspace  ] GC(87) Metaspace: 45780K(48924K)->45780K(48924K) NonClass: 39982K(41680K)->39982K(41680K) Class: 5797K(7244K)->5797K(7244K)
[2024-06-01T11:13:05.322-0300][gc            ] GC(87) Pause Young (Normal) (G1 Evacuation Pause) 299M->257M(1024M) 22,909ms
[2024-06-01T11:13:05.322-0300][gc,cpu        ] GC(87) User=0,09s Sys=0,00s Real=0,02s
[2024-06-01T11:21:14.159-0300][gc,start      ] GC(88) Pause Young (Normal) (G1 Evacuation Pause)
[2024-06-01T11:21:14.159-0300][gc,task       ] GC(88) Using 4 workers of 4 for evacuation
[2024-06-01T11:21:14.183-0300][gc,mmu        ] GC(88) MMU target violated: 21,0ms (20,0ms/21,0ms)
[2024-06-01T11:21:14.183-0300][gc,phases     ] GC(88)   Pre Evacuate Collection Set: 0,1ms
[2024-06-01T11:21:14.183-0300][gc,phases     ] GC(88)   Evacuate Collection Set: 23,3ms
[2024-06-01T11:21:14.183-0300][gc,phases     ] GC(88)   Post Evacuate Collection Set: 1,0ms
[2024-06-01T11:21:14.183-0300][gc,phases     ] GC(88)   Other: 0,6ms
[2024-06-01T11:21:14.184-0300][gc,heap       ] GC(88) Eden regions: 46->0(45)
[2024-06-01T11:21:14.184-0300][gc,heap       ] GC(88) Survivor regions: 5->6(7)
[2024-06-01T11:21:14.184-0300][gc,heap       ] GC(88) Old regions: 125->129
[2024-06-01T11:21:14.184-0300][gc,heap       ] GC(88) Humongous regions: 129->129
[2024-06-01T11:21:14.184-0300][gc,metaspace  ] GC(88) Metaspace: 45785K(48924K)->45785K(48924K) NonClass: 39987K(41680K)->39987K(41680K) Class: 5797K(7244K)->5797K(7244K)
[2024-06-01T11:21:14.184-0300][gc            ] GC(88) Pause Young (Normal) (G1 Evacuation Pause) 303M->261M(1024M) 25,102ms
[2024-06-01T11:21:14.184-0300][gc,cpu        ] GC(88) User=0,10s Sys=0,00s Real=0,02s
[2024-06-01T11:29:52.215-0300][gc,start      ] GC(89) Pause Young (Normal) (G1 Evacuation Pause)
[2024-06-01T11:29:52.215-0300][gc,task       ] GC(89) Using 4 workers of 4 for evacuation
[2024-06-01T11:29:52.232-0300][gc,phases     ] GC(89)   Pre Evacuate Collection Set: 0,1ms
[2024-06-01T11:29:52.232-0300][gc,phases     ] GC(89)   Evacuate Collection Set: 15,6ms
[2024-06-01T11:29:52.232-0300][gc,phases     ] GC(89)   Post Evacuate Collection Set: 0,9ms
[2024-06-01T11:29:52.232-0300][gc,phases     ] GC(89)   Other: 0,5ms
[2024-06-01T11:29:52.232-0300][gc,heap       ] GC(89) Eden regions: 45->0(48)
[2024-06-01T11:29:52.232-0300][gc,heap       ] GC(89) Survivor regions: 6->3(7)
[2024-06-01T11:29:52.232-0300][gc,heap       ] GC(89) Old regions: 129->132
[2024-06-01T11:29:52.232-0300][gc,heap       ] GC(89) Humongous regions: 129->129
[2024-06-01T11:29:52.232-0300][gc,metaspace  ] GC(89) Metaspace: 45807K(48924K)->45807K(48924K) NonClass: 40009K(41680K)->40009K(41680K) Class: 5797K(7244K)->5797K(7244K)
[2024-06-01T11:29:52.232-0300][gc            ] GC(89) Pause Young (Normal) (G1 Evacuation Pause) 306M->261M(1024M) 17,268ms
[2024-06-01T11:29:52.232-0300][gc,cpu        ] GC(89) User=0,06s Sys=0,00s Real=0,02s
[2024-06-01T11:39:05.801-0300][gc,start      ] GC(90) Pause Young (Normal) (G1 Evacuation Pause)
[2024-06-01T11:39:05.801-0300][gc,task       ] GC(90) Using 4 workers of 4 for evacuation
[2024-06-01T11:39:05.814-0300][gc,phases     ] GC(90)   Pre Evacuate Collection Set: 0,1ms
[2024-06-01T11:39:05.814-0300][gc,phases     ] GC(90)   Evacuate Collection Set: 11,4ms
[2024-06-01T11:39:05.814-0300][gc,phases     ] GC(90)   Post Evacuate Collection Set: 0,9ms
[2024-06-01T11:39:05.814-0300][gc,phases     ] GC(90)   Other: 0,4ms
[2024-06-01T11:39:05.814-0300][gc,heap       ] GC(90) Eden regions: 48->0(46)
[2024-06-01T11:39:05.814-0300][gc,heap       ] GC(90) Survivor regions: 3->5(7)
[2024-06-01T11:39:05.814-0300][gc,heap       ] GC(90) Old regions: 132->132
[2024-06-01T11:39:05.814-0300][gc,heap       ] GC(90) Humongous regions: 129->129
[2024-06-01T11:39:05.814-0300][gc,metaspace  ] GC(90) Metaspace: 45808K(48924K)->45808K(48924K) NonClass: 40010K(41680K)->40010K(41680K) Class: 5797K(7244K)->5797K(7244K)
[2024-06-01T11:39:05.814-0300][gc            ] GC(90) Pause Young (Normal) (G1 Evacuation Pause) 309M->263M(1024M) 13,102ms
[2024-06-01T11:39:05.814-0300][gc,cpu        ] GC(90) User=0,05s Sys=0,00s Real=0,01s
[2024-06-01T11:47:57.376-0300][gc,start      ] GC(91) Pause Young (Normal) (G1 Evacuation Pause)
[2024-06-01T11:47:57.376-0300][gc,task       ] GC(91) Using 4 workers of 4 for evacuation
[2024-06-01T11:47:57.396-0300][gc,phases     ] GC(91)   Pre Evacuate Collection Set: 0,1ms
[2024-06-01T11:47:57.396-0300][gc,phases     ] GC(91)   Evacuate Collection Set: 18,5ms
[2024-06-01T11:47:57.396-0300][gc,phases     ] GC(91)   Post Evacuate Collection Set: 1,0ms
[2024-06-01T11:47:57.396-0300][gc,phases     ] GC(91)   Other: 0,4ms
[2024-06-01T11:47:57.396-0300][gc,heap       ] GC(91) Eden regions: 46->0(44)
[2024-06-01T11:47:57.396-0300][gc,heap       ] GC(91) Survivor regions: 5->7(7)
[2024-06-01T11:47:57.396-0300][gc,heap       ] GC(91) Old regions: 132->133
[2024-06-01T11:47:57.396-0300][gc,heap       ] GC(91) Humongous regions: 129->129
[2024-06-01T11:47:57.396-0300][gc,metaspace  ] GC(91) Metaspace: 45811K(48924K)->45811K(48924K) NonClass: 40013K(41680K)->40013K(41680K) Class: 5797K(7244K)->5797K(7244K)
[2024-06-01T11:47:57.396-0300][gc            ] GC(91) Pause Young (Normal) (G1 Evacuation Pause) 309M->266M(1024M) 20,261ms
[2024-06-01T11:47:57.397-0300][gc,cpu        ] GC(91) User=0,07s Sys=0,01s Real=0,02s
[2024-06-01T11:56:26.392-0300][gc,start      ] GC(92) Pause Young (Normal) (G1 Evacuation Pause)
[2024-06-01T11:56:26.392-0300][gc,task       ] GC(92) Using 4 workers of 4 for evacuation
[2024-06-01T11:56:26.416-0300][gc,mmu        ] GC(92) MMU target violated: 21,0ms (20,0ms/21,0ms)
[2024-06-01T11:56:26.416-0300][gc,phases     ] GC(92)   Pre Evacuate Collection Set: 0,1ms
[2024-06-01T11:56:26.416-0300][gc,phases     ] GC(92)   Evacuate Collection Set: 23,0ms
[2024-06-01T11:56:26.416-0300][gc,phases     ] GC(92)   Post Evacuate Collection Set: 1,0ms
[2024-06-01T11:56:26.416-0300][gc,phases     ] GC(92)   Other: 0,5ms
[2024-06-01T11:56:26.416-0300][gc,heap       ] GC(92) Eden regions: 44->0(44)
[2024-06-01T11:56:26.416-0300][gc,heap       ] GC(92) Survivor regions: 7->7(7)
[2024-06-01T11:56:26.416-0300][gc,heap       ] GC(92) Old regions: 133->135
[2024-06-01T11:56:26.416-0300][gc,heap       ] GC(92) Humongous regions: 129->129
[2024-06-01T11:56:26.416-0300][gc,metaspace  ] GC(92) Metaspace: 45812K(48924K)->45812K(48924K) NonClass: 40014K(41680K)->40014K(41680K) Class: 5797K(7244K)->5797K(7244K)
[2024-06-01T11:56:26.416-0300][gc            ] GC(92) Pause Young (Normal) (G1 Evacuation Pause) 310M->269M(1024M) 24,780ms
[2024-06-01T11:56:26.417-0300][gc,cpu        ] GC(92) User=0,09s Sys=0,01s Real=0,03s
[2024-06-01T12:04:55.440-0300][gc,start      ] GC(93) Pause Young (Normal) (G1 Evacuation Pause)
[2024-06-01T12:04:55.440-0300][gc,task       ] GC(93) Using 4 workers of 4 for evacuation
[2024-06-01T12:04:55.468-0300][gc,mmu        ] GC(93) MMU target violated: 21,0ms (20,0ms/21,0ms)
[2024-06-01T12:04:55.468-0300][gc,phases     ] GC(93)   Pre Evacuate Collection Set: 0,0ms
[2024-06-01T12:04:55.468-0300][gc,phases     ] GC(93)   Evacuate Collection Set: 26,8ms
[2024-06-01T12:04:55.468-0300][gc,phases     ] GC(93)   Post Evacuate Collection Set: 0,7ms
[2024-06-01T12:04:55.468-0300][gc,phases     ] GC(93)   Other: 0,4ms
[2024-06-01T12:04:55.468-0300][gc,heap       ] GC(93) Eden regions: 44->0(44)
[2024-06-01T12:04:55.468-0300][gc,heap       ] GC(93) Survivor regions: 7->7(7)
[2024-06-01T12:04:55.468-0300][gc,heap       ] GC(93) Old regions: 135->138
[2024-06-01T12:04:55.468-0300][gc,heap       ] GC(93) Humongous regions: 129->129
[2024-06-01T12:04:55.468-0300][gc,metaspace  ] GC(93) Metaspace: 45813K(48924K)->45813K(48924K) NonClass: 40015K(41680K)->40015K(41680K) Class: 5797K(7244K)->5797K(7244K)
[2024-06-01T12:04:55.468-0300][gc            ] GC(93) Pause Young (Normal) (G1 Evacuation Pause) 313M->271M(1024M) 28,166ms
[2024-06-01T12:04:55.468-0300][gc,cpu        ] GC(93) User=0,08s Sys=0,01s Real=0,03s
[2024-06-01T12:13:21.815-0300][gc,start      ] GC(94) Pause Young (Normal) (G1 Evacuation Pause)
[2024-06-01T12:13:21.815-0300][gc,task       ] GC(94) Using 4 workers of 4 for evacuation
[2024-06-01T12:13:21.839-0300][gc,mmu        ] GC(94) MMU target violated: 21,0ms (20,0ms/21,0ms)
[2024-06-01T12:13:21.839-0300][gc,phases     ] GC(94)   Pre Evacuate Collection Set: 0,1ms
[2024-06-01T12:13:21.839-0300][gc,phases     ] GC(94)   Evacuate Collection Set: 23,1ms
[2024-06-01T12:13:21.839-0300][gc,phases     ] GC(94)   Post Evacuate Collection Set: 0,8ms
[2024-06-01T12:13:21.839-0300][gc,phases     ] GC(94)   Other: 0,6ms
[2024-06-01T12:13:21.839-0300][gc,heap       ] GC(94) Eden regions: 44->0(44)
[2024-06-01T12:13:21.839-0300][gc,heap       ] GC(94) Survivor regions: 7->7(7)
[2024-06-01T12:13:21.840-0300][gc,heap       ] GC(94) Old regions: 138->141
[2024-06-01T12:13:21.840-0300][gc,heap       ] GC(94) Humongous regions: 129->129
[2024-06-01T12:13:21.840-0300][gc,metaspace  ] GC(94) Metaspace: 45816K(48924K)->45816K(48924K) NonClass: 40018K(41680K)->40018K(41680K) Class: 5797K(7244K)->5797K(7244K)
[2024-06-01T12:13:21.840-0300][gc            ] GC(94) Pause Young (Normal) (G1 Evacuation Pause) 315M->275M(1024M) 24,737ms
[2024-06-01T12:13:21.840-0300][gc,cpu        ] GC(94) User=0,09s Sys=0,00s Real=0,03s
[2024-06-01T12:21:05.440-0300][gc,start      ] GC(95) Pause Young (Normal) (G1 Evacuation Pause)
[2024-06-01T12:21:05.440-0300][gc,task       ] GC(95) Using 4 workers of 4 for evacuation
[2024-06-01T12:21:05.466-0300][gc,mmu        ] GC(95) MMU target violated: 21,0ms (20,0ms/21,0ms)
[2024-06-01T12:21:05.466-0300][gc,phases     ] GC(95)   Pre Evacuate Collection Set: 0,1ms
[2024-06-01T12:21:05.466-0300][gc,phases     ] GC(95)   Evacuate Collection Set: 24,8ms
[2024-06-01T12:21:05.466-0300][gc,phases     ] GC(95)   Post Evacuate Collection Set: 1,0ms
[2024-06-01T12:21:05.466-0300][gc,phases     ] GC(95)   Other: 0,5ms
[2024-06-01T12:21:05.466-0300][gc,heap       ] GC(95) Eden regions: 44->0(44)
[2024-06-01T12:21:05.466-0300][gc,heap       ] GC(95) Survivor regions: 7->7(7)
[2024-06-01T12:21:05.466-0300][gc,heap       ] GC(95) Old regions: 141->144
[2024-06-01T12:21:05.466-0300][gc,heap       ] GC(95) Humongous regions: 129->129
[2024-06-01T12:21:05.466-0300][gc,metaspace  ] GC(95) Metaspace: 45820K(48924K)->45820K(48924K) NonClass: 40022K(41680K)->40022K(41680K) Class: 5797K(7244K)->5797K(7244K)
[2024-06-01T12:21:05.466-0300][gc            ] GC(95) Pause Young (Normal) (G1 Evacuation Pause) 319M->278M(1024M) 26,577ms
[2024-06-01T12:21:05.466-0300][gc,cpu        ] GC(95) User=0,10s Sys=0,00s Real=0,02s
[2024-06-01T12:29:35.440-0300][gc,start      ] GC(96) Pause Young (Normal) (G1 Evacuation Pause)
[2024-06-01T12:29:35.440-0300][gc,task       ] GC(96) Using 4 workers of 4 for evacuation
[2024-06-01T12:29:35.461-0300][gc,mmu        ] GC(96) MMU target violated: 20,7ms (20,0ms/21,0ms)
[2024-06-01T12:29:35.461-0300][gc,phases     ] GC(96)   Pre Evacuate Collection Set: 0,1ms
[2024-06-01T12:29:35.461-0300][gc,phases     ] GC(96)   Evacuate Collection Set: 19,4ms
[2024-06-01T12:29:35.461-0300][gc,phases     ] GC(96)   Post Evacuate Collection Set: 1,0ms
[2024-06-01T12:29:35.461-0300][gc,phases     ] GC(96)   Other: 0,5ms
[2024-06-01T12:29:35.461-0300][gc,heap       ] GC(96) Eden regions: 44->0(51)
[2024-06-01T12:29:35.461-0300][gc,heap       ] GC(96) Survivor regions: 7->3(7)
[2024-06-01T12:29:35.461-0300][gc,heap       ] GC(96) Old regions: 144->149
[2024-06-01T12:29:35.461-0300][gc,heap       ] GC(96) Humongous regions: 129->129
[2024-06-01T12:29:35.461-0300][gc,metaspace  ] GC(96) Metaspace: 45822K(48924K)->45822K(48924K) NonClass: 40024K(41680K)->40024K(41680K) Class: 5797K(7244K)->5797K(7244K)
[2024-06-01T12:29:35.461-0300][gc            ] GC(96) Pause Young (Normal) (G1 Evacuation Pause) 322M->278M(1024M) 21,261ms
[2024-06-01T12:29:35.461-0300][gc,cpu        ] GC(96) User=0,07s Sys=0,00s Real=0,02s
[2024-06-01T12:39:12.621-0300][gc,start      ] GC(97) Pause Young (Normal) (G1 Evacuation Pause)
[2024-06-01T12:39:12.621-0300][gc,task       ] GC(97) Using 4 workers of 4 for evacuation
[2024-06-01T12:39:12.638-0300][gc,phases     ] GC(97)   Pre Evacuate Collection Set: 0,1ms
[2024-06-01T12:39:12.638-0300][gc,phases     ] GC(97)   Evacuate Collection Set: 15,5ms
[2024-06-01T12:39:12.638-0300][gc,phases     ] GC(97)   Post Evacuate Collection Set: 1,0ms
[2024-06-01T12:39:12.638-0300][gc,phases     ] GC(97)   Other: 0,4ms
[2024-06-01T12:39:12.638-0300][gc,heap       ] GC(97) Eden regions: 51->0(45)
[2024-06-01T12:39:12.638-0300][gc,heap       ] GC(97) Survivor regions: 3->6(7)
[2024-06-01T12:39:12.638-0300][gc,heap       ] GC(97) Old regions: 149->149
[2024-06-01T12:39:12.638-0300][gc,heap       ] GC(97) Humongous regions: 129->129
[2024-06-01T12:39:12.638-0300][gc,metaspace  ] GC(97) Metaspace: 45822K(48924K)->45822K(48924K) NonClass: 40025K(41680K)->40025K(41680K) Class: 5797K(7244K)->5797K(7244K)
[2024-06-01T12:39:12.638-0300][gc            ] GC(97) Pause Young (Normal) (G1 Evacuation Pause) 329M->282M(1024M) 17,200ms
[2024-06-01T12:39:12.638-0300][gc,cpu        ] GC(97) User=0,06s Sys=0,00s Real=0,02s
[2024-06-01T12:47:45.470-0300][gc,start      ] GC(98) Pause Young (Normal) (G1 Evacuation Pause)
[2024-06-01T12:47:45.470-0300][gc,task       ] GC(98) Using 4 workers of 4 for evacuation
[2024-06-01T12:47:45.494-0300][gc,mmu        ] GC(98) MMU target violated: 21,0ms (20,0ms/21,0ms)
[2024-06-01T12:47:45.494-0300][gc,phases     ] GC(98)   Pre Evacuate Collection Set: 0,1ms
[2024-06-01T12:47:45.494-0300][gc,phases     ] GC(98)   Evacuate Collection Set: 22,9ms
[2024-06-01T12:47:45.494-0300][gc,phases     ] GC(98)   Post Evacuate Collection Set: 1,0ms
[2024-06-01T12:47:45.494-0300][gc,phases     ] GC(98)   Other: 0,5ms
[2024-06-01T12:47:45.495-0300][gc,heap       ] GC(98) Eden regions: 45->0(46)
[2024-06-01T12:47:45.495-0300][gc,heap       ] GC(98) Survivor regions: 6->5(7)
[2024-06-01T12:47:45.495-0300][gc,heap       ] GC(98) Old regions: 149->154
[2024-06-01T12:47:45.495-0300][gc,heap       ] GC(98) Humongous regions: 129->129
[2024-06-01T12:47:45.495-0300][gc,metaspace  ] GC(98) Metaspace: 45825K(48924K)->45825K(48924K) NonClass: 40027K(41680K)->40027K(41680K) Class: 5797K(7244K)->5797K(7244K)
[2024-06-01T12:47:45.495-0300][gc            ] GC(98) Pause Young (Normal) (G1 Evacuation Pause) 327M->285M(1024M) 24,634ms
[2024-06-01T12:47:45.495-0300][gc,cpu        ] GC(98) User=0,09s Sys=0,00s Real=0,02s
[2024-06-01T12:56:25.155-0300][gc,start      ] GC(99) Pause Young (Normal) (G1 Evacuation Pause)
[2024-06-01T12:56:25.155-0300][gc,task       ] GC(99) Using 4 workers of 4 for evacuation
[2024-06-01T12:56:25.175-0300][gc,mmu        ] GC(99) MMU target violated: 20,7ms (20,0ms/21,0ms)
[2024-06-01T12:56:25.176-0300][gc,phases     ] GC(99)   Pre Evacuate Collection Set: 0,1ms
[2024-06-01T12:56:25.176-0300][gc,phases     ] GC(99)   Evacuate Collection Set: 19,5ms
[2024-06-01T12:56:25.176-0300][gc,phases     ] GC(99)   Post Evacuate Collection Set: 1,0ms
[2024-06-01T12:56:25.176-0300][gc,phases     ] GC(99)   Other: 0,5ms
[2024-06-01T12:56:25.176-0300][gc,heap       ] GC(99) Eden regions: 46->0(46)
[2024-06-01T12:56:25.176-0300][gc,heap       ] GC(99) Survivor regions: 5->5(7)
[2024-06-01T12:56:25.176-0300][gc,heap       ] GC(99) Old regions: 154->157
[2024-06-01T12:56:25.176-0300][gc,heap       ] GC(99) Humongous regions: 129->129
[2024-06-01T12:56:25.176-0300][gc,metaspace  ] GC(99) Metaspace: 45825K(48924K)->45825K(48924K) NonClass: 40027K(41680K)->40027K(41680K) Class: 5797K(7244K)->5797K(7244K)
[2024-06-01T12:56:25.176-0300][gc            ] GC(99) Pause Young (Normal) (G1 Evacuation Pause) 331M->288M(1024M) 21,272ms
[2024-06-01T12:56:25.176-0300][gc,cpu        ] GC(99) User=0,07s Sys=0,00s Real=0,03s
[2024-06-01T13:00:05.244-0300][gc,start      ] GC(100) Pause Young (Normal) (G1 Evacuation Pause)
[2024-06-01T13:00:05.244-0300][gc,task       ] GC(100) Using 4 workers of 4 for evacuation
[2024-06-01T13:00:05.250-0300][gc,phases     ] GC(100)   Pre Evacuate Collection Set: 0,0ms
[2024-06-01T13:00:05.250-0300][gc,phases     ] GC(100)   Evacuate Collection Set: 5,5ms
[2024-06-01T13:00:05.250-0300][gc,phases     ] GC(100)   Post Evacuate Collection Set: 0,5ms
[2024-06-01T13:00:05.250-0300][gc,phases     ] GC(100)   Other: 0,2ms
[2024-06-01T13:00:05.250-0300][gc,heap       ] GC(100) Eden regions: 46->0(48)
[2024-06-01T13:00:05.250-0300][gc,heap       ] GC(100) Survivor regions: 5->5(7)
[2024-06-01T13:00:05.250-0300][gc,heap       ] GC(100) Old regions: 157->160
[2024-06-01T13:00:05.250-0300][gc,heap       ] GC(100) Humongous regions: 129->129
[2024-06-01T13:00:05.250-0300][gc,metaspace  ] GC(100) Metaspace: 45840K(48924K)->45840K(48924K) NonClass: 40042K(41680K)->40042K(41680K) Class: 5797K(7244K)->5797K(7244K)
[2024-06-01T13:00:05.250-0300][gc            ] GC(100) Pause Young (Normal) (G1 Evacuation Pause) 334M->291M(1024M) 6,243ms
[2024-06-01T13:00:05.250-0300][gc,cpu        ] GC(100) User=0,02s Sys=0,00s Real=0,01s
[2024-06-01T13:00:33.469-0300][gc,start      ] GC(101) Pause Young (Normal) (G1 Evacuation Pause)
[2024-06-01T13:00:33.469-0300][gc,task       ] GC(101) Using 4 workers of 4 for evacuation
[2024-06-01T13:00:33.489-0300][gc,mmu        ] GC(101) MMU target violated: 20,0ms (20,0ms/21,0ms)
[2024-06-01T13:00:33.489-0300][gc,phases     ] GC(101)   Pre Evacuate Collection Set: 0,1ms
[2024-06-01T13:00:33.489-0300][gc,phases     ] GC(101)   Evacuate Collection Set: 18,8ms
[2024-06-01T13:00:33.489-0300][gc,phases     ] GC(101)   Post Evacuate Collection Set: 0,9ms
[2024-06-01T13:00:33.489-0300][gc,phases     ] GC(101)   Other: 0,5ms
[2024-06-01T13:00:33.489-0300][gc,heap       ] GC(101) Eden regions: 46->0(55)
[2024-06-01T13:00:33.489-0300][gc,heap       ] GC(101) Survivor regions: 5->3(7)
[2024-06-01T13:00:33.489-0300][gc,heap       ] GC(101) Old regions: 160->164
[2024-06-01T13:00:33.489-0300][gc,heap       ] GC(101) Humongous regions: 129->129
[2024-06-01T13:00:33.489-0300][gc,metaspace  ] GC(101) Metaspace: 45842K(48924K)->45842K(48924K) NonClass: 40044K(41680K)->40044K(41680K) Class: 5797K(7244K)->5797K(7244K)
[2024-06-01T13:00:33.490-0300][gc            ] GC(101) Pause Young (Normal) (G1 Evacuation Pause) 337M->293M(1024M) 20,515ms
[2024-06-01T13:00:33.490-0300][gc,cpu        ] GC(101) User=0,06s Sys=0,00s Real=0,02s
[2024-06-01T13:01:03.600-0300][gc,start      ] GC(102) Pause Young (Normal) (G1 Evacuation Pause)
[2024-06-01T13:01:03.600-0300][gc,task       ] GC(102) Using 4 workers of 4 for evacuation
[2024-06-01T13:01:03.604-0300][gc,phases     ] GC(102)   Pre Evacuate Collection Set: 0,0ms
[2024-06-01T13:01:03.604-0300][gc,phases     ] GC(102)   Evacuate Collection Set: 4,1ms
[2024-06-01T13:01:03.604-0300][gc,phases     ] GC(102)   Post Evacuate Collection Set: 0,3ms
[2024-06-01T13:01:03.604-0300][gc,phases     ] GC(102)   Other: 0,2ms
[2024-06-01T13:01:03.604-0300][gc,heap       ] GC(102) Eden regions: 48->0(68)
[2024-06-01T13:01:03.604-0300][gc,heap       ] GC(102) Survivor regions: 3->4(7)
[2024-06-01T13:01:03.604-0300][gc,heap       ] GC(102) Old regions: 164->164
[2024-06-01T13:01:03.604-0300][gc,heap       ] GC(102) Humongous regions: 129->129
[2024-06-01T13:01:03.604-0300][gc,metaspace  ] GC(102) Metaspace: 45842K(48924K)->45842K(48924K) NonClass: 40044K(41680K)->40044K(41680K) Class: 5797K(7244K)->5797K(7244K)
[2024-06-01T13:01:03.604-0300][gc            ] GC(102) Pause Young (Normal) (G1 Evacuation Pause) 341M->294M(1024M) 4,641ms
[2024-06-01T13:01:03.604-0300][gc,cpu        ] GC(102) User=0,01s Sys=0,00s Real=0,00s
[2024-06-01T13:01:42.776-0300][gc,start      ] GC(103) Pause Young (Normal) (G1 Evacuation Pause)
[2024-06-01T13:01:42.776-0300][gc,task       ] GC(103) Using 4 workers of 4 for evacuation
[2024-06-01T13:01:42.781-0300][gc,phases     ] GC(103)   Pre Evacuate Collection Set: 0,0ms
[2024-06-01T13:01:42.781-0300][gc,phases     ] GC(103)   Evacuate Collection Set: 5,3ms
[2024-06-01T13:01:42.781-0300][gc,phases     ] GC(103)   Post Evacuate Collection Set: 0,4ms
[2024-06-01T13:01:42.781-0300][gc,phases     ] GC(103)   Other: 0,2ms
[2024-06-01T13:01:42.781-0300][gc,heap       ] GC(103) Eden regions: 61->0(76)
[2024-06-01T13:01:42.781-0300][gc,heap       ] GC(103) Survivor regions: 4->6(9)
[2024-06-01T13:01:42.781-0300][gc,heap       ] GC(103) Old regions: 164->164
[2024-06-01T13:01:42.782-0300][gc,heap       ] GC(103) Humongous regions: 129->129
[2024-06-01T13:01:42.782-0300][gc,metaspace  ] GC(103) Metaspace: 45842K(48924K)->45842K(48924K) NonClass: 40044K(41680K)->40044K(41680K) Class: 5797K(7244K)->5797K(7244K)
[2024-06-01T13:01:42.782-0300][gc            ] GC(103) Pause Young (Normal) (G1 Evacuation Pause) 355M->296M(1024M) 5,977ms
[2024-06-01T13:01:42.782-0300][gc,cpu        ] GC(103) User=0,02s Sys=0,00s Real=0,00s
[2024-06-01T13:02:27.588-0300][gc,start      ] GC(104) Pause Young (Normal) (G1 Evacuation Pause)
[2024-06-01T13:02:27.588-0300][gc,task       ] GC(104) Using 4 workers of 4 for evacuation
[2024-06-01T13:02:27.608-0300][gc,phases     ] GC(104)   Pre Evacuate Collection Set: 0,1ms
[2024-06-01T13:02:27.608-0300][gc,phases     ] GC(104)   Evacuate Collection Set: 18,3ms
[2024-06-01T13:02:27.608-0300][gc,phases     ] GC(104)   Post Evacuate Collection Set: 1,0ms
[2024-06-01T13:02:27.608-0300][gc,phases     ] GC(104)   Other: 0,4ms
[2024-06-01T13:02:27.608-0300][gc,heap       ] GC(104) Eden regions: 72->0(70)
[2024-06-01T13:02:27.608-0300][gc,heap       ] GC(104) Survivor regions: 6->7(10)
[2024-06-01T13:02:27.608-0300][gc,heap       ] GC(104) Old regions: 164->164
[2024-06-01T13:02:27.608-0300][gc,heap       ] GC(104) Humongous regions: 129->129
[2024-06-01T13:02:27.608-0300][gc,metaspace  ] GC(104) Metaspace: 45842K(48924K)->45842K(48924K) NonClass: 40044K(41680K)->40044K(41680K) Class: 5797K(7244K)->5797K(7244K)
[2024-06-01T13:02:27.608-0300][gc            ] GC(104) Pause Young (Normal) (G1 Evacuation Pause) 368M->297M(1024M) 19,954ms
[2024-06-01T13:02:27.608-0300][gc,cpu        ] GC(104) User=0,07s Sys=0,00s Real=0,02s
[2024-06-01T13:03:06.422-0300][gc,start      ] GC(105) Pause Young (Normal) (G1 Evacuation Pause)
[2024-06-01T13:03:06.422-0300][gc,task       ] GC(105) Using 4 workers of 4 for evacuation
[2024-06-01T13:03:06.445-0300][gc,mmu        ] GC(105) MMU target violated: 21,0ms (20,0ms/21,0ms)
[2024-06-01T13:03:06.445-0300][gc,phases     ] GC(105)   Pre Evacuate Collection Set: 0,1ms
[2024-06-01T13:03:06.445-0300][gc,phases     ] GC(105)   Evacuate Collection Set: 21,4ms
[2024-06-01T13:03:06.445-0300][gc,phases     ] GC(105)   Post Evacuate Collection Set: 0,8ms
[2024-06-01T13:03:06.445-0300][gc,phases     ] GC(105)   Other: 0,5ms
[2024-06-01T13:03:06.445-0300][gc,heap       ] GC(105) Eden regions: 63->0(57)
[2024-06-01T13:03:06.445-0300][gc,heap       ] GC(105) Survivor regions: 7->6(9)
[2024-06-01T13:03:06.445-0300][gc,heap       ] GC(105) Old regions: 164->166
[2024-06-01T13:03:06.445-0300][gc,heap       ] GC(105) Humongous regions: 129->129
[2024-06-01T13:03:06.445-0300][gc,metaspace  ] GC(105) Metaspace: 45842K(48924K)->45842K(48924K) NonClass: 40044K(41680K)->40044K(41680K) Class: 5797K(7244K)->5797K(7244K)
[2024-06-01T13:03:06.445-0300][gc            ] GC(105) Pause Young (Normal) (G1 Evacuation Pause) 360M->299M(1024M) 22,949ms
[2024-06-01T13:03:06.445-0300][gc,cpu        ] GC(105) User=0,09s Sys=0,00s Real=0,02s
[2024-06-01T13:03:42.661-0300][gc,start      ] GC(106) Pause Young (Normal) (G1 Evacuation Pause)
[2024-06-01T13:03:42.661-0300][gc,task       ] GC(106) Using 4 workers of 4 for evacuation
[2024-06-01T13:03:42.683-0300][gc,mmu        ] GC(106) MMU target violated: 21,0ms (20,0ms/21,0ms)
[2024-06-01T13:03:42.683-0300][gc,phases     ] GC(106)   Pre Evacuate Collection Set: 0,1ms
[2024-06-01T13:03:42.683-0300][gc,phases     ] GC(106)   Evacuate Collection Set: 20,6ms
[2024-06-01T13:03:42.683-0300][gc,phases     ] GC(106)   Post Evacuate Collection Set: 0,9ms
[2024-06-01T13:03:42.684-0300][gc,phases     ] GC(106)   Other: 0,6ms
[2024-06-01T13:03:42.684-0300][gc,heap       ] GC(106) Eden regions: 57->0(53)
[2024-06-01T13:03:42.684-0300][gc,heap       ] GC(106) Survivor regions: 6->6(8)
[2024-06-01T13:03:42.684-0300][gc,heap       ] GC(106) Old regions: 166->167
[2024-06-01T13:03:42.684-0300][gc,heap       ] GC(106) Humongous regions: 129->129
[2024-06-01T13:03:42.684-0300][gc,metaspace  ] GC(106) Metaspace: 45842K(48924K)->45842K(48924K) NonClass: 40044K(41680K)->40044K(41680K) Class: 5797K(7244K)->5797K(7244K)
[2024-06-01T13:03:42.684-0300][gc            ] GC(106) Pause Young (Normal) (G1 Evacuation Pause) 356M->300M(1024M) 22,319ms
[2024-06-01T13:03:42.684-0300][gc,cpu        ] GC(106) User=0,07s Sys=0,01s Real=0,02s
[2024-06-01T13:04:10.998-0300][gc,start      ] GC(107) Pause Young (Normal) (G1 Evacuation Pause)
[2024-06-01T13:04:10.998-0300][gc,task       ] GC(107) Using 4 workers of 4 for evacuation
[2024-06-01T13:04:11.006-0300][gc,phases     ] GC(107)   Pre Evacuate Collection Set: 0,0ms
[2024-06-01T13:04:11.006-0300][gc,phases     ] GC(107)   Evacuate Collection Set: 7,5ms
[2024-06-01T13:04:11.006-0300][gc,phases     ] GC(107)   Post Evacuate Collection Set: 0,4ms
[2024-06-01T13:04:11.006-0300][gc,phases     ] GC(107)   Other: 0,2ms
[2024-06-01T13:04:11.006-0300][gc,heap       ] GC(107) Eden regions: 45->0(65)
[2024-06-01T13:04:11.006-0300][gc,heap       ] GC(107) Survivor regions: 6->4(7)
[2024-06-01T13:04:11.006-0300][gc,heap       ] GC(107) Old regions: 167->170
[2024-06-01T13:04:11.006-0300][gc,heap       ] GC(107) Humongous regions: 129->129
[2024-06-01T13:04:11.006-0300][gc,metaspace  ] GC(107) Metaspace: 45842K(48924K)->45842K(48924K) NonClass: 40044K(41680K)->40044K(41680K) Class: 5797K(7244K)->5797K(7244K)
[2024-06-01T13:04:11.006-0300][gc            ] GC(107) Pause Young (Normal) (G1 Evacuation Pause) 345M->301M(1024M) 8,228ms
[2024-06-01T13:04:11.006-0300][gc,cpu        ] GC(107) User=0,03s Sys=0,00s Real=0,00s
[2024-06-01T13:04:46.836-0300][gc,start      ] GC(108) Pause Young (Normal) (G1 Evacuation Pause)
[2024-06-01T13:04:46.836-0300][gc,task       ] GC(108) Using 4 workers of 4 for evacuation
[2024-06-01T13:04:46.854-0300][gc,phases     ] GC(108)   Pre Evacuate Collection Set: 0,1ms
[2024-06-01T13:04:46.854-0300][gc,phases     ] GC(108)   Evacuate Collection Set: 16,0ms
[2024-06-01T13:04:46.854-0300][gc,phases     ] GC(108)   Post Evacuate Collection Set: 1,0ms
[2024-06-01T13:04:46.854-0300][gc,phases     ] GC(108)   Other: 0,4ms
[2024-06-01T13:04:46.854-0300][gc,heap       ] GC(108) Eden regions: 57->0(58)
[2024-06-01T13:04:46.854-0300][gc,heap       ] GC(108) Survivor regions: 4->5(8)
[2024-06-01T13:04:46.854-0300][gc,heap       ] GC(108) Old regions: 170->170
[2024-06-01T13:04:46.854-0300][gc,heap       ] GC(108) Humongous regions: 129->129
[2024-06-01T13:04:46.854-0300][gc,metaspace  ] GC(108) Metaspace: 45842K(48924K)->45842K(48924K) NonClass: 40044K(41680K)->40044K(41680K) Class: 5797K(7244K)->5797K(7244K)
[2024-06-01T13:04:46.854-0300][gc            ] GC(108) Pause Young (Normal) (G1 Evacuation Pause) 358M->302M(1024M) 17,699ms
[2024-06-01T13:04:46.854-0300][gc,cpu        ] GC(108) User=0,06s Sys=0,00s Real=0,01s
[2024-06-01T13:05:16.217-0300][gc,start      ] GC(109) Pause Young (Normal) (G1 Evacuation Pause)
[2024-06-01T13:05:16.217-0300][gc,task       ] GC(109) Using 4 workers of 4 for evacuation
[2024-06-01T13:05:16.237-0300][gc,phases     ] GC(109)   Pre Evacuate Collection Set: 0,1ms
[2024-06-01T13:05:16.237-0300][gc,phases     ] GC(109)   Evacuate Collection Set: 18,7ms
[2024-06-01T13:05:16.237-0300][gc,phases     ] GC(109)   Post Evacuate Collection Set: 0,9ms
[2024-06-01T13:05:16.237-0300][gc,phases     ] GC(109)   Other: 0,4ms
[2024-06-01T13:05:16.238-0300][gc,heap       ] GC(109) Eden regions: 47->0(50)
[2024-06-01T13:05:16.238-0300][gc,heap       ] GC(109) Survivor regions: 5->5(7)
[2024-06-01T13:05:16.238-0300][gc,heap       ] GC(109) Old regions: 170->171
[2024-06-01T13:05:16.238-0300][gc,heap       ] GC(109) Humongous regions: 129->129
[2024-06-01T13:05:16.238-0300][gc,metaspace  ] GC(109) Metaspace: 45842K(48924K)->45842K(48924K) NonClass: 40044K(41680K)->40044K(41680K) Class: 5797K(7244K)->5797K(7244K)
[2024-06-01T13:05:16.238-0300][gc            ] GC(109) Pause Young (Normal) (G1 Evacuation Pause) 349M->303M(1024M) 20,403ms
[2024-06-01T13:05:16.238-0300][gc,cpu        ] GC(109) User=0,07s Sys=0,00s Real=0,02s
[2024-06-01T13:05:45.111-0300][gc,start      ] GC(110) Pause Young (Normal) (G1 Evacuation Pause)
[2024-06-01T13:05:45.111-0300][gc,task       ] GC(110) Using 4 workers of 4 for evacuation
[2024-06-01T13:05:45.131-0300][gc,mmu        ] GC(110) MMU target violated: 20,5ms (20,0ms/21,0ms)
[2024-06-01T13:05:45.132-0300][gc,phases     ] GC(110)   Pre Evacuate Collection Set: 0,1ms
[2024-06-01T13:05:45.132-0300][gc,phases     ] GC(110)   Evacuate Collection Set: 18,7ms
[2024-06-01T13:05:45.132-0300][gc,phases     ] GC(110)   Post Evacuate Collection Set: 1,6ms
[2024-06-01T13:05:45.132-0300][gc,phases     ] GC(110)   Other: 0,5ms
[2024-06-01T13:05:45.132-0300][gc,heap       ] GC(110) Eden regions: 46->0(49)
[2024-06-01T13:05:45.132-0300][gc,heap       ] GC(110) Survivor regions: 5->5(7)
[2024-06-01T13:05:45.132-0300][gc,heap       ] GC(110) Old regions: 171->173
[2024-06-01T13:05:45.132-0300][gc,heap       ] GC(110) Humongous regions: 129->129
[2024-06-01T13:05:45.132-0300][gc,metaspace  ] GC(110) Metaspace: 45843K(48924K)->45843K(48924K) NonClass: 40046K(41680K)->40046K(41680K) Class: 5797K(7244K)->5797K(7244K)
[2024-06-01T13:05:45.132-0300][gc            ] GC(110) Pause Young (Normal) (G1 Evacuation Pause) 349M->304M(1024M) 20,928ms
[2024-06-01T13:05:45.132-0300][gc,cpu        ] GC(110) User=0,07s Sys=0,00s Real=0,02s
[2024-06-01T13:07:45.901-0300][gc,start      ] GC(111) Pause Young (Normal) (G1 Evacuation Pause)
[2024-06-01T13:07:45.901-0300][gc,task       ] GC(111) Using 4 workers of 4 for evacuation
[2024-06-01T13:07:45.921-0300][gc,phases     ] GC(111)   Pre Evacuate Collection Set: 0,1ms
[2024-06-01T13:07:45.921-0300][gc,phases     ] GC(111)   Evacuate Collection Set: 17,8ms
[2024-06-01T13:07:45.921-0300][gc,phases     ] GC(111)   Post Evacuate Collection Set: 1,1ms
[2024-06-01T13:07:45.921-0300][gc,phases     ] GC(111)   Other: 0,4ms
[2024-06-01T13:07:45.921-0300][gc,heap       ] GC(111) Eden regions: 46->0(47)
[2024-06-01T13:07:45.921-0300][gc,heap       ] GC(111) Survivor regions: 5->5(7)
[2024-06-01T13:07:45.921-0300][gc,heap       ] GC(111) Old regions: 173->174
[2024-06-01T13:07:45.921-0300][gc,heap       ] GC(111) Humongous regions: 129->129
[2024-06-01T13:07:45.921-0300][gc,metaspace  ] GC(111) Metaspace: 45844K(48924K)->45844K(48924K) NonClass: 40046K(41680K)->40046K(41680K) Class: 5797K(7244K)->5797K(7244K)
[2024-06-01T13:07:45.921-0300][gc            ] GC(111) Pause Young (Normal) (G1 Evacuation Pause) 350M->305M(1024M) 19,657ms
[2024-06-01T13:07:45.921-0300][gc,cpu        ] GC(111) User=0,07s Sys=0,00s Real=0,02s
[2024-06-01T13:08:57.036-0300][gc,start      ] GC(112) Pause Young (Normal) (G1 Evacuation Pause)
[2024-06-01T13:08:57.036-0300][gc,task       ] GC(112) Using 4 workers of 4 for evacuation
[2024-06-01T13:08:57.054-0300][gc,phases     ] GC(112)   Pre Evacuate Collection Set: 0,0ms
[2024-06-01T13:08:57.054-0300][gc,phases     ] GC(112)   Evacuate Collection Set: 16,7ms
[2024-06-01T13:08:57.054-0300][gc,phases     ] GC(112)   Post Evacuate Collection Set: 1,2ms
[2024-06-01T13:08:57.054-0300][gc,phases     ] GC(112)   Other: 0,4ms
[2024-06-01T13:08:57.054-0300][gc,heap       ] GC(112) Eden regions: 46->0(47)
[2024-06-01T13:08:57.054-0300][gc,heap       ] GC(112) Survivor regions: 5->6(7)
[2024-06-01T13:08:57.054-0300][gc,heap       ] GC(112) Old regions: 174->175
[2024-06-01T13:08:57.054-0300][gc,heap       ] GC(112) Humongous regions: 129->129
[2024-06-01T13:08:57.055-0300][gc,metaspace  ] GC(112) Metaspace: 45849K(48924K)->45849K(48924K) NonClass: 40051K(41680K)->40051K(41680K) Class: 5797K(7244K)->5797K(7244K)
[2024-06-01T13:08:57.055-0300][gc            ] GC(112) Pause Young (Normal) (G1 Evacuation Pause) 351M->307M(1024M) 18,661ms
[2024-06-01T13:08:57.055-0300][gc,cpu        ] GC(112) User=0,06s Sys=0,01s Real=0,01s
[2024-06-01T13:09:42.414-0300][gc,start      ] GC(113) Pause Young (Normal) (G1 Evacuation Pause)
[2024-06-01T13:09:42.415-0300][gc,task       ] GC(113) Using 4 workers of 4 for evacuation
[2024-06-01T13:09:42.422-0300][gc,phases     ] GC(113)   Pre Evacuate Collection Set: 0,0ms
[2024-06-01T13:09:42.422-0300][gc,phases     ] GC(113)   Evacuate Collection Set: 6,4ms
[2024-06-01T13:09:42.422-0300][gc,phases     ] GC(113)   Post Evacuate Collection Set: 0,5ms
[2024-06-01T13:09:42.422-0300][gc,phases     ] GC(113)   Other: 0,2ms
[2024-06-01T13:09:42.422-0300][gc,heap       ] GC(113) Eden regions: 47->0(50)
[2024-06-01T13:09:42.422-0300][gc,heap       ] GC(113) Survivor regions: 6->5(7)
[2024-06-01T13:09:42.422-0300][gc,heap       ] GC(113) Old regions: 175->178
[2024-06-01T13:09:42.422-0300][gc,heap       ] GC(113) Humongous regions: 129->129
[2024-06-01T13:09:42.422-0300][gc,metaspace  ] GC(113) Metaspace: 45863K(48924K)->45863K(48924K) NonClass: 40065K(41680K)->40065K(41680K) Class: 5797K(7244K)->5797K(7244K)
[2024-06-01T13:09:42.422-0300][gc            ] GC(113) Pause Young (Normal) (G1 Evacuation Pause) 354M->309M(1024M) 7,249ms
[2024-06-01T13:09:42.422-0300][gc,cpu        ] GC(113) User=0,02s Sys=0,00s Real=0,01s
[2024-06-01T13:10:14.102-0300][gc,start      ] GC(114) Pause Young (Normal) (G1 Evacuation Pause)
[2024-06-01T13:10:14.102-0300][gc,task       ] GC(114) Using 4 workers of 4 for evacuation
[2024-06-01T13:10:14.109-0300][gc,phases     ] GC(114)   Pre Evacuate Collection Set: 0,0ms
[2024-06-01T13:10:14.109-0300][gc,phases     ] GC(114)   Evacuate Collection Set: 6,8ms
[2024-06-01T13:10:14.109-0300][gc,phases     ] GC(114)   Post Evacuate Collection Set: 0,4ms
[2024-06-01T13:10:14.109-0300][gc,phases     ] GC(114)   Other: 0,2ms
[2024-06-01T13:10:14.109-0300][gc,heap       ] GC(114) Eden regions: 50->0(62)
[2024-06-01T13:10:14.109-0300][gc,heap       ] GC(114) Survivor regions: 5->4(7)
[2024-06-01T13:10:14.109-0300][gc,heap       ] GC(114) Old regions: 178->180
[2024-06-01T13:10:14.109-0300][gc,heap       ] GC(114) Humongous regions: 129->129
[2024-06-01T13:10:14.109-0300][gc,metaspace  ] GC(114) Metaspace: 45863K(48924K)->45863K(48924K) NonClass: 40065K(41680K)->40065K(41680K) Class: 5797K(7244K)->5797K(7244K)
[2024-06-01T13:10:14.109-0300][gc            ] GC(114) Pause Young (Normal) (G1 Evacuation Pause) 359M->310M(1024M) 7,482ms
[2024-06-01T13:10:14.109-0300][gc,cpu        ] GC(114) User=0,02s Sys=0,00s Real=0,01s
[2024-06-01T13:11:06.913-0300][gc,start      ] GC(115) Pause Young (Normal) (G1 Evacuation Pause)
[2024-06-01T13:11:06.913-0300][gc,task       ] GC(115) Using 4 workers of 4 for evacuation
[2024-06-01T13:11:06.923-0300][gc,phases     ] GC(115)   Pre Evacuate Collection Set: 0,0ms
[2024-06-01T13:11:06.923-0300][gc,phases     ] GC(115)   Evacuate Collection Set: 8,5ms
[2024-06-01T13:11:06.923-0300][gc,phases     ] GC(115)   Post Evacuate Collection Set: 0,4ms
[2024-06-01T13:11:06.923-0300][gc,phases     ] GC(115)   Other: 0,2ms
[2024-06-01T13:11:06.923-0300][gc,heap       ] GC(115) Eden regions: 62->0(73)
[2024-06-01T13:11:06.923-0300][gc,heap       ] GC(115) Survivor regions: 4->5(9)
[2024-06-01T13:11:06.923-0300][gc,heap       ] GC(115) Old regions: 180->180
[2024-06-01T13:11:06.923-0300][gc,heap       ] GC(115) Humongous regions: 129->129
[2024-06-01T13:11:06.923-0300][gc,metaspace  ] GC(115) Metaspace: 45866K(48924K)->45866K(48924K) NonClass: 40068K(41680K)->40068K(41680K) Class: 5797K(7244K)->5797K(7244K)
[2024-06-01T13:11:06.923-0300][gc            ] GC(115) Pause Young (Normal) (G1 Evacuation Pause) 372M->312M(1024M) 9,248ms
[2024-06-01T13:11:06.923-0300][gc,cpu        ] GC(115) User=0,02s Sys=0,00s Real=0,01s
[2024-06-01T13:11:52.827-0300][gc,start      ] GC(116) Pause Young (Normal) (G1 Evacuation Pause)
[2024-06-01T13:11:52.827-0300][gc,task       ] GC(116) Using 4 workers of 4 for evacuation
[2024-06-01T13:11:52.847-0300][gc,phases     ] GC(116)   Pre Evacuate Collection Set: 0,1ms
[2024-06-01T13:11:52.847-0300][gc,phases     ] GC(116)   Evacuate Collection Set: 18,6ms
[2024-06-01T13:11:52.847-0300][gc,phases     ] GC(116)   Post Evacuate Collection Set: 1,0ms
[2024-06-01T13:11:52.847-0300][gc,phases     ] GC(116)   Other: 0,4ms
[2024-06-01T13:11:52.847-0300][gc,heap       ] GC(116) Eden regions: 73->0(66)
[2024-06-01T13:11:52.847-0300][gc,heap       ] GC(116) Survivor regions: 5->7(10)
[2024-06-01T13:11:52.847-0300][gc,heap       ] GC(116) Old regions: 180->180
[2024-06-01T13:11:52.847-0300][gc,heap       ] GC(116) Humongous regions: 129->129
[2024-06-01T13:11:52.847-0300][gc,metaspace  ] GC(116) Metaspace: 45866K(48924K)->45866K(48924K) NonClass: 40068K(41680K)->40068K(41680K) Class: 5797K(7244K)->5797K(7244K)
[2024-06-01T13:11:52.847-0300][gc            ] GC(116) Pause Young (Normal) (G1 Evacuation Pause) 385M->313M(1024M) 20,329ms
[2024-06-01T13:11:52.847-0300][gc,cpu        ] GC(116) User=0,08s Sys=0,00s Real=0,02s
[2024-06-01T13:12:34.404-0300][gc,start      ] GC(117) Pause Young (Normal) (G1 Evacuation Pause)
[2024-06-01T13:12:34.404-0300][gc,task       ] GC(117) Using 4 workers of 4 for evacuation
[2024-06-01T13:12:34.432-0300][gc,mmu        ] GC(117) MMU target violated: 21,0ms (20,0ms/21,0ms)
[2024-06-01T13:12:34.432-0300][gc,phases     ] GC(117)   Pre Evacuate Collection Set: 0,1ms
[2024-06-01T13:12:34.432-0300][gc,phases     ] GC(117)   Evacuate Collection Set: 27,2ms
[2024-06-01T13:12:34.432-0300][gc,phases     ] GC(117)   Post Evacuate Collection Set: 0,8ms
[2024-06-01T13:12:34.432-0300][gc,phases     ] GC(117)   Other: 0,6ms
[2024-06-01T13:12:34.432-0300][gc,heap       ] GC(117) Eden regions: 66->0(53)
[2024-06-01T13:12:34.432-0300][gc,heap       ] GC(117) Survivor regions: 7->7(10)
[2024-06-01T13:12:34.432-0300][gc,heap       ] GC(117) Old regions: 180->182
[2024-06-01T13:12:34.432-0300][gc,heap       ] GC(117) Humongous regions: 129->129
[2024-06-01T13:12:34.432-0300][gc,metaspace  ] GC(117) Metaspace: 45866K(48924K)->45866K(48924K) NonClass: 40068K(41680K)->40068K(41680K) Class: 5797K(7244K)->5797K(7244K)
[2024-06-01T13:12:34.432-0300][gc            ] GC(117) Pause Young (Normal) (G1 Evacuation Pause) 379M->315M(1024M) 28,935ms
[2024-06-01T13:12:34.433-0300][gc,cpu        ] GC(117) User=0,07s Sys=0,01s Real=0,03s
[2024-06-01T13:13:07.732-0300][gc,start      ] GC(118) Pause Young (Normal) (G1 Evacuation Pause)
[2024-06-01T13:13:07.732-0300][gc,task       ] GC(118) Using 4 workers of 4 for evacuation
[2024-06-01T13:13:07.740-0300][gc,phases     ] GC(118)   Pre Evacuate Collection Set: 0,0ms
[2024-06-01T13:13:07.740-0300][gc,phases     ] GC(118)   Evacuate Collection Set: 7,7ms
[2024-06-01T13:13:07.740-0300][gc,phases     ] GC(118)   Post Evacuate Collection Set: 0,4ms
[2024-06-01T13:13:07.740-0300][gc,phases     ] GC(118)   Other: 0,2ms
[2024-06-01T13:13:07.740-0300][gc,heap       ] GC(118) Eden regions: 53->0(68)
[2024-06-01T13:13:07.740-0300][gc,heap       ] GC(118) Survivor regions: 7->5(8)
[2024-06-01T13:13:07.740-0300][gc,heap       ] GC(118) Old regions: 182->185
[2024-06-01T13:13:07.740-0300][gc,heap       ] GC(118) Humongous regions: 129->129
[2024-06-01T13:13:07.740-0300][gc,metaspace  ] GC(118) Metaspace: 45866K(48924K)->45866K(48924K) NonClass: 40068K(41680K)->40068K(41680K) Class: 5797K(7244K)->5797K(7244K)
[2024-06-01T13:13:07.740-0300][gc            ] GC(118) Pause Young (Normal) (G1 Evacuation Pause) 368M->316M(1024M) 8,463ms
[2024-06-01T13:13:07.740-0300][gc,cpu        ] GC(118) User=0,02s Sys=0,01s Real=0,01s
[2024-06-01T13:13:50.549-0300][gc,start      ] GC(119) Pause Young (Normal) (G1 Evacuation Pause)
[2024-06-01T13:13:50.550-0300][gc,task       ] GC(119) Using 4 workers of 4 for evacuation
[2024-06-01T13:13:50.557-0300][gc,phases     ] GC(119)   Pre Evacuate Collection Set: 0,0ms
[2024-06-01T13:13:50.557-0300][gc,phases     ] GC(119)   Evacuate Collection Set: 6,9ms
[2024-06-01T13:13:50.557-0300][gc,phases     ] GC(119)   Post Evacuate Collection Set: 0,5ms
[2024-06-01T13:13:50.557-0300][gc,phases     ] GC(119)   Other: 0,2ms
[2024-06-01T13:13:50.557-0300][gc,heap       ] GC(119) Eden regions: 68->0(73)
[2024-06-01T13:13:50.557-0300][gc,heap       ] GC(119) Survivor regions: 5->6(10)
[2024-06-01T13:13:50.557-0300][gc,heap       ] GC(119) Old regions: 185->185
[2024-06-01T13:13:50.557-0300][gc,heap       ] GC(119) Humongous regions: 129->129
[2024-06-01T13:13:50.557-0300][gc,metaspace  ] GC(119) Metaspace: 45866K(48924K)->45866K(48924K) NonClass: 40068K(41680K)->40068K(41680K) Class: 5797K(7244K)->5797K(7244K)
[2024-06-01T13:13:50.557-0300][gc            ] GC(119) Pause Young (Normal) (G1 Evacuation Pause) 384M->317M(1024M) 7,739ms
[2024-06-01T13:13:50.557-0300][gc,cpu        ] GC(119) User=0,02s Sys=0,00s Real=0,01s
[2024-06-01T13:14:36.376-0300][gc,start      ] GC(120) Pause Young (Normal) (G1 Evacuation Pause)
[2024-06-01T13:14:36.376-0300][gc,task       ] GC(120) Using 4 workers of 4 for evacuation
[2024-06-01T13:14:36.399-0300][gc,mmu        ] GC(120) MMU target violated: 21,0ms (20,0ms/21,0ms)
[2024-06-01T13:14:36.399-0300][gc,phases     ] GC(120)   Pre Evacuate Collection Set: 0,0ms
[2024-06-01T13:14:36.399-0300][gc,phases     ] GC(120)   Evacuate Collection Set: 21,4ms
[2024-06-01T13:14:36.399-0300][gc,phases     ] GC(120)   Post Evacuate Collection Set: 1,0ms
[2024-06-01T13:14:36.400-0300][gc,phases     ] GC(120)   Other: 0,5ms
[2024-06-01T13:14:36.400-0300][gc,heap       ] GC(120) Eden regions: 73->0(67)
[2024-06-01T13:14:36.400-0300][gc,heap       ] GC(120) Survivor regions: 6->6(10)
[2024-06-01T13:14:36.400-0300][gc,heap       ] GC(120) Old regions: 185->186
[2024-06-01T13:14:36.400-0300][gc,heap       ] GC(120) Humongous regions: 129->129
[2024-06-01T13:14:36.400-0300][gc,metaspace  ] GC(120) Metaspace: 45866K(48924K)->45866K(48924K) NonClass: 40068K(41680K)->40068K(41680K) Class: 5797K(7244K)->5797K(7244K)
[2024-06-01T13:14:36.400-0300][gc            ] GC(120) Pause Young (Normal) (G1 Evacuation Pause) 390M->319M(1024M) 23,220ms
[2024-06-01T13:14:36.400-0300][gc,cpu        ] GC(120) User=0,08s Sys=0,01s Real=0,02s
[2024-06-01T13:15:22.937-0300][gc,start      ] GC(121) Pause Young (Normal) (G1 Evacuation Pause)
[2024-06-01T13:15:22.937-0300][gc,task       ] GC(121) Using 4 workers of 4 for evacuation
[2024-06-01T13:15:22.958-0300][gc,mmu        ] GC(121) MMU target violated: 20,3ms (20,0ms/21,0ms)
[2024-06-01T13:15:22.958-0300][gc,phases     ] GC(121)   Pre Evacuate Collection Set: 0,1ms
[2024-06-01T13:15:22.958-0300][gc,phases     ] GC(121)   Evacuate Collection Set: 19,1ms
[2024-06-01T13:15:22.958-0300][gc,phases     ] GC(121)   Post Evacuate Collection Set: 1,0ms
[2024-06-01T13:15:22.958-0300][gc,phases     ] GC(121)   Other: 0,5ms
[2024-06-01T13:15:22.958-0300][gc,heap       ] GC(121) Eden regions: 55->0(60)
[2024-06-01T13:15:22.958-0300][gc,heap       ] GC(121) Survivor regions: 6->6(8)
[2024-06-01T13:15:22.958-0300][gc,heap       ] GC(121) Old regions: 186->188
[2024-06-01T13:15:22.958-0300][gc,heap       ] GC(121) Humongous regions: 129->129
[2024-06-01T13:15:22.958-0300][gc,metaspace  ] GC(121) Metaspace: 45877K(48924K)->45877K(48924K) NonClass: 40079K(41680K)->40079K(41680K) Class: 5797K(7244K)->5797K(7244K)
[2024-06-01T13:15:22.958-0300][gc            ] GC(121) Pause Young (Normal) (G1 Evacuation Pause) 374M->320M(1024M) 20,860ms
[2024-06-01T13:15:22.958-0300][gc,cpu        ] GC(121) User=0,08s Sys=0,00s Real=0,02s
[2024-06-01T13:15:48.303-0300][gc,start      ] GC(122) Pause Young (Normal) (G1 Evacuation Pause)
[2024-06-01T13:15:48.303-0300][gc,task       ] GC(122) Using 4 workers of 4 for evacuation
[2024-06-01T13:15:48.330-0300][gc,mmu        ] GC(122) MMU target violated: 21,0ms (20,0ms/21,0ms)
[2024-06-01T13:15:48.330-0300][gc,phases     ] GC(122)   Pre Evacuate Collection Set: 0,1ms
[2024-06-01T13:15:48.330-0300][gc,phases     ] GC(122)   Evacuate Collection Set: 25,3ms
[2024-06-01T13:15:48.330-0300][gc,phases     ] GC(122)   Post Evacuate Collection Set: 1,1ms
[2024-06-01T13:15:48.330-0300][gc,phases     ] GC(122)   Other: 0,6ms
[2024-06-01T13:15:48.330-0300][gc,heap       ] GC(122) Eden regions: 45->0(44)
[2024-06-01T13:15:48.330-0300][gc,heap       ] GC(122) Survivor regions: 6->7(7)
[2024-06-01T13:15:48.331-0300][gc,heap       ] GC(122) Old regions: 188->190
[2024-06-01T13:15:48.331-0300][gc,heap       ] GC(122) Humongous regions: 129->129
[2024-06-01T13:15:48.331-0300][gc,metaspace  ] GC(122) Metaspace: 45878K(48924K)->45878K(48924K) NonClass: 40080K(41680K)->40080K(41680K) Class: 5797K(7244K)->5797K(7244K)
[2024-06-01T13:15:48.331-0300][gc            ] GC(122) Pause Young (Normal) (G1 Evacuation Pause) 365M->323M(1024M) 27,328ms
[2024-06-01T13:15:48.331-0300][gc,cpu        ] GC(122) User=0,10s Sys=0,00s Real=0,03s
[2024-06-01T13:17:17.165-0300][gc,start      ] GC(123) Pause Young (Normal) (G1 Evacuation Pause)
[2024-06-01T13:17:17.165-0300][gc,task       ] GC(123) Using 4 workers of 4 for evacuation
[2024-06-01T13:17:17.173-0300][gc,phases     ] GC(123)   Pre Evacuate Collection Set: 0,0ms
[2024-06-01T13:17:17.173-0300][gc,phases     ] GC(123)   Evacuate Collection Set: 7,7ms
[2024-06-01T13:17:17.173-0300][gc,phases     ] GC(123)   Post Evacuate Collection Set: 0,3ms
[2024-06-01T13:17:17.173-0300][gc,phases     ] GC(123)   Other: 0,2ms
[2024-06-01T13:17:17.173-0300][gc,heap       ] GC(123) Eden regions: 44->0(75)
[2024-06-01T13:17:17.173-0300][gc,heap       ] GC(123) Survivor regions: 7->2(7)
[2024-06-01T13:17:17.173-0300][gc,heap       ] GC(123) Old regions: 190->195
[2024-06-01T13:17:17.173-0300][gc,heap       ] GC(123) Humongous regions: 129->129
[2024-06-01T13:17:17.173-0300][gc,metaspace  ] GC(123) Metaspace: 45884K(48924K)->45884K(48924K) NonClass: 40086K(41680K)->40086K(41680K) Class: 5797K(7244K)->5797K(7244K)
[2024-06-01T13:17:17.173-0300][gc            ] GC(123) Pause Young (Normal) (G1 Evacuation Pause) 367M->324M(1024M) 8,282ms
[2024-06-01T13:17:17.173-0300][gc,cpu        ] GC(123) User=0,03s Sys=0,00s Real=0,01s
[2024-06-01T13:18:05.074-0300][gc,start      ] GC(124) Pause Young (Normal) (G1 Evacuation Pause)
[2024-06-01T13:18:05.074-0300][gc,task       ] GC(124) Using 4 workers of 4 for evacuation
[2024-06-01T13:18:05.080-0300][gc,phases     ] GC(124)   Pre Evacuate Collection Set: 0,0ms
[2024-06-01T13:18:05.080-0300][gc,phases     ] GC(124)   Evacuate Collection Set: 5,4ms
[2024-06-01T13:18:05.080-0300][gc,phases     ] GC(124)   Post Evacuate Collection Set: 0,3ms
[2024-06-01T13:18:05.080-0300][gc,phases     ] GC(124)   Other: 0,2ms
[2024-06-01T13:18:05.080-0300][gc,heap       ] GC(124) Eden regions: 75->0(80)
[2024-06-01T13:18:05.080-0300][gc,heap       ] GC(124) Survivor regions: 2->4(10)
[2024-06-01T13:18:05.080-0300][gc,heap       ] GC(124) Old regions: 195->195
[2024-06-01T13:18:05.080-0300][gc,heap       ] GC(124) Humongous regions: 129->129
[2024-06-01T13:18:05.080-0300][gc,metaspace  ] GC(124) Metaspace: 45884K(48924K)->45884K(48924K) NonClass: 40086K(41680K)->40086K(41680K) Class: 5797K(7244K)->5797K(7244K)
[2024-06-01T13:18:05.080-0300][gc            ] GC(124) Pause Young (Normal) (G1 Evacuation Pause) 399M->325M(1024M) 6,038ms
[2024-06-01T13:18:05.080-0300][gc,cpu        ] GC(124) User=0,01s Sys=0,00s Real=0,01s
[2024-06-01T13:18:54.386-0300][gc,start      ] GC(125) Pause Young (Normal) (G1 Evacuation Pause)
[2024-06-01T13:18:54.386-0300][gc,task       ] GC(125) Using 4 workers of 4 for evacuation
[2024-06-01T13:18:54.391-0300][gc,phases     ] GC(125)   Pre Evacuate Collection Set: 0,0ms
[2024-06-01T13:18:54.391-0300][gc,phases     ] GC(125)   Evacuate Collection Set: 4,0ms
[2024-06-01T13:18:54.391-0300][gc,phases     ] GC(125)   Post Evacuate Collection Set: 0,4ms
[2024-06-01T13:18:54.391-0300][gc,phases     ] GC(125)   Other: 0,2ms
[2024-06-01T13:18:54.391-0300][gc,heap       ] GC(125) Eden regions: 80->0(90)
[2024-06-01T13:18:54.391-0300][gc,heap       ] GC(125) Survivor regions: 4->5(11)
[2024-06-01T13:18:54.391-0300][gc,heap       ] GC(125) Old regions: 195->195
[2024-06-01T13:18:54.391-0300][gc,heap       ] GC(125) Humongous regions: 129->129
[2024-06-01T13:18:54.391-0300][gc,metaspace  ] GC(125) Metaspace: 45884K(48924K)->45884K(48924K) NonClass: 40086K(41680K)->40086K(41680K) Class: 5797K(7244K)->5797K(7244K)
[2024-06-01T13:18:54.391-0300][gc            ] GC(125) Pause Young (Normal) (G1 Evacuation Pause) 405M->327M(1024M) 4,619ms
[2024-06-01T13:18:54.391-0300][gc,cpu        ] GC(125) User=0,01s Sys=0,00s Real=0,01s
[2024-06-01T13:19:50.878-0300][gc,start      ] GC(126) Pause Young (Normal) (G1 Evacuation Pause)
[2024-06-01T13:19:50.878-0300][gc,task       ] GC(126) Using 4 workers of 4 for evacuation
[2024-06-01T13:19:50.883-0300][gc,phases     ] GC(126)   Pre Evacuate Collection Set: 0,0ms
[2024-06-01T13:19:50.883-0300][gc,phases     ] GC(126)   Evacuate Collection Set: 5,2ms
[2024-06-01T13:19:50.883-0300][gc,phases     ] GC(126)   Post Evacuate Collection Set: 0,4ms
[2024-06-01T13:19:50.883-0300][gc,phases     ] GC(126)   Other: 0,2ms
[2024-06-01T13:19:50.883-0300][gc,heap       ] GC(126) Eden regions: 90->0(93)
[2024-06-01T13:19:50.883-0300][gc,heap       ] GC(126) Survivor regions: 5->7(12)
[2024-06-01T13:19:50.883-0300][gc,heap       ] GC(126) Old regions: 195->195
[2024-06-01T13:19:50.883-0300][gc,heap       ] GC(126) Humongous regions: 129->129
[2024-06-01T13:19:50.883-0300][gc,metaspace  ] GC(126) Metaspace: 45884K(48924K)->45884K(48924K) NonClass: 40086K(41680K)->40086K(41680K) Class: 5797K(7244K)->5797K(7244K)
[2024-06-01T13:19:50.883-0300][gc            ] GC(126) Pause Young (Normal) (G1 Evacuation Pause) 417M->329M(1024M) 5,834ms
[2024-06-01T13:19:50.883-0300][gc,cpu        ] GC(126) User=0,02s Sys=0,00s Real=0,00s
[2024-06-01T13:20:50.265-0300][gc,start      ] GC(127) Pause Young (Normal) (G1 Evacuation Pause)
[2024-06-01T13:20:50.265-0300][gc,task       ] GC(127) Using 4 workers of 4 for evacuation
[2024-06-01T13:20:50.275-0300][gc,phases     ] GC(127)   Pre Evacuate Collection Set: 0,0ms
[2024-06-01T13:20:50.275-0300][gc,phases     ] GC(127)   Evacuate Collection Set: 9,0ms
[2024-06-01T13:20:50.275-0300][gc,phases     ] GC(127)   Post Evacuate Collection Set: 0,5ms
[2024-06-01T13:20:50.275-0300][gc,phases     ] GC(127)   Other: 0,2ms
[2024-06-01T13:20:50.275-0300][gc,heap       ] GC(127) Eden regions: 93->0(98)
[2024-06-01T13:20:50.275-0300][gc,heap       ] GC(127) Survivor regions: 7->9(13)
[2024-06-01T13:20:50.275-0300][gc,heap       ] GC(127) Old regions: 195->195
[2024-06-01T13:20:50.275-0300][gc,heap       ] GC(127) Humongous regions: 129->129
[2024-06-01T13:20:50.275-0300][gc,metaspace  ] GC(127) Metaspace: 45884K(48924K)->45884K(48924K) NonClass: 40086K(41680K)->40086K(41680K) Class: 5797K(7244K)->5797K(7244K)
[2024-06-01T13:20:50.275-0300][gc            ] GC(127) Pause Young (Normal) (G1 Evacuation Pause) 422M->331M(1024M) 9,796ms
[2024-06-01T13:20:50.275-0300][gc,cpu        ] GC(127) User=0,03s Sys=0,00s Real=0,01s
[2024-06-01T13:21:52.932-0300][gc,start      ] GC(128) Pause Young (Normal) (G1 Evacuation Pause)
[2024-06-01T13:21:52.932-0300][gc,task       ] GC(128) Using 4 workers of 4 for evacuation
[2024-06-01T13:21:52.960-0300][gc,mmu        ] GC(128) MMU target violated: 21,0ms (20,0ms/21,0ms)
[2024-06-01T13:21:52.960-0300][gc,phases     ] GC(128)   Pre Evacuate Collection Set: 0,1ms
[2024-06-01T13:21:52.960-0300][gc,phases     ] GC(128)   Evacuate Collection Set: 27,2ms
[2024-06-01T13:21:52.960-0300][gc,phases     ] GC(128)   Post Evacuate Collection Set: 0,5ms
[2024-06-01T13:21:52.960-0300][gc,phases     ] GC(128)   Other: 0,4ms
[2024-06-01T13:21:52.960-0300][gc,heap       ] GC(128) Eden regions: 98->0(87)
[2024-06-01T13:21:52.960-0300][gc,heap       ] GC(128) Survivor regions: 9->8(14)
[2024-06-01T13:21:52.960-0300][gc,heap       ] GC(128) Old regions: 195->198
[2024-06-01T13:21:52.960-0300][gc,heap       ] GC(128) Humongous regions: 129->129
[2024-06-01T13:21:52.960-0300][gc,metaspace  ] GC(128) Metaspace: 45885K(48924K)->45885K(48924K) NonClass: 40088K(41680K)->40088K(41680K) Class: 5797K(7244K)->5797K(7244K)
[2024-06-01T13:21:52.960-0300][gc            ] GC(128) Pause Young (Normal) (G1 Evacuation Pause) 429M->333M(1024M) 28,329ms
[2024-06-01T13:21:52.960-0300][gc,cpu        ] GC(128) User=0,10s Sys=0,00s Real=0,03s
[2024-06-01T13:22:48.374-0300][gc,start      ] GC(129) Pause Young (Normal) (G1 Evacuation Pause)
[2024-06-01T13:22:48.374-0300][gc,task       ] GC(129) Using 4 workers of 4 for evacuation
[2024-06-01T13:22:48.401-0300][gc,mmu        ] GC(129) MMU target violated: 21,0ms (20,0ms/21,0ms)
[2024-06-01T13:22:48.401-0300][gc,phases     ] GC(129)   Pre Evacuate Collection Set: 0,1ms
[2024-06-01T13:22:48.401-0300][gc,phases     ] GC(129)   Evacuate Collection Set: 25,8ms
[2024-06-01T13:22:48.401-0300][gc,phases     ] GC(129)   Post Evacuate Collection Set: 1,0ms
[2024-06-01T13:22:48.401-0300][gc,phases     ] GC(129)   Other: 0,5ms
[2024-06-01T13:22:48.401-0300][gc,heap       ] GC(129) Eden regions: 87->0(72)
[2024-06-01T13:22:48.401-0300][gc,heap       ] GC(129) Survivor regions: 8->9(12)
[2024-06-01T13:22:48.401-0300][gc,heap       ] GC(129) Old regions: 198->200
[2024-06-01T13:22:48.401-0300][gc,heap       ] GC(129) Humongous regions: 129->129
[2024-06-01T13:22:48.401-0300][gc,metaspace  ] GC(129) Metaspace: 45885K(48924K)->45885K(48924K) NonClass: 40088K(41680K)->40088K(41680K) Class: 5797K(7244K)->5797K(7244K)
[2024-06-01T13:22:48.401-0300][gc            ] GC(129) Pause Young (Normal) (G1 Evacuation Pause) 420M->335M(1024M) 27,531ms
[2024-06-01T13:22:48.401-0300][gc,cpu        ] GC(129) User=0,11s Sys=0,00s Real=0,03s
[2024-06-01T13:23:33.014-0300][gc,start      ] GC(130) Pause Young (Normal) (G1 Evacuation Pause)
[2024-06-01T13:23:33.014-0300][gc,task       ] GC(130) Using 4 workers of 4 for evacuation
[2024-06-01T13:23:33.022-0300][gc,phases     ] GC(130)   Pre Evacuate Collection Set: 0,0ms
[2024-06-01T13:23:33.022-0300][gc,phases     ] GC(130)   Evacuate Collection Set: 6,8ms
[2024-06-01T13:23:33.022-0300][gc,phases     ] GC(130)   Post Evacuate Collection Set: 0,5ms
[2024-06-01T13:23:33.022-0300][gc,phases     ] GC(130)   Other: 0,2ms
[2024-06-01T13:23:33.022-0300][gc,heap       ] GC(130) Eden regions: 72->0(98)
[2024-06-01T13:23:33.022-0300][gc,heap       ] GC(130) Survivor regions: 9->5(11)
[2024-06-01T13:23:33.022-0300][gc,heap       ] GC(130) Old regions: 200->203
[2024-06-01T13:23:33.022-0300][gc,heap       ] GC(130) Humongous regions: 129->129
[2024-06-01T13:23:33.022-0300][gc,metaspace  ] GC(130) Metaspace: 45885K(48924K)->45885K(48924K) NonClass: 40088K(41680K)->40088K(41680K) Class: 5797K(7244K)->5797K(7244K)
[2024-06-01T13:23:33.022-0300][gc            ] GC(130) Pause Young (Normal) (G1 Evacuation Pause) 407M->335M(1024M) 7,667ms
[2024-06-01T13:23:33.022-0300][gc,cpu        ] GC(130) User=0,03s Sys=0,00s Real=0,01s
[2024-06-01T13:24:32.870-0300][gc,start      ] GC(131) Pause Young (Normal) (G1 Evacuation Pause)
[2024-06-01T13:24:32.870-0300][gc,task       ] GC(131) Using 4 workers of 4 for evacuation
[2024-06-01T13:24:32.891-0300][gc,mmu        ] GC(131) MMU target violated: 20,4ms (20,0ms/21,0ms)
[2024-06-01T13:24:32.891-0300][gc,phases     ] GC(131)   Pre Evacuate Collection Set: 0,1ms
[2024-06-01T13:24:32.891-0300][gc,phases     ] GC(131)   Evacuate Collection Set: 19,1ms
[2024-06-01T13:24:32.891-0300][gc,phases     ] GC(131)   Post Evacuate Collection Set: 1,0ms
[2024-06-01T13:24:32.891-0300][gc,phases     ] GC(131)   Other: 0,5ms
[2024-06-01T13:24:32.891-0300][gc,heap       ] GC(131) Eden regions: 96->0(82)
[2024-06-01T13:24:32.891-0300][gc,heap       ] GC(131) Survivor regions: 5->7(13)
[2024-06-01T13:24:32.891-0300][gc,heap       ] GC(131) Old regions: 203->203
[2024-06-01T13:24:32.891-0300][gc,heap       ] GC(131) Humongous regions: 129->129
[2024-06-01T13:24:32.891-0300][gc,metaspace  ] GC(131) Metaspace: 45885K(48924K)->45885K(48924K) NonClass: 40088K(41680K)->40088K(41680K) Class: 5797K(7244K)->5797K(7244K)
[2024-06-01T13:24:32.891-0300][gc            ] GC(131) Pause Young (Normal) (G1 Evacuation Pause) 431M->337M(1024M) 20,903ms
[2024-06-01T13:24:32.891-0300][gc,cpu        ] GC(131) User=0,07s Sys=0,00s Real=0,02s
[2024-06-01T13:25:15.967-0300][gc,start      ] GC(132) Pause Young (Normal) (G1 Evacuation Pause)
[2024-06-01T13:25:15.967-0300][gc,task       ] GC(132) Using 4 workers of 4 for evacuation
[2024-06-01T13:25:15.990-0300][gc,mmu        ] GC(132) MMU target violated: 21,0ms (20,0ms/21,0ms)
[2024-06-01T13:25:15.990-0300][gc,phases     ] GC(132)   Pre Evacuate Collection Set: 0,1ms
[2024-06-01T13:25:15.990-0300][gc,phases     ] GC(132)   Evacuate Collection Set: 21,8ms
[2024-06-01T13:25:15.990-0300][gc,phases     ] GC(132)   Post Evacuate Collection Set: 1,0ms
[2024-06-01T13:25:15.991-0300][gc,phases     ] GC(132)   Other: 0,6ms
[2024-06-01T13:25:15.991-0300][gc,heap       ] GC(132) Eden regions: 67->0(66)
[2024-06-01T13:25:15.991-0300][gc,heap       ] GC(132) Survivor regions: 7->7(10)
[2024-06-01T13:25:15.991-0300][gc,heap       ] GC(132) Old regions: 203->205
[2024-06-01T13:25:15.991-0300][gc,heap       ] GC(132) Humongous regions: 129->129
[2024-06-01T13:25:15.991-0300][gc,metaspace  ] GC(132) Metaspace: 45885K(48924K)->45885K(48924K) NonClass: 40088K(41680K)->40088K(41680K) Class: 5797K(7244K)->5797K(7244K)
[2024-06-01T13:25:15.991-0300][gc            ] GC(132) Pause Young (Normal) (G1 Evacuation Pause) 404M->339M(1024M) 23,629ms
[2024-06-01T13:25:15.991-0300][gc,cpu        ] GC(132) User=0,08s Sys=0,00s Real=0,03s
[2024-06-01T13:25:57.773-0300][gc,start      ] GC(133) Pause Young (Normal) (G1 Evacuation Pause)
[2024-06-01T13:25:57.773-0300][gc,task       ] GC(133) Using 4 workers of 4 for evacuation
[2024-06-01T13:25:57.779-0300][gc,phases     ] GC(133)   Pre Evacuate Collection Set: 0,0ms
[2024-06-01T13:25:57.779-0300][gc,phases     ] GC(133)   Evacuate Collection Set: 5,6ms
[2024-06-01T13:25:57.779-0300][gc,phases     ] GC(133)   Post Evacuate Collection Set: 0,4ms
[2024-06-01T13:25:57.779-0300][gc,phases     ] GC(133)   Other: 0,2ms
[2024-06-01T13:25:57.779-0300][gc,heap       ] GC(133) Eden regions: 66->0(76)
[2024-06-01T13:25:57.779-0300][gc,heap       ] GC(133) Survivor regions: 7->7(10)
[2024-06-01T13:25:57.779-0300][gc,heap       ] GC(133) Old regions: 205->207
[2024-06-01T13:25:57.779-0300][gc,heap       ] GC(133) Humongous regions: 129->129
[2024-06-01T13:25:57.779-0300][gc,metaspace  ] GC(133) Metaspace: 45885K(48924K)->45885K(48924K) NonClass: 40088K(41680K)->40088K(41680K) Class: 5797K(7244K)->5797K(7244K)
[2024-06-01T13:25:57.779-0300][gc            ] GC(133) Pause Young (Normal) (G1 Evacuation Pause) 405M->340M(1024M) 6,280ms
[2024-06-01T13:25:57.779-0300][gc,cpu        ] GC(133) User=0,02s Sys=0,00s Real=0,01s
[2024-06-01T13:26:46.250-0300][gc,start      ] GC(134) Pause Young (Normal) (G1 Evacuation Pause)
[2024-06-01T13:26:46.251-0300][gc,task       ] GC(134) Using 4 workers of 4 for evacuation
[2024-06-01T13:26:46.273-0300][gc,mmu        ] GC(134) MMU target violated: 21,0ms (20,0ms/21,0ms)
[2024-06-01T13:26:46.274-0300][gc,phases     ] GC(134)   Pre Evacuate Collection Set: 0,1ms
[2024-06-01T13:26:46.274-0300][gc,phases     ] GC(134)   Evacuate Collection Set: 21,6ms
[2024-06-01T13:26:46.274-0300][gc,phases     ] GC(134)   Post Evacuate Collection Set: 1,0ms
[2024-06-01T13:26:46.274-0300][gc,phases     ] GC(134)   Other: 0,5ms
[2024-06-01T13:26:46.274-0300][gc,heap       ] GC(134) Eden regions: 76->0(71)
[2024-06-01T13:26:46.274-0300][gc,heap       ] GC(134) Survivor regions: 7->7(11)
[2024-06-01T13:26:46.274-0300][gc,heap       ] GC(134) Old regions: 207->208
[2024-06-01T13:26:46.274-0300][gc,heap       ] GC(134) Humongous regions: 129->129
[2024-06-01T13:26:46.274-0300][gc,metaspace  ] GC(134) Metaspace: 45887K(48924K)->45887K(48924K) NonClass: 40089K(41680K)->40089K(41680K) Class: 5797K(7244K)->5797K(7244K)
[2024-06-01T13:26:46.274-0300][gc            ] GC(134) Pause Young (Normal) (G1 Evacuation Pause) 416M->341M(1024M) 23,381ms
[2024-06-01T13:26:46.274-0300][gc,cpu        ] GC(134) User=0,08s Sys=0,00s Real=0,02s
[2024-06-01T13:27:19.320-0300][gc,start      ] GC(135) Pause Young (Normal) (G1 Evacuation Pause)
[2024-06-01T13:27:19.321-0300][gc,task       ] GC(135) Using 4 workers of 4 for evacuation
[2024-06-01T13:27:19.341-0300][gc,mmu        ] GC(135) MMU target violated: 20,5ms (20,0ms/21,0ms)
[2024-06-01T13:27:19.341-0300][gc,phases     ] GC(135)   Pre Evacuate Collection Set: 0,1ms
[2024-06-01T13:27:19.341-0300][gc,phases     ] GC(135)   Evacuate Collection Set: 19,3ms
[2024-06-01T13:27:19.341-0300][gc,phases     ] GC(135)   Post Evacuate Collection Set: 1,0ms
[2024-06-01T13:27:19.341-0300][gc,phases     ] GC(135)   Other: 0,5ms
[2024-06-01T13:27:19.341-0300][gc,heap       ] GC(135) Eden regions: 52->0(70)
[2024-06-01T13:27:19.341-0300][gc,heap       ] GC(135) Survivor regions: 7->4(8)
[2024-06-01T13:27:19.341-0300][gc,heap       ] GC(135) Old regions: 208->211
[2024-06-01T13:27:19.341-0300][gc,heap       ] GC(135) Humongous regions: 129->129
[2024-06-01T13:27:19.342-0300][gc,metaspace  ] GC(135) Metaspace: 45887K(48924K)->45887K(48924K) NonClass: 40089K(41680K)->40089K(41680K) Class: 5797K(7244K)->5797K(7244K)
[2024-06-01T13:27:19.342-0300][gc            ] GC(135) Pause Young (Normal) (G1 Evacuation Pause) 393M->342M(1024M) 21,073ms
[2024-06-01T13:27:19.342-0300][gc,cpu        ] GC(135) User=0,07s Sys=0,00s Real=0,02s
[2024-06-01T13:27:58.368-0300][gc,start      ] GC(136) Pause Young (Normal) (G1 Evacuation Pause)
[2024-06-01T13:27:58.368-0300][gc,task       ] GC(136) Using 4 workers of 4 for evacuation
[2024-06-01T13:27:58.385-0300][gc,phases     ] GC(136)   Pre Evacuate Collection Set: 0,1ms
[2024-06-01T13:27:58.385-0300][gc,phases     ] GC(136)   Evacuate Collection Set: 15,6ms
[2024-06-01T13:27:58.385-0300][gc,phases     ] GC(136)   Post Evacuate Collection Set: 1,0ms
[2024-06-01T13:27:58.385-0300][gc,phases     ] GC(136)   Other: 0,4ms
[2024-06-01T13:27:58.385-0300][gc,heap       ] GC(136) Eden regions: 61->0(63)
[2024-06-01T13:27:58.385-0300][gc,heap       ] GC(136) Survivor regions: 4->5(9)
[2024-06-01T13:27:58.385-0300][gc,heap       ] GC(136) Old regions: 211->211
[2024-06-01T13:27:58.385-0300][gc,heap       ] GC(136) Humongous regions: 129->129
[2024-06-01T13:27:58.385-0300][gc,metaspace  ] GC(136) Metaspace: 45887K(48924K)->45887K(48924K) NonClass: 40089K(41680K)->40089K(41680K) Class: 5797K(7244K)->5797K(7244K)
[2024-06-01T13:27:58.385-0300][gc            ] GC(136) Pause Young (Normal) (G1 Evacuation Pause) 403M->343M(1024M) 17,367ms
[2024-06-01T13:27:58.385-0300][gc,cpu        ] GC(136) User=0,07s Sys=0,00s Real=0,01s
[2024-06-01T13:28:26.889-0300][gc,start      ] GC(137) Pause Young (Normal) (G1 Evacuation Pause)
[2024-06-01T13:28:26.889-0300][gc,task       ] GC(137) Using 4 workers of 4 for evacuation
[2024-06-01T13:28:26.909-0300][gc,mmu        ] GC(137) MMU target violated: 20,1ms (20,0ms/21,0ms)
[2024-06-01T13:28:26.909-0300][gc,phases     ] GC(137)   Pre Evacuate Collection Set: 0,1ms
[2024-06-01T13:28:26.909-0300][gc,phases     ] GC(137)   Evacuate Collection Set: 19,0ms
[2024-06-01T13:28:26.909-0300][gc,phases     ] GC(137)   Post Evacuate Collection Set: 0,9ms
[2024-06-01T13:28:26.909-0300][gc,phases     ] GC(137)   Other: 0,5ms
[2024-06-01T13:28:26.909-0300][gc,heap       ] GC(137) Eden regions: 46->0(49)
[2024-06-01T13:28:26.909-0300][gc,heap       ] GC(137) Survivor regions: 5->5(7)
[2024-06-01T13:28:26.909-0300][gc,heap       ] GC(137) Old regions: 211->212
[2024-06-01T13:28:26.909-0300][gc,heap       ] GC(137) Humongous regions: 129->129
[2024-06-01T13:28:26.909-0300][gc,metaspace  ] GC(137) Metaspace: 45887K(48924K)->45887K(48924K) NonClass: 40089K(41680K)->40089K(41680K) Class: 5797K(7244K)->5797K(7244K)
[2024-06-01T13:28:26.909-0300][gc            ] GC(137) Pause Young (Normal) (G1 Evacuation Pause) 389M->344M(1024M) 20,572ms
[2024-06-01T13:28:26.909-0300][gc,cpu        ] GC(137) User=0,07s Sys=0,00s Real=0,02s
[2024-06-01T13:28:58.159-0300][gc,start      ] GC(138) Pause Young (Normal) (G1 Evacuation Pause)
[2024-06-01T13:28:58.159-0300][gc,task       ] GC(138) Using 4 workers of 4 for evacuation
[2024-06-01T13:28:58.178-0300][gc,phases     ] GC(138)   Pre Evacuate Collection Set: 0,1ms
[2024-06-01T13:28:58.178-0300][gc,phases     ] GC(138)   Evacuate Collection Set: 17,2ms
[2024-06-01T13:28:58.178-0300][gc,phases     ] GC(138)   Post Evacuate Collection Set: 1,0ms
[2024-06-01T13:28:58.178-0300][gc,phases     ] GC(138)   Other: 0,5ms
[2024-06-01T13:28:58.178-0300][gc,heap       ] GC(138) Eden regions: 49->0(51)
[2024-06-01T13:28:58.178-0300][gc,heap       ] GC(138) Survivor regions: 5->5(7)
[2024-06-01T13:28:58.178-0300][gc,heap       ] GC(138) Old regions: 212->213
[2024-06-01T13:28:58.178-0300][gc,heap       ] GC(138) Humongous regions: 129->129
[2024-06-01T13:28:58.178-0300][gc,metaspace  ] GC(138) Metaspace: 45887K(48924K)->45887K(48924K) NonClass: 40089K(41680K)->40089K(41680K) Class: 5797K(7244K)->5797K(7244K)
[2024-06-01T13:28:58.178-0300][gc            ] GC(138) Pause Young (Normal) (G1 Evacuation Pause) 393M->345M(1024M) 18,953ms
[2024-06-01T13:28:58.178-0300][gc,cpu        ] GC(138) User=0,07s Sys=0,01s Real=0,02s
[2024-06-01T13:29:30.568-0300][gc,start      ] GC(139) Pause Young (Normal) (G1 Evacuation Pause)
[2024-06-01T13:29:30.568-0300][gc,task       ] GC(139) Using 4 workers of 4 for evacuation
[2024-06-01T13:29:30.574-0300][gc,phases     ] GC(139)   Pre Evacuate Collection Set: 0,0ms
[2024-06-01T13:29:30.574-0300][gc,phases     ] GC(139)   Evacuate Collection Set: 5,9ms
[2024-06-01T13:29:30.574-0300][gc,phases     ] GC(139)   Post Evacuate Collection Set: 0,5ms
[2024-06-01T13:29:30.574-0300][gc,phases     ] GC(139)   Other: 0,2ms
[2024-06-01T13:29:30.574-0300][gc,heap       ] GC(139) Eden regions: 51->0(57)
[2024-06-01T13:29:30.574-0300][gc,heap       ] GC(139) Survivor regions: 5->5(7)
[2024-06-01T13:29:30.574-0300][gc,heap       ] GC(139) Old regions: 213->214
[2024-06-01T13:29:30.574-0300][gc,heap       ] GC(139) Humongous regions: 129->129
[2024-06-01T13:29:30.574-0300][gc,metaspace  ] GC(139) Metaspace: 45888K(48924K)->45888K(48924K) NonClass: 40090K(41680K)->40090K(41680K) Class: 5797K(7244K)->5797K(7244K)
[2024-06-01T13:29:30.575-0300][gc            ] GC(139) Pause Young (Normal) (G1 Evacuation Pause) 396M->346M(1024M) 6,725ms
[2024-06-01T13:29:30.575-0300][gc,cpu        ] GC(139) User=0,02s Sys=0,00s Real=0,00s
[2024-06-01T13:30:04.436-0300][gc,start      ] GC(140) Pause Young (Normal) (G1 Evacuation Pause)
[2024-06-01T13:30:04.436-0300][gc,task       ] GC(140) Using 4 workers of 4 for evacuation
[2024-06-01T13:30:04.456-0300][gc,mmu        ] GC(140) MMU target violated: 20,2ms (20,0ms/21,0ms)
[2024-06-01T13:30:04.457-0300][gc,phases     ] GC(140)   Pre Evacuate Collection Set: 0,1ms
[2024-06-01T13:30:04.457-0300][gc,phases     ] GC(140)   Evacuate Collection Set: 18,9ms
[2024-06-01T13:30:04.457-0300][gc,phases     ] GC(140)   Post Evacuate Collection Set: 1,0ms
[2024-06-01T13:30:04.457-0300][gc,phases     ] GC(140)   Other: 0,5ms
[2024-06-01T13:30:04.457-0300][gc,heap       ] GC(140) Eden regions: 53->0(56)
[2024-06-01T13:30:04.457-0300][gc,heap       ] GC(140) Survivor regions: 5->5(8)
[2024-06-01T13:30:04.457-0300][gc,heap       ] GC(140) Old regions: 214->216
[2024-06-01T13:30:04.457-0300][gc,heap       ] GC(140) Humongous regions: 129->129
[2024-06-01T13:30:04.457-0300][gc,metaspace  ] GC(140) Metaspace: 45888K(48924K)->45888K(48924K) NonClass: 40090K(41680K)->40090K(41680K) Class: 5797K(7244K)->5797K(7244K)
[2024-06-01T13:30:04.457-0300][gc            ] GC(140) Pause Young (Normal) (G1 Evacuation Pause) 399M->347M(1024M) 20,731ms
[2024-06-01T13:30:04.457-0300][gc,cpu        ] GC(140) User=0,07s Sys=0,00s Real=0,02s
[2024-06-01T13:30:36.101-0300][gc,start      ] GC(141) Pause Young (Normal) (G1 Evacuation Pause)
[2024-06-01T13:30:36.101-0300][gc,task       ] GC(141) Using 4 workers of 4 for evacuation
[2024-06-01T13:30:36.115-0300][gc,phases     ] GC(141)   Pre Evacuate Collection Set: 0,0ms
[2024-06-01T13:30:36.115-0300][gc,phases     ] GC(141)   Evacuate Collection Set: 12,3ms
[2024-06-01T13:30:36.115-0300][gc,phases     ] GC(141)   Post Evacuate Collection Set: 0,6ms
[2024-06-01T13:30:36.115-0300][gc,phases     ] GC(141)   Other: 0,3ms
[2024-06-01T13:30:36.115-0300][gc,heap       ] GC(141) Eden regions: 50->0(60)
[2024-06-01T13:30:36.115-0300][gc,heap       ] GC(141) Survivor regions: 5->5(7)
[2024-06-01T13:30:36.115-0300][gc,heap       ] GC(141) Old regions: 216->217
[2024-06-01T13:30:36.115-0300][gc,heap       ] GC(141) Humongous regions: 129->129
[2024-06-01T13:30:36.115-0300][gc,metaspace  ] GC(141) Metaspace: 45888K(48924K)->45888K(48924K) NonClass: 40090K(41680K)->40090K(41680K) Class: 5797K(7244K)->5797K(7244K)
[2024-06-01T13:30:36.115-0300][gc            ] GC(141) Pause Young (Normal) (G1 Evacuation Pause) 397M->348M(1024M) 13,484ms
[2024-06-01T13:30:36.115-0300][gc,cpu        ] GC(141) User=0,04s Sys=0,00s Real=0,01s
[2024-06-01T13:31:09.752-0300][gc,start      ] GC(142) Pause Young (Normal) (G1 Evacuation Pause)
[2024-06-01T13:31:09.752-0300][gc,task       ] GC(142) Using 4 workers of 4 for evacuation
[2024-06-01T13:31:09.772-0300][gc,mmu        ] GC(142) MMU target violated: 20,3ms (20,0ms/21,0ms)
[2024-06-01T13:31:09.772-0300][gc,phases     ] GC(142)   Pre Evacuate Collection Set: 0,1ms
[2024-06-01T13:31:09.772-0300][gc,phases     ] GC(142)   Evacuate Collection Set: 19,1ms
[2024-06-01T13:31:09.772-0300][gc,phases     ] GC(142)   Post Evacuate Collection Set: 1,0ms
[2024-06-01T13:31:09.772-0300][gc,phases     ] GC(142)   Other: 0,5ms
[2024-06-01T13:31:09.772-0300][gc,heap       ] GC(142) Eden regions: 53->0(58)
[2024-06-01T13:31:09.772-0300][gc,heap       ] GC(142) Survivor regions: 5->5(8)
[2024-06-01T13:31:09.772-0300][gc,heap       ] GC(142) Old regions: 217->218
[2024-06-01T13:31:09.772-0300][gc,heap       ] GC(142) Humongous regions: 129->129
[2024-06-01T13:31:09.772-0300][gc,metaspace  ] GC(142) Metaspace: 45896K(48924K)->45896K(48924K) NonClass: 40098K(41680K)->40098K(41680K) Class: 5797K(7244K)->5797K(7244K)
[2024-06-01T13:31:09.772-0300][gc            ] GC(142) Pause Young (Normal) (G1 Evacuation Pause) 401M->349M(1024M) 20,861ms
[2024-06-01T13:31:09.773-0300][gc,cpu        ] GC(142) User=0,07s Sys=0,00s Real=0,02s
[2024-06-01T13:31:41.593-0300][gc,start      ] GC(143) Pause Young (Normal) (G1 Evacuation Pause)
[2024-06-01T13:31:41.593-0300][gc,task       ] GC(143) Using 4 workers of 4 for evacuation
[2024-06-01T13:31:41.601-0300][gc,phases     ] GC(143)   Pre Evacuate Collection Set: 0,0ms
[2024-06-01T13:31:41.601-0300][gc,phases     ] GC(143)   Evacuate Collection Set: 7,0ms
[2024-06-01T13:31:41.601-0300][gc,phases     ] GC(143)   Post Evacuate Collection Set: 0,6ms
[2024-06-01T13:31:41.601-0300][gc,phases     ] GC(143)   Other: 0,2ms
[2024-06-01T13:31:41.601-0300][gc,heap       ] GC(143) Eden regions: 50->0(67)
[2024-06-01T13:31:41.601-0300][gc,heap       ] GC(143) Survivor regions: 5->4(7)
[2024-06-01T13:31:41.601-0300][gc,heap       ] GC(143) Old regions: 218->219
[2024-06-01T13:31:41.601-0300][gc,heap       ] GC(143) Humongous regions: 129->129
[2024-06-01T13:31:41.601-0300][gc,metaspace  ] GC(143) Metaspace: 45896K(48924K)->45896K(48924K) NonClass: 40098K(41680K)->40098K(41680K) Class: 5797K(7244K)->5797K(7244K)
[2024-06-01T13:31:41.601-0300][gc            ] GC(143) Pause Young (Normal) (G1 Evacuation Pause) 399M->350M(1024M) 7,842ms
[2024-06-01T13:31:41.601-0300][gc,cpu        ] GC(143) User=0,03s Sys=0,00s Real=0,01s
[2024-06-01T13:32:19.148-0300][gc,start      ] GC(144) Pause Young (Normal) (G1 Evacuation Pause)
[2024-06-01T13:32:19.148-0300][gc,task       ] GC(144) Using 4 workers of 4 for evacuation
[2024-06-01T13:32:19.166-0300][gc,phases     ] GC(144)   Pre Evacuate Collection Set: 0,1ms
[2024-06-01T13:32:19.166-0300][gc,phases     ] GC(144)   Evacuate Collection Set: 17,1ms
[2024-06-01T13:32:19.166-0300][gc,phases     ] GC(144)   Post Evacuate Collection Set: 1,1ms
[2024-06-01T13:32:19.166-0300][gc,phases     ] GC(144)   Other: 0,4ms
[2024-06-01T13:32:19.167-0300][gc,heap       ] GC(144) Eden regions: 59->0(60)
[2024-06-01T13:32:19.167-0300][gc,heap       ] GC(144) Survivor regions: 4->5(8)
[2024-06-01T13:32:19.167-0300][gc,heap       ] GC(144) Old regions: 219->219
[2024-06-01T13:32:19.167-0300][gc,heap       ] GC(144) Humongous regions: 129->129
[2024-06-01T13:32:19.167-0300][gc,metaspace  ] GC(144) Metaspace: 45897K(48924K)->45897K(48924K) NonClass: 40099K(41680K)->40099K(41680K) Class: 5797K(7244K)->5797K(7244K)
[2024-06-01T13:32:19.167-0300][gc            ] GC(144) Pause Young (Normal) (G1 Evacuation Pause) 409M->351M(1024M) 18,887ms
[2024-06-01T13:32:19.167-0300][gc,cpu        ] GC(144) User=0,07s Sys=0,00s Real=0,01s
[2024-06-01T13:32:51.118-0300][gc,start      ] GC(145) Pause Young (Normal) (G1 Evacuation Pause)
[2024-06-01T13:32:51.118-0300][gc,task       ] GC(145) Using 4 workers of 4 for evacuation
[2024-06-01T13:32:51.139-0300][gc,mmu        ] GC(145) MMU target violated: 21,0ms (20,0ms/21,0ms)
[2024-06-01T13:32:51.139-0300][gc,phases     ] GC(145)   Pre Evacuate Collection Set: 0,1ms
[2024-06-01T13:32:51.139-0300][gc,phases     ] GC(145)   Evacuate Collection Set: 19,9ms
[2024-06-01T13:32:51.139-0300][gc,phases     ] GC(145)   Post Evacuate Collection Set: 0,9ms
[2024-06-01T13:32:51.139-0300][gc,phases     ] GC(145)   Other: 0,5ms
[2024-06-01T13:32:51.139-0300][gc,heap       ] GC(145) Eden regions: 50->0(53)
[2024-06-01T13:32:51.139-0300][gc,heap       ] GC(145) Survivor regions: 5->5(7)
[2024-06-01T13:32:51.139-0300][gc,heap       ] GC(145) Old regions: 219->221
[2024-06-01T13:32:51.139-0300][gc,heap       ] GC(145) Humongous regions: 129->129
[2024-06-01T13:32:51.139-0300][gc,metaspace  ] GC(145) Metaspace: 45897K(48924K)->45897K(48924K) NonClass: 40099K(41680K)->40099K(41680K) Class: 5797K(7244K)->5797K(7244K)
[2024-06-01T13:32:51.139-0300][gc            ] GC(145) Pause Young (Normal) (G1 Evacuation Pause) 401M->352M(1024M) 21,577ms
[2024-06-01T13:32:51.139-0300][gc,cpu        ] GC(145) User=0,08s Sys=0,00s Real=0,02s
[2024-06-01T13:33:21.898-0300][gc,start      ] GC(146) Pause Young (Normal) (G1 Evacuation Pause)
[2024-06-01T13:33:21.898-0300][gc,task       ] GC(146) Using 4 workers of 4 for evacuation
[2024-06-01T13:33:21.905-0300][gc,phases     ] GC(146)   Pre Evacuate Collection Set: 0,0ms
[2024-06-01T13:33:21.905-0300][gc,phases     ] GC(146)   Evacuate Collection Set: 5,8ms
[2024-06-01T13:33:21.905-0300][gc,phases     ] GC(146)   Post Evacuate Collection Set: 0,5ms
[2024-06-01T13:33:21.905-0300][gc,phases     ] GC(146)   Other: 0,2ms
[2024-06-01T13:33:21.905-0300][gc,heap       ] GC(146) Eden regions: 48->0(58)
[2024-06-01T13:33:21.905-0300][gc,heap       ] GC(146) Survivor regions: 5->5(7)
[2024-06-01T13:33:21.905-0300][gc,heap       ] GC(146) Old regions: 221->222
[2024-06-01T13:33:21.905-0300][gc,heap       ] GC(146) Humongous regions: 129->129
[2024-06-01T13:33:21.905-0300][gc,metaspace  ] GC(146) Metaspace: 45897K(48924K)->45897K(48924K) NonClass: 40099K(41680K)->40099K(41680K) Class: 5797K(7244K)->5797K(7244K)
[2024-06-01T13:33:21.905-0300][gc            ] GC(146) Pause Young (Normal) (G1 Evacuation Pause) 400M->353M(1024M) 6,612ms
[2024-06-01T13:33:21.905-0300][gc,cpu        ] GC(146) User=0,02s Sys=0,00s Real=0,00s
[2024-06-01T13:33:55.885-0300][gc,start      ] GC(147) Pause Young (Normal) (G1 Evacuation Pause)
[2024-06-01T13:33:55.885-0300][gc,task       ] GC(147) Using 4 workers of 4 for evacuation
[2024-06-01T13:33:55.906-0300][gc,mmu        ] GC(147) MMU target violated: 20,4ms (20,0ms/21,0ms)
[2024-06-01T13:33:55.906-0300][gc,phases     ] GC(147)   Pre Evacuate Collection Set: 0,1ms
[2024-06-01T13:33:55.906-0300][gc,phases     ] GC(147)   Evacuate Collection Set: 19,1ms
[2024-06-01T13:33:55.906-0300][gc,phases     ] GC(147)   Post Evacuate Collection Set: 1,1ms
[2024-06-01T13:33:55.906-0300][gc,phases     ] GC(147)   Other: 0,5ms
[2024-06-01T13:33:55.906-0300][gc,heap       ] GC(147) Eden regions: 53->0(55)
[2024-06-01T13:33:55.906-0300][gc,heap       ] GC(147) Survivor regions: 5->5(8)
[2024-06-01T13:33:55.906-0300][gc,heap       ] GC(147) Old regions: 222->223
[2024-06-01T13:33:55.906-0300][gc,heap       ] GC(147) Humongous regions: 129->129
[2024-06-01T13:33:55.906-0300][gc,metaspace  ] GC(147) Metaspace: 45897K(48924K)->45897K(48924K) NonClass: 40099K(41680K)->40099K(41680K) Class: 5797K(7244K)->5797K(7244K)
[2024-06-01T13:33:55.906-0300][gc            ] GC(147) Pause Young (Normal) (G1 Evacuation Pause) 406M->354M(1024M) 20,934ms
[2024-06-01T13:33:55.906-0300][gc,cpu        ] GC(147) User=0,08s Sys=0,00s Real=0,02s
[2024-06-01T13:34:26.606-0300][gc,start      ] GC(148) Pause Young (Normal) (G1 Evacuation Pause)
[2024-06-01T13:34:26.607-0300][gc,task       ] GC(148) Using 4 workers of 4 for evacuation
[2024-06-01T13:34:26.627-0300][gc,mmu        ] GC(148) MMU target violated: 20,8ms (20,0ms/21,0ms)
[2024-06-01T13:34:26.628-0300][gc,phases     ] GC(148)   Pre Evacuate Collection Set: 0,1ms
[2024-06-01T13:34:26.628-0300][gc,phases     ] GC(148)   Evacuate Collection Set: 19,6ms
[2024-06-01T13:34:26.628-0300][gc,phases     ] GC(148)   Post Evacuate Collection Set: 1,0ms
[2024-06-01T13:34:26.628-0300][gc,phases     ] GC(148)   Other: 0,5ms
[2024-06-01T13:34:26.628-0300][gc,heap       ] GC(148) Eden regions: 48->0(54)
[2024-06-01T13:34:26.628-0300][gc,heap       ] GC(148) Survivor regions: 5->5(7)
[2024-06-01T13:34:26.628-0300][gc,heap       ] GC(148) Old regions: 223->224
[2024-06-01T13:34:26.628-0300][gc,heap       ] GC(148) Humongous regions: 129->129
[2024-06-01T13:34:26.628-0300][gc,metaspace  ] GC(148) Metaspace: 45897K(48924K)->45897K(48924K) NonClass: 40099K(41680K)->40099K(41680K) Class: 5797K(7244K)->5797K(7244K)
[2024-06-01T13:34:26.628-0300][gc            ] GC(148) Pause Young (Normal) (G1 Evacuation Pause) 402M->355M(1024M) 21,369ms
[2024-06-01T13:34:26.628-0300][gc,cpu        ] GC(148) User=0,07s Sys=0,00s Real=0,03s
[2024-06-01T13:34:58.053-0300][gc,start      ] GC(149) Pause Young (Normal) (G1 Evacuation Pause)
[2024-06-01T13:34:58.053-0300][gc,task       ] GC(149) Using 4 workers of 4 for evacuation
[2024-06-01T13:34:58.073-0300][gc,phases     ] GC(149)   Pre Evacuate Collection Set: 0,1ms
[2024-06-01T13:34:58.073-0300][gc,phases     ] GC(149)   Evacuate Collection Set: 18,1ms
[2024-06-01T13:34:58.073-0300][gc,phases     ] GC(149)   Post Evacuate Collection Set: 1,1ms
[2024-06-01T13:34:58.073-0300][gc,phases     ] GC(149)   Other: 0,4ms
[2024-06-01T13:34:58.073-0300][gc,heap       ] GC(149) Eden regions: 49->0(54)
[2024-06-01T13:34:58.073-0300][gc,heap       ] GC(149) Survivor regions: 5->5(7)
[2024-06-01T13:34:58.073-0300][gc,heap       ] GC(149) Old regions: 224->225
[2024-06-01T13:34:58.073-0300][gc,heap       ] GC(149) Humongous regions: 129->129
[2024-06-01T13:34:58.073-0300][gc,metaspace  ] GC(149) Metaspace: 45897K(48924K)->45897K(48924K) NonClass: 40099K(41680K)->40099K(41680K) Class: 5797K(7244K)->5797K(7244K)
[2024-06-01T13:34:58.073-0300][gc            ] GC(149) Pause Young (Normal) (G1 Evacuation Pause) 404M->356M(1024M) 19,957ms
[2024-06-01T13:34:58.073-0300][gc,cpu        ] GC(149) User=0,08s Sys=0,00s Real=0,02s
[2024-06-01T13:35:28.281-0300][gc,start      ] GC(150) Pause Young (Normal) (G1 Evacuation Pause)
[2024-06-01T13:35:28.281-0300][gc,task       ] GC(150) Using 4 workers of 4 for evacuation
[2024-06-01T13:35:28.302-0300][gc,mmu        ] GC(150) MMU target violated: 21,0ms (20,0ms/21,0ms)
[2024-06-01T13:35:28.302-0300][gc,phases     ] GC(150)   Pre Evacuate Collection Set: 0,1ms
[2024-06-01T13:35:28.302-0300][gc,phases     ] GC(150)   Evacuate Collection Set: 19,8ms
[2024-06-01T13:35:28.302-0300][gc,phases     ] GC(150)   Post Evacuate Collection Set: 1,0ms
[2024-06-01T13:35:28.302-0300][gc,phases     ] GC(150)   Other: 0,5ms
[2024-06-01T13:35:28.302-0300][gc,heap       ] GC(150) Eden regions: 48->0(53)
[2024-06-01T13:35:28.302-0300][gc,heap       ] GC(150) Survivor regions: 5->6(7)
[2024-06-01T13:35:28.302-0300][gc,heap       ] GC(150) Old regions: 225->226
[2024-06-01T13:35:28.302-0300][gc,heap       ] GC(150) Humongous regions: 129->129
[2024-06-01T13:35:28.302-0300][gc,metaspace  ] GC(150) Metaspace: 45897K(48924K)->45897K(48924K) NonClass: 40099K(41680K)->40099K(41680K) Class: 5797K(7244K)->5797K(7244K)
[2024-06-01T13:35:28.302-0300][gc            ] GC(150) Pause Young (Normal) (G1 Evacuation Pause) 404M->358M(1024M) 21,545ms
[2024-06-01T13:35:28.303-0300][gc,cpu        ] GC(150) User=0,08s Sys=0,00s Real=0,02s
[2024-06-01T13:36:01.625-0300][gc,start      ] GC(151) Pause Young (Normal) (G1 Evacuation Pause)
[2024-06-01T13:36:01.625-0300][gc,task       ] GC(151) Using 4 workers of 4 for evacuation
[2024-06-01T13:36:01.645-0300][gc,phases     ] GC(151)   Pre Evacuate Collection Set: 0,1ms
[2024-06-01T13:36:01.645-0300][gc,phases     ] GC(151)   Evacuate Collection Set: 18,4ms
[2024-06-01T13:36:01.645-0300][gc,phases     ] GC(151)   Post Evacuate Collection Set: 1,1ms
[2024-06-01T13:36:01.645-0300][gc,phases     ] GC(151)   Other: 0,5ms
[2024-06-01T13:36:01.645-0300][gc,heap       ] GC(151) Eden regions: 53->0(52)
[2024-06-01T13:36:01.645-0300][gc,heap       ] GC(151) Survivor regions: 6->4(8)
[2024-06-01T13:36:01.645-0300][gc,heap       ] GC(151) Old regions: 226->227
[2024-06-01T13:36:01.645-0300][gc,heap       ] GC(151) Humongous regions: 129->129
[2024-06-01T13:36:01.645-0300][gc,metaspace  ] GC(151) Metaspace: 45897K(48924K)->45897K(48924K) NonClass: 40099K(41680K)->40099K(41680K) Class: 5797K(7244K)->5797K(7244K)
[2024-06-01T13:36:01.645-0300][gc            ] GC(151) Pause Young (Normal) (G1 Evacuation Pause) 411M->358M(1024M) 20,250ms
[2024-06-01T13:36:01.645-0300][gc,cpu        ] GC(151) User=0,06s Sys=0,00s Real=0,02s
[2024-06-01T13:36:34.604-0300][gc,start      ] GC(152) Pause Young (Normal) (G1 Evacuation Pause)
[2024-06-01T13:36:34.605-0300][gc,task       ] GC(152) Using 4 workers of 4 for evacuation
[2024-06-01T13:36:34.624-0300][gc,phases     ] GC(152)   Pre Evacuate Collection Set: 0,1ms
[2024-06-01T13:36:34.624-0300][gc,phases     ] GC(152)   Evacuate Collection Set: 18,1ms
[2024-06-01T13:36:34.624-0300][gc,phases     ] GC(152)   Post Evacuate Collection Set: 1,0ms
[2024-06-01T13:36:34.624-0300][gc,phases     ] GC(152)   Other: 0,5ms
[2024-06-01T13:36:34.624-0300][gc,heap       ] GC(152) Eden regions: 52->0(51)
[2024-06-01T13:36:34.624-0300][gc,heap       ] GC(152) Survivor regions: 4->4(7)
[2024-06-01T13:36:34.624-0300][gc,heap       ] GC(152) Old regions: 227->228
[2024-06-01T13:36:34.624-0300][gc,heap       ] GC(152) Humongous regions: 129->129
[2024-06-01T13:36:34.624-0300][gc,metaspace  ] GC(152) Metaspace: 45897K(48924K)->45897K(48924K) NonClass: 40099K(41680K)->40099K(41680K) Class: 5797K(7244K)->5797K(7244K)
[2024-06-01T13:36:34.624-0300][gc            ] GC(152) Pause Young (Normal) (G1 Evacuation Pause) 410M->359M(1024M) 19,906ms
[2024-06-01T13:36:34.624-0300][gc,cpu        ] GC(152) User=0,07s Sys=0,00s Real=0,02s
[2024-06-01T13:37:04.495-0300][gc,start      ] GC(153) Pause Young (Normal) (G1 Evacuation Pause)
[2024-06-01T13:37:04.495-0300][gc,task       ] GC(153) Using 4 workers of 4 for evacuation
[2024-06-01T13:37:04.513-0300][gc,phases     ] GC(153)   Pre Evacuate Collection Set: 0,1ms
[2024-06-01T13:37:04.514-0300][gc,phases     ] GC(153)   Evacuate Collection Set: 17,2ms
[2024-06-01T13:37:04.514-0300][gc,phases     ] GC(153)   Post Evacuate Collection Set: 1,0ms
[2024-06-01T13:37:04.514-0300][gc,phases     ] GC(153)   Other: 0,4ms
[2024-06-01T13:37:04.514-0300][gc,heap       ] GC(153) Eden regions: 47->0(49)
[2024-06-01T13:37:04.514-0300][gc,heap       ] GC(153) Survivor regions: 4->4(7)
[2024-06-01T13:37:04.514-0300][gc,heap       ] GC(153) Old regions: 228->229
[2024-06-01T13:37:04.514-0300][gc,heap       ] GC(153) Humongous regions: 129->129
[2024-06-01T13:37:04.514-0300][gc,metaspace  ] GC(153) Metaspace: 45897K(48924K)->45897K(48924K) NonClass: 40099K(41680K)->40099K(41680K) Class: 5797K(7244K)->5797K(7244K)
[2024-06-01T13:37:04.514-0300][gc            ] GC(153) Pause Young (Normal) (G1 Evacuation Pause) 406M->359M(1024M) 18,897ms
[2024-06-01T13:37:04.514-0300][gc,cpu        ] GC(153) User=0,07s Sys=0,00s Real=0,02s
[2024-06-01T13:37:36.024-0300][gc,start      ] GC(154) Pause Young (Normal) (G1 Evacuation Pause)
[2024-06-01T13:37:36.024-0300][gc,task       ] GC(154) Using 4 workers of 4 for evacuation
[2024-06-01T13:37:36.041-0300][gc,phases     ] GC(154)   Pre Evacuate Collection Set: 0,1ms
[2024-06-01T13:37:36.041-0300][gc,phases     ] GC(154)   Evacuate Collection Set: 15,7ms
[2024-06-01T13:37:36.041-0300][gc,phases     ] GC(154)   Post Evacuate Collection Set: 1,1ms
[2024-06-01T13:37:36.041-0300][gc,phases     ] GC(154)   Other: 0,4ms
[2024-06-01T13:37:36.041-0300][gc,heap       ] GC(154) Eden regions: 49->0(50)
[2024-06-01T13:37:36.041-0300][gc,heap       ] GC(154) Survivor regions: 4->5(7)
[2024-06-01T13:37:36.041-0300][gc,heap       ] GC(154) Old regions: 229->229
[2024-06-01T13:37:36.041-0300][gc,heap       ] GC(154) Humongous regions: 129->129
[2024-06-01T13:37:36.041-0300][gc,metaspace  ] GC(154) Metaspace: 45897K(48924K)->45897K(48924K) NonClass: 40099K(41680K)->40099K(41680K) Class: 5797K(7244K)->5797K(7244K)
[2024-06-01T13:37:36.041-0300][gc            ] GC(154) Pause Young (Normal) (G1 Evacuation Pause) 408M->360M(1024M) 17,542ms
[2024-06-01T13:37:36.041-0300][gc,cpu        ] GC(154) User=0,07s Sys=0,00s Real=0,02s
[2024-06-01T13:38:05.440-0300][gc,start      ] GC(155) Pause Young (Normal) (G1 Evacuation Pause)
[2024-06-01T13:38:05.440-0300][gc,task       ] GC(155) Using 4 workers of 4 for evacuation
[2024-06-01T13:38:05.460-0300][gc,phases     ] GC(155)   Pre Evacuate Collection Set: 0,1ms
[2024-06-01T13:38:05.460-0300][gc,phases     ] GC(155)   Evacuate Collection Set: 18,7ms
[2024-06-01T13:38:05.460-0300][gc,phases     ] GC(155)   Post Evacuate Collection Set: 1,1ms
[2024-06-01T13:38:05.460-0300][gc,phases     ] GC(155)   Other: 0,4ms
[2024-06-01T13:38:05.460-0300][gc,heap       ] GC(155) Eden regions: 46->0(50)
[2024-06-01T13:38:05.460-0300][gc,heap       ] GC(155) Survivor regions: 5->5(7)
[2024-06-01T13:38:05.460-0300][gc,heap       ] GC(155) Old regions: 229->230
[2024-06-01T13:38:05.460-0300][gc,heap       ] GC(155) Humongous regions: 129->129
[2024-06-01T13:38:05.460-0300][gc,metaspace  ] GC(155) Metaspace: 45897K(48924K)->45897K(48924K) NonClass: 40099K(41680K)->40099K(41680K) Class: 5797K(7244K)->5797K(7244K)
[2024-06-01T13:38:05.461-0300][gc            ] GC(155) Pause Young (Normal) (G1 Evacuation Pause) 406M->361M(1024M) 20,477ms
[2024-06-01T13:38:05.461-0300][gc,cpu        ] GC(155) User=0,06s Sys=0,01s Real=0,02s
[2024-06-01T13:38:37.980-0300][gc,start      ] GC(156) Pause Young (Concurrent Start) (G1 Evacuation Pause)
[2024-06-01T13:38:37.980-0300][gc,task       ] GC(156) Using 4 workers of 4 for evacuation
[2024-06-01T13:38:38.000-0300][gc,phases     ] GC(156)   Pre Evacuate Collection Set: 0,4ms
[2024-06-01T13:38:38.000-0300][gc,phases     ] GC(156)   Evacuate Collection Set: 18,0ms
[2024-06-01T13:38:38.000-0300][gc,phases     ] GC(156)   Post Evacuate Collection Set: 1,0ms
[2024-06-01T13:38:38.000-0300][gc,phases     ] GC(156)   Other: 0,6ms
[2024-06-01T13:38:38.001-0300][gc,heap       ] GC(156) Eden regions: 50->0(48)
[2024-06-01T13:38:38.001-0300][gc,heap       ] GC(156) Survivor regions: 5->5(7)
[2024-06-01T13:38:38.001-0300][gc,heap       ] GC(156) Old regions: 230->231
[2024-06-01T13:38:38.001-0300][gc,heap       ] GC(156) Humongous regions: 129->129
[2024-06-01T13:38:38.001-0300][gc,metaspace  ] GC(156) Metaspace: 45897K(48924K)->45897K(48924K) NonClass: 40099K(41680K)->40099K(41680K) Class: 5797K(7244K)->5797K(7244K)
[2024-06-01T13:38:38.001-0300][gc            ] GC(156) Pause Young (Concurrent Start) (G1 Evacuation Pause) 411M->362M(1024M) 20,243ms
[2024-06-01T13:38:38.001-0300][gc,cpu        ] GC(156) User=0,08s Sys=0,00s Real=0,02s
[2024-06-01T13:38:38.001-0300][gc            ] GC(157) Concurrent Cycle
[2024-06-01T13:38:38.001-0300][gc,marking    ] GC(157) Concurrent Clear Claimed Marks
[2024-06-01T13:38:38.001-0300][gc,marking    ] GC(157) Concurrent Clear Claimed Marks 0,383ms
[2024-06-01T13:38:38.001-0300][gc,marking    ] GC(157) Concurrent Scan Root Regions
[2024-06-01T13:38:38.014-0300][gc,marking    ] GC(157) Concurrent Scan Root Regions 12,623ms
[2024-06-01T13:38:38.014-0300][gc,marking    ] GC(157) Concurrent Mark (15788,299s)
[2024-06-01T13:38:38.014-0300][gc,marking    ] GC(157) Concurrent Mark From Roots
[2024-06-01T13:38:38.014-0300][gc,task       ] GC(157) Using 1 workers of 1 for marking
[2024-06-01T13:38:38.077-0300][gc,marking    ] GC(157) Concurrent Mark From Roots 62,757ms
[2024-06-01T13:38:38.077-0300][gc,marking    ] GC(157) Concurrent Preclean
[2024-06-01T13:38:38.077-0300][gc,marking    ] GC(157) Concurrent Preclean 0,299ms
[2024-06-01T13:38:38.077-0300][gc,marking    ] GC(157) Concurrent Mark (15788,299s, 15788,362s) 63,127ms
[2024-06-01T13:38:38.077-0300][gc,start      ] GC(157) Pause Remark
[2024-06-01T13:38:38.089-0300][gc,stringtable] GC(157) Cleaned string and symbol table, strings: 15078 processed, 300 removed, symbols: 99062 processed, 4 removed
[2024-06-01T13:38:38.089-0300][gc            ] GC(157) Pause Remark 363M->321M(1024M) 11,861ms
[2024-06-01T13:38:38.089-0300][gc,cpu        ] GC(157) User=0,04s Sys=0,00s Real=0,01s
[2024-06-01T13:38:38.089-0300][gc,marking    ] GC(157) Concurrent Rebuild Remembered Sets
[2024-06-01T13:38:38.117-0300][gc,marking    ] GC(157) Concurrent Rebuild Remembered Sets 27,528ms
[2024-06-01T13:38:38.117-0300][gc,start      ] GC(157) Pause Cleanup
[2024-06-01T13:38:38.117-0300][gc            ] GC(157) Pause Cleanup 321M->321M(1024M) 0,246ms
[2024-06-01T13:38:38.117-0300][gc,cpu        ] GC(157) User=0,00s Sys=0,00s Real=0,00s
[2024-06-01T13:38:38.117-0300][gc,marking    ] GC(157) Concurrent Cleanup for Next Mark
[2024-06-01T13:38:38.118-0300][gc,marking    ] GC(157) Concurrent Cleanup for Next Mark 1,228ms
[2024-06-01T13:38:38.119-0300][gc            ] GC(157) Concurrent Cycle 117,748ms
[2024-06-01T13:39:07.086-0300][gc,start      ] GC(158) Pause Young (Prepare Mixed) (G1 Evacuation Pause)
[2024-06-01T13:39:07.086-0300][gc,task       ] GC(158) Using 4 workers of 4 for evacuation
[2024-06-01T13:39:07.105-0300][gc,phases     ] GC(158)   Pre Evacuate Collection Set: 0,1ms
[2024-06-01T13:39:07.105-0300][gc,phases     ] GC(158)   Evacuate Collection Set: 18,1ms
[2024-06-01T13:39:07.106-0300][gc,phases     ] GC(158)   Post Evacuate Collection Set: 1,1ms
[2024-06-01T13:39:07.106-0300][gc,phases     ] GC(158)   Other: 0,5ms
[2024-06-01T13:39:07.106-0300][gc,heap       ] GC(158) Eden regions: 46->0(46)
[2024-06-01T13:39:07.106-0300][gc,heap       ] GC(158) Survivor regions: 5->5(7)
[2024-06-01T13:39:07.106-0300][gc,heap       ] GC(158) Old regions: 189->190
[2024-06-01T13:39:07.106-0300][gc,heap       ] GC(158) Humongous regions: 129->129
[2024-06-01T13:39:07.106-0300][gc,metaspace  ] GC(158) Metaspace: 45708K(48924K)->45708K(48924K) NonClass: 39971K(41680K)->39971K(41680K) Class: 5737K(7244K)->5737K(7244K)
[2024-06-01T13:39:07.106-0300][gc            ] GC(158) Pause Young (Prepare Mixed) (G1 Evacuation Pause) 366M->321M(1024M) 19,917ms
[2024-06-01T13:39:07.106-0300][gc,cpu        ] GC(158) User=0,08s Sys=0,00s Real=0,02s
[2024-06-01T13:39:36.932-0300][gc,start      ] GC(159) Pause Young (Mixed) (G1 Evacuation Pause)
[2024-06-01T13:39:36.932-0300][gc,task       ] GC(159) Using 4 workers of 4 for evacuation
[2024-06-01T13:39:36.950-0300][gc,phases     ] GC(159)   Pre Evacuate Collection Set: 0,1ms
[2024-06-01T13:39:36.950-0300][gc,phases     ] GC(159)   Evacuate Collection Set: 17,2ms
[2024-06-01T13:39:36.950-0300][gc,phases     ] GC(159)   Post Evacuate Collection Set: 1,0ms
[2024-06-01T13:39:36.951-0300][gc,phases     ] GC(159)   Other: 0,4ms
[2024-06-01T13:39:36.951-0300][gc,heap       ] GC(159) Eden regions: 46->0(46)
[2024-06-01T13:39:36.951-0300][gc,heap       ] GC(159) Survivor regions: 5->5(7)
[2024-06-01T13:39:36.951-0300][gc,heap       ] GC(159) Old regions: 190->169
[2024-06-01T13:39:36.951-0300][gc,heap       ] GC(159) Humongous regions: 129->129
[2024-06-01T13:39:36.951-0300][gc,metaspace  ] GC(159) Metaspace: 45708K(48924K)->45708K(48924K) NonClass: 39971K(41680K)->39971K(41680K) Class: 5737K(7244K)->5737K(7244K)
[2024-06-01T13:39:36.951-0300][gc            ] GC(159) Pause Young (Mixed) (G1 Evacuation Pause) 367M->300M(1024M) 18,918ms
[2024-06-01T13:39:36.951-0300][gc,cpu        ] GC(159) User=0,07s Sys=0,00s Real=0,02s
[2024-06-01T13:40:05.963-0300][gc,start      ] GC(160) Pause Young (Mixed) (G1 Evacuation Pause)
[2024-06-01T13:40:05.963-0300][gc,task       ] GC(160) Using 4 workers of 4 for evacuation
[2024-06-01T13:40:05.980-0300][gc,phases     ] GC(160)   Pre Evacuate Collection Set: 0,1ms
[2024-06-01T13:40:05.980-0300][gc,phases     ] GC(160)   Evacuate Collection Set: 15,6ms
[2024-06-01T13:40:05.980-0300][gc,phases     ] GC(160)   Post Evacuate Collection Set: 1,0ms
[2024-06-01T13:40:05.980-0300][gc,phases     ] GC(160)   Other: 0,5ms
[2024-06-01T13:40:05.980-0300][gc,heap       ] GC(160) Eden regions: 46->0(47)
[2024-06-01T13:40:05.981-0300][gc,heap       ] GC(160) Survivor regions: 5->4(7)
[2024-06-01T13:40:05.981-0300][gc,heap       ] GC(160) Old regions: 169->148
[2024-06-01T13:40:05.981-0300][gc,heap       ] GC(160) Humongous regions: 129->129
[2024-06-01T13:40:05.981-0300][gc,metaspace  ] GC(160) Metaspace: 45708K(48924K)->45708K(48924K) NonClass: 39971K(41680K)->39971K(41680K) Class: 5737K(7244K)->5737K(7244K)
[2024-06-01T13:40:05.981-0300][gc            ] GC(160) Pause Young (Mixed) (G1 Evacuation Pause) 346M->278M(1024M) 17,351ms
[2024-06-01T13:40:05.981-0300][gc,cpu        ] GC(160) User=0,06s Sys=0,00s Real=0,02s
[2024-06-01T13:40:36.131-0300][gc,start      ] GC(161) Pause Young (Mixed) (G1 Evacuation Pause)
[2024-06-01T13:40:36.131-0300][gc,task       ] GC(161) Using 4 workers of 4 for evacuation
[2024-06-01T13:40:36.149-0300][gc,phases     ] GC(161)   Pre Evacuate Collection Set: 0,1ms
[2024-06-01T13:40:36.149-0300][gc,phases     ] GC(161)   Evacuate Collection Set: 16,1ms
[2024-06-01T13:40:36.149-0300][gc,phases     ] GC(161)   Post Evacuate Collection Set: 1,1ms
[2024-06-01T13:40:36.149-0300][gc,phases     ] GC(161)   Other: 0,4ms
[2024-06-01T13:40:36.149-0300][gc,heap       ] GC(161) Eden regions: 47->0(46)
[2024-06-01T13:40:36.149-0300][gc,heap       ] GC(161) Survivor regions: 4->5(7)
[2024-06-01T13:40:36.149-0300][gc,heap       ] GC(161) Old regions: 148->126
[2024-06-01T13:40:36.149-0300][gc,heap       ] GC(161) Humongous regions: 129->129
[2024-06-01T13:40:36.149-0300][gc,metaspace  ] GC(161) Metaspace: 45708K(48924K)->45708K(48924K) NonClass: 39971K(41680K)->39971K(41680K) Class: 5737K(7244K)->5737K(7244K)
[2024-06-01T13:40:36.149-0300][gc            ] GC(161) Pause Young (Mixed) (G1 Evacuation Pause) 325M->258M(1024M) 18,009ms
[2024-06-01T13:40:36.149-0300][gc,cpu        ] GC(161) User=0,07s Sys=0,00s Real=0,02s
[2024-06-01T13:41:05.318-0300][gc,start      ] GC(162) Pause Young (Mixed) (G1 Evacuation Pause)
[2024-06-01T13:41:05.318-0300][gc,task       ] GC(162) Using 4 workers of 4 for evacuation
[2024-06-01T13:41:05.338-0300][gc,phases     ] GC(162)   Pre Evacuate Collection Set: 0,1ms
[2024-06-01T13:41:05.338-0300][gc,phases     ] GC(162)   Evacuate Collection Set: 18,6ms
[2024-06-01T13:41:05.338-0300][gc,phases     ] GC(162)   Post Evacuate Collection Set: 1,1ms
[2024-06-01T13:41:05.338-0300][gc,phases     ] GC(162)   Other: 0,5ms
[2024-06-01T13:41:05.338-0300][gc,heap       ] GC(162) Eden regions: 46->0(46)
[2024-06-01T13:41:05.338-0300][gc,heap       ] GC(162) Survivor regions: 5->5(7)
[2024-06-01T13:41:05.338-0300][gc,heap       ] GC(162) Old regions: 126->105
[2024-06-01T13:41:05.338-0300][gc,heap       ] GC(162) Humongous regions: 129->129
[2024-06-01T13:41:05.338-0300][gc,metaspace  ] GC(162) Metaspace: 45708K(48924K)->45708K(48924K) NonClass: 39971K(41680K)->39971K(41680K) Class: 5737K(7244K)->5737K(7244K)
[2024-06-01T13:41:05.338-0300][gc            ] GC(162) Pause Young (Mixed) (G1 Evacuation Pause) 304M->237M(1024M) 20,394ms
[2024-06-01T13:41:05.338-0300][gc,cpu        ] GC(162) User=0,08s Sys=0,00s Real=0,02s
[2024-06-01T13:41:34.860-0300][gc,start      ] GC(163) Pause Young (Mixed) (G1 Evacuation Pause)
[2024-06-01T13:41:34.860-0300][gc,task       ] GC(163) Using 4 workers of 4 for evacuation
[2024-06-01T13:41:34.881-0300][gc,mmu        ] GC(163) MMU target violated: 21,0ms (20,0ms/21,0ms)
[2024-06-01T13:41:34.881-0300][gc,phases     ] GC(163)   Pre Evacuate Collection Set: 0,1ms
[2024-06-01T13:41:34.881-0300][gc,phases     ] GC(163)   Evacuate Collection Set: 19,7ms
[2024-06-01T13:41:34.881-0300][gc,phases     ] GC(163)   Post Evacuate Collection Set: 1,0ms
[2024-06-01T13:41:34.881-0300][gc,phases     ] GC(163)   Other: 0,5ms
[2024-06-01T13:41:34.881-0300][gc,heap       ] GC(163) Eden regions: 46->0(47)
[2024-06-01T13:41:34.881-0300][gc,heap       ] GC(163) Survivor regions: 5->4(7)
[2024-06-01T13:41:34.881-0300][gc,heap       ] GC(163) Old regions: 105->85
[2024-06-01T13:41:34.881-0300][gc,heap       ] GC(163) Humongous regions: 129->129
[2024-06-01T13:41:34.881-0300][gc,metaspace  ] GC(163) Metaspace: 45708K(48924K)->45708K(48924K) NonClass: 39971K(41680K)->39971K(41680K) Class: 5737K(7244K)->5737K(7244K)
[2024-06-01T13:41:34.881-0300][gc            ] GC(163) Pause Young (Mixed) (G1 Evacuation Pause) 283M->216M(1024M) 21,547ms
[2024-06-01T13:41:34.881-0300][gc,cpu        ] GC(163) User=0,08s Sys=0,00s Real=0,02s
[2024-06-01T13:42:05.152-0300][gc,start      ] GC(164) Pause Young (Mixed) (G1 Evacuation Pause)
[2024-06-01T13:42:05.152-0300][gc,task       ] GC(164) Using 4 workers of 4 for evacuation
[2024-06-01T13:42:05.172-0300][gc,phases     ] GC(164)   Pre Evacuate Collection Set: 0,1ms
[2024-06-01T13:42:05.172-0300][gc,phases     ] GC(164)   Evacuate Collection Set: 17,7ms
[2024-06-01T13:42:05.172-0300][gc,phases     ] GC(164)   Post Evacuate Collection Set: 1,1ms
[2024-06-01T13:42:05.172-0300][gc,phases     ] GC(164)   Other: 0,5ms
[2024-06-01T13:42:05.172-0300][gc,heap       ] GC(164) Eden regions: 47->0(51)
[2024-06-01T13:42:05.172-0300][gc,heap       ] GC(164) Survivor regions: 4->5(7)
[2024-06-01T13:42:05.172-0300][gc,heap       ] GC(164) Old regions: 85->79
[2024-06-01T13:42:05.172-0300][gc,heap       ] GC(164) Humongous regions: 129->129
[2024-06-01T13:42:05.172-0300][gc,metaspace  ] GC(164) Metaspace: 45708K(48924K)->45708K(48924K) NonClass: 39971K(41680K)->39971K(41680K) Class: 5737K(7244K)->5737K(7244K)
[2024-06-01T13:42:05.172-0300][gc            ] GC(164) Pause Young (Mixed) (G1 Evacuation Pause) 263M->210M(1024M) 19,678ms
[2024-06-01T13:42:05.172-0300][gc,cpu        ] GC(164) User=0,07s Sys=0,00s Real=0,02s
[2024-06-01T13:42:33.982-0300][gc,start      ] GC(165) Pause Young (Normal) (G1 Evacuation Pause)
[2024-06-01T13:42:33.982-0300][gc,task       ] GC(165) Using 4 workers of 4 for evacuation
[2024-06-01T13:42:34.002-0300][gc,phases     ] GC(165)   Pre Evacuate Collection Set: 0,1ms
[2024-06-01T13:42:34.002-0300][gc,phases     ] GC(165)   Evacuate Collection Set: 18,5ms
[2024-06-01T13:42:34.002-0300][gc,phases     ] GC(165)   Post Evacuate Collection Set: 1,0ms
[2024-06-01T13:42:34.002-0300][gc,phases     ] GC(165)   Other: 0,5ms
[2024-06-01T13:42:34.002-0300][gc,heap       ] GC(165) Eden regions: 46->0(52)
[2024-06-01T13:42:34.002-0300][gc,heap       ] GC(165) Survivor regions: 5->5(7)
[2024-06-01T13:42:34.002-0300][gc,heap       ] GC(165) Old regions: 79->80
[2024-06-01T13:42:34.002-0300][gc,heap       ] GC(165) Humongous regions: 129->129
[2024-06-01T13:42:34.002-0300][gc,metaspace  ] GC(165) Metaspace: 45708K(48924K)->45708K(48924K) NonClass: 39971K(41680K)->39971K(41680K) Class: 5737K(7244K)->5737K(7244K)
[2024-06-01T13:42:34.002-0300][gc            ] GC(165) Pause Young (Normal) (G1 Evacuation Pause) 256M->211M(1024M) 20,259ms
[2024-06-01T13:42:34.002-0300][gc,cpu        ] GC(165) User=0,07s Sys=0,00s Real=0,02s
[2024-06-01T13:43:03.129-0300][gc,start      ] GC(166) Pause Young (Normal) (G1 Evacuation Pause)
[2024-06-01T13:43:03.129-0300][gc,task       ] GC(166) Using 4 workers of 4 for evacuation
[2024-06-01T13:43:03.147-0300][gc,phases     ] GC(166)   Pre Evacuate Collection Set: 0,1ms
[2024-06-01T13:43:03.147-0300][gc,phases     ] GC(166)   Evacuate Collection Set: 17,0ms
[2024-06-01T13:43:03.147-0300][gc,phases     ] GC(166)   Post Evacuate Collection Set: 1,0ms
[2024-06-01T13:43:03.148-0300][gc,phases     ] GC(166)   Other: 0,4ms
[2024-06-01T13:43:03.148-0300][gc,heap       ] GC(166) Eden regions: 46->0(50)
[2024-06-01T13:43:03.148-0300][gc,heap       ] GC(166) Survivor regions: 5->4(7)
[2024-06-01T13:43:03.148-0300][gc,heap       ] GC(166) Old regions: 80->81
[2024-06-01T13:43:03.148-0300][gc,heap       ] GC(166) Humongous regions: 129->129
[2024-06-01T13:43:03.148-0300][gc,metaspace  ] GC(166) Metaspace: 45708K(48924K)->45708K(48924K) NonClass: 39971K(41680K)->39971K(41680K) Class: 5737K(7244K)->5737K(7244K)
[2024-06-01T13:43:03.148-0300][gc            ] GC(166) Pause Young (Normal) (G1 Evacuation Pause) 257M->212M(1024M) 18,729ms
[2024-06-01T13:43:03.148-0300][gc,cpu        ] GC(166) User=0,07s Sys=0,00s Real=0,02s
[2024-06-01T13:43:35.225-0300][gc,start      ] GC(167) Pause Young (Normal) (G1 Evacuation Pause)
[2024-06-01T13:43:35.225-0300][gc,task       ] GC(167) Using 4 workers of 4 for evacuation
[2024-06-01T13:43:35.233-0300][gc,phases     ] GC(167)   Pre Evacuate Collection Set: 0,0ms
[2024-06-01T13:43:35.233-0300][gc,phases     ] GC(167)   Evacuate Collection Set: 6,7ms
[2024-06-01T13:43:35.233-0300][gc,phases     ] GC(167)   Post Evacuate Collection Set: 0,6ms
[2024-06-01T13:43:35.233-0300][gc,phases     ] GC(167)   Other: 0,2ms
[2024-06-01T13:43:35.233-0300][gc,heap       ] GC(167) Eden regions: 50->0(53)
[2024-06-01T13:43:35.233-0300][gc,heap       ] GC(167) Survivor regions: 4->5(7)
[2024-06-01T13:43:35.233-0300][gc,heap       ] GC(167) Old regions: 81->82
[2024-06-01T13:43:35.233-0300][gc,heap       ] GC(167) Humongous regions: 129->129
[2024-06-01T13:43:35.233-0300][gc,metaspace  ] GC(167) Metaspace: 45708K(48924K)->45708K(48924K) NonClass: 39971K(41680K)->39971K(41680K) Class: 5737K(7244K)->5737K(7244K)
[2024-06-01T13:43:35.233-0300][gc            ] GC(167) Pause Young (Normal) (G1 Evacuation Pause) 262M->213M(1024M) 7,643ms
[2024-06-01T13:43:35.233-0300][gc,cpu        ] GC(167) User=0,02s Sys=0,00s Real=0,01s
[2024-06-01T13:44:09.123-0300][gc,start      ] GC(168) Pause Young (Normal) (G1 Evacuation Pause)
[2024-06-01T13:44:09.123-0300][gc,task       ] GC(168) Using 4 workers of 4 for evacuation
[2024-06-01T13:44:09.141-0300][gc,phases     ] GC(168)   Pre Evacuate Collection Set: 0,1ms
[2024-06-01T13:44:09.141-0300][gc,phases     ] GC(168)   Evacuate Collection Set: 16,3ms
[2024-06-01T13:44:09.141-0300][gc,phases     ] GC(168)   Post Evacuate Collection Set: 1,0ms
[2024-06-01T13:44:09.141-0300][gc,phases     ] GC(168)   Other: 0,4ms
[2024-06-01T13:44:09.141-0300][gc,heap       ] GC(168) Eden regions: 53->0(53)
[2024-06-01T13:44:09.141-0300][gc,heap       ] GC(168) Survivor regions: 5->5(8)
[2024-06-01T13:44:09.141-0300][gc,heap       ] GC(168) Old regions: 82->82
[2024-06-01T13:44:09.141-0300][gc,heap       ] GC(168) Humongous regions: 129->129
[2024-06-01T13:44:09.141-0300][gc,metaspace  ] GC(168) Metaspace: 45708K(48924K)->45708K(48924K) NonClass: 39971K(41680K)->39971K(41680K) Class: 5737K(7244K)->5737K(7244K)
[2024-06-01T13:44:09.141-0300][gc            ] GC(168) Pause Young (Normal) (G1 Evacuation Pause) 266M->213M(1024M) 18,058ms
[2024-06-01T13:44:09.141-0300][gc,cpu        ] GC(168) User=0,07s Sys=0,00s Real=0,02s
[2024-06-01T13:44:38.400-0300][gc,start      ] GC(169) Pause Young (Normal) (G1 Evacuation Pause)
[2024-06-01T13:44:38.400-0300][gc,task       ] GC(169) Using 4 workers of 4 for evacuation
[2024-06-01T13:44:38.420-0300][gc,mmu        ] GC(169) MMU target violated: 20,2ms (20,0ms/21,0ms)
[2024-06-01T13:44:38.420-0300][gc,phases     ] GC(169)   Pre Evacuate Collection Set: 0,1ms
[2024-06-01T13:44:38.420-0300][gc,phases     ] GC(169)   Evacuate Collection Set: 18,8ms
[2024-06-01T13:44:38.420-0300][gc,phases     ] GC(169)   Post Evacuate Collection Set: 1,1ms
[2024-06-01T13:44:38.420-0300][gc,phases     ] GC(169)   Other: 0,5ms
[2024-06-01T13:44:38.420-0300][gc,heap       ] GC(169) Eden regions: 46->0(51)
[2024-06-01T13:44:38.420-0300][gc,heap       ] GC(169) Survivor regions: 5->5(7)
[2024-06-01T13:44:38.420-0300][gc,heap       ] GC(169) Old regions: 82->83
[2024-06-01T13:44:38.420-0300][gc,heap       ] GC(169) Humongous regions: 129->129
[2024-06-01T13:44:38.420-0300][gc,metaspace  ] GC(169) Metaspace: 45708K(48924K)->45708K(48924K) NonClass: 39971K(41680K)->39971K(41680K) Class: 5737K(7244K)->5737K(7244K)
[2024-06-01T13:44:38.421-0300][gc            ] GC(169) Pause Young (Normal) (G1 Evacuation Pause) 259M->214M(1024M) 20,679ms
[2024-06-01T13:44:38.421-0300][gc,cpu        ] GC(169) User=0,07s Sys=0,00s Real=0,02s
[2024-06-01T13:45:10.795-0300][gc,start      ] GC(170) Pause Young (Normal) (G1 Evacuation Pause)
[2024-06-01T13:45:10.795-0300][gc,task       ] GC(170) Using 4 workers of 4 for evacuation
[2024-06-01T13:45:10.816-0300][gc,mmu        ] GC(170) MMU target violated: 20,4ms (20,0ms/21,0ms)
[2024-06-01T13:45:10.816-0300][gc,phases     ] GC(170)   Pre Evacuate Collection Set: 0,1ms
[2024-06-01T13:45:10.816-0300][gc,phases     ] GC(170)   Evacuate Collection Set: 19,2ms
[2024-06-01T13:45:10.816-0300][gc,phases     ] GC(170)   Post Evacuate Collection Set: 1,0ms
[2024-06-01T13:45:10.816-0300][gc,phases     ] GC(170)   Other: 0,5ms
[2024-06-01T13:45:10.816-0300][gc,heap       ] GC(170) Eden regions: 51->0(52)
[2024-06-01T13:45:10.816-0300][gc,heap       ] GC(170) Survivor regions: 5->5(7)
[2024-06-01T13:45:10.816-0300][gc,heap       ] GC(170) Old regions: 83->84
[2024-06-01T13:45:10.816-0300][gc,heap       ] GC(170) Humongous regions: 129->129
[2024-06-01T13:45:10.816-0300][gc,metaspace  ] GC(170) Metaspace: 45708K(48924K)->45708K(48924K) NonClass: 39971K(41680K)->39971K(41680K) Class: 5737K(7244K)->5737K(7244K)
[2024-06-01T13:45:10.816-0300][gc            ] GC(170) Pause Young (Normal) (G1 Evacuation Pause) 265M->215M(1024M) 20,970ms
[2024-06-01T13:45:10.816-0300][gc,cpu        ] GC(170) User=0,07s Sys=0,01s Real=0,03s
[2024-06-01T13:45:40.074-0300][gc,start      ] GC(171) Pause Young (Normal) (G1 Evacuation Pause)
[2024-06-01T13:45:40.074-0300][gc,task       ] GC(171) Using 4 workers of 4 for evacuation
[2024-06-01T13:45:40.093-0300][gc,phases     ] GC(171)   Pre Evacuate Collection Set: 0,1ms
[2024-06-01T13:45:40.093-0300][gc,phases     ] GC(171)   Evacuate Collection Set: 18,0ms
[2024-06-01T13:45:40.093-0300][gc,phases     ] GC(171)   Post Evacuate Collection Set: 1,1ms
[2024-06-01T13:45:40.093-0300][gc,phases     ] GC(171)   Other: 0,4ms
[2024-06-01T13:45:40.093-0300][gc,heap       ] GC(171) Eden regions: 46->0(51)
[2024-06-01T13:45:40.093-0300][gc,heap       ] GC(171) Survivor regions: 5->4(7)
[2024-06-01T13:45:40.093-0300][gc,heap       ] GC(171) Old regions: 84->85
[2024-06-01T13:45:40.093-0300][gc,heap       ] GC(171) Humongous regions: 129->129
[2024-06-01T13:45:40.093-0300][gc,metaspace  ] GC(171) Metaspace: 45708K(48924K)->45708K(48924K) NonClass: 39971K(41680K)->39971K(41680K) Class: 5737K(7244K)->5737K(7244K)
[2024-06-01T13:45:40.093-0300][gc            ] GC(171) Pause Young (Normal) (G1 Evacuation Pause) 261M->216M(1024M) 19,751ms
[2024-06-01T13:45:40.094-0300][gc,cpu        ] GC(171) User=0,07s Sys=0,00s Real=0,02s
[2024-06-01T13:46:10.029-0300][gc,start      ] GC(172) Pause Young (Normal) (G1 Evacuation Pause)
[2024-06-01T13:46:10.029-0300][gc,task       ] GC(172) Using 4 workers of 4 for evacuation
[2024-06-01T13:46:10.048-0300][gc,phases     ] GC(172)   Pre Evacuate Collection Set: 0,1ms
[2024-06-01T13:46:10.048-0300][gc,phases     ] GC(172)   Evacuate Collection Set: 17,5ms
[2024-06-01T13:46:10.048-0300][gc,phases     ] GC(172)   Post Evacuate Collection Set: 1,1ms
[2024-06-01T13:46:10.048-0300][gc,phases     ] GC(172)   Other: 0,4ms
[2024-06-01T13:46:10.048-0300][gc,heap       ] GC(172) Eden regions: 47->0(47)
[2024-06-01T13:46:10.048-0300][gc,heap       ] GC(172) Survivor regions: 4->4(7)
[2024-06-01T13:46:10.048-0300][gc,heap       ] GC(172) Old regions: 85->86
[2024-06-01T13:46:10.048-0300][gc,heap       ] GC(172) Humongous regions: 129->129
[2024-06-01T13:46:10.048-0300][gc,metaspace  ] GC(172) Metaspace: 45708K(48924K)->45708K(48924K) NonClass: 39971K(41680K)->39971K(41680K) Class: 5737K(7244K)->5737K(7244K)
[2024-06-01T13:46:10.048-0300][gc            ] GC(172) Pause Young (Normal) (G1 Evacuation Pause) 263M->217M(1024M) 19,358ms
[2024-06-01T13:46:10.048-0300][gc,cpu        ] GC(172) User=0,07s Sys=0,00s Real=0,02s
[2024-06-01T13:46:40.319-0300][gc,start      ] GC(173) Pause Young (Normal) (G1 Evacuation Pause)
[2024-06-01T13:46:40.319-0300][gc,task       ] GC(173) Using 4 workers of 4 for evacuation
[2024-06-01T13:46:40.338-0300][gc,phases     ] GC(173)   Pre Evacuate Collection Set: 0,1ms
[2024-06-01T13:46:40.338-0300][gc,phases     ] GC(173)   Evacuate Collection Set: 17,7ms
[2024-06-01T13:46:40.338-0300][gc,phases     ] GC(173)   Post Evacuate Collection Set: 1,0ms
[2024-06-01T13:46:40.338-0300][gc,phases     ] GC(173)   Other: 0,5ms
[2024-06-01T13:46:40.338-0300][gc,heap       ] GC(173) Eden regions: 47->0(47)
[2024-06-01T13:46:40.338-0300][gc,heap       ] GC(173) Survivor regions: 4->4(7)
[2024-06-01T13:46:40.338-0300][gc,heap       ] GC(173) Old regions: 86->87
[2024-06-01T13:46:40.338-0300][gc,heap       ] GC(173) Humongous regions: 129->129
[2024-06-01T13:46:40.338-0300][gc,metaspace  ] GC(173) Metaspace: 45708K(48924K)->45708K(48924K) NonClass: 39971K(41680K)->39971K(41680K) Class: 5737K(7244K)->5737K(7244K)
[2024-06-01T13:46:40.338-0300][gc            ] GC(173) Pause Young (Normal) (G1 Evacuation Pause) 264M->218M(1024M) 19,567ms
[2024-06-01T13:46:40.338-0300][gc,cpu        ] GC(173) User=0,07s Sys=0,00s Real=0,02s
[2024-06-01T13:47:10.259-0300][gc,start      ] GC(174) Pause Young (Normal) (G1 Evacuation Pause)
[2024-06-01T13:47:10.259-0300][gc,task       ] GC(174) Using 4 workers of 4 for evacuation
[2024-06-01T13:47:10.278-0300][gc,phases     ] GC(174)   Pre Evacuate Collection Set: 0,1ms
[2024-06-01T13:47:10.278-0300][gc,phases     ] GC(174)   Evacuate Collection Set: 18,0ms
[2024-06-01T13:47:10.278-0300][gc,phases     ] GC(174)   Post Evacuate Collection Set: 1,1ms
[2024-06-01T13:47:10.278-0300][gc,phases     ] GC(174)   Other: 0,4ms
[2024-06-01T13:47:10.278-0300][gc,heap       ] GC(174) Eden regions: 47->0(47)
[2024-06-01T13:47:10.278-0300][gc,heap       ] GC(174) Survivor regions: 4->4(7)
[2024-06-01T13:47:10.278-0300][gc,heap       ] GC(174) Old regions: 87->89
[2024-06-01T13:47:10.278-0300][gc,heap       ] GC(174) Humongous regions: 129->129
[2024-06-01T13:47:10.279-0300][gc,metaspace  ] GC(174) Metaspace: 45708K(48924K)->45708K(48924K) NonClass: 39971K(41680K)->39971K(41680K) Class: 5737K(7244K)->5737K(7244K)
[2024-06-01T13:47:10.279-0300][gc            ] GC(174) Pause Young (Normal) (G1 Evacuation Pause) 265M->219M(1024M) 19,814ms
[2024-06-01T13:47:10.279-0300][gc,cpu        ] GC(174) User=0,07s Sys=0,00s Real=0,02s
[2024-06-01T13:47:40.085-0300][gc,start      ] GC(175) Pause Young (Normal) (G1 Evacuation Pause)
[2024-06-01T13:47:40.085-0300][gc,task       ] GC(175) Using 4 workers of 4 for evacuation
[2024-06-01T13:47:40.104-0300][gc,phases     ] GC(175)   Pre Evacuate Collection Set: 0,1ms
[2024-06-01T13:47:40.104-0300][gc,phases     ] GC(175)   Evacuate Collection Set: 17,9ms
[2024-06-01T13:47:40.104-0300][gc,phases     ] GC(175)   Post Evacuate Collection Set: 1,0ms
[2024-06-01T13:47:40.104-0300][gc,phases     ] GC(175)   Other: 0,5ms
[2024-06-01T13:47:40.104-0300][gc,heap       ] GC(175) Eden regions: 47->0(47)
[2024-06-01T13:47:40.104-0300][gc,heap       ] GC(175) Survivor regions: 4->4(7)
[2024-06-01T13:47:40.104-0300][gc,heap       ] GC(175) Old regions: 89->90
[2024-06-01T13:47:40.104-0300][gc,heap       ] GC(175) Humongous regions: 129->129
[2024-06-01T13:47:40.104-0300][gc,metaspace  ] GC(175) Metaspace: 45708K(48924K)->45708K(48924K) NonClass: 39971K(41680K)->39971K(41680K) Class: 5737K(7244K)->5737K(7244K)
[2024-06-01T13:47:40.104-0300][gc            ] GC(175) Pause Young (Normal) (G1 Evacuation Pause) 266M->220M(1024M) 19,686ms
[2024-06-01T13:47:40.104-0300][gc,cpu        ] GC(175) User=0,07s Sys=0,00s Real=0,02s
[2024-06-01T13:48:09.901-0300][gc,start      ] GC(176) Pause Young (Normal) (G1 Evacuation Pause)
[2024-06-01T13:48:09.901-0300][gc,task       ] GC(176) Using 4 workers of 4 for evacuation
[2024-06-01T13:48:09.919-0300][gc,phases     ] GC(176)   Pre Evacuate Collection Set: 0,1ms
[2024-06-01T13:48:09.919-0300][gc,phases     ] GC(176)   Evacuate Collection Set: 16,8ms
[2024-06-01T13:48:09.919-0300][gc,phases     ] GC(176)   Post Evacuate Collection Set: 1,1ms
[2024-06-01T13:48:09.919-0300][gc,phases     ] GC(176)   Other: 0,4ms
[2024-06-01T13:48:09.919-0300][gc,heap       ] GC(176) Eden regions: 47->0(48)
[2024-06-01T13:48:09.919-0300][gc,heap       ] GC(176) Survivor regions: 4->4(7)
[2024-06-01T13:48:09.919-0300][gc,heap       ] GC(176) Old regions: 90->90
[2024-06-01T13:48:09.919-0300][gc,heap       ] GC(176) Humongous regions: 129->129
[2024-06-01T13:48:09.919-0300][gc,metaspace  ] GC(176) Metaspace: 45708K(48924K)->45708K(48924K) NonClass: 39971K(41680K)->39971K(41680K) Class: 5737K(7244K)->5737K(7244K)
[2024-06-01T13:48:09.919-0300][gc            ] GC(176) Pause Young (Normal) (G1 Evacuation Pause) 267M->221M(1024M) 18,651ms
[2024-06-01T13:48:09.919-0300][gc,cpu        ] GC(176) User=0,06s Sys=0,00s Real=0,02s
[2024-06-01T13:48:40.817-0300][gc,start      ] GC(177) Pause Young (Normal) (G1 Evacuation Pause)
[2024-06-01T13:48:40.817-0300][gc,task       ] GC(177) Using 4 workers of 4 for evacuation
[2024-06-01T13:48:40.835-0300][gc,phases     ] GC(177)   Pre Evacuate Collection Set: 0,1ms
[2024-06-01T13:48:40.835-0300][gc,phases     ] GC(177)   Evacuate Collection Set: 16,6ms
[2024-06-01T13:48:40.835-0300][gc,phases     ] GC(177)   Post Evacuate Collection Set: 1,0ms
[2024-06-01T13:48:40.835-0300][gc,phases     ] GC(177)   Other: 0,4ms
[2024-06-01T13:48:40.835-0300][gc,heap       ] GC(177) Eden regions: 48->0(49)
[2024-06-01T13:48:40.835-0300][gc,heap       ] GC(177) Survivor regions: 4->5(7)
[2024-06-01T13:48:40.835-0300][gc,heap       ] GC(177) Old regions: 90->90
[2024-06-01T13:48:40.835-0300][gc,heap       ] GC(177) Humongous regions: 129->129
[2024-06-01T13:48:40.835-0300][gc,metaspace  ] GC(177) Metaspace: 45708K(48924K)->45708K(48924K) NonClass: 39971K(41680K)->39971K(41680K) Class: 5737K(7244K)->5737K(7244K)
[2024-06-01T13:48:40.835-0300][gc            ] GC(177) Pause Young (Normal) (G1 Evacuation Pause) 269M->222M(1024M) 18,396ms
[2024-06-01T13:48:40.835-0300][gc,cpu        ] GC(177) User=0,07s Sys=0,00s Real=0,01s
[2024-06-01T13:49:10.018-0300][gc,start      ] GC(178) Pause Young (Normal) (G1 Evacuation Pause)
[2024-06-01T13:49:10.018-0300][gc,task       ] GC(178) Using 4 workers of 4 for evacuation
[2024-06-01T13:49:10.038-0300][gc,phases     ] GC(178)   Pre Evacuate Collection Set: 0,1ms
[2024-06-01T13:49:10.039-0300][gc,phases     ] GC(178)   Evacuate Collection Set: 18,7ms
[2024-06-01T13:49:10.039-0300][gc,phases     ] GC(178)   Post Evacuate Collection Set: 1,0ms
[2024-06-01T13:49:10.039-0300][gc,phases     ] GC(178)   Other: 0,4ms
[2024-06-01T13:49:10.039-0300][gc,heap       ] GC(178) Eden regions: 46->0(49)
[2024-06-01T13:49:10.039-0300][gc,heap       ] GC(178) Survivor regions: 5->5(7)
[2024-06-01T13:49:10.039-0300][gc,heap       ] GC(178) Old regions: 90->91
[2024-06-01T13:49:10.039-0300][gc,heap       ] GC(178) Humongous regions: 129->129
[2024-06-01T13:49:10.039-0300][gc,metaspace  ] GC(178) Metaspace: 45708K(48924K)->45708K(48924K) NonClass: 39971K(41680K)->39971K(41680K) Class: 5737K(7244K)->5737K(7244K)
[2024-06-01T13:49:10.039-0300][gc            ] GC(178) Pause Young (Normal) (G1 Evacuation Pause) 268M->223M(1024M) 20,488ms
[2024-06-01T13:49:10.039-0300][gc,cpu        ] GC(178) User=0,08s Sys=0,00s Real=0,02s
[2024-06-01T13:49:39.641-0300][gc,start      ] GC(179) Pause Young (Normal) (G1 Evacuation Pause)
[2024-06-01T13:49:39.641-0300][gc,task       ] GC(179) Using 4 workers of 4 for evacuation
[2024-06-01T13:49:39.662-0300][gc,mmu        ] GC(179) MMU target violated: 20,8ms (20,0ms/21,0ms)
[2024-06-01T13:49:39.662-0300][gc,phases     ] GC(179)   Pre Evacuate Collection Set: 0,1ms
[2024-06-01T13:49:39.662-0300][gc,phases     ] GC(179)   Evacuate Collection Set: 19,5ms
[2024-06-01T13:49:39.662-0300][gc,phases     ] GC(179)   Post Evacuate Collection Set: 1,1ms
[2024-06-01T13:49:39.662-0300][gc,phases     ] GC(179)   Other: 0,5ms
[2024-06-01T13:49:39.662-0300][gc,heap       ] GC(179) Eden regions: 46->0(47)
[2024-06-01T13:49:39.662-0300][gc,heap       ] GC(179) Survivor regions: 5->4(7)
[2024-06-01T13:49:39.662-0300][gc,heap       ] GC(179) Old regions: 91->93
[2024-06-01T13:49:39.662-0300][gc,heap       ] GC(179) Humongous regions: 129->129
[2024-06-01T13:49:39.662-0300][gc,metaspace  ] GC(179) Metaspace: 45708K(48924K)->45708K(48924K) NonClass: 39971K(41680K)->39971K(41680K) Class: 5737K(7244K)->5737K(7244K)
[2024-06-01T13:49:39.662-0300][gc            ] GC(179) Pause Young (Normal) (G1 Evacuation Pause) 269M->224M(1024M) 21,390ms
[2024-06-01T13:49:39.662-0300][gc,cpu        ] GC(179) User=0,08s Sys=0,00s Real=0,02s
[2024-06-01T13:50:09.628-0300][gc,start      ] GC(180) Pause Young (Normal) (G1 Evacuation Pause)
[2024-06-01T13:50:09.628-0300][gc,task       ] GC(180) Using 4 workers of 4 for evacuation
[2024-06-01T13:50:09.635-0300][gc,phases     ] GC(180)   Pre Evacuate Collection Set: 0,0ms
[2024-06-01T13:50:09.635-0300][gc,phases     ] GC(180)   Evacuate Collection Set: 6,8ms
[2024-06-01T13:50:09.635-0300][gc,phases     ] GC(180)   Post Evacuate Collection Set: 0,4ms
[2024-06-01T13:50:09.635-0300][gc,phases     ] GC(180)   Other: 0,2ms
[2024-06-01T13:50:09.635-0300][gc,heap       ] GC(180) Eden regions: 47->0(49)
[2024-06-01T13:50:09.635-0300][gc,heap       ] GC(180) Survivor regions: 4->4(7)
[2024-06-01T13:50:09.635-0300][gc,heap       ] GC(180) Old regions: 93->94
[2024-06-01T13:50:09.635-0300][gc,heap       ] GC(180) Humongous regions: 129->129
[2024-06-01T13:50:09.635-0300][gc,metaspace  ] GC(180) Metaspace: 45708K(48924K)->45708K(48924K) NonClass: 39971K(41680K)->39971K(41680K) Class: 5737K(7244K)->5737K(7244K)
[2024-06-01T13:50:09.635-0300][gc            ] GC(180) Pause Young (Normal) (G1 Evacuation Pause) 271M->225M(1024M) 7,477ms
[2024-06-01T13:50:09.635-0300][gc,cpu        ] GC(180) User=0,02s Sys=0,01s Real=0,01s
[2024-06-01T13:50:41.121-0300][gc,start      ] GC(181) Pause Young (Normal) (G1 Evacuation Pause)
[2024-06-01T13:50:41.121-0300][gc,task       ] GC(181) Using 4 workers of 4 for evacuation
[2024-06-01T13:50:41.140-0300][gc,phases     ] GC(181)   Pre Evacuate Collection Set: 0,1ms
[2024-06-01T13:50:41.140-0300][gc,phases     ] GC(181)   Evacuate Collection Set: 17,6ms
[2024-06-01T13:50:41.140-0300][gc,phases     ] GC(181)   Post Evacuate Collection Set: 1,0ms
[2024-06-01T13:50:41.140-0300][gc,phases     ] GC(181)   Other: 0,4ms
[2024-06-01T13:50:41.140-0300][gc,heap       ] GC(181) Eden regions: 49->0(50)
[2024-06-01T13:50:41.140-0300][gc,heap       ] GC(181) Survivor regions: 4->5(7)
[2024-06-01T13:50:41.140-0300][gc,heap       ] GC(181) Old regions: 94->95
[2024-06-01T13:50:41.140-0300][gc,heap       ] GC(181) Humongous regions: 129->129
[2024-06-01T13:50:41.140-0300][gc,metaspace  ] GC(181) Metaspace: 45708K(48924K)->45708K(48924K) NonClass: 39971K(41680K)->39971K(41680K) Class: 5737K(7244K)->5737K(7244K)
[2024-06-01T13:50:41.141-0300][gc            ] GC(181) Pause Young (Normal) (G1 Evacuation Pause) 274M->226M(1024M) 19,321ms
[2024-06-01T13:50:41.141-0300][gc,cpu        ] GC(181) User=0,07s Sys=0,00s Real=0,02s
[2024-06-01T13:51:13.143-0300][gc,start      ] GC(182) Pause Young (Normal) (G1 Evacuation Pause)
[2024-06-01T13:51:13.143-0300][gc,task       ] GC(182) Using 4 workers of 4 for evacuation
[2024-06-01T13:51:13.151-0300][gc,phases     ] GC(182)   Pre Evacuate Collection Set: 0,0ms
[2024-06-01T13:51:13.151-0300][gc,phases     ] GC(182)   Evacuate Collection Set: 6,5ms
[2024-06-01T13:51:13.151-0300][gc,phases     ] GC(182)   Post Evacuate Collection Set: 0,6ms
[2024-06-01T13:51:13.151-0300][gc,phases     ] GC(182)   Other: 0,2ms
[2024-06-01T13:51:13.151-0300][gc,heap       ] GC(182) Eden regions: 50->0(53)
[2024-06-01T13:51:13.151-0300][gc,heap       ] GC(182) Survivor regions: 5->5(7)
[2024-06-01T13:51:13.151-0300][gc,heap       ] GC(182) Old regions: 95->96
[2024-06-01T13:51:13.151-0300][gc,heap       ] GC(182) Humongous regions: 129->129
[2024-06-01T13:51:13.151-0300][gc,metaspace  ] GC(182) Metaspace: 45708K(48924K)->45708K(48924K) NonClass: 39971K(41680K)->39971K(41680K) Class: 5737K(7244K)->5737K(7244K)
[2024-06-01T13:51:13.151-0300][gc            ] GC(182) Pause Young (Normal) (G1 Evacuation Pause) 276M->227M(1024M) 7,397ms
[2024-06-01T13:51:13.151-0300][gc,cpu        ] GC(182) User=0,02s Sys=0,00s Real=0,01s
[2024-06-01T13:51:47.144-0300][gc,start      ] GC(183) Pause Young (Normal) (G1 Evacuation Pause)
[2024-06-01T13:51:47.144-0300][gc,task       ] GC(183) Using 4 workers of 4 for evacuation
[2024-06-01T13:51:47.152-0300][gc,phases     ] GC(183)   Pre Evacuate Collection Set: 0,0ms
[2024-06-01T13:51:47.152-0300][gc,phases     ] GC(183)   Evacuate Collection Set: 7,5ms
[2024-06-01T13:51:47.152-0300][gc,phases     ] GC(183)   Post Evacuate Collection Set: 0,5ms
[2024-06-01T13:51:47.152-0300][gc,phases     ] GC(183)   Other: 0,2ms
[2024-06-01T13:51:47.152-0300][gc,heap       ] GC(183) Eden regions: 53->0(59)
[2024-06-01T13:51:47.152-0300][gc,heap       ] GC(183) Survivor regions: 5->6(8)
[2024-06-01T13:51:47.152-0300][gc,heap       ] GC(183) Old regions: 96->96
[2024-06-01T13:51:47.152-0300][gc,heap       ] GC(183) Humongous regions: 129->129
[2024-06-01T13:51:47.152-0300][gc,metaspace  ] GC(183) Metaspace: 45708K(48924K)->45708K(48924K) NonClass: 39971K(41680K)->39971K(41680K) Class: 5737K(7244K)->5737K(7244K)
[2024-06-01T13:51:47.152-0300][gc            ] GC(183) Pause Young (Normal) (G1 Evacuation Pause) 280M->228M(1024M) 8,348ms
[2024-06-01T13:51:47.152-0300][gc,cpu        ] GC(183) User=0,02s Sys=0,01s Real=0,01s
[2024-06-01T13:52:20.680-0300][gc,start      ] GC(184) Pause Young (Normal) (G1 Evacuation Pause)
[2024-06-01T13:52:20.680-0300][gc,task       ] GC(184) Using 4 workers of 4 for evacuation
[2024-06-01T13:52:20.701-0300][gc,mmu        ] GC(184) MMU target violated: 21,0ms (20,0ms/21,0ms)
[2024-06-01T13:52:20.701-0300][gc,phases     ] GC(184)   Pre Evacuate Collection Set: 0,1ms
[2024-06-01T13:52:20.701-0300][gc,phases     ] GC(184)   Evacuate Collection Set: 19,6ms
[2024-06-01T13:52:20.701-0300][gc,phases     ] GC(184)   Post Evacuate Collection Set: 1,1ms
[2024-06-01T13:52:20.702-0300][gc,phases     ] GC(184)   Other: 0,5ms
[2024-06-01T13:52:20.702-0300][gc,heap       ] GC(184) Eden regions: 53->0(54)
[2024-06-01T13:52:20.702-0300][gc,heap       ] GC(184) Survivor regions: 6->4(8)
[2024-06-01T13:52:20.702-0300][gc,heap       ] GC(184) Old regions: 96->98
[2024-06-01T13:52:20.702-0300][gc,heap       ] GC(184) Humongous regions: 129->129
[2024-06-01T13:52:20.702-0300][gc,metaspace  ] GC(184) Metaspace: 45708K(48924K)->45708K(48924K) NonClass: 39971K(41680K)->39971K(41680K) Class: 5737K(7244K)->5737K(7244K)
[2024-06-01T13:52:20.702-0300][gc            ] GC(184) Pause Young (Normal) (G1 Evacuation Pause) 281M->228M(1024M) 21,517ms
[2024-06-01T13:52:20.702-0300][gc,cpu        ] GC(184) User=0,08s Sys=0,00s Real=0,02s
[2024-06-01T13:52:54.964-0300][gc,start      ] GC(185) Pause Young (Normal) (G1 Evacuation Pause)
[2024-06-01T13:52:54.964-0300][gc,task       ] GC(185) Using 4 workers of 4 for evacuation
[2024-06-01T13:52:54.983-0300][gc,phases     ] GC(185)   Pre Evacuate Collection Set: 0,1ms
[2024-06-01T13:52:54.983-0300][gc,phases     ] GC(185)   Evacuate Collection Set: 17,5ms
[2024-06-01T13:52:54.983-0300][gc,phases     ] GC(185)   Post Evacuate Collection Set: 1,0ms
[2024-06-01T13:52:54.983-0300][gc,phases     ] GC(185)   Other: 0,4ms
[2024-06-01T13:52:54.983-0300][gc,heap       ] GC(185) Eden regions: 54->0(52)
[2024-06-01T13:52:54.983-0300][gc,heap       ] GC(185) Survivor regions: 4->5(8)
[2024-06-01T13:52:54.983-0300][gc,heap       ] GC(185) Old regions: 98->98
[2024-06-01T13:52:54.983-0300][gc,heap       ] GC(185) Humongous regions: 129->129
[2024-06-01T13:52:54.984-0300][gc,metaspace  ] GC(185) Metaspace: 45708K(48924K)->45708K(48924K) NonClass: 39971K(41680K)->39971K(41680K) Class: 5737K(7244K)->5737K(7244K)
[2024-06-01T13:52:54.984-0300][gc            ] GC(185) Pause Young (Normal) (G1 Evacuation Pause) 282M->229M(1024M) 19,250ms
[2024-06-01T13:52:54.984-0300][gc,cpu        ] GC(185) User=0,07s Sys=0,01s Real=0,02s
[2024-06-01T13:53:26.242-0300][gc,start      ] GC(186) Pause Young (Normal) (G1 Evacuation Pause)
[2024-06-01T13:53:26.242-0300][gc,task       ] GC(186) Using 4 workers of 4 for evacuation
[2024-06-01T13:53:26.264-0300][gc,mmu        ] GC(186) MMU target violated: 21,0ms (20,0ms/21,0ms)
[2024-06-01T13:53:26.264-0300][gc,phases     ] GC(186)   Pre Evacuate Collection Set: 0,1ms
[2024-06-01T13:53:26.264-0300][gc,phases     ] GC(186)   Evacuate Collection Set: 20,1ms
[2024-06-01T13:53:26.264-0300][gc,phases     ] GC(186)   Post Evacuate Collection Set: 1,0ms
[2024-06-01T13:53:26.264-0300][gc,phases     ] GC(186)   Other: 0,6ms
[2024-06-01T13:53:26.264-0300][gc,heap       ] GC(186) Eden regions: 49->0(50)
[2024-06-01T13:53:26.264-0300][gc,heap       ] GC(186) Survivor regions: 5->5(7)
[2024-06-01T13:53:26.264-0300][gc,heap       ] GC(186) Old regions: 98->99
[2024-06-01T13:53:26.264-0300][gc,heap       ] GC(186) Humongous regions: 129->129
[2024-06-01T13:53:26.264-0300][gc,metaspace  ] GC(186) Metaspace: 45708K(48924K)->45708K(48924K) NonClass: 39971K(41680K)->39971K(41680K) Class: 5737K(7244K)->5737K(7244K)
[2024-06-01T13:53:26.264-0300][gc            ] GC(186) Pause Young (Normal) (G1 Evacuation Pause) 278M->230M(1024M) 21,965ms
[2024-06-01T13:53:26.264-0300][gc,cpu        ] GC(186) User=0,08s Sys=0,00s Real=0,02s
[2024-06-01T13:53:58.621-0300][gc,start      ] GC(187) Pause Young (Normal) (G1 Evacuation Pause)
[2024-06-01T13:53:58.622-0300][gc,task       ] GC(187) Using 4 workers of 4 for evacuation
[2024-06-01T13:53:58.642-0300][gc,phases     ] GC(187)   Pre Evacuate Collection Set: 0,1ms
[2024-06-01T13:53:58.642-0300][gc,phases     ] GC(187)   Evacuate Collection Set: 18,6ms
[2024-06-01T13:53:58.642-0300][gc,phases     ] GC(187)   Post Evacuate Collection Set: 1,1ms
[2024-06-01T13:53:58.642-0300][gc,phases     ] GC(187)   Other: 0,4ms
[2024-06-01T13:53:58.642-0300][gc,heap       ] GC(187) Eden regions: 50->0(50)
[2024-06-01T13:53:58.642-0300][gc,heap       ] GC(187) Survivor regions: 5->5(7)
[2024-06-01T13:53:58.642-0300][gc,heap       ] GC(187) Old regions: 99->100
[2024-06-01T13:53:58.642-0300][gc,heap       ] GC(187) Humongous regions: 129->129
[2024-06-01T13:53:58.642-0300][gc,metaspace  ] GC(187) Metaspace: 45708K(48924K)->45708K(48924K) NonClass: 39971K(41680K)->39971K(41680K) Class: 5737K(7244K)->5737K(7244K)
[2024-06-01T13:53:58.642-0300][gc            ] GC(187) Pause Young (Normal) (G1 Evacuation Pause) 280M->231M(1024M) 20,415ms
[2024-06-01T13:53:58.642-0300][gc,cpu        ] GC(187) User=0,08s Sys=0,00s Real=0,02s
[2024-06-01T13:54:30.440-0300][gc,start      ] GC(188) Pause Young (Normal) (G1 Evacuation Pause)
[2024-06-01T13:54:30.440-0300][gc,task       ] GC(188) Using 4 workers of 4 for evacuation
[2024-06-01T13:54:30.461-0300][gc,mmu        ] GC(188) MMU target violated: 20,5ms (20,0ms/21,0ms)
[2024-06-01T13:54:30.461-0300][gc,phases     ] GC(188)   Pre Evacuate Collection Set: 0,1ms
[2024-06-01T13:54:30.461-0300][gc,phases     ] GC(188)   Evacuate Collection Set: 19,2ms
[2024-06-01T13:54:30.461-0300][gc,phases     ] GC(188)   Post Evacuate Collection Set: 1,0ms
[2024-06-01T13:54:30.461-0300][gc,phases     ] GC(188)   Other: 0,5ms
[2024-06-01T13:54:30.461-0300][gc,heap       ] GC(188) Eden regions: 50->0(50)
[2024-06-01T13:54:30.461-0300][gc,heap       ] GC(188) Survivor regions: 5->5(7)
[2024-06-01T13:54:30.461-0300][gc,heap       ] GC(188) Old regions: 100->101
[2024-06-01T13:54:30.461-0300][gc,heap       ] GC(188) Humongous regions: 129->129
[2024-06-01T13:54:30.461-0300][gc,metaspace  ] GC(188) Metaspace: 45708K(48924K)->45708K(48924K) NonClass: 39971K(41680K)->39971K(41680K) Class: 5737K(7244K)->5737K(7244K)
[2024-06-01T13:54:30.461-0300][gc            ] GC(188) Pause Young (Normal) (G1 Evacuation Pause) 281M->233M(1024M) 21,050ms
[2024-06-01T13:54:30.461-0300][gc,cpu        ] GC(188) User=0,07s Sys=0,00s Real=0,02s
[2024-06-01T13:55:02.279-0300][gc,start      ] GC(189) Pause Young (Normal) (G1 Evacuation Pause)
[2024-06-01T13:55:02.279-0300][gc,task       ] GC(189) Using 4 workers of 4 for evacuation
[2024-06-01T13:55:02.298-0300][gc,phases     ] GC(189)   Pre Evacuate Collection Set: 0,1ms
[2024-06-01T13:55:02.298-0300][gc,phases     ] GC(189)   Evacuate Collection Set: 18,4ms
[2024-06-01T13:55:02.298-0300][gc,phases     ] GC(189)   Post Evacuate Collection Set: 1,0ms
[2024-06-01T13:55:02.298-0300][gc,phases     ] GC(189)   Other: 0,4ms
[2024-06-01T13:55:02.299-0300][gc,heap       ] GC(189) Eden regions: 50->0(52)
[2024-06-01T13:55:02.299-0300][gc,heap       ] GC(189) Survivor regions: 5->5(7)
[2024-06-01T13:55:02.299-0300][gc,heap       ] GC(189) Old regions: 101->102
[2024-06-01T13:55:02.299-0300][gc,heap       ] GC(189) Humongous regions: 129->129
[2024-06-01T13:55:02.299-0300][gc,metaspace  ] GC(189) Metaspace: 45708K(48924K)->45708K(48924K) NonClass: 39971K(41680K)->39971K(41680K) Class: 5737K(7244K)->5737K(7244K)
[2024-06-01T13:55:02.299-0300][gc            ] GC(189) Pause Young (Normal) (G1 Evacuation Pause) 283M->234M(1024M) 20,176ms
[2024-06-01T13:55:02.299-0300][gc,cpu        ] GC(189) User=0,08s Sys=0,00s Real=0,02s
[2024-06-01T13:55:34.376-0300][gc,start      ] GC(190) Pause Young (Normal) (G1 Evacuation Pause)
[2024-06-01T13:55:34.376-0300][gc,task       ] GC(190) Using 4 workers of 4 for evacuation
[2024-06-01T13:55:34.384-0300][gc,phases     ] GC(190)   Pre Evacuate Collection Set: 0,0ms
[2024-06-01T13:55:34.384-0300][gc,phases     ] GC(190)   Evacuate Collection Set: 6,8ms
[2024-06-01T13:55:34.384-0300][gc,phases     ] GC(190)   Post Evacuate Collection Set: 0,5ms
[2024-06-01T13:55:34.384-0300][gc,phases     ] GC(190)   Other: 0,2ms
[2024-06-01T13:55:34.384-0300][gc,heap       ] GC(190) Eden regions: 51->0(57)
[2024-06-01T13:55:34.384-0300][gc,heap       ] GC(190) Survivor regions: 5->5(7)
[2024-06-01T13:55:34.384-0300][gc,heap       ] GC(190) Old regions: 102->104
[2024-06-01T13:55:34.384-0300][gc,heap       ] GC(190) Humongous regions: 129->129
[2024-06-01T13:55:34.384-0300][gc,metaspace  ] GC(190) Metaspace: 45708K(48924K)->45708K(48924K) NonClass: 39971K(41680K)->39971K(41680K) Class: 5737K(7244K)->5737K(7244K)
[2024-06-01T13:55:34.384-0300][gc            ] GC(190) Pause Young (Normal) (G1 Evacuation Pause) 285M->235M(1024M) 7,582ms
[2024-06-01T13:55:34.384-0300][gc,cpu        ] GC(190) User=0,02s Sys=0,00s Real=0,00s
[2024-06-01T13:56:10.804-0300][gc,start      ] GC(191) Pause Young (Normal) (G1 Evacuation Pause)
[2024-06-01T13:56:10.804-0300][gc,task       ] GC(191) Using 4 workers of 4 for evacuation
[2024-06-01T13:56:10.824-0300][gc,phases     ] GC(191)   Pre Evacuate Collection Set: 0,1ms
[2024-06-01T13:56:10.824-0300][gc,phases     ] GC(191)   Evacuate Collection Set: 18,6ms
[2024-06-01T13:56:10.824-0300][gc,phases     ] GC(191)   Post Evacuate Collection Set: 1,0ms
[2024-06-01T13:56:10.824-0300][gc,phases     ] GC(191)   Other: 0,4ms
[2024-06-01T13:56:10.824-0300][gc,heap       ] GC(191) Eden regions: 57->0(56)
[2024-06-01T13:56:10.824-0300][gc,heap       ] GC(191) Survivor regions: 5->5(8)
[2024-06-01T13:56:10.824-0300][gc,heap       ] GC(191) Old regions: 104->105
[2024-06-01T13:56:10.824-0300][gc,heap       ] GC(191) Humongous regions: 129->129
[2024-06-01T13:56:10.824-0300][gc,metaspace  ] GC(191) Metaspace: 45708K(48924K)->45708K(48924K) NonClass: 39971K(41680K)->39971K(41680K) Class: 5737K(7244K)->5737K(7244K)
[2024-06-01T13:56:10.824-0300][gc            ] GC(191) Pause Young (Normal) (G1 Evacuation Pause) 292M->236M(1024M) 20,346ms
[2024-06-01T13:56:10.824-0300][gc,cpu        ] GC(191) User=0,08s Sys=0,00s Real=0,02s
[2024-06-01T13:56:40.997-0300][gc,start      ] GC(192) Pause Young (Normal) (G1 Evacuation Pause)
[2024-06-01T13:56:40.997-0300][gc,task       ] GC(192) Using 4 workers of 4 for evacuation
[2024-06-01T13:56:41.016-0300][gc,phases     ] GC(192)   Pre Evacuate Collection Set: 0,1ms
[2024-06-01T13:56:41.016-0300][gc,phases     ] GC(192)   Evacuate Collection Set: 17,3ms
[2024-06-01T13:56:41.016-0300][gc,phases     ] GC(192)   Post Evacuate Collection Set: 1,1ms
[2024-06-01T13:56:41.016-0300][gc,phases     ] GC(192)   Other: 0,4ms
[2024-06-01T13:56:41.016-0300][gc,heap       ] GC(192) Eden regions: 48->0(53)
[2024-06-01T13:56:41.016-0300][gc,heap       ] GC(192) Survivor regions: 5->4(7)
[2024-06-01T13:56:41.016-0300][gc,heap       ] GC(192) Old regions: 105->106
[2024-06-01T13:56:41.016-0300][gc,heap       ] GC(192) Humongous regions: 129->129
[2024-06-01T13:56:41.016-0300][gc,metaspace  ] GC(192) Metaspace: 45708K(48924K)->45708K(48924K) NonClass: 39971K(41680K)->39971K(41680K) Class: 5737K(7244K)->5737K(7244K)
[2024-06-01T13:56:41.016-0300][gc            ] GC(192) Pause Young (Normal) (G1 Evacuation Pause) 284M->236M(1024M) 19,216ms
[2024-06-01T13:56:41.016-0300][gc,cpu        ] GC(192) User=0,07s Sys=0,00s Real=0,02s
[2024-06-01T13:57:15.146-0300][gc,start      ] GC(193) Pause Young (Normal) (G1 Evacuation Pause)
[2024-06-01T13:57:15.146-0300][gc,task       ] GC(193) Using 4 workers of 4 for evacuation
[2024-06-01T13:57:15.165-0300][gc,phases     ] GC(193)   Pre Evacuate Collection Set: 0,1ms
[2024-06-01T13:57:15.165-0300][gc,phases     ] GC(193)   Evacuate Collection Set: 17,3ms
[2024-06-01T13:57:15.165-0300][gc,phases     ] GC(193)   Post Evacuate Collection Set: 1,1ms
[2024-06-01T13:57:15.165-0300][gc,phases     ] GC(193)   Other: 0,4ms
[2024-06-01T13:57:15.165-0300][gc,heap       ] GC(193) Eden regions: 53->0(53)
[2024-06-01T13:57:15.165-0300][gc,heap       ] GC(193) Survivor regions: 4->5(8)
[2024-06-01T13:57:15.165-0300][gc,heap       ] GC(193) Old regions: 106->106
[2024-06-01T13:57:15.165-0300][gc,heap       ] GC(193) Humongous regions: 129->129
[2024-06-01T13:57:15.165-0300][gc,metaspace  ] GC(193) Metaspace: 45708K(48924K)->45708K(48924K) NonClass: 39971K(41680K)->39971K(41680K) Class: 5737K(7244K)->5737K(7244K)
[2024-06-01T13:57:15.165-0300][gc            ] GC(193) Pause Young (Normal) (G1 Evacuation Pause) 289M->237M(1024M) 19,015ms
[2024-06-01T13:57:15.165-0300][gc,cpu        ] GC(193) User=0,06s Sys=0,00s Real=0,02s
[2024-06-01T13:57:44.721-0300][gc,start      ] GC(194) Pause Young (Normal) (G1 Evacuation Pause)
[2024-06-01T13:57:44.721-0300][gc,task       ] GC(194) Using 4 workers of 4 for evacuation
[2024-06-01T13:57:44.742-0300][gc,mmu        ] GC(194) MMU target violated: 20,9ms (20,0ms/21,0ms)
[2024-06-01T13:57:44.742-0300][gc,phases     ] GC(194)   Pre Evacuate Collection Set: 0,1ms
[2024-06-01T13:57:44.742-0300][gc,phases     ] GC(194)   Evacuate Collection Set: 19,5ms
[2024-06-01T13:57:44.743-0300][gc,phases     ] GC(194)   Post Evacuate Collection Set: 1,1ms
[2024-06-01T13:57:44.743-0300][gc,phases     ] GC(194)   Other: 0,5ms
[2024-06-01T13:57:44.743-0300][gc,heap       ] GC(194) Eden regions: 46->0(49)
[2024-06-01T13:57:44.743-0300][gc,heap       ] GC(194) Survivor regions: 5->5(7)
[2024-06-01T13:57:44.743-0300][gc,heap       ] GC(194) Old regions: 106->107
[2024-06-01T13:57:44.743-0300][gc,heap       ] GC(194) Humongous regions: 129->129
[2024-06-01T13:57:44.743-0300][gc,metaspace  ] GC(194) Metaspace: 45708K(48924K)->45708K(48924K) NonClass: 39971K(41680K)->39971K(41680K) Class: 5737K(7244K)->5737K(7244K)
[2024-06-01T13:57:44.743-0300][gc            ] GC(194) Pause Young (Normal) (G1 Evacuation Pause) 283M->239M(1024M) 21,424ms
[2024-06-01T13:57:44.743-0300][gc,cpu        ] GC(194) User=0,08s Sys=0,00s Real=0,02s
[2024-06-01T13:58:15.830-0300][gc,start      ] GC(195) Pause Young (Normal) (G1 Evacuation Pause)
[2024-06-01T13:58:15.830-0300][gc,task       ] GC(195) Using 4 workers of 4 for evacuation
[2024-06-01T13:58:15.850-0300][gc,phases     ] GC(195)   Pre Evacuate Collection Set: 0,1ms
[2024-06-01T13:58:15.850-0300][gc,phases     ] GC(195)   Evacuate Collection Set: 18,3ms
[2024-06-01T13:58:15.850-0300][gc,phases     ] GC(195)   Post Evacuate Collection Set: 1,1ms
[2024-06-01T13:58:15.850-0300][gc,phases     ] GC(195)   Other: 0,4ms
[2024-06-01T13:58:15.850-0300][gc,heap       ] GC(195) Eden regions: 49->0(47)
[2024-06-01T13:58:15.850-0300][gc,heap       ] GC(195) Survivor regions: 5->4(7)
[2024-06-01T13:58:15.850-0300][gc,heap       ] GC(195) Old regions: 107->108
[2024-06-01T13:58:15.850-0300][gc,heap       ] GC(195) Humongous regions: 129->129
[2024-06-01T13:58:15.850-0300][gc,metaspace  ] GC(195) Metaspace: 45708K(48924K)->45708K(48924K) NonClass: 39971K(41680K)->39971K(41680K) Class: 5737K(7244K)->5737K(7244K)
[2024-06-01T13:58:15.850-0300][gc            ] GC(195) Pause Young (Normal) (G1 Evacuation Pause) 288M->239M(1024M) 20,163ms
[2024-06-01T13:58:15.850-0300][gc,cpu        ] GC(195) User=0,08s Sys=0,00s Real=0,02s
[2024-06-01T13:58:46.326-0300][gc,start      ] GC(196) Pause Young (Normal) (G1 Evacuation Pause)
[2024-06-01T13:58:46.326-0300][gc,task       ] GC(196) Using 4 workers of 4 for evacuation
[2024-06-01T13:58:46.331-0300][gc,phases     ] GC(196)   Pre Evacuate Collection Set: 0,0ms
[2024-06-01T13:58:46.331-0300][gc,phases     ] GC(196)   Evacuate Collection Set: 4,7ms
[2024-06-01T13:58:46.331-0300][gc,phases     ] GC(196)   Post Evacuate Collection Set: 0,4ms
[2024-06-01T13:58:46.331-0300][gc,phases     ] GC(196)   Other: 0,2ms
[2024-06-01T13:58:46.331-0300][gc,heap       ] GC(196) Eden regions: 47->0(50)
[2024-06-01T13:58:46.331-0300][gc,heap       ] GC(196) Survivor regions: 4->5(7)
[2024-06-01T13:58:46.331-0300][gc,heap       ] GC(196) Old regions: 108->109
[2024-06-01T13:58:46.331-0300][gc,heap       ] GC(196) Humongous regions: 129->129
[2024-06-01T13:58:46.331-0300][gc,metaspace  ] GC(196) Metaspace: 45708K(48924K)->45708K(48924K) NonClass: 39971K(41680K)->39971K(41680K) Class: 5737K(7244K)->5737K(7244K)
[2024-06-01T13:58:46.331-0300][gc            ] GC(196) Pause Young (Normal) (G1 Evacuation Pause) 286M->241M(1024M) 5,442ms
[2024-06-01T13:58:46.331-0300][gc,cpu        ] GC(196) User=0,02s Sys=0,00s Real=0,01s
[2024-06-01T13:59:17.916-0300][gc,start      ] GC(197) Pause Young (Normal) (G1 Evacuation Pause)
[2024-06-01T13:59:17.916-0300][gc,task       ] GC(197) Using 4 workers of 4 for evacuation
[2024-06-01T13:59:17.935-0300][gc,phases     ] GC(197)   Pre Evacuate Collection Set: 0,1ms
[2024-06-01T13:59:17.936-0300][gc,phases     ] GC(197)   Evacuate Collection Set: 18,4ms
[2024-06-01T13:59:17.936-0300][gc,phases     ] GC(197)   Post Evacuate Collection Set: 1,1ms
[2024-06-01T13:59:17.936-0300][gc,phases     ] GC(197)   Other: 0,4ms
[2024-06-01T13:59:17.936-0300][gc,heap       ] GC(197) Eden regions: 50->0(50)
[2024-06-01T13:59:17.936-0300][gc,heap       ] GC(197) Survivor regions: 5->5(7)
[2024-06-01T13:59:17.936-0300][gc,heap       ] GC(197) Old regions: 109->111
[2024-06-01T13:59:17.936-0300][gc,heap       ] GC(197) Humongous regions: 129->129
[2024-06-01T13:59:17.936-0300][gc,metaspace  ] GC(197) Metaspace: 45708K(48924K)->45708K(48924K) NonClass: 39971K(41680K)->39971K(41680K) Class: 5737K(7244K)->5737K(7244K)
[2024-06-01T13:59:17.936-0300][gc            ] GC(197) Pause Young (Normal) (G1 Evacuation Pause) 291M->241M(1024M) 20,143ms
[2024-06-01T13:59:17.936-0300][gc,cpu        ] GC(197) User=0,06s Sys=0,01s Real=0,02s
[2024-06-01T13:59:50.293-0300][gc,start      ] GC(198) Pause Young (Normal) (G1 Evacuation Pause)
[2024-06-01T13:59:50.293-0300][gc,task       ] GC(198) Using 4 workers of 4 for evacuation
[2024-06-01T13:59:50.312-0300][gc,phases     ] GC(198)   Pre Evacuate Collection Set: 0,1ms
[2024-06-01T13:59:50.312-0300][gc,phases     ] GC(198)   Evacuate Collection Set: 18,0ms
[2024-06-01T13:59:50.312-0300][gc,phases     ] GC(198)   Post Evacuate Collection Set: 1,1ms
[2024-06-01T13:59:50.313-0300][gc,phases     ] GC(198)   Other: 0,4ms
[2024-06-01T13:59:50.313-0300][gc,heap       ] GC(198) Eden regions: 50->0(50)
[2024-06-01T13:59:50.313-0300][gc,heap       ] GC(198) Survivor regions: 5->5(7)
[2024-06-01T13:59:50.313-0300][gc,heap       ] GC(198) Old regions: 111->112
[2024-06-01T13:59:50.313-0300][gc,heap       ] GC(198) Humongous regions: 129->129
[2024-06-01T13:59:50.313-0300][gc,metaspace  ] GC(198) Metaspace: 45708K(48924K)->45708K(48924K) NonClass: 39971K(41680K)->39971K(41680K) Class: 5737K(7244K)->5737K(7244K)
[2024-06-01T13:59:50.313-0300][gc            ] GC(198) Pause Young (Normal) (G1 Evacuation Pause) 291M->243M(1024M) 19,800ms
[2024-06-01T13:59:50.313-0300][gc,cpu        ] GC(198) User=0,07s Sys=0,00s Real=0,02s
[2024-06-01T14:00:22.240-0300][gc,start      ] GC(199) Pause Young (Normal) (G1 Evacuation Pause)
[2024-06-01T14:00:22.240-0300][gc,task       ] GC(199) Using 4 workers of 4 for evacuation
[2024-06-01T14:00:22.259-0300][gc,phases     ] GC(199)   Pre Evacuate Collection Set: 0,1ms
[2024-06-01T14:00:22.260-0300][gc,phases     ] GC(199)   Evacuate Collection Set: 18,0ms
[2024-06-01T14:00:22.260-0300][gc,phases     ] GC(199)   Post Evacuate Collection Set: 1,1ms
[2024-06-01T14:00:22.260-0300][gc,phases     ] GC(199)   Other: 0,4ms
[2024-06-01T14:00:22.260-0300][gc,heap       ] GC(199) Eden regions: 50->0(51)
[2024-06-01T14:00:22.260-0300][gc,heap       ] GC(199) Survivor regions: 5->5(7)
[2024-06-01T14:00:22.260-0300][gc,heap       ] GC(199) Old regions: 112->113
[2024-06-01T14:00:22.260-0300][gc,heap       ] GC(199) Humongous regions: 129->129
[2024-06-01T14:00:22.260-0300][gc,metaspace  ] GC(199) Metaspace: 45708K(48924K)->45708K(48924K) NonClass: 39971K(41680K)->39971K(41680K) Class: 5737K(7244K)->5737K(7244K)
[2024-06-01T14:00:22.260-0300][gc            ] GC(199) Pause Young (Normal) (G1 Evacuation Pause) 293M->244M(1024M) 19,883ms
[2024-06-01T14:00:22.260-0300][gc,cpu        ] GC(199) User=0,07s Sys=0,00s Real=0,02s
[2024-06-01T14:00:51.379-0300][gc,start      ] GC(200) Pause Young (Normal) (G1 Evacuation Pause)
[2024-06-01T14:00:51.379-0300][gc,task       ] GC(200) Using 4 workers of 4 for evacuation
[2024-06-01T14:00:51.397-0300][gc,phases     ] GC(200)   Pre Evacuate Collection Set: 0,1ms
[2024-06-01T14:00:51.398-0300][gc,phases     ] GC(200)   Evacuate Collection Set: 17,0ms
[2024-06-01T14:00:51.398-0300][gc,phases     ] GC(200)   Post Evacuate Collection Set: 1,1ms
[2024-06-01T14:00:51.398-0300][gc,phases     ] GC(200)   Other: 0,5ms
[2024-06-01T14:00:51.398-0300][gc,heap       ] GC(200) Eden regions: 46->0(50)
[2024-06-01T14:00:51.398-0300][gc,heap       ] GC(200) Survivor regions: 5->4(7)
[2024-06-01T14:00:51.398-0300][gc,heap       ] GC(200) Old regions: 113->114
[2024-06-01T14:00:51.398-0300][gc,heap       ] GC(200) Humongous regions: 129->129
[2024-06-01T14:00:51.398-0300][gc,metaspace  ] GC(200) Metaspace: 45708K(48924K)->45708K(48924K) NonClass: 39971K(41680K)->39971K(41680K) Class: 5737K(7244K)->5737K(7244K)
[2024-06-01T14:00:51.398-0300][gc            ] GC(200) Pause Young (Normal) (G1 Evacuation Pause) 290M->244M(1024M) 18,803ms
[2024-06-01T14:00:51.398-0300][gc,cpu        ] GC(200) User=0,07s Sys=0,00s Real=0,02s
[2024-06-01T14:01:21.455-0300][gc,start      ] GC(201) Pause Young (Normal) (G1 Evacuation Pause)
[2024-06-01T14:01:21.456-0300][gc,task       ] GC(201) Using 4 workers of 4 for evacuation
[2024-06-01T14:01:21.474-0300][gc,phases     ] GC(201)   Pre Evacuate Collection Set: 0,1ms
[2024-06-01T14:01:21.474-0300][gc,phases     ] GC(201)   Evacuate Collection Set: 17,0ms
[2024-06-01T14:01:21.474-0300][gc,phases     ] GC(201)   Post Evacuate Collection Set: 1,1ms
[2024-06-01T14:01:21.474-0300][gc,phases     ] GC(201)   Other: 0,4ms
[2024-06-01T14:01:21.474-0300][gc,heap       ] GC(201) Eden regions: 47->0(49)
[2024-06-01T14:01:21.474-0300][gc,heap       ] GC(201) Survivor regions: 4->5(7)
[2024-06-01T14:01:21.474-0300][gc,heap       ] GC(201) Old regions: 114->114
[2024-06-01T14:01:21.474-0300][gc,heap       ] GC(201) Humongous regions: 129->129
[2024-06-01T14:01:21.474-0300][gc,metaspace  ] GC(201) Metaspace: 45708K(48924K)->45708K(48924K) NonClass: 39971K(41680K)->39971K(41680K) Class: 5737K(7244K)->5737K(7244K)
[2024-06-01T14:01:21.474-0300][gc            ] GC(201) Pause Young (Normal) (G1 Evacuation Pause) 291M->245M(1024M) 18,823ms
[2024-06-01T14:01:21.474-0300][gc,cpu        ] GC(201) User=0,07s Sys=0,00s Real=0,01s
[2024-06-01T14:01:50.844-0300][gc,start      ] GC(202) Pause Young (Normal) (G1 Evacuation Pause)
[2024-06-01T14:01:50.844-0300][gc,task       ] GC(202) Using 4 workers of 4 for evacuation
[2024-06-01T14:01:50.865-0300][gc,mmu        ] GC(202) MMU target violated: 20,9ms (20,0ms/21,0ms)
[2024-06-01T14:01:50.865-0300][gc,phases     ] GC(202)   Pre Evacuate Collection Set: 0,1ms
[2024-06-01T14:01:50.865-0300][gc,phases     ] GC(202)   Evacuate Collection Set: 19,6ms
[2024-06-01T14:01:50.865-0300][gc,phases     ] GC(202)   Post Evacuate Collection Set: 1,1ms
[2024-06-01T14:01:50.865-0300][gc,phases     ] GC(202)   Other: 0,5ms
[2024-06-01T14:01:50.865-0300][gc,heap       ] GC(202) Eden regions: 46->0(47)
[2024-06-01T14:01:50.865-0300][gc,heap       ] GC(202) Survivor regions: 5->4(7)
[2024-06-01T14:01:50.865-0300][gc,heap       ] GC(202) Old regions: 114->115
[2024-06-01T14:01:50.865-0300][gc,heap       ] GC(202) Humongous regions: 129->129
[2024-06-01T14:01:50.865-0300][gc,metaspace  ] GC(202) Metaspace: 45708K(48924K)->45708K(48924K) NonClass: 39971K(41680K)->39971K(41680K) Class: 5737K(7244K)->5737K(7244K)
[2024-06-01T14:01:50.865-0300][gc            ] GC(202) Pause Young (Normal) (G1 Evacuation Pause) 291M->246M(1024M) 21,486ms
[2024-06-01T14:01:50.865-0300][gc,cpu        ] GC(202) User=0,08s Sys=0,00s Real=0,02s
[2024-06-01T14:02:20.996-0300][gc,start      ] GC(203) Pause Young (Normal) (G1 Evacuation Pause)
[2024-06-01T14:02:20.996-0300][gc,task       ] GC(203) Using 4 workers of 4 for evacuation
[2024-06-01T14:02:21.015-0300][gc,phases     ] GC(203)   Pre Evacuate Collection Set: 0,1ms
[2024-06-01T14:02:21.015-0300][gc,phases     ] GC(203)   Evacuate Collection Set: 17,6ms
[2024-06-01T14:02:21.015-0300][gc,phases     ] GC(203)   Post Evacuate Collection Set: 1,1ms
[2024-06-01T14:02:21.015-0300][gc,phases     ] GC(203)   Other: 0,4ms
[2024-06-01T14:02:21.015-0300][gc,heap       ] GC(203) Eden regions: 47->0(47)
[2024-06-01T14:02:21.015-0300][gc,heap       ] GC(203) Survivor regions: 4->4(7)
[2024-06-01T14:02:21.015-0300][gc,heap       ] GC(203) Old regions: 115->116
[2024-06-01T14:02:21.015-0300][gc,heap       ] GC(203) Humongous regions: 129->129
[2024-06-01T14:02:21.015-0300][gc,metaspace  ] GC(203) Metaspace: 45708K(48924K)->45708K(48924K) NonClass: 39971K(41680K)->39971K(41680K) Class: 5737K(7244K)->5737K(7244K)
[2024-06-01T14:02:21.015-0300][gc            ] GC(203) Pause Young (Normal) (G1 Evacuation Pause) 293M->247M(1024M) 19,392ms
[2024-06-01T14:02:21.015-0300][gc,cpu        ] GC(203) User=0,07s Sys=0,00s Real=0,01s
[2024-06-01T14:02:51.121-0300][gc,start      ] GC(204) Pause Young (Normal) (G1 Evacuation Pause)
[2024-06-01T14:02:51.121-0300][gc,task       ] GC(204) Using 4 workers of 4 for evacuation
[2024-06-01T14:02:51.141-0300][gc,phases     ] GC(204)   Pre Evacuate Collection Set: 0,1ms
[2024-06-01T14:02:51.141-0300][gc,phases     ] GC(204)   Evacuate Collection Set: 18,2ms
[2024-06-01T14:02:51.141-0300][gc,phases     ] GC(204)   Post Evacuate Collection Set: 1,0ms
[2024-06-01T14:02:51.141-0300][gc,phases     ] GC(204)   Other: 0,4ms
[2024-06-01T14:02:51.141-0300][gc,heap       ] GC(204) Eden regions: 47->0(47)
[2024-06-01T14:02:51.141-0300][gc,heap       ] GC(204) Survivor regions: 4->4(7)
[2024-06-01T14:02:51.141-0300][gc,heap       ] GC(204) Old regions: 116->117
[2024-06-01T14:02:51.141-0300][gc,heap       ] GC(204) Humongous regions: 129->129
[2024-06-01T14:02:51.141-0300][gc,metaspace  ] GC(204) Metaspace: 45708K(48924K)->45708K(48924K) NonClass: 39971K(41680K)->39971K(41680K) Class: 5737K(7244K)->5737K(7244K)
[2024-06-01T14:02:51.141-0300][gc            ] GC(204) Pause Young (Normal) (G1 Evacuation Pause) 294M->248M(1024M) 19,936ms
[2024-06-01T14:02:51.141-0300][gc,cpu        ] GC(204) User=0,07s Sys=0,00s Real=0,02s
[2024-06-01T14:03:21.119-0300][gc,start      ] GC(205) Pause Young (Normal) (G1 Evacuation Pause)
[2024-06-01T14:03:21.119-0300][gc,task       ] GC(205) Using 4 workers of 4 for evacuation
[2024-06-01T14:03:21.138-0300][gc,phases     ] GC(205)   Pre Evacuate Collection Set: 0,1ms
[2024-06-01T14:03:21.138-0300][gc,phases     ] GC(205)   Evacuate Collection Set: 17,9ms
[2024-06-01T14:03:21.138-0300][gc,phases     ] GC(205)   Post Evacuate Collection Set: 1,1ms
[2024-06-01T14:03:21.138-0300][gc,phases     ] GC(205)   Other: 0,4ms
[2024-06-01T14:03:21.138-0300][gc,heap       ] GC(205) Eden regions: 47->0(48)
[2024-06-01T14:03:21.139-0300][gc,heap       ] GC(205) Survivor regions: 4->5(7)
[2024-06-01T14:03:21.139-0300][gc,heap       ] GC(205) Old regions: 117->118
[2024-06-01T14:03:21.139-0300][gc,heap       ] GC(205) Humongous regions: 129->129
[2024-06-01T14:03:21.139-0300][gc,metaspace  ] GC(205) Metaspace: 45708K(48924K)->45708K(48924K) NonClass: 39971K(41680K)->39971K(41680K) Class: 5737K(7244K)->5737K(7244K)
[2024-06-01T14:03:21.139-0300][gc            ] GC(205) Pause Young (Normal) (G1 Evacuation Pause) 295M->249M(1024M) 19,639ms
[2024-06-01T14:03:21.139-0300][gc,cpu        ] GC(205) User=0,06s Sys=0,00s Real=0,02s
[2024-06-01T14:03:52.150-0300][gc,start      ] GC(206) Pause Young (Normal) (G1 Evacuation Pause)
[2024-06-01T14:03:52.150-0300][gc,task       ] GC(206) Using 4 workers of 4 for evacuation
[2024-06-01T14:03:52.169-0300][gc,phases     ] GC(206)   Pre Evacuate Collection Set: 0,1ms
[2024-06-01T14:03:52.169-0300][gc,phases     ] GC(206)   Evacuate Collection Set: 17,7ms
[2024-06-01T14:03:52.169-0300][gc,phases     ] GC(206)   Post Evacuate Collection Set: 1,1ms
[2024-06-01T14:03:52.169-0300][gc,phases     ] GC(206)   Other: 0,4ms
[2024-06-01T14:03:52.169-0300][gc,heap       ] GC(206) Eden regions: 48->0(49)
[2024-06-01T14:03:52.169-0300][gc,heap       ] GC(206) Survivor regions: 5->5(7)
[2024-06-01T14:03:52.169-0300][gc,heap       ] GC(206) Old regions: 118->119
[2024-06-01T14:03:52.169-0300][gc,heap       ] GC(206) Humongous regions: 129->129
[2024-06-01T14:03:52.169-0300][gc,metaspace  ] GC(206) Metaspace: 45708K(48924K)->45708K(48924K) NonClass: 39971K(41680K)->39971K(41680K) Class: 5737K(7244K)->5737K(7244K)
[2024-06-01T14:03:52.169-0300][gc            ] GC(206) Pause Young (Normal) (G1 Evacuation Pause) 297M->250M(1024M) 19,463ms
[2024-06-01T14:03:52.169-0300][gc,cpu        ] GC(206) User=0,07s Sys=0,00s Real=0,02s
[2024-06-01T14:04:23.703-0300][gc,start      ] GC(207) Pause Young (Normal) (G1 Evacuation Pause)
[2024-06-01T14:04:23.703-0300][gc,task       ] GC(207) Using 4 workers of 4 for evacuation
[2024-06-01T14:04:23.708-0300][gc,phases     ] GC(207)   Pre Evacuate Collection Set: 0,0ms
[2024-06-01T14:04:23.708-0300][gc,phases     ] GC(207)   Evacuate Collection Set: 4,9ms
[2024-06-01T14:04:23.708-0300][gc,phases     ] GC(207)   Post Evacuate Collection Set: 0,5ms
[2024-06-01T14:04:23.708-0300][gc,phases     ] GC(207)   Other: 0,2ms
[2024-06-01T14:04:23.708-0300][gc,heap       ] GC(207) Eden regions: 49->0(52)
[2024-06-01T14:04:23.708-0300][gc,heap       ] GC(207) Survivor regions: 5->5(7)
[2024-06-01T14:04:23.708-0300][gc,heap       ] GC(207) Old regions: 119->120
[2024-06-01T14:04:23.708-0300][gc,heap       ] GC(207) Humongous regions: 129->129
[2024-06-01T14:04:23.708-0300][gc,metaspace  ] GC(207) Metaspace: 45708K(48924K)->45708K(48924K) NonClass: 39971K(41680K)->39971K(41680K) Class: 5737K(7244K)->5737K(7244K)
[2024-06-01T14:04:23.708-0300][gc            ] GC(207) Pause Young (Normal) (G1 Evacuation Pause) 299M->251M(1024M) 5,634ms
[2024-06-01T14:04:23.708-0300][gc,cpu        ] GC(207) User=0,02s Sys=0,00s Real=0,01s
[2024-06-01T14:04:56.478-0300][gc,start      ] GC(208) Pause Young (Normal) (G1 Evacuation Pause)
[2024-06-01T14:04:56.479-0300][gc,task       ] GC(208) Using 4 workers of 4 for evacuation
[2024-06-01T14:04:56.497-0300][gc,phases     ] GC(208)   Pre Evacuate Collection Set: 0,1ms
[2024-06-01T14:04:56.497-0300][gc,phases     ] GC(208)   Evacuate Collection Set: 17,2ms
[2024-06-01T14:04:56.497-0300][gc,phases     ] GC(208)   Post Evacuate Collection Set: 1,0ms
[2024-06-01T14:04:56.497-0300][gc,phases     ] GC(208)   Other: 0,4ms
[2024-06-01T14:04:56.497-0300][gc,heap       ] GC(208) Eden regions: 52->0(51)
[2024-06-01T14:04:56.497-0300][gc,heap       ] GC(208) Survivor regions: 5->5(8)
[2024-06-01T14:04:56.497-0300][gc,heap       ] GC(208) Old regions: 120->120
[2024-06-01T14:04:56.497-0300][gc,heap       ] GC(208) Humongous regions: 129->129
[2024-06-01T14:04:56.497-0300][gc,metaspace  ] GC(208) Metaspace: 45708K(48924K)->45708K(48924K) NonClass: 39971K(41680K)->39971K(41680K) Class: 5737K(7244K)->5737K(7244K)
[2024-06-01T14:04:56.497-0300][gc            ] GC(208) Pause Young (Normal) (G1 Evacuation Pause) 303M->252M(1024M) 18,914ms
[2024-06-01T14:04:56.497-0300][gc,cpu        ] GC(208) User=0,07s Sys=0,00s Real=0,02s
[2024-06-01T14:05:25.440-0300][gc,start      ] GC(209) Pause Young (Normal) (G1 Evacuation Pause)
[2024-06-01T14:05:25.440-0300][gc,task       ] GC(209) Using 4 workers of 4 for evacuation
[2024-06-01T14:05:25.460-0300][gc,phases     ] GC(209)   Pre Evacuate Collection Set: 0,1ms
[2024-06-01T14:05:25.460-0300][gc,phases     ] GC(209)   Evacuate Collection Set: 18,7ms
[2024-06-01T14:05:25.460-0300][gc,phases     ] GC(209)   Post Evacuate Collection Set: 1,1ms
[2024-06-01T14:05:25.460-0300][gc,phases     ] GC(209)   Other: 0,4ms
[2024-06-01T14:05:25.460-0300][gc,heap       ] GC(209) Eden regions: 46->0(49)
[2024-06-01T14:05:25.460-0300][gc,heap       ] GC(209) Survivor regions: 5->5(7)
[2024-06-01T14:05:25.460-0300][gc,heap       ] GC(209) Old regions: 120->121
[2024-06-01T14:05:25.460-0300][gc,heap       ] GC(209) Humongous regions: 129->129
[2024-06-01T14:05:25.460-0300][gc,metaspace  ] GC(209) Metaspace: 45708K(48924K)->45708K(48924K) NonClass: 39971K(41680K)->39971K(41680K) Class: 5737K(7244K)->5737K(7244K)
[2024-06-01T14:05:25.460-0300][gc            ] GC(209) Pause Young (Normal) (G1 Evacuation Pause) 298M->253M(1024M) 20,522ms
[2024-06-01T14:05:25.460-0300][gc,cpu        ] GC(209) User=0,08s Sys=0,00s Real=0,02s
[2024-06-01T14:05:56.035-0300][gc,start      ] GC(210) Pause Young (Normal) (G1 Evacuation Pause)
[2024-06-01T14:05:56.035-0300][gc,task       ] GC(210) Using 4 workers of 4 for evacuation
[2024-06-01T14:05:56.057-0300][gc,mmu        ] GC(210) MMU target violated: 21,0ms (20,0ms/21,0ms)
[2024-06-01T14:05:56.057-0300][gc,phases     ] GC(210)   Pre Evacuate Collection Set: 0,1ms
[2024-06-01T14:05:56.057-0300][gc,phases     ] GC(210)   Evacuate Collection Set: 20,2ms
[2024-06-01T14:05:56.057-0300][gc,phases     ] GC(210)   Post Evacuate Collection Set: 1,1ms
[2024-06-01T14:05:56.057-0300][gc,phases     ] GC(210)   Other: 0,5ms
[2024-06-01T14:05:56.057-0300][gc,heap       ] GC(210) Eden regions: 49->0(49)
[2024-06-01T14:05:56.057-0300][gc,heap       ] GC(210) Survivor regions: 5->5(7)
[2024-06-01T14:05:56.057-0300][gc,heap       ] GC(210) Old regions: 121->122
[2024-06-01T14:05:56.057-0300][gc,heap       ] GC(210) Humongous regions: 129->129
[2024-06-01T14:05:56.057-0300][gc,metaspace  ] GC(210) Metaspace: 45708K(48924K)->45708K(48924K) NonClass: 39971K(41680K)->39971K(41680K) Class: 5737K(7244K)->5737K(7244K)
[2024-06-01T14:05:56.057-0300][gc            ] GC(210) Pause Young (Normal) (G1 Evacuation Pause) 302M->254M(1024M) 22,097ms
[2024-06-01T14:05:56.057-0300][gc,cpu        ] GC(210) User=0,08s Sys=0,00s Real=0,03s
[2024-06-01T14:06:25.165-0300][gc,start      ] GC(211) Pause Young (Normal) (G1 Evacuation Pause)
[2024-06-01T14:06:25.165-0300][gc,task       ] GC(211) Using 4 workers of 4 for evacuation
[2024-06-01T14:06:25.186-0300][gc,mmu        ] GC(211) MMU target violated: 20,6ms (20,0ms/21,0ms)
[2024-06-01T14:06:25.186-0300][gc,phases     ] GC(211)   Pre Evacuate Collection Set: 0,1ms
[2024-06-01T14:06:25.186-0300][gc,phases     ] GC(211)   Evacuate Collection Set: 19,4ms
[2024-06-01T14:06:25.186-0300][gc,phases     ] GC(211)   Post Evacuate Collection Set: 1,0ms
[2024-06-01T14:06:25.186-0300][gc,phases     ] GC(211)   Other: 0,5ms
[2024-06-01T14:06:25.186-0300][gc,heap       ] GC(211) Eden regions: 46->0(49)
[2024-06-01T14:06:25.186-0300][gc,heap       ] GC(211) Survivor regions: 5->5(7)
[2024-06-01T14:06:25.186-0300][gc,heap       ] GC(211) Old regions: 122->124
[2024-06-01T14:06:25.186-0300][gc,heap       ] GC(211) Humongous regions: 129->129
[2024-06-01T14:06:25.186-0300][gc,metaspace  ] GC(211) Metaspace: 45708K(48924K)->45708K(48924K) NonClass: 39971K(41680K)->39971K(41680K) Class: 5737K(7244K)->5737K(7244K)
[2024-06-01T14:06:25.186-0300][gc            ] GC(211) Pause Young (Normal) (G1 Evacuation Pause) 300M->255M(1024M) 21,095ms
[2024-06-01T14:06:25.186-0300][gc,cpu        ] GC(211) User=0,08s Sys=0,00s Real=0,02s
[2024-06-01T14:06:56.465-0300][gc,start      ] GC(212) Pause Young (Normal) (G1 Evacuation Pause)
[2024-06-01T14:06:56.465-0300][gc,task       ] GC(212) Using 4 workers of 4 for evacuation
[2024-06-01T14:06:56.484-0300][gc,phases     ] GC(212)   Pre Evacuate Collection Set: 0,1ms
[2024-06-01T14:06:56.484-0300][gc,phases     ] GC(212)   Evacuate Collection Set: 18,3ms
[2024-06-01T14:06:56.484-0300][gc,phases     ] GC(212)   Post Evacuate Collection Set: 1,0ms
[2024-06-01T14:06:56.485-0300][gc,phases     ] GC(212)   Other: 0,4ms
[2024-06-01T14:06:56.485-0300][gc,heap       ] GC(212) Eden regions: 49->0(50)
[2024-06-01T14:06:56.485-0300][gc,heap       ] GC(212) Survivor regions: 5->5(7)
[2024-06-01T14:06:56.485-0300][gc,heap       ] GC(212) Old regions: 124->125
[2024-06-01T14:06:56.485-0300][gc,heap       ] GC(212) Humongous regions: 129->129
[2024-06-01T14:06:56.485-0300][gc,metaspace  ] GC(212) Metaspace: 45708K(48924K)->45708K(48924K) NonClass: 39971K(41680K)->39971K(41680K) Class: 5737K(7244K)->5737K(7244K)
[2024-06-01T14:06:56.485-0300][gc            ] GC(212) Pause Young (Normal) (G1 Evacuation Pause) 304M->256M(1024M) 20,130ms
[2024-06-01T14:06:56.485-0300][gc,cpu        ] GC(212) User=0,08s Sys=0,00s Real=0,02s
[2024-06-01T14:07:28.801-0300][gc,start      ] GC(213) Pause Young (Normal) (G1 Evacuation Pause)
[2024-06-01T14:07:28.801-0300][gc,task       ] GC(213) Using 4 workers of 4 for evacuation
[2024-06-01T14:07:28.821-0300][gc,phases     ] GC(213)   Pre Evacuate Collection Set: 0,1ms
[2024-06-01T14:07:28.821-0300][gc,phases     ] GC(213)   Evacuate Collection Set: 18,4ms
[2024-06-01T14:07:28.821-0300][gc,phases     ] GC(213)   Post Evacuate Collection Set: 1,1ms
[2024-06-01T14:07:28.821-0300][gc,phases     ] GC(213)   Other: 0,4ms
[2024-06-01T14:07:28.821-0300][gc,heap       ] GC(213) Eden regions: 50->0(51)
[2024-06-01T14:07:28.821-0300][gc,heap       ] GC(213) Survivor regions: 5->5(7)
[2024-06-01T14:07:28.821-0300][gc,heap       ] GC(213) Old regions: 125->126
[2024-06-01T14:07:28.821-0300][gc,heap       ] GC(213) Humongous regions: 129->129
[2024-06-01T14:07:28.821-0300][gc,metaspace  ] GC(213) Metaspace: 45708K(48924K)->45708K(48924K) NonClass: 39971K(41680K)->39971K(41680K) Class: 5737K(7244K)->5737K(7244K)
[2024-06-01T14:07:28.821-0300][gc            ] GC(213) Pause Young (Normal) (G1 Evacuation Pause) 306M->257M(1024M) 20,183ms
[2024-06-01T14:07:28.821-0300][gc,cpu        ] GC(213) User=0,07s Sys=0,00s Real=0,02s
[2024-06-01T14:07:58.141-0300][gc,start      ] GC(214) Pause Young (Normal) (G1 Evacuation Pause)
[2024-06-01T14:07:58.141-0300][gc,task       ] GC(214) Using 4 workers of 4 for evacuation
[2024-06-01T14:07:58.160-0300][gc,phases     ] GC(214)   Pre Evacuate Collection Set: 0,1ms
[2024-06-01T14:07:58.160-0300][gc,phases     ] GC(214)   Evacuate Collection Set: 18,1ms
[2024-06-01T14:07:58.160-0300][gc,phases     ] GC(214)   Post Evacuate Collection Set: 1,1ms
[2024-06-01T14:07:58.161-0300][gc,phases     ] GC(214)   Other: 0,4ms
[2024-06-01T14:07:58.161-0300][gc,heap       ] GC(214) Eden regions: 46->0(48)
[2024-06-01T14:07:58.161-0300][gc,heap       ] GC(214) Survivor regions: 5->4(7)
[2024-06-01T14:07:58.161-0300][gc,heap       ] GC(214) Old regions: 126->127
[2024-06-01T14:07:58.161-0300][gc,heap       ] GC(214) Humongous regions: 129->129
[2024-06-01T14:07:58.161-0300][gc,metaspace  ] GC(214) Metaspace: 45708K(48924K)->45708K(48924K) NonClass: 39971K(41680K)->39971K(41680K) Class: 5737K(7244K)->5737K(7244K)
[2024-06-01T14:07:58.161-0300][gc            ] GC(214) Pause Young (Normal) (G1 Evacuation Pause) 303M->258M(1024M) 20,005ms
[2024-06-01T14:07:58.161-0300][gc,cpu        ] GC(214) User=0,07s Sys=0,01s Real=0,02s
[2024-06-01T14:08:28.738-0300][gc,start      ] GC(215) Pause Young (Normal) (G1 Evacuation Pause)
[2024-06-01T14:08:28.738-0300][gc,task       ] GC(215) Using 4 workers of 4 for evacuation
[2024-06-01T14:08:28.758-0300][gc,phases     ] GC(215)   Pre Evacuate Collection Set: 0,1ms
[2024-06-01T14:08:28.758-0300][gc,phases     ] GC(215)   Evacuate Collection Set: 18,0ms
[2024-06-01T14:08:28.758-0300][gc,phases     ] GC(215)   Post Evacuate Collection Set: 1,1ms
[2024-06-01T14:08:28.758-0300][gc,phases     ] GC(215)   Other: 0,4ms
[2024-06-01T14:08:28.758-0300][gc,heap       ] GC(215) Eden regions: 48->0(49)
[2024-06-01T14:08:28.758-0300][gc,heap       ] GC(215) Survivor regions: 4->5(7)
[2024-06-01T14:08:28.758-0300][gc,heap       ] GC(215) Old regions: 127->128
[2024-06-01T14:08:28.758-0300][gc,heap       ] GC(215) Humongous regions: 129->129
[2024-06-01T14:08:28.758-0300][gc,metaspace  ] GC(215) Metaspace: 45708K(48924K)->45708K(48924K) NonClass: 39971K(41680K)->39971K(41680K) Class: 5737K(7244K)->5737K(7244K)
[2024-06-01T14:08:28.758-0300][gc            ] GC(215) Pause Young (Normal) (G1 Evacuation Pause) 306M->259M(1024M) 19,876ms
[2024-06-01T14:08:28.758-0300][gc,cpu        ] GC(215) User=0,07s Sys=0,00s Real=0,02s
[2024-06-01T14:08:58.177-0300][gc,start      ] GC(216) Pause Young (Normal) (G1 Evacuation Pause)
[2024-06-01T14:08:58.177-0300][gc,task       ] GC(216) Using 4 workers of 4 for evacuation
[2024-06-01T14:08:58.185-0300][gc,phases     ] GC(216)   Pre Evacuate Collection Set: 0,0ms
[2024-06-01T14:08:58.185-0300][gc,phases     ] GC(216)   Evacuate Collection Set: 6,8ms
[2024-06-01T14:08:58.185-0300][gc,phases     ] GC(216)   Post Evacuate Collection Set: 0,5ms
[2024-06-01T14:08:58.185-0300][gc,phases     ] GC(216)   Other: 0,2ms
[2024-06-01T14:08:58.185-0300][gc,heap       ] GC(216) Eden regions: 46->0(52)
[2024-06-01T14:08:58.185-0300][gc,heap       ] GC(216) Survivor regions: 5->5(7)
[2024-06-01T14:08:58.185-0300][gc,heap       ] GC(216) Old regions: 128->129
[2024-06-01T14:08:58.185-0300][gc,heap       ] GC(216) Humongous regions: 129->129
[2024-06-01T14:08:58.185-0300][gc,metaspace  ] GC(216) Metaspace: 45708K(48924K)->45708K(48924K) NonClass: 39971K(41680K)->39971K(41680K) Class: 5737K(7244K)->5737K(7244K)
[2024-06-01T14:08:58.185-0300][gc            ] GC(216) Pause Young (Normal) (G1 Evacuation Pause) 305M->260M(1024M) 7,669ms
[2024-06-01T14:08:58.185-0300][gc,cpu        ] GC(216) User=0,02s Sys=0,00s Real=0,00s
[2024-06-01T14:09:31.392-0300][gc,start      ] GC(217) Pause Young (Normal) (G1 Evacuation Pause)
[2024-06-01T14:09:31.392-0300][gc,task       ] GC(217) Using 4 workers of 4 for evacuation
[2024-06-01T14:09:31.410-0300][gc,phases     ] GC(217)   Pre Evacuate Collection Set: 0,1ms
[2024-06-01T14:09:31.411-0300][gc,phases     ] GC(217)   Evacuate Collection Set: 16,7ms
[2024-06-01T14:09:31.411-0300][gc,phases     ] GC(217)   Post Evacuate Collection Set: 1,0ms
[2024-06-01T14:09:31.411-0300][gc,phases     ] GC(217)   Other: 0,4ms
[2024-06-01T14:09:31.411-0300][gc,heap       ] GC(217) Eden regions: 52->0(52)
[2024-06-01T14:09:31.411-0300][gc,heap       ] GC(217) Survivor regions: 5->5(8)
[2024-06-01T14:09:31.411-0300][gc,heap       ] GC(217) Old regions: 129->129
[2024-06-01T14:09:31.411-0300][gc,heap       ] GC(217) Humongous regions: 129->129
[2024-06-01T14:09:31.411-0300][gc,metaspace  ] GC(217) Metaspace: 45708K(48924K)->45708K(48924K) NonClass: 39971K(41680K)->39971K(41680K) Class: 5737K(7244K)->5737K(7244K)
[2024-06-01T14:09:31.411-0300][gc            ] GC(217) Pause Young (Normal) (G1 Evacuation Pause) 312M->260M(1024M) 18,497ms
[2024-06-01T14:09:31.411-0300][gc,cpu        ] GC(217) User=0,06s Sys=0,00s Real=0,02s
[2024-06-01T14:10:00.610-0300][gc,start      ] GC(218) Pause Young (Normal) (G1 Evacuation Pause)
[2024-06-01T14:10:00.610-0300][gc,task       ] GC(218) Using 4 workers of 4 for evacuation
[2024-06-01T14:10:00.631-0300][gc,mmu        ] GC(218) MMU target violated: 20,5ms (20,0ms/21,0ms)
[2024-06-01T14:10:00.631-0300][gc,phases     ] GC(218)   Pre Evacuate Collection Set: 0,1ms
[2024-06-01T14:10:00.631-0300][gc,phases     ] GC(218)   Evacuate Collection Set: 19,3ms
[2024-06-01T14:10:00.631-0300][gc,phases     ] GC(218)   Post Evacuate Collection Set: 1,0ms
[2024-06-01T14:10:00.631-0300][gc,phases     ] GC(218)   Other: 0,5ms
[2024-06-01T14:10:00.631-0300][gc,heap       ] GC(218) Eden regions: 46->0(50)
[2024-06-01T14:10:00.631-0300][gc,heap       ] GC(218) Survivor regions: 5->5(7)
[2024-06-01T14:10:00.631-0300][gc,heap       ] GC(218) Old regions: 129->130
[2024-06-01T14:10:00.631-0300][gc,heap       ] GC(218) Humongous regions: 129->129
[2024-06-01T14:10:00.631-0300][gc,metaspace  ] GC(218) Metaspace: 45708K(48924K)->45708K(48924K) NonClass: 39971K(41680K)->39971K(41680K) Class: 5737K(7244K)->5737K(7244K)
[2024-06-01T14:10:00.631-0300][gc            ] GC(218) Pause Young (Normal) (G1 Evacuation Pause) 306M->261M(1024M) 21,052ms
[2024-06-01T14:10:00.631-0300][gc,cpu        ] GC(218) User=0,08s Sys=0,00s Real=0,02s
[2024-06-01T14:10:30.394-0300][gc,start      ] GC(219) Pause Young (Normal) (G1 Evacuation Pause)
[2024-06-01T14:10:30.394-0300][gc,task       ] GC(219) Using 4 workers of 4 for evacuation
[2024-06-01T14:10:30.417-0300][gc,mmu        ] GC(219) MMU target violated: 21,0ms (20,0ms/21,0ms)
[2024-06-01T14:10:30.417-0300][gc,phases     ] GC(219)   Pre Evacuate Collection Set: 0,1ms
[2024-06-01T14:10:30.417-0300][gc,phases     ] GC(219)   Evacuate Collection Set: 21,6ms
[2024-06-01T14:10:30.417-0300][gc,phases     ] GC(219)   Post Evacuate Collection Set: 1,1ms
[2024-06-01T14:10:30.417-0300][gc,phases     ] GC(219)   Other: 0,5ms
[2024-06-01T14:10:30.417-0300][gc,heap       ] GC(219) Eden regions: 46->0(47)
[2024-06-01T14:10:30.417-0300][gc,heap       ] GC(219) Survivor regions: 5->4(7)
[2024-06-01T14:10:30.417-0300][gc,heap       ] GC(219) Old regions: 130->132
[2024-06-01T14:10:30.417-0300][gc,heap       ] GC(219) Humongous regions: 129->129
[2024-06-01T14:10:30.417-0300][gc,metaspace  ] GC(219) Metaspace: 45708K(48924K)->45708K(48924K) NonClass: 39971K(41680K)->39971K(41680K) Class: 5737K(7244K)->5737K(7244K)
[2024-06-01T14:10:30.417-0300][gc            ] GC(219) Pause Young (Normal) (G1 Evacuation Pause) 307M->262M(1024M) 23,446ms
[2024-06-01T14:10:30.417-0300][gc,cpu        ] GC(219) User=0,08s Sys=0,00s Real=0,03s
[2024-06-01T14:11:00.092-0300][gc,start      ] GC(220) Pause Young (Normal) (G1 Evacuation Pause)
[2024-06-01T14:11:00.092-0300][gc,task       ] GC(220) Using 4 workers of 4 for evacuation
[2024-06-01T14:11:00.111-0300][gc,phases     ] GC(220)   Pre Evacuate Collection Set: 0,1ms
[2024-06-01T14:11:00.111-0300][gc,phases     ] GC(220)   Evacuate Collection Set: 17,5ms
[2024-06-01T14:11:00.111-0300][gc,phases     ] GC(220)   Post Evacuate Collection Set: 1,0ms
[2024-06-01T14:11:00.111-0300][gc,phases     ] GC(220)   Other: 0,4ms
[2024-06-01T14:11:00.111-0300][gc,heap       ] GC(220) Eden regions: 47->0(47)
[2024-06-01T14:11:00.111-0300][gc,heap       ] GC(220) Survivor regions: 4->4(7)
[2024-06-01T14:11:00.111-0300][gc,heap       ] GC(220) Old regions: 132->132
[2024-06-01T14:11:00.111-0300][gc,heap       ] GC(220) Humongous regions: 129->129
[2024-06-01T14:11:00.111-0300][gc,metaspace  ] GC(220) Metaspace: 45708K(48924K)->45708K(48924K) NonClass: 39971K(41680K)->39971K(41680K) Class: 5737K(7244K)->5737K(7244K)
[2024-06-01T14:11:00.111-0300][gc            ] GC(220) Pause Young (Normal) (G1 Evacuation Pause) 309M->263M(1024M) 19,267ms
[2024-06-01T14:11:00.111-0300][gc,cpu        ] GC(220) User=0,07s Sys=0,01s Real=0,02s
[2024-06-01T14:11:30.270-0300][gc,start      ] GC(221) Pause Young (Normal) (G1 Evacuation Pause)
[2024-06-01T14:11:30.270-0300][gc,task       ] GC(221) Using 4 workers of 4 for evacuation
[2024-06-01T14:11:30.290-0300][gc,phases     ] GC(221)   Pre Evacuate Collection Set: 0,1ms
[2024-06-01T14:11:30.290-0300][gc,phases     ] GC(221)   Evacuate Collection Set: 18,2ms
[2024-06-01T14:11:30.290-0300][gc,phases     ] GC(221)   Post Evacuate Collection Set: 1,1ms
[2024-06-01T14:11:30.290-0300][gc,phases     ] GC(221)   Other: 0,4ms
[2024-06-01T14:11:30.290-0300][gc,heap       ] GC(221) Eden regions: 47->0(48)
[2024-06-01T14:11:30.290-0300][gc,heap       ] GC(221) Survivor regions: 4->5(7)
[2024-06-01T14:11:30.290-0300][gc,heap       ] GC(221) Old regions: 132->134
[2024-06-01T14:11:30.290-0300][gc,heap       ] GC(221) Humongous regions: 129->129
[2024-06-01T14:11:30.290-0300][gc,metaspace  ] GC(221) Metaspace: 45708K(48924K)->45708K(48924K) NonClass: 39971K(41680K)->39971K(41680K) Class: 5737K(7244K)->5737K(7244K)
[2024-06-01T14:11:30.290-0300][gc            ] GC(221) Pause Young (Normal) (G1 Evacuation Pause) 310M->264M(1024M) 20,095ms
[2024-06-01T14:11:30.290-0300][gc,cpu        ] GC(221) User=0,07s Sys=0,00s Real=0,02s
[2024-06-01T14:11:59.284-0300][gc,start      ] GC(222) Pause Young (Normal) (G1 Evacuation Pause)
[2024-06-01T14:11:59.285-0300][gc,task       ] GC(222) Using 4 workers of 4 for evacuation
[2024-06-01T14:11:59.304-0300][gc,phases     ] GC(222)   Pre Evacuate Collection Set: 0,1ms
[2024-06-01T14:11:59.304-0300][gc,phases     ] GC(222)   Evacuate Collection Set: 17,7ms
[2024-06-01T14:11:59.304-0300][gc,phases     ] GC(222)   Post Evacuate Collection Set: 1,1ms
[2024-06-01T14:11:59.304-0300][gc,phases     ] GC(222)   Other: 0,4ms
[2024-06-01T14:11:59.304-0300][gc,heap       ] GC(222) Eden regions: 46->0(48)
[2024-06-01T14:11:59.304-0300][gc,heap       ] GC(222) Survivor regions: 5->5(7)
[2024-06-01T14:11:59.304-0300][gc,heap       ] GC(222) Old regions: 134->135
[2024-06-01T14:11:59.304-0300][gc,heap       ] GC(222) Humongous regions: 129->129
[2024-06-01T14:11:59.304-0300][gc,metaspace  ] GC(222) Metaspace: 45708K(48924K)->45708K(48924K) NonClass: 39971K(41680K)->39971K(41680K) Class: 5737K(7244K)->5737K(7244K)
[2024-06-01T14:11:59.304-0300][gc            ] GC(222) Pause Young (Normal) (G1 Evacuation Pause) 310M->266M(1024M) 19,547ms
[2024-06-01T14:11:59.304-0300][gc,cpu        ] GC(222) User=0,08s Sys=0,00s Real=0,02s
[2024-06-01T14:12:29.886-0300][gc,start      ] GC(223) Pause Young (Normal) (G1 Evacuation Pause)
[2024-06-01T14:12:29.886-0300][gc,task       ] GC(223) Using 4 workers of 4 for evacuation
[2024-06-01T14:12:29.905-0300][gc,phases     ] GC(223)   Pre Evacuate Collection Set: 0,1ms
[2024-06-01T14:12:29.905-0300][gc,phases     ] GC(223)   Evacuate Collection Set: 17,8ms
[2024-06-01T14:12:29.905-0300][gc,phases     ] GC(223)   Post Evacuate Collection Set: 1,1ms
[2024-06-01T14:12:29.905-0300][gc,phases     ] GC(223)   Other: 0,4ms
[2024-06-01T14:12:29.905-0300][gc,heap       ] GC(223) Eden regions: 48->0(47)
[2024-06-01T14:12:29.905-0300][gc,heap       ] GC(223) Survivor regions: 5->4(7)
[2024-06-01T14:12:29.905-0300][gc,heap       ] GC(223) Old regions: 135->136
[2024-06-01T14:12:29.905-0300][gc,heap       ] GC(223) Humongous regions: 129->129
[2024-06-01T14:12:29.905-0300][gc,metaspace  ] GC(223) Metaspace: 45708K(48924K)->45708K(48924K) NonClass: 39971K(41680K)->39971K(41680K) Class: 5737K(7244K)->5737K(7244K)
[2024-06-01T14:12:29.905-0300][gc            ] GC(223) Pause Young (Normal) (G1 Evacuation Pause) 314M->266M(1024M) 19,614ms
[2024-06-01T14:12:29.906-0300][gc,cpu        ] GC(223) User=0,07s Sys=0,00s Real=0,02s
[2024-06-01T14:12:59.937-0300][gc,start      ] GC(224) Pause Young (Normal) (G1 Evacuation Pause)
[2024-06-01T14:12:59.937-0300][gc,task       ] GC(224) Using 4 workers of 4 for evacuation
[2024-06-01T14:12:59.957-0300][gc,phases     ] GC(224)   Pre Evacuate Collection Set: 0,1ms
[2024-06-01T14:12:59.957-0300][gc,phases     ] GC(224)   Evacuate Collection Set: 17,7ms
[2024-06-01T14:12:59.957-0300][gc,phases     ] GC(224)   Post Evacuate Collection Set: 1,1ms
[2024-06-01T14:12:59.957-0300][gc,phases     ] GC(224)   Other: 0,4ms
[2024-06-01T14:12:59.957-0300][gc,heap       ] GC(224) Eden regions: 47->0(48)
[2024-06-01T14:12:59.957-0300][gc,heap       ] GC(224) Survivor regions: 4->5(7)
[2024-06-01T14:12:59.957-0300][gc,heap       ] GC(224) Old regions: 136->137
[2024-06-01T14:12:59.957-0300][gc,heap       ] GC(224) Humongous regions: 129->129
[2024-06-01T14:12:59.957-0300][gc,metaspace  ] GC(224) Metaspace: 45708K(48924K)->45708K(48924K) NonClass: 39971K(41680K)->39971K(41680K) Class: 5737K(7244K)->5737K(7244K)
[2024-06-01T14:12:59.957-0300][gc            ] GC(224) Pause Young (Normal) (G1 Evacuation Pause) 313M->268M(1024M) 19,581ms
[2024-06-01T14:12:59.957-0300][gc,cpu        ] GC(224) User=0,07s Sys=0,00s Real=0,02s
[2024-06-01T14:13:30.363-0300][gc,start      ] GC(225) Pause Young (Normal) (G1 Evacuation Pause)
[2024-06-01T14:13:30.363-0300][gc,task       ] GC(225) Using 4 workers of 4 for evacuation
[2024-06-01T14:13:30.370-0300][gc,phases     ] GC(225)   Pre Evacuate Collection Set: 0,0ms
[2024-06-01T14:13:30.370-0300][gc,phases     ] GC(225)   Evacuate Collection Set: 6,5ms
[2024-06-01T14:13:30.370-0300][gc,phases     ] GC(225)   Post Evacuate Collection Set: 0,5ms
[2024-06-01T14:13:30.370-0300][gc,phases     ] GC(225)   Other: 0,2ms
[2024-06-01T14:13:30.370-0300][gc,heap       ] GC(225) Eden regions: 48->0(51)
[2024-06-01T14:13:30.370-0300][gc,heap       ] GC(225) Survivor regions: 5->4(7)
[2024-06-01T14:13:30.370-0300][gc,heap       ] GC(225) Old regions: 137->138
[2024-06-01T14:13:30.370-0300][gc,heap       ] GC(225) Humongous regions: 129->129
[2024-06-01T14:13:30.370-0300][gc,metaspace  ] GC(225) Metaspace: 45708K(48924K)->45708K(48924K) NonClass: 39971K(41680K)->39971K(41680K) Class: 5737K(7244K)->5737K(7244K)
[2024-06-01T14:13:30.370-0300][gc            ] GC(225) Pause Young (Normal) (G1 Evacuation Pause) 316M->268M(1024M) 7,349ms
[2024-06-01T14:13:30.370-0300][gc,cpu        ] GC(225) User=0,02s Sys=0,01s Real=0,01s
[2024-06-01T14:14:02.747-0300][gc,start      ] GC(226) Pause Young (Normal) (G1 Evacuation Pause)
[2024-06-01T14:14:02.747-0300][gc,task       ] GC(226) Using 4 workers of 4 for evacuation
[2024-06-01T14:14:02.755-0300][gc,phases     ] GC(226)   Pre Evacuate Collection Set: 0,0ms
[2024-06-01T14:14:02.755-0300][gc,phases     ] GC(226)   Evacuate Collection Set: 6,5ms
[2024-06-01T14:14:02.755-0300][gc,phases     ] GC(226)   Post Evacuate Collection Set: 0,6ms
[2024-06-01T14:14:02.755-0300][gc,phases     ] GC(226)   Other: 0,2ms
[2024-06-01T14:14:02.755-0300][gc,heap       ] GC(226) Eden regions: 51->0(57)
[2024-06-01T14:14:02.755-0300][gc,heap       ] GC(226) Survivor regions: 4->5(7)
[2024-06-01T14:14:02.755-0300][gc,heap       ] GC(226) Old regions: 138->138
[2024-06-01T14:14:02.755-0300][gc,heap       ] GC(226) Humongous regions: 129->129
[2024-06-01T14:14:02.755-0300][gc,metaspace  ] GC(226) Metaspace: 45708K(48924K)->45708K(48924K) NonClass: 39971K(41680K)->39971K(41680K) Class: 5737K(7244K)->5737K(7244K)
[2024-06-01T14:14:02.755-0300][gc            ] GC(226) Pause Young (Normal) (G1 Evacuation Pause) 319M->269M(1024M) 7,456ms
[2024-06-01T14:14:02.755-0300][gc,cpu        ] GC(226) User=0,02s Sys=0,01s Real=0,00s
[2024-06-01T14:14:34.946-0300][gc,start      ] GC(227) Pause Young (Normal) (G1 Evacuation Pause)
[2024-06-01T14:14:34.946-0300][gc,task       ] GC(227) Using 4 workers of 4 for evacuation
[2024-06-01T14:14:34.967-0300][gc,mmu        ] GC(227) MMU target violated: 20,8ms (20,0ms/21,0ms)
[2024-06-01T14:14:34.967-0300][gc,phases     ] GC(227)   Pre Evacuate Collection Set: 0,1ms
[2024-06-01T14:14:34.968-0300][gc,phases     ] GC(227)   Evacuate Collection Set: 19,5ms
[2024-06-01T14:14:34.968-0300][gc,phases     ] GC(227)   Post Evacuate Collection Set: 1,0ms
[2024-06-01T14:14:34.968-0300][gc,phases     ] GC(227)   Other: 0,5ms
[2024-06-01T14:14:34.968-0300][gc,heap       ] GC(227) Eden regions: 50->0(54)
[2024-06-01T14:14:34.968-0300][gc,heap       ] GC(227) Survivor regions: 5->5(7)
[2024-06-01T14:14:34.968-0300][gc,heap       ] GC(227) Old regions: 138->139
[2024-06-01T14:14:34.968-0300][gc,heap       ] GC(227) Humongous regions: 129->129
[2024-06-01T14:14:34.968-0300][gc,metaspace  ] GC(227) Metaspace: 45708K(48924K)->45708K(48924K) NonClass: 39971K(41680K)->39971K(41680K) Class: 5737K(7244K)->5737K(7244K)
[2024-06-01T14:14:34.968-0300][gc            ] GC(227) Pause Young (Normal) (G1 Evacuation Pause) 319M->270M(1024M) 21,320ms
[2024-06-01T14:14:34.968-0300][gc,cpu        ] GC(227) User=0,08s Sys=0,00s Real=0,03s
[2024-06-01T14:15:09.046-0300][gc,start      ] GC(228) Pause Young (Normal) (G1 Evacuation Pause)
[2024-06-01T14:15:09.046-0300][gc,task       ] GC(228) Using 4 workers of 4 for evacuation
[2024-06-01T14:15:09.065-0300][gc,phases     ] GC(228)   Pre Evacuate Collection Set: 0,1ms
[2024-06-01T14:15:09.066-0300][gc,phases     ] GC(228)   Evacuate Collection Set: 18,2ms
[2024-06-01T14:15:09.066-0300][gc,phases     ] GC(228)   Post Evacuate Collection Set: 1,1ms
[2024-06-01T14:15:09.066-0300][gc,phases     ] GC(228)   Other: 0,4ms
[2024-06-01T14:15:09.066-0300][gc,heap       ] GC(228) Eden regions: 54->0(51)
[2024-06-01T14:15:09.066-0300][gc,heap       ] GC(228) Survivor regions: 5->5(8)
[2024-06-01T14:15:09.066-0300][gc,heap       ] GC(228) Old regions: 139->139
[2024-06-01T14:15:09.066-0300][gc,heap       ] GC(228) Humongous regions: 129->129
[2024-06-01T14:15:09.066-0300][gc,metaspace  ] GC(228) Metaspace: 45708K(48924K)->45708K(48924K) NonClass: 39971K(41680K)->39971K(41680K) Class: 5737K(7244K)->5737K(7244K)
[2024-06-01T14:15:09.066-0300][gc            ] GC(228) Pause Young (Normal) (G1 Evacuation Pause) 324M->271M(1024M) 20,116ms
[2024-06-01T14:15:09.066-0300][gc,cpu        ] GC(228) User=0,08s Sys=0,00s Real=0,02s
[2024-06-01T14:15:36.832-0300][gc,start      ] GC(229) Pause Young (Normal) (G1 Evacuation Pause)
[2024-06-01T14:15:36.832-0300][gc,task       ] GC(229) Using 4 workers of 4 for evacuation
[2024-06-01T14:15:36.860-0300][gc,mmu        ] GC(229) MMU target violated: 21,0ms (20,0ms/21,0ms)
[2024-06-01T14:15:36.860-0300][gc,phases     ] GC(229)   Pre Evacuate Collection Set: 0,1ms
[2024-06-01T14:15:36.860-0300][gc,phases     ] GC(229)   Evacuate Collection Set: 26,7ms
[2024-06-01T14:15:36.860-0300][gc,phases     ] GC(229)   Post Evacuate Collection Set: 1,1ms
[2024-06-01T14:15:36.860-0300][gc,phases     ] GC(229)   Other: 0,5ms
[2024-06-01T14:15:36.860-0300][gc,heap       ] GC(229) Eden regions: 46->0(44)
[2024-06-01T14:15:36.860-0300][gc,heap       ] GC(229) Survivor regions: 5->7(7)
[2024-06-01T14:15:36.860-0300][gc,heap       ] GC(229) Old regions: 139->141
[2024-06-01T14:15:36.860-0300][gc,heap       ] GC(229) Humongous regions: 129->129
[2024-06-01T14:15:36.860-0300][gc,metaspace  ] GC(229) Metaspace: 45708K(48924K)->45708K(48924K) NonClass: 39971K(41680K)->39971K(41680K) Class: 5737K(7244K)->5737K(7244K)
[2024-06-01T14:15:36.860-0300][gc            ] GC(229) Pause Young (Normal) (G1 Evacuation Pause) 317M->274M(1024M) 28,599ms
[2024-06-01T14:15:36.861-0300][gc,cpu        ] GC(229) User=0,11s Sys=0,00s Real=0,03s
[2024-06-01T14:16:04.515-0300][gc,start      ] GC(230) Pause Young (Normal) (G1 Evacuation Pause)
[2024-06-01T14:16:04.516-0300][gc,task       ] GC(230) Using 4 workers of 4 for evacuation
[2024-06-01T14:16:04.542-0300][gc,mmu        ] GC(230) MMU target violated: 21,0ms (20,0ms/21,0ms)
[2024-06-01T14:16:04.542-0300][gc,phases     ] GC(230)   Pre Evacuate Collection Set: 0,1ms
[2024-06-01T14:16:04.542-0300][gc,phases     ] GC(230)   Evacuate Collection Set: 25,0ms
[2024-06-01T14:16:04.542-0300][gc,phases     ] GC(230)   Post Evacuate Collection Set: 1,0ms
[2024-06-01T14:16:04.542-0300][gc,phases     ] GC(230)   Other: 0,5ms
[2024-06-01T14:16:04.542-0300][gc,heap       ] GC(230) Eden regions: 44->0(46)
[2024-06-01T14:16:04.542-0300][gc,heap       ] GC(230) Survivor regions: 7->5(7)
[2024-06-01T14:16:04.542-0300][gc,heap       ] GC(230) Old regions: 141->144
[2024-06-01T14:16:04.542-0300][gc,heap       ] GC(230) Humongous regions: 129->129
[2024-06-01T14:16:04.542-0300][gc,metaspace  ] GC(230) Metaspace: 45708K(48924K)->45708K(48924K) NonClass: 39971K(41680K)->39971K(41680K) Class: 5737K(7244K)->5737K(7244K)
[2024-06-01T14:16:04.542-0300][gc            ] GC(230) Pause Young (Normal) (G1 Evacuation Pause) 318M->276M(1024M) 26,661ms
[2024-06-01T14:16:04.542-0300][gc,cpu        ] GC(230) User=0,10s Sys=0,00s Real=0,02s
[2024-06-01T14:16:34.161-0300][gc,start      ] GC(231) Pause Young (Normal) (G1 Evacuation Pause)
[2024-06-01T14:16:34.162-0300][gc,task       ] GC(231) Using 4 workers of 4 for evacuation
[2024-06-01T14:16:34.181-0300][gc,phases     ] GC(231)   Pre Evacuate Collection Set: 0,1ms
[2024-06-01T14:16:34.181-0300][gc,phases     ] GC(231)   Evacuate Collection Set: 18,0ms
[2024-06-01T14:16:34.181-0300][gc,phases     ] GC(231)   Post Evacuate Collection Set: 1,0ms
[2024-06-01T14:16:34.181-0300][gc,phases     ] GC(231)   Other: 0,4ms
[2024-06-01T14:16:34.181-0300][gc,heap       ] GC(231) Eden regions: 46->0(49)
[2024-06-01T14:16:34.181-0300][gc,heap       ] GC(231) Survivor regions: 5->2(7)
[2024-06-01T14:16:34.181-0300][gc,heap       ] GC(231) Old regions: 144->147
[2024-06-01T14:16:34.181-0300][gc,heap       ] GC(231) Humongous regions: 129->129
[2024-06-01T14:16:34.181-0300][gc,metaspace  ] GC(231) Metaspace: 45708K(48924K)->45708K(48924K) NonClass: 39971K(41680K)->39971K(41680K) Class: 5737K(7244K)->5737K(7244K)
[2024-06-01T14:16:34.181-0300][gc            ] GC(231) Pause Young (Normal) (G1 Evacuation Pause) 322M->276M(1024M) 19,786ms
[2024-06-01T14:16:34.181-0300][gc,cpu        ] GC(231) User=0,08s Sys=0,00s Real=0,02s
[2024-06-01T14:17:05.088-0300][gc,start      ] GC(232) Pause Young (Normal) (G1 Evacuation Pause)
[2024-06-01T14:17:05.088-0300][gc,task       ] GC(232) Using 4 workers of 4 for evacuation
[2024-06-01T14:17:05.100-0300][gc,phases     ] GC(232)   Pre Evacuate Collection Set: 0,1ms
[2024-06-01T14:17:05.100-0300][gc,phases     ] GC(232)   Evacuate Collection Set: 10,8ms
[2024-06-01T14:17:05.100-0300][gc,phases     ] GC(232)   Post Evacuate Collection Set: 1,0ms
[2024-06-01T14:17:05.100-0300][gc,phases     ] GC(232)   Other: 0,4ms
[2024-06-01T14:17:05.100-0300][gc,heap       ] GC(232) Eden regions: 49->0(48)
[2024-06-01T14:17:05.100-0300][gc,heap       ] GC(232) Survivor regions: 2->3(7)
[2024-06-01T14:17:05.100-0300][gc,heap       ] GC(232) Old regions: 147->147
[2024-06-01T14:17:05.100-0300][gc,heap       ] GC(232) Humongous regions: 129->129
[2024-06-01T14:17:05.100-0300][gc,metaspace  ] GC(232) Metaspace: 45708K(48924K)->45708K(48924K) NonClass: 39971K(41680K)->39971K(41680K) Class: 5737K(7244K)->5737K(7244K)
[2024-06-01T14:17:05.100-0300][gc            ] GC(232) Pause Young (Normal) (G1 Evacuation Pause) 325M->277M(1024M) 12,487ms
[2024-06-01T14:17:05.100-0300][gc,cpu        ] GC(232) User=0,04s Sys=0,00s Real=0,01s
[2024-06-01T14:17:35.997-0300][gc,start      ] GC(233) Pause Young (Normal) (G1 Evacuation Pause)
[2024-06-01T14:17:35.997-0300][gc,task       ] GC(233) Using 4 workers of 4 for evacuation
[2024-06-01T14:17:36.010-0300][gc,phases     ] GC(233)   Pre Evacuate Collection Set: 0,1ms
[2024-06-01T14:17:36.010-0300][gc,phases     ] GC(233)   Evacuate Collection Set: 11,0ms
[2024-06-01T14:17:36.010-0300][gc,phases     ] GC(233)   Post Evacuate Collection Set: 1,0ms
[2024-06-01T14:17:36.010-0300][gc,phases     ] GC(233)   Other: 0,4ms
[2024-06-01T14:17:36.010-0300][gc,heap       ] GC(233) Eden regions: 48->0(50)
[2024-06-01T14:17:36.010-0300][gc,heap       ] GC(233) Survivor regions: 3->3(7)
[2024-06-01T14:17:36.010-0300][gc,heap       ] GC(233) Old regions: 147->147
[2024-06-01T14:17:36.010-0300][gc,heap       ] GC(233) Humongous regions: 129->129
[2024-06-01T14:17:36.010-0300][gc,metaspace  ] GC(233) Metaspace: 45708K(48924K)->45708K(48924K) NonClass: 39971K(41680K)->39971K(41680K) Class: 5737K(7244K)->5737K(7244K)
[2024-06-01T14:17:36.010-0300][gc            ] GC(233) Pause Young (Normal) (G1 Evacuation Pause) 325M->277M(1024M) 12,693ms
[2024-06-01T14:17:36.010-0300][gc,cpu        ] GC(233) User=0,04s Sys=0,00s Real=0,01s
[2024-06-01T14:18:08.023-0300][gc,start      ] GC(234) Pause Young (Normal) (G1 Evacuation Pause)
[2024-06-01T14:18:08.023-0300][gc,task       ] GC(234) Using 4 workers of 4 for evacuation
[2024-06-01T14:18:08.036-0300][gc,phases     ] GC(234)   Pre Evacuate Collection Set: 0,1ms
[2024-06-01T14:18:08.036-0300][gc,phases     ] GC(234)   Evacuate Collection Set: 12,1ms
[2024-06-01T14:18:08.036-0300][gc,phases     ] GC(234)   Post Evacuate Collection Set: 1,0ms
[2024-06-01T14:18:08.036-0300][gc,phases     ] GC(234)   Other: 0,4ms
[2024-06-01T14:18:08.036-0300][gc,heap       ] GC(234) Eden regions: 50->0(50)
[2024-06-01T14:18:08.036-0300][gc,heap       ] GC(234) Survivor regions: 3->4(7)
[2024-06-01T14:18:08.036-0300][gc,heap       ] GC(234) Old regions: 147->147
[2024-06-01T14:18:08.036-0300][gc,heap       ] GC(234) Humongous regions: 129->129
[2024-06-01T14:18:08.036-0300][gc,metaspace  ] GC(234) Metaspace: 45708K(48924K)->45708K(48924K) NonClass: 39971K(41680K)->39971K(41680K) Class: 5737K(7244K)->5737K(7244K)
[2024-06-01T14:18:08.036-0300][gc            ] GC(234) Pause Young (Normal) (G1 Evacuation Pause) 327M->278M(1024M) 13,786ms
[2024-06-01T14:18:08.036-0300][gc,cpu        ] GC(234) User=0,05s Sys=0,00s Real=0,02s
[2024-06-01T14:18:40.366-0300][gc,start      ] GC(235) Pause Young (Normal) (G1 Evacuation Pause)
[2024-06-01T14:18:40.366-0300][gc,task       ] GC(235) Using 4 workers of 4 for evacuation
[2024-06-01T14:18:40.381-0300][gc,phases     ] GC(235)   Pre Evacuate Collection Set: 0,1ms
[2024-06-01T14:18:40.381-0300][gc,phases     ] GC(235)   Evacuate Collection Set: 13,4ms
[2024-06-01T14:18:40.381-0300][gc,phases     ] GC(235)   Post Evacuate Collection Set: 1,0ms
[2024-06-01T14:18:40.381-0300][gc,phases     ] GC(235)   Other: 0,4ms
[2024-06-01T14:18:40.381-0300][gc,heap       ] GC(235) Eden regions: 50->0(52)
[2024-06-01T14:18:40.381-0300][gc,heap       ] GC(235) Survivor regions: 4->5(7)
[2024-06-01T14:18:40.381-0300][gc,heap       ] GC(235) Old regions: 147->147
[2024-06-01T14:18:40.381-0300][gc,heap       ] GC(235) Humongous regions: 129->129
[2024-06-01T14:18:40.381-0300][gc,metaspace  ] GC(235) Metaspace: 45708K(48924K)->45708K(48924K) NonClass: 39971K(41680K)->39971K(41680K) Class: 5737K(7244K)->5737K(7244K)
[2024-06-01T14:18:40.381-0300][gc            ] GC(235) Pause Young (Normal) (G1 Evacuation Pause) 328M->278M(1024M) 15,171ms
[2024-06-01T14:18:40.381-0300][gc,cpu        ] GC(235) User=0,06s Sys=0,00s Real=0,02s
[2024-06-01T14:19:13.387-0300][gc,start      ] GC(236) Pause Young (Normal) (G1 Evacuation Pause)
[2024-06-01T14:19:13.387-0300][gc,task       ] GC(236) Using 4 workers of 4 for evacuation
[2024-06-01T14:19:13.393-0300][gc,phases     ] GC(236)   Pre Evacuate Collection Set: 0,0ms
[2024-06-01T14:19:13.393-0300][gc,phases     ] GC(236)   Evacuate Collection Set: 5,2ms
[2024-06-01T14:19:13.393-0300][gc,phases     ] GC(236)   Post Evacuate Collection Set: 0,4ms
[2024-06-01T14:19:13.393-0300][gc,phases     ] GC(236)   Other: 0,2ms
[2024-06-01T14:19:13.393-0300][gc,heap       ] GC(236) Eden regions: 52->0(55)
[2024-06-01T14:19:13.393-0300][gc,heap       ] GC(236) Survivor regions: 5->5(8)
[2024-06-01T14:19:13.393-0300][gc,heap       ] GC(236) Old regions: 147->148
[2024-06-01T14:19:13.393-0300][gc,heap       ] GC(236) Humongous regions: 129->129
[2024-06-01T14:19:13.393-0300][gc,metaspace  ] GC(236) Metaspace: 45708K(48924K)->45708K(48924K) NonClass: 39971K(41680K)->39971K(41680K) Class: 5737K(7244K)->5737K(7244K)
[2024-06-01T14:19:13.393-0300][gc            ] GC(236) Pause Young (Normal) (G1 Evacuation Pause) 330M->279M(1024M) 5,958ms
[2024-06-01T14:19:13.393-0300][gc,cpu        ] GC(236) User=0,02s Sys=0,00s Real=0,01s
[2024-06-01T14:19:47.979-0300][gc,start      ] GC(237) Pause Young (Normal) (G1 Evacuation Pause)
[2024-06-01T14:19:47.979-0300][gc,task       ] GC(237) Using 4 workers of 4 for evacuation
[2024-06-01T14:19:47.995-0300][gc,phases     ] GC(237)   Pre Evacuate Collection Set: 0,1ms
[2024-06-01T14:19:47.995-0300][gc,phases     ] GC(237)   Evacuate Collection Set: 15,3ms
[2024-06-01T14:19:47.995-0300][gc,phases     ] GC(237)   Post Evacuate Collection Set: 0,9ms
[2024-06-01T14:19:47.995-0300][gc,phases     ] GC(237)   Other: 0,4ms
[2024-06-01T14:19:47.995-0300][gc,heap       ] GC(237) Eden regions: 55->0(56)
[2024-06-01T14:19:47.995-0300][gc,heap       ] GC(237) Survivor regions: 5->6(8)
[2024-06-01T14:19:47.995-0300][gc,heap       ] GC(237) Old regions: 148->148
[2024-06-01T14:19:47.995-0300][gc,heap       ] GC(237) Humongous regions: 129->129
[2024-06-01T14:19:47.995-0300][gc,metaspace  ] GC(237) Metaspace: 45708K(48924K)->45708K(48924K) NonClass: 39971K(41680K)->39971K(41680K) Class: 5737K(7244K)->5737K(7244K)
[2024-06-01T14:19:47.996-0300][gc            ] GC(237) Pause Young (Normal) (G1 Evacuation Pause) 334M->280M(1024M) 16,937ms
[2024-06-01T14:19:47.996-0300][gc,cpu        ] GC(237) User=0,06s Sys=0,01s Real=0,02s
[2024-06-01T14:20:23.696-0300][gc,start      ] GC(238) Pause Young (Normal) (G1 Evacuation Pause)
[2024-06-01T14:20:23.696-0300][gc,task       ] GC(238) Using 4 workers of 4 for evacuation
[2024-06-01T14:20:23.715-0300][gc,phases     ] GC(238)   Pre Evacuate Collection Set: 0,1ms
[2024-06-01T14:20:23.715-0300][gc,phases     ] GC(238)   Evacuate Collection Set: 16,8ms
[2024-06-01T14:20:23.715-0300][gc,phases     ] GC(238)   Post Evacuate Collection Set: 1,0ms
[2024-06-01T14:20:23.715-0300][gc,phases     ] GC(238)   Other: 0,4ms
[2024-06-01T14:20:23.715-0300][gc,heap       ] GC(238) Eden regions: 56->0(54)
[2024-06-01T14:20:23.715-0300][gc,heap       ] GC(238) Survivor regions: 6->5(8)
[2024-06-01T14:20:23.715-0300][gc,heap       ] GC(238) Old regions: 148->150
[2024-06-01T14:20:23.715-0300][gc,heap       ] GC(238) Humongous regions: 129->129
[2024-06-01T14:20:23.715-0300][gc,metaspace  ] GC(238) Metaspace: 45708K(48924K)->45708K(48924K) NonClass: 39971K(41680K)->39971K(41680K) Class: 5737K(7244K)->5737K(7244K)
[2024-06-01T14:20:23.715-0300][gc            ] GC(238) Pause Young (Normal) (G1 Evacuation Pause) 336M->281M(1024M) 18,619ms
[2024-06-01T14:20:23.715-0300][gc,cpu        ] GC(238) User=0,06s Sys=0,00s Real=0,01s
[2024-06-01T14:20:57.831-0300][gc,start      ] GC(239) Pause Young (Normal) (G1 Evacuation Pause)
[2024-06-01T14:20:57.831-0300][gc,task       ] GC(239) Using 4 workers of 4 for evacuation
[2024-06-01T14:20:57.850-0300][gc,phases     ] GC(239)   Pre Evacuate Collection Set: 0,1ms
[2024-06-01T14:20:57.850-0300][gc,phases     ] GC(239)   Evacuate Collection Set: 18,2ms
[2024-06-01T14:20:57.850-0300][gc,phases     ] GC(239)   Post Evacuate Collection Set: 1,0ms
[2024-06-01T14:20:57.850-0300][gc,phases     ] GC(239)   Other: 0,4ms
[2024-06-01T14:20:57.850-0300][gc,heap       ] GC(239) Eden regions: 54->0(54)
[2024-06-01T14:20:57.850-0300][gc,heap       ] GC(239) Survivor regions: 5->6(8)
[2024-06-01T14:20:57.850-0300][gc,heap       ] GC(239) Old regions: 150->150
[2024-06-01T14:20:57.850-0300][gc,heap       ] GC(239) Humongous regions: 129->129
[2024-06-01T14:20:57.851-0300][gc,metaspace  ] GC(239) Metaspace: 45708K(48924K)->45708K(48924K) NonClass: 39971K(41680K)->39971K(41680K) Class: 5737K(7244K)->5737K(7244K)
[2024-06-01T14:20:57.851-0300][gc            ] GC(239) Pause Young (Normal) (G1 Evacuation Pause) 335M->283M(1024M) 20,003ms
[2024-06-01T14:20:57.851-0300][gc,cpu        ] GC(239) User=0,07s Sys=0,00s Real=0,02s
[2024-06-01T14:21:29.990-0300][gc,start      ] GC(240) Pause Young (Normal) (G1 Evacuation Pause)
[2024-06-01T14:21:29.990-0300][gc,task       ] GC(240) Using 4 workers of 4 for evacuation
[2024-06-01T14:21:29.997-0300][gc,phases     ] GC(240)   Pre Evacuate Collection Set: 0,0ms
[2024-06-01T14:21:29.997-0300][gc,phases     ] GC(240)   Evacuate Collection Set: 6,3ms
[2024-06-01T14:21:29.997-0300][gc,phases     ] GC(240)   Post Evacuate Collection Set: 0,4ms
[2024-06-01T14:21:29.997-0300][gc,phases     ] GC(240)   Other: 0,2ms
[2024-06-01T14:21:29.997-0300][gc,heap       ] GC(240) Eden regions: 50->0(58)
[2024-06-01T14:21:29.997-0300][gc,heap       ] GC(240) Survivor regions: 6->5(7)
[2024-06-01T14:21:29.997-0300][gc,heap       ] GC(240) Old regions: 150->152
[2024-06-01T14:21:29.997-0300][gc,heap       ] GC(240) Humongous regions: 129->129
[2024-06-01T14:21:29.997-0300][gc,metaspace  ] GC(240) Metaspace: 45708K(48924K)->45708K(48924K) NonClass: 39971K(41680K)->39971K(41680K) Class: 5737K(7244K)->5737K(7244K)
[2024-06-01T14:21:29.997-0300][gc            ] GC(240) Pause Young (Normal) (G1 Evacuation Pause) 333M->284M(1024M) 6,988ms
[2024-06-01T14:21:29.997-0300][gc,cpu        ] GC(240) User=0,02s Sys=0,00s Real=0,01s
[2024-06-01T14:22:03.511-0300][gc,start      ] GC(241) Pause Young (Normal) (G1 Evacuation Pause)
[2024-06-01T14:22:03.511-0300][gc,task       ] GC(241) Using 4 workers of 4 for evacuation
[2024-06-01T14:22:03.528-0300][gc,phases     ] GC(241)   Pre Evacuate Collection Set: 0,1ms
[2024-06-01T14:22:03.528-0300][gc,phases     ] GC(241)   Evacuate Collection Set: 16,2ms
[2024-06-01T14:22:03.528-0300][gc,phases     ] GC(241)   Post Evacuate Collection Set: 1,0ms
[2024-06-01T14:22:03.528-0300][gc,phases     ] GC(241)   Other: 0,4ms
[2024-06-01T14:22:03.528-0300][gc,heap       ] GC(241) Eden regions: 53->0(57)
[2024-06-01T14:22:03.528-0300][gc,heap       ] GC(241) Survivor regions: 5->4(8)
[2024-06-01T14:22:03.528-0300][gc,heap       ] GC(241) Old regions: 152->153
[2024-06-01T14:22:03.528-0300][gc,heap       ] GC(241) Humongous regions: 129->129
[2024-06-01T14:22:03.528-0300][gc,metaspace  ] GC(241) Metaspace: 45708K(48924K)->45708K(48924K) NonClass: 39971K(41680K)->39971K(41680K) Class: 5737K(7244K)->5737K(7244K)
[2024-06-01T14:22:03.529-0300][gc            ] GC(241) Pause Young (Normal) (G1 Evacuation Pause) 337M->284M(1024M) 17,954ms
[2024-06-01T14:22:03.529-0300][gc,cpu        ] GC(241) User=0,07s Sys=0,00s Real=0,02s
[2024-06-01T14:22:36.757-0300][gc,start      ] GC(242) Pause Young (Normal) (G1 Evacuation Pause)
[2024-06-01T14:22:36.757-0300][gc,task       ] GC(242) Using 4 workers of 4 for evacuation
[2024-06-01T14:22:36.775-0300][gc,phases     ] GC(242)   Pre Evacuate Collection Set: 0,1ms
[2024-06-01T14:22:36.775-0300][gc,phases     ] GC(242)   Evacuate Collection Set: 16,2ms
[2024-06-01T14:22:36.775-0300][gc,phases     ] GC(242)   Post Evacuate Collection Set: 1,0ms
[2024-06-01T14:22:36.775-0300][gc,phases     ] GC(242)   Other: 0,4ms
[2024-06-01T14:22:36.775-0300][gc,heap       ] GC(242) Eden regions: 52->0(55)
[2024-06-01T14:22:36.775-0300][gc,heap       ] GC(242) Survivor regions: 4->5(7)
[2024-06-01T14:22:36.775-0300][gc,heap       ] GC(242) Old regions: 153->154
[2024-06-01T14:22:36.775-0300][gc,heap       ] GC(242) Humongous regions: 129->129
[2024-06-01T14:22:36.775-0300][gc,metaspace  ] GC(242) Metaspace: 45708K(48924K)->45708K(48924K) NonClass: 39971K(41680K)->39971K(41680K) Class: 5737K(7244K)->5737K(7244K)
[2024-06-01T14:22:36.775-0300][gc            ] GC(242) Pause Young (Normal) (G1 Evacuation Pause) 336M->285M(1024M) 17,941ms
[2024-06-01T14:22:36.775-0300][gc,cpu        ] GC(242) User=0,07s Sys=0,00s Real=0,02s
[2024-06-01T14:23:08.779-0300][gc,start      ] GC(243) Pause Young (Normal) (G1 Evacuation Pause)
[2024-06-01T14:23:08.779-0300][gc,task       ] GC(243) Using 4 workers of 4 for evacuation
[2024-06-01T14:23:08.797-0300][gc,phases     ] GC(243)   Pre Evacuate Collection Set: 0,1ms
[2024-06-01T14:23:08.797-0300][gc,phases     ] GC(243)   Evacuate Collection Set: 16,6ms
[2024-06-01T14:23:08.797-0300][gc,phases     ] GC(243)   Post Evacuate Collection Set: 1,0ms
[2024-06-01T14:23:08.797-0300][gc,phases     ] GC(243)   Other: 0,4ms
[2024-06-01T14:23:08.797-0300][gc,heap       ] GC(243) Eden regions: 51->0(55)
[2024-06-01T14:23:08.797-0300][gc,heap       ] GC(243) Survivor regions: 5->5(7)
[2024-06-01T14:23:08.797-0300][gc,heap       ] GC(243) Old regions: 154->155
[2024-06-01T14:23:08.797-0300][gc,heap       ] GC(243) Humongous regions: 129->129
[2024-06-01T14:23:08.797-0300][gc,metaspace  ] GC(243) Metaspace: 45708K(48924K)->45708K(48924K) NonClass: 39971K(41680K)->39971K(41680K) Class: 5737K(7244K)->5737K(7244K)
[2024-06-01T14:23:08.797-0300][gc            ] GC(243) Pause Young (Normal) (G1 Evacuation Pause) 336M->286M(1024M) 18,366ms
[2024-06-01T14:23:08.797-0300][gc,cpu        ] GC(243) User=0,07s Sys=0,00s Real=0,02s
[2024-06-01T14:23:41.378-0300][gc,start      ] GC(244) Pause Young (Normal) (G1 Evacuation Pause)
[2024-06-01T14:23:41.378-0300][gc,task       ] GC(244) Using 4 workers of 4 for evacuation
[2024-06-01T14:23:41.398-0300][gc,phases     ] GC(244)   Pre Evacuate Collection Set: 0,1ms
[2024-06-01T14:23:41.398-0300][gc,phases     ] GC(244)   Evacuate Collection Set: 17,9ms
[2024-06-01T14:23:41.398-0300][gc,phases     ] GC(244)   Post Evacuate Collection Set: 1,0ms
[2024-06-01T14:23:41.398-0300][gc,phases     ] GC(244)   Other: 0,4ms
[2024-06-01T14:23:41.398-0300][gc,heap       ] GC(244) Eden regions: 51->0(55)
[2024-06-01T14:23:41.398-0300][gc,heap       ] GC(244) Survivor regions: 5->5(7)
[2024-06-01T14:23:41.398-0300][gc,heap       ] GC(244) Old regions: 155->156
[2024-06-01T14:23:41.398-0300][gc,heap       ] GC(244) Humongous regions: 129->129
[2024-06-01T14:23:41.398-0300][gc,metaspace  ] GC(244) Metaspace: 45708K(48924K)->45708K(48924K) NonClass: 39971K(41680K)->39971K(41680K) Class: 5737K(7244K)->5737K(7244K)
[2024-06-01T14:23:41.398-0300][gc            ] GC(244) Pause Young (Normal) (G1 Evacuation Pause) 337M->287M(1024M) 19,651ms
[2024-06-01T14:23:41.398-0300][gc,cpu        ] GC(244) User=0,07s Sys=0,00s Real=0,02s
[2024-06-01T14:24:12.046-0300][gc,start      ] GC(245) Pause Young (Normal) (G1 Evacuation Pause)
[2024-06-01T14:24:12.046-0300][gc,task       ] GC(245) Using 4 workers of 4 for evacuation
[2024-06-01T14:24:12.065-0300][gc,phases     ] GC(245)   Pre Evacuate Collection Set: 0,1ms
[2024-06-01T14:24:12.065-0300][gc,phases     ] GC(245)   Evacuate Collection Set: 17,6ms
[2024-06-01T14:24:12.065-0300][gc,phases     ] GC(245)   Post Evacuate Collection Set: 1,0ms
[2024-06-01T14:24:12.065-0300][gc,phases     ] GC(245)   Other: 0,5ms
[2024-06-01T14:24:12.065-0300][gc,heap       ] GC(245) Eden regions: 48->0(54)
[2024-06-01T14:24:12.065-0300][gc,heap       ] GC(245) Survivor regions: 5->5(7)
[2024-06-01T14:24:12.065-0300][gc,heap       ] GC(245) Old regions: 156->157
[2024-06-01T14:24:12.065-0300][gc,heap       ] GC(245) Humongous regions: 129->129
[2024-06-01T14:24:12.065-0300][gc,metaspace  ] GC(245) Metaspace: 45708K(48924K)->45708K(48924K) NonClass: 39971K(41680K)->39971K(41680K) Class: 5737K(7244K)->5737K(7244K)
[2024-06-01T14:24:12.065-0300][gc            ] GC(245) Pause Young (Normal) (G1 Evacuation Pause) 335M->289M(1024M) 19,407ms
[2024-06-01T14:24:12.065-0300][gc,cpu        ] GC(245) User=0,07s Sys=0,00s Real=0,02s
[2024-06-01T14:24:41.436-0300][gc,start      ] GC(246) Pause Young (Normal) (G1 Evacuation Pause)
[2024-06-01T14:24:41.436-0300][gc,task       ] GC(246) Using 4 workers of 4 for evacuation
[2024-06-01T14:24:41.454-0300][gc,phases     ] GC(246)   Pre Evacuate Collection Set: 0,1ms
[2024-06-01T14:24:41.454-0300][gc,phases     ] GC(246)   Evacuate Collection Set: 17,1ms
[2024-06-01T14:24:41.454-0300][gc,phases     ] GC(246)   Post Evacuate Collection Set: 1,0ms
[2024-06-01T14:24:41.454-0300][gc,phases     ] GC(246)   Other: 0,4ms
[2024-06-01T14:24:41.454-0300][gc,heap       ] GC(246) Eden regions: 46->0(56)
[2024-06-01T14:24:41.454-0300][gc,heap       ] GC(246) Survivor regions: 5->5(7)
[2024-06-01T14:24:41.454-0300][gc,heap       ] GC(246) Old regions: 157->158
[2024-06-01T14:24:41.454-0300][gc,heap       ] GC(246) Humongous regions: 129->129
[2024-06-01T14:24:41.454-0300][gc,metaspace  ] GC(246) Metaspace: 45708K(48924K)->45708K(48924K) NonClass: 39971K(41680K)->39971K(41680K) Class: 5737K(7244K)->5737K(7244K)
[2024-06-01T14:24:41.455-0300][gc            ] GC(246) Pause Young (Normal) (G1 Evacuation Pause) 335M->289M(1024M) 18,807ms
[2024-06-01T14:24:41.455-0300][gc,cpu        ] GC(246) User=0,07s Sys=0,00s Real=0,01s
[2024-06-01T14:25:11.214-0300][gc,start      ] GC(247) Pause Young (Normal) (G1 Evacuation Pause)
[2024-06-01T14:25:11.215-0300][gc,task       ] GC(247) Using 4 workers of 4 for evacuation
[2024-06-01T14:25:11.233-0300][gc,phases     ] GC(247)   Pre Evacuate Collection Set: 0,1ms
[2024-06-01T14:25:11.233-0300][gc,phases     ] GC(247)   Evacuate Collection Set: 17,2ms
[2024-06-01T14:25:11.233-0300][gc,phases     ] GC(247)   Post Evacuate Collection Set: 1,0ms
[2024-06-01T14:25:11.233-0300][gc,phases     ] GC(247)   Other: 0,4ms
[2024-06-01T14:25:11.233-0300][gc,heap       ] GC(247) Eden regions: 48->0(58)
[2024-06-01T14:25:11.233-0300][gc,heap       ] GC(247) Survivor regions: 5->5(7)
[2024-06-01T14:25:11.233-0300][gc,heap       ] GC(247) Old regions: 158->159
[2024-06-01T14:25:11.233-0300][gc,heap       ] GC(247) Humongous regions: 129->129
[2024-06-01T14:25:11.233-0300][gc,metaspace  ] GC(247) Metaspace: 45708K(48924K)->45708K(48924K) NonClass: 39971K(41680K)->39971K(41680K) Class: 5737K(7244K)->5737K(7244K)
[2024-06-01T14:25:11.233-0300][gc            ] GC(247) Pause Young (Normal) (G1 Evacuation Pause) 337M->290M(1024M) 18,909ms
[2024-06-01T14:25:11.233-0300][gc,cpu        ] GC(247) User=0,07s Sys=0,00s Real=0,02s
[2024-06-01T14:25:40.992-0300][gc,start      ] GC(248) Pause Young (Normal) (G1 Evacuation Pause)
[2024-06-01T14:25:40.992-0300][gc,task       ] GC(248) Using 4 workers of 4 for evacuation
[2024-06-01T14:25:40.999-0300][gc,phases     ] GC(248)   Pre Evacuate Collection Set: 0,0ms
[2024-06-01T14:25:40.999-0300][gc,phases     ] GC(248)   Evacuate Collection Set: 6,6ms
[2024-06-01T14:25:40.999-0300][gc,phases     ] GC(248)   Post Evacuate Collection Set: 0,5ms
[2024-06-01T14:25:40.999-0300][gc,phases     ] GC(248)   Other: 0,2ms
[2024-06-01T14:25:40.999-0300][gc,heap       ] GC(248) Eden regions: 47->0(67)
[2024-06-01T14:25:40.999-0300][gc,heap       ] GC(248) Survivor regions: 5->5(7)
[2024-06-01T14:25:40.999-0300][gc,heap       ] GC(248) Old regions: 159->161
[2024-06-01T14:25:40.999-0300][gc,heap       ] GC(248) Humongous regions: 129->129
[2024-06-01T14:25:40.999-0300][gc,metaspace  ] GC(248) Metaspace: 45708K(48924K)->45708K(48924K) NonClass: 39971K(41680K)->39971K(41680K) Class: 5737K(7244K)->5737K(7244K)
[2024-06-01T14:25:40.999-0300][gc            ] GC(248) Pause Young (Normal) (G1 Evacuation Pause) 337M->292M(1024M) 7,473ms
[2024-06-01T14:25:40.999-0300][gc,cpu        ] GC(248) User=0,03s Sys=0,00s Real=0,01s
[2024-06-01T14:26:16.099-0300][gc,start      ] GC(249) Pause Young (Normal) (G1 Evacuation Pause)
[2024-06-01T14:26:16.099-0300][gc,task       ] GC(249) Using 4 workers of 4 for evacuation
[2024-06-01T14:26:16.117-0300][gc,phases     ] GC(249)   Pre Evacuate Collection Set: 0,1ms
[2024-06-01T14:26:16.117-0300][gc,phases     ] GC(249)   Evacuate Collection Set: 16,8ms
[2024-06-01T14:26:16.117-0300][gc,phases     ] GC(249)   Post Evacuate Collection Set: 1,1ms
[2024-06-01T14:26:16.117-0300][gc,phases     ] GC(249)   Other: 0,4ms
[2024-06-01T14:26:16.117-0300][gc,heap       ] GC(249) Eden regions: 55->0(64)
[2024-06-01T14:26:16.117-0300][gc,heap       ] GC(249) Survivor regions: 5->5(8)
[2024-06-01T14:26:16.117-0300][gc,heap       ] GC(249) Old regions: 161->161
[2024-06-01T14:26:16.117-0300][gc,heap       ] GC(249) Humongous regions: 129->129
[2024-06-01T14:26:16.117-0300][gc,metaspace  ] GC(249) Metaspace: 45708K(48924K)->45708K(48924K) NonClass: 39971K(41680K)->39971K(41680K) Class: 5737K(7244K)->5737K(7244K)
[2024-06-01T14:26:16.118-0300][gc            ] GC(249) Pause Young (Normal) (G1 Evacuation Pause) 347M->292M(1024M) 18,583ms
[2024-06-01T14:26:16.118-0300][gc,cpu        ] GC(249) User=0,06s Sys=0,01s Real=0,02s
[2024-06-01T14:26:45.440-0300][gc,start      ] GC(250) Pause Young (Normal) (G1 Evacuation Pause)
[2024-06-01T14:26:45.440-0300][gc,task       ] GC(250) Using 4 workers of 4 for evacuation
[2024-06-01T14:26:45.460-0300][gc,phases     ] GC(250)   Pre Evacuate Collection Set: 0,1ms
[2024-06-01T14:26:45.460-0300][gc,phases     ] GC(250)   Evacuate Collection Set: 18,5ms
[2024-06-01T14:26:45.460-0300][gc,phases     ] GC(250)   Post Evacuate Collection Set: 0,9ms
[2024-06-01T14:26:45.460-0300][gc,phases     ] GC(250)   Other: 0,4ms
[2024-06-01T14:26:45.460-0300][gc,heap       ] GC(250) Eden regions: 46->0(53)
[2024-06-01T14:26:45.460-0300][gc,heap       ] GC(250) Survivor regions: 5->5(7)
[2024-06-01T14:26:45.460-0300][gc,heap       ] GC(250) Old regions: 161->161
[2024-06-01T14:26:45.460-0300][gc,heap       ] GC(250) Humongous regions: 129->129
[2024-06-01T14:26:45.460-0300][gc,metaspace  ] GC(250) Metaspace: 45708K(48924K)->45708K(48924K) NonClass: 39971K(41680K)->39971K(41680K) Class: 5737K(7244K)->5737K(7244K)
[2024-06-01T14:26:45.460-0300][gc            ] GC(250) Pause Young (Normal) (G1 Evacuation Pause) 338M->293M(1024M) 20,213ms
[2024-06-01T14:26:45.460-0300][gc,cpu        ] GC(250) User=0,07s Sys=0,00s Real=0,02s
[2024-06-01T14:27:14.291-0300][gc,start      ] GC(251) Pause Young (Normal) (G1 Evacuation Pause)
[2024-06-01T14:27:14.291-0300][gc,task       ] GC(251) Using 4 workers of 4 for evacuation
[2024-06-01T14:27:14.311-0300][gc,mmu        ] GC(251) MMU target violated: 20,5ms (20,0ms/21,0ms)
[2024-06-01T14:27:14.311-0300][gc,phases     ] GC(251)   Pre Evacuate Collection Set: 0,1ms
[2024-06-01T14:27:14.311-0300][gc,phases     ] GC(251)   Evacuate Collection Set: 19,2ms
[2024-06-01T14:27:14.311-0300][gc,phases     ] GC(251)   Post Evacuate Collection Set: 1,0ms
[2024-06-01T14:27:14.311-0300][gc,phases     ] GC(251)   Other: 0,6ms
[2024-06-01T14:27:14.311-0300][gc,heap       ] GC(251) Eden regions: 46->0(48)
[2024-06-01T14:27:14.311-0300][gc,heap       ] GC(251) Survivor regions: 5->4(7)
[2024-06-01T14:27:14.312-0300][gc,heap       ] GC(251) Old regions: 161->163
[2024-06-01T14:27:14.312-0300][gc,heap       ] GC(251) Humongous regions: 129->129
[2024-06-01T14:27:14.312-0300][gc,metaspace  ] GC(251) Metaspace: 45708K(48924K)->45708K(48924K) NonClass: 39971K(41680K)->39971K(41680K) Class: 5737K(7244K)->5737K(7244K)
[2024-06-01T14:27:14.312-0300][gc            ] GC(251) Pause Young (Normal) (G1 Evacuation Pause) 339M->294M(1024M) 21,126ms
[2024-06-01T14:27:14.312-0300][gc,cpu        ] GC(251) User=0,08s Sys=0,00s Real=0,02s
[2024-06-01T14:27:45.167-0300][gc,start      ] GC(252) Pause Young (Normal) (G1 Evacuation Pause)
[2024-06-01T14:27:45.167-0300][gc,task       ] GC(252) Using 4 workers of 4 for evacuation
[2024-06-01T14:27:45.186-0300][gc,phases     ] GC(252)   Pre Evacuate Collection Set: 0,1ms
[2024-06-01T14:27:45.186-0300][gc,phases     ] GC(252)   Evacuate Collection Set: 17,4ms
[2024-06-01T14:27:45.186-0300][gc,phases     ] GC(252)   Post Evacuate Collection Set: 1,1ms
[2024-06-01T14:27:45.186-0300][gc,phases     ] GC(252)   Other: 0,4ms
[2024-06-01T14:27:45.186-0300][gc,heap       ] GC(252) Eden regions: 48->0(48)
[2024-06-01T14:27:45.186-0300][gc,heap       ] GC(252) Survivor regions: 4->4(7)
[2024-06-01T14:27:45.186-0300][gc,heap       ] GC(252) Old regions: 163->164
[2024-06-01T14:27:45.186-0300][gc,heap       ] GC(252) Humongous regions: 129->129
[2024-06-01T14:27:45.186-0300][gc,metaspace  ] GC(252) Metaspace: 45708K(48924K)->45708K(48924K) NonClass: 39971K(41680K)->39971K(41680K) Class: 5737K(7244K)->5737K(7244K)
[2024-06-01T14:27:45.186-0300][gc            ] GC(252) Pause Young (Normal) (G1 Evacuation Pause) 342M->295M(1024M) 19,142ms
[2024-06-01T14:27:45.186-0300][gc,cpu        ] GC(252) User=0,07s Sys=0,00s Real=0,02s
[2024-06-01T14:28:15.532-0300][gc,start      ] GC(253) Pause Young (Normal) (G1 Evacuation Pause)
[2024-06-01T14:28:15.532-0300][gc,task       ] GC(253) Using 4 workers of 4 for evacuation
[2024-06-01T14:28:15.553-0300][gc,mmu        ] GC(253) MMU target violated: 20,1ms (20,0ms/21,0ms)
[2024-06-01T14:28:15.553-0300][gc,phases     ] GC(253)   Pre Evacuate Collection Set: 0,1ms
[2024-06-01T14:28:15.553-0300][gc,phases     ] GC(253)   Evacuate Collection Set: 18,8ms
[2024-06-01T14:28:15.553-0300][gc,phases     ] GC(253)   Post Evacuate Collection Set: 1,0ms
[2024-06-01T14:28:15.553-0300][gc,phases     ] GC(253)   Other: 0,5ms
[2024-06-01T14:28:15.553-0300][gc,heap       ] GC(253) Eden regions: 47->0(48)
[2024-06-01T14:28:15.553-0300][gc,heap       ] GC(253) Survivor regions: 4->5(7)
[2024-06-01T14:28:15.553-0300][gc,heap       ] GC(253) Old regions: 164->165
[2024-06-01T14:28:15.553-0300][gc,heap       ] GC(253) Humongous regions: 129->129
[2024-06-01T14:28:15.553-0300][gc,metaspace  ] GC(253) Metaspace: 45708K(48924K)->45708K(48924K) NonClass: 39971K(41680K)->39971K(41680K) Class: 5737K(7244K)->5737K(7244K)
[2024-06-01T14:28:15.553-0300][gc            ] GC(253) Pause Young (Normal) (G1 Evacuation Pause) 342M->296M(1024M) 20,594ms
[2024-06-01T14:28:15.553-0300][gc,cpu        ] GC(253) User=0,07s Sys=0,00s Real=0,02s
[2024-06-01T14:28:44.890-0300][gc,start      ] GC(254) Pause Young (Normal) (G1 Evacuation Pause)
[2024-06-01T14:28:44.890-0300][gc,task       ] GC(254) Using 4 workers of 4 for evacuation
[2024-06-01T14:28:44.909-0300][gc,phases     ] GC(254)   Pre Evacuate Collection Set: 0,1ms
[2024-06-01T14:28:44.909-0300][gc,phases     ] GC(254)   Evacuate Collection Set: 18,0ms
[2024-06-01T14:28:44.909-0300][gc,phases     ] GC(254)   Post Evacuate Collection Set: 1,1ms
[2024-06-01T14:28:44.909-0300][gc,phases     ] GC(254)   Other: 0,4ms
[2024-06-01T14:28:44.909-0300][gc,heap       ] GC(254) Eden regions: 46->0(49)
[2024-06-01T14:28:44.910-0300][gc,heap       ] GC(254) Survivor regions: 5->5(7)
[2024-06-01T14:28:44.910-0300][gc,heap       ] GC(254) Old regions: 165->166
[2024-06-01T14:28:44.910-0300][gc,heap       ] GC(254) Humongous regions: 129->129
[2024-06-01T14:28:44.910-0300][gc,metaspace  ] GC(254) Metaspace: 45708K(48924K)->45708K(48924K) NonClass: 39971K(41680K)->39971K(41680K) Class: 5737K(7244K)->5737K(7244K)
[2024-06-01T14:28:44.910-0300][gc            ] GC(254) Pause Young (Normal) (G1 Evacuation Pause) 342M->297M(1024M) 19,839ms
[2024-06-01T14:28:44.910-0300][gc,cpu        ] GC(254) User=0,08s Sys=0,00s Real=0,02s
[2024-06-01T14:29:16.354-0300][gc,start      ] GC(255) Pause Young (Normal) (G1 Evacuation Pause)
[2024-06-01T14:29:16.354-0300][gc,task       ] GC(255) Using 4 workers of 4 for evacuation
[2024-06-01T14:29:16.373-0300][gc,phases     ] GC(255)   Pre Evacuate Collection Set: 0,1ms
[2024-06-01T14:29:16.373-0300][gc,phases     ] GC(255)   Evacuate Collection Set: 17,7ms
[2024-06-01T14:29:16.373-0300][gc,phases     ] GC(255)   Post Evacuate Collection Set: 1,1ms
[2024-06-01T14:29:16.373-0300][gc,phases     ] GC(255)   Other: 0,4ms
[2024-06-01T14:29:16.373-0300][gc,heap       ] GC(255) Eden regions: 49->0(50)
[2024-06-01T14:29:16.373-0300][gc,heap       ] GC(255) Survivor regions: 5->5(7)
[2024-06-01T14:29:16.373-0300][gc,heap       ] GC(255) Old regions: 166->167
[2024-06-01T14:29:16.373-0300][gc,heap       ] GC(255) Humongous regions: 129->129
[2024-06-01T14:29:16.373-0300][gc,metaspace  ] GC(255) Metaspace: 45708K(48924K)->45708K(48924K) NonClass: 39971K(41680K)->39971K(41680K) Class: 5737K(7244K)->5737K(7244K)
[2024-06-01T14:29:16.373-0300][gc            ] GC(255) Pause Young (Normal) (G1 Evacuation Pause) 346M->298M(1024M) 19,470ms
[2024-06-01T14:29:16.373-0300][gc,cpu        ] GC(255) User=0,07s Sys=0,00s Real=0,02s
[2024-06-01T14:29:46.178-0300][gc,start      ] GC(256) Pause Young (Normal) (G1 Evacuation Pause)
[2024-06-01T14:29:46.178-0300][gc,task       ] GC(256) Using 4 workers of 4 for evacuation
[2024-06-01T14:29:46.185-0300][gc,phases     ] GC(256)   Pre Evacuate Collection Set: 0,0ms
[2024-06-01T14:29:46.185-0300][gc,phases     ] GC(256)   Evacuate Collection Set: 6,3ms
[2024-06-01T14:29:46.185-0300][gc,phases     ] GC(256)   Post Evacuate Collection Set: 0,6ms
[2024-06-01T14:29:46.185-0300][gc,phases     ] GC(256)   Other: 0,2ms
[2024-06-01T14:29:46.185-0300][gc,heap       ] GC(256) Eden regions: 46->0(54)
[2024-06-01T14:29:46.185-0300][gc,heap       ] GC(256) Survivor regions: 5->5(7)
[2024-06-01T14:29:46.185-0300][gc,heap       ] GC(256) Old regions: 167->168
[2024-06-01T14:29:46.185-0300][gc,heap       ] GC(256) Humongous regions: 129->129
[2024-06-01T14:29:46.185-0300][gc,metaspace  ] GC(256) Metaspace: 45708K(48924K)->45708K(48924K) NonClass: 39971K(41680K)->39971K(41680K) Class: 5737K(7244K)->5737K(7244K)
[2024-06-01T14:29:46.185-0300][gc            ] GC(256) Pause Young (Normal) (G1 Evacuation Pause) 344M->299M(1024M) 7,188ms
[2024-06-01T14:29:46.185-0300][gc,cpu        ] GC(256) User=0,03s Sys=0,00s Real=0,00s
[2024-06-01T14:30:20.099-0300][gc,start      ] GC(257) Pause Young (Normal) (G1 Evacuation Pause)
[2024-06-01T14:30:20.099-0300][gc,task       ] GC(257) Using 4 workers of 4 for evacuation
[2024-06-01T14:30:20.117-0300][gc,phases     ] GC(257)   Pre Evacuate Collection Set: 0,1ms
[2024-06-01T14:30:20.117-0300][gc,phases     ] GC(257)   Evacuate Collection Set: 16,6ms
[2024-06-01T14:30:20.117-0300][gc,phases     ] GC(257)   Post Evacuate Collection Set: 1,1ms
[2024-06-01T14:30:20.117-0300][gc,phases     ] GC(257)   Other: 0,4ms
[2024-06-01T14:30:20.117-0300][gc,heap       ] GC(257) Eden regions: 54->0(53)
[2024-06-01T14:30:20.117-0300][gc,heap       ] GC(257) Survivor regions: 5->5(8)
[2024-06-01T14:30:20.117-0300][gc,heap       ] GC(257) Old regions: 168->168
[2024-06-01T14:30:20.117-0300][gc,heap       ] GC(257) Humongous regions: 129->129
[2024-06-01T14:30:20.117-0300][gc,metaspace  ] GC(257) Metaspace: 45708K(48924K)->45708K(48924K) NonClass: 39971K(41680K)->39971K(41680K) Class: 5737K(7244K)->5737K(7244K)
[2024-06-01T14:30:20.117-0300][gc            ] GC(257) Pause Young (Normal) (G1 Evacuation Pause) 353M->300M(1024M) 18,466ms
[2024-06-01T14:30:20.117-0300][gc,cpu        ] GC(257) User=0,07s Sys=0,00s Real=0,02s
[2024-06-01T14:30:48.845-0300][gc,start      ] GC(258) Pause Young (Normal) (G1 Evacuation Pause)
[2024-06-01T14:30:48.845-0300][gc,task       ] GC(258) Using 4 workers of 4 for evacuation
[2024-06-01T14:30:48.866-0300][gc,mmu        ] GC(258) MMU target violated: 20,4ms (20,0ms/21,0ms)
[2024-06-01T14:30:48.866-0300][gc,phases     ] GC(258)   Pre Evacuate Collection Set: 0,1ms
[2024-06-01T14:30:48.866-0300][gc,phases     ] GC(258)   Evacuate Collection Set: 19,1ms
[2024-06-01T14:30:48.866-0300][gc,phases     ] GC(258)   Post Evacuate Collection Set: 1,1ms
[2024-06-01T14:30:48.866-0300][gc,phases     ] GC(258)   Other: 0,5ms
[2024-06-01T14:30:48.866-0300][gc,heap       ] GC(258) Eden regions: 46->0(50)
[2024-06-01T14:30:48.866-0300][gc,heap       ] GC(258) Survivor regions: 5->5(7)
[2024-06-01T14:30:48.866-0300][gc,heap       ] GC(258) Old regions: 168->169
[2024-06-01T14:30:48.866-0300][gc,heap       ] GC(258) Humongous regions: 129->129
[2024-06-01T14:30:48.866-0300][gc,metaspace  ] GC(258) Metaspace: 45708K(48924K)->45708K(48924K) NonClass: 39971K(41680K)->39971K(41680K) Class: 5737K(7244K)->5737K(7244K)
[2024-06-01T14:30:48.866-0300][gc            ] GC(258) Pause Young (Normal) (G1 Evacuation Pause) 346M->301M(1024M) 20,995ms
[2024-06-01T14:30:48.866-0300][gc,cpu        ] GC(258) User=0,08s Sys=0,00s Real=0,02s
[2024-06-01T14:31:20.449-0300][gc,start      ] GC(259) Pause Young (Normal) (G1 Evacuation Pause)
[2024-06-01T14:31:20.449-0300][gc,task       ] GC(259) Using 4 workers of 4 for evacuation
[2024-06-01T14:31:20.470-0300][gc,mmu        ] GC(259) MMU target violated: 20,6ms (20,0ms/21,0ms)
[2024-06-01T14:31:20.470-0300][gc,phases     ] GC(259)   Pre Evacuate Collection Set: 0,1ms
[2024-06-01T14:31:20.470-0300][gc,phases     ] GC(259)   Evacuate Collection Set: 19,4ms
[2024-06-01T14:31:20.470-0300][gc,phases     ] GC(259)   Post Evacuate Collection Set: 1,0ms
[2024-06-01T14:31:20.470-0300][gc,phases     ] GC(259)   Other: 0,5ms
[2024-06-01T14:31:20.470-0300][gc,heap       ] GC(259) Eden regions: 50->0(49)
[2024-06-01T14:31:20.470-0300][gc,heap       ] GC(259) Survivor regions: 5->4(7)
[2024-06-01T14:31:20.470-0300][gc,heap       ] GC(259) Old regions: 169->171
[2024-06-01T14:31:20.470-0300][gc,heap       ] GC(259) Humongous regions: 129->129
[2024-06-01T14:31:20.470-0300][gc,metaspace  ] GC(259) Metaspace: 45708K(48924K)->45708K(48924K) NonClass: 39971K(41680K)->39971K(41680K) Class: 5737K(7244K)->5737K(7244K)
[2024-06-01T14:31:20.470-0300][gc            ] GC(259) Pause Young (Normal) (G1 Evacuation Pause) 351M->302M(1024M) 21,095ms
[2024-06-01T14:31:20.470-0300][gc,cpu        ] GC(259) User=0,08s Sys=0,00s Real=0,02s
[2024-06-01T14:31:51.774-0300][gc,start      ] GC(260) Pause Young (Normal) (G1 Evacuation Pause)
[2024-06-01T14:31:51.774-0300][gc,task       ] GC(260) Using 4 workers of 4 for evacuation
[2024-06-01T14:31:51.793-0300][gc,phases     ] GC(260)   Pre Evacuate Collection Set: 0,1ms
[2024-06-01T14:31:51.793-0300][gc,phases     ] GC(260)   Evacuate Collection Set: 17,5ms
[2024-06-01T14:31:51.793-0300][gc,phases     ] GC(260)   Post Evacuate Collection Set: 1,0ms
[2024-06-01T14:31:51.793-0300][gc,phases     ] GC(260)   Other: 0,4ms
[2024-06-01T14:31:51.793-0300][gc,heap       ] GC(260) Eden regions: 49->0(50)
[2024-06-01T14:31:51.793-0300][gc,heap       ] GC(260) Survivor regions: 4->5(7)
[2024-06-01T14:31:51.793-0300][gc,heap       ] GC(260) Old regions: 171->172
[2024-06-01T14:31:51.793-0300][gc,heap       ] GC(260) Humongous regions: 129->129
[2024-06-01T14:31:51.793-0300][gc,metaspace  ] GC(260) Metaspace: 45708K(48924K)->45708K(48924K) NonClass: 39971K(41680K)->39971K(41680K) Class: 5737K(7244K)->5737K(7244K)
[2024-06-01T14:31:51.794-0300][gc            ] GC(260) Pause Young (Normal) (G1 Evacuation Pause) 351M->303M(1024M) 19,312ms
[2024-06-01T14:31:51.794-0300][gc,cpu        ] GC(260) User=0,07s Sys=0,00s Real=0,02s
[2024-06-01T14:32:23.679-0300][gc,start      ] GC(261) Pause Young (Normal) (G1 Evacuation Pause)
[2024-06-01T14:32:23.679-0300][gc,task       ] GC(261) Using 4 workers of 4 for evacuation
[2024-06-01T14:32:23.699-0300][gc,mmu        ] GC(261) MMU target violated: 20,2ms (20,0ms/21,0ms)
[2024-06-01T14:32:23.700-0300][gc,phases     ] GC(261)   Pre Evacuate Collection Set: 0,1ms
[2024-06-01T14:32:23.700-0300][gc,phases     ] GC(261)   Evacuate Collection Set: 18,9ms
[2024-06-01T14:32:23.700-0300][gc,phases     ] GC(261)   Post Evacuate Collection Set: 1,0ms
[2024-06-01T14:32:23.700-0300][gc,phases     ] GC(261)   Other: 0,5ms
[2024-06-01T14:32:23.700-0300][gc,heap       ] GC(261) Eden regions: 50->0(51)
[2024-06-01T14:32:23.700-0300][gc,heap       ] GC(261) Survivor regions: 5->5(7)
[2024-06-01T14:32:23.700-0300][gc,heap       ] GC(261) Old regions: 172->173
[2024-06-01T14:32:23.700-0300][gc,heap       ] GC(261) Humongous regions: 129->129
[2024-06-01T14:32:23.700-0300][gc,metaspace  ] GC(261) Metaspace: 45708K(48924K)->45708K(48924K) NonClass: 39971K(41680K)->39971K(41680K) Class: 5737K(7244K)->5737K(7244K)
[2024-06-01T14:32:23.700-0300][gc            ] GC(261) Pause Young (Normal) (G1 Evacuation Pause) 353M->304M(1024M) 20,779ms
[2024-06-01T14:32:23.700-0300][gc,cpu        ] GC(261) User=0,08s Sys=0,00s Real=0,02s
[2024-06-01T14:32:56.241-0300][gc,start      ] GC(262) Pause Young (Normal) (G1 Evacuation Pause)
[2024-06-01T14:32:56.241-0300][gc,task       ] GC(262) Using 4 workers of 4 for evacuation
[2024-06-01T14:32:56.249-0300][gc,phases     ] GC(262)   Pre Evacuate Collection Set: 0,0ms
[2024-06-01T14:32:56.249-0300][gc,phases     ] GC(262)   Evacuate Collection Set: 6,7ms
[2024-06-01T14:32:56.249-0300][gc,phases     ] GC(262)   Post Evacuate Collection Set: 0,4ms
[2024-06-01T14:32:56.249-0300][gc,phases     ] GC(262)   Other: 0,2ms
[2024-06-01T14:32:56.249-0300][gc,heap       ] GC(262) Eden regions: 51->0(54)
[2024-06-01T14:32:56.249-0300][gc,heap       ] GC(262) Survivor regions: 5->5(7)
[2024-06-01T14:32:56.249-0300][gc,heap       ] GC(262) Old regions: 173->174
[2024-06-01T14:32:56.249-0300][gc,heap       ] GC(262) Humongous regions: 129->129
[2024-06-01T14:32:56.249-0300][gc,metaspace  ] GC(262) Metaspace: 45708K(48924K)->45708K(48924K) NonClass: 39971K(41680K)->39971K(41680K) Class: 5737K(7244K)->5737K(7244K)
[2024-06-01T14:32:56.249-0300][gc            ] GC(262) Pause Young (Normal) (G1 Evacuation Pause) 355M->305M(1024M) 7,443ms
[2024-06-01T14:32:56.249-0300][gc,cpu        ] GC(262) User=0,02s Sys=0,00s Real=0,01s
[2024-06-01T14:33:30.110-0300][gc,start      ] GC(263) Pause Young (Normal) (G1 Evacuation Pause)
[2024-06-01T14:33:30.110-0300][gc,task       ] GC(263) Using 4 workers of 4 for evacuation
[2024-06-01T14:33:30.130-0300][gc,phases     ] GC(263)   Pre Evacuate Collection Set: 0,1ms
[2024-06-01T14:33:30.130-0300][gc,phases     ] GC(263)   Evacuate Collection Set: 18,2ms
[2024-06-01T14:33:30.130-0300][gc,phases     ] GC(263)   Post Evacuate Collection Set: 1,0ms
[2024-06-01T14:33:30.130-0300][gc,phases     ] GC(263)   Other: 0,4ms
[2024-06-01T14:33:30.130-0300][gc,heap       ] GC(263) Eden regions: 54->0(54)
[2024-06-01T14:33:30.130-0300][gc,heap       ] GC(263) Survivor regions: 5->5(8)
[2024-06-01T14:33:30.130-0300][gc,heap       ] GC(263) Old regions: 174->175
[2024-06-01T14:33:30.130-0300][gc,heap       ] GC(263) Humongous regions: 129->129
[2024-06-01T14:33:30.130-0300][gc,metaspace  ] GC(263) Metaspace: 45708K(48924K)->45708K(48924K) NonClass: 39971K(41680K)->39971K(41680K) Class: 5737K(7244K)->5737K(7244K)
[2024-06-01T14:33:30.130-0300][gc            ] GC(263) Pause Young (Normal) (G1 Evacuation Pause) 359M->306M(1024M) 19,937ms
[2024-06-01T14:33:30.130-0300][gc,cpu        ] GC(263) User=0,07s Sys=0,00s Real=0,02s
[2024-06-01T14:34:04.171-0300][gc,start      ] GC(264) Pause Young (Normal) (G1 Evacuation Pause)
[2024-06-01T14:34:04.171-0300][gc,task       ] GC(264) Using 4 workers of 4 for evacuation
[2024-06-01T14:34:04.191-0300][gc,phases     ] GC(264)   Pre Evacuate Collection Set: 0,1ms
[2024-06-01T14:34:04.191-0300][gc,phases     ] GC(264)   Evacuate Collection Set: 18,2ms
[2024-06-01T14:34:04.191-0300][gc,phases     ] GC(264)   Post Evacuate Collection Set: 1,1ms
[2024-06-01T14:34:04.191-0300][gc,phases     ] GC(264)   Other: 0,4ms
[2024-06-01T14:34:04.191-0300][gc,heap       ] GC(264) Eden regions: 54->0(54)
[2024-06-01T14:34:04.191-0300][gc,heap       ] GC(264) Survivor regions: 5->5(8)
[2024-06-01T14:34:04.191-0300][gc,heap       ] GC(264) Old regions: 175->176
[2024-06-01T14:34:04.191-0300][gc,heap       ] GC(264) Humongous regions: 129->129
[2024-06-01T14:34:04.191-0300][gc,metaspace  ] GC(264) Metaspace: 45708K(48924K)->45708K(48924K) NonClass: 39971K(41680K)->39971K(41680K) Class: 5737K(7244K)->5737K(7244K)
[2024-06-01T14:34:04.191-0300][gc            ] GC(264) Pause Young (Normal) (G1 Evacuation Pause) 360M->307M(1024M) 20,110ms
[2024-06-01T14:34:04.191-0300][gc,cpu        ] GC(264) User=0,07s Sys=0,00s Real=0,02s
[2024-06-01T14:34:33.532-0300][gc,start      ] GC(265) Pause Young (Normal) (G1 Evacuation Pause)
[2024-06-01T14:34:33.532-0300][gc,task       ] GC(265) Using 4 workers of 4 for evacuation
[2024-06-01T14:34:33.539-0300][gc,phases     ] GC(265)   Pre Evacuate Collection Set: 0,0ms
[2024-06-01T14:34:33.539-0300][gc,phases     ] GC(265)   Evacuate Collection Set: 6,3ms
[2024-06-01T14:34:33.539-0300][gc,phases     ] GC(265)   Post Evacuate Collection Set: 0,5ms
[2024-06-01T14:34:33.539-0300][gc,phases     ] GC(265)   Other: 0,2ms
[2024-06-01T14:34:33.539-0300][gc,heap       ] GC(265) Eden regions: 46->0(60)
[2024-06-01T14:34:33.539-0300][gc,heap       ] GC(265) Survivor regions: 5->4(7)
[2024-06-01T14:34:33.539-0300][gc,heap       ] GC(265) Old regions: 176->177
[2024-06-01T14:34:33.539-0300][gc,heap       ] GC(265) Humongous regions: 129->129
[2024-06-01T14:34:33.539-0300][gc,metaspace  ] GC(265) Metaspace: 45708K(48924K)->45708K(48924K) NonClass: 39971K(41680K)->39971K(41680K) Class: 5737K(7244K)->5737K(7244K)
[2024-06-01T14:34:33.539-0300][gc            ] GC(265) Pause Young (Normal) (G1 Evacuation Pause) 353M->308M(1024M) 7,139ms
[2024-06-01T14:34:33.539-0300][gc,cpu        ] GC(265) User=0,02s Sys=0,00s Real=0,01s
[2024-06-01T14:35:11.940-0300][gc,start      ] GC(266) Pause Young (Normal) (G1 Evacuation Pause)
[2024-06-01T14:35:11.940-0300][gc,task       ] GC(266) Using 4 workers of 4 for evacuation
[2024-06-01T14:35:11.947-0300][gc,phases     ] GC(266)   Pre Evacuate Collection Set: 0,0ms
[2024-06-01T14:35:11.947-0300][gc,phases     ] GC(266)   Evacuate Collection Set: 7,0ms
[2024-06-01T14:35:11.947-0300][gc,phases     ] GC(266)   Post Evacuate Collection Set: 0,4ms
[2024-06-01T14:35:11.947-0300][gc,phases     ] GC(266)   Other: 0,2ms
[2024-06-01T14:35:11.947-0300][gc,heap       ] GC(266) Eden regions: 60->0(65)
[2024-06-01T14:35:11.947-0300][gc,heap       ] GC(266) Survivor regions: 4->5(8)
[2024-06-01T14:35:11.947-0300][gc,heap       ] GC(266) Old regions: 177->177
[2024-06-01T14:35:11.947-0300][gc,heap       ] GC(266) Humongous regions: 129->129
[2024-06-01T14:35:11.947-0300][gc,metaspace  ] GC(266) Metaspace: 45708K(48924K)->45708K(48924K) NonClass: 39971K(41680K)->39971K(41680K) Class: 5737K(7244K)->5737K(7244K)
[2024-06-01T14:35:11.948-0300][gc            ] GC(266) Pause Young (Normal) (G1 Evacuation Pause) 368M->309M(1024M) 7,681ms
[2024-06-01T14:35:11.948-0300][gc,cpu        ] GC(266) User=0,02s Sys=0,00s Real=0,01s
[2024-06-01T14:35:48.559-0300][gc,start      ] GC(267) Pause Young (Normal) (G1 Evacuation Pause)
[2024-06-01T14:35:48.559-0300][gc,task       ] GC(267) Using 4 workers of 4 for evacuation
[2024-06-01T14:35:48.581-0300][gc,mmu        ] GC(267) MMU target violated: 21,0ms (20,0ms/21,0ms)
[2024-06-01T14:35:48.581-0300][gc,phases     ] GC(267)   Pre Evacuate Collection Set: 0,1ms
[2024-06-01T14:35:48.581-0300][gc,phases     ] GC(267)   Evacuate Collection Set: 21,2ms
[2024-06-01T14:35:48.581-0300][gc,phases     ] GC(267)   Post Evacuate Collection Set: 0,9ms
[2024-06-01T14:35:48.581-0300][gc,phases     ] GC(267)   Other: 0,5ms
[2024-06-01T14:35:48.581-0300][gc,heap       ] GC(267) Eden regions: 59->0(59)
[2024-06-01T14:35:48.581-0300][gc,heap       ] GC(267) Survivor regions: 5->6(8)
[2024-06-01T14:35:48.581-0300][gc,heap       ] GC(267) Old regions: 177->178
[2024-06-01T14:35:48.581-0300][gc,heap       ] GC(267) Humongous regions: 129->129
[2024-06-01T14:35:48.582-0300][gc,metaspace  ] GC(267) Metaspace: 45708K(48924K)->45708K(48924K) NonClass: 39971K(41680K)->39971K(41680K) Class: 5737K(7244K)->5737K(7244K)
[2024-06-01T14:35:48.582-0300][gc            ] GC(267) Pause Young (Normal) (G1 Evacuation Pause) 368M->311M(1024M) 22,955ms
[2024-06-01T14:35:48.582-0300][gc,cpu        ] GC(267) User=0,09s Sys=0,00s Real=0,02s
[2024-06-01T14:36:18.976-0300][gc,start      ] GC(268) Pause Young (Normal) (G1 Evacuation Pause)
[2024-06-01T14:36:18.976-0300][gc,task       ] GC(268) Using 4 workers of 4 for evacuation
[2024-06-01T14:36:18.999-0300][gc,mmu        ] GC(268) MMU target violated: 21,0ms (20,0ms/21,0ms)
[2024-06-01T14:36:18.999-0300][gc,phases     ] GC(268)   Pre Evacuate Collection Set: 0,1ms
[2024-06-01T14:36:18.999-0300][gc,phases     ] GC(268)   Evacuate Collection Set: 21,3ms
[2024-06-01T14:36:18.999-0300][gc,phases     ] GC(268)   Post Evacuate Collection Set: 1,0ms
[2024-06-01T14:36:18.999-0300][gc,phases     ] GC(268)   Other: 0,5ms
[2024-06-01T14:36:18.999-0300][gc,heap       ] GC(268) Eden regions: 48->0(52)
[2024-06-01T14:36:18.999-0300][gc,heap       ] GC(268) Survivor regions: 6->4(7)
[2024-06-01T14:36:18.999-0300][gc,heap       ] GC(268) Old regions: 178->181
[2024-06-01T14:36:18.999-0300][gc,heap       ] GC(268) Humongous regions: 129->129
[2024-06-01T14:36:18.999-0300][gc,metaspace  ] GC(268) Metaspace: 45708K(48924K)->45708K(48924K) NonClass: 39971K(41680K)->39971K(41680K) Class: 5737K(7244K)->5737K(7244K)
[2024-06-01T14:36:18.999-0300][gc            ] GC(268) Pause Young (Normal) (G1 Evacuation Pause) 359M->311M(1024M) 23,068ms
[2024-06-01T14:36:18.999-0300][gc,cpu        ] GC(268) User=0,09s Sys=0,00s Real=0,02s
[2024-06-01T14:36:52.085-0300][gc,start      ] GC(269) Pause Young (Normal) (G1 Evacuation Pause)
[2024-06-01T14:36:52.085-0300][gc,task       ] GC(269) Using 4 workers of 4 for evacuation
[2024-06-01T14:36:52.103-0300][gc,phases     ] GC(269)   Pre Evacuate Collection Set: 0,1ms
[2024-06-01T14:36:52.103-0300][gc,phases     ] GC(269)   Evacuate Collection Set: 16,3ms
[2024-06-01T14:36:52.103-0300][gc,phases     ] GC(269)   Post Evacuate Collection Set: 1,0ms
[2024-06-01T14:36:52.103-0300][gc,phases     ] GC(269)   Other: 0,4ms
[2024-06-01T14:36:52.103-0300][gc,heap       ] GC(269) Eden regions: 52->0(52)
[2024-06-01T14:36:52.103-0300][gc,heap       ] GC(269) Survivor regions: 4->5(7)
[2024-06-01T14:36:52.103-0300][gc,heap       ] GC(269) Old regions: 181->181
[2024-06-01T14:36:52.103-0300][gc,heap       ] GC(269) Humongous regions: 129->129
[2024-06-01T14:36:52.103-0300][gc,metaspace  ] GC(269) Metaspace: 45708K(48924K)->45708K(48924K) NonClass: 39971K(41680K)->39971K(41680K) Class: 5737K(7244K)->5737K(7244K)
[2024-06-01T14:36:52.103-0300][gc            ] GC(269) Pause Young (Normal) (G1 Evacuation Pause) 363M->312M(1024M) 18,094ms
[2024-06-01T14:36:52.103-0300][gc,cpu        ] GC(269) User=0,07s Sys=0,00s Real=0,02s
[2024-06-01T14:37:25.188-0300][gc,start      ] GC(270) Pause Young (Normal) (G1 Evacuation Pause)
[2024-06-01T14:37:25.188-0300][gc,task       ] GC(270) Using 4 workers of 4 for evacuation
[2024-06-01T14:37:25.208-0300][gc,phases     ] GC(270)   Pre Evacuate Collection Set: 0,1ms
[2024-06-01T14:37:25.208-0300][gc,phases     ] GC(270)   Evacuate Collection Set: 18,4ms
[2024-06-01T14:37:25.208-0300][gc,phases     ] GC(270)   Post Evacuate Collection Set: 1,0ms
[2024-06-01T14:37:25.208-0300][gc,phases     ] GC(270)   Other: 0,4ms
[2024-06-01T14:37:25.208-0300][gc,heap       ] GC(270) Eden regions: 52->0(52)
[2024-06-01T14:37:25.208-0300][gc,heap       ] GC(270) Survivor regions: 5->4(8)
[2024-06-01T14:37:25.208-0300][gc,heap       ] GC(270) Old regions: 181->182
[2024-06-01T14:37:25.208-0300][gc,heap       ] GC(270) Humongous regions: 129->129
[2024-06-01T14:37:25.208-0300][gc,metaspace  ] GC(270) Metaspace: 45708K(48924K)->45708K(48924K) NonClass: 39971K(41680K)->39971K(41680K) Class: 5737K(7244K)->5737K(7244K)
[2024-06-01T14:37:25.208-0300][gc            ] GC(270) Pause Young (Normal) (G1 Evacuation Pause) 364M->313M(1024M) 20,172ms
[2024-06-01T14:37:25.208-0300][gc,cpu        ] GC(270) User=0,07s Sys=0,00s Real=0,02s
[2024-06-01T14:37:57.888-0300][gc,start      ] GC(271) Pause Young (Normal) (G1 Evacuation Pause)
[2024-06-01T14:37:57.888-0300][gc,task       ] GC(271) Using 4 workers of 4 for evacuation
[2024-06-01T14:37:57.905-0300][gc,phases     ] GC(271)   Pre Evacuate Collection Set: 0,1ms
[2024-06-01T14:37:57.905-0300][gc,phases     ] GC(271)   Evacuate Collection Set: 15,8ms
[2024-06-01T14:37:57.905-0300][gc,phases     ] GC(271)   Post Evacuate Collection Set: 1,0ms
[2024-06-01T14:37:57.905-0300][gc,phases     ] GC(271)   Other: 0,4ms
[2024-06-01T14:37:57.905-0300][gc,heap       ] GC(271) Eden regions: 52->0(53)
[2024-06-01T14:37:57.905-0300][gc,heap       ] GC(271) Survivor regions: 4->4(7)
[2024-06-01T14:37:57.905-0300][gc,heap       ] GC(271) Old regions: 182->183
[2024-06-01T14:37:57.905-0300][gc,heap       ] GC(271) Humongous regions: 129->129
[2024-06-01T14:37:57.905-0300][gc,metaspace  ] GC(271) Metaspace: 45708K(48924K)->45708K(48924K) NonClass: 39971K(41680K)->39971K(41680K) Class: 5737K(7244K)->5737K(7244K)
[2024-06-01T14:37:57.905-0300][gc            ] GC(271) Pause Young (Normal) (G1 Evacuation Pause) 365M->314M(1024M) 17,535ms
[2024-06-01T14:37:57.905-0300][gc,cpu        ] GC(271) User=0,06s Sys=0,00s Real=0,01s
[2024-06-01T14:38:31.584-0300][gc,start      ] GC(272) Pause Young (Normal) (G1 Evacuation Pause)
[2024-06-01T14:38:31.584-0300][gc,task       ] GC(272) Using 4 workers of 4 for evacuation
[2024-06-01T14:38:31.599-0300][gc,phases     ] GC(272)   Pre Evacuate Collection Set: 0,1ms
[2024-06-01T14:38:31.599-0300][gc,phases     ] GC(272)   Evacuate Collection Set: 14,1ms
[2024-06-01T14:38:31.599-0300][gc,phases     ] GC(272)   Post Evacuate Collection Set: 1,0ms
[2024-06-01T14:38:31.600-0300][gc,phases     ] GC(272)   Other: 0,4ms
[2024-06-01T14:38:31.600-0300][gc,heap       ] GC(272) Eden regions: 53->0(54)
[2024-06-01T14:38:31.600-0300][gc,heap       ] GC(272) Survivor regions: 4->4(8)
[2024-06-01T14:38:31.600-0300][gc,heap       ] GC(272) Old regions: 183->183
[2024-06-01T14:38:31.600-0300][gc,heap       ] GC(272) Humongous regions: 129->129
[2024-06-01T14:38:31.600-0300][gc,metaspace  ] GC(272) Metaspace: 45708K(48924K)->45708K(48924K) NonClass: 39971K(41680K)->39971K(41680K) Class: 5737K(7244K)->5737K(7244K)
[2024-06-01T14:38:31.600-0300][gc            ] GC(272) Pause Young (Normal) (G1 Evacuation Pause) 367M->314M(1024M) 15,832ms
[2024-06-01T14:38:31.600-0300][gc,cpu        ] GC(272) User=0,06s Sys=0,00s Real=0,02s
[2024-06-01T14:39:05.698-0300][gc,start      ] GC(273) Pause Young (Normal) (G1 Evacuation Pause)
[2024-06-01T14:39:05.698-0300][gc,task       ] GC(273) Using 4 workers of 4 for evacuation
[2024-06-01T14:39:05.714-0300][gc,phases     ] GC(273)   Pre Evacuate Collection Set: 0,1ms
[2024-06-01T14:39:05.715-0300][gc,phases     ] GC(273)   Evacuate Collection Set: 15,5ms
[2024-06-01T14:39:05.715-0300][gc,phases     ] GC(273)   Post Evacuate Collection Set: 1,0ms
[2024-06-01T14:39:05.715-0300][gc,phases     ] GC(273)   Other: 0,4ms
[2024-06-01T14:39:05.715-0300][gc,heap       ] GC(273) Eden regions: 54->0(54)
[2024-06-01T14:39:05.715-0300][gc,heap       ] GC(273) Survivor regions: 4->5(8)
[2024-06-01T14:39:05.715-0300][gc,heap       ] GC(273) Old regions: 183->183
[2024-06-01T14:39:05.715-0300][gc,heap       ] GC(273) Humongous regions: 129->129
[2024-06-01T14:39:05.715-0300][gc,metaspace  ] GC(273) Metaspace: 45708K(48924K)->45708K(48924K) NonClass: 39971K(41680K)->39971K(41680K) Class: 5737K(7244K)->5737K(7244K)
[2024-06-01T14:39:05.715-0300][gc            ] GC(273) Pause Young (Normal) (G1 Evacuation Pause) 368M->315M(1024M) 17,286ms
[2024-06-01T14:39:05.715-0300][gc,cpu        ] GC(273) User=0,06s Sys=0,00s Real=0,01s
[2024-06-01T14:39:40.499-0300][gc,start      ] GC(274) Pause Young (Normal) (G1 Evacuation Pause)
[2024-06-01T14:39:40.499-0300][gc,task       ] GC(274) Using 4 workers of 4 for evacuation
[2024-06-01T14:39:40.506-0300][gc,phases     ] GC(274)   Pre Evacuate Collection Set: 0,0ms
[2024-06-01T14:39:40.506-0300][gc,phases     ] GC(274)   Evacuate Collection Set: 6,5ms
[2024-06-01T14:39:40.506-0300][gc,phases     ] GC(274)   Post Evacuate Collection Set: 0,5ms
[2024-06-01T14:39:40.506-0300][gc,phases     ] GC(274)   Other: 0,2ms
[2024-06-01T14:39:40.506-0300][gc,heap       ] GC(274) Eden regions: 54->0(56)
[2024-06-01T14:39:40.506-0300][gc,heap       ] GC(274) Survivor regions: 5->5(8)
[2024-06-01T14:39:40.506-0300][gc,heap       ] GC(274) Old regions: 183->184
[2024-06-01T14:39:40.506-0300][gc,heap       ] GC(274) Humongous regions: 129->129
[2024-06-01T14:39:40.506-0300][gc,metaspace  ] GC(274) Metaspace: 45708K(48924K)->45708K(48924K) NonClass: 39971K(41680K)->39971K(41680K) Class: 5737K(7244K)->5737K(7244K)
[2024-06-01T14:39:40.506-0300][gc            ] GC(274) Pause Young (Normal) (G1 Evacuation Pause) 369M->316M(1024M) 7,304ms
[2024-06-01T14:39:40.506-0300][gc,cpu        ] GC(274) User=0,03s Sys=0,00s Real=0,00s
[2024-06-01T14:40:16.259-0300][gc,start      ] GC(275) Pause Young (Normal) (G1 Evacuation Pause)
[2024-06-01T14:40:16.259-0300][gc,task       ] GC(275) Using 4 workers of 4 for evacuation
[2024-06-01T14:40:16.278-0300][gc,phases     ] GC(275)   Pre Evacuate Collection Set: 0,1ms
[2024-06-01T14:40:16.278-0300][gc,phases     ] GC(275)   Evacuate Collection Set: 18,0ms
[2024-06-01T14:40:16.278-0300][gc,phases     ] GC(275)   Post Evacuate Collection Set: 1,0ms
[2024-06-01T14:40:16.278-0300][gc,phases     ] GC(275)   Other: 0,4ms
[2024-06-01T14:40:16.278-0300][gc,heap       ] GC(275) Eden regions: 56->0(57)
[2024-06-01T14:40:16.278-0300][gc,heap       ] GC(275) Survivor regions: 5->6(8)
[2024-06-01T14:40:16.278-0300][gc,heap       ] GC(275) Old regions: 184->185
[2024-06-01T14:40:16.278-0300][gc,heap       ] GC(275) Humongous regions: 129->129
[2024-06-01T14:40:16.278-0300][gc,metaspace  ] GC(275) Metaspace: 45708K(48924K)->45708K(48924K) NonClass: 39971K(41680K)->39971K(41680K) Class: 5737K(7244K)->5737K(7244K)
[2024-06-01T14:40:16.278-0300][gc            ] GC(275) Pause Young (Normal) (G1 Evacuation Pause) 372M->317M(1024M) 19,737ms
[2024-06-01T14:40:16.278-0300][gc,cpu        ] GC(275) User=0,07s Sys=0,00s Real=0,02s
[2024-06-01T14:40:52.534-0300][gc,start      ] GC(276) Pause Young (Normal) (G1 Evacuation Pause)
[2024-06-01T14:40:52.534-0300][gc,task       ] GC(276) Using 4 workers of 4 for evacuation
[2024-06-01T14:40:52.554-0300][gc,mmu        ] GC(276) MMU target violated: 20,2ms (20,0ms/21,0ms)
[2024-06-01T14:40:52.555-0300][gc,phases     ] GC(276)   Pre Evacuate Collection Set: 0,1ms
[2024-06-01T14:40:52.555-0300][gc,phases     ] GC(276)   Evacuate Collection Set: 19,0ms
[2024-06-01T14:40:52.555-0300][gc,phases     ] GC(276)   Post Evacuate Collection Set: 1,0ms
[2024-06-01T14:40:52.555-0300][gc,phases     ] GC(276)   Other: 0,5ms
[2024-06-01T14:40:52.555-0300][gc,heap       ] GC(276) Eden regions: 57->0(55)
[2024-06-01T14:40:52.555-0300][gc,heap       ] GC(276) Survivor regions: 6->5(8)
[2024-06-01T14:40:52.555-0300][gc,heap       ] GC(276) Old regions: 185->187
[2024-06-01T14:40:52.555-0300][gc,heap       ] GC(276) Humongous regions: 129->129
[2024-06-01T14:40:52.555-0300][gc,metaspace  ] GC(276) Metaspace: 45708K(48924K)->45708K(48924K) NonClass: 39971K(41680K)->39971K(41680K) Class: 5737K(7244K)->5737K(7244K)
[2024-06-01T14:40:52.555-0300][gc            ] GC(276) Pause Young (Normal) (G1 Evacuation Pause) 374M->318M(1024M) 20,778ms
[2024-06-01T14:40:52.555-0300][gc,cpu        ] GC(276) User=0,07s Sys=0,00s Real=0,02s
[2024-06-01T14:41:21.930-0300][gc,start      ] GC(277) Pause Young (Normal) (G1 Evacuation Pause)
[2024-06-01T14:41:21.930-0300][gc,task       ] GC(277) Using 4 workers of 4 for evacuation
[2024-06-01T14:41:21.935-0300][gc,phases     ] GC(277)   Pre Evacuate Collection Set: 0,0ms
[2024-06-01T14:41:21.936-0300][gc,phases     ] GC(277)   Evacuate Collection Set: 4,6ms
[2024-06-01T14:41:21.936-0300][gc,phases     ] GC(277)   Post Evacuate Collection Set: 0,4ms
[2024-06-01T14:41:21.936-0300][gc,phases     ] GC(277)   Other: 0,2ms
[2024-06-01T14:41:21.936-0300][gc,heap       ] GC(277) Eden regions: 46->0(56)
[2024-06-01T14:41:21.936-0300][gc,heap       ] GC(277) Survivor regions: 5->5(7)
[2024-06-01T14:41:21.936-0300][gc,heap       ] GC(277) Old regions: 187->188
[2024-06-01T14:41:21.936-0300][gc,heap       ] GC(277) Humongous regions: 129->129
[2024-06-01T14:41:21.936-0300][gc,metaspace  ] GC(277) Metaspace: 45708K(48924K)->45708K(48924K) NonClass: 39971K(41680K)->39971K(41680K) Class: 5737K(7244K)->5737K(7244K)
[2024-06-01T14:41:21.936-0300][gc            ] GC(277) Pause Young (Normal) (G1 Evacuation Pause) 364M->320M(1024M) 5,345ms
[2024-06-01T14:41:21.936-0300][gc,cpu        ] GC(277) User=0,02s Sys=0,00s Real=0,01s
[2024-06-01T14:41:54.466-0300][gc,start      ] GC(278) Pause Young (Normal) (G1 Evacuation Pause)
[2024-06-01T14:41:54.466-0300][gc,task       ] GC(278) Using 4 workers of 4 for evacuation
[2024-06-01T14:41:54.474-0300][gc,phases     ] GC(278)   Pre Evacuate Collection Set: 0,0ms
[2024-06-01T14:41:54.474-0300][gc,phases     ] GC(278)   Evacuate Collection Set: 7,3ms
[2024-06-01T14:41:54.474-0300][gc,phases     ] GC(278)   Post Evacuate Collection Set: 0,6ms
[2024-06-01T14:41:54.474-0300][gc,phases     ] GC(278)   Other: 0,2ms
[2024-06-01T14:41:54.474-0300][gc,heap       ] GC(278) Eden regions: 51->0(60)
[2024-06-01T14:41:54.474-0300][gc,heap       ] GC(278) Survivor regions: 5->5(7)
[2024-06-01T14:41:54.474-0300][gc,heap       ] GC(278) Old regions: 188->189
[2024-06-01T14:41:54.474-0300][gc,heap       ] GC(278) Humongous regions: 129->129
[2024-06-01T14:41:54.474-0300][gc,metaspace  ] GC(278) Metaspace: 45708K(48924K)->45708K(48924K) NonClass: 39971K(41680K)->39971K(41680K) Class: 5737K(7244K)->5737K(7244K)
[2024-06-01T14:41:54.474-0300][gc            ] GC(278) Pause Young (Normal) (G1 Evacuation Pause) 371M->321M(1024M) 8,191ms
[2024-06-01T14:41:54.474-0300][gc,cpu        ] GC(278) User=0,03s Sys=0,00s Real=0,01s
[2024-06-01T14:42:30.202-0300][gc,start      ] GC(279) Pause Young (Normal) (G1 Evacuation Pause)
[2024-06-01T14:42:30.202-0300][gc,task       ] GC(279) Using 4 workers of 4 for evacuation
[2024-06-01T14:42:30.220-0300][gc,phases     ] GC(279)   Pre Evacuate Collection Set: 0,1ms
[2024-06-01T14:42:30.220-0300][gc,phases     ] GC(279)   Evacuate Collection Set: 16,9ms
[2024-06-01T14:42:30.220-0300][gc,phases     ] GC(279)   Post Evacuate Collection Set: 1,0ms
[2024-06-01T14:42:30.220-0300][gc,phases     ] GC(279)   Other: 0,5ms
[2024-06-01T14:42:30.220-0300][gc,heap       ] GC(279) Eden regions: 56->0(57)
[2024-06-01T14:42:30.220-0300][gc,heap       ] GC(279) Survivor regions: 5->4(8)
[2024-06-01T14:42:30.220-0300][gc,heap       ] GC(279) Old regions: 189->190
[2024-06-01T14:42:30.220-0300][gc,heap       ] GC(279) Humongous regions: 129->129
[2024-06-01T14:42:30.220-0300][gc,metaspace  ] GC(279) Metaspace: 45708K(48924K)->45708K(48924K) NonClass: 39971K(41680K)->39971K(41680K) Class: 5737K(7244K)->5737K(7244K)
[2024-06-01T14:42:30.221-0300][gc            ] GC(279) Pause Young (Normal) (G1 Evacuation Pause) 377M->321M(1024M) 18,748ms
[2024-06-01T14:42:30.221-0300][gc,cpu        ] GC(279) User=0,07s Sys=0,00s Real=0,02s
[2024-06-01T14:43:03.306-0300][gc,start      ] GC(280) Pause Young (Normal) (G1 Evacuation Pause)
[2024-06-01T14:43:03.306-0300][gc,task       ] GC(280) Using 4 workers of 4 for evacuation
[2024-06-01T14:43:03.324-0300][gc,phases     ] GC(280)   Pre Evacuate Collection Set: 0,1ms
[2024-06-01T14:43:03.324-0300][gc,phases     ] GC(280)   Evacuate Collection Set: 16,7ms
[2024-06-01T14:43:03.324-0300][gc,phases     ] GC(280)   Post Evacuate Collection Set: 1,0ms
[2024-06-01T14:43:03.324-0300][gc,phases     ] GC(280)   Other: 0,4ms
[2024-06-01T14:43:03.324-0300][gc,heap       ] GC(280) Eden regions: 52->0(54)
[2024-06-01T14:43:03.324-0300][gc,heap       ] GC(280) Survivor regions: 4->4(7)
[2024-06-01T14:43:03.324-0300][gc,heap       ] GC(280) Old regions: 190->191
[2024-06-01T14:43:03.324-0300][gc,heap       ] GC(280) Humongous regions: 129->129
[2024-06-01T14:43:03.324-0300][gc,metaspace  ] GC(280) Metaspace: 45708K(48924K)->45708K(48924K) NonClass: 39971K(41680K)->39971K(41680K) Class: 5737K(7244K)->5737K(7244K)
[2024-06-01T14:43:03.324-0300][gc            ] GC(280) Pause Young (Normal) (G1 Evacuation Pause) 373M->322M(1024M) 18,453ms
[2024-06-01T14:43:03.324-0300][gc,cpu        ] GC(280) User=0,07s Sys=0,00s Real=0,02s
[2024-06-01T14:43:34.387-0300][gc,start      ] GC(281) Pause Young (Normal) (G1 Evacuation Pause)
[2024-06-01T14:43:34.387-0300][gc,task       ] GC(281) Using 4 workers of 4 for evacuation
[2024-06-01T14:43:34.406-0300][gc,phases     ] GC(281)   Pre Evacuate Collection Set: 0,1ms
[2024-06-01T14:43:34.406-0300][gc,phases     ] GC(281)   Evacuate Collection Set: 17,0ms
[2024-06-01T14:43:34.406-0300][gc,phases     ] GC(281)   Post Evacuate Collection Set: 1,0ms
[2024-06-01T14:43:34.406-0300][gc,phases     ] GC(281)   Other: 0,5ms
[2024-06-01T14:43:34.406-0300][gc,heap       ] GC(281) Eden regions: 49->0(53)
[2024-06-01T14:43:34.406-0300][gc,heap       ] GC(281) Survivor regions: 4->5(7)
[2024-06-01T14:43:34.406-0300][gc,heap       ] GC(281) Old regions: 191->192
[2024-06-01T14:43:34.406-0300][gc,heap       ] GC(281) Humongous regions: 129->129
[2024-06-01T14:43:34.406-0300][gc,metaspace  ] GC(281) Metaspace: 45708K(48924K)->45708K(48924K) NonClass: 39971K(41680K)->39971K(41680K) Class: 5737K(7244K)->5737K(7244K)
[2024-06-01T14:43:34.406-0300][gc            ] GC(281) Pause Young (Normal) (G1 Evacuation Pause) 371M->323M(1024M) 18,807ms
[2024-06-01T14:43:34.406-0300][gc,cpu        ] GC(281) User=0,07s Sys=0,00s Real=0,02s
[2024-06-01T14:44:04.348-0300][gc,start      ] GC(282) Pause Young (Normal) (G1 Evacuation Pause)
[2024-06-01T14:44:04.348-0300][gc,task       ] GC(282) Using 4 workers of 4 for evacuation
[2024-06-01T14:44:04.367-0300][gc,phases     ] GC(282)   Pre Evacuate Collection Set: 0,1ms
[2024-06-01T14:44:04.367-0300][gc,phases     ] GC(282)   Evacuate Collection Set: 17,4ms
[2024-06-01T14:44:04.367-0300][gc,phases     ] GC(282)   Post Evacuate Collection Set: 1,0ms
[2024-06-01T14:44:04.367-0300][gc,phases     ] GC(282)   Other: 0,4ms
[2024-06-01T14:44:04.367-0300][gc,heap       ] GC(282) Eden regions: 47->0(53)
[2024-06-01T14:44:04.367-0300][gc,heap       ] GC(282) Survivor regions: 5->5(7)
[2024-06-01T14:44:04.367-0300][gc,heap       ] GC(282) Old regions: 192->193
[2024-06-01T14:44:04.367-0300][gc,heap       ] GC(282) Humongous regions: 129->129
[2024-06-01T14:44:04.367-0300][gc,metaspace  ] GC(282) Metaspace: 45708K(48924K)->45708K(48924K) NonClass: 39971K(41680K)->39971K(41680K) Class: 5737K(7244K)->5737K(7244K)
[2024-06-01T14:44:04.367-0300][gc            ] GC(282) Pause Young (Normal) (G1 Evacuation Pause) 370M->324M(1024M) 19,158ms
[2024-06-01T14:44:04.367-0300][gc,cpu        ] GC(282) User=0,07s Sys=0,00s Real=0,01s
[2024-06-01T14:44:33.700-0300][gc,start      ] GC(283) Pause Young (Normal) (G1 Evacuation Pause)
[2024-06-01T14:44:33.700-0300][gc,task       ] GC(283) Using 4 workers of 4 for evacuation
[2024-06-01T14:44:33.706-0300][gc,phases     ] GC(283)   Pre Evacuate Collection Set: 0,0ms
[2024-06-01T14:44:33.706-0300][gc,phases     ] GC(283)   Evacuate Collection Set: 4,7ms
[2024-06-01T14:44:33.706-0300][gc,phases     ] GC(283)   Post Evacuate Collection Set: 0,4ms
[2024-06-01T14:44:33.706-0300][gc,phases     ] GC(283)   Other: 0,2ms
[2024-06-01T14:44:33.706-0300][gc,heap       ] GC(283) Eden regions: 46->0(58)
[2024-06-01T14:44:33.706-0300][gc,heap       ] GC(283) Survivor regions: 5->5(7)
[2024-06-01T14:44:33.706-0300][gc,heap       ] GC(283) Old regions: 193->194
[2024-06-01T14:44:33.706-0300][gc,heap       ] GC(283) Humongous regions: 129->129
[2024-06-01T14:44:33.706-0300][gc,metaspace  ] GC(283) Metaspace: 45708K(48924K)->45708K(48924K) NonClass: 39971K(41680K)->39971K(41680K) Class: 5737K(7244K)->5737K(7244K)
[2024-06-01T14:44:33.706-0300][gc            ] GC(283) Pause Young (Normal) (G1 Evacuation Pause) 370M->325M(1024M) 5,417ms
[2024-06-01T14:44:33.706-0300][gc,cpu        ] GC(283) User=0,01s Sys=0,01s Real=0,00s
[2024-06-01T14:45:07.083-0300][gc,start      ] GC(284) Pause Young (Normal) (G1 Evacuation Pause)
[2024-06-01T14:45:07.083-0300][gc,task       ] GC(284) Using 4 workers of 4 for evacuation
[2024-06-01T14:45:07.107-0300][gc,mmu        ] GC(284) MMU target violated: 21,0ms (20,0ms/21,0ms)
[2024-06-01T14:45:07.107-0300][gc,phases     ] GC(284)   Pre Evacuate Collection Set: 0,1ms
[2024-06-01T14:45:07.107-0300][gc,phases     ] GC(284)   Evacuate Collection Set: 22,3ms
[2024-06-01T14:45:07.107-0300][gc,phases     ] GC(284)   Post Evacuate Collection Set: 1,1ms
[2024-06-01T14:45:07.107-0300][gc,phases     ] GC(284)   Other: 0,5ms
[2024-06-01T14:45:07.107-0300][gc,heap       ] GC(284) Eden regions: 52->0(55)
[2024-06-01T14:45:07.107-0300][gc,heap       ] GC(284) Survivor regions: 5->6(8)
[2024-06-01T14:45:07.107-0300][gc,heap       ] GC(284) Old regions: 194->194
[2024-06-01T14:45:07.107-0300][gc,heap       ] GC(284) Humongous regions: 129->129
[2024-06-01T14:45:07.107-0300][gc,metaspace  ] GC(284) Metaspace: 45708K(48924K)->45708K(48924K) NonClass: 39971K(41680K)->39971K(41680K) Class: 5737K(7244K)->5737K(7244K)
[2024-06-01T14:45:07.107-0300][gc            ] GC(284) Pause Young (Normal) (G1 Evacuation Pause) 377M->326M(1024M) 24,122ms
[2024-06-01T14:45:07.107-0300][gc,cpu        ] GC(284) User=0,08s Sys=0,00s Real=0,02s
[2024-06-01T14:45:35.947-0300][gc,start      ] GC(285) Pause Young (Normal) (G1 Evacuation Pause)
[2024-06-01T14:45:35.947-0300][gc,task       ] GC(285) Using 4 workers of 4 for evacuation
[2024-06-01T14:45:35.968-0300][gc,mmu        ] GC(285) MMU target violated: 21,0ms (20,0ms/21,0ms)
[2024-06-01T14:45:35.968-0300][gc,phases     ] GC(285)   Pre Evacuate Collection Set: 0,1ms
[2024-06-01T14:45:35.968-0300][gc,phases     ] GC(285)   Evacuate Collection Set: 19,7ms
[2024-06-01T14:45:35.968-0300][gc,phases     ] GC(285)   Post Evacuate Collection Set: 1,1ms
[2024-06-01T14:45:35.968-0300][gc,phases     ] GC(285)   Other: 0,5ms
[2024-06-01T14:45:35.968-0300][gc,heap       ] GC(285) Eden regions: 45->0(53)
[2024-06-01T14:45:35.968-0300][gc,heap       ] GC(285) Survivor regions: 6->5(7)
[2024-06-01T14:45:35.968-0300][gc,heap       ] GC(285) Old regions: 194->196
[2024-06-01T14:45:35.968-0300][gc,heap       ] GC(285) Humongous regions: 129->129
[2024-06-01T14:45:35.968-0300][gc,metaspace  ] GC(285) Metaspace: 45708K(48924K)->45708K(48924K) NonClass: 39971K(41680K)->39971K(41680K) Class: 5737K(7244K)->5737K(7244K)
[2024-06-01T14:45:35.968-0300][gc            ] GC(285) Pause Young (Normal) (G1 Evacuation Pause) 371M->327M(1024M) 21,510ms
[2024-06-01T14:45:35.968-0300][gc,cpu        ] GC(285) User=0,08s Sys=0,00s Real=0,03s
[2024-06-01T14:46:09.298-0300][gc,start      ] GC(286) Pause Young (Normal) (G1 Evacuation Pause)
[2024-06-01T14:46:09.298-0300][gc,task       ] GC(286) Using 4 workers of 4 for evacuation
[2024-06-01T14:46:09.317-0300][gc,phases     ] GC(286)   Pre Evacuate Collection Set: 0,1ms
[2024-06-01T14:46:09.317-0300][gc,phases     ] GC(286)   Evacuate Collection Set: 17,8ms
[2024-06-01T14:46:09.317-0300][gc,phases     ] GC(286)   Post Evacuate Collection Set: 1,1ms
[2024-06-01T14:46:09.317-0300][gc,phases     ] GC(286)   Other: 0,4ms
[2024-06-01T14:46:09.317-0300][gc,heap       ] GC(286) Eden regions: 53->0(54)
[2024-06-01T14:46:09.317-0300][gc,heap       ] GC(286) Survivor regions: 5->6(8)
[2024-06-01T14:46:09.317-0300][gc,heap       ] GC(286) Old regions: 196->196
[2024-06-01T14:46:09.317-0300][gc,heap       ] GC(286) Humongous regions: 129->129
[2024-06-01T14:46:09.317-0300][gc,metaspace  ] GC(286) Metaspace: 45708K(48924K)->45708K(48924K) NonClass: 39971K(41680K)->39971K(41680K) Class: 5737K(7244K)->5737K(7244K)
[2024-06-01T14:46:09.317-0300][gc            ] GC(286) Pause Young (Normal) (G1 Evacuation Pause) 380M->328M(1024M) 19,565ms
[2024-06-01T14:46:09.317-0300][gc,cpu        ] GC(286) User=0,07s Sys=0,00s Real=0,02s
[2024-06-01T14:46:38.220-0300][gc,start      ] GC(287) Pause Young (Normal) (G1 Evacuation Pause)
[2024-06-01T14:46:38.220-0300][gc,task       ] GC(287) Using 4 workers of 4 for evacuation
[2024-06-01T14:46:38.241-0300][gc,mmu        ] GC(287) MMU target violated: 21,0ms (20,0ms/21,0ms)
[2024-06-01T14:46:38.242-0300][gc,phases     ] GC(287)   Pre Evacuate Collection Set: 0,1ms
[2024-06-01T14:46:38.242-0300][gc,phases     ] GC(287)   Evacuate Collection Set: 20,0ms
[2024-06-01T14:46:38.242-0300][gc,phases     ] GC(287)   Post Evacuate Collection Set: 1,0ms
[2024-06-01T14:46:38.242-0300][gc,phases     ] GC(287)   Other: 0,5ms
[2024-06-01T14:46:38.242-0300][gc,heap       ] GC(287) Eden regions: 45->0(52)
[2024-06-01T14:46:38.242-0300][gc,heap       ] GC(287) Survivor regions: 6->5(7)
[2024-06-01T14:46:38.242-0300][gc,heap       ] GC(287) Old regions: 196->198
[2024-06-01T14:46:38.242-0300][gc,heap       ] GC(287) Humongous regions: 129->129
[2024-06-01T14:46:38.242-0300][gc,metaspace  ] GC(287) Metaspace: 45708K(48924K)->45708K(48924K) NonClass: 39971K(41680K)->39971K(41680K) Class: 5737K(7244K)->5737K(7244K)
[2024-06-01T14:46:38.242-0300][gc            ] GC(287) Pause Young (Normal) (G1 Evacuation Pause) 373M->329M(1024M) 21,761ms
[2024-06-01T14:46:38.242-0300][gc,cpu        ] GC(287) User=0,08s Sys=0,00s Real=0,02s
[2024-06-01T14:47:07.742-0300][gc,start      ] GC(288) Pause Young (Normal) (G1 Evacuation Pause)
[2024-06-01T14:47:07.742-0300][gc,task       ] GC(288) Using 4 workers of 4 for evacuation
[2024-06-01T14:47:07.761-0300][gc,phases     ] GC(288)   Pre Evacuate Collection Set: 0,1ms
[2024-06-01T14:47:07.761-0300][gc,phases     ] GC(288)   Evacuate Collection Set: 17,2ms
[2024-06-01T14:47:07.761-0300][gc,phases     ] GC(288)   Post Evacuate Collection Set: 1,1ms
[2024-06-01T14:47:07.761-0300][gc,phases     ] GC(288)   Other: 0,4ms
[2024-06-01T14:47:07.761-0300][gc,heap       ] GC(288) Eden regions: 46->0(54)
[2024-06-01T14:47:07.761-0300][gc,heap       ] GC(288) Survivor regions: 5->4(7)
[2024-06-01T14:47:07.761-0300][gc,heap       ] GC(288) Old regions: 198->199
[2024-06-01T14:47:07.761-0300][gc,heap       ] GC(288) Humongous regions: 129->129
[2024-06-01T14:47:07.761-0300][gc,metaspace  ] GC(288) Metaspace: 45708K(48924K)->45708K(48924K) NonClass: 39971K(41680K)->39971K(41680K) Class: 5737K(7244K)->5737K(7244K)
[2024-06-01T14:47:07.761-0300][gc            ] GC(288) Pause Young (Normal) (G1 Evacuation Pause) 375M->330M(1024M) 19,040ms
[2024-06-01T14:47:07.761-0300][gc,cpu        ] GC(288) User=0,07s Sys=0,00s Real=0,02s
[2024-06-01T14:47:42.176-0300][gc,start      ] GC(289) Pause Young (Normal) (G1 Evacuation Pause)
[2024-06-01T14:47:42.177-0300][gc,task       ] GC(289) Using 4 workers of 4 for evacuation
[2024-06-01T14:47:42.195-0300][gc,phases     ] GC(289)   Pre Evacuate Collection Set: 0,1ms
[2024-06-01T14:47:42.195-0300][gc,phases     ] GC(289)   Evacuate Collection Set: 17,5ms
[2024-06-01T14:47:42.195-0300][gc,phases     ] GC(289)   Post Evacuate Collection Set: 1,0ms
[2024-06-01T14:47:42.196-0300][gc,phases     ] GC(289)   Other: 0,5ms
[2024-06-01T14:47:42.196-0300][gc,heap       ] GC(289) Eden regions: 54->0(53)
[2024-06-01T14:47:42.196-0300][gc,heap       ] GC(289) Survivor regions: 4->5(8)
[2024-06-01T14:47:42.196-0300][gc,heap       ] GC(289) Old regions: 199->199
[2024-06-01T14:47:42.196-0300][gc,heap       ] GC(289) Humongous regions: 129->129
[2024-06-01T14:47:42.196-0300][gc,metaspace  ] GC(289) Metaspace: 45708K(48924K)->45708K(48924K) NonClass: 39971K(41680K)->39971K(41680K) Class: 5737K(7244K)->5737K(7244K)
[2024-06-01T14:47:42.196-0300][gc            ] GC(289) Pause Young (Normal) (G1 Evacuation Pause) 384M->331M(1024M) 19,246ms
[2024-06-01T14:47:42.196-0300][gc,cpu        ] GC(289) User=0,07s Sys=0,00s Real=0,02s
[2024-06-01T14:48:16.380-0300][gc,start      ] GC(290) Pause Young (Normal) (G1 Evacuation Pause)
[2024-06-01T14:48:16.380-0300][gc,task       ] GC(290) Using 4 workers of 4 for evacuation
[2024-06-01T14:48:16.401-0300][gc,mmu        ] GC(290) MMU target violated: 20,5ms (20,0ms/21,0ms)
[2024-06-01T14:48:16.401-0300][gc,phases     ] GC(290)   Pre Evacuate Collection Set: 0,1ms
[2024-06-01T14:48:16.401-0300][gc,phases     ] GC(290)   Evacuate Collection Set: 19,3ms
[2024-06-01T14:48:16.401-0300][gc,phases     ] GC(290)   Post Evacuate Collection Set: 1,1ms
[2024-06-01T14:48:16.401-0300][gc,phases     ] GC(290)   Other: 0,5ms
[2024-06-01T14:48:16.401-0300][gc,heap       ] GC(290) Eden regions: 53->0(51)
[2024-06-01T14:48:16.401-0300][gc,heap       ] GC(290) Survivor regions: 5->5(8)
[2024-06-01T14:48:16.401-0300][gc,heap       ] GC(290) Old regions: 199->200
[2024-06-01T14:48:16.401-0300][gc,heap       ] GC(290) Humongous regions: 129->129
[2024-06-01T14:48:16.401-0300][gc,metaspace  ] GC(290) Metaspace: 45708K(48924K)->45708K(48924K) NonClass: 39971K(41680K)->39971K(41680K) Class: 5737K(7244K)->5737K(7244K)
[2024-06-01T14:48:16.401-0300][gc            ] GC(290) Pause Young (Normal) (G1 Evacuation Pause) 384M->332M(1024M) 21,119ms
[2024-06-01T14:48:16.401-0300][gc,cpu        ] GC(290) User=0,08s Sys=0,00s Real=0,02s
[2024-06-01T14:48:48.469-0300][gc,start      ] GC(291) Pause Young (Normal) (G1 Evacuation Pause)
[2024-06-01T14:48:48.469-0300][gc,task       ] GC(291) Using 4 workers of 4 for evacuation
[2024-06-01T14:48:48.490-0300][gc,mmu        ] GC(291) MMU target violated: 21,0ms (20,0ms/21,0ms)
[2024-06-01T14:48:48.490-0300][gc,phases     ] GC(291)   Pre Evacuate Collection Set: 0,1ms
[2024-06-01T14:48:48.490-0300][gc,phases     ] GC(291)   Evacuate Collection Set: 19,9ms
[2024-06-01T14:48:48.490-0300][gc,phases     ] GC(291)   Post Evacuate Collection Set: 1,1ms
[2024-06-01T14:48:48.490-0300][gc,phases     ] GC(291)   Other: 0,5ms
[2024-06-01T14:48:48.490-0300][gc,heap       ] GC(291) Eden regions: 51->0(51)
[2024-06-01T14:48:48.490-0300][gc,heap       ] GC(291) Survivor regions: 5->5(7)
[2024-06-01T14:48:48.490-0300][gc,heap       ] GC(291) Old regions: 200->202
[2024-06-01T14:48:48.490-0300][gc,heap       ] GC(291) Humongous regions: 129->129
[2024-06-01T14:48:48.490-0300][gc,metaspace  ] GC(291) Metaspace: 45708K(48924K)->45708K(48924K) NonClass: 39971K(41680K)->39971K(41680K) Class: 5737K(7244K)->5737K(7244K)
[2024-06-01T14:48:48.491-0300][gc            ] GC(291) Pause Young (Normal) (G1 Evacuation Pause) 383M->333M(1024M) 21,752ms
[2024-06-01T14:48:48.491-0300][gc,cpu        ] GC(291) User=0,08s Sys=0,00s Real=0,02s
[2024-06-01T14:49:21.158-0300][gc,start      ] GC(292) Pause Young (Normal) (G1 Evacuation Pause)
[2024-06-01T14:49:21.158-0300][gc,task       ] GC(292) Using 4 workers of 4 for evacuation
[2024-06-01T14:49:21.178-0300][gc,phases     ] GC(292)   Pre Evacuate Collection Set: 0,1ms
[2024-06-01T14:49:21.178-0300][gc,phases     ] GC(292)   Evacuate Collection Set: 18,3ms
[2024-06-01T14:49:21.178-0300][gc,phases     ] GC(292)   Post Evacuate Collection Set: 1,0ms
[2024-06-01T14:49:21.178-0300][gc,phases     ] GC(292)   Other: 0,4ms
[2024-06-01T14:49:21.178-0300][gc,heap       ] GC(292) Eden regions: 51->0(51)
[2024-06-01T14:49:21.178-0300][gc,heap       ] GC(292) Survivor regions: 5->5(7)
[2024-06-01T14:49:21.178-0300][gc,heap       ] GC(292) Old regions: 202->203
[2024-06-01T14:49:21.178-0300][gc,heap       ] GC(292) Humongous regions: 129->129
[2024-06-01T14:49:21.178-0300][gc,metaspace  ] GC(292) Metaspace: 45708K(48924K)->45708K(48924K) NonClass: 39971K(41680K)->39971K(41680K) Class: 5737K(7244K)->5737K(7244K)
[2024-06-01T14:49:21.178-0300][gc            ] GC(292) Pause Young (Normal) (G1 Evacuation Pause) 384M->334M(1024M) 20,109ms
[2024-06-01T14:49:21.178-0300][gc,cpu        ] GC(292) User=0,07s Sys=0,00s Real=0,02s
[2024-06-01T14:49:51.476-0300][gc,start      ] GC(293) Pause Young (Normal) (G1 Evacuation Pause)
[2024-06-01T14:49:51.476-0300][gc,task       ] GC(293) Using 4 workers of 4 for evacuation
[2024-06-01T14:49:51.496-0300][gc,phases     ] GC(293)   Pre Evacuate Collection Set: 0,1ms
[2024-06-01T14:49:51.496-0300][gc,phases     ] GC(293)   Evacuate Collection Set: 18,6ms
[2024-06-01T14:49:51.496-0300][gc,phases     ] GC(293)   Post Evacuate Collection Set: 1,1ms
[2024-06-01T14:49:51.496-0300][gc,phases     ] GC(293)   Other: 0,4ms
[2024-06-01T14:49:51.496-0300][gc,heap       ] GC(293) Eden regions: 47->0(51)
[2024-06-01T14:49:51.496-0300][gc,heap       ] GC(293) Survivor regions: 5->5(7)
[2024-06-01T14:49:51.496-0300][gc,heap       ] GC(293) Old regions: 203->204
[2024-06-01T14:49:51.496-0300][gc,heap       ] GC(293) Humongous regions: 129->129
[2024-06-01T14:49:51.496-0300][gc,metaspace  ] GC(293) Metaspace: 45708K(48924K)->45708K(48924K) NonClass: 39971K(41680K)->39971K(41680K) Class: 5737K(7244K)->5737K(7244K)
[2024-06-01T14:49:51.496-0300][gc            ] GC(293) Pause Young (Normal) (G1 Evacuation Pause) 381M->335M(1024M) 20,432ms
[2024-06-01T14:49:51.496-0300][gc,cpu        ] GC(293) User=0,07s Sys=0,00s Real=0,02s
[2024-06-01T14:50:24.292-0300][gc,start      ] GC(294) Pause Young (Normal) (G1 Evacuation Pause)
[2024-06-01T14:50:24.292-0300][gc,task       ] GC(294) Using 4 workers of 4 for evacuation
[2024-06-01T14:50:24.301-0300][gc,phases     ] GC(294)   Pre Evacuate Collection Set: 0,0ms
[2024-06-01T14:50:24.301-0300][gc,phases     ] GC(294)   Evacuate Collection Set: 8,2ms
[2024-06-01T14:50:24.301-0300][gc,phases     ] GC(294)   Post Evacuate Collection Set: 0,4ms
[2024-06-01T14:50:24.301-0300][gc,phases     ] GC(294)   Other: 0,2ms
[2024-06-01T14:50:24.301-0300][gc,heap       ] GC(294) Eden regions: 51->0(55)
[2024-06-01T14:50:24.301-0300][gc,heap       ] GC(294) Survivor regions: 5->5(7)
[2024-06-01T14:50:24.301-0300][gc,heap       ] GC(294) Old regions: 204->205
[2024-06-01T14:50:24.301-0300][gc,heap       ] GC(294) Humongous regions: 129->129
[2024-06-01T14:50:24.301-0300][gc,metaspace  ] GC(294) Metaspace: 45708K(48924K)->45708K(48924K) NonClass: 39971K(41680K)->39971K(41680K) Class: 5737K(7244K)->5737K(7244K)
[2024-06-01T14:50:24.301-0300][gc            ] GC(294) Pause Young (Normal) (G1 Evacuation Pause) 386M->336M(1024M) 8,992ms
[2024-06-01T14:50:24.301-0300][gc,cpu        ] GC(294) User=0,03s Sys=0,00s Real=0,01s
[2024-06-01T14:50:59.118-0300][gc,start      ] GC(295) Pause Young (Normal) (G1 Evacuation Pause)
[2024-06-01T14:50:59.118-0300][gc,task       ] GC(295) Using 4 workers of 4 for evacuation
[2024-06-01T14:50:59.137-0300][gc,phases     ] GC(295)   Pre Evacuate Collection Set: 0,1ms
[2024-06-01T14:50:59.137-0300][gc,phases     ] GC(295)   Evacuate Collection Set: 17,3ms
[2024-06-01T14:50:59.137-0300][gc,phases     ] GC(295)   Post Evacuate Collection Set: 0,9ms
[2024-06-01T14:50:59.137-0300][gc,phases     ] GC(295)   Other: 0,4ms
[2024-06-01T14:50:59.137-0300][gc,heap       ] GC(295) Eden regions: 55->0(54)
[2024-06-01T14:50:59.137-0300][gc,heap       ] GC(295) Survivor regions: 5->4(8)
[2024-06-01T14:50:59.137-0300][gc,heap       ] GC(295) Old regions: 205->206
[2024-06-01T14:50:59.137-0300][gc,heap       ] GC(295) Humongous regions: 129->129
[2024-06-01T14:50:59.137-0300][gc,metaspace  ] GC(295) Metaspace: 45708K(48924K)->45708K(48924K) NonClass: 39971K(41680K)->39971K(41680K) Class: 5737K(7244K)->5737K(7244K)
[2024-06-01T14:50:59.137-0300][gc            ] GC(295) Pause Young (Normal) (G1 Evacuation Pause) 391M->336M(1024M) 19,033ms
[2024-06-01T14:50:59.137-0300][gc,cpu        ] GC(295) User=0,07s Sys=0,00s Real=0,02s
[2024-06-01T14:51:33.517-0300][gc,start      ] GC(296) Pause Young (Normal) (G1 Evacuation Pause)
[2024-06-01T14:51:33.517-0300][gc,task       ] GC(296) Using 4 workers of 4 for evacuation
[2024-06-01T14:51:33.536-0300][gc,phases     ] GC(296)   Pre Evacuate Collection Set: 0,1ms
[2024-06-01T14:51:33.536-0300][gc,phases     ] GC(296)   Evacuate Collection Set: 17,3ms
[2024-06-01T14:51:33.536-0300][gc,phases     ] GC(296)   Post Evacuate Collection Set: 1,0ms
[2024-06-01T14:51:33.536-0300][gc,phases     ] GC(296)   Other: 0,4ms
[2024-06-01T14:51:33.536-0300][gc,heap       ] GC(296) Eden regions: 54->0(54)
[2024-06-01T14:51:33.536-0300][gc,heap       ] GC(296) Survivor regions: 4->5(8)
[2024-06-01T14:51:33.536-0300][gc,heap       ] GC(296) Old regions: 206->206
[2024-06-01T14:51:33.536-0300][gc,heap       ] GC(296) Humongous regions: 129->129
[2024-06-01T14:51:33.536-0300][gc,metaspace  ] GC(296) Metaspace: 45708K(48924K)->45708K(48924K) NonClass: 39971K(41680K)->39971K(41680K) Class: 5737K(7244K)->5737K(7244K)
[2024-06-01T14:51:33.536-0300][gc            ] GC(296) Pause Young (Normal) (G1 Evacuation Pause) 390M->337M(1024M) 19,089ms
[2024-06-01T14:51:33.536-0300][gc,cpu        ] GC(296) User=0,07s Sys=0,00s Real=0,02s
[2024-06-01T14:52:02.709-0300][gc,start      ] GC(297) Pause Young (Normal) (G1 Evacuation Pause)
[2024-06-01T14:52:02.709-0300][gc,task       ] GC(297) Using 4 workers of 4 for evacuation
[2024-06-01T14:52:02.731-0300][gc,mmu        ] GC(297) MMU target violated: 21,0ms (20,0ms/21,0ms)
[2024-06-01T14:52:02.731-0300][gc,phases     ] GC(297)   Pre Evacuate Collection Set: 0,1ms
[2024-06-01T14:52:02.731-0300][gc,phases     ] GC(297)   Evacuate Collection Set: 19,7ms
[2024-06-01T14:52:02.731-0300][gc,phases     ] GC(297)   Post Evacuate Collection Set: 1,1ms
[2024-06-01T14:52:02.731-0300][gc,phases     ] GC(297)   Other: 0,5ms
[2024-06-01T14:52:02.731-0300][gc,heap       ] GC(297) Eden regions: 46->0(49)
[2024-06-01T14:52:02.731-0300][gc,heap       ] GC(297) Survivor regions: 5->5(7)
[2024-06-01T14:52:02.731-0300][gc,heap       ] GC(297) Old regions: 206->208
[2024-06-01T14:52:02.731-0300][gc,heap       ] GC(297) Humongous regions: 129->129
[2024-06-01T14:52:02.731-0300][gc,metaspace  ] GC(297) Metaspace: 45708K(48924K)->45708K(48924K) NonClass: 39971K(41680K)->39971K(41680K) Class: 5737K(7244K)->5737K(7244K)
[2024-06-01T14:52:02.731-0300][gc            ] GC(297) Pause Young (Normal) (G1 Evacuation Pause) 383M->339M(1024M) 21,521ms
[2024-06-01T14:52:02.731-0300][gc,cpu        ] GC(297) User=0,08s Sys=0,00s Real=0,02s
[2024-06-01T14:52:34.563-0300][gc,start      ] GC(298) Pause Young (Normal) (G1 Evacuation Pause)
[2024-06-01T14:52:34.563-0300][gc,task       ] GC(298) Using 4 workers of 4 for evacuation
[2024-06-01T14:52:34.583-0300][gc,phases     ] GC(298)   Pre Evacuate Collection Set: 0,1ms
[2024-06-01T14:52:34.583-0300][gc,phases     ] GC(298)   Evacuate Collection Set: 18,5ms
[2024-06-01T14:52:34.583-0300][gc,phases     ] GC(298)   Post Evacuate Collection Set: 1,0ms
[2024-06-01T14:52:34.583-0300][gc,phases     ] GC(298)   Other: 0,5ms
[2024-06-01T14:52:34.583-0300][gc,heap       ] GC(298) Eden regions: 49->0(50)
[2024-06-01T14:52:34.583-0300][gc,heap       ] GC(298) Survivor regions: 5->5(7)
[2024-06-01T14:52:34.583-0300][gc,heap       ] GC(298) Old regions: 208->209
[2024-06-01T14:52:34.583-0300][gc,heap       ] GC(298) Humongous regions: 129->129
[2024-06-01T14:52:34.583-0300][gc,metaspace  ] GC(298) Metaspace: 45708K(48924K)->45708K(48924K) NonClass: 39971K(41680K)->39971K(41680K) Class: 5737K(7244K)->5737K(7244K)
[2024-06-01T14:52:34.583-0300][gc            ] GC(298) Pause Young (Normal) (G1 Evacuation Pause) 388M->340M(1024M) 20,312ms
[2024-06-01T14:52:34.584-0300][gc,cpu        ] GC(298) User=0,07s Sys=0,00s Real=0,02s
[2024-06-01T14:53:06.490-0300][gc,start      ] GC(299) Pause Young (Normal) (G1 Evacuation Pause)
[2024-06-01T14:53:06.490-0300][gc,task       ] GC(299) Using 4 workers of 4 for evacuation
[2024-06-01T14:53:06.510-0300][gc,phases     ] GC(299)   Pre Evacuate Collection Set: 0,1ms
[2024-06-01T14:53:06.510-0300][gc,phases     ] GC(299)   Evacuate Collection Set: 18,3ms
[2024-06-01T14:53:06.510-0300][gc,phases     ] GC(299)   Post Evacuate Collection Set: 1,0ms
[2024-06-01T14:53:06.510-0300][gc,phases     ] GC(299)   Other: 0,4ms
[2024-06-01T14:53:06.510-0300][gc,heap       ] GC(299) Eden regions: 50->0(51)
[2024-06-01T14:53:06.510-0300][gc,heap       ] GC(299) Survivor regions: 5->5(7)
[2024-06-01T14:53:06.510-0300][gc,heap       ] GC(299) Old regions: 209->210
[2024-06-01T14:53:06.510-0300][gc,heap       ] GC(299) Humongous regions: 129->129
[2024-06-01T14:53:06.510-0300][gc,metaspace  ] GC(299) Metaspace: 45708K(48924K)->45708K(48924K) NonClass: 39971K(41680K)->39971K(41680K) Class: 5737K(7244K)->5737K(7244K)
[2024-06-01T14:53:06.510-0300][gc            ] GC(299) Pause Young (Normal) (G1 Evacuation Pause) 390M->341M(1024M) 20,086ms
[2024-06-01T14:53:06.511-0300][gc,cpu        ] GC(299) User=0,08s Sys=0,00s Real=0,02s
[2024-06-01T14:53:36.329-0300][gc,start      ] GC(300) Pause Young (Normal) (G1 Evacuation Pause)
[2024-06-01T14:53:36.329-0300][gc,task       ] GC(300) Using 4 workers of 4 for evacuation
[2024-06-01T14:53:36.350-0300][gc,mmu        ] GC(300) MMU target violated: 20,3ms (20,0ms/21,0ms)
[2024-06-01T14:53:36.350-0300][gc,phases     ] GC(300)   Pre Evacuate Collection Set: 0,1ms
[2024-06-01T14:53:36.350-0300][gc,phases     ] GC(300)   Evacuate Collection Set: 19,0ms
[2024-06-01T14:53:36.350-0300][gc,phases     ] GC(300)   Post Evacuate Collection Set: 1,0ms
[2024-06-01T14:53:36.350-0300][gc,phases     ] GC(300)   Other: 0,5ms
[2024-06-01T14:53:36.350-0300][gc,heap       ] GC(300) Eden regions: 47->0(51)
[2024-06-01T14:53:36.350-0300][gc,heap       ] GC(300) Survivor regions: 5->5(7)
[2024-06-01T14:53:36.350-0300][gc,heap       ] GC(300) Old regions: 210->211
[2024-06-01T14:53:36.350-0300][gc,heap       ] GC(300) Humongous regions: 129->129
[2024-06-01T14:53:36.350-0300][gc,metaspace  ] GC(300) Metaspace: 45708K(48924K)->45708K(48924K) NonClass: 39971K(41680K)->39971K(41680K) Class: 5737K(7244K)->5737K(7244K)
[2024-06-01T14:53:36.350-0300][gc            ] GC(300) Pause Young (Normal) (G1 Evacuation Pause) 388M->342M(1024M) 20,862ms
[2024-06-01T14:53:36.350-0300][gc,cpu        ] GC(300) User=0,08s Sys=0,00s Real=0,02s
[2024-06-01T14:54:08.746-0300][gc,start      ] GC(301) Pause Young (Normal) (G1 Evacuation Pause)
[2024-06-01T14:54:08.746-0300][gc,task       ] GC(301) Using 4 workers of 4 for evacuation
[2024-06-01T14:54:08.766-0300][gc,phases     ] GC(301)   Pre Evacuate Collection Set: 0,1ms
[2024-06-01T14:54:08.766-0300][gc,phases     ] GC(301)   Evacuate Collection Set: 18,4ms
[2024-06-01T14:54:08.766-0300][gc,phases     ] GC(301)   Post Evacuate Collection Set: 1,1ms
[2024-06-01T14:54:08.766-0300][gc,phases     ] GC(301)   Other: 0,4ms
[2024-06-01T14:54:08.766-0300][gc,heap       ] GC(301) Eden regions: 51->0(52)
[2024-06-01T14:54:08.766-0300][gc,heap       ] GC(301) Survivor regions: 5->5(7)
[2024-06-01T14:54:08.766-0300][gc,heap       ] GC(301) Old regions: 211->212
[2024-06-01T14:54:08.766-0300][gc,heap       ] GC(301) Humongous regions: 129->129
[2024-06-01T14:54:08.766-0300][gc,metaspace  ] GC(301) Metaspace: 45708K(48924K)->45708K(48924K) NonClass: 39971K(41680K)->39971K(41680K) Class: 5737K(7244K)->5737K(7244K)
[2024-06-01T14:54:08.767-0300][gc            ] GC(301) Pause Young (Normal) (G1 Evacuation Pause) 393M->343M(1024M) 20,165ms
[2024-06-01T14:54:08.767-0300][gc,cpu        ] GC(301) User=0,06s Sys=0,00s Real=0,02s
[2024-06-01T14:54:38.297-0300][gc,start      ] GC(302) Pause Young (Normal) (G1 Evacuation Pause)
[2024-06-01T14:54:38.297-0300][gc,task       ] GC(302) Using 4 workers of 4 for evacuation
[2024-06-01T14:54:38.316-0300][gc,phases     ] GC(302)   Pre Evacuate Collection Set: 0,1ms
[2024-06-01T14:54:38.316-0300][gc,phases     ] GC(302)   Evacuate Collection Set: 18,0ms
[2024-06-01T14:54:38.316-0300][gc,phases     ] GC(302)   Post Evacuate Collection Set: 1,1ms
[2024-06-01T14:54:38.316-0300][gc,phases     ] GC(302)   Other: 0,4ms
[2024-06-01T14:54:38.316-0300][gc,heap       ] GC(302) Eden regions: 46->0(54)
[2024-06-01T14:54:38.316-0300][gc,heap       ] GC(302) Survivor regions: 5->5(7)
[2024-06-01T14:54:38.316-0300][gc,heap       ] GC(302) Old regions: 212->213
[2024-06-01T14:54:38.316-0300][gc,heap       ] GC(302) Humongous regions: 129->129
[2024-06-01T14:54:38.316-0300][gc,metaspace  ] GC(302) Metaspace: 45708K(48924K)->45708K(48924K) NonClass: 39971K(41680K)->39971K(41680K) Class: 5737K(7244K)->5737K(7244K)
[2024-06-01T14:54:38.316-0300][gc            ] GC(302) Pause Young (Normal) (G1 Evacuation Pause) 389M->344M(1024M) 19,752ms
[2024-06-01T14:54:38.316-0300][gc,cpu        ] GC(302) User=0,07s Sys=0,00s Real=0,02s
[2024-06-01T14:55:12.885-0300][gc,start      ] GC(303) Pause Young (Normal) (G1 Evacuation Pause)
[2024-06-01T14:55:12.885-0300][gc,task       ] GC(303) Using 4 workers of 4 for evacuation
[2024-06-01T14:55:12.904-0300][gc,phases     ] GC(303)   Pre Evacuate Collection Set: 0,1ms
[2024-06-01T14:55:12.904-0300][gc,phases     ] GC(303)   Evacuate Collection Set: 17,5ms
[2024-06-01T14:55:12.904-0300][gc,phases     ] GC(303)   Post Evacuate Collection Set: 1,2ms
[2024-06-01T14:55:12.904-0300][gc,phases     ] GC(303)   Other: 0,4ms
[2024-06-01T14:55:12.904-0300][gc,heap       ] GC(303) Eden regions: 54->0(54)
[2024-06-01T14:55:12.904-0300][gc,heap       ] GC(303) Survivor regions: 5->5(8)
[2024-06-01T14:55:12.904-0300][gc,heap       ] GC(303) Old regions: 213->213
[2024-06-01T14:55:12.904-0300][gc,heap       ] GC(303) Humongous regions: 129->129
[2024-06-01T14:55:12.904-0300][gc,metaspace  ] GC(303) Metaspace: 45708K(48924K)->45708K(48924K) NonClass: 39971K(41680K)->39971K(41680K) Class: 5737K(7244K)->5737K(7244K)
[2024-06-01T14:55:12.904-0300][gc            ] GC(303) Pause Young (Normal) (G1 Evacuation Pause) 398M->344M(1024M) 19,400ms
[2024-06-01T14:55:12.904-0300][gc,cpu        ] GC(303) User=0,07s Sys=0,01s Real=0,02s
[2024-06-01T14:55:42.136-0300][gc,start      ] GC(304) Pause Young (Normal) (G1 Evacuation Pause)
[2024-06-01T14:55:42.136-0300][gc,task       ] GC(304) Using 4 workers of 4 for evacuation
[2024-06-01T14:55:42.157-0300][gc,mmu        ] GC(304) MMU target violated: 21,0ms (20,0ms/21,0ms)
[2024-06-01T14:55:42.158-0300][gc,phases     ] GC(304)   Pre Evacuate Collection Set: 0,1ms
[2024-06-01T14:55:42.158-0300][gc,phases     ] GC(304)   Evacuate Collection Set: 20,0ms
[2024-06-01T14:55:42.158-0300][gc,phases     ] GC(304)   Post Evacuate Collection Set: 1,1ms
[2024-06-01T14:55:42.158-0300][gc,phases     ] GC(304)   Other: 0,5ms
[2024-06-01T14:55:42.158-0300][gc,heap       ] GC(304) Eden regions: 46->0(49)
[2024-06-01T14:55:42.158-0300][gc,heap       ] GC(304) Survivor regions: 5->5(7)
[2024-06-01T14:55:42.158-0300][gc,heap       ] GC(304) Old regions: 213->214
[2024-06-01T14:55:42.158-0300][gc,heap       ] GC(304) Humongous regions: 129->129
[2024-06-01T14:55:42.158-0300][gc,metaspace  ] GC(304) Metaspace: 45708K(48924K)->45708K(48924K) NonClass: 39971K(41680K)->39971K(41680K) Class: 5737K(7244K)->5737K(7244K)
[2024-06-01T14:55:42.158-0300][gc            ] GC(304) Pause Young (Normal) (G1 Evacuation Pause) 390M->345M(1024M) 21,898ms
[2024-06-01T14:55:42.158-0300][gc,cpu        ] GC(304) User=0,08s Sys=0,00s Real=0,02s
[2024-06-01T14:56:13.175-0300][gc,start      ] GC(305) Pause Young (Normal) (G1 Evacuation Pause)
[2024-06-01T14:56:13.175-0300][gc,task       ] GC(305) Using 4 workers of 4 for evacuation
[2024-06-01T14:56:13.195-0300][gc,mmu        ] GC(305) MMU target violated: 20,7ms (20,0ms/21,0ms)
[2024-06-01T14:56:13.195-0300][gc,phases     ] GC(305)   Pre Evacuate Collection Set: 0,1ms
[2024-06-01T14:56:13.195-0300][gc,phases     ] GC(305)   Evacuate Collection Set: 19,4ms
[2024-06-01T14:56:13.196-0300][gc,phases     ] GC(305)   Post Evacuate Collection Set: 1,1ms
[2024-06-01T14:56:13.196-0300][gc,phases     ] GC(305)   Other: 0,5ms
[2024-06-01T14:56:13.196-0300][gc,heap       ] GC(305) Eden regions: 49->0(49)
[2024-06-01T14:56:13.196-0300][gc,heap       ] GC(305) Survivor regions: 5->4(7)
[2024-06-01T14:56:13.196-0300][gc,heap       ] GC(305) Old regions: 214->216
[2024-06-01T14:56:13.196-0300][gc,heap       ] GC(305) Humongous regions: 129->129
[2024-06-01T14:56:13.196-0300][gc,metaspace  ] GC(305) Metaspace: 45708K(48924K)->45708K(48924K) NonClass: 39971K(41680K)->39971K(41680K) Class: 5737K(7244K)->5737K(7244K)
[2024-06-01T14:56:13.196-0300][gc            ] GC(305) Pause Young (Normal) (G1 Evacuation Pause) 394M->346M(1024M) 21,215ms
[2024-06-01T14:56:13.196-0300][gc,cpu        ] GC(305) User=0,08s Sys=0,00s Real=0,03s
[2024-06-01T14:56:44.395-0300][gc,start      ] GC(306) Pause Young (Normal) (G1 Evacuation Pause)
[2024-06-01T14:56:44.395-0300][gc,task       ] GC(306) Using 4 workers of 4 for evacuation
[2024-06-01T14:56:44.414-0300][gc,phases     ] GC(306)   Pre Evacuate Collection Set: 0,1ms
[2024-06-01T14:56:44.414-0300][gc,phases     ] GC(306)   Evacuate Collection Set: 18,1ms
[2024-06-01T14:56:44.414-0300][gc,phases     ] GC(306)   Post Evacuate Collection Set: 1,1ms
[2024-06-01T14:56:44.414-0300][gc,phases     ] GC(306)   Other: 0,4ms
[2024-06-01T14:56:44.414-0300][gc,heap       ] GC(306) Eden regions: 49->0(50)
[2024-06-01T14:56:44.414-0300][gc,heap       ] GC(306) Survivor regions: 4->5(7)
[2024-06-01T14:56:44.414-0300][gc,heap       ] GC(306) Old regions: 216->216
[2024-06-01T14:56:44.414-0300][gc,heap       ] GC(306) Humongous regions: 129->129
[2024-06-01T14:56:44.414-0300][gc,metaspace  ] GC(306) Metaspace: 45708K(48924K)->45708K(48924K) NonClass: 39971K(41680K)->39971K(41680K) Class: 5737K(7244K)->5737K(7244K)
[2024-06-01T14:56:44.414-0300][gc            ] GC(306) Pause Young (Normal) (G1 Evacuation Pause) 395M->348M(1024M) 19,950ms
[2024-06-01T14:56:44.414-0300][gc,cpu        ] GC(306) User=0,07s Sys=0,00s Real=0,02s
[2024-06-01T14:57:16.166-0300][gc,start      ] GC(307) Pause Young (Normal) (G1 Evacuation Pause)
[2024-06-01T14:57:16.166-0300][gc,task       ] GC(307) Using 4 workers of 4 for evacuation
[2024-06-01T14:57:16.173-0300][gc,phases     ] GC(307)   Pre Evacuate Collection Set: 0,0ms
[2024-06-01T14:57:16.173-0300][gc,phases     ] GC(307)   Evacuate Collection Set: 6,3ms
[2024-06-01T14:57:16.173-0300][gc,phases     ] GC(307)   Post Evacuate Collection Set: 0,4ms
[2024-06-01T14:57:16.173-0300][gc,phases     ] GC(307)   Other: 0,2ms
[2024-06-01T14:57:16.173-0300][gc,heap       ] GC(307) Eden regions: 50->0(53)
[2024-06-01T14:57:16.173-0300][gc,heap       ] GC(307) Survivor regions: 5->5(7)
[2024-06-01T14:57:16.173-0300][gc,heap       ] GC(307) Old regions: 216->218
[2024-06-01T14:57:16.173-0300][gc,heap       ] GC(307) Humongous regions: 129->129
[2024-06-01T14:57:16.173-0300][gc,metaspace  ] GC(307) Metaspace: 45708K(48924K)->45708K(48924K) NonClass: 39971K(41680K)->39971K(41680K) Class: 5737K(7244K)->5737K(7244K)
[2024-06-01T14:57:16.173-0300][gc            ] GC(307) Pause Young (Normal) (G1 Evacuation Pause) 398M->349M(1024M) 6,958ms
[2024-06-01T14:57:16.173-0300][gc,cpu        ] GC(307) User=0,03s Sys=0,00s Real=0,01s
[2024-06-01T14:57:49.927-0300][gc,start      ] GC(308) Pause Young (Normal) (G1 Evacuation Pause)
[2024-06-01T14:57:49.927-0300][gc,task       ] GC(308) Using 4 workers of 4 for evacuation
[2024-06-01T14:57:49.947-0300][gc,phases     ] GC(308)   Pre Evacuate Collection Set: 0,1ms
[2024-06-01T14:57:49.947-0300][gc,phases     ] GC(308)   Evacuate Collection Set: 17,7ms
[2024-06-01T14:57:49.947-0300][gc,phases     ] GC(308)   Post Evacuate Collection Set: 1,1ms
[2024-06-01T14:57:49.947-0300][gc,phases     ] GC(308)   Other: 0,5ms
[2024-06-01T14:57:49.947-0300][gc,heap       ] GC(308) Eden regions: 53->0(53)
[2024-06-01T14:57:49.947-0300][gc,heap       ] GC(308) Survivor regions: 5->6(8)
[2024-06-01T14:57:49.947-0300][gc,heap       ] GC(308) Old regions: 218->218
[2024-06-01T14:57:49.947-0300][gc,heap       ] GC(308) Humongous regions: 129->129
[2024-06-01T14:57:49.947-0300][gc,metaspace  ] GC(308) Metaspace: 45708K(48924K)->45708K(48924K) NonClass: 39971K(41680K)->39971K(41680K) Class: 5737K(7244K)->5737K(7244K)
[2024-06-01T14:57:49.947-0300][gc            ] GC(308) Pause Young (Normal) (G1 Evacuation Pause) 402M->350M(1024M) 19,569ms
[2024-06-01T14:57:49.947-0300][gc,cpu        ] GC(308) User=0,07s Sys=0,01s Real=0,01s
[2024-06-01T14:58:20.332-0300][gc,start      ] GC(309) Pause Young (Normal) (G1 Evacuation Pause)
[2024-06-01T14:58:20.333-0300][gc,task       ] GC(309) Using 4 workers of 4 for evacuation
[2024-06-01T14:58:20.364-0300][gc,mmu        ] GC(309) MMU target violated: 21,0ms (20,0ms/21,0ms)
[2024-06-01T14:58:20.364-0300][gc,phases     ] GC(309)   Pre Evacuate Collection Set: 0,1ms
[2024-06-01T14:58:20.364-0300][gc,phases     ] GC(309)   Evacuate Collection Set: 30,5ms
[2024-06-01T14:58:20.364-0300][gc,phases     ] GC(309)   Post Evacuate Collection Set: 0,6ms
[2024-06-01T14:58:20.364-0300][gc,phases     ] GC(309)   Other: 0,4ms
[2024-06-01T14:58:20.364-0300][gc,heap       ] GC(309) Eden regions: 48->0(48)
[2024-06-01T14:58:20.364-0300][gc,heap       ] GC(309) Survivor regions: 6->5(7)
[2024-06-01T14:58:20.364-0300][gc,heap       ] GC(309) Old regions: 218->219
[2024-06-01T14:58:20.364-0300][gc,heap       ] GC(309) Humongous regions: 129->129
[2024-06-01T14:58:20.364-0300][gc,metaspace  ] GC(309) Metaspace: 45708K(48924K)->45708K(48924K) NonClass: 39971K(41680K)->39971K(41680K) Class: 5737K(7244K)->5737K(7244K)
[2024-06-01T14:58:20.364-0300][gc            ] GC(309) Pause Young (Normal) (G1 Evacuation Pause) 398M->351M(1024M) 31,619ms
[2024-06-01T14:58:20.364-0300][gc,cpu        ] GC(309) User=0,11s Sys=0,00s Real=0,03s
[2024-06-01T14:58:51.065-0300][gc,start      ] GC(310) Pause Young (Normal) (G1 Evacuation Pause)
[2024-06-01T14:58:51.065-0300][gc,task       ] GC(310) Using 4 workers of 4 for evacuation
[2024-06-01T14:58:51.084-0300][gc,phases     ] GC(310)   Pre Evacuate Collection Set: 0,1ms
[2024-06-01T14:58:51.085-0300][gc,phases     ] GC(310)   Evacuate Collection Set: 18,3ms
[2024-06-01T14:58:51.085-0300][gc,phases     ] GC(310)   Post Evacuate Collection Set: 1,0ms
[2024-06-01T14:58:51.085-0300][gc,phases     ] GC(310)   Other: 0,4ms
[2024-06-01T14:58:51.085-0300][gc,heap       ] GC(310) Eden regions: 48->0(48)
[2024-06-01T14:58:51.085-0300][gc,heap       ] GC(310) Survivor regions: 5->5(7)
[2024-06-01T14:58:51.085-0300][gc,heap       ] GC(310) Old regions: 219->221
[2024-06-01T14:58:51.085-0300][gc,heap       ] GC(310) Humongous regions: 129->129
[2024-06-01T14:58:51.085-0300][gc,metaspace  ] GC(310) Metaspace: 45708K(48924K)->45708K(48924K) NonClass: 39971K(41680K)->39971K(41680K) Class: 5737K(7244K)->5737K(7244K)
[2024-06-01T14:58:51.085-0300][gc            ] GC(310) Pause Young (Normal) (G1 Evacuation Pause) 399M->352M(1024M) 20,053ms
[2024-06-01T14:58:51.085-0300][gc,cpu        ] GC(310) User=0,07s Sys=0,00s Real=0,02s
[2024-06-01T14:59:21.705-0300][gc,start      ] GC(311) Pause Young (Normal) (G1 Evacuation Pause)
[2024-06-01T14:59:21.705-0300][gc,task       ] GC(311) Using 4 workers of 4 for evacuation
[2024-06-01T14:59:21.723-0300][gc,phases     ] GC(311)   Pre Evacuate Collection Set: 0,1ms
[2024-06-01T14:59:21.723-0300][gc,phases     ] GC(311)   Evacuate Collection Set: 16,8ms
[2024-06-01T14:59:21.723-0300][gc,phases     ] GC(311)   Post Evacuate Collection Set: 1,0ms
[2024-06-01T14:59:21.723-0300][gc,phases     ] GC(311)   Other: 0,4ms
[2024-06-01T14:59:21.723-0300][gc,heap       ] GC(311) Eden regions: 48->0(51)
[2024-06-01T14:59:21.723-0300][gc,heap       ] GC(311) Survivor regions: 5->4(7)
[2024-06-01T14:59:21.723-0300][gc,heap       ] GC(311) Old regions: 221->222
[2024-06-01T14:59:21.723-0300][gc,heap       ] GC(311) Humongous regions: 129->129
[2024-06-01T14:59:21.723-0300][gc,metaspace  ] GC(311) Metaspace: 45708K(48924K)->45708K(48924K) NonClass: 39971K(41680K)->39971K(41680K) Class: 5737K(7244K)->5737K(7244K)
[2024-06-01T14:59:21.724-0300][gc            ] GC(311) Pause Young (Normal) (G1 Evacuation Pause) 400M->352M(1024M) 18,581ms
[2024-06-01T14:59:21.724-0300][gc,cpu        ] GC(311) User=0,07s Sys=0,00s Real=0,02s
[2024-06-01T14:59:51.383-0300][gc,start      ] GC(312) Pause Young (Normal) (G1 Evacuation Pause)
[2024-06-01T14:59:51.383-0300][gc,task       ] GC(312) Using 4 workers of 4 for evacuation
[2024-06-01T14:59:51.402-0300][gc,phases     ] GC(312)   Pre Evacuate Collection Set: 0,1ms
[2024-06-01T14:59:51.402-0300][gc,phases     ] GC(312)   Evacuate Collection Set: 18,4ms
[2024-06-01T14:59:51.402-0300][gc,phases     ] GC(312)   Post Evacuate Collection Set: 0,8ms
[2024-06-01T14:59:51.402-0300][gc,phases     ] GC(312)   Other: 0,4ms
[2024-06-01T14:59:51.402-0300][gc,heap       ] GC(312) Eden regions: 47->0(48)
[2024-06-01T14:59:51.402-0300][gc,heap       ] GC(312) Survivor regions: 4->5(7)
[2024-06-01T14:59:51.402-0300][gc,heap       ] GC(312) Old regions: 222->222
[2024-06-01T14:59:51.402-0300][gc,heap       ] GC(312) Humongous regions: 129->129
[2024-06-01T14:59:51.402-0300][gc,metaspace  ] GC(312) Metaspace: 45708K(48924K)->45708K(48924K) NonClass: 39971K(41680K)->39971K(41680K) Class: 5737K(7244K)->5737K(7244K)
[2024-06-01T14:59:51.402-0300][gc            ] GC(312) Pause Young (Normal) (G1 Evacuation Pause) 399M->353M(1024M) 19,768ms
[2024-06-01T14:59:51.402-0300][gc,cpu        ] GC(312) User=0,07s Sys=0,00s Real=0,02s
[2024-06-01T15:00:20.851-0300][gc,start      ] GC(313) Pause Young (Normal) (G1 Evacuation Pause)
[2024-06-01T15:00:20.852-0300][gc,task       ] GC(313) Using 4 workers of 4 for evacuation
[2024-06-01T15:00:20.872-0300][gc,mmu        ] GC(313) MMU target violated: 20,0ms (20,0ms/21,0ms)
[2024-06-01T15:00:20.872-0300][gc,phases     ] GC(313)   Pre Evacuate Collection Set: 0,1ms
[2024-06-01T15:00:20.872-0300][gc,phases     ] GC(313)   Evacuate Collection Set: 18,8ms
[2024-06-01T15:00:20.872-0300][gc,phases     ] GC(313)   Post Evacuate Collection Set: 1,0ms
[2024-06-01T15:00:20.872-0300][gc,phases     ] GC(313)   Other: 0,5ms
[2024-06-01T15:00:20.872-0300][gc,heap       ] GC(313) Eden regions: 46->0(47)
[2024-06-01T15:00:20.872-0300][gc,heap       ] GC(313) Survivor regions: 5->5(7)
[2024-06-01T15:00:20.872-0300][gc,heap       ] GC(313) Old regions: 222->223
[2024-06-01T15:00:20.872-0300][gc,heap       ] GC(313) Humongous regions: 129->129
[2024-06-01T15:00:20.872-0300][gc,metaspace  ] GC(313) Metaspace: 45708K(48924K)->45708K(48924K) NonClass: 39971K(41680K)->39971K(41680K) Class: 5737K(7244K)->5737K(7244K)
[2024-06-01T15:00:20.872-0300][gc            ] GC(313) Pause Young (Normal) (G1 Evacuation Pause) 399M->354M(1024M) 20,596ms
[2024-06-01T15:00:20.872-0300][gc,cpu        ] GC(313) User=0,07s Sys=0,01s Real=0,02s
[2024-06-01T15:00:50.440-0300][gc,start      ] GC(314) Pause Young (Normal) (G1 Evacuation Pause)
[2024-06-01T15:00:50.440-0300][gc,task       ] GC(314) Using 4 workers of 4 for evacuation
[2024-06-01T15:00:50.461-0300][gc,mmu        ] GC(314) MMU target violated: 20,5ms (20,0ms/21,0ms)
[2024-06-01T15:00:50.461-0300][gc,phases     ] GC(314)   Pre Evacuate Collection Set: 0,1ms
[2024-06-01T15:00:50.461-0300][gc,phases     ] GC(314)   Evacuate Collection Set: 19,3ms
[2024-06-01T15:00:50.461-0300][gc,phases     ] GC(314)   Post Evacuate Collection Set: 1,0ms
[2024-06-01T15:00:50.461-0300][gc,phases     ] GC(314)   Other: 0,5ms
[2024-06-01T15:00:50.461-0300][gc,heap       ] GC(314) Eden regions: 46->0(48)
[2024-06-01T15:00:50.461-0300][gc,heap       ] GC(314) Survivor regions: 5->5(7)
[2024-06-01T15:00:50.461-0300][gc,heap       ] GC(314) Old regions: 223->224
[2024-06-01T15:00:50.461-0300][gc,heap       ] GC(314) Humongous regions: 129->129
[2024-06-01T15:00:50.461-0300][gc,metaspace  ] GC(314) Metaspace: 45708K(48924K)->45708K(48924K) NonClass: 39971K(41680K)->39971K(41680K) Class: 5737K(7244K)->5737K(7244K)
[2024-06-01T15:00:50.461-0300][gc            ] GC(314) Pause Young (Normal) (G1 Evacuation Pause) 400M->355M(1024M) 21,023ms
[2024-06-01T15:00:50.461-0300][gc,cpu        ] GC(314) User=0,08s Sys=0,00s Real=0,02s
[2024-06-01T15:01:20.992-0300][gc,start      ] GC(315) Pause Young (Normal) (G1 Evacuation Pause)
[2024-06-01T15:01:20.992-0300][gc,task       ] GC(315) Using 4 workers of 4 for evacuation
[2024-06-01T15:01:21.010-0300][gc,phases     ] GC(315)   Pre Evacuate Collection Set: 0,1ms
[2024-06-01T15:01:21.010-0300][gc,phases     ] GC(315)   Evacuate Collection Set: 17,2ms
[2024-06-01T15:01:21.011-0300][gc,phases     ] GC(315)   Post Evacuate Collection Set: 1,0ms
[2024-06-01T15:01:21.011-0300][gc,phases     ] GC(315)   Other: 0,4ms
[2024-06-01T15:01:21.011-0300][gc,heap       ] GC(315) Eden regions: 48->0(47)
[2024-06-01T15:01:21.011-0300][gc,heap       ] GC(315) Survivor regions: 5->4(7)
[2024-06-01T15:01:21.011-0300][gc,heap       ] GC(315) Old regions: 224->225
[2024-06-01T15:01:21.011-0300][gc,heap       ] GC(315) Humongous regions: 129->129
[2024-06-01T15:01:21.011-0300][gc,metaspace  ] GC(315) Metaspace: 45708K(48924K)->45708K(48924K) NonClass: 39971K(41680K)->39971K(41680K) Class: 5737K(7244K)->5737K(7244K)
[2024-06-01T15:01:21.011-0300][gc            ] GC(315) Pause Young (Normal) (G1 Evacuation Pause) 403M->356M(1024M) 18,935ms
[2024-06-01T15:01:21.011-0300][gc,cpu        ] GC(315) User=0,07s Sys=0,00s Real=0,02s
[2024-06-01T15:01:50.788-0300][gc,start      ] GC(316) Pause Young (Normal) (G1 Evacuation Pause)
[2024-06-01T15:01:50.788-0300][gc,task       ] GC(316) Using 4 workers of 4 for evacuation
[2024-06-01T15:01:50.798-0300][gc,phases     ] GC(316)   Pre Evacuate Collection Set: 0,0ms
[2024-06-01T15:01:50.798-0300][gc,phases     ] GC(316)   Evacuate Collection Set: 9,4ms
[2024-06-01T15:01:50.798-0300][gc,phases     ] GC(316)   Post Evacuate Collection Set: 0,7ms
[2024-06-01T15:01:50.798-0300][gc,phases     ] GC(316)   Other: 0,2ms
[2024-06-01T15:01:50.798-0300][gc,heap       ] GC(316) Eden regions: 47->0(50)
[2024-06-01T15:01:50.798-0300][gc,heap       ] GC(316) Survivor regions: 4->5(7)
[2024-06-01T15:01:50.798-0300][gc,heap       ] GC(316) Old regions: 225->226
[2024-06-01T15:01:50.798-0300][gc,heap       ] GC(316) Humongous regions: 129->129
[2024-06-01T15:01:50.798-0300][gc,metaspace  ] GC(316) Metaspace: 45708K(48924K)->45708K(48924K) NonClass: 39971K(41680K)->39971K(41680K) Class: 5737K(7244K)->5737K(7244K)
[2024-06-01T15:01:50.798-0300][gc            ] GC(316) Pause Young (Normal) (G1 Evacuation Pause) 403M->357M(1024M) 10,475ms
[2024-06-01T15:01:50.798-0300][gc,cpu        ] GC(316) User=0,04s Sys=0,00s Real=0,01s
[2024-06-01T15:02:23.247-0300][gc,start      ] GC(317) Pause Young (Normal) (G1 Evacuation Pause)
[2024-06-01T15:02:23.247-0300][gc,task       ] GC(317) Using 4 workers of 4 for evacuation
[2024-06-01T15:02:23.267-0300][gc,phases     ] GC(317)   Pre Evacuate Collection Set: 0,1ms
[2024-06-01T15:02:23.267-0300][gc,phases     ] GC(317)   Evacuate Collection Set: 18,4ms
[2024-06-01T15:02:23.267-0300][gc,phases     ] GC(317)   Post Evacuate Collection Set: 1,1ms
[2024-06-01T15:02:23.267-0300][gc,phases     ] GC(317)   Other: 0,5ms
[2024-06-01T15:02:23.267-0300][gc,heap       ] GC(317) Eden regions: 50->0(50)
[2024-06-01T15:02:23.267-0300][gc,heap       ] GC(317) Survivor regions: 5->5(7)
[2024-06-01T15:02:23.267-0300][gc,heap       ] GC(317) Old regions: 226->227
[2024-06-01T15:02:23.267-0300][gc,heap       ] GC(317) Humongous regions: 129->129
[2024-06-01T15:02:23.267-0300][gc,metaspace  ] GC(317) Metaspace: 45708K(48924K)->45708K(48924K) NonClass: 39971K(41680K)->39971K(41680K) Class: 5737K(7244K)->5737K(7244K)
[2024-06-01T15:02:23.267-0300][gc            ] GC(317) Pause Young (Normal) (G1 Evacuation Pause) 407M->358M(1024M) 20,241ms
[2024-06-01T15:02:23.267-0300][gc,cpu        ] GC(317) User=0,07s Sys=0,00s Real=0,03s
[2024-06-01T15:02:52.764-0300][gc,start      ] GC(318) Pause Young (Normal) (G1 Evacuation Pause)
[2024-06-01T15:02:52.764-0300][gc,task       ] GC(318) Using 4 workers of 4 for evacuation
[2024-06-01T15:02:52.784-0300][gc,phases     ] GC(318)   Pre Evacuate Collection Set: 0,1ms
[2024-06-01T15:02:52.784-0300][gc,phases     ] GC(318)   Evacuate Collection Set: 18,5ms
[2024-06-01T15:02:52.784-0300][gc,phases     ] GC(318)   Post Evacuate Collection Set: 1,1ms
[2024-06-01T15:02:52.784-0300][gc,phases     ] GC(318)   Other: 0,4ms
[2024-06-01T15:02:52.784-0300][gc,heap       ] GC(318) Eden regions: 46->0(49)
[2024-06-01T15:02:52.784-0300][gc,heap       ] GC(318) Survivor regions: 5->4(7)
[2024-06-01T15:02:52.784-0300][gc,heap       ] GC(318) Old regions: 227->228
[2024-06-01T15:02:52.784-0300][gc,heap       ] GC(318) Humongous regions: 129->129
[2024-06-01T15:02:52.784-0300][gc,metaspace  ] GC(318) Metaspace: 45708K(48924K)->45708K(48924K) NonClass: 39971K(41680K)->39971K(41680K) Class: 5737K(7244K)->5737K(7244K)
[2024-06-01T15:02:52.784-0300][gc            ] GC(318) Pause Young (Normal) (G1 Evacuation Pause) 404M->359M(1024M) 20,258ms
[2024-06-01T15:02:52.784-0300][gc,cpu        ] GC(318) User=0,08s Sys=0,00s Real=0,02s
[2024-06-01T15:03:23.850-0300][gc,start      ] GC(319) Pause Young (Normal) (G1 Evacuation Pause)
[2024-06-01T15:03:23.850-0300][gc,task       ] GC(319) Using 4 workers of 4 for evacuation
[2024-06-01T15:03:23.857-0300][gc,phases     ] GC(319)   Pre Evacuate Collection Set: 0,0ms
[2024-06-01T15:03:23.857-0300][gc,phases     ] GC(319)   Evacuate Collection Set: 6,0ms
[2024-06-01T15:03:23.857-0300][gc,phases     ] GC(319)   Post Evacuate Collection Set: 0,4ms
[2024-06-01T15:03:23.857-0300][gc,phases     ] GC(319)   Other: 0,2ms
[2024-06-01T15:03:23.857-0300][gc,heap       ] GC(319) Eden regions: 49->0(52)
[2024-06-01T15:03:23.857-0300][gc,heap       ] GC(319) Survivor regions: 4->4(7)
[2024-06-01T15:03:23.857-0300][gc,heap       ] GC(319) Old regions: 228->229
[2024-06-01T15:03:23.857-0300][gc,heap       ] GC(319) Humongous regions: 129->129
[2024-06-01T15:03:23.857-0300][gc,metaspace  ] GC(319) Metaspace: 45708K(48924K)->45708K(48924K) NonClass: 39971K(41680K)->39971K(41680K) Class: 5737K(7244K)->5737K(7244K)
[2024-06-01T15:03:23.857-0300][gc            ] GC(319) Pause Young (Normal) (G1 Evacuation Pause) 408M->360M(1024M) 6,761ms
[2024-06-01T15:03:23.857-0300][gc,cpu        ] GC(319) User=0,02s Sys=0,00s Real=0,01s
[2024-06-01T15:03:57.013-0300][gc,start      ] GC(320) Pause Young (Normal) (G1 Evacuation Pause)
[2024-06-01T15:03:57.013-0300][gc,task       ] GC(320) Using 4 workers of 4 for evacuation
[2024-06-01T15:03:57.032-0300][gc,phases     ] GC(320)   Pre Evacuate Collection Set: 0,1ms
[2024-06-01T15:03:57.032-0300][gc,phases     ] GC(320)   Evacuate Collection Set: 17,4ms
[2024-06-01T15:03:57.032-0300][gc,phases     ] GC(320)   Post Evacuate Collection Set: 0,9ms
[2024-06-01T15:03:57.032-0300][gc,phases     ] GC(320)   Other: 0,4ms
[2024-06-01T15:03:57.032-0300][gc,heap       ] GC(320) Eden regions: 52->0(52)
[2024-06-01T15:03:57.032-0300][gc,heap       ] GC(320) Survivor regions: 4->4(7)
[2024-06-01T15:03:57.032-0300][gc,heap       ] GC(320) Old regions: 229->230
[2024-06-01T15:03:57.032-0300][gc,heap       ] GC(320) Humongous regions: 129->129
[2024-06-01T15:03:57.032-0300][gc,metaspace  ] GC(320) Metaspace: 45708K(48924K)->45708K(48924K) NonClass: 39971K(41680K)->39971K(41680K) Class: 5737K(7244K)->5737K(7244K)
[2024-06-01T15:03:57.032-0300][gc            ] GC(320) Pause Young (Normal) (G1 Evacuation Pause) 412M->361M(1024M) 19,043ms
[2024-06-01T15:03:57.032-0300][gc,cpu        ] GC(320) User=0,07s Sys=0,00s Real=0,02s
[2024-06-01T15:04:26.510-0300][gc,start      ] GC(321) Pause Young (Concurrent Start) (G1 Evacuation Pause)
[2024-06-01T15:04:26.510-0300][gc,task       ] GC(321) Using 4 workers of 4 for evacuation
[2024-06-01T15:04:26.530-0300][gc,phases     ] GC(321)   Pre Evacuate Collection Set: 0,3ms
[2024-06-01T15:04:26.530-0300][gc,phases     ] GC(321)   Evacuate Collection Set: 18,0ms
[2024-06-01T15:04:26.530-0300][gc,phases     ] GC(321)   Post Evacuate Collection Set: 1,0ms
[2024-06-01T15:04:26.530-0300][gc,phases     ] GC(321)   Other: 0,5ms
[2024-06-01T15:04:26.530-0300][gc,heap       ] GC(321) Eden regions: 47->0(49)
[2024-06-01T15:04:26.530-0300][gc,heap       ] GC(321) Survivor regions: 4->5(7)
[2024-06-01T15:04:26.530-0300][gc,heap       ] GC(321) Old regions: 230->230
[2024-06-01T15:04:26.530-0300][gc,heap       ] GC(321) Humongous regions: 129->129
[2024-06-01T15:04:26.530-0300][gc,metaspace  ] GC(321) Metaspace: 45708K(48924K)->45708K(48924K) NonClass: 39971K(41680K)->39971K(41680K) Class: 5737K(7244K)->5737K(7244K)
[2024-06-01T15:04:26.530-0300][gc            ] GC(321) Pause Young (Concurrent Start) (G1 Evacuation Pause) 408M->361M(1024M) 20,162ms
[2024-06-01T15:04:26.530-0300][gc,cpu        ] GC(321) User=0,07s Sys=0,00s Real=0,02s
[2024-06-01T15:04:26.531-0300][gc            ] GC(322) Concurrent Cycle
[2024-06-01T15:04:26.531-0300][gc,marking    ] GC(322) Concurrent Clear Claimed Marks
[2024-06-01T15:04:26.531-0300][gc,marking    ] GC(322) Concurrent Clear Claimed Marks 0,369ms
[2024-06-01T15:04:26.531-0300][gc,marking    ] GC(322) Concurrent Scan Root Regions
[2024-06-01T15:04:26.538-0300][gc,marking    ] GC(322) Concurrent Scan Root Regions 7,084ms
[2024-06-01T15:04:26.538-0300][gc,marking    ] GC(322) Concurrent Mark (20936,823s)
[2024-06-01T15:04:26.538-0300][gc,marking    ] GC(322) Concurrent Mark From Roots
[2024-06-01T15:04:26.538-0300][gc,task       ] GC(322) Using 1 workers of 1 for marking
[2024-06-01T15:04:26.584-0300][gc,marking    ] GC(322) Concurrent Mark From Roots 46,195ms
[2024-06-01T15:04:26.584-0300][gc,marking    ] GC(322) Concurrent Preclean
[2024-06-01T15:04:26.585-0300][gc,marking    ] GC(322) Concurrent Preclean 0,190ms
[2024-06-01T15:04:26.585-0300][gc,marking    ] GC(322) Concurrent Mark (20936,823s, 20936,869s) 46,447ms
[2024-06-01T15:04:26.585-0300][gc,start      ] GC(322) Pause Remark
[2024-06-01T15:04:26.596-0300][gc,stringtable] GC(322) Cleaned string and symbol table, strings: 14790 processed, 0 removed, symbols: 99058 processed, 27 removed
[2024-06-01T15:04:26.596-0300][gc            ] GC(322) Pause Remark 362M->269M(1024M) 11,256ms
[2024-06-01T15:04:26.596-0300][gc,cpu        ] GC(322) User=0,03s Sys=0,00s Real=0,02s
[2024-06-01T15:04:26.596-0300][gc,marking    ] GC(322) Concurrent Rebuild Remembered Sets
[2024-06-01T15:04:26.626-0300][gc,marking    ] GC(322) Concurrent Rebuild Remembered Sets 29,464ms
[2024-06-01T15:04:26.626-0300][gc,start      ] GC(322) Pause Cleanup
[2024-06-01T15:04:26.626-0300][gc            ] GC(322) Pause Cleanup 269M->269M(1024M) 0,196ms
[2024-06-01T15:04:26.626-0300][gc,cpu        ] GC(322) User=0,00s Sys=0,00s Real=0,00s
[2024-06-01T15:04:26.626-0300][gc,marking    ] GC(322) Concurrent Cleanup for Next Mark
[2024-06-01T15:04:26.627-0300][gc,marking    ] GC(322) Concurrent Cleanup for Next Mark 1,176ms
[2024-06-01T15:04:26.627-0300][gc            ] GC(322) Concurrent Cycle 96,743ms
[2024-06-01T15:04:55.999-0300][gc,start      ] GC(323) Pause Young (Prepare Mixed) (G1 Evacuation Pause)
[2024-06-01T15:04:55.999-0300][gc,task       ] GC(323) Using 4 workers of 4 for evacuation
[2024-06-01T15:04:56.021-0300][gc,mmu        ] GC(323) MMU target violated: 21,0ms (20,0ms/21,0ms)
[2024-06-01T15:04:56.021-0300][gc,phases     ] GC(323)   Pre Evacuate Collection Set: 0,1ms
[2024-06-01T15:04:56.021-0300][gc,phases     ] GC(323)   Evacuate Collection Set: 20,4ms
[2024-06-01T15:04:56.021-0300][gc,phases     ] GC(323)   Post Evacuate Collection Set: 1,1ms
[2024-06-01T15:04:56.021-0300][gc,phases     ] GC(323)   Other: 0,6ms
[2024-06-01T15:04:56.021-0300][gc,heap       ] GC(323) Eden regions: 46->0(46)
[2024-06-01T15:04:56.022-0300][gc,heap       ] GC(323) Survivor regions: 5->5(7)
[2024-06-01T15:04:56.022-0300][gc,heap       ] GC(323) Old regions: 137->139
[2024-06-01T15:04:56.022-0300][gc,heap       ] GC(323) Humongous regions: 129->129
[2024-06-01T15:04:56.022-0300][gc,metaspace  ] GC(323) Metaspace: 45708K(48924K)->45708K(48924K) NonClass: 39971K(41680K)->39971K(41680K) Class: 5737K(7244K)->5737K(7244K)
[2024-06-01T15:04:56.022-0300][gc            ] GC(323) Pause Young (Prepare Mixed) (G1 Evacuation Pause) 314M->270M(1024M) 22,306ms
[2024-06-01T15:04:56.022-0300][gc,cpu        ] GC(323) User=0,08s Sys=0,00s Real=0,02s
[2024-06-01T15:05:25.520-0300][gc,start      ] GC(324) Pause Young (Mixed) (G1 Evacuation Pause)
[2024-06-01T15:05:25.520-0300][gc,task       ] GC(324) Using 4 workers of 4 for evacuation
[2024-06-01T15:05:25.539-0300][gc,phases     ] GC(324)   Pre Evacuate Collection Set: 0,1ms
[2024-06-01T15:05:25.539-0300][gc,phases     ] GC(324)   Evacuate Collection Set: 18,0ms
[2024-06-01T15:05:25.539-0300][gc,phases     ] GC(324)   Post Evacuate Collection Set: 1,0ms
[2024-06-01T15:05:25.539-0300][gc,phases     ] GC(324)   Other: 0,5ms
[2024-06-01T15:05:25.539-0300][gc,heap       ] GC(324) Eden regions: 46->0(46)
[2024-06-01T15:05:25.539-0300][gc,heap       ] GC(324) Survivor regions: 5->5(7)
[2024-06-01T15:05:25.539-0300][gc,heap       ] GC(324) Old regions: 139->124
[2024-06-01T15:05:25.539-0300][gc,heap       ] GC(324) Humongous regions: 129->129
[2024-06-01T15:05:25.539-0300][gc,metaspace  ] GC(324) Metaspace: 45708K(48924K)->45708K(48924K) NonClass: 39971K(41680K)->39971K(41680K) Class: 5737K(7244K)->5737K(7244K)
[2024-06-01T15:05:25.540-0300][gc            ] GC(324) Pause Young (Mixed) (G1 Evacuation Pause) 316M->255M(1024M) 19,849ms
[2024-06-01T15:05:25.540-0300][gc,cpu        ] GC(324) User=0,07s Sys=0,00s Real=0,02s
[2024-06-01T15:05:55.088-0300][gc,start      ] GC(325) Pause Young (Mixed) (G1 Evacuation Pause)
[2024-06-01T15:05:55.088-0300][gc,task       ] GC(325) Using 4 workers of 4 for evacuation
[2024-06-01T15:05:55.117-0300][gc,mmu        ] GC(325) MMU target violated: 21,0ms (20,0ms/21,0ms)
[2024-06-01T15:05:55.117-0300][gc,phases     ] GC(325)   Pre Evacuate Collection Set: 0,1ms
[2024-06-01T15:05:55.117-0300][gc,phases     ] GC(325)   Evacuate Collection Set: 27,5ms
[2024-06-01T15:05:55.117-0300][gc,phases     ] GC(325)   Post Evacuate Collection Set: 0,6ms
[2024-06-01T15:05:55.117-0300][gc,phases     ] GC(325)   Other: 0,4ms
[2024-06-01T15:05:55.117-0300][gc,heap       ] GC(325) Eden regions: 46->0(46)
[2024-06-01T15:05:55.117-0300][gc,heap       ] GC(325) Survivor regions: 5->5(7)
[2024-06-01T15:05:55.117-0300][gc,heap       ] GC(325) Old regions: 124->109
[2024-06-01T15:05:55.117-0300][gc,heap       ] GC(325) Humongous regions: 129->129
[2024-06-01T15:05:55.117-0300][gc,metaspace  ] GC(325) Metaspace: 45708K(48924K)->45708K(48924K) NonClass: 39971K(41680K)->39971K(41680K) Class: 5737K(7244K)->5737K(7244K)
[2024-06-01T15:05:55.117-0300][gc            ] GC(325) Pause Young (Mixed) (G1 Evacuation Pause) 301M->240M(1024M) 28,702ms
[2024-06-01T15:05:55.117-0300][gc,cpu        ] GC(325) User=0,09s Sys=0,00s Real=0,03s
[2024-06-01T15:06:24.774-0300][gc,start      ] GC(326) Pause Young (Mixed) (G1 Evacuation Pause)
[2024-06-01T15:06:24.774-0300][gc,task       ] GC(326) Using 4 workers of 4 for evacuation
[2024-06-01T15:06:24.781-0300][gc,phases     ] GC(326)   Pre Evacuate Collection Set: 0,0ms
[2024-06-01T15:06:24.781-0300][gc,phases     ] GC(326)   Evacuate Collection Set: 6,4ms
[2024-06-01T15:06:24.781-0300][gc,phases     ] GC(326)   Post Evacuate Collection Set: 0,6ms
[2024-06-01T15:06:24.781-0300][gc,phases     ] GC(326)   Other: 0,2ms
[2024-06-01T15:06:24.781-0300][gc,heap       ] GC(326) Eden regions: 46->0(47)
[2024-06-01T15:06:24.781-0300][gc,heap       ] GC(326) Survivor regions: 5->4(7)
[2024-06-01T15:06:24.781-0300][gc,heap       ] GC(326) Old regions: 109->94
[2024-06-01T15:06:24.781-0300][gc,heap       ] GC(326) Humongous regions: 129->129
[2024-06-01T15:06:24.781-0300][gc,metaspace  ] GC(326) Metaspace: 45708K(48924K)->45708K(48924K) NonClass: 39971K(41680K)->39971K(41680K) Class: 5737K(7244K)->5737K(7244K)
[2024-06-01T15:06:24.781-0300][gc            ] GC(326) Pause Young (Mixed) (G1 Evacuation Pause) 286M->225M(1024M) 7,253ms
[2024-06-01T15:06:24.781-0300][gc,cpu        ] GC(326) User=0,03s Sys=0,00s Real=0,01s
[2024-06-01T15:06:54.333-0300][gc,start      ] GC(327) Pause Young (Mixed) (G1 Evacuation Pause)
[2024-06-01T15:06:54.333-0300][gc,task       ] GC(327) Using 4 workers of 4 for evacuation
[2024-06-01T15:06:54.342-0300][gc,phases     ] GC(327)   Pre Evacuate Collection Set: 0,0ms
[2024-06-01T15:06:54.342-0300][gc,phases     ] GC(327)   Evacuate Collection Set: 8,0ms
[2024-06-01T15:06:54.342-0300][gc,phases     ] GC(327)   Post Evacuate Collection Set: 0,9ms
[2024-06-01T15:06:54.342-0300][gc,phases     ] GC(327)   Other: 0,3ms
[2024-06-01T15:06:54.342-0300][gc,heap       ] GC(327) Eden regions: 47->0(47)
[2024-06-01T15:06:54.342-0300][gc,heap       ] GC(327) Survivor regions: 4->4(7)
[2024-06-01T15:06:54.342-0300][gc,heap       ] GC(327) Old regions: 94->79
[2024-06-01T15:06:54.342-0300][gc,heap       ] GC(327) Humongous regions: 129->129
[2024-06-01T15:06:54.342-0300][gc,metaspace  ] GC(327) Metaspace: 45708K(48924K)->45708K(48924K) NonClass: 39971K(41680K)->39971K(41680K) Class: 5737K(7244K)->5737K(7244K)
[2024-06-01T15:06:54.342-0300][gc            ] GC(327) Pause Young (Mixed) (G1 Evacuation Pause) 272M->210M(1024M) 9,439ms
[2024-06-01T15:06:54.342-0300][gc,cpu        ] GC(327) User=0,04s Sys=0,00s Real=0,01s
[2024-06-01T15:07:24.510-0300][gc,start      ] GC(328) Pause Young (Mixed) (G1 Evacuation Pause)
[2024-06-01T15:07:24.510-0300][gc,task       ] GC(328) Using 4 workers of 4 for evacuation
[2024-06-01T15:07:24.530-0300][gc,phases     ] GC(328)   Pre Evacuate Collection Set: 0,1ms
[2024-06-01T15:07:24.530-0300][gc,phases     ] GC(328)   Evacuate Collection Set: 18,5ms
[2024-06-01T15:07:24.530-0300][gc,phases     ] GC(328)   Post Evacuate Collection Set: 1,0ms
[2024-06-01T15:07:24.530-0300][gc,phases     ] GC(328)   Other: 0,5ms
[2024-06-01T15:07:24.530-0300][gc,heap       ] GC(328) Eden regions: 47->0(51)
[2024-06-01T15:07:24.530-0300][gc,heap       ] GC(328) Survivor regions: 4->5(7)
[2024-06-01T15:07:24.530-0300][gc,heap       ] GC(328) Old regions: 79->79
[2024-06-01T15:07:24.530-0300][gc,heap       ] GC(328) Humongous regions: 129->129
[2024-06-01T15:07:24.530-0300][gc,metaspace  ] GC(328) Metaspace: 45708K(48924K)->45708K(48924K) NonClass: 39971K(41680K)->39971K(41680K) Class: 5737K(7244K)->5737K(7244K)
[2024-06-01T15:07:24.530-0300][gc            ] GC(328) Pause Young (Mixed) (G1 Evacuation Pause) 257M->210M(1024M) 20,376ms
[2024-06-01T15:07:24.530-0300][gc,cpu        ] GC(328) User=0,08s Sys=0,00s Real=0,02s
[2024-06-01T15:07:56.719-0300][gc,start      ] GC(329) Pause Young (Normal) (G1 Evacuation Pause)
[2024-06-01T15:07:56.719-0300][gc,task       ] GC(329) Using 4 workers of 4 for evacuation
[2024-06-01T15:07:56.739-0300][gc,phases     ] GC(329)   Pre Evacuate Collection Set: 0,1ms
[2024-06-01T15:07:56.739-0300][gc,phases     ] GC(329)   Evacuate Collection Set: 17,4ms
[2024-06-01T15:07:56.739-0300][gc,phases     ] GC(329)   Post Evacuate Collection Set: 1,4ms
[2024-06-01T15:07:56.739-0300][gc,phases     ] GC(329)   Other: 0,4ms
[2024-06-01T15:07:56.739-0300][gc,heap       ] GC(329) Eden regions: 51->0(49)
[2024-06-01T15:07:56.739-0300][gc,heap       ] GC(329) Survivor regions: 5->4(7)
[2024-06-01T15:07:56.739-0300][gc,heap       ] GC(329) Old regions: 79->80
[2024-06-01T15:07:56.739-0300][gc,heap       ] GC(329) Humongous regions: 129->129
[2024-06-01T15:07:56.739-0300][gc,metaspace  ] GC(329) Metaspace: 45708K(48924K)->45708K(48924K) NonClass: 39971K(41680K)->39971K(41680K) Class: 5737K(7244K)->5737K(7244K)
[2024-06-01T15:07:56.739-0300][gc            ] GC(329) Pause Young (Normal) (G1 Evacuation Pause) 261M->210M(1024M) 19,610ms
[2024-06-01T15:07:56.739-0300][gc,cpu        ] GC(329) User=0,06s Sys=0,00s Real=0,02s
[2024-06-01T15:08:27.135-0300][gc,start      ] GC(330) Pause Young (Normal) (G1 Evacuation Pause)
[2024-06-01T15:08:27.135-0300][gc,task       ] GC(330) Using 4 workers of 4 for evacuation
[2024-06-01T15:08:27.153-0300][gc,phases     ] GC(330)   Pre Evacuate Collection Set: 0,1ms
[2024-06-01T15:08:27.153-0300][gc,phases     ] GC(330)   Evacuate Collection Set: 16,7ms
[2024-06-01T15:08:27.153-0300][gc,phases     ] GC(330)   Post Evacuate Collection Set: 1,1ms
[2024-06-01T15:08:27.153-0300][gc,phases     ] GC(330)   Other: 0,4ms
[2024-06-01T15:08:27.153-0300][gc,heap       ] GC(330) Eden regions: 47->0(49)
[2024-06-01T15:08:27.153-0300][gc,heap       ] GC(330) Survivor regions: 4->5(7)
[2024-06-01T15:08:27.153-0300][gc,heap       ] GC(330) Old regions: 80->80
[2024-06-01T15:08:27.153-0300][gc,heap       ] GC(330) Humongous regions: 129->129
[2024-06-01T15:08:27.153-0300][gc,metaspace  ] GC(330) Metaspace: 45708K(48924K)->45708K(48924K) NonClass: 39971K(41680K)->39971K(41680K) Class: 5737K(7244K)->5737K(7244K)
[2024-06-01T15:08:27.154-0300][gc            ] GC(330) Pause Young (Normal) (G1 Evacuation Pause) 257M->211M(1024M) 18,484ms
[2024-06-01T15:08:27.154-0300][gc,cpu        ] GC(330) User=0,07s Sys=0,00s Real=0,02s
[2024-06-01T15:08:58.269-0300][gc,start      ] GC(331) Pause Young (Normal) (G1 Evacuation Pause)
[2024-06-01T15:08:58.269-0300][gc,task       ] GC(331) Using 4 workers of 4 for evacuation
[2024-06-01T15:08:58.291-0300][gc,mmu        ] GC(331) MMU target violated: 21,0ms (20,0ms/21,0ms)
[2024-06-01T15:08:58.291-0300][gc,phases     ] GC(331)   Pre Evacuate Collection Set: 0,1ms
[2024-06-01T15:08:58.291-0300][gc,phases     ] GC(331)   Evacuate Collection Set: 20,6ms
[2024-06-01T15:08:58.291-0300][gc,phases     ] GC(331)   Post Evacuate Collection Set: 0,9ms
[2024-06-01T15:08:58.291-0300][gc,phases     ] GC(331)   Other: 0,5ms
[2024-06-01T15:08:58.291-0300][gc,heap       ] GC(331) Eden regions: 49->0(48)
[2024-06-01T15:08:58.291-0300][gc,heap       ] GC(331) Survivor regions: 5->4(7)
[2024-06-01T15:08:58.291-0300][gc,heap       ] GC(331) Old regions: 80->82
[2024-06-01T15:08:58.291-0300][gc,heap       ] GC(331) Humongous regions: 129->129
[2024-06-01T15:08:58.291-0300][gc,metaspace  ] GC(331) Metaspace: 45708K(48924K)->45708K(48924K) NonClass: 39971K(41680K)->39971K(41680K) Class: 5737K(7244K)->5737K(7244K)
[2024-06-01T15:08:58.291-0300][gc            ] GC(331) Pause Young (Normal) (G1 Evacuation Pause) 260M->212M(1024M) 22,220ms
[2024-06-01T15:08:58.291-0300][gc,cpu        ] GC(331) User=0,08s Sys=0,01s Real=0,02s
[2024-06-01T15:09:28.984-0300][gc,start      ] GC(332) Pause Young (Normal) (G1 Evacuation Pause)
[2024-06-01T15:09:28.984-0300][gc,task       ] GC(332) Using 4 workers of 4 for evacuation
[2024-06-01T15:09:29.003-0300][gc,phases     ] GC(332)   Pre Evacuate Collection Set: 0,1ms
[2024-06-01T15:09:29.003-0300][gc,phases     ] GC(332)   Evacuate Collection Set: 17,9ms
[2024-06-01T15:09:29.003-0300][gc,phases     ] GC(332)   Post Evacuate Collection Set: 1,0ms
[2024-06-01T15:09:29.003-0300][gc,phases     ] GC(332)   Other: 0,4ms
[2024-06-01T15:09:29.003-0300][gc,heap       ] GC(332) Eden regions: 48->0(47)
[2024-06-01T15:09:29.003-0300][gc,heap       ] GC(332) Survivor regions: 4->4(7)
[2024-06-01T15:09:29.003-0300][gc,heap       ] GC(332) Old regions: 82->82
[2024-06-01T15:09:29.003-0300][gc,heap       ] GC(332) Humongous regions: 129->129
[2024-06-01T15:09:29.003-0300][gc,metaspace  ] GC(332) Metaspace: 45708K(48924K)->45708K(48924K) NonClass: 39971K(41680K)->39971K(41680K) Class: 5737K(7244K)->5737K(7244K)
[2024-06-01T15:09:29.003-0300][gc            ] GC(332) Pause Young (Normal) (G1 Evacuation Pause) 260M->213M(1024M) 19,592ms
[2024-06-01T15:09:29.003-0300][gc,cpu        ] GC(332) User=0,07s Sys=0,00s Real=0,02s
[2024-06-01T15:09:59.001-0300][gc,start      ] GC(333) Pause Young (Normal) (G1 Evacuation Pause)
[2024-06-01T15:09:59.001-0300][gc,task       ] GC(333) Using 4 workers of 4 for evacuation
[2024-06-01T15:09:59.020-0300][gc,phases     ] GC(333)   Pre Evacuate Collection Set: 0,1ms
[2024-06-01T15:09:59.020-0300][gc,phases     ] GC(333)   Evacuate Collection Set: 18,4ms
[2024-06-01T15:09:59.020-0300][gc,phases     ] GC(333)   Post Evacuate Collection Set: 1,0ms
[2024-06-01T15:09:59.020-0300][gc,phases     ] GC(333)   Other: 0,4ms
[2024-06-01T15:09:59.021-0300][gc,heap       ] GC(333) Eden regions: 47->0(48)
[2024-06-01T15:09:59.021-0300][gc,heap       ] GC(333) Survivor regions: 4->5(7)
[2024-06-01T15:09:59.021-0300][gc,heap       ] GC(333) Old regions: 82->84
[2024-06-01T15:09:59.021-0300][gc,heap       ] GC(333) Humongous regions: 129->129
[2024-06-01T15:09:59.021-0300][gc,metaspace  ] GC(333) Metaspace: 45708K(48924K)->45708K(48924K) NonClass: 39971K(41680K)->39971K(41680K) Class: 5737K(7244K)->5737K(7244K)
[2024-06-01T15:09:59.021-0300][gc            ] GC(333) Pause Young (Normal) (G1 Evacuation Pause) 260M->215M(1024M) 20,130ms
[2024-06-01T15:09:59.021-0300][gc,cpu        ] GC(333) User=0,07s Sys=0,00s Real=0,02s
[2024-06-01T15:10:29.737-0300][gc,start      ] GC(334) Pause Young (Normal) (G1 Evacuation Pause)
[2024-06-01T15:10:29.737-0300][gc,task       ] GC(334) Using 4 workers of 4 for evacuation
[2024-06-01T15:10:29.758-0300][gc,mmu        ] GC(334) MMU target violated: 20,5ms (20,0ms/21,0ms)
[2024-06-01T15:10:29.758-0300][gc,phases     ] GC(334)   Pre Evacuate Collection Set: 0,1ms
[2024-06-01T15:10:29.758-0300][gc,phases     ] GC(334)   Evacuate Collection Set: 19,1ms
[2024-06-01T15:10:29.758-0300][gc,phases     ] GC(334)   Post Evacuate Collection Set: 1,1ms
[2024-06-01T15:10:29.758-0300][gc,phases     ] GC(334)   Other: 0,5ms
[2024-06-01T15:10:29.758-0300][gc,heap       ] GC(334) Eden regions: 48->0(48)
[2024-06-01T15:10:29.758-0300][gc,heap       ] GC(334) Survivor regions: 5->5(7)
[2024-06-01T15:10:29.758-0300][gc,heap       ] GC(334) Old regions: 84->85
[2024-06-01T15:10:29.758-0300][gc,heap       ] GC(334) Humongous regions: 129->129
[2024-06-01T15:10:29.758-0300][gc,metaspace  ] GC(334) Metaspace: 45708K(48924K)->45708K(48924K) NonClass: 39971K(41680K)->39971K(41680K) Class: 5737K(7244K)->5737K(7244K)
[2024-06-01T15:10:29.758-0300][gc            ] GC(334) Pause Young (Normal) (G1 Evacuation Pause) 263M->216M(1024M) 20,985ms
[2024-06-01T15:10:29.758-0300][gc,cpu        ] GC(334) User=0,08s Sys=0,00s Real=0,02s
[2024-06-01T15:11:00.533-0300][gc,start      ] GC(335) Pause Young (Normal) (G1 Evacuation Pause)
[2024-06-01T15:11:00.534-0300][gc,task       ] GC(335) Using 4 workers of 4 for evacuation
[2024-06-01T15:11:00.554-0300][gc,phases     ] GC(335)   Pre Evacuate Collection Set: 0,1ms
[2024-06-01T15:11:00.554-0300][gc,phases     ] GC(335)   Evacuate Collection Set: 18,6ms
[2024-06-01T15:11:00.554-0300][gc,phases     ] GC(335)   Post Evacuate Collection Set: 1,1ms
[2024-06-01T15:11:00.554-0300][gc,phases     ] GC(335)   Other: 0,5ms
[2024-06-01T15:11:00.554-0300][gc,heap       ] GC(335) Eden regions: 48->0(49)
[2024-06-01T15:11:00.554-0300][gc,heap       ] GC(335) Survivor regions: 5->5(7)
[2024-06-01T15:11:00.554-0300][gc,heap       ] GC(335) Old regions: 85->86
[2024-06-01T15:11:00.554-0300][gc,heap       ] GC(335) Humongous regions: 129->129
[2024-06-01T15:11:00.554-0300][gc,metaspace  ] GC(335) Metaspace: 45708K(48924K)->45708K(48924K) NonClass: 39971K(41680K)->39971K(41680K) Class: 5737K(7244K)->5737K(7244K)
[2024-06-01T15:11:00.554-0300][gc            ] GC(335) Pause Young (Normal) (G1 Evacuation Pause) 264M->217M(1024M) 20,522ms
[2024-06-01T15:11:00.554-0300][gc,cpu        ] GC(335) User=0,07s Sys=0,00s Real=0,02s
[2024-06-01T15:11:31.930-0300][gc,start      ] GC(336) Pause Young (Normal) (G1 Evacuation Pause)
[2024-06-01T15:11:31.930-0300][gc,task       ] GC(336) Using 4 workers of 4 for evacuation
[2024-06-01T15:11:31.941-0300][gc,phases     ] GC(336)   Pre Evacuate Collection Set: 0,0ms
[2024-06-01T15:11:31.941-0300][gc,phases     ] GC(336)   Evacuate Collection Set: 9,4ms
[2024-06-01T15:11:31.941-0300][gc,phases     ] GC(336)   Post Evacuate Collection Set: 0,7ms
[2024-06-01T15:11:31.941-0300][gc,phases     ] GC(336)   Other: 0,2ms
[2024-06-01T15:11:31.941-0300][gc,heap       ] GC(336) Eden regions: 49->0(52)
[2024-06-01T15:11:31.941-0300][gc,heap       ] GC(336) Survivor regions: 5->5(7)
[2024-06-01T15:11:31.941-0300][gc,heap       ] GC(336) Old regions: 86->87
[2024-06-01T15:11:31.941-0300][gc,heap       ] GC(336) Humongous regions: 129->129
[2024-06-01T15:11:31.941-0300][gc,metaspace  ] GC(336) Metaspace: 45708K(48924K)->45708K(48924K) NonClass: 39971K(41680K)->39971K(41680K) Class: 5737K(7244K)->5737K(7244K)
[2024-06-01T15:11:31.941-0300][gc            ] GC(336) Pause Young (Normal) (G1 Evacuation Pause) 266M->218M(1024M) 10,485ms
[2024-06-01T15:11:31.941-0300][gc,cpu        ] GC(336) User=0,03s Sys=0,00s Real=0,01s
[2024-06-01T15:12:04.809-0300][gc,start      ] GC(337) Pause Young (Normal) (G1 Evacuation Pause)
[2024-06-01T15:12:04.809-0300][gc,task       ] GC(337) Using 4 workers of 4 for evacuation
[2024-06-01T15:12:04.828-0300][gc,phases     ] GC(337)   Pre Evacuate Collection Set: 0,1ms
[2024-06-01T15:12:04.828-0300][gc,phases     ] GC(337)   Evacuate Collection Set: 16,9ms
[2024-06-01T15:12:04.828-0300][gc,phases     ] GC(337)   Post Evacuate Collection Set: 1,1ms
[2024-06-01T15:12:04.828-0300][gc,phases     ] GC(337)   Other: 0,4ms
[2024-06-01T15:12:04.828-0300][gc,heap       ] GC(337) Eden regions: 52->0(51)
[2024-06-01T15:12:04.828-0300][gc,heap       ] GC(337) Survivor regions: 5->5(8)
[2024-06-01T15:12:04.828-0300][gc,heap       ] GC(337) Old regions: 87->87
[2024-06-01T15:12:04.828-0300][gc,heap       ] GC(337) Humongous regions: 129->129
[2024-06-01T15:12:04.828-0300][gc,metaspace  ] GC(337) Metaspace: 45708K(48924K)->45708K(48924K) NonClass: 39971K(41680K)->39971K(41680K) Class: 5737K(7244K)->5737K(7244K)
[2024-06-01T15:12:04.828-0300][gc            ] GC(337) Pause Young (Normal) (G1 Evacuation Pause) 270M->218M(1024M) 18,708ms
[2024-06-01T15:12:04.828-0300][gc,cpu        ] GC(337) User=0,07s Sys=0,00s Real=0,02s
[2024-06-01T15:12:34.313-0300][gc,start      ] GC(338) Pause Young (Normal) (G1 Evacuation Pause)
[2024-06-01T15:12:34.313-0300][gc,task       ] GC(338) Using 4 workers of 4 for evacuation
[2024-06-01T15:12:34.334-0300][gc,mmu        ] GC(338) MMU target violated: 20,7ms (20,0ms/21,0ms)
[2024-06-01T15:12:34.334-0300][gc,phases     ] GC(338)   Pre Evacuate Collection Set: 0,1ms
[2024-06-01T15:12:34.334-0300][gc,phases     ] GC(338)   Evacuate Collection Set: 19,4ms
[2024-06-01T15:12:34.334-0300][gc,phases     ] GC(338)   Post Evacuate Collection Set: 1,1ms
[2024-06-01T15:12:34.334-0300][gc,phases     ] GC(338)   Other: 0,5ms
[2024-06-01T15:12:34.334-0300][gc,heap       ] GC(338) Eden regions: 46->0(49)
[2024-06-01T15:12:34.334-0300][gc,heap       ] GC(338) Survivor regions: 5->5(7)
[2024-06-01T15:12:34.335-0300][gc,heap       ] GC(338) Old regions: 87->88
[2024-06-01T15:12:34.335-0300][gc,heap       ] GC(338) Humongous regions: 129->129
[2024-06-01T15:12:34.335-0300][gc,metaspace  ] GC(338) Metaspace: 45708K(48924K)->45708K(48924K) NonClass: 39971K(41680K)->39971K(41680K) Class: 5737K(7244K)->5737K(7244K)
[2024-06-01T15:12:34.335-0300][gc            ] GC(338) Pause Young (Normal) (G1 Evacuation Pause) 264M->219M(1024M) 21,269ms
[2024-06-01T15:12:34.335-0300][gc,cpu        ] GC(338) User=0,08s Sys=0,00s Real=0,02s
[2024-06-01T15:13:05.715-0300][gc,start      ] GC(339) Pause Young (Normal) (G1 Evacuation Pause)
[2024-06-01T15:13:05.715-0300][gc,task       ] GC(339) Using 4 workers of 4 for evacuation
[2024-06-01T15:13:05.736-0300][gc,mmu        ] GC(339) MMU target violated: 20,9ms (20,0ms/21,0ms)
[2024-06-01T15:13:05.736-0300][gc,phases     ] GC(339)   Pre Evacuate Collection Set: 0,1ms
[2024-06-01T15:13:05.736-0300][gc,phases     ] GC(339)   Evacuate Collection Set: 19,5ms
[2024-06-01T15:13:05.736-0300][gc,phases     ] GC(339)   Post Evacuate Collection Set: 1,1ms
[2024-06-01T15:13:05.736-0300][gc,phases     ] GC(339)   Other: 0,5ms
[2024-06-01T15:13:05.736-0300][gc,heap       ] GC(339) Eden regions: 49->0(48)
[2024-06-01T15:13:05.736-0300][gc,heap       ] GC(339) Survivor regions: 5->4(7)
[2024-06-01T15:13:05.736-0300][gc,heap       ] GC(339) Old regions: 88->89
[2024-06-01T15:13:05.736-0300][gc,heap       ] GC(339) Humongous regions: 129->129
[2024-06-01T15:13:05.736-0300][gc,metaspace  ] GC(339) Metaspace: 45708K(48924K)->45708K(48924K) NonClass: 39971K(41680K)->39971K(41680K) Class: 5737K(7244K)->5737K(7244K)
[2024-06-01T15:13:05.736-0300][gc            ] GC(339) Pause Young (Normal) (G1 Evacuation Pause) 268M->220M(1024M) 21,393ms
[2024-06-01T15:13:05.737-0300][gc,cpu        ] GC(339) User=0,08s Sys=0,00s Real=0,03s
[2024-06-01T15:13:36.466-0300][gc,start      ] GC(340) Pause Young (Normal) (G1 Evacuation Pause)
[2024-06-01T15:13:36.466-0300][gc,task       ] GC(340) Using 4 workers of 4 for evacuation
[2024-06-01T15:13:36.485-0300][gc,phases     ] GC(340)   Pre Evacuate Collection Set: 0,1ms
[2024-06-01T15:13:36.485-0300][gc,phases     ] GC(340)   Evacuate Collection Set: 18,0ms
[2024-06-01T15:13:36.485-0300][gc,phases     ] GC(340)   Post Evacuate Collection Set: 1,1ms
[2024-06-01T15:13:36.485-0300][gc,phases     ] GC(340)   Other: 0,4ms
[2024-06-01T15:13:36.485-0300][gc,heap       ] GC(340) Eden regions: 48->0(49)
[2024-06-01T15:13:36.485-0300][gc,heap       ] GC(340) Survivor regions: 4->5(7)
[2024-06-01T15:13:36.485-0300][gc,heap       ] GC(340) Old regions: 89->90
[2024-06-01T15:13:36.485-0300][gc,heap       ] GC(340) Humongous regions: 129->129
[2024-06-01T15:13:36.485-0300][gc,metaspace  ] GC(340) Metaspace: 45708K(48924K)->45708K(48924K) NonClass: 39971K(41680K)->39971K(41680K) Class: 5737K(7244K)->5737K(7244K)
[2024-06-01T15:13:36.486-0300][gc            ] GC(340) Pause Young (Normal) (G1 Evacuation Pause) 268M->221M(1024M) 19,875ms
[2024-06-01T15:13:36.486-0300][gc,cpu        ] GC(340) User=0,07s Sys=0,00s Real=0,02s
[2024-06-01T15:14:06.214-0300][gc,start      ] GC(341) Pause Young (Normal) (G1 Evacuation Pause)
[2024-06-01T15:14:06.214-0300][gc,task       ] GC(341) Using 4 workers of 4 for evacuation
[2024-06-01T15:14:06.233-0300][gc,phases     ] GC(341)   Pre Evacuate Collection Set: 0,1ms
[2024-06-01T15:14:06.233-0300][gc,phases     ] GC(341)   Evacuate Collection Set: 17,7ms
[2024-06-01T15:14:06.233-0300][gc,phases     ] GC(341)   Post Evacuate Collection Set: 1,1ms
[2024-06-01T15:14:06.233-0300][gc,phases     ] GC(341)   Other: 0,4ms
[2024-06-01T15:14:06.233-0300][gc,heap       ] GC(341) Eden regions: 46->0(50)
[2024-06-01T15:14:06.233-0300][gc,heap       ] GC(341) Survivor regions: 5->5(7)
[2024-06-01T15:14:06.233-0300][gc,heap       ] GC(341) Old regions: 90->91
[2024-06-01T15:14:06.234-0300][gc,heap       ] GC(341) Humongous regions: 129->129
[2024-06-01T15:14:06.234-0300][gc,metaspace  ] GC(341) Metaspace: 45708K(48924K)->45708K(48924K) NonClass: 39971K(41680K)->39971K(41680K) Class: 5737K(7244K)->5737K(7244K)
[2024-06-01T15:14:06.234-0300][gc            ] GC(341) Pause Young (Normal) (G1 Evacuation Pause) 267M->222M(1024M) 19,580ms
[2024-06-01T15:14:06.234-0300][gc,cpu        ] GC(341) User=0,07s Sys=0,00s Real=0,02s
[2024-06-01T15:14:38.523-0300][gc,start      ] GC(342) Pause Young (Normal) (G1 Evacuation Pause)
[2024-06-01T15:14:38.523-0300][gc,task       ] GC(342) Using 4 workers of 4 for evacuation
[2024-06-01T15:14:38.543-0300][gc,phases     ] GC(342)   Pre Evacuate Collection Set: 0,1ms
[2024-06-01T15:14:38.543-0300][gc,phases     ] GC(342)   Evacuate Collection Set: 18,4ms
[2024-06-01T15:14:38.543-0300][gc,phases     ] GC(342)   Post Evacuate Collection Set: 1,0ms
[2024-06-01T15:14:38.543-0300][gc,phases     ] GC(342)   Other: 0,4ms
[2024-06-01T15:14:38.543-0300][gc,heap       ] GC(342) Eden regions: 50->0(51)
[2024-06-01T15:14:38.543-0300][gc,heap       ] GC(342) Survivor regions: 5->5(7)
[2024-06-01T15:14:38.543-0300][gc,heap       ] GC(342) Old regions: 91->92
[2024-06-01T15:14:38.543-0300][gc,heap       ] GC(342) Humongous regions: 129->129
[2024-06-01T15:14:38.543-0300][gc,metaspace  ] GC(342) Metaspace: 45708K(48924K)->45708K(48924K) NonClass: 39971K(41680K)->39971K(41680K) Class: 5737K(7244K)->5737K(7244K)
[2024-06-01T15:14:38.543-0300][gc            ] GC(342) Pause Young (Normal) (G1 Evacuation Pause) 272M->223M(1024M) 20,141ms
[2024-06-01T15:14:38.543-0300][gc,cpu        ] GC(342) User=0,07s Sys=0,01s Real=0,02s
[2024-06-01T15:15:11.166-0300][gc,start      ] GC(343) Pause Young (Normal) (G1 Evacuation Pause)
[2024-06-01T15:15:11.166-0300][gc,task       ] GC(343) Using 4 workers of 4 for evacuation
[2024-06-01T15:15:11.186-0300][gc,phases     ] GC(343)   Pre Evacuate Collection Set: 0,1ms
[2024-06-01T15:15:11.186-0300][gc,phases     ] GC(343)   Evacuate Collection Set: 17,9ms
[2024-06-01T15:15:11.186-0300][gc,phases     ] GC(343)   Post Evacuate Collection Set: 1,1ms
[2024-06-01T15:15:11.186-0300][gc,phases     ] GC(343)   Other: 0,4ms
[2024-06-01T15:15:11.186-0300][gc,heap       ] GC(343) Eden regions: 51->0(52)
[2024-06-01T15:15:11.186-0300][gc,heap       ] GC(343) Survivor regions: 5->5(7)
[2024-06-01T15:15:11.186-0300][gc,heap       ] GC(343) Old regions: 92->93
[2024-06-01T15:15:11.186-0300][gc,heap       ] GC(343) Humongous regions: 129->129
[2024-06-01T15:15:11.186-0300][gc,metaspace  ] GC(343) Metaspace: 45708K(48924K)->45708K(48924K) NonClass: 39971K(41680K)->39971K(41680K) Class: 5737K(7244K)->5737K(7244K)
[2024-06-01T15:15:11.186-0300][gc            ] GC(343) Pause Young (Normal) (G1 Evacuation Pause) 274M->224M(1024M) 19,823ms
[2024-06-01T15:15:11.186-0300][gc,cpu        ] GC(343) User=0,07s Sys=0,01s Real=0,02s
[2024-06-01T15:15:38.625-0300][gc,start      ] GC(344) Pause Young (Normal) (G1 Evacuation Pause)
[2024-06-01T15:15:38.625-0300][gc,task       ] GC(344) Using 4 workers of 4 for evacuation
[2024-06-01T15:15:38.650-0300][gc,mmu        ] GC(344) MMU target violated: 21,0ms (20,0ms/21,0ms)
[2024-06-01T15:15:38.650-0300][gc,phases     ] GC(344)   Pre Evacuate Collection Set: 0,1ms
[2024-06-01T15:15:38.650-0300][gc,phases     ] GC(344)   Evacuate Collection Set: 23,9ms
[2024-06-01T15:15:38.650-0300][gc,phases     ] GC(344)   Post Evacuate Collection Set: 1,3ms
[2024-06-01T15:15:38.650-0300][gc,phases     ] GC(344)   Other: 0,5ms
[2024-06-01T15:15:38.650-0300][gc,heap       ] GC(344) Eden regions: 46->0(44)
[2024-06-01T15:15:38.650-0300][gc,heap       ] GC(344) Survivor regions: 5->7(7)
[2024-06-01T15:15:38.650-0300][gc,heap       ] GC(344) Old regions: 93->94
[2024-06-01T15:15:38.650-0300][gc,heap       ] GC(344) Humongous regions: 129->129
[2024-06-01T15:15:38.650-0300][gc,metaspace  ] GC(344) Metaspace: 45708K(48924K)->45708K(48924K) NonClass: 39971K(41680K)->39971K(41680K) Class: 5737K(7244K)->5737K(7244K)
[2024-06-01T15:15:38.651-0300][gc            ] GC(344) Pause Young (Normal) (G1 Evacuation Pause) 270M->227M(1024M) 25,906ms
[2024-06-01T15:15:38.651-0300][gc,cpu        ] GC(344) User=0,09s Sys=0,00s Real=0,03s
[2024-06-01T15:16:05.998-0300][gc,start      ] GC(345) Pause Young (Normal) (G1 Evacuation Pause)
[2024-06-01T15:16:05.998-0300][gc,task       ] GC(345) Using 4 workers of 4 for evacuation
[2024-06-01T15:16:06.022-0300][gc,mmu        ] GC(345) MMU target violated: 21,0ms (20,0ms/21,0ms)
[2024-06-01T15:16:06.022-0300][gc,phases     ] GC(345)   Pre Evacuate Collection Set: 0,1ms
[2024-06-01T15:16:06.022-0300][gc,phases     ] GC(345)   Evacuate Collection Set: 22,9ms
[2024-06-01T15:16:06.022-0300][gc,phases     ] GC(345)   Post Evacuate Collection Set: 1,0ms
[2024-06-01T15:16:06.022-0300][gc,phases     ] GC(345)   Other: 0,5ms
[2024-06-01T15:16:06.022-0300][gc,heap       ] GC(345) Eden regions: 44->0(46)
[2024-06-01T15:16:06.022-0300][gc,heap       ] GC(345) Survivor regions: 7->5(7)
[2024-06-01T15:16:06.022-0300][gc,heap       ] GC(345) Old regions: 94->97
[2024-06-01T15:16:06.022-0300][gc,heap       ] GC(345) Humongous regions: 129->129
[2024-06-01T15:16:06.022-0300][gc,metaspace  ] GC(345) Metaspace: 45709K(48924K)->45709K(48924K) NonClass: 39971K(41680K)->39971K(41680K) Class: 5738K(7244K)->5738K(7244K)
[2024-06-01T15:16:06.023-0300][gc            ] GC(345) Pause Young (Normal) (G1 Evacuation Pause) 271M->228M(1024M) 24,631ms
[2024-06-01T15:16:06.023-0300][gc,cpu        ] GC(345) User=0,09s Sys=0,00s Real=0,02s
[2024-06-01T15:16:35.440-0300][gc,start      ] GC(346) Pause Young (Normal) (G1 Evacuation Pause)
[2024-06-01T15:16:35.440-0300][gc,task       ] GC(346) Using 4 workers of 4 for evacuation
[2024-06-01T15:16:35.460-0300][gc,phases     ] GC(346)   Pre Evacuate Collection Set: 0,1ms
[2024-06-01T15:16:35.460-0300][gc,phases     ] GC(346)   Evacuate Collection Set: 17,9ms
[2024-06-01T15:16:35.460-0300][gc,phases     ] GC(346)   Post Evacuate Collection Set: 1,0ms
[2024-06-01T15:16:35.460-0300][gc,phases     ] GC(346)   Other: 0,4ms
[2024-06-01T15:16:35.460-0300][gc,heap       ] GC(346) Eden regions: 46->0(56)
[2024-06-01T15:16:35.460-0300][gc,heap       ] GC(346) Survivor regions: 5->2(7)
[2024-06-01T15:16:35.460-0300][gc,heap       ] GC(346) Old regions: 97->100
[2024-06-01T15:16:35.460-0300][gc,heap       ] GC(346) Humongous regions: 129->129
[2024-06-01T15:16:35.460-0300][gc,metaspace  ] GC(346) Metaspace: 45710K(48924K)->45710K(48924K) NonClass: 39972K(41680K)->39972K(41680K) Class: 5738K(7244K)->5738K(7244K)
[2024-06-01T15:16:35.460-0300][gc            ] GC(346) Pause Young (Normal) (G1 Evacuation Pause) 274M->229M(1024M) 19,701ms
[2024-06-01T15:16:35.460-0300][gc,cpu        ] GC(346) User=0,07s Sys=0,00s Real=0,02s
[2024-06-01T15:17:11.263-0300][gc,start      ] GC(347) Pause Young (Normal) (G1 Evacuation Pause)
[2024-06-01T15:17:11.263-0300][gc,task       ] GC(347) Using 4 workers of 4 for evacuation
[2024-06-01T15:17:11.274-0300][gc,phases     ] GC(347)   Pre Evacuate Collection Set: 0,1ms
[2024-06-01T15:17:11.274-0300][gc,phases     ] GC(347)   Evacuate Collection Set: 9,7ms
[2024-06-01T15:17:11.274-0300][gc,phases     ] GC(347)   Post Evacuate Collection Set: 1,0ms
[2024-06-01T15:17:11.274-0300][gc,phases     ] GC(347)   Other: 0,4ms
[2024-06-01T15:17:11.274-0300][gc,heap       ] GC(347) Eden regions: 56->0(56)
[2024-06-01T15:17:11.274-0300][gc,heap       ] GC(347) Survivor regions: 2->3(8)
[2024-06-01T15:17:11.274-0300][gc,heap       ] GC(347) Old regions: 100->100
[2024-06-01T15:17:11.274-0300][gc,heap       ] GC(347) Humongous regions: 129->129
[2024-06-01T15:17:11.274-0300][gc,metaspace  ] GC(347) Metaspace: 45710K(48924K)->45710K(48924K) NonClass: 39972K(41680K)->39972K(41680K) Class: 5738K(7244K)->5738K(7244K)
[2024-06-01T15:17:11.274-0300][gc            ] GC(347) Pause Young (Normal) (G1 Evacuation Pause) 285M->229M(1024M) 11,472ms
[2024-06-01T15:17:11.275-0300][gc,cpu        ] GC(347) User=0,04s Sys=0,00s Real=0,01s
[2024-06-01T15:17:46.834-0300][gc,start      ] GC(348) Pause Young (Normal) (G1 Evacuation Pause)
[2024-06-01T15:17:46.834-0300][gc,task       ] GC(348) Using 4 workers of 4 for evacuation
[2024-06-01T15:17:46.847-0300][gc,phases     ] GC(348)   Pre Evacuate Collection Set: 0,1ms
[2024-06-01T15:17:46.847-0300][gc,phases     ] GC(348)   Evacuate Collection Set: 11,5ms
[2024-06-01T15:17:46.847-0300][gc,phases     ] GC(348)   Post Evacuate Collection Set: 1,0ms
[2024-06-01T15:17:46.847-0300][gc,phases     ] GC(348)   Other: 0,4ms
[2024-06-01T15:17:46.847-0300][gc,heap       ] GC(348) Eden regions: 56->0(57)
[2024-06-01T15:17:46.847-0300][gc,heap       ] GC(348) Survivor regions: 3->4(8)
[2024-06-01T15:17:46.847-0300][gc,heap       ] GC(348) Old regions: 100->100
[2024-06-01T15:17:46.847-0300][gc,heap       ] GC(348) Humongous regions: 129->129
[2024-06-01T15:17:46.847-0300][gc,metaspace  ] GC(348) Metaspace: 45711K(48924K)->45711K(48924K) NonClass: 39973K(41680K)->39973K(41680K) Class: 5738K(7244K)->5738K(7244K)
[2024-06-01T15:17:46.847-0300][gc            ] GC(348) Pause Young (Normal) (G1 Evacuation Pause) 285M->230M(1024M) 13,228ms
[2024-06-01T15:17:46.847-0300][gc,cpu        ] GC(348) User=0,04s Sys=0,00s Real=0,02s
[2024-06-01T15:18:23.233-0300][gc,start      ] GC(349) Pause Young (Normal) (G1 Evacuation Pause)
[2024-06-01T15:18:23.234-0300][gc,task       ] GC(349) Using 4 workers of 4 for evacuation
[2024-06-01T15:18:23.248-0300][gc,phases     ] GC(349)   Pre Evacuate Collection Set: 0,1ms
[2024-06-01T15:18:23.248-0300][gc,phases     ] GC(349)   Evacuate Collection Set: 13,0ms
[2024-06-01T15:18:23.248-0300][gc,phases     ] GC(349)   Post Evacuate Collection Set: 0,9ms
[2024-06-01T15:18:23.248-0300][gc,phases     ] GC(349)   Other: 0,4ms
[2024-06-01T15:18:23.248-0300][gc,heap       ] GC(349) Eden regions: 57->0(58)
[2024-06-01T15:18:23.248-0300][gc,heap       ] GC(349) Survivor regions: 4->5(8)
[2024-06-01T15:18:23.248-0300][gc,heap       ] GC(349) Old regions: 100->100
[2024-06-01T15:18:23.248-0300][gc,heap       ] GC(349) Humongous regions: 129->129
[2024-06-01T15:18:23.248-0300][gc,metaspace  ] GC(349) Metaspace: 45711K(48924K)->45711K(48924K) NonClass: 39973K(41680K)->39973K(41680K) Class: 5738K(7244K)->5738K(7244K)
[2024-06-01T15:18:23.248-0300][gc            ] GC(349) Pause Young (Normal) (G1 Evacuation Pause) 287M->231M(1024M) 14,615ms
[2024-06-01T15:18:23.248-0300][gc,cpu        ] GC(349) User=0,05s Sys=0,00s Real=0,02s
[2024-06-01T15:19:00.333-0300][gc,start      ] GC(350) Pause Young (Normal) (G1 Evacuation Pause)
[2024-06-01T15:19:00.333-0300][gc,task       ] GC(350) Using 4 workers of 4 for evacuation
[2024-06-01T15:19:00.338-0300][gc,phases     ] GC(350)   Pre Evacuate Collection Set: 0,0ms
[2024-06-01T15:19:00.338-0300][gc,phases     ] GC(350)   Evacuate Collection Set: 4,3ms
[2024-06-01T15:19:00.338-0300][gc,phases     ] GC(350)   Post Evacuate Collection Set: 0,5ms
[2024-06-01T15:19:00.338-0300][gc,phases     ] GC(350)   Other: 0,2ms
[2024-06-01T15:19:00.338-0300][gc,heap       ] GC(350) Eden regions: 58->0(62)
[2024-06-01T15:19:00.338-0300][gc,heap       ] GC(350) Survivor regions: 5->5(8)
[2024-06-01T15:19:00.338-0300][gc,heap       ] GC(350) Old regions: 100->101
[2024-06-01T15:19:00.338-0300][gc,heap       ] GC(350) Humongous regions: 129->129
[2024-06-01T15:19:00.338-0300][gc,metaspace  ] GC(350) Metaspace: 45711K(48924K)->45711K(48924K) NonClass: 39973K(41680K)->39973K(41680K) Class: 5738K(7244K)->5738K(7244K)
[2024-06-01T15:19:00.338-0300][gc            ] GC(350) Pause Young (Normal) (G1 Evacuation Pause) 289M->232M(1024M) 5,038ms
[2024-06-01T15:19:00.338-0300][gc,cpu        ] GC(350) User=0,01s Sys=0,00s Real=0,01s
[2024-06-01T15:19:39.747-0300][gc,start      ] GC(351) Pause Young (Normal) (G1 Evacuation Pause)
[2024-06-01T15:19:39.747-0300][gc,task       ] GC(351) Using 4 workers of 4 for evacuation
[2024-06-01T15:19:39.764-0300][gc,phases     ] GC(351)   Pre Evacuate Collection Set: 0,1ms
[2024-06-01T15:19:39.764-0300][gc,phases     ] GC(351)   Evacuate Collection Set: 15,4ms
[2024-06-01T15:19:39.764-0300][gc,phases     ] GC(351)   Post Evacuate Collection Set: 0,9ms
[2024-06-01T15:19:39.764-0300][gc,phases     ] GC(351)   Other: 0,4ms
[2024-06-01T15:19:39.764-0300][gc,heap       ] GC(351) Eden regions: 62->0(61)
[2024-06-01T15:19:39.764-0300][gc,heap       ] GC(351) Survivor regions: 5->6(9)
[2024-06-01T15:19:39.764-0300][gc,heap       ] GC(351) Old regions: 101->101
[2024-06-01T15:19:39.764-0300][gc,heap       ] GC(351) Humongous regions: 129->129
[2024-06-01T15:19:39.764-0300][gc,metaspace  ] GC(351) Metaspace: 45711K(48924K)->45711K(48924K) NonClass: 39973K(41680K)->39973K(41680K) Class: 5738K(7244K)->5738K(7244K)
[2024-06-01T15:19:39.764-0300][gc            ] GC(351) Pause Young (Normal) (G1 Evacuation Pause) 294M->233M(1024M) 17,077ms
[2024-06-01T15:19:39.764-0300][gc,cpu        ] GC(351) User=0,06s Sys=0,01s Real=0,02s
[2024-06-01T15:20:18.490-0300][gc,start      ] GC(352) Pause Young (Normal) (G1 Evacuation Pause)
[2024-06-01T15:20:18.490-0300][gc,task       ] GC(352) Using 4 workers of 4 for evacuation
[2024-06-01T15:20:18.507-0300][gc,phases     ] GC(352)   Pre Evacuate Collection Set: 0,1ms
[2024-06-01T15:20:18.507-0300][gc,phases     ] GC(352)   Evacuate Collection Set: 15,9ms
[2024-06-01T15:20:18.507-0300][gc,phases     ] GC(352)   Post Evacuate Collection Set: 0,9ms
[2024-06-01T15:20:18.507-0300][gc,phases     ] GC(352)   Other: 0,4ms
[2024-06-01T15:20:18.507-0300][gc,heap       ] GC(352) Eden regions: 61->0(62)
[2024-06-01T15:20:18.507-0300][gc,heap       ] GC(352) Survivor regions: 6->5(9)
[2024-06-01T15:20:18.507-0300][gc,heap       ] GC(352) Old regions: 101->102
[2024-06-01T15:20:18.507-0300][gc,heap       ] GC(352) Humongous regions: 129->129
[2024-06-01T15:20:18.507-0300][gc,metaspace  ] GC(352) Metaspace: 45711K(48924K)->45711K(48924K) NonClass: 39973K(41680K)->39973K(41680K) Class: 5738K(7244K)->5738K(7244K)
[2024-06-01T15:20:18.508-0300][gc            ] GC(352) Pause Young (Normal) (G1 Evacuation Pause) 294M->233M(1024M) 17,556ms
[2024-06-01T15:20:18.508-0300][gc,cpu        ] GC(352) User=0,06s Sys=0,00s Real=0,02s
[2024-06-01T15:20:58.142-0300][gc,start      ] GC(353) Pause Young (Normal) (G1 Evacuation Pause)
[2024-06-01T15:20:58.142-0300][gc,task       ] GC(353) Using 4 workers of 4 for evacuation
[2024-06-01T15:20:58.159-0300][gc,phases     ] GC(353)   Pre Evacuate Collection Set: 0,1ms
[2024-06-01T15:20:58.159-0300][gc,phases     ] GC(353)   Evacuate Collection Set: 16,4ms
[2024-06-01T15:20:58.159-0300][gc,phases     ] GC(353)   Post Evacuate Collection Set: 0,9ms
[2024-06-01T15:20:58.160-0300][gc,phases     ] GC(353)   Other: 0,5ms
[2024-06-01T15:20:58.160-0300][gc,heap       ] GC(353) Eden regions: 62->0(62)
[2024-06-01T15:20:58.160-0300][gc,heap       ] GC(353) Survivor regions: 5->6(9)
[2024-06-01T15:20:58.160-0300][gc,heap       ] GC(353) Old regions: 102->102
[2024-06-01T15:20:58.160-0300][gc,heap       ] GC(353) Humongous regions: 129->129
[2024-06-01T15:20:58.160-0300][gc,metaspace  ] GC(353) Metaspace: 45711K(48924K)->45711K(48924K) NonClass: 39973K(41680K)->39973K(41680K) Class: 5738K(7244K)->5738K(7244K)
[2024-06-01T15:20:58.160-0300][gc            ] GC(353) Pause Young (Normal) (G1 Evacuation Pause) 295M->234M(1024M) 18,095ms
[2024-06-01T15:20:58.160-0300][gc,cpu        ] GC(353) User=0,07s Sys=0,00s Real=0,02s
[2024-06-01T15:21:37.837-0300][gc,start      ] GC(354) Pause Young (Normal) (G1 Evacuation Pause)
[2024-06-01T15:21:37.837-0300][gc,task       ] GC(354) Using 4 workers of 4 for evacuation
[2024-06-01T15:21:37.860-0300][gc,mmu        ] GC(354) MMU target violated: 21,0ms (20,0ms/21,0ms)
[2024-06-01T15:21:37.860-0300][gc,phases     ] GC(354)   Pre Evacuate Collection Set: 0,1ms
[2024-06-01T15:21:37.860-0300][gc,phases     ] GC(354)   Evacuate Collection Set: 21,2ms
[2024-06-01T15:21:37.860-0300][gc,phases     ] GC(354)   Post Evacuate Collection Set: 0,9ms
[2024-06-01T15:21:37.860-0300][gc,phases     ] GC(354)   Other: 0,5ms
[2024-06-01T15:21:37.860-0300][gc,heap       ] GC(354) Eden regions: 62->0(60)
[2024-06-01T15:21:37.860-0300][gc,heap       ] GC(354) Survivor regions: 6->6(9)
[2024-06-01T15:21:37.860-0300][gc,heap       ] GC(354) Old regions: 102->103
[2024-06-01T15:21:37.860-0300][gc,heap       ] GC(354) Humongous regions: 129->129
[2024-06-01T15:21:37.860-0300][gc,metaspace  ] GC(354) Metaspace: 45711K(48924K)->45711K(48924K) NonClass: 39973K(41680K)->39973K(41680K) Class: 5738K(7244K)->5738K(7244K)
[2024-06-01T15:21:37.860-0300][gc            ] GC(354) Pause Young (Normal) (G1 Evacuation Pause) 296M->236M(1024M) 22,893ms
[2024-06-01T15:21:37.860-0300][gc,cpu        ] GC(354) User=0,07s Sys=0,01s Real=0,02s
[2024-06-01T15:22:16.296-0300][gc,start      ] GC(355) Pause Young (Normal) (G1 Evacuation Pause)
[2024-06-01T15:22:16.296-0300][gc,task       ] GC(355) Using 4 workers of 4 for evacuation
[2024-06-01T15:22:16.317-0300][gc,mmu        ] GC(355) MMU target violated: 21,0ms (20,0ms/21,0ms)
[2024-06-01T15:22:16.317-0300][gc,phases     ] GC(355)   Pre Evacuate Collection Set: 0,1ms
[2024-06-01T15:22:16.317-0300][gc,phases     ] GC(355)   Evacuate Collection Set: 19,8ms
[2024-06-01T15:22:16.317-0300][gc,phases     ] GC(355)   Post Evacuate Collection Set: 1,0ms
[2024-06-01T15:22:16.317-0300][gc,phases     ] GC(355)   Other: 0,5ms
[2024-06-01T15:22:16.317-0300][gc,heap       ] GC(355) Eden regions: 60->0(59)
[2024-06-01T15:22:16.317-0300][gc,heap       ] GC(355) Survivor regions: 6->5(9)
[2024-06-01T15:22:16.317-0300][gc,heap       ] GC(355) Old regions: 103->105
[2024-06-01T15:22:16.318-0300][gc,heap       ] GC(355) Humongous regions: 129->129
[2024-06-01T15:22:16.318-0300][gc,metaspace  ] GC(355) Metaspace: 45711K(48924K)->45711K(48924K) NonClass: 39973K(41680K)->39973K(41680K) Class: 5738K(7244K)->5738K(7244K)
[2024-06-01T15:22:16.318-0300][gc            ] GC(355) Pause Young (Normal) (G1 Evacuation Pause) 296M->237M(1024M) 21,529ms
[2024-06-01T15:22:16.318-0300][gc,cpu        ] GC(355) User=0,08s Sys=0,00s Real=0,02s
[2024-06-01T15:22:45.843-0300][gc,start      ] GC(356) Pause Young (Normal) (G1 Evacuation Pause)
[2024-06-01T15:22:45.843-0300][gc,task       ] GC(356) Using 4 workers of 4 for evacuation
[2024-06-01T15:22:45.851-0300][gc,phases     ] GC(356)   Pre Evacuate Collection Set: 0,0ms
[2024-06-01T15:22:45.851-0300][gc,phases     ] GC(356)   Evacuate Collection Set: 7,1ms
[2024-06-01T15:22:45.851-0300][gc,phases     ] GC(356)   Post Evacuate Collection Set: 0,5ms
[2024-06-01T15:22:45.851-0300][gc,phases     ] GC(356)   Other: 0,2ms
[2024-06-01T15:22:45.851-0300][gc,heap       ] GC(356) Eden regions: 46->0(52)
[2024-06-01T15:22:45.851-0300][gc,heap       ] GC(356) Survivor regions: 5->4(7)
[2024-06-01T15:22:45.851-0300][gc,heap       ] GC(356) Old regions: 105->108
[2024-06-01T15:22:45.851-0300][gc,heap       ] GC(356) Humongous regions: 129->129
[2024-06-01T15:22:45.851-0300][gc,metaspace  ] GC(356) Metaspace: 45711K(48924K)->45711K(48924K) NonClass: 39973K(41680K)->39973K(41680K) Class: 5738K(7244K)->5738K(7244K)
[2024-06-01T15:22:45.851-0300][gc            ] GC(356) Pause Young (Normal) (G1 Evacuation Pause) 283M->238M(1024M) 7,975ms
[2024-06-01T15:22:45.851-0300][gc,cpu        ] GC(356) User=0,02s Sys=0,00s Real=0,01s
[2024-06-01T15:23:16.943-0300][gc,start      ] GC(357) Pause Young (Normal) (G1 Evacuation Pause)
[2024-06-01T15:23:16.943-0300][gc,task       ] GC(357) Using 4 workers of 4 for evacuation
[2024-06-01T15:23:16.960-0300][gc,phases     ] GC(357)   Pre Evacuate Collection Set: 0,1ms
[2024-06-01T15:23:16.960-0300][gc,phases     ] GC(357)   Evacuate Collection Set: 15,1ms
[2024-06-01T15:23:16.960-0300][gc,phases     ] GC(357)   Post Evacuate Collection Set: 0,9ms
[2024-06-01T15:23:16.960-0300][gc,phases     ] GC(357)   Other: 0,5ms
[2024-06-01T15:23:16.960-0300][gc,heap       ] GC(357) Eden regions: 49->0(50)
[2024-06-01T15:23:16.960-0300][gc,heap       ] GC(357) Survivor regions: 4->5(7)
[2024-06-01T15:23:16.960-0300][gc,heap       ] GC(357) Old regions: 108->108
[2024-06-01T15:23:16.960-0300][gc,heap       ] GC(357) Humongous regions: 129->129
[2024-06-01T15:23:16.960-0300][gc,metaspace  ] GC(357) Metaspace: 45711K(48924K)->45711K(48924K) NonClass: 39973K(41680K)->39973K(41680K) Class: 5738K(7244K)->5738K(7244K)
[2024-06-01T15:23:16.960-0300][gc            ] GC(357) Pause Young (Normal) (G1 Evacuation Pause) 287M->239M(1024M) 16,823ms
[2024-06-01T15:23:16.960-0300][gc,cpu        ] GC(357) User=0,06s Sys=0,01s Real=0,02s
[2024-06-01T15:23:47.548-0300][gc,start      ] GC(358) Pause Young (Normal) (G1 Evacuation Pause)
[2024-06-01T15:23:47.548-0300][gc,task       ] GC(358) Using 4 workers of 4 for evacuation
[2024-06-01T15:23:47.566-0300][gc,phases     ] GC(358)   Pre Evacuate Collection Set: 0,1ms
[2024-06-01T15:23:47.566-0300][gc,phases     ] GC(358)   Evacuate Collection Set: 16,7ms
[2024-06-01T15:23:47.566-0300][gc,phases     ] GC(358)   Post Evacuate Collection Set: 1,0ms
[2024-06-01T15:23:47.566-0300][gc,phases     ] GC(358)   Other: 0,4ms
[2024-06-01T15:23:47.566-0300][gc,heap       ] GC(358) Eden regions: 48->0(50)
[2024-06-01T15:23:47.566-0300][gc,heap       ] GC(358) Survivor regions: 5->5(7)
[2024-06-01T15:23:47.566-0300][gc,heap       ] GC(358) Old regions: 108->109
[2024-06-01T15:23:47.566-0300][gc,heap       ] GC(358) Humongous regions: 129->129
[2024-06-01T15:23:47.566-0300][gc,metaspace  ] GC(358) Metaspace: 45711K(48924K)->45711K(48924K) NonClass: 39973K(41680K)->39973K(41680K) Class: 5738K(7244K)->5738K(7244K)
[2024-06-01T15:23:47.566-0300][gc            ] GC(358) Pause Young (Normal) (G1 Evacuation Pause) 287M->240M(1024M) 18,411ms
[2024-06-01T15:23:47.567-0300][gc,cpu        ] GC(358) User=0,07s Sys=0,00s Real=0,01s
[2024-06-01T15:24:17.476-0300][gc,start      ] GC(359) Pause Young (Normal) (G1 Evacuation Pause)
[2024-06-01T15:24:17.476-0300][gc,task       ] GC(359) Using 4 workers of 4 for evacuation
[2024-06-01T15:24:17.494-0300][gc,phases     ] GC(359)   Pre Evacuate Collection Set: 0,1ms
[2024-06-01T15:24:17.494-0300][gc,phases     ] GC(359)   Evacuate Collection Set: 16,8ms
[2024-06-01T15:24:17.494-0300][gc,phases     ] GC(359)   Post Evacuate Collection Set: 0,9ms
[2024-06-01T15:24:17.494-0300][gc,phases     ] GC(359)   Other: 0,4ms
[2024-06-01T15:24:17.494-0300][gc,heap       ] GC(359) Eden regions: 47->0(50)
[2024-06-01T15:24:17.494-0300][gc,heap       ] GC(359) Survivor regions: 5->4(7)
[2024-06-01T15:24:17.494-0300][gc,heap       ] GC(359) Old regions: 109->110
[2024-06-01T15:24:17.494-0300][gc,heap       ] GC(359) Humongous regions: 129->129
[2024-06-01T15:24:17.495-0300][gc,metaspace  ] GC(359) Metaspace: 45711K(48924K)->45711K(48924K) NonClass: 39973K(41680K)->39973K(41680K) Class: 5738K(7244K)->5738K(7244K)
[2024-06-01T15:24:17.495-0300][gc            ] GC(359) Pause Young (Normal) (G1 Evacuation Pause) 287M->241M(1024M) 18,442ms
[2024-06-01T15:24:17.495-0300][gc,cpu        ] GC(359) User=0,07s Sys=0,00s Real=0,01s
[2024-06-01T15:24:47.570-0300][gc,start      ] GC(360) Pause Young (Normal) (G1 Evacuation Pause)
[2024-06-01T15:24:47.570-0300][gc,task       ] GC(360) Using 4 workers of 4 for evacuation
[2024-06-01T15:24:47.587-0300][gc,phases     ] GC(360)   Pre Evacuate Collection Set: 0,1ms
[2024-06-01T15:24:47.587-0300][gc,phases     ] GC(360)   Evacuate Collection Set: 14,9ms
[2024-06-01T15:24:47.587-0300][gc,phases     ] GC(360)   Post Evacuate Collection Set: 1,0ms
[2024-06-01T15:24:47.587-0300][gc,phases     ] GC(360)   Other: 0,4ms
[2024-06-01T15:24:47.587-0300][gc,heap       ] GC(360) Eden regions: 47->0(52)
[2024-06-01T15:24:47.587-0300][gc,heap       ] GC(360) Survivor regions: 4->4(7)
[2024-06-01T15:24:47.587-0300][gc,heap       ] GC(360) Old regions: 110->111
[2024-06-01T15:24:47.587-0300][gc,heap       ] GC(360) Humongous regions: 129->129
[2024-06-01T15:24:47.587-0300][gc,metaspace  ] GC(360) Metaspace: 45711K(48924K)->45711K(48924K) NonClass: 39973K(41680K)->39973K(41680K) Class: 5738K(7244K)->5738K(7244K)
[2024-06-01T15:24:47.587-0300][gc            ] GC(360) Pause Young (Normal) (G1 Evacuation Pause) 288M->242M(1024M) 16,622ms
[2024-06-01T15:24:47.587-0300][gc,cpu        ] GC(360) User=0,06s Sys=0,00s Real=0,01s
[2024-06-01T15:25:18.219-0300][gc,start      ] GC(361) Pause Young (Normal) (G1 Evacuation Pause)
[2024-06-01T15:25:18.219-0300][gc,task       ] GC(361) Using 4 workers of 4 for evacuation
[2024-06-01T15:25:18.225-0300][gc,phases     ] GC(361)   Pre Evacuate Collection Set: 0,0ms
[2024-06-01T15:25:18.225-0300][gc,phases     ] GC(361)   Evacuate Collection Set: 5,8ms
[2024-06-01T15:25:18.225-0300][gc,phases     ] GC(361)   Post Evacuate Collection Set: 0,5ms
[2024-06-01T15:25:18.225-0300][gc,phases     ] GC(361)   Other: 0,2ms
[2024-06-01T15:25:18.225-0300][gc,heap       ] GC(361) Eden regions: 48->0(55)
[2024-06-01T15:25:18.225-0300][gc,heap       ] GC(361) Survivor regions: 4->5(7)
[2024-06-01T15:25:18.225-0300][gc,heap       ] GC(361) Old regions: 111->111
[2024-06-01T15:25:18.225-0300][gc,heap       ] GC(361) Humongous regions: 129->129
[2024-06-01T15:25:18.226-0300][gc,metaspace  ] GC(361) Metaspace: 45712K(48924K)->45712K(48924K) NonClass: 39974K(41680K)->39974K(41680K) Class: 5738K(7244K)->5738K(7244K)
[2024-06-01T15:25:18.226-0300][gc            ] GC(361) Pause Young (Normal) (G1 Evacuation Pause) 290M->242M(1024M) 6,657ms
[2024-06-01T15:25:18.226-0300][gc,cpu        ] GC(361) User=0,02s Sys=0,00s Real=0,00s
[2024-06-01T15:25:53.254-0300][gc,start      ] GC(362) Pause Young (Normal) (G1 Evacuation Pause)
[2024-06-01T15:25:53.254-0300][gc,task       ] GC(362) Using 4 workers of 4 for evacuation
[2024-06-01T15:25:53.273-0300][gc,phases     ] GC(362)   Pre Evacuate Collection Set: 0,1ms
[2024-06-01T15:25:53.273-0300][gc,phases     ] GC(362)   Evacuate Collection Set: 18,0ms
[2024-06-01T15:25:53.273-0300][gc,phases     ] GC(362)   Post Evacuate Collection Set: 1,1ms
[2024-06-01T15:25:53.273-0300][gc,phases     ] GC(362)   Other: 0,4ms
[2024-06-01T15:25:53.273-0300][gc,heap       ] GC(362) Eden regions: 55->0(56)
[2024-06-01T15:25:53.273-0300][gc,heap       ] GC(362) Survivor regions: 5->6(8)
[2024-06-01T15:25:53.273-0300][gc,heap       ] GC(362) Old regions: 111->112
[2024-06-01T15:25:53.273-0300][gc,heap       ] GC(362) Humongous regions: 129->129
[2024-06-01T15:25:53.273-0300][gc,metaspace  ] GC(362) Metaspace: 45712K(48924K)->45712K(48924K) NonClass: 39974K(41680K)->39974K(41680K) Class: 5738K(7244K)->5738K(7244K)
[2024-06-01T15:25:53.273-0300][gc            ] GC(362) Pause Young (Normal) (G1 Evacuation Pause) 297M->244M(1024M) 19,806ms
[2024-06-01T15:25:53.274-0300][gc,cpu        ] GC(362) User=0,07s Sys=0,00s Real=0,02s
[2024-06-01T15:26:26.738-0300][gc,start      ] GC(363) Pause Young (Normal) (G1 Evacuation Pause)
[2024-06-01T15:26:26.738-0300][gc,task       ] GC(363) Using 4 workers of 4 for evacuation
[2024-06-01T15:26:26.758-0300][gc,phases     ] GC(363)   Pre Evacuate Collection Set: 0,1ms
[2024-06-01T15:26:26.758-0300][gc,phases     ] GC(363)   Evacuate Collection Set: 18,4ms
[2024-06-01T15:26:26.758-0300][gc,phases     ] GC(363)   Post Evacuate Collection Set: 1,0ms
[2024-06-01T15:26:26.758-0300][gc,phases     ] GC(363)   Other: 0,4ms
[2024-06-01T15:26:26.758-0300][gc,heap       ] GC(363) Eden regions: 52->0(54)
[2024-06-01T15:26:26.758-0300][gc,heap       ] GC(363) Survivor regions: 6->6(8)
[2024-06-01T15:26:26.758-0300][gc,heap       ] GC(363) Old regions: 112->113
[2024-06-01T15:26:26.758-0300][gc,heap       ] GC(363) Humongous regions: 129->129
[2024-06-01T15:26:26.758-0300][gc,metaspace  ] GC(363) Metaspace: 45712K(48924K)->45712K(48924K) NonClass: 39974K(41680K)->39974K(41680K) Class: 5738K(7244K)->5738K(7244K)
[2024-06-01T15:26:26.758-0300][gc            ] GC(363) Pause Young (Normal) (G1 Evacuation Pause) 296M->245M(1024M) 20,147ms
[2024-06-01T15:26:26.758-0300][gc,cpu        ] GC(363) User=0,08s Sys=0,00s Real=0,02s
[2024-06-01T15:26:55.886-0300][gc,start      ] GC(364) Pause Young (Normal) (G1 Evacuation Pause)
[2024-06-01T15:26:55.886-0300][gc,task       ] GC(364) Using 4 workers of 4 for evacuation
[2024-06-01T15:26:55.906-0300][gc,mmu        ] GC(364) MMU target violated: 20,2ms (20,0ms/21,0ms)
[2024-06-01T15:26:55.906-0300][gc,phases     ] GC(364)   Pre Evacuate Collection Set: 0,1ms
[2024-06-01T15:26:55.906-0300][gc,phases     ] GC(364)   Evacuate Collection Set: 19,0ms
[2024-06-01T15:26:55.906-0300][gc,phases     ] GC(364)   Post Evacuate Collection Set: 1,0ms
[2024-06-01T15:26:55.906-0300][gc,phases     ] GC(364)   Other: 0,5ms
[2024-06-01T15:26:55.906-0300][gc,heap       ] GC(364) Eden regions: 46->0(53)
[2024-06-01T15:26:55.906-0300][gc,heap       ] GC(364) Survivor regions: 6->5(7)
[2024-06-01T15:26:55.906-0300][gc,heap       ] GC(364) Old regions: 113->115
[2024-06-01T15:26:55.906-0300][gc,heap       ] GC(364) Humongous regions: 129->129
[2024-06-01T15:26:55.906-0300][gc,metaspace  ] GC(364) Metaspace: 45712K(48924K)->45712K(48924K) NonClass: 39974K(41680K)->39974K(41680K) Class: 5738K(7244K)->5738K(7244K)
[2024-06-01T15:26:55.906-0300][gc            ] GC(364) Pause Young (Normal) (G1 Evacuation Pause) 291M->246M(1024M) 20,793ms
[2024-06-01T15:26:55.906-0300][gc,cpu        ] GC(364) User=0,08s Sys=0,00s Real=0,02s
[2024-06-01T15:27:25.069-0300][gc,start      ] GC(365) Pause Young (Normal) (G1 Evacuation Pause)
[2024-06-01T15:27:25.069-0300][gc,task       ] GC(365) Using 4 workers of 4 for evacuation
[2024-06-01T15:27:25.079-0300][gc,phases     ] GC(365)   Pre Evacuate Collection Set: 0,0ms
[2024-06-01T15:27:25.079-0300][gc,phases     ] GC(365)   Evacuate Collection Set: 9,4ms
[2024-06-01T15:27:25.079-0300][gc,phases     ] GC(365)   Post Evacuate Collection Set: 0,6ms
[2024-06-01T15:27:25.079-0300][gc,phases     ] GC(365)   Other: 0,2ms
[2024-06-01T15:27:25.079-0300][gc,heap       ] GC(365) Eden regions: 46->0(58)
[2024-06-01T15:27:25.079-0300][gc,heap       ] GC(365) Survivor regions: 5->5(7)
[2024-06-01T15:27:25.079-0300][gc,heap       ] GC(365) Old regions: 115->116
[2024-06-01T15:27:25.079-0300][gc,heap       ] GC(365) Humongous regions: 129->129
[2024-06-01T15:27:25.079-0300][gc,metaspace  ] GC(365) Metaspace: 45712K(48924K)->45712K(48924K) NonClass: 39974K(41680K)->39974K(41680K) Class: 5738K(7244K)->5738K(7244K)
[2024-06-01T15:27:25.079-0300][gc            ] GC(365) Pause Young (Normal) (G1 Evacuation Pause) 292M->247M(1024M) 10,432ms
[2024-06-01T15:27:25.079-0300][gc,cpu        ] GC(365) User=0,03s Sys=0,00s Real=0,01s
[2024-06-01T15:27:57.103-0300][gc,start      ] GC(366) Pause Young (Normal) (G1 Evacuation Pause)
[2024-06-01T15:27:57.103-0300][gc,task       ] GC(366) Using 4 workers of 4 for evacuation
[2024-06-01T15:27:57.122-0300][gc,phases     ] GC(366)   Pre Evacuate Collection Set: 0,1ms
[2024-06-01T15:27:57.122-0300][gc,phases     ] GC(366)   Evacuate Collection Set: 17,5ms
[2024-06-01T15:27:57.122-0300][gc,phases     ] GC(366)   Post Evacuate Collection Set: 1,0ms
[2024-06-01T15:27:57.122-0300][gc,phases     ] GC(366)   Other: 0,4ms
[2024-06-01T15:27:57.122-0300][gc,heap       ] GC(366) Eden regions: 50->0(57)
[2024-06-01T15:27:57.122-0300][gc,heap       ] GC(366) Survivor regions: 5->5(7)
[2024-06-01T15:27:57.122-0300][gc,heap       ] GC(366) Old regions: 116->117
[2024-06-01T15:27:57.122-0300][gc,heap       ] GC(366) Humongous regions: 129->129
[2024-06-01T15:27:57.122-0300][gc,metaspace  ] GC(366) Metaspace: 45712K(48924K)->45712K(48924K) NonClass: 39974K(41680K)->39974K(41680K) Class: 5738K(7244K)->5738K(7244K)
[2024-06-01T15:27:57.122-0300][gc            ] GC(366) Pause Young (Normal) (G1 Evacuation Pause) 297M->248M(1024M) 19,276ms
[2024-06-01T15:27:57.122-0300][gc,cpu        ] GC(366) User=0,07s Sys=0,00s Real=0,02s
[2024-06-01T15:28:28.263-0300][gc,start      ] GC(367) Pause Young (Normal) (G1 Evacuation Pause)
[2024-06-01T15:28:28.263-0300][gc,task       ] GC(367) Using 4 workers of 4 for evacuation
[2024-06-01T15:28:28.282-0300][gc,phases     ] GC(367)   Pre Evacuate Collection Set: 0,1ms
[2024-06-01T15:28:28.282-0300][gc,phases     ] GC(367)   Evacuate Collection Set: 17,7ms
[2024-06-01T15:28:28.282-0300][gc,phases     ] GC(367)   Post Evacuate Collection Set: 1,0ms
[2024-06-01T15:28:28.282-0300][gc,phases     ] GC(367)   Other: 0,4ms
[2024-06-01T15:28:28.282-0300][gc,heap       ] GC(367) Eden regions: 49->0(57)
[2024-06-01T15:28:28.282-0300][gc,heap       ] GC(367) Survivor regions: 5->5(7)
[2024-06-01T15:28:28.282-0300][gc,heap       ] GC(367) Old regions: 117->118
[2024-06-01T15:28:28.282-0300][gc,heap       ] GC(367) Humongous regions: 129->129
[2024-06-01T15:28:28.282-0300][gc,metaspace  ] GC(367) Metaspace: 45712K(48924K)->45712K(48924K) NonClass: 39974K(41680K)->39974K(41680K) Class: 5738K(7244K)->5738K(7244K)
[2024-06-01T15:28:28.282-0300][gc            ] GC(367) Pause Young (Normal) (G1 Evacuation Pause) 297M->249M(1024M) 19,480ms
[2024-06-01T15:28:28.282-0300][gc,cpu        ] GC(367) User=0,07s Sys=0,00s Real=0,02s
[2024-06-01T15:28:57.478-0300][gc,start      ] GC(368) Pause Young (Normal) (G1 Evacuation Pause)
[2024-06-01T15:28:57.478-0300][gc,task       ] GC(368) Using 4 workers of 4 for evacuation
[2024-06-01T15:28:57.495-0300][gc,phases     ] GC(368)   Pre Evacuate Collection Set: 0,1ms
[2024-06-01T15:28:57.495-0300][gc,phases     ] GC(368)   Evacuate Collection Set: 16,2ms
[2024-06-01T15:28:57.495-0300][gc,phases     ] GC(368)   Post Evacuate Collection Set: 1,1ms
[2024-06-01T15:28:57.495-0300][gc,phases     ] GC(368)   Other: 0,4ms
[2024-06-01T15:28:57.495-0300][gc,heap       ] GC(368) Eden regions: 46->0(58)
[2024-06-01T15:28:57.495-0300][gc,heap       ] GC(368) Survivor regions: 5->4(7)
[2024-06-01T15:28:57.496-0300][gc,heap       ] GC(368) Old regions: 118->119
[2024-06-01T15:28:57.496-0300][gc,heap       ] GC(368) Humongous regions: 129->129
[2024-06-01T15:28:57.496-0300][gc,metaspace  ] GC(368) Metaspace: 45712K(48924K)->45712K(48924K) NonClass: 39974K(41680K)->39974K(41680K) Class: 5738K(7244K)->5738K(7244K)
[2024-06-01T15:28:57.496-0300][gc            ] GC(368) Pause Young (Normal) (G1 Evacuation Pause) 295M->250M(1024M) 18,011ms
[2024-06-01T15:28:57.496-0300][gc,cpu        ] GC(368) User=0,07s Sys=0,00s Real=0,02s
[2024-06-01T15:29:27.303-0300][gc,start      ] GC(369) Pause Young (Normal) (G1 Evacuation Pause)
[2024-06-01T15:29:27.303-0300][gc,task       ] GC(369) Using 4 workers of 4 for evacuation
[2024-06-01T15:29:27.323-0300][gc,phases     ] GC(369)   Pre Evacuate Collection Set: 0,1ms
[2024-06-01T15:29:27.323-0300][gc,phases     ] GC(369)   Evacuate Collection Set: 18,8ms
[2024-06-01T15:29:27.323-0300][gc,phases     ] GC(369)   Post Evacuate Collection Set: 0,5ms
[2024-06-01T15:29:27.323-0300][gc,phases     ] GC(369)   Other: 0,4ms
[2024-06-01T15:29:27.323-0300][gc,heap       ] GC(369) Eden regions: 47->0(49)
[2024-06-01T15:29:27.323-0300][gc,heap       ] GC(369) Survivor regions: 4->5(7)
[2024-06-01T15:29:27.323-0300][gc,heap       ] GC(369) Old regions: 119->119
[2024-06-01T15:29:27.323-0300][gc,heap       ] GC(369) Humongous regions: 129->129
[2024-06-01T15:29:27.323-0300][gc,metaspace  ] GC(369) Metaspace: 45712K(48924K)->45712K(48924K) NonClass: 39974K(41680K)->39974K(41680K) Class: 5738K(7244K)->5738K(7244K)
[2024-06-01T15:29:27.323-0300][gc            ] GC(369) Pause Young (Normal) (G1 Evacuation Pause) 297M->251M(1024M) 19,861ms
[2024-06-01T15:29:27.323-0300][gc,cpu        ] GC(369) User=0,06s Sys=0,00s Real=0,02s
[2024-06-01T15:29:56.953-0300][gc,start      ] GC(370) Pause Young (Normal) (G1 Evacuation Pause)
[2024-06-01T15:29:56.953-0300][gc,task       ] GC(370) Using 4 workers of 4 for evacuation
[2024-06-01T15:29:56.974-0300][gc,mmu        ] GC(370) MMU target violated: 20,7ms (20,0ms/21,0ms)
[2024-06-01T15:29:56.974-0300][gc,phases     ] GC(370)   Pre Evacuate Collection Set: 0,1ms
[2024-06-01T15:29:56.974-0300][gc,phases     ] GC(370)   Evacuate Collection Set: 19,4ms
[2024-06-01T15:29:56.974-0300][gc,phases     ] GC(370)   Post Evacuate Collection Set: 1,1ms
[2024-06-01T15:29:56.974-0300][gc,phases     ] GC(370)   Other: 0,5ms
[2024-06-01T15:29:56.974-0300][gc,heap       ] GC(370) Eden regions: 46->0(47)
[2024-06-01T15:29:56.974-0300][gc,heap       ] GC(370) Survivor regions: 5->4(7)
[2024-06-01T15:29:56.974-0300][gc,heap       ] GC(370) Old regions: 119->121
[2024-06-01T15:29:56.974-0300][gc,heap       ] GC(370) Humongous regions: 129->129
[2024-06-01T15:29:56.974-0300][gc,metaspace  ] GC(370) Metaspace: 45712K(48924K)->45712K(48924K) NonClass: 39974K(41680K)->39974K(41680K) Class: 5738K(7244K)->5738K(7244K)
[2024-06-01T15:29:56.974-0300][gc            ] GC(370) Pause Young (Normal) (G1 Evacuation Pause) 297M->251M(1024M) 21,222ms
[2024-06-01T15:29:56.974-0300][gc,cpu        ] GC(370) User=0,07s Sys=0,00s Real=0,02s
[2024-06-01T15:30:27.079-0300][gc,start      ] GC(371) Pause Young (Normal) (G1 Evacuation Pause)
[2024-06-01T15:30:27.079-0300][gc,task       ] GC(371) Using 4 workers of 4 for evacuation
[2024-06-01T15:30:27.098-0300][gc,phases     ] GC(371)   Pre Evacuate Collection Set: 0,1ms
[2024-06-01T15:30:27.098-0300][gc,phases     ] GC(371)   Evacuate Collection Set: 17,0ms
[2024-06-01T15:30:27.098-0300][gc,phases     ] GC(371)   Post Evacuate Collection Set: 1,1ms
[2024-06-01T15:30:27.098-0300][gc,phases     ] GC(371)   Other: 0,4ms
[2024-06-01T15:30:27.098-0300][gc,heap       ] GC(371) Eden regions: 47->0(47)
[2024-06-01T15:30:27.098-0300][gc,heap       ] GC(371) Survivor regions: 4->4(7)
[2024-06-01T15:30:27.098-0300][gc,heap       ] GC(371) Old regions: 121->122
[2024-06-01T15:30:27.098-0300][gc,heap       ] GC(371) Humongous regions: 129->129
[2024-06-01T15:30:27.098-0300][gc,metaspace  ] GC(371) Metaspace: 45712K(48924K)->45712K(48924K) NonClass: 39974K(41680K)->39974K(41680K) Class: 5738K(7244K)->5738K(7244K)
[2024-06-01T15:30:27.098-0300][gc            ] GC(371) Pause Young (Normal) (G1 Evacuation Pause) 298M->252M(1024M) 18,881ms
[2024-06-01T15:30:27.098-0300][gc,cpu        ] GC(371) User=0,07s Sys=0,00s Real=0,02s
[2024-06-01T15:30:57.122-0300][gc,start      ] GC(372) Pause Young (Normal) (G1 Evacuation Pause)
[2024-06-01T15:30:57.122-0300][gc,task       ] GC(372) Using 4 workers of 4 for evacuation
[2024-06-01T15:30:57.142-0300][gc,mmu        ] GC(372) MMU target violated: 20,1ms (20,0ms/21,0ms)
[2024-06-01T15:30:57.142-0300][gc,phases     ] GC(372)   Pre Evacuate Collection Set: 0,1ms
[2024-06-01T15:30:57.142-0300][gc,phases     ] GC(372)   Evacuate Collection Set: 19,0ms
[2024-06-01T15:30:57.142-0300][gc,phases     ] GC(372)   Post Evacuate Collection Set: 1,0ms
[2024-06-01T15:30:57.142-0300][gc,phases     ] GC(372)   Other: 0,5ms
[2024-06-01T15:30:57.142-0300][gc,heap       ] GC(372) Eden regions: 47->0(47)
[2024-06-01T15:30:57.142-0300][gc,heap       ] GC(372) Survivor regions: 4->4(7)
[2024-06-01T15:30:57.142-0300][gc,heap       ] GC(372) Old regions: 122->123
[2024-06-01T15:30:57.142-0300][gc,heap       ] GC(372) Humongous regions: 129->129
[2024-06-01T15:30:57.142-0300][gc,metaspace  ] GC(372) Metaspace: 45712K(48924K)->45712K(48924K) NonClass: 39974K(41680K)->39974K(41680K) Class: 5738K(7244K)->5738K(7244K)
[2024-06-01T15:30:57.142-0300][gc            ] GC(372) Pause Young (Normal) (G1 Evacuation Pause) 299M->253M(1024M) 20,645ms
[2024-06-01T15:30:57.143-0300][gc,cpu        ] GC(372) User=0,07s Sys=0,00s Real=0,02s
[2024-06-01T15:31:27.409-0300][gc,start      ] GC(373) Pause Young (Normal) (G1 Evacuation Pause)
[2024-06-01T15:31:27.409-0300][gc,task       ] GC(373) Using 4 workers of 4 for evacuation
[2024-06-01T15:31:27.428-0300][gc,phases     ] GC(373)   Pre Evacuate Collection Set: 0,1ms
[2024-06-01T15:31:27.428-0300][gc,phases     ] GC(373)   Evacuate Collection Set: 18,3ms
[2024-06-01T15:31:27.428-0300][gc,phases     ] GC(373)   Post Evacuate Collection Set: 1,1ms
[2024-06-01T15:31:27.429-0300][gc,phases     ] GC(373)   Other: 0,4ms
[2024-06-01T15:31:27.429-0300][gc,heap       ] GC(373) Eden regions: 47->0(48)
[2024-06-01T15:31:27.429-0300][gc,heap       ] GC(373) Survivor regions: 4->5(7)
[2024-06-01T15:31:27.429-0300][gc,heap       ] GC(373) Old regions: 123->124
[2024-06-01T15:31:27.429-0300][gc,heap       ] GC(373) Humongous regions: 129->129
[2024-06-01T15:31:27.429-0300][gc,metaspace  ] GC(373) Metaspace: 45712K(48924K)->45712K(48924K) NonClass: 39974K(41680K)->39974K(41680K) Class: 5738K(7244K)->5738K(7244K)
[2024-06-01T15:31:27.429-0300][gc            ] GC(373) Pause Young (Normal) (G1 Evacuation Pause) 300M->255M(1024M) 20,119ms
[2024-06-01T15:31:27.429-0300][gc,cpu        ] GC(373) User=0,07s Sys=0,01s Real=0,02s
[2024-06-01T15:31:57.777-0300][gc,start      ] GC(374) Pause Young (Normal) (G1 Evacuation Pause)
[2024-06-01T15:31:57.778-0300][gc,task       ] GC(374) Using 4 workers of 4 for evacuation
[2024-06-01T15:31:57.791-0300][gc,phases     ] GC(374)   Pre Evacuate Collection Set: 0,0ms
[2024-06-01T15:31:57.791-0300][gc,phases     ] GC(374)   Evacuate Collection Set: 12,0ms
[2024-06-01T15:31:57.791-0300][gc,phases     ] GC(374)   Post Evacuate Collection Set: 0,8ms
[2024-06-01T15:31:57.791-0300][gc,phases     ] GC(374)   Other: 0,3ms
[2024-06-01T15:31:57.791-0300][gc,heap       ] GC(374) Eden regions: 48->0(50)
[2024-06-01T15:31:57.791-0300][gc,heap       ] GC(374) Survivor regions: 5->5(7)
[2024-06-01T15:31:57.791-0300][gc,heap       ] GC(374) Old regions: 124->125
[2024-06-01T15:31:57.791-0300][gc,heap       ] GC(374) Humongous regions: 129->129
[2024-06-01T15:31:57.791-0300][gc,metaspace  ] GC(374) Metaspace: 45712K(48924K)->45712K(48924K) NonClass: 39974K(41680K)->39974K(41680K) Class: 5738K(7244K)->5738K(7244K)
[2024-06-01T15:31:57.791-0300][gc            ] GC(374) Pause Young (Normal) (G1 Evacuation Pause) 303M->256M(1024M) 13,285ms
[2024-06-01T15:31:57.791-0300][gc,cpu        ] GC(374) User=0,05s Sys=0,00s Real=0,01s
[2024-06-01T15:32:29.734-0300][gc,start      ] GC(375) Pause Young (Normal) (G1 Evacuation Pause)
[2024-06-01T15:32:29.734-0300][gc,task       ] GC(375) Using 4 workers of 4 for evacuation
[2024-06-01T15:32:29.741-0300][gc,phases     ] GC(375)   Pre Evacuate Collection Set: 0,0ms
[2024-06-01T15:32:29.741-0300][gc,phases     ] GC(375)   Evacuate Collection Set: 6,3ms
[2024-06-01T15:32:29.741-0300][gc,phases     ] GC(375)   Post Evacuate Collection Set: 0,5ms
[2024-06-01T15:32:29.741-0300][gc,phases     ] GC(375)   Other: 0,2ms
[2024-06-01T15:32:29.741-0300][gc,heap       ] GC(375) Eden regions: 50->0(52)
[2024-06-01T15:32:29.741-0300][gc,heap       ] GC(375) Survivor regions: 5->4(7)
[2024-06-01T15:32:29.741-0300][gc,heap       ] GC(375) Old regions: 125->126
[2024-06-01T15:32:29.741-0300][gc,heap       ] GC(375) Humongous regions: 129->129
[2024-06-01T15:32:29.741-0300][gc,metaspace  ] GC(375) Metaspace: 45712K(48924K)->45712K(48924K) NonClass: 39974K(41680K)->39974K(41680K) Class: 5738K(7244K)->5738K(7244K)
[2024-06-01T15:32:29.741-0300][gc            ] GC(375) Pause Young (Normal) (G1 Evacuation Pause) 306M->257M(1024M) 7,039ms
[2024-06-01T15:32:29.741-0300][gc,cpu        ] GC(375) User=0,03s Sys=0,00s Real=0,01s
[2024-06-01T15:33:02.516-0300][gc,start      ] GC(376) Pause Young (Normal) (G1 Evacuation Pause)
[2024-06-01T15:33:02.516-0300][gc,task       ] GC(376) Using 4 workers of 4 for evacuation
[2024-06-01T15:33:02.534-0300][gc,phases     ] GC(376)   Pre Evacuate Collection Set: 0,1ms
[2024-06-01T15:33:02.535-0300][gc,phases     ] GC(376)   Evacuate Collection Set: 17,2ms
[2024-06-01T15:33:02.535-0300][gc,phases     ] GC(376)   Post Evacuate Collection Set: 1,0ms
[2024-06-01T15:33:02.535-0300][gc,phases     ] GC(376)   Other: 0,4ms
[2024-06-01T15:33:02.535-0300][gc,heap       ] GC(376) Eden regions: 52->0(52)
[2024-06-01T15:33:02.535-0300][gc,heap       ] GC(376) Survivor regions: 4->4(7)
[2024-06-01T15:33:02.535-0300][gc,heap       ] GC(376) Old regions: 126->127
[2024-06-01T15:33:02.535-0300][gc,heap       ] GC(376) Humongous regions: 129->129
[2024-06-01T15:33:02.535-0300][gc,metaspace  ] GC(376) Metaspace: 45712K(48924K)->45712K(48924K) NonClass: 39974K(41680K)->39974K(41680K) Class: 5738K(7244K)->5738K(7244K)
[2024-06-01T15:33:02.535-0300][gc            ] GC(376) Pause Young (Normal) (G1 Evacuation Pause) 309M->257M(1024M) 18,929ms
[2024-06-01T15:33:02.535-0300][gc,cpu        ] GC(376) User=0,06s Sys=0,00s Real=0,01s
[2024-06-01T15:33:35.440-0300][gc,start      ] GC(377) Pause Young (Normal) (G1 Evacuation Pause)
[2024-06-01T15:33:35.440-0300][gc,task       ] GC(377) Using 4 workers of 4 for evacuation
[2024-06-01T15:33:35.459-0300][gc,phases     ] GC(377)   Pre Evacuate Collection Set: 0,1ms
[2024-06-01T15:33:35.459-0300][gc,phases     ] GC(377)   Evacuate Collection Set: 17,3ms
[2024-06-01T15:33:35.459-0300][gc,phases     ] GC(377)   Post Evacuate Collection Set: 1,1ms
[2024-06-01T15:33:35.459-0300][gc,phases     ] GC(377)   Other: 0,4ms
[2024-06-01T15:33:35.459-0300][gc,heap       ] GC(377) Eden regions: 52->0(52)
[2024-06-01T15:33:35.459-0300][gc,heap       ] GC(377) Survivor regions: 4->5(7)
[2024-06-01T15:33:35.459-0300][gc,heap       ] GC(377) Old regions: 127->127
[2024-06-01T15:33:35.459-0300][gc,heap       ] GC(377) Humongous regions: 129->129
[2024-06-01T15:33:35.459-0300][gc,metaspace  ] GC(377) Metaspace: 45712K(48924K)->45712K(48924K) NonClass: 39974K(41680K)->39974K(41680K) Class: 5738K(7244K)->5738K(7244K)
[2024-06-01T15:33:35.459-0300][gc            ] GC(377) Pause Young (Normal) (G1 Evacuation Pause) 309M->258M(1024M) 19,224ms
[2024-06-01T15:33:35.459-0300][gc,cpu        ] GC(377) User=0,07s Sys=0,00s Real=0,02s
[2024-06-01T15:34:04.378-0300][gc,start      ] GC(378) Pause Young (Normal) (G1 Evacuation Pause)
[2024-06-01T15:34:04.378-0300][gc,task       ] GC(378) Using 4 workers of 4 for evacuation
[2024-06-01T15:34:04.399-0300][gc,mmu        ] GC(378) MMU target violated: 20,6ms (20,0ms/21,0ms)
[2024-06-01T15:34:04.399-0300][gc,phases     ] GC(378)   Pre Evacuate Collection Set: 0,1ms
[2024-06-01T15:34:04.399-0300][gc,phases     ] GC(378)   Evacuate Collection Set: 19,3ms
[2024-06-01T15:34:04.399-0300][gc,phases     ] GC(378)   Post Evacuate Collection Set: 1,1ms
[2024-06-01T15:34:04.399-0300][gc,phases     ] GC(378)   Other: 0,5ms
[2024-06-01T15:34:04.399-0300][gc,heap       ] GC(378) Eden regions: 46->0(48)
[2024-06-01T15:34:04.399-0300][gc,heap       ] GC(378) Survivor regions: 5->4(7)
[2024-06-01T15:34:04.399-0300][gc,heap       ] GC(378) Old regions: 127->128
[2024-06-01T15:34:04.399-0300][gc,heap       ] GC(378) Humongous regions: 129->129
[2024-06-01T15:34:04.399-0300][gc,metaspace  ] GC(378) Metaspace: 45712K(48924K)->45712K(48924K) NonClass: 39974K(41680K)->39974K(41680K) Class: 5738K(7244K)->5738K(7244K)
[2024-06-01T15:34:04.399-0300][gc            ] GC(378) Pause Young (Normal) (G1 Evacuation Pause) 304M->259M(1024M) 21,186ms
[2024-06-01T15:34:04.400-0300][gc,cpu        ] GC(378) User=0,07s Sys=0,00s Real=0,02s
[2024-06-01T15:34:34.904-0300][gc,start      ] GC(379) Pause Young (Normal) (G1 Evacuation Pause)
[2024-06-01T15:34:34.904-0300][gc,task       ] GC(379) Using 4 workers of 4 for evacuation
[2024-06-01T15:34:34.924-0300][gc,mmu        ] GC(379) MMU target violated: 20,0ms (20,0ms/21,0ms)
[2024-06-01T15:34:34.924-0300][gc,phases     ] GC(379)   Pre Evacuate Collection Set: 0,1ms
[2024-06-01T15:34:34.924-0300][gc,phases     ] GC(379)   Evacuate Collection Set: 18,7ms
[2024-06-01T15:34:34.924-0300][gc,phases     ] GC(379)   Post Evacuate Collection Set: 1,0ms
[2024-06-01T15:34:34.924-0300][gc,phases     ] GC(379)   Other: 0,5ms
[2024-06-01T15:34:34.924-0300][gc,heap       ] GC(379) Eden regions: 48->0(49)
[2024-06-01T15:34:34.924-0300][gc,heap       ] GC(379) Survivor regions: 4->5(7)
[2024-06-01T15:34:34.924-0300][gc,heap       ] GC(379) Old regions: 128->129
[2024-06-01T15:34:34.924-0300][gc,heap       ] GC(379) Humongous regions: 129->129
[2024-06-01T15:34:34.924-0300][gc,metaspace  ] GC(379) Metaspace: 45712K(48924K)->45712K(48924K) NonClass: 39974K(41680K)->39974K(41680K) Class: 5738K(7244K)->5738K(7244K)
[2024-06-01T15:34:34.924-0300][gc            ] GC(379) Pause Young (Normal) (G1 Evacuation Pause) 307M->261M(1024M) 20,545ms
[2024-06-01T15:34:34.924-0300][gc,cpu        ] GC(379) User=0,07s Sys=0,01s Real=0,02s
[2024-06-01T15:35:04.336-0300][gc,start      ] GC(380) Pause Young (Normal) (G1 Evacuation Pause)
[2024-06-01T15:35:04.336-0300][gc,task       ] GC(380) Using 4 workers of 4 for evacuation
[2024-06-01T15:35:04.356-0300][gc,phases     ] GC(380)   Pre Evacuate Collection Set: 0,1ms
[2024-06-01T15:35:04.356-0300][gc,phases     ] GC(380)   Evacuate Collection Set: 18,6ms
[2024-06-01T15:35:04.356-0300][gc,phases     ] GC(380)   Post Evacuate Collection Set: 1,0ms
[2024-06-01T15:35:04.356-0300][gc,phases     ] GC(380)   Other: 0,4ms
[2024-06-01T15:35:04.356-0300][gc,heap       ] GC(380) Eden regions: 46->0(50)
[2024-06-01T15:35:04.356-0300][gc,heap       ] GC(380) Survivor regions: 5->5(7)
[2024-06-01T15:35:04.356-0300][gc,heap       ] GC(380) Old regions: 129->130
[2024-06-01T15:35:04.356-0300][gc,heap       ] GC(380) Humongous regions: 129->129
[2024-06-01T15:35:04.356-0300][gc,metaspace  ] GC(380) Metaspace: 45712K(48924K)->45712K(48924K) NonClass: 39974K(41680K)->39974K(41680K) Class: 5738K(7244K)->5738K(7244K)
[2024-06-01T15:35:04.356-0300][gc            ] GC(380) Pause Young (Normal) (G1 Evacuation Pause) 307M->261M(1024M) 20,386ms
[2024-06-01T15:35:04.356-0300][gc,cpu        ] GC(380) User=0,07s Sys=0,00s Real=0,02s
[2024-06-01T15:35:33.313-0300][gc,start      ] GC(381) Pause Young (Normal) (G1 Evacuation Pause)
[2024-06-01T15:35:33.313-0300][gc,task       ] GC(381) Using 4 workers of 4 for evacuation
[2024-06-01T15:35:33.337-0300][gc,mmu        ] GC(381) MMU target violated: 21,0ms (20,0ms/21,0ms)
[2024-06-01T15:35:33.337-0300][gc,phases     ] GC(381)   Pre Evacuate Collection Set: 0,1ms
[2024-06-01T15:35:33.337-0300][gc,phases     ] GC(381)   Evacuate Collection Set: 22,8ms
[2024-06-01T15:35:33.337-0300][gc,phases     ] GC(381)   Post Evacuate Collection Set: 1,0ms
[2024-06-01T15:35:33.337-0300][gc,phases     ] GC(381)   Other: 0,5ms
[2024-06-01T15:35:33.337-0300][gc,heap       ] GC(381) Eden regions: 46->0(47)
[2024-06-01T15:35:33.337-0300][gc,heap       ] GC(381) Survivor regions: 5->5(7)
[2024-06-01T15:35:33.337-0300][gc,heap       ] GC(381) Old regions: 130->132
[2024-06-01T15:35:33.337-0300][gc,heap       ] GC(381) Humongous regions: 129->129
[2024-06-01T15:35:33.337-0300][gc,metaspace  ] GC(381) Metaspace: 45712K(48924K)->45712K(48924K) NonClass: 39974K(41680K)->39974K(41680K) Class: 5738K(7244K)->5738K(7244K)
[2024-06-01T15:35:33.337-0300][gc            ] GC(381) Pause Young (Normal) (G1 Evacuation Pause) 307M->263M(1024M) 24,578ms
[2024-06-01T15:35:33.338-0300][gc,cpu        ] GC(381) User=0,08s Sys=0,00s Real=0,03s
[2024-06-01T15:36:03.088-0300][gc,start      ] GC(382) Pause Young (Normal) (G1 Evacuation Pause)
[2024-06-01T15:36:03.088-0300][gc,task       ] GC(382) Using 4 workers of 4 for evacuation
[2024-06-01T15:36:03.107-0300][gc,phases     ] GC(382)   Pre Evacuate Collection Set: 0,1ms
[2024-06-01T15:36:03.107-0300][gc,phases     ] GC(382)   Evacuate Collection Set: 17,6ms
[2024-06-01T15:36:03.107-0300][gc,phases     ] GC(382)   Post Evacuate Collection Set: 1,0ms
[2024-06-01T15:36:03.107-0300][gc,phases     ] GC(382)   Other: 0,4ms
[2024-06-01T15:36:03.107-0300][gc,heap       ] GC(382) Eden regions: 47->0(48)
[2024-06-01T15:36:03.107-0300][gc,heap       ] GC(382) Survivor regions: 5->5(7)
[2024-06-01T15:36:03.107-0300][gc,heap       ] GC(382) Old regions: 132->133
[2024-06-01T15:36:03.107-0300][gc,heap       ] GC(382) Humongous regions: 129->129
[2024-06-01T15:36:03.107-0300][gc,metaspace  ] GC(382) Metaspace: 45712K(48924K)->45712K(48924K) NonClass: 39974K(41680K)->39974K(41680K) Class: 5738K(7244K)->5738K(7244K)
[2024-06-01T15:36:03.107-0300][gc            ] GC(382) Pause Young (Normal) (G1 Evacuation Pause) 310M->264M(1024M) 19,394ms
[2024-06-01T15:36:03.107-0300][gc,cpu        ] GC(382) User=0,07s Sys=0,00s Real=0,02s
[2024-06-01T15:36:33.671-0300][gc,start      ] GC(383) Pause Young (Normal) (G1 Evacuation Pause)
[2024-06-01T15:36:33.671-0300][gc,task       ] GC(383) Using 4 workers of 4 for evacuation
[2024-06-01T15:36:33.690-0300][gc,phases     ] GC(383)   Pre Evacuate Collection Set: 0,1ms
[2024-06-01T15:36:33.690-0300][gc,phases     ] GC(383)   Evacuate Collection Set: 17,3ms
[2024-06-01T15:36:33.690-0300][gc,phases     ] GC(383)   Post Evacuate Collection Set: 1,1ms
[2024-06-01T15:36:33.690-0300][gc,phases     ] GC(383)   Other: 0,4ms
[2024-06-01T15:36:33.690-0300][gc,heap       ] GC(383) Eden regions: 48->0(48)
[2024-06-01T15:36:33.690-0300][gc,heap       ] GC(383) Survivor regions: 5->4(7)
[2024-06-01T15:36:33.690-0300][gc,heap       ] GC(383) Old regions: 133->134
[2024-06-01T15:36:33.690-0300][gc,heap       ] GC(383) Humongous regions: 129->129
[2024-06-01T15:36:33.690-0300][gc,metaspace  ] GC(383) Metaspace: 45712K(48924K)->45712K(48924K) NonClass: 39974K(41680K)->39974K(41680K) Class: 5738K(7244K)->5738K(7244K)
[2024-06-01T15:36:33.690-0300][gc            ] GC(383) Pause Young (Normal) (G1 Evacuation Pause) 312M->264M(1024M) 19,170ms
[2024-06-01T15:36:33.690-0300][gc,cpu        ] GC(383) User=0,07s Sys=0,00s Real=0,02s
[2024-06-01T15:37:04.090-0300][gc,start      ] GC(384) Pause Young (Normal) (G1 Evacuation Pause)
[2024-06-01T15:37:04.090-0300][gc,task       ] GC(384) Using 4 workers of 4 for evacuation
[2024-06-01T15:37:04.096-0300][gc,phases     ] GC(384)   Pre Evacuate Collection Set: 0,0ms
[2024-06-01T15:37:04.096-0300][gc,phases     ] GC(384)   Evacuate Collection Set: 5,6ms
[2024-06-01T15:37:04.096-0300][gc,phases     ] GC(384)   Post Evacuate Collection Set: 0,4ms
[2024-06-01T15:37:04.096-0300][gc,phases     ] GC(384)   Other: 0,2ms
[2024-06-01T15:37:04.096-0300][gc,heap       ] GC(384) Eden regions: 48->0(55)
[2024-06-01T15:37:04.096-0300][gc,heap       ] GC(384) Survivor regions: 4->4(7)
[2024-06-01T15:37:04.096-0300][gc,heap       ] GC(384) Old regions: 134->135
[2024-06-01T15:37:04.096-0300][gc,heap       ] GC(384) Humongous regions: 129->129
[2024-06-01T15:37:04.096-0300][gc,metaspace  ] GC(384) Metaspace: 45712K(48924K)->45712K(48924K) NonClass: 39974K(41680K)->39974K(41680K) Class: 5738K(7244K)->5738K(7244K)
[2024-06-01T15:37:04.096-0300][gc            ] GC(384) Pause Young (Normal) (G1 Evacuation Pause) 312M->265M(1024M) 6,310ms
[2024-06-01T15:37:04.096-0300][gc,cpu        ] GC(384) User=0,02s Sys=0,00s Real=0,01s
[2024-06-01T15:37:39.018-0300][gc,start      ] GC(385) Pause Young (Normal) (G1 Evacuation Pause)
[2024-06-01T15:37:39.018-0300][gc,task       ] GC(385) Using 4 workers of 4 for evacuation
[2024-06-01T15:37:39.036-0300][gc,phases     ] GC(385)   Pre Evacuate Collection Set: 0,1ms
[2024-06-01T15:37:39.036-0300][gc,phases     ] GC(385)   Evacuate Collection Set: 16,4ms
[2024-06-01T15:37:39.036-0300][gc,phases     ] GC(385)   Post Evacuate Collection Set: 0,9ms
[2024-06-01T15:37:39.036-0300][gc,phases     ] GC(385)   Other: 0,4ms
[2024-06-01T15:37:39.036-0300][gc,heap       ] GC(385) Eden regions: 55->0(53)
[2024-06-01T15:37:39.036-0300][gc,heap       ] GC(385) Survivor regions: 4->4(8)
[2024-06-01T15:37:39.036-0300][gc,heap       ] GC(385) Old regions: 135->135
[2024-06-01T15:37:39.036-0300][gc,heap       ] GC(385) Humongous regions: 129->129
[2024-06-01T15:37:39.036-0300][gc,metaspace  ] GC(385) Metaspace: 45712K(48924K)->45712K(48924K) NonClass: 39974K(41680K)->39974K(41680K) Class: 5738K(7244K)->5738K(7244K)
[2024-06-01T15:37:39.036-0300][gc            ] GC(385) Pause Young (Normal) (G1 Evacuation Pause) 320M->265M(1024M) 18,055ms
[2024-06-01T15:37:39.036-0300][gc,cpu        ] GC(385) User=0,06s Sys=0,00s Real=0,02s
[2024-06-01T15:38:08.798-0300][gc,start      ] GC(386) Pause Young (Normal) (G1 Evacuation Pause)
[2024-06-01T15:38:08.798-0300][gc,task       ] GC(386) Using 4 workers of 4 for evacuation
[2024-06-01T15:38:08.816-0300][gc,phases     ] GC(386)   Pre Evacuate Collection Set: 0,1ms
[2024-06-01T15:38:08.816-0300][gc,phases     ] GC(386)   Evacuate Collection Set: 16,7ms
[2024-06-01T15:38:08.816-0300][gc,phases     ] GC(386)   Post Evacuate Collection Set: 1,0ms
[2024-06-01T15:38:08.816-0300][gc,phases     ] GC(386)   Other: 0,4ms
[2024-06-01T15:38:08.816-0300][gc,heap       ] GC(386) Eden regions: 47->0(50)
[2024-06-01T15:38:08.816-0300][gc,heap       ] GC(386) Survivor regions: 4->4(7)
[2024-06-01T15:38:08.816-0300][gc,heap       ] GC(386) Old regions: 135->136
[2024-06-01T15:38:08.816-0300][gc,heap       ] GC(386) Humongous regions: 129->129
[2024-06-01T15:38:08.816-0300][gc,metaspace  ] GC(386) Metaspace: 45712K(48924K)->45712K(48924K) NonClass: 39974K(41680K)->39974K(41680K) Class: 5738K(7244K)->5738K(7244K)
[2024-06-01T15:38:08.816-0300][gc            ] GC(386) Pause Young (Normal) (G1 Evacuation Pause) 312M->266M(1024M) 18,470ms
[2024-06-01T15:38:08.816-0300][gc,cpu        ] GC(386) User=0,07s Sys=0,00s Real=0,02s
[2024-06-01T15:38:40.568-0300][gc,start      ] GC(387) Pause Young (Normal) (G1 Evacuation Pause)
[2024-06-01T15:38:40.568-0300][gc,task       ] GC(387) Using 4 workers of 4 for evacuation
[2024-06-01T15:38:40.585-0300][gc,phases     ] GC(387)   Pre Evacuate Collection Set: 0,1ms
[2024-06-01T15:38:40.585-0300][gc,phases     ] GC(387)   Evacuate Collection Set: 15,2ms
[2024-06-01T15:38:40.585-0300][gc,phases     ] GC(387)   Post Evacuate Collection Set: 0,9ms
[2024-06-01T15:38:40.585-0300][gc,phases     ] GC(387)   Other: 0,4ms
[2024-06-01T15:38:40.585-0300][gc,heap       ] GC(387) Eden regions: 50->0(51)
[2024-06-01T15:38:40.585-0300][gc,heap       ] GC(387) Survivor regions: 4->5(7)
[2024-06-01T15:38:40.585-0300][gc,heap       ] GC(387) Old regions: 136->136
[2024-06-01T15:38:40.585-0300][gc,heap       ] GC(387) Humongous regions: 129->129
[2024-06-01T15:38:40.585-0300][gc,metaspace  ] GC(387) Metaspace: 45712K(48924K)->45712K(48924K) NonClass: 39974K(41680K)->39974K(41680K) Class: 5738K(7244K)->5738K(7244K)
[2024-06-01T15:38:40.585-0300][gc            ] GC(387) Pause Young (Normal) (G1 Evacuation Pause) 316M->267M(1024M) 16,762ms
[2024-06-01T15:38:40.585-0300][gc,cpu        ] GC(387) User=0,06s Sys=0,00s Real=0,01s
[2024-06-01T15:39:13.373-0300][gc,start      ] GC(388) Pause Young (Normal) (G1 Evacuation Pause)
[2024-06-01T15:39:13.374-0300][gc,task       ] GC(388) Using 4 workers of 4 for evacuation
[2024-06-01T15:39:13.394-0300][gc,phases     ] GC(388)   Pre Evacuate Collection Set: 0,1ms
[2024-06-01T15:39:13.394-0300][gc,phases     ] GC(388)   Evacuate Collection Set: 18,6ms
[2024-06-01T15:39:13.394-0300][gc,phases     ] GC(388)   Post Evacuate Collection Set: 1,0ms
[2024-06-01T15:39:13.394-0300][gc,phases     ] GC(388)   Other: 0,4ms
[2024-06-01T15:39:13.394-0300][gc,heap       ] GC(388) Eden regions: 51->0(51)
[2024-06-01T15:39:13.394-0300][gc,heap       ] GC(388) Survivor regions: 5->5(7)
[2024-06-01T15:39:13.394-0300][gc,heap       ] GC(388) Old regions: 136->137
[2024-06-01T15:39:13.394-0300][gc,heap       ] GC(388) Humongous regions: 129->129
[2024-06-01T15:39:13.394-0300][gc,metaspace  ] GC(388) Metaspace: 45716K(48924K)->45716K(48924K) NonClass: 39977K(41680K)->39977K(41680K) Class: 5738K(7244K)->5738K(7244K)
[2024-06-01T15:39:13.394-0300][gc            ] GC(388) Pause Young (Normal) (G1 Evacuation Pause) 318M->268M(1024M) 20,389ms
[2024-06-01T15:39:13.394-0300][gc,cpu        ] GC(388) User=0,07s Sys=0,00s Real=0,02s
[2024-06-01T15:39:45.859-0300][gc,start      ] GC(389) Pause Young (Normal) (G1 Evacuation Pause)
[2024-06-01T15:39:45.859-0300][gc,task       ] GC(389) Using 4 workers of 4 for evacuation
[2024-06-01T15:39:45.864-0300][gc,phases     ] GC(389)   Pre Evacuate Collection Set: 0,0ms
[2024-06-01T15:39:45.864-0300][gc,phases     ] GC(389)   Evacuate Collection Set: 4,9ms
[2024-06-01T15:39:45.864-0300][gc,phases     ] GC(389)   Post Evacuate Collection Set: 0,5ms
[2024-06-01T15:39:45.864-0300][gc,phases     ] GC(389)   Other: 0,2ms
[2024-06-01T15:39:45.864-0300][gc,heap       ] GC(389) Eden regions: 51->0(56)
[2024-06-01T15:39:45.864-0300][gc,heap       ] GC(389) Survivor regions: 5->5(7)
[2024-06-01T15:39:45.864-0300][gc,heap       ] GC(389) Old regions: 137->138
[2024-06-01T15:39:45.864-0300][gc,heap       ] GC(389) Humongous regions: 129->129
[2024-06-01T15:39:45.864-0300][gc,metaspace  ] GC(389) Metaspace: 45716K(48924K)->45716K(48924K) NonClass: 39977K(41680K)->39977K(41680K) Class: 5738K(7244K)->5738K(7244K)
[2024-06-01T15:39:45.864-0300][gc            ] GC(389) Pause Young (Normal) (G1 Evacuation Pause) 319M->269M(1024M) 5,651ms
[2024-06-01T15:39:45.864-0300][gc,cpu        ] GC(389) User=0,02s Sys=0,00s Real=0,00s
[2024-06-01T15:40:21.368-0300][gc,start      ] GC(390) Pause Young (Normal) (G1 Evacuation Pause)
[2024-06-01T15:40:21.368-0300][gc,task       ] GC(390) Using 4 workers of 4 for evacuation
[2024-06-01T15:40:21.376-0300][gc,phases     ] GC(390)   Pre Evacuate Collection Set: 0,0ms
[2024-06-01T15:40:21.376-0300][gc,phases     ] GC(390)   Evacuate Collection Set: 7,0ms
[2024-06-01T15:40:21.376-0300][gc,phases     ] GC(390)   Post Evacuate Collection Set: 0,6ms
[2024-06-01T15:40:21.376-0300][gc,phases     ] GC(390)   Other: 0,2ms
[2024-06-01T15:40:21.376-0300][gc,heap       ] GC(390) Eden regions: 56->0(62)
[2024-06-01T15:40:21.376-0300][gc,heap       ] GC(390) Survivor regions: 5->6(8)
[2024-06-01T15:40:21.376-0300][gc,heap       ] GC(390) Old regions: 138->138
[2024-06-01T15:40:21.376-0300][gc,heap       ] GC(390) Humongous regions: 129->129
[2024-06-01T15:40:21.376-0300][gc,metaspace  ] GC(390) Metaspace: 45716K(48924K)->45716K(48924K) NonClass: 39977K(41680K)->39977K(41680K) Class: 5738K(7244K)->5738K(7244K)
[2024-06-01T15:40:21.376-0300][gc            ] GC(390) Pause Young (Normal) (G1 Evacuation Pause) 325M->270M(1024M) 7,877ms
[2024-06-01T15:40:21.376-0300][gc,cpu        ] GC(390) User=0,02s Sys=0,00s Real=0,01s
[2024-06-01T15:41:00.829-0300][gc,start      ] GC(391) Pause Young (Normal) (G1 Evacuation Pause)
[2024-06-01T15:41:00.829-0300][gc,task       ] GC(391) Using 4 workers of 4 for evacuation
[2024-06-01T15:41:00.834-0300][gc,phases     ] GC(391)   Pre Evacuate Collection Set: 0,0ms
[2024-06-01T15:41:00.835-0300][gc,phases     ] GC(391)   Evacuate Collection Set: 5,2ms
[2024-06-01T15:41:00.835-0300][gc,phases     ] GC(391)   Post Evacuate Collection Set: 0,4ms
[2024-06-01T15:41:00.835-0300][gc,phases     ] GC(391)   Other: 0,2ms
[2024-06-01T15:41:00.835-0300][gc,heap       ] GC(391) Eden regions: 62->0(69)
[2024-06-01T15:41:00.835-0300][gc,heap       ] GC(391) Survivor regions: 6->6(9)
[2024-06-01T15:41:00.835-0300][gc,heap       ] GC(391) Old regions: 138->139
[2024-06-01T15:41:00.835-0300][gc,heap       ] GC(391) Humongous regions: 129->129
[2024-06-01T15:41:00.835-0300][gc,metaspace  ] GC(391) Metaspace: 45716K(48924K)->45716K(48924K) NonClass: 39977K(41680K)->39977K(41680K) Class: 5738K(7244K)->5738K(7244K)
[2024-06-01T15:41:00.835-0300][gc            ] GC(391) Pause Young (Normal) (G1 Evacuation Pause) 332M->272M(1024M) 5,865ms
[2024-06-01T15:41:00.835-0300][gc,cpu        ] GC(391) User=0,02s Sys=0,00s Real=0,00s
[2024-06-01T15:41:44.990-0300][gc,start      ] GC(392) Pause Young (Normal) (G1 Evacuation Pause)
[2024-06-01T15:41:44.990-0300][gc,task       ] GC(392) Using 4 workers of 4 for evacuation
[2024-06-01T15:41:44.998-0300][gc,phases     ] GC(392)   Pre Evacuate Collection Set: 0,0ms
[2024-06-01T15:41:44.998-0300][gc,phases     ] GC(392)   Evacuate Collection Set: 7,1ms
[2024-06-01T15:41:44.998-0300][gc,phases     ] GC(392)   Post Evacuate Collection Set: 0,4ms
[2024-06-01T15:41:44.998-0300][gc,phases     ] GC(392)   Other: 0,2ms
[2024-06-01T15:41:44.998-0300][gc,heap       ] GC(392) Eden regions: 69->0(80)
[2024-06-01T15:41:44.998-0300][gc,heap       ] GC(392) Survivor regions: 6->6(10)
[2024-06-01T15:41:44.998-0300][gc,heap       ] GC(392) Old regions: 139->140
[2024-06-01T15:41:44.998-0300][gc,heap       ] GC(392) Humongous regions: 129->129
[2024-06-01T15:41:44.998-0300][gc,metaspace  ] GC(392) Metaspace: 45716K(48924K)->45716K(48924K) NonClass: 39977K(41680K)->39977K(41680K) Class: 5738K(7244K)->5738K(7244K)
[2024-06-01T15:41:44.998-0300][gc            ] GC(392) Pause Young (Normal) (G1 Evacuation Pause) 341M->272M(1024M) 7,847ms
[2024-06-01T15:41:44.998-0300][gc,cpu        ] GC(392) User=0,03s Sys=0,00s Real=0,01s
[2024-06-01T15:42:35.391-0300][gc,start      ] GC(393) Pause Young (Normal) (G1 Evacuation Pause)
[2024-06-01T15:42:35.391-0300][gc,task       ] GC(393) Using 4 workers of 4 for evacuation
[2024-06-01T15:42:35.414-0300][gc,mmu        ] GC(393) MMU target violated: 21,0ms (20,0ms/21,0ms)
[2024-06-01T15:42:35.414-0300][gc,phases     ] GC(393)   Pre Evacuate Collection Set: 0,1ms
[2024-06-01T15:42:35.414-0300][gc,phases     ] GC(393)   Evacuate Collection Set: 21,4ms
[2024-06-01T15:42:35.414-0300][gc,phases     ] GC(393)   Post Evacuate Collection Set: 1,1ms
[2024-06-01T15:42:35.414-0300][gc,phases     ] GC(393)   Other: 0,6ms
[2024-06-01T15:42:35.414-0300][gc,heap       ] GC(393) Eden regions: 80->0(66)
[2024-06-01T15:42:35.414-0300][gc,heap       ] GC(393) Survivor regions: 6->7(11)
[2024-06-01T15:42:35.414-0300][gc,heap       ] GC(393) Old regions: 140->140
[2024-06-01T15:42:35.414-0300][gc,heap       ] GC(393) Humongous regions: 129->129
[2024-06-01T15:42:35.414-0300][gc,metaspace  ] GC(393) Metaspace: 45716K(48924K)->45716K(48924K) NonClass: 39977K(41680K)->39977K(41680K) Class: 5738K(7244K)->5738K(7244K)
[2024-06-01T15:42:35.415-0300][gc            ] GC(393) Pause Young (Normal) (G1 Evacuation Pause) 352M->274M(1024M) 23,391ms
[2024-06-01T15:42:35.415-0300][gc,cpu        ] GC(393) User=0,08s Sys=0,00s Real=0,02s
[2024-06-01T15:43:10.824-0300][gc,start      ] GC(394) Pause Young (Normal) (G1 Evacuation Pause)
[2024-06-01T15:43:10.824-0300][gc,task       ] GC(394) Using 4 workers of 4 for evacuation
[2024-06-01T15:43:10.861-0300][gc,mmu        ] GC(394) MMU target violated: 21,0ms (20,0ms/21,0ms)
[2024-06-01T15:43:10.861-0300][gc,phases     ] GC(394)   Pre Evacuate Collection Set: 0,1ms
[2024-06-01T15:43:10.861-0300][gc,phases     ] GC(394)   Evacuate Collection Set: 36,1ms
[2024-06-01T15:43:10.861-0300][gc,phases     ] GC(394)   Post Evacuate Collection Set: 0,7ms
[2024-06-01T15:43:10.861-0300][gc,phases     ] GC(394)   Other: 0,4ms
[2024-06-01T15:43:10.861-0300][gc,heap       ] GC(394) Eden regions: 56->0(55)
[2024-06-01T15:43:10.861-0300][gc,heap       ] GC(394) Survivor regions: 7->5(8)
[2024-06-01T15:43:10.861-0300][gc,heap       ] GC(394) Old regions: 140->144
[2024-06-01T15:43:10.861-0300][gc,heap       ] GC(394) Humongous regions: 129->129
[2024-06-01T15:43:10.861-0300][gc,metaspace  ] GC(394) Metaspace: 45716K(48924K)->45716K(48924K) NonClass: 39977K(41680K)->39977K(41680K) Class: 5738K(7244K)->5738K(7244K)
[2024-06-01T15:43:10.861-0300][gc            ] GC(394) Pause Young (Normal) (G1 Evacuation Pause) 330M->275M(1024M) 37,309ms
[2024-06-01T15:43:10.861-0300][gc,cpu        ] GC(394) User=0,11s Sys=0,00s Real=0,04s
[2024-06-01T15:43:45.799-0300][gc,start      ] GC(395) Pause Young (Normal) (G1 Evacuation Pause)
[2024-06-01T15:43:45.799-0300][gc,task       ] GC(395) Using 4 workers of 4 for evacuation
[2024-06-01T15:43:45.819-0300][gc,phases     ] GC(395)   Pre Evacuate Collection Set: 0,1ms
[2024-06-01T15:43:45.819-0300][gc,phases     ] GC(395)   Evacuate Collection Set: 18,0ms
[2024-06-01T15:43:45.819-0300][gc,phases     ] GC(395)   Post Evacuate Collection Set: 0,9ms
[2024-06-01T15:43:45.819-0300][gc,phases     ] GC(395)   Other: 0,4ms
[2024-06-01T15:43:45.819-0300][gc,heap       ] GC(395) Eden regions: 55->0(56)
[2024-06-01T15:43:45.819-0300][gc,heap       ] GC(395) Survivor regions: 5->4(8)
[2024-06-01T15:43:45.819-0300][gc,heap       ] GC(395) Old regions: 144->145
[2024-06-01T15:43:45.819-0300][gc,heap       ] GC(395) Humongous regions: 129->129
[2024-06-01T15:43:45.819-0300][gc,metaspace  ] GC(395) Metaspace: 45716K(48924K)->45716K(48924K) NonClass: 39977K(41680K)->39977K(41680K) Class: 5738K(7244K)->5738K(7244K)
[2024-06-01T15:43:45.819-0300][gc            ] GC(395) Pause Young (Normal) (G1 Evacuation Pause) 330M->276M(1024M) 19,660ms
[2024-06-01T15:43:45.819-0300][gc,cpu        ] GC(395) User=0,07s Sys=0,01s Real=0,02s
[2024-06-01T15:44:21.456-0300][gc,start      ] GC(396) Pause Young (Normal) (G1 Evacuation Pause)
[2024-06-01T15:44:21.456-0300][gc,task       ] GC(396) Using 4 workers of 4 for evacuation
[2024-06-01T15:44:21.469-0300][gc,phases     ] GC(396)   Pre Evacuate Collection Set: 0,0ms
[2024-06-01T15:44:21.469-0300][gc,phases     ] GC(396)   Evacuate Collection Set: 12,0ms
[2024-06-01T15:44:21.469-0300][gc,phases     ] GC(396)   Post Evacuate Collection Set: 0,9ms
[2024-06-01T15:44:21.470-0300][gc,phases     ] GC(396)   Other: 0,3ms
[2024-06-01T15:44:21.470-0300][gc,heap       ] GC(396) Eden regions: 56->0(57)
[2024-06-01T15:44:21.470-0300][gc,heap       ] GC(396) Survivor regions: 4->6(8)
[2024-06-01T15:44:21.470-0300][gc,heap       ] GC(396) Old regions: 145->145
[2024-06-01T15:44:21.470-0300][gc,heap       ] GC(396) Humongous regions: 129->129
[2024-06-01T15:44:21.470-0300][gc,metaspace  ] GC(396) Metaspace: 45716K(48924K)->45716K(48924K) NonClass: 39977K(41680K)->39977K(41680K) Class: 5738K(7244K)->5738K(7244K)
[2024-06-01T15:44:21.470-0300][gc            ] GC(396) Pause Young (Normal) (G1 Evacuation Pause) 332M->277M(1024M) 13,358ms
[2024-06-01T15:44:21.470-0300][gc,cpu        ] GC(396) User=0,05s Sys=0,00s Real=0,01s
[2024-06-01T15:44:57.751-0300][gc,start      ] GC(397) Pause Young (Normal) (G1 Evacuation Pause)
[2024-06-01T15:44:57.751-0300][gc,task       ] GC(397) Using 4 workers of 4 for evacuation
[2024-06-01T15:44:57.772-0300][gc,mmu        ] GC(397) MMU target violated: 20,9ms (20,0ms/21,0ms)
[2024-06-01T15:44:57.772-0300][gc,phases     ] GC(397)   Pre Evacuate Collection Set: 0,1ms
[2024-06-01T15:44:57.772-0300][gc,phases     ] GC(397)   Evacuate Collection Set: 19,6ms
[2024-06-01T15:44:57.772-0300][gc,phases     ] GC(397)   Post Evacuate Collection Set: 1,1ms
[2024-06-01T15:44:57.772-0300][gc,phases     ] GC(397)   Other: 0,5ms
[2024-06-01T15:44:57.772-0300][gc,heap       ] GC(397) Eden regions: 57->0(55)
[2024-06-01T15:44:57.772-0300][gc,heap       ] GC(397) Survivor regions: 6->5(8)
[2024-06-01T15:44:57.772-0300][gc,heap       ] GC(397) Old regions: 145->147
[2024-06-01T15:44:57.772-0300][gc,heap       ] GC(397) Humongous regions: 129->129
[2024-06-01T15:44:57.772-0300][gc,metaspace  ] GC(397) Metaspace: 45716K(48924K)->45716K(48924K) NonClass: 39977K(41680K)->39977K(41680K) Class: 5738K(7244K)->5738K(7244K)
[2024-06-01T15:44:57.772-0300][gc            ] GC(397) Pause Young (Normal) (G1 Evacuation Pause) 334M->279M(1024M) 21,450ms
[2024-06-01T15:44:57.772-0300][gc,cpu        ] GC(397) User=0,07s Sys=0,01s Real=0,02s
[2024-06-01T15:45:32.066-0300][gc,start      ] GC(398) Pause Young (Normal) (G1 Evacuation Pause)
[2024-06-01T15:45:32.066-0300][gc,task       ] GC(398) Using 4 workers of 4 for evacuation
[2024-06-01T15:45:32.073-0300][gc,phases     ] GC(398)   Pre Evacuate Collection Set: 0,0ms
[2024-06-01T15:45:32.074-0300][gc,phases     ] GC(398)   Evacuate Collection Set: 6,4ms
[2024-06-01T15:45:32.074-0300][gc,phases     ] GC(398)   Post Evacuate Collection Set: 0,4ms
[2024-06-01T15:45:32.074-0300][gc,phases     ] GC(398)   Other: 0,2ms
[2024-06-01T15:45:32.074-0300][gc,heap       ] GC(398) Eden regions: 55->0(60)
[2024-06-01T15:45:32.074-0300][gc,heap       ] GC(398) Survivor regions: 5->5(8)
[2024-06-01T15:45:32.074-0300][gc,heap       ] GC(398) Old regions: 147->148
[2024-06-01T15:45:32.074-0300][gc,heap       ] GC(398) Humongous regions: 129->129
[2024-06-01T15:45:32.074-0300][gc,metaspace  ] GC(398) Metaspace: 45716K(48924K)->45716K(48924K) NonClass: 39977K(41680K)->39977K(41680K) Class: 5738K(7244K)->5738K(7244K)
[2024-06-01T15:45:32.074-0300][gc            ] GC(398) Pause Young (Normal) (G1 Evacuation Pause) 334M->279M(1024M) 7,179ms
[2024-06-01T15:45:32.074-0300][gc,cpu        ] GC(398) User=0,02s Sys=0,00s Real=0,01s
[2024-06-01T15:46:10.041-0300][gc,start      ] GC(399) Pause Young (Normal) (G1 Evacuation Pause)
[2024-06-01T15:46:10.041-0300][gc,task       ] GC(399) Using 4 workers of 4 for evacuation
[2024-06-01T15:46:10.059-0300][gc,phases     ] GC(399)   Pre Evacuate Collection Set: 0,1ms
[2024-06-01T15:46:10.059-0300][gc,phases     ] GC(399)   Evacuate Collection Set: 17,3ms
[2024-06-01T15:46:10.059-0300][gc,phases     ] GC(399)   Post Evacuate Collection Set: 1,0ms
[2024-06-01T15:46:10.060-0300][gc,phases     ] GC(399)   Other: 0,5ms
[2024-06-01T15:46:10.060-0300][gc,heap       ] GC(399) Eden regions: 60->0(59)
[2024-06-01T15:46:10.060-0300][gc,heap       ] GC(399) Survivor regions: 5->6(9)
[2024-06-01T15:46:10.060-0300][gc,heap       ] GC(399) Old regions: 148->148
[2024-06-01T15:46:10.060-0300][gc,heap       ] GC(399) Humongous regions: 129->129
[2024-06-01T15:46:10.060-0300][gc,metaspace  ] GC(399) Metaspace: 45716K(48924K)->45716K(48924K) NonClass: 39977K(41680K)->39977K(41680K) Class: 5738K(7244K)->5738K(7244K)
[2024-06-01T15:46:10.060-0300][gc            ] GC(399) Pause Young (Normal) (G1 Evacuation Pause) 339M->280M(1024M) 19,060ms
[2024-06-01T15:46:10.060-0300][gc,cpu        ] GC(399) User=0,07s Sys=0,00s Real=0,02s
[2024-06-01T15:46:44.787-0300][gc,start      ] GC(400) Pause Young (Normal) (G1 Evacuation Pause)
[2024-06-01T15:46:44.787-0300][gc,task       ] GC(400) Using 4 workers of 4 for evacuation
[2024-06-01T15:46:44.809-0300][gc,mmu        ] GC(400) MMU target violated: 21,0ms (20,0ms/21,0ms)
[2024-06-01T15:46:44.809-0300][gc,phases     ] GC(400)   Pre Evacuate Collection Set: 0,1ms
[2024-06-01T15:46:44.809-0300][gc,phases     ] GC(400)   Evacuate Collection Set: 20,3ms
[2024-06-01T15:46:44.809-0300][gc,phases     ] GC(400)   Post Evacuate Collection Set: 1,0ms
[2024-06-01T15:46:44.809-0300][gc,phases     ] GC(400)   Other: 0,5ms
[2024-06-01T15:46:44.809-0300][gc,heap       ] GC(400) Eden regions: 54->0(56)
[2024-06-01T15:46:44.809-0300][gc,heap       ] GC(400) Survivor regions: 6->5(8)
[2024-06-01T15:46:44.809-0300][gc,heap       ] GC(400) Old regions: 148->150
[2024-06-01T15:46:44.809-0300][gc,heap       ] GC(400) Humongous regions: 129->129
[2024-06-01T15:46:44.809-0300][gc,metaspace  ] GC(400) Metaspace: 45716K(48924K)->45716K(48924K) NonClass: 39977K(41680K)->39977K(41680K) Class: 5738K(7244K)->5738K(7244K)
[2024-06-01T15:46:44.809-0300][gc            ] GC(400) Pause Young (Normal) (G1 Evacuation Pause) 334M->282M(1024M) 22,042ms
[2024-06-01T15:46:44.809-0300][gc,cpu        ] GC(400) User=0,08s Sys=0,00s Real=0,03s
[2024-06-01T15:47:14.107-0300][gc,start      ] GC(401) Pause Young (Normal) (G1 Evacuation Pause)
[2024-06-01T15:47:14.107-0300][gc,task       ] GC(401) Using 4 workers of 4 for evacuation
[2024-06-01T15:47:14.127-0300][gc,phases     ] GC(401)   Pre Evacuate Collection Set: 0,1ms
[2024-06-01T15:47:14.127-0300][gc,phases     ] GC(401)   Evacuate Collection Set: 18,3ms
[2024-06-01T15:47:14.127-0300][gc,phases     ] GC(401)   Post Evacuate Collection Set: 1,0ms
[2024-06-01T15:47:14.127-0300][gc,phases     ] GC(401)   Other: 0,4ms
[2024-06-01T15:47:14.127-0300][gc,heap       ] GC(401) Eden regions: 46->0(51)
[2024-06-01T15:47:14.127-0300][gc,heap       ] GC(401) Survivor regions: 5->5(7)
[2024-06-01T15:47:14.127-0300][gc,heap       ] GC(401) Old regions: 150->151
[2024-06-01T15:47:14.127-0300][gc,heap       ] GC(401) Humongous regions: 129->129
[2024-06-01T15:47:14.127-0300][gc,metaspace  ] GC(401) Metaspace: 45716K(48924K)->45716K(48924K) NonClass: 39977K(41680K)->39977K(41680K) Class: 5738K(7244K)->5738K(7244K)
[2024-06-01T15:47:14.127-0300][gc            ] GC(401) Pause Young (Normal) (G1 Evacuation Pause) 328M->283M(1024M) 20,064ms
[2024-06-01T15:47:14.127-0300][gc,cpu        ] GC(401) User=0,07s Sys=0,01s Real=0,02s
[2024-06-01T15:47:43.904-0300][gc,start      ] GC(402) Pause Young (Normal) (G1 Evacuation Pause)
[2024-06-01T15:47:43.905-0300][gc,task       ] GC(402) Using 4 workers of 4 for evacuation
[2024-06-01T15:47:43.923-0300][gc,phases     ] GC(402)   Pre Evacuate Collection Set: 0,1ms
[2024-06-01T15:47:43.924-0300][gc,phases     ] GC(402)   Evacuate Collection Set: 17,7ms
[2024-06-01T15:47:43.924-0300][gc,phases     ] GC(402)   Post Evacuate Collection Set: 0,9ms
[2024-06-01T15:47:43.924-0300][gc,phases     ] GC(402)   Other: 0,4ms
[2024-06-01T15:47:43.924-0300][gc,heap       ] GC(402) Eden regions: 46->0(52)
[2024-06-01T15:47:43.924-0300][gc,heap       ] GC(402) Survivor regions: 5->5(7)
[2024-06-01T15:47:43.924-0300][gc,heap       ] GC(402) Old regions: 151->152
[2024-06-01T15:47:43.924-0300][gc,heap       ] GC(402) Humongous regions: 129->129
[2024-06-01T15:47:43.924-0300][gc,metaspace  ] GC(402) Metaspace: 45716K(48924K)->45716K(48924K) NonClass: 39977K(41680K)->39977K(41680K) Class: 5738K(7244K)->5738K(7244K)
[2024-06-01T15:47:43.924-0300][gc            ] GC(402) Pause Young (Normal) (G1 Evacuation Pause) 329M->283M(1024M) 19,375ms
[2024-06-01T15:47:43.924-0300][gc,cpu        ] GC(402) User=0,08s Sys=0,00s Real=0,02s
[2024-06-01T15:48:13.566-0300][gc,start      ] GC(403) Pause Young (Normal) (G1 Evacuation Pause)
[2024-06-01T15:48:13.567-0300][gc,task       ] GC(403) Using 4 workers of 4 for evacuation
[2024-06-01T15:48:13.586-0300][gc,phases     ] GC(403)   Pre Evacuate Collection Set: 0,1ms
[2024-06-01T15:48:13.586-0300][gc,phases     ] GC(403)   Evacuate Collection Set: 18,1ms
[2024-06-01T15:48:13.586-0300][gc,phases     ] GC(403)   Post Evacuate Collection Set: 0,9ms
[2024-06-01T15:48:13.586-0300][gc,phases     ] GC(403)   Other: 0,4ms
[2024-06-01T15:48:13.586-0300][gc,heap       ] GC(403) Eden regions: 46->0(50)
[2024-06-01T15:48:13.586-0300][gc,heap       ] GC(403) Survivor regions: 5->5(7)
[2024-06-01T15:48:13.586-0300][gc,heap       ] GC(403) Old regions: 152->154
[2024-06-01T15:48:13.586-0300][gc,heap       ] GC(403) Humongous regions: 129->129
[2024-06-01T15:48:13.586-0300][gc,metaspace  ] GC(403) Metaspace: 45716K(48924K)->45716K(48924K) NonClass: 39977K(41680K)->39977K(41680K) Class: 5738K(7244K)->5738K(7244K)
[2024-06-01T15:48:13.586-0300][gc            ] GC(403) Pause Young (Normal) (G1 Evacuation Pause) 329M->285M(1024M) 19,810ms
[2024-06-01T15:48:13.586-0300][gc,cpu        ] GC(403) User=0,07s Sys=0,00s Real=0,02s
[2024-06-01T15:48:43.322-0300][gc,start      ] GC(404) Pause Young (Normal) (G1 Evacuation Pause)
[2024-06-01T15:48:43.322-0300][gc,task       ] GC(404) Using 4 workers of 4 for evacuation
[2024-06-01T15:48:43.341-0300][gc,phases     ] GC(404)   Pre Evacuate Collection Set: 0,1ms
[2024-06-01T15:48:43.341-0300][gc,phases     ] GC(404)   Evacuate Collection Set: 17,2ms
[2024-06-01T15:48:43.341-0300][gc,phases     ] GC(404)   Post Evacuate Collection Set: 1,1ms
[2024-06-01T15:48:43.341-0300][gc,phases     ] GC(404)   Other: 0,4ms
[2024-06-01T15:48:43.341-0300][gc,heap       ] GC(404) Eden regions: 46->0(51)
[2024-06-01T15:48:43.341-0300][gc,heap       ] GC(404) Survivor regions: 5->4(7)
[2024-06-01T15:48:43.341-0300][gc,heap       ] GC(404) Old regions: 154->155
[2024-06-01T15:48:43.341-0300][gc,heap       ] GC(404) Humongous regions: 129->129
[2024-06-01T15:48:43.341-0300][gc,metaspace  ] GC(404) Metaspace: 45716K(48924K)->45716K(48924K) NonClass: 39977K(41680K)->39977K(41680K) Class: 5738K(7244K)->5738K(7244K)
[2024-06-01T15:48:43.341-0300][gc            ] GC(404) Pause Young (Normal) (G1 Evacuation Pause) 331M->286M(1024M) 19,043ms
[2024-06-01T15:48:43.341-0300][gc,cpu        ] GC(404) User=0,07s Sys=0,00s Real=0,02s
[2024-06-01T15:49:13.268-0300][gc,start      ] GC(405) Pause Young (Normal) (G1 Evacuation Pause)
[2024-06-01T15:49:13.268-0300][gc,task       ] GC(405) Using 4 workers of 4 for evacuation
[2024-06-01T15:49:13.288-0300][gc,phases     ] GC(405)   Pre Evacuate Collection Set: 0,1ms
[2024-06-01T15:49:13.288-0300][gc,phases     ] GC(405)   Evacuate Collection Set: 18,1ms
[2024-06-01T15:49:13.288-0300][gc,phases     ] GC(405)   Post Evacuate Collection Set: 1,1ms
[2024-06-01T15:49:13.288-0300][gc,phases     ] GC(405)   Other: 0,4ms
[2024-06-01T15:49:13.288-0300][gc,heap       ] GC(405) Eden regions: 47->0(47)
[2024-06-01T15:49:13.288-0300][gc,heap       ] GC(405) Survivor regions: 4->4(7)
[2024-06-01T15:49:13.288-0300][gc,heap       ] GC(405) Old regions: 155->156
[2024-06-01T15:49:13.288-0300][gc,heap       ] GC(405) Humongous regions: 129->129
[2024-06-01T15:49:13.288-0300][gc,metaspace  ] GC(405) Metaspace: 45716K(48924K)->45716K(48924K) NonClass: 39977K(41680K)->39977K(41680K) Class: 5738K(7244K)->5738K(7244K)
[2024-06-01T15:49:13.288-0300][gc            ] GC(405) Pause Young (Normal) (G1 Evacuation Pause) 333M->287M(1024M) 19,996ms
[2024-06-01T15:49:13.288-0300][gc,cpu        ] GC(405) User=0,07s Sys=0,00s Real=0,02s
[2024-06-01T15:49:43.439-0300][gc,start      ] GC(406) Pause Young (Normal) (G1 Evacuation Pause)
[2024-06-01T15:49:43.439-0300][gc,task       ] GC(406) Using 4 workers of 4 for evacuation
[2024-06-01T15:49:43.458-0300][gc,phases     ] GC(406)   Pre Evacuate Collection Set: 0,1ms
[2024-06-01T15:49:43.458-0300][gc,phases     ] GC(406)   Evacuate Collection Set: 17,0ms
[2024-06-01T15:49:43.458-0300][gc,phases     ] GC(406)   Post Evacuate Collection Set: 1,1ms
[2024-06-01T15:49:43.458-0300][gc,phases     ] GC(406)   Other: 0,5ms
[2024-06-01T15:49:43.458-0300][gc,heap       ] GC(406) Eden regions: 47->0(49)
[2024-06-01T15:49:43.458-0300][gc,heap       ] GC(406) Survivor regions: 4->4(7)
[2024-06-01T15:49:43.458-0300][gc,heap       ] GC(406) Old regions: 156->157
[2024-06-01T15:49:43.458-0300][gc,heap       ] GC(406) Humongous regions: 129->129
[2024-06-01T15:49:43.458-0300][gc,metaspace  ] GC(406) Metaspace: 45716K(48924K)->45716K(48924K) NonClass: 39977K(41680K)->39977K(41680K) Class: 5738K(7244K)->5738K(7244K)
[2024-06-01T15:49:43.458-0300][gc            ] GC(406) Pause Young (Normal) (G1 Evacuation Pause) 334M->287M(1024M) 18,885ms
[2024-06-01T15:49:43.458-0300][gc,cpu        ] GC(406) User=0,07s Sys=0,00s Real=0,02s
[2024-06-01T15:50:13.552-0300][gc,start      ] GC(407) Pause Young (Normal) (G1 Evacuation Pause)
[2024-06-01T15:50:13.552-0300][gc,task       ] GC(407) Using 4 workers of 4 for evacuation
[2024-06-01T15:50:13.559-0300][gc,phases     ] GC(407)   Pre Evacuate Collection Set: 0,0ms
[2024-06-01T15:50:13.559-0300][gc,phases     ] GC(407)   Evacuate Collection Set: 5,8ms
[2024-06-01T15:50:13.559-0300][gc,phases     ] GC(407)   Post Evacuate Collection Set: 0,4ms
[2024-06-01T15:50:13.559-0300][gc,phases     ] GC(407)   Other: 0,2ms
[2024-06-01T15:50:13.559-0300][gc,heap       ] GC(407) Eden regions: 47->0(52)
[2024-06-01T15:50:13.559-0300][gc,heap       ] GC(407) Survivor regions: 4->5(7)
[2024-06-01T15:50:13.559-0300][gc,heap       ] GC(407) Old regions: 157->157
[2024-06-01T15:50:13.559-0300][gc,heap       ] GC(407) Humongous regions: 129->129
[2024-06-01T15:50:13.559-0300][gc,metaspace  ] GC(407) Metaspace: 45716K(48924K)->45716K(48924K) NonClass: 39977K(41680K)->39977K(41680K) Class: 5738K(7244K)->5738K(7244K)
[2024-06-01T15:50:13.559-0300][gc            ] GC(407) Pause Young (Normal) (G1 Evacuation Pause) 334M->288M(1024M) 6,508ms
[2024-06-01T15:50:13.559-0300][gc,cpu        ] GC(407) User=0,02s Sys=0,01s Real=0,01s
[2024-06-01T15:50:42.656-0300][gc,start      ] GC(408) Pause Young (Normal) (G1 Evacuation Pause)
[2024-06-01T15:50:42.656-0300][gc,task       ] GC(408) Using 4 workers of 4 for evacuation
[2024-06-01T15:50:42.676-0300][gc,mmu        ] GC(408) MMU target violated: 20,6ms (20,0ms/21,0ms)
[2024-06-01T15:50:42.677-0300][gc,phases     ] GC(408)   Pre Evacuate Collection Set: 0,1ms
[2024-06-01T15:50:42.677-0300][gc,phases     ] GC(408)   Evacuate Collection Set: 19,3ms
[2024-06-01T15:50:42.677-0300][gc,phases     ] GC(408)   Post Evacuate Collection Set: 1,0ms
[2024-06-01T15:50:42.677-0300][gc,phases     ] GC(408)   Other: 0,5ms
[2024-06-01T15:50:42.677-0300][gc,heap       ] GC(408) Eden regions: 46->0(49)
[2024-06-01T15:50:42.677-0300][gc,heap       ] GC(408) Survivor regions: 5->5(7)
[2024-06-01T15:50:42.677-0300][gc,heap       ] GC(408) Old regions: 157->158
[2024-06-01T15:50:42.677-0300][gc,heap       ] GC(408) Humongous regions: 129->129
[2024-06-01T15:50:42.677-0300][gc,metaspace  ] GC(408) Metaspace: 45716K(48924K)->45716K(48924K) NonClass: 39977K(41680K)->39977K(41680K) Class: 5738K(7244K)->5738K(7244K)
[2024-06-01T15:50:42.677-0300][gc            ] GC(408) Pause Young (Normal) (G1 Evacuation Pause) 334M->289M(1024M) 21,120ms
[2024-06-01T15:50:42.677-0300][gc,cpu        ] GC(408) User=0,07s Sys=0,00s Real=0,02s
[2024-06-01T15:51:14.153-0300][gc,start      ] GC(409) Pause Young (Normal) (G1 Evacuation Pause)
[2024-06-01T15:51:14.153-0300][gc,task       ] GC(409) Using 4 workers of 4 for evacuation
[2024-06-01T15:51:14.174-0300][gc,mmu        ] GC(409) MMU target violated: 21,0ms (20,0ms/21,0ms)
[2024-06-01T15:51:14.175-0300][gc,phases     ] GC(409)   Pre Evacuate Collection Set: 0,1ms
[2024-06-01T15:51:14.175-0300][gc,phases     ] GC(409)   Evacuate Collection Set: 19,6ms
[2024-06-01T15:51:14.175-0300][gc,phases     ] GC(409)   Post Evacuate Collection Set: 1,1ms
[2024-06-01T15:51:14.175-0300][gc,phases     ] GC(409)   Other: 0,5ms
[2024-06-01T15:51:14.175-0300][gc,heap       ] GC(409) Eden regions: 49->0(48)
[2024-06-01T15:51:14.175-0300][gc,heap       ] GC(409) Survivor regions: 5->4(7)
[2024-06-01T15:51:14.175-0300][gc,heap       ] GC(409) Old regions: 158->159
[2024-06-01T15:51:14.175-0300][gc,heap       ] GC(409) Humongous regions: 129->129
[2024-06-01T15:51:14.175-0300][gc,metaspace  ] GC(409) Metaspace: 45716K(48924K)->45716K(48924K) NonClass: 39977K(41680K)->39977K(41680K) Class: 5738K(7244K)->5738K(7244K)
[2024-06-01T15:51:14.175-0300][gc            ] GC(409) Pause Young (Normal) (G1 Evacuation Pause) 338M->290M(1024M) 21,545ms
[2024-06-01T15:51:14.175-0300][gc,cpu        ] GC(409) User=0,08s Sys=0,00s Real=0,02s
[2024-06-01T15:51:45.282-0300][gc,start      ] GC(410) Pause Young (Normal) (G1 Evacuation Pause)
[2024-06-01T15:51:45.282-0300][gc,task       ] GC(410) Using 4 workers of 4 for evacuation
[2024-06-01T15:51:45.301-0300][gc,phases     ] GC(410)   Pre Evacuate Collection Set: 0,1ms
[2024-06-01T15:51:45.302-0300][gc,phases     ] GC(410)   Evacuate Collection Set: 17,8ms
[2024-06-01T15:51:45.302-0300][gc,phases     ] GC(410)   Post Evacuate Collection Set: 1,1ms
[2024-06-01T15:51:45.302-0300][gc,phases     ] GC(410)   Other: 0,4ms
[2024-06-01T15:51:45.302-0300][gc,heap       ] GC(410) Eden regions: 48->0(49)
[2024-06-01T15:51:45.302-0300][gc,heap       ] GC(410) Survivor regions: 4->5(7)
[2024-06-01T15:51:45.302-0300][gc,heap       ] GC(410) Old regions: 159->160
[2024-06-01T15:51:45.302-0300][gc,heap       ] GC(410) Humongous regions: 129->129
[2024-06-01T15:51:45.302-0300][gc,metaspace  ] GC(410) Metaspace: 45716K(48924K)->45716K(48924K) NonClass: 39977K(41680K)->39977K(41680K) Class: 5738K(7244K)->5738K(7244K)
[2024-06-01T15:51:45.302-0300][gc            ] GC(410) Pause Young (Normal) (G1 Evacuation Pause) 338M->291M(1024M) 19,641ms
[2024-06-01T15:51:45.302-0300][gc,cpu        ] GC(410) User=0,07s Sys=0,00s Real=0,02s
[2024-06-01T15:52:14.370-0300][gc,start      ] GC(411) Pause Young (Normal) (G1 Evacuation Pause)
[2024-06-01T15:52:14.370-0300][gc,task       ] GC(411) Using 4 workers of 4 for evacuation
[2024-06-01T15:52:14.390-0300][gc,phases     ] GC(411)   Pre Evacuate Collection Set: 0,1ms
[2024-06-01T15:52:14.390-0300][gc,phases     ] GC(411)   Evacuate Collection Set: 18,2ms
[2024-06-01T15:52:14.390-0300][gc,phases     ] GC(411)   Post Evacuate Collection Set: 1,1ms
[2024-06-01T15:52:14.390-0300][gc,phases     ] GC(411)   Other: 0,4ms
[2024-06-01T15:52:14.390-0300][gc,heap       ] GC(411) Eden regions: 46->0(49)
[2024-06-01T15:52:14.390-0300][gc,heap       ] GC(411) Survivor regions: 5->5(7)
[2024-06-01T15:52:14.390-0300][gc,heap       ] GC(411) Old regions: 160->161
[2024-06-01T15:52:14.390-0300][gc,heap       ] GC(411) Humongous regions: 129->129
[2024-06-01T15:52:14.390-0300][gc,metaspace  ] GC(411) Metaspace: 45716K(48924K)->45716K(48924K) NonClass: 39977K(41680K)->39977K(41680K) Class: 5738K(7244K)->5738K(7244K)
[2024-06-01T15:52:14.390-0300][gc            ] GC(411) Pause Young (Normal) (G1 Evacuation Pause) 337M->292M(1024M) 20,087ms
[2024-06-01T15:52:14.390-0300][gc,cpu        ] GC(411) User=0,07s Sys=0,00s Real=0,02s
[2024-06-01T15:52:45.971-0300][gc,start      ] GC(412) Pause Young (Normal) (G1 Evacuation Pause)
[2024-06-01T15:52:45.971-0300][gc,task       ] GC(412) Using 4 workers of 4 for evacuation
[2024-06-01T15:52:45.990-0300][gc,phases     ] GC(412)   Pre Evacuate Collection Set: 0,1ms
[2024-06-01T15:52:45.990-0300][gc,phases     ] GC(412)   Evacuate Collection Set: 18,2ms
[2024-06-01T15:52:45.990-0300][gc,phases     ] GC(412)   Post Evacuate Collection Set: 1,0ms
[2024-06-01T15:52:45.990-0300][gc,phases     ] GC(412)   Other: 0,4ms
[2024-06-01T15:52:45.990-0300][gc,heap       ] GC(412) Eden regions: 49->0(50)
[2024-06-01T15:52:45.990-0300][gc,heap       ] GC(412) Survivor regions: 5->5(7)
[2024-06-01T15:52:45.991-0300][gc,heap       ] GC(412) Old regions: 161->162
[2024-06-01T15:52:45.991-0300][gc,heap       ] GC(412) Humongous regions: 129->129
[2024-06-01T15:52:45.991-0300][gc,metaspace  ] GC(412) Metaspace: 45716K(48924K)->45716K(48924K) NonClass: 39977K(41680K)->39977K(41680K) Class: 5738K(7244K)->5738K(7244K)
[2024-06-01T15:52:45.991-0300][gc            ] GC(412) Pause Young (Normal) (G1 Evacuation Pause) 341M->293M(1024M) 19,938ms
[2024-06-01T15:52:45.991-0300][gc,cpu        ] GC(412) User=0,07s Sys=0,00s Real=0,02s
[2024-06-01T15:53:15.440-0300][gc,start      ] GC(413) Pause Young (Normal) (G1 Evacuation Pause)
[2024-06-01T15:53:15.440-0300][gc,task       ] GC(413) Using 4 workers of 4 for evacuation
[2024-06-01T15:53:15.459-0300][gc,phases     ] GC(413)   Pre Evacuate Collection Set: 0,1ms
[2024-06-01T15:53:15.460-0300][gc,phases     ] GC(413)   Evacuate Collection Set: 17,9ms
[2024-06-01T15:53:15.460-0300][gc,phases     ] GC(413)   Post Evacuate Collection Set: 1,1ms
[2024-06-01T15:53:15.460-0300][gc,phases     ] GC(413)   Other: 0,4ms
[2024-06-01T15:53:15.460-0300][gc,heap       ] GC(413) Eden regions: 46->0(51)
[2024-06-01T15:53:15.460-0300][gc,heap       ] GC(413) Survivor regions: 5->5(7)
[2024-06-01T15:53:15.460-0300][gc,heap       ] GC(413) Old regions: 162->163
[2024-06-01T15:53:15.460-0300][gc,heap       ] GC(413) Humongous regions: 129->129
[2024-06-01T15:53:15.460-0300][gc,metaspace  ] GC(413) Metaspace: 45716K(48924K)->45716K(48924K) NonClass: 39977K(41680K)->39977K(41680K) Class: 5738K(7244K)->5738K(7244K)
[2024-06-01T15:53:15.460-0300][gc            ] GC(413) Pause Young (Normal) (G1 Evacuation Pause) 339M->295M(1024M) 19,831ms
[2024-06-01T15:53:15.460-0300][gc,cpu        ] GC(413) User=0,07s Sys=0,00s Real=0,02s
[2024-06-01T15:53:47.798-0300][gc,start      ] GC(414) Pause Young (Normal) (G1 Evacuation Pause)
[2024-06-01T15:53:47.798-0300][gc,task       ] GC(414) Using 4 workers of 4 for evacuation
[2024-06-01T15:53:47.816-0300][gc,phases     ] GC(414)   Pre Evacuate Collection Set: 0,1ms
[2024-06-01T15:53:47.816-0300][gc,phases     ] GC(414)   Evacuate Collection Set: 17,1ms
[2024-06-01T15:53:47.816-0300][gc,phases     ] GC(414)   Post Evacuate Collection Set: 1,1ms
[2024-06-01T15:53:47.817-0300][gc,phases     ] GC(414)   Other: 0,4ms
[2024-06-01T15:53:47.817-0300][gc,heap       ] GC(414) Eden regions: 51->0(52)
[2024-06-01T15:53:47.817-0300][gc,heap       ] GC(414) Survivor regions: 5->4(7)
[2024-06-01T15:53:47.817-0300][gc,heap       ] GC(414) Old regions: 163->164
[2024-06-01T15:53:47.817-0300][gc,heap       ] GC(414) Humongous regions: 129->129
[2024-06-01T15:53:47.817-0300][gc,metaspace  ] GC(414) Metaspace: 45716K(48924K)->45716K(48924K) NonClass: 39977K(41680K)->39977K(41680K) Class: 5738K(7244K)->5738K(7244K)
[2024-06-01T15:53:47.817-0300][gc            ] GC(414) Pause Young (Normal) (G1 Evacuation Pause) 346M->295M(1024M) 18,914ms
[2024-06-01T15:53:47.817-0300][gc,cpu        ] GC(414) User=0,07s Sys=0,00s Real=0,02s
[2024-06-01T15:54:17.674-0300][gc,start      ] GC(415) Pause Young (Normal) (G1 Evacuation Pause)
[2024-06-01T15:54:17.674-0300][gc,task       ] GC(415) Using 4 workers of 4 for evacuation
[2024-06-01T15:54:17.692-0300][gc,phases     ] GC(415)   Pre Evacuate Collection Set: 0,1ms
[2024-06-01T15:54:17.692-0300][gc,phases     ] GC(415)   Evacuate Collection Set: 17,0ms
[2024-06-01T15:54:17.692-0300][gc,phases     ] GC(415)   Post Evacuate Collection Set: 1,0ms
[2024-06-01T15:54:17.692-0300][gc,phases     ] GC(415)   Other: 0,4ms
[2024-06-01T15:54:17.692-0300][gc,heap       ] GC(415) Eden regions: 47->0(50)
[2024-06-01T15:54:17.692-0300][gc,heap       ] GC(415) Survivor regions: 4->5(7)
[2024-06-01T15:54:17.692-0300][gc,heap       ] GC(415) Old regions: 164->164
[2024-06-01T15:54:17.692-0300][gc,heap       ] GC(415) Humongous regions: 129->129
[2024-06-01T15:54:17.692-0300][gc,metaspace  ] GC(415) Metaspace: 45716K(48924K)->45716K(48924K) NonClass: 39977K(41680K)->39977K(41680K) Class: 5738K(7244K)->5738K(7244K)
[2024-06-01T15:54:17.692-0300][gc            ] GC(415) Pause Young (Normal) (G1 Evacuation Pause) 342M->296M(1024M) 18,677ms
[2024-06-01T15:54:17.693-0300][gc,cpu        ] GC(415) User=0,07s Sys=0,01s Real=0,02s
[2024-06-01T15:54:47.421-0300][gc,start      ] GC(416) Pause Young (Normal) (G1 Evacuation Pause)
[2024-06-01T15:54:47.421-0300][gc,task       ] GC(416) Using 4 workers of 4 for evacuation
[2024-06-01T15:54:47.441-0300][gc,mmu        ] GC(416) MMU target violated: 20,3ms (20,0ms/21,0ms)
[2024-06-01T15:54:47.442-0300][gc,phases     ] GC(416)   Pre Evacuate Collection Set: 0,1ms
[2024-06-01T15:54:47.442-0300][gc,phases     ] GC(416)   Evacuate Collection Set: 19,0ms
[2024-06-01T15:54:47.442-0300][gc,phases     ] GC(416)   Post Evacuate Collection Set: 1,0ms
[2024-06-01T15:54:47.442-0300][gc,phases     ] GC(416)   Other: 0,5ms
[2024-06-01T15:54:47.442-0300][gc,heap       ] GC(416) Eden regions: 46->0(49)
[2024-06-01T15:54:47.442-0300][gc,heap       ] GC(416) Survivor regions: 5->5(7)
[2024-06-01T15:54:47.442-0300][gc,heap       ] GC(416) Old regions: 164->165
[2024-06-01T15:54:47.442-0300][gc,heap       ] GC(416) Humongous regions: 129->129
[2024-06-01T15:54:47.442-0300][gc,metaspace  ] GC(416) Metaspace: 45716K(48924K)->45716K(48924K) NonClass: 39977K(41680K)->39977K(41680K) Class: 5738K(7244K)->5738K(7244K)
[2024-06-01T15:54:47.442-0300][gc            ] GC(416) Pause Young (Normal) (G1 Evacuation Pause) 342M->297M(1024M) 20,851ms
[2024-06-01T15:54:47.442-0300][gc,cpu        ] GC(416) User=0,08s Sys=0,00s Real=0,02s
[2024-06-01T15:55:16.861-0300][gc,start      ] GC(417) Pause Young (Normal) (G1 Evacuation Pause)
[2024-06-01T15:55:16.861-0300][gc,task       ] GC(417) Using 4 workers of 4 for evacuation
[2024-06-01T15:55:16.882-0300][gc,mmu        ] GC(417) MMU target violated: 21,0ms (20,0ms/21,0ms)
[2024-06-01T15:55:16.882-0300][gc,phases     ] GC(417)   Pre Evacuate Collection Set: 0,1ms
[2024-06-01T15:55:16.882-0300][gc,phases     ] GC(417)   Evacuate Collection Set: 19,9ms
[2024-06-01T15:55:16.882-0300][gc,phases     ] GC(417)   Post Evacuate Collection Set: 1,1ms
[2024-06-01T15:55:16.882-0300][gc,phases     ] GC(417)   Other: 0,5ms
[2024-06-01T15:55:16.882-0300][gc,heap       ] GC(417) Eden regions: 46->0(49)
[2024-06-01T15:55:16.882-0300][gc,heap       ] GC(417) Survivor regions: 5->5(7)
[2024-06-01T15:55:16.883-0300][gc,heap       ] GC(417) Old regions: 165->167
[2024-06-01T15:55:16.883-0300][gc,heap       ] GC(417) Humongous regions: 129->129
[2024-06-01T15:55:16.883-0300][gc,metaspace  ] GC(417) Metaspace: 45716K(48924K)->45716K(48924K) NonClass: 39977K(41680K)->39977K(41680K) Class: 5738K(7244K)->5738K(7244K)
[2024-06-01T15:55:16.883-0300][gc            ] GC(417) Pause Young (Normal) (G1 Evacuation Pause) 343M->298M(1024M) 21,748ms
[2024-06-01T15:55:16.883-0300][gc,cpu        ] GC(417) User=0,08s Sys=0,00s Real=0,02s
[2024-06-01T15:55:48.460-0300][gc,start      ] GC(418) Pause Young (Normal) (G1 Evacuation Pause)
[2024-06-01T15:55:48.460-0300][gc,task       ] GC(418) Using 4 workers of 4 for evacuation
[2024-06-01T15:55:48.480-0300][gc,mmu        ] GC(418) MMU target violated: 20,2ms (20,0ms/21,0ms)
[2024-06-01T15:55:48.480-0300][gc,phases     ] GC(418)   Pre Evacuate Collection Set: 0,1ms
[2024-06-01T15:55:48.480-0300][gc,phases     ] GC(418)   Evacuate Collection Set: 18,9ms
[2024-06-01T15:55:48.480-0300][gc,phases     ] GC(418)   Post Evacuate Collection Set: 1,0ms
[2024-06-01T15:55:48.480-0300][gc,phases     ] GC(418)   Other: 0,5ms
[2024-06-01T15:55:48.480-0300][gc,heap       ] GC(418) Eden regions: 49->0(47)
[2024-06-01T15:55:48.480-0300][gc,heap       ] GC(418) Survivor regions: 5->4(7)
[2024-06-01T15:55:48.480-0300][gc,heap       ] GC(418) Old regions: 167->168
[2024-06-01T15:55:48.480-0300][gc,heap       ] GC(418) Humongous regions: 129->129
[2024-06-01T15:55:48.480-0300][gc,metaspace  ] GC(418) Metaspace: 45716K(48924K)->45716K(48924K) NonClass: 39977K(41680K)->39977K(41680K) Class: 5738K(7244K)->5738K(7244K)
[2024-06-01T15:55:48.480-0300][gc            ] GC(418) Pause Young (Normal) (G1 Evacuation Pause) 347M->299M(1024M) 20,690ms
[2024-06-01T15:55:48.481-0300][gc,cpu        ] GC(418) User=0,07s Sys=0,00s Real=0,02s
[2024-06-01T15:56:18.496-0300][gc,start      ] GC(419) Pause Young (Normal) (G1 Evacuation Pause)
[2024-06-01T15:56:18.496-0300][gc,task       ] GC(419) Using 4 workers of 4 for evacuation
[2024-06-01T15:56:18.515-0300][gc,phases     ] GC(419)   Pre Evacuate Collection Set: 0,1ms
[2024-06-01T15:56:18.515-0300][gc,phases     ] GC(419)   Evacuate Collection Set: 18,3ms
[2024-06-01T15:56:18.515-0300][gc,phases     ] GC(419)   Post Evacuate Collection Set: 1,0ms
[2024-06-01T15:56:18.515-0300][gc,phases     ] GC(419)   Other: 0,4ms
[2024-06-01T15:56:18.515-0300][gc,heap       ] GC(419) Eden regions: 47->0(48)
[2024-06-01T15:56:18.515-0300][gc,heap       ] GC(419) Survivor regions: 4->5(7)
[2024-06-01T15:56:18.516-0300][gc,heap       ] GC(419) Old regions: 168->169
[2024-06-01T15:56:18.516-0300][gc,heap       ] GC(419) Humongous regions: 129->129
[2024-06-01T15:56:18.516-0300][gc,metaspace  ] GC(419) Metaspace: 45716K(48924K)->45716K(48924K) NonClass: 39977K(41680K)->39977K(41680K) Class: 5738K(7244K)->5738K(7244K)
[2024-06-01T15:56:18.516-0300][gc            ] GC(419) Pause Young (Normal) (G1 Evacuation Pause) 346M->300M(1024M) 20,027ms
[2024-06-01T15:56:18.516-0300][gc,cpu        ] GC(419) User=0,08s Sys=0,00s Real=0,02s
[2024-06-01T15:56:49.470-0300][gc,start      ] GC(420) Pause Young (Normal) (G1 Evacuation Pause)
[2024-06-01T15:56:49.470-0300][gc,task       ] GC(420) Using 4 workers of 4 for evacuation
[2024-06-01T15:56:49.490-0300][gc,phases     ] GC(420)   Pre Evacuate Collection Set: 0,1ms
[2024-06-01T15:56:49.490-0300][gc,phases     ] GC(420)   Evacuate Collection Set: 17,8ms
[2024-06-01T15:56:49.490-0300][gc,phases     ] GC(420)   Post Evacuate Collection Set: 1,1ms
[2024-06-01T15:56:49.490-0300][gc,phases     ] GC(420)   Other: 0,4ms
[2024-06-01T15:56:49.490-0300][gc,heap       ] GC(420) Eden regions: 48->0(49)
[2024-06-01T15:56:49.490-0300][gc,heap       ] GC(420) Survivor regions: 5->5(7)
[2024-06-01T15:56:49.490-0300][gc,heap       ] GC(420) Old regions: 169->170
[2024-06-01T15:56:49.490-0300][gc,heap       ] GC(420) Humongous regions: 129->129
[2024-06-01T15:56:49.490-0300][gc,metaspace  ] GC(420) Metaspace: 45716K(48924K)->45716K(48924K) NonClass: 39977K(41680K)->39977K(41680K) Class: 5738K(7244K)->5738K(7244K)
[2024-06-01T15:56:49.490-0300][gc            ] GC(420) Pause Young (Normal) (G1 Evacuation Pause) 348M->301M(1024M) 19,582ms
[2024-06-01T15:56:49.490-0300][gc,cpu        ] GC(420) User=0,07s Sys=0,00s Real=0,02s
[2024-06-01T15:57:20.676-0300][gc,start      ] GC(421) Pause Young (Normal) (G1 Evacuation Pause)
[2024-06-01T15:57:20.677-0300][gc,task       ] GC(421) Using 4 workers of 4 for evacuation
[2024-06-01T15:57:20.696-0300][gc,phases     ] GC(421)   Pre Evacuate Collection Set: 0,1ms
[2024-06-01T15:57:20.696-0300][gc,phases     ] GC(421)   Evacuate Collection Set: 18,2ms
[2024-06-01T15:57:20.696-0300][gc,phases     ] GC(421)   Post Evacuate Collection Set: 1,0ms
[2024-06-01T15:57:20.696-0300][gc,phases     ] GC(421)   Other: 0,4ms
[2024-06-01T15:57:20.696-0300][gc,heap       ] GC(421) Eden regions: 49->0(50)
[2024-06-01T15:57:20.696-0300][gc,heap       ] GC(421) Survivor regions: 5->5(7)
[2024-06-01T15:57:20.696-0300][gc,heap       ] GC(421) Old regions: 170->171
[2024-06-01T15:57:20.696-0300][gc,heap       ] GC(421) Humongous regions: 129->129
[2024-06-01T15:57:20.696-0300][gc,metaspace  ] GC(421) Metaspace: 45716K(48924K)->45716K(48924K) NonClass: 39977K(41680K)->39977K(41680K) Class: 5738K(7244K)->5738K(7244K)
[2024-06-01T15:57:20.696-0300][gc            ] GC(421) Pause Young (Normal) (G1 Evacuation Pause) 350M->302M(1024M) 19,914ms
[2024-06-01T15:57:20.696-0300][gc,cpu        ] GC(421) User=0,07s Sys=0,00s Real=0,02s
[2024-06-01T15:57:50.190-0300][gc,start      ] GC(422) Pause Young (Normal) (G1 Evacuation Pause)
[2024-06-01T15:57:50.190-0300][gc,task       ] GC(422) Using 4 workers of 4 for evacuation
[2024-06-01T15:57:50.209-0300][gc,phases     ] GC(422)   Pre Evacuate Collection Set: 0,1ms
[2024-06-01T15:57:50.209-0300][gc,phases     ] GC(422)   Evacuate Collection Set: 17,0ms
[2024-06-01T15:57:50.209-0300][gc,phases     ] GC(422)   Post Evacuate Collection Set: 1,1ms
[2024-06-01T15:57:50.209-0300][gc,phases     ] GC(422)   Other: 0,4ms
[2024-06-01T15:57:50.209-0300][gc,heap       ] GC(422) Eden regions: 46->0(50)
[2024-06-01T15:57:50.209-0300][gc,heap       ] GC(422) Survivor regions: 5->4(7)
[2024-06-01T15:57:50.209-0300][gc,heap       ] GC(422) Old regions: 171->172
[2024-06-01T15:57:50.209-0300][gc,heap       ] GC(422) Humongous regions: 129->129
[2024-06-01T15:57:50.209-0300][gc,metaspace  ] GC(422) Metaspace: 45716K(48924K)->45716K(48924K) NonClass: 39977K(41680K)->39977K(41680K) Class: 5738K(7244K)->5738K(7244K)
[2024-06-01T15:57:50.209-0300][gc            ] GC(422) Pause Young (Normal) (G1 Evacuation Pause) 348M->302M(1024M) 18,849ms
[2024-06-01T15:57:50.209-0300][gc,cpu        ] GC(422) User=0,06s Sys=0,00s Real=0,02s
[2024-06-01T15:58:22.462-0300][gc,start      ] GC(423) Pause Young (Normal) (G1 Evacuation Pause)
[2024-06-01T15:58:22.462-0300][gc,task       ] GC(423) Using 4 workers of 4 for evacuation
[2024-06-01T15:58:22.467-0300][gc,phases     ] GC(423)   Pre Evacuate Collection Set: 0,0ms
[2024-06-01T15:58:22.467-0300][gc,phases     ] GC(423)   Evacuate Collection Set: 4,5ms
[2024-06-01T15:58:22.467-0300][gc,phases     ] GC(423)   Post Evacuate Collection Set: 0,4ms
[2024-06-01T15:58:22.467-0300][gc,phases     ] GC(423)   Other: 0,2ms
[2024-06-01T15:58:22.467-0300][gc,heap       ] GC(423) Eden regions: 50->0(55)
[2024-06-01T15:58:22.467-0300][gc,heap       ] GC(423) Survivor regions: 4->5(7)
[2024-06-01T15:58:22.467-0300][gc,heap       ] GC(423) Old regions: 172->172
[2024-06-01T15:58:22.467-0300][gc,heap       ] GC(423) Humongous regions: 129->129
[2024-06-01T15:58:22.467-0300][gc,metaspace  ] GC(423) Metaspace: 45716K(48924K)->45716K(48924K) NonClass: 39977K(41680K)->39977K(41680K) Class: 5738K(7244K)->5738K(7244K)
[2024-06-01T15:58:22.467-0300][gc            ] GC(423) Pause Young (Normal) (G1 Evacuation Pause) 352M->303M(1024M) 5,219ms
[2024-06-01T15:58:22.467-0300][gc,cpu        ] GC(423) User=0,01s Sys=0,00s Real=0,01s
[2024-06-01T15:58:51.638-0300][gc,start      ] GC(424) Pause Young (Normal) (G1 Evacuation Pause)
[2024-06-01T15:58:51.638-0300][gc,task       ] GC(424) Using 4 workers of 4 for evacuation
[2024-06-01T15:58:51.659-0300][gc,mmu        ] GC(424) MMU target violated: 20,4ms (20,0ms/21,0ms)
[2024-06-01T15:58:51.659-0300][gc,phases     ] GC(424)   Pre Evacuate Collection Set: 0,1ms
[2024-06-01T15:58:51.659-0300][gc,phases     ] GC(424)   Evacuate Collection Set: 19,1ms
[2024-06-01T15:58:51.659-0300][gc,phases     ] GC(424)   Post Evacuate Collection Set: 1,0ms
[2024-06-01T15:58:51.659-0300][gc,phases     ] GC(424)   Other: 0,5ms
[2024-06-01T15:58:51.659-0300][gc,heap       ] GC(424) Eden regions: 46->0(50)
[2024-06-01T15:58:51.659-0300][gc,heap       ] GC(424) Survivor regions: 5->5(7)
[2024-06-01T15:58:51.659-0300][gc,heap       ] GC(424) Old regions: 172->173
[2024-06-01T15:58:51.659-0300][gc,heap       ] GC(424) Humongous regions: 129->129
[2024-06-01T15:58:51.659-0300][gc,metaspace  ] GC(424) Metaspace: 45716K(48924K)->45716K(48924K) NonClass: 39977K(41680K)->39977K(41680K) Class: 5738K(7244K)->5738K(7244K)
[2024-06-01T15:58:51.659-0300][gc            ] GC(424) Pause Young (Normal) (G1 Evacuation Pause) 349M->304M(1024M) 20,897ms
[2024-06-01T15:58:51.659-0300][gc,cpu        ] GC(424) User=0,08s Sys=0,00s Real=0,02s
[2024-06-01T15:59:23.721-0300][gc,start      ] GC(425) Pause Young (Normal) (G1 Evacuation Pause)
[2024-06-01T15:59:23.721-0300][gc,task       ] GC(425) Using 4 workers of 4 for evacuation
[2024-06-01T15:59:23.742-0300][gc,mmu        ] GC(425) MMU target violated: 21,0ms (20,0ms/21,0ms)
[2024-06-01T15:59:23.742-0300][gc,phases     ] GC(425)   Pre Evacuate Collection Set: 0,1ms
[2024-06-01T15:59:23.742-0300][gc,phases     ] GC(425)   Evacuate Collection Set: 20,0ms
[2024-06-01T15:59:23.742-0300][gc,phases     ] GC(425)   Post Evacuate Collection Set: 1,1ms
[2024-06-01T15:59:23.742-0300][gc,phases     ] GC(425)   Other: 0,5ms
[2024-06-01T15:59:23.742-0300][gc,heap       ] GC(425) Eden regions: 50->0(51)
[2024-06-01T15:59:23.742-0300][gc,heap       ] GC(425) Survivor regions: 5->5(7)
[2024-06-01T15:59:23.742-0300][gc,heap       ] GC(425) Old regions: 173->174
[2024-06-01T15:59:23.742-0300][gc,heap       ] GC(425) Humongous regions: 129->129
[2024-06-01T15:59:23.742-0300][gc,metaspace  ] GC(425) Metaspace: 45716K(48924K)->45716K(48924K) NonClass: 39977K(41680K)->39977K(41680K) Class: 5738K(7244K)->5738K(7244K)
[2024-06-01T15:59:23.742-0300][gc            ] GC(425) Pause Young (Normal) (G1 Evacuation Pause) 354M->305M(1024M) 21,817ms
[2024-06-01T15:59:23.742-0300][gc,cpu        ] GC(425) User=0,08s Sys=0,00s Real=0,02s
[2024-06-01T15:59:56.070-0300][gc,start      ] GC(426) Pause Young (Normal) (G1 Evacuation Pause)
[2024-06-01T15:59:56.070-0300][gc,task       ] GC(426) Using 4 workers of 4 for evacuation
[2024-06-01T15:59:56.090-0300][gc,phases     ] GC(426)   Pre Evacuate Collection Set: 0,1ms
[2024-06-01T15:59:56.090-0300][gc,phases     ] GC(426)   Evacuate Collection Set: 17,9ms
[2024-06-01T15:59:56.090-0300][gc,phases     ] GC(426)   Post Evacuate Collection Set: 1,0ms
[2024-06-01T15:59:56.090-0300][gc,phases     ] GC(426)   Other: 0,5ms
[2024-06-01T15:59:56.090-0300][gc,heap       ] GC(426) Eden regions: 51->0(51)
[2024-06-01T15:59:56.090-0300][gc,heap       ] GC(426) Survivor regions: 5->5(7)
[2024-06-01T15:59:56.090-0300][gc,heap       ] GC(426) Old regions: 174->175
[2024-06-01T15:59:56.090-0300][gc,heap       ] GC(426) Humongous regions: 129->129
[2024-06-01T15:59:56.090-0300][gc,metaspace  ] GC(426) Metaspace: 45716K(48924K)->45716K(48924K) NonClass: 39977K(41680K)->39977K(41680K) Class: 5738K(7244K)->5738K(7244K)
[2024-06-01T15:59:56.090-0300][gc            ] GC(426) Pause Young (Normal) (G1 Evacuation Pause) 356M->306M(1024M) 19,670ms
[2024-06-01T15:59:56.090-0300][gc,cpu        ] GC(426) User=0,07s Sys=0,00s Real=0,02s
[2024-06-01T16:00:25.060-0300][gc,start      ] GC(427) Pause Young (Normal) (G1 Evacuation Pause)
[2024-06-01T16:00:25.060-0300][gc,task       ] GC(427) Using 4 workers of 4 for evacuation
[2024-06-01T16:00:25.080-0300][gc,mmu        ] GC(427) MMU target violated: 20,1ms (20,0ms/21,0ms)
[2024-06-01T16:00:25.080-0300][gc,phases     ] GC(427)   Pre Evacuate Collection Set: 0,1ms
[2024-06-01T16:00:25.080-0300][gc,phases     ] GC(427)   Evacuate Collection Set: 18,9ms
[2024-06-01T16:00:25.080-0300][gc,phases     ] GC(427)   Post Evacuate Collection Set: 1,0ms
[2024-06-01T16:00:25.080-0300][gc,phases     ] GC(427)   Other: 0,5ms
[2024-06-01T16:00:25.080-0300][gc,heap       ] GC(427) Eden regions: 46->0(52)
[2024-06-01T16:00:25.080-0300][gc,heap       ] GC(427) Survivor regions: 5->5(7)
[2024-06-01T16:00:25.080-0300][gc,heap       ] GC(427) Old regions: 175->176
[2024-06-01T16:00:25.080-0300][gc,heap       ] GC(427) Humongous regions: 129->129
[2024-06-01T16:00:25.080-0300][gc,metaspace  ] GC(427) Metaspace: 45716K(48924K)->45716K(48924K) NonClass: 39977K(41680K)->39977K(41680K) Class: 5738K(7244K)->5738K(7244K)
[2024-06-01T16:00:25.080-0300][gc            ] GC(427) Pause Young (Normal) (G1 Evacuation Pause) 352M->308M(1024M) 20,617ms
[2024-06-01T16:00:25.080-0300][gc,cpu        ] GC(427) User=0,07s Sys=0,00s Real=0,02s
[2024-06-01T16:00:58.067-0300][gc,start      ] GC(428) Pause Young (Normal) (G1 Evacuation Pause)
[2024-06-01T16:00:58.067-0300][gc,task       ] GC(428) Using 4 workers of 4 for evacuation
[2024-06-01T16:00:58.086-0300][gc,phases     ] GC(428)   Pre Evacuate Collection Set: 0,1ms
[2024-06-01T16:00:58.087-0300][gc,phases     ] GC(428)   Evacuate Collection Set: 18,0ms
[2024-06-01T16:00:58.087-0300][gc,phases     ] GC(428)   Post Evacuate Collection Set: 1,1ms
[2024-06-01T16:00:58.087-0300][gc,phases     ] GC(428)   Other: 0,4ms
[2024-06-01T16:00:58.087-0300][gc,heap       ] GC(428) Eden regions: 52->0(54)
[2024-06-01T16:00:58.087-0300][gc,heap       ] GC(428) Survivor regions: 5->6(8)
[2024-06-01T16:00:58.087-0300][gc,heap       ] GC(428) Old regions: 176->176
[2024-06-01T16:00:58.087-0300][gc,heap       ] GC(428) Humongous regions: 129->129
[2024-06-01T16:00:58.087-0300][gc,metaspace  ] GC(428) Metaspace: 45716K(48924K)->45716K(48924K) NonClass: 39977K(41680K)->39977K(41680K) Class: 5738K(7244K)->5738K(7244K)
[2024-06-01T16:00:58.087-0300][gc            ] GC(428) Pause Young (Normal) (G1 Evacuation Pause) 360M->309M(1024M) 19,850ms
[2024-06-01T16:00:58.087-0300][gc,cpu        ] GC(428) User=0,07s Sys=0,00s Real=0,02s
[2024-06-01T16:01:26.306-0300][gc,start      ] GC(429) Pause Young (Normal) (G1 Evacuation Pause)
[2024-06-01T16:01:26.306-0300][gc,task       ] GC(429) Using 4 workers of 4 for evacuation
[2024-06-01T16:01:26.327-0300][gc,mmu        ] GC(429) MMU target violated: 21,0ms (20,0ms/21,0ms)
[2024-06-01T16:01:26.328-0300][gc,phases     ] GC(429)   Pre Evacuate Collection Set: 0,1ms
[2024-06-01T16:01:26.328-0300][gc,phases     ] GC(429)   Evacuate Collection Set: 20,3ms
[2024-06-01T16:01:26.328-0300][gc,phases     ] GC(429)   Post Evacuate Collection Set: 1,0ms
[2024-06-01T16:01:26.328-0300][gc,phases     ] GC(429)   Other: 0,5ms
[2024-06-01T16:01:26.328-0300][gc,heap       ] GC(429) Eden regions: 45->0(51)
[2024-06-01T16:01:26.328-0300][gc,heap       ] GC(429) Survivor regions: 6->5(7)
[2024-06-01T16:01:26.328-0300][gc,heap       ] GC(429) Old regions: 176->178
[2024-06-01T16:01:26.328-0300][gc,heap       ] GC(429) Humongous regions: 129->129
[2024-06-01T16:01:26.328-0300][gc,metaspace  ] GC(429) Metaspace: 45716K(48924K)->45716K(48924K) NonClass: 39977K(41680K)->39977K(41680K) Class: 5738K(7244K)->5738K(7244K)
[2024-06-01T16:01:26.328-0300][gc            ] GC(429) Pause Young (Normal) (G1 Evacuation Pause) 354M->310M(1024M) 22,058ms
[2024-06-01T16:01:26.328-0300][gc,cpu        ] GC(429) User=0,08s Sys=0,00s Real=0,03s
[2024-06-01T16:01:58.914-0300][gc,start      ] GC(430) Pause Young (Normal) (G1 Evacuation Pause)
[2024-06-01T16:01:58.914-0300][gc,task       ] GC(430) Using 4 workers of 4 for evacuation
[2024-06-01T16:01:58.933-0300][gc,phases     ] GC(430)   Pre Evacuate Collection Set: 0,1ms
[2024-06-01T16:01:58.933-0300][gc,phases     ] GC(430)   Evacuate Collection Set: 17,2ms
[2024-06-01T16:01:58.933-0300][gc,phases     ] GC(430)   Post Evacuate Collection Set: 1,1ms
[2024-06-01T16:01:58.933-0300][gc,phases     ] GC(430)   Other: 0,4ms
[2024-06-01T16:01:58.933-0300][gc,heap       ] GC(430) Eden regions: 51->0(55)
[2024-06-01T16:01:58.933-0300][gc,heap       ] GC(430) Survivor regions: 5->4(7)
[2024-06-01T16:01:58.933-0300][gc,heap       ] GC(430) Old regions: 178->179
[2024-06-01T16:01:58.933-0300][gc,heap       ] GC(430) Humongous regions: 129->129
[2024-06-01T16:01:58.933-0300][gc,metaspace  ] GC(430) Metaspace: 45716K(48924K)->45716K(48924K) NonClass: 39977K(41680K)->39977K(41680K) Class: 5738K(7244K)->5738K(7244K)
[2024-06-01T16:01:58.933-0300][gc            ] GC(430) Pause Young (Normal) (G1 Evacuation Pause) 361M->310M(1024M) 19,012ms
[2024-06-01T16:01:58.933-0300][gc,cpu        ] GC(430) User=0,07s Sys=0,00s Real=0,02s
[2024-06-01T16:02:33.815-0300][gc,start      ] GC(431) Pause Young (Normal) (G1 Evacuation Pause)
[2024-06-01T16:02:33.815-0300][gc,task       ] GC(431) Using 4 workers of 4 for evacuation
[2024-06-01T16:02:33.834-0300][gc,phases     ] GC(431)   Pre Evacuate Collection Set: 0,1ms
[2024-06-01T16:02:33.834-0300][gc,phases     ] GC(431)   Evacuate Collection Set: 17,2ms
[2024-06-01T16:02:33.834-0300][gc,phases     ] GC(431)   Post Evacuate Collection Set: 1,1ms
[2024-06-01T16:02:33.834-0300][gc,phases     ] GC(431)   Other: 0,4ms
[2024-06-01T16:02:33.834-0300][gc,heap       ] GC(431) Eden regions: 55->0(54)
[2024-06-01T16:02:33.834-0300][gc,heap       ] GC(431) Survivor regions: 4->5(8)
[2024-06-01T16:02:33.834-0300][gc,heap       ] GC(431) Old regions: 179->179
[2024-06-01T16:02:33.834-0300][gc,heap       ] GC(431) Humongous regions: 129->129
[2024-06-01T16:02:33.834-0300][gc,metaspace  ] GC(431) Metaspace: 45716K(48924K)->45716K(48924K) NonClass: 39977K(41680K)->39977K(41680K) Class: 5738K(7244K)->5738K(7244K)
[2024-06-01T16:02:33.834-0300][gc            ] GC(431) Pause Young (Normal) (G1 Evacuation Pause) 365M->311M(1024M) 18,997ms
[2024-06-01T16:02:33.834-0300][gc,cpu        ] GC(431) User=0,07s Sys=0,00s Real=0,02s
[2024-06-01T16:03:06.574-0300][gc,start      ] GC(432) Pause Young (Normal) (G1 Evacuation Pause)
[2024-06-01T16:03:06.574-0300][gc,task       ] GC(432) Using 4 workers of 4 for evacuation
[2024-06-01T16:03:06.596-0300][gc,mmu        ] GC(432) MMU target violated: 21,0ms (20,0ms/21,0ms)
[2024-06-01T16:03:06.596-0300][gc,phases     ] GC(432)   Pre Evacuate Collection Set: 0,1ms
[2024-06-01T16:03:06.596-0300][gc,phases     ] GC(432)   Evacuate Collection Set: 20,3ms
[2024-06-01T16:03:06.596-0300][gc,phases     ] GC(432)   Post Evacuate Collection Set: 1,1ms
[2024-06-01T16:03:06.596-0300][gc,phases     ] GC(432)   Other: 0,5ms
[2024-06-01T16:03:06.596-0300][gc,heap       ] GC(432) Eden regions: 51->0(54)
[2024-06-01T16:03:06.596-0300][gc,heap       ] GC(432) Survivor regions: 5->5(7)
[2024-06-01T16:03:06.596-0300][gc,heap       ] GC(432) Old regions: 179->181
[2024-06-01T16:03:06.596-0300][gc,heap       ] GC(432) Humongous regions: 129->129
[2024-06-01T16:03:06.596-0300][gc,metaspace  ] GC(432) Metaspace: 45716K(48924K)->45716K(48924K) NonClass: 39977K(41680K)->39977K(41680K) Class: 5738K(7244K)->5738K(7244K)
[2024-06-01T16:03:06.596-0300][gc            ] GC(432) Pause Young (Normal) (G1 Evacuation Pause) 362M->312M(1024M) 22,240ms
[2024-06-01T16:03:06.596-0300][gc,cpu        ] GC(432) User=0,08s Sys=0,00s Real=0,03s
[2024-06-01T16:03:41.173-0300][gc,start      ] GC(433) Pause Young (Normal) (G1 Evacuation Pause)
[2024-06-01T16:03:41.173-0300][gc,task       ] GC(433) Using 4 workers of 4 for evacuation
[2024-06-01T16:03:41.193-0300][gc,phases     ] GC(433)   Pre Evacuate Collection Set: 0,1ms
[2024-06-01T16:03:41.193-0300][gc,phases     ] GC(433)   Evacuate Collection Set: 18,2ms
[2024-06-01T16:03:41.193-0300][gc,phases     ] GC(433)   Post Evacuate Collection Set: 1,0ms
[2024-06-01T16:03:41.193-0300][gc,phases     ] GC(433)   Other: 0,4ms
[2024-06-01T16:03:41.193-0300][gc,heap       ] GC(433) Eden regions: 54->0(55)
[2024-06-01T16:03:41.193-0300][gc,heap       ] GC(433) Survivor regions: 5->6(8)
[2024-06-01T16:03:41.193-0300][gc,heap       ] GC(433) Old regions: 181->181
[2024-06-01T16:03:41.193-0300][gc,heap       ] GC(433) Humongous regions: 129->129
[2024-06-01T16:03:41.193-0300][gc,metaspace  ] GC(433) Metaspace: 45716K(48924K)->45716K(48924K) NonClass: 39977K(41680K)->39977K(41680K) Class: 5738K(7244K)->5738K(7244K)
[2024-06-01T16:03:41.193-0300][gc            ] GC(433) Pause Young (Normal) (G1 Evacuation Pause) 366M->313M(1024M) 19,966ms
[2024-06-01T16:03:41.193-0300][gc,cpu        ] GC(433) User=0,08s Sys=0,00s Real=0,02s
[2024-06-01T16:04:16.286-0300][gc,start      ] GC(434) Pause Young (Normal) (G1 Evacuation Pause)
[2024-06-01T16:04:16.286-0300][gc,task       ] GC(434) Using 4 workers of 4 for evacuation
[2024-06-01T16:04:16.297-0300][gc,phases     ] GC(434)   Pre Evacuate Collection Set: 0,0ms
[2024-06-01T16:04:16.297-0300][gc,phases     ] GC(434)   Evacuate Collection Set: 9,8ms
[2024-06-01T16:04:16.297-0300][gc,phases     ] GC(434)   Post Evacuate Collection Set: 0,6ms
[2024-06-01T16:04:16.297-0300][gc,phases     ] GC(434)   Other: 0,2ms
[2024-06-01T16:04:16.297-0300][gc,heap       ] GC(434) Eden regions: 55->0(58)
[2024-06-01T16:04:16.297-0300][gc,heap       ] GC(434) Survivor regions: 6->5(8)
[2024-06-01T16:04:16.297-0300][gc,heap       ] GC(434) Old regions: 181->183
[2024-06-01T16:04:16.297-0300][gc,heap       ] GC(434) Humongous regions: 129->129
[2024-06-01T16:04:16.297-0300][gc,metaspace  ] GC(434) Metaspace: 45716K(48924K)->45716K(48924K) NonClass: 39977K(41680K)->39977K(41680K) Class: 5738K(7244K)->5738K(7244K)
[2024-06-01T16:04:16.297-0300][gc            ] GC(434) Pause Young (Normal) (G1 Evacuation Pause) 368M->314M(1024M) 10,840ms
[2024-06-01T16:04:16.297-0300][gc,cpu        ] GC(434) User=0,04s Sys=0,00s Real=0,02s
[2024-06-01T16:04:53.399-0300][gc,start      ] GC(435) Pause Young (Normal) (G1 Evacuation Pause)
[2024-06-01T16:04:53.399-0300][gc,task       ] GC(435) Using 4 workers of 4 for evacuation
[2024-06-01T16:04:53.422-0300][gc,mmu        ] GC(435) MMU target violated: 21,0ms (20,0ms/21,0ms)
[2024-06-01T16:04:53.422-0300][gc,phases     ] GC(435)   Pre Evacuate Collection Set: 0,1ms
[2024-06-01T16:04:53.422-0300][gc,phases     ] GC(435)   Evacuate Collection Set: 21,4ms
[2024-06-01T16:04:53.422-0300][gc,phases     ] GC(435)   Post Evacuate Collection Set: 1,1ms
[2024-06-01T16:04:53.422-0300][gc,phases     ] GC(435)   Other: 0,6ms
[2024-06-01T16:04:53.422-0300][gc,heap       ] GC(435) Eden regions: 58->0(53)
[2024-06-01T16:04:53.422-0300][gc,heap       ] GC(435) Survivor regions: 5->5(8)
[2024-06-01T16:04:53.422-0300][gc,heap       ] GC(435) Old regions: 183->184
[2024-06-01T16:04:53.422-0300][gc,heap       ] GC(435) Humongous regions: 129->129
[2024-06-01T16:04:53.422-0300][gc,metaspace  ] GC(435) Metaspace: 45716K(48924K)->45716K(48924K) NonClass: 39977K(41680K)->39977K(41680K) Class: 5738K(7244K)->5738K(7244K)
[2024-06-01T16:04:53.423-0300][gc            ] GC(435) Pause Young (Normal) (G1 Evacuation Pause) 372M->315M(1024M) 23,302ms
[2024-06-01T16:04:53.423-0300][gc,cpu        ] GC(435) User=0,08s Sys=0,00s Real=0,02s
[2024-06-01T16:05:27.157-0300][gc,start      ] GC(436) Pause Young (Normal) (G1 Evacuation Pause)
[2024-06-01T16:05:27.157-0300][gc,task       ] GC(436) Using 4 workers of 4 for evacuation
[2024-06-01T16:05:27.178-0300][gc,phases     ] GC(436)   Pre Evacuate Collection Set: 0,1ms
[2024-06-01T16:05:27.178-0300][gc,phases     ] GC(436)   Evacuate Collection Set: 18,7ms
[2024-06-01T16:05:27.178-0300][gc,phases     ] GC(436)   Post Evacuate Collection Set: 1,0ms
[2024-06-01T16:05:27.178-0300][gc,phases     ] GC(436)   Other: 0,4ms
[2024-06-01T16:05:27.178-0300][gc,heap       ] GC(436) Eden regions: 53->0(53)
[2024-06-01T16:05:27.178-0300][gc,heap       ] GC(436) Survivor regions: 5->5(8)
[2024-06-01T16:05:27.178-0300][gc,heap       ] GC(436) Old regions: 184->185
[2024-06-01T16:05:27.178-0300][gc,heap       ] GC(436) Humongous regions: 129->129
[2024-06-01T16:05:27.178-0300][gc,metaspace  ] GC(436) Metaspace: 45716K(48924K)->45716K(48924K) NonClass: 39977K(41680K)->39977K(41680K) Class: 5738K(7244K)->5738K(7244K)
[2024-06-01T16:05:27.178-0300][gc            ] GC(436) Pause Young (Normal) (G1 Evacuation Pause) 368M->317M(1024M) 20,500ms
[2024-06-01T16:05:27.178-0300][gc,cpu        ] GC(436) User=0,08s Sys=0,00s Real=0,02s
[2024-06-01T16:06:01.094-0300][gc,start      ] GC(437) Pause Young (Normal) (G1 Evacuation Pause)
[2024-06-01T16:06:01.094-0300][gc,task       ] GC(437) Using 4 workers of 4 for evacuation
[2024-06-01T16:06:01.114-0300][gc,mmu        ] GC(437) MMU target violated: 20,4ms (20,0ms/21,0ms)
[2024-06-01T16:06:01.114-0300][gc,phases     ] GC(437)   Pre Evacuate Collection Set: 0,1ms
[2024-06-01T16:06:01.114-0300][gc,phases     ] GC(437)   Evacuate Collection Set: 19,2ms
[2024-06-01T16:06:01.114-0300][gc,phases     ] GC(437)   Post Evacuate Collection Set: 1,0ms
[2024-06-01T16:06:01.114-0300][gc,phases     ] GC(437)   Other: 0,5ms
[2024-06-01T16:06:01.114-0300][gc,heap       ] GC(437) Eden regions: 53->0(52)
[2024-06-01T16:06:01.114-0300][gc,heap       ] GC(437) Survivor regions: 5->5(8)
[2024-06-01T16:06:01.114-0300][gc,heap       ] GC(437) Old regions: 185->186
[2024-06-01T16:06:01.114-0300][gc,heap       ] GC(437) Humongous regions: 129->129
[2024-06-01T16:06:01.114-0300][gc,metaspace  ] GC(437) Metaspace: 45716K(48924K)->45716K(48924K) NonClass: 39977K(41680K)->39977K(41680K) Class: 5738K(7244K)->5738K(7244K)
[2024-06-01T16:06:01.114-0300][gc            ] GC(437) Pause Young (Normal) (G1 Evacuation Pause) 370M->318M(1024M) 20,908ms
[2024-06-01T16:06:01.114-0300][gc,cpu        ] GC(437) User=0,07s Sys=0,00s Real=0,02s
[2024-06-01T16:06:33.611-0300][gc,start      ] GC(438) Pause Young (Normal) (G1 Evacuation Pause)
[2024-06-01T16:06:33.612-0300][gc,task       ] GC(438) Using 4 workers of 4 for evacuation
[2024-06-01T16:06:33.630-0300][gc,phases     ] GC(438)   Pre Evacuate Collection Set: 0,1ms
[2024-06-01T16:06:33.631-0300][gc,phases     ] GC(438)   Evacuate Collection Set: 17,5ms
[2024-06-01T16:06:33.631-0300][gc,phases     ] GC(438)   Post Evacuate Collection Set: 1,0ms
[2024-06-01T16:06:33.631-0300][gc,phases     ] GC(438)   Other: 0,4ms
[2024-06-01T16:06:33.631-0300][gc,heap       ] GC(438) Eden regions: 52->0(55)
[2024-06-01T16:06:33.631-0300][gc,heap       ] GC(438) Survivor regions: 5->5(8)
[2024-06-01T16:06:33.631-0300][gc,heap       ] GC(438) Old regions: 186->187
[2024-06-01T16:06:33.631-0300][gc,heap       ] GC(438) Humongous regions: 129->129
[2024-06-01T16:06:33.631-0300][gc,metaspace  ] GC(438) Metaspace: 45716K(48924K)->45716K(48924K) NonClass: 39977K(41680K)->39977K(41680K) Class: 5738K(7244K)->5738K(7244K)
[2024-06-01T16:06:33.631-0300][gc            ] GC(438) Pause Young (Normal) (G1 Evacuation Pause) 370M->318M(1024M) 19,283ms
[2024-06-01T16:06:33.631-0300][gc,cpu        ] GC(438) User=0,07s Sys=0,00s Real=0,02s
[2024-06-01T16:07:03.111-0300][gc,start      ] GC(439) Pause Young (Normal) (G1 Evacuation Pause)
[2024-06-01T16:07:03.112-0300][gc,task       ] GC(439) Using 4 workers of 4 for evacuation
[2024-06-01T16:07:03.130-0300][gc,phases     ] GC(439)   Pre Evacuate Collection Set: 0,1ms
[2024-06-01T16:07:03.131-0300][gc,phases     ] GC(439)   Evacuate Collection Set: 17,5ms
[2024-06-01T16:07:03.131-0300][gc,phases     ] GC(439)   Post Evacuate Collection Set: 1,1ms
[2024-06-01T16:07:03.131-0300][gc,phases     ] GC(439)   Other: 0,4ms
[2024-06-01T16:07:03.131-0300][gc,heap       ] GC(439) Eden regions: 46->0(54)
[2024-06-01T16:07:03.131-0300][gc,heap       ] GC(439) Survivor regions: 5->4(7)
[2024-06-01T16:07:03.131-0300][gc,heap       ] GC(439) Old regions: 187->188
[2024-06-01T16:07:03.131-0300][gc,heap       ] GC(439) Humongous regions: 129->129
[2024-06-01T16:07:03.131-0300][gc,metaspace  ] GC(439) Metaspace: 45716K(48924K)->45716K(48924K) NonClass: 39977K(41680K)->39977K(41680K) Class: 5738K(7244K)->5738K(7244K)
[2024-06-01T16:07:03.131-0300][gc            ] GC(439) Pause Young (Normal) (G1 Evacuation Pause) 364M->319M(1024M) 19,304ms
[2024-06-01T16:07:03.131-0300][gc,cpu        ] GC(439) User=0,07s Sys=0,00s Real=0,02s
[2024-06-01T16:07:37.505-0300][gc,start      ] GC(440) Pause Young (Normal) (G1 Evacuation Pause)
[2024-06-01T16:07:37.505-0300][gc,task       ] GC(440) Using 4 workers of 4 for evacuation
[2024-06-01T16:07:37.524-0300][gc,phases     ] GC(440)   Pre Evacuate Collection Set: 0,1ms
[2024-06-01T16:07:37.524-0300][gc,phases     ] GC(440)   Evacuate Collection Set: 17,6ms
[2024-06-01T16:07:37.524-0300][gc,phases     ] GC(440)   Post Evacuate Collection Set: 1,0ms
[2024-06-01T16:07:37.524-0300][gc,phases     ] GC(440)   Other: 0,4ms
[2024-06-01T16:07:37.525-0300][gc,heap       ] GC(440) Eden regions: 54->0(55)
[2024-06-01T16:07:37.525-0300][gc,heap       ] GC(440) Survivor regions: 4->6(8)
[2024-06-01T16:07:37.525-0300][gc,heap       ] GC(440) Old regions: 188->188
[2024-06-01T16:07:37.525-0300][gc,heap       ] GC(440) Humongous regions: 129->129
[2024-06-01T16:07:37.525-0300][gc,metaspace  ] GC(440) Metaspace: 45716K(48924K)->45716K(48924K) NonClass: 39977K(41680K)->39977K(41680K) Class: 5738K(7244K)->5738K(7244K)
[2024-06-01T16:07:37.525-0300][gc            ] GC(440) Pause Young (Normal) (G1 Evacuation Pause) 373M->320M(1024M) 19,348ms
[2024-06-01T16:07:37.525-0300][gc,cpu        ] GC(440) User=0,07s Sys=0,00s Real=0,02s
[2024-06-01T16:08:06.859-0300][gc,start      ] GC(441) Pause Young (Normal) (G1 Evacuation Pause)
[2024-06-01T16:08:06.859-0300][gc,task       ] GC(441) Using 4 workers of 4 for evacuation
[2024-06-01T16:08:06.866-0300][gc,phases     ] GC(441)   Pre Evacuate Collection Set: 0,0ms
[2024-06-01T16:08:06.866-0300][gc,phases     ] GC(441)   Evacuate Collection Set: 6,1ms
[2024-06-01T16:08:06.866-0300][gc,phases     ] GC(441)   Post Evacuate Collection Set: 0,4ms
[2024-06-01T16:08:06.866-0300][gc,phases     ] GC(441)   Other: 0,2ms
[2024-06-01T16:08:06.866-0300][gc,heap       ] GC(441) Eden regions: 46->0(58)
[2024-06-01T16:08:06.866-0300][gc,heap       ] GC(441) Survivor regions: 6->5(7)
[2024-06-01T16:08:06.866-0300][gc,heap       ] GC(441) Old regions: 188->190
[2024-06-01T16:08:06.866-0300][gc,heap       ] GC(441) Humongous regions: 129->129
[2024-06-01T16:08:06.866-0300][gc,metaspace  ] GC(441) Metaspace: 45716K(48924K)->45716K(48924K) NonClass: 39977K(41680K)->39977K(41680K) Class: 5738K(7244K)->5738K(7244K)
[2024-06-01T16:08:06.866-0300][gc            ] GC(441) Pause Young (Normal) (G1 Evacuation Pause) 366M->321M(1024M) 6,782ms
[2024-06-01T16:08:06.866-0300][gc,cpu        ] GC(441) User=0,02s Sys=0,00s Real=0,00s
[2024-06-01T16:08:43.750-0300][gc,start      ] GC(442) Pause Young (Normal) (G1 Evacuation Pause)
[2024-06-01T16:08:43.750-0300][gc,task       ] GC(442) Using 4 workers of 4 for evacuation
[2024-06-01T16:08:43.770-0300][gc,phases     ] GC(442)   Pre Evacuate Collection Set: 0,1ms
[2024-06-01T16:08:43.770-0300][gc,phases     ] GC(442)   Evacuate Collection Set: 18,3ms
[2024-06-01T16:08:43.770-0300][gc,phases     ] GC(442)   Post Evacuate Collection Set: 1,1ms
[2024-06-01T16:08:43.770-0300][gc,phases     ] GC(442)   Other: 0,4ms
[2024-06-01T16:08:43.770-0300][gc,heap       ] GC(442) Eden regions: 58->0(57)
[2024-06-01T16:08:43.770-0300][gc,heap       ] GC(442) Survivor regions: 5->6(8)
[2024-06-01T16:08:43.770-0300][gc,heap       ] GC(442) Old regions: 190->190
[2024-06-01T16:08:43.770-0300][gc,heap       ] GC(442) Humongous regions: 129->129
[2024-06-01T16:08:43.770-0300][gc,metaspace  ] GC(442) Metaspace: 45716K(48924K)->45716K(48924K) NonClass: 39977K(41680K)->39977K(41680K) Class: 5738K(7244K)->5738K(7244K)
[2024-06-01T16:08:43.770-0300][gc            ] GC(442) Pause Young (Normal) (G1 Evacuation Pause) 379M->322M(1024M) 20,148ms
[2024-06-01T16:08:43.770-0300][gc,cpu        ] GC(442) User=0,07s Sys=0,00s Real=0,02s
[2024-06-01T16:09:20.343-0300][gc,start      ] GC(443) Pause Young (Normal) (G1 Evacuation Pause)
[2024-06-01T16:09:20.343-0300][gc,task       ] GC(443) Using 4 workers of 4 for evacuation
[2024-06-01T16:09:20.366-0300][gc,mmu        ] GC(443) MMU target violated: 21,0ms (20,0ms/21,0ms)
[2024-06-01T16:09:20.366-0300][gc,phases     ] GC(443)   Pre Evacuate Collection Set: 0,1ms
[2024-06-01T16:09:20.366-0300][gc,phases     ] GC(443)   Evacuate Collection Set: 21,2ms
[2024-06-01T16:09:20.366-0300][gc,phases     ] GC(443)   Post Evacuate Collection Set: 1,1ms
[2024-06-01T16:09:20.366-0300][gc,phases     ] GC(443)   Other: 0,5ms
[2024-06-01T16:09:20.366-0300][gc,heap       ] GC(443) Eden regions: 57->0(54)
[2024-06-01T16:09:20.366-0300][gc,heap       ] GC(443) Survivor regions: 6->5(8)
[2024-06-01T16:09:20.366-0300][gc,heap       ] GC(443) Old regions: 190->192
[2024-06-01T16:09:20.366-0300][gc,heap       ] GC(443) Humongous regions: 129->129
[2024-06-01T16:09:20.366-0300][gc,metaspace  ] GC(443) Metaspace: 45716K(48924K)->45716K(48924K) NonClass: 39977K(41680K)->39977K(41680K) Class: 5738K(7244K)->5738K(7244K)
[2024-06-01T16:09:20.366-0300][gc            ] GC(443) Pause Young (Normal) (G1 Evacuation Pause) 379M->324M(1024M) 23,037ms
[2024-06-01T16:09:20.366-0300][gc,cpu        ] GC(443) User=0,08s Sys=0,00s Real=0,02s
[2024-06-01T16:09:55.160-0300][gc,start      ] GC(444) Pause Young (Normal) (G1 Evacuation Pause)
[2024-06-01T16:09:55.160-0300][gc,task       ] GC(444) Using 4 workers of 4 for evacuation
[2024-06-01T16:09:55.168-0300][gc,phases     ] GC(444)   Pre Evacuate Collection Set: 0,0ms
[2024-06-01T16:09:55.168-0300][gc,phases     ] GC(444)   Evacuate Collection Set: 7,2ms
[2024-06-01T16:09:55.168-0300][gc,phases     ] GC(444)   Post Evacuate Collection Set: 0,4ms
[2024-06-01T16:09:55.168-0300][gc,phases     ] GC(444)   Other: 0,2ms
[2024-06-01T16:09:55.168-0300][gc,heap       ] GC(444) Eden regions: 54->0(59)
[2024-06-01T16:09:55.168-0300][gc,heap       ] GC(444) Survivor regions: 5->5(8)
[2024-06-01T16:09:55.168-0300][gc,heap       ] GC(444) Old regions: 192->193
[2024-06-01T16:09:55.168-0300][gc,heap       ] GC(444) Humongous regions: 129->129
[2024-06-01T16:09:55.168-0300][gc,metaspace  ] GC(444) Metaspace: 45716K(48924K)->45716K(48924K) NonClass: 39977K(41680K)->39977K(41680K) Class: 5738K(7244K)->5738K(7244K)
[2024-06-01T16:09:55.168-0300][gc            ] GC(444) Pause Young (Normal) (G1 Evacuation Pause) 378M->325M(1024M) 7,885ms
[2024-06-01T16:09:55.168-0300][gc,cpu        ] GC(444) User=0,03s Sys=0,00s Real=0,01s
[2024-06-01T16:10:32.896-0300][gc,start      ] GC(445) Pause Young (Normal) (G1 Evacuation Pause)
[2024-06-01T16:10:32.896-0300][gc,task       ] GC(445) Using 4 workers of 4 for evacuation
[2024-06-01T16:10:32.916-0300][gc,phases     ] GC(445)   Pre Evacuate Collection Set: 0,1ms
[2024-06-01T16:10:32.916-0300][gc,phases     ] GC(445)   Evacuate Collection Set: 18,5ms
[2024-06-01T16:10:32.916-0300][gc,phases     ] GC(445)   Post Evacuate Collection Set: 0,9ms
[2024-06-01T16:10:32.916-0300][gc,phases     ] GC(445)   Other: 0,4ms
[2024-06-01T16:10:32.916-0300][gc,heap       ] GC(445) Eden regions: 59->0(60)
[2024-06-01T16:10:32.916-0300][gc,heap       ] GC(445) Survivor regions: 5->5(8)
[2024-06-01T16:10:32.916-0300][gc,heap       ] GC(445) Old regions: 193->194
[2024-06-01T16:10:32.916-0300][gc,heap       ] GC(445) Humongous regions: 129->129
[2024-06-01T16:10:32.916-0300][gc,metaspace  ] GC(445) Metaspace: 45716K(48924K)->45716K(48924K) NonClass: 39977K(41680K)->39977K(41680K) Class: 5738K(7244K)->5738K(7244K)
[2024-06-01T16:10:32.916-0300][gc            ] GC(445) Pause Young (Normal) (G1 Evacuation Pause) 384M->325M(1024M) 20,250ms
[2024-06-01T16:10:32.916-0300][gc,cpu        ] GC(445) User=0,07s Sys=0,00s Real=0,02s
[2024-06-01T16:11:08.350-0300][gc,start      ] GC(446) Pause Young (Normal) (G1 Evacuation Pause)
[2024-06-01T16:11:08.351-0300][gc,task       ] GC(446) Using 4 workers of 4 for evacuation
[2024-06-01T16:11:08.369-0300][gc,phases     ] GC(446)   Pre Evacuate Collection Set: 0,1ms
[2024-06-01T16:11:08.369-0300][gc,phases     ] GC(446)   Evacuate Collection Set: 17,5ms
[2024-06-01T16:11:08.369-0300][gc,phases     ] GC(446)   Post Evacuate Collection Set: 0,9ms
[2024-06-01T16:11:08.369-0300][gc,phases     ] GC(446)   Other: 0,4ms
[2024-06-01T16:11:08.369-0300][gc,heap       ] GC(446) Eden regions: 56->0(60)
[2024-06-01T16:11:08.369-0300][gc,heap       ] GC(446) Survivor regions: 5->6(8)
[2024-06-01T16:11:08.369-0300][gc,heap       ] GC(446) Old regions: 194->194
[2024-06-01T16:11:08.370-0300][gc,heap       ] GC(446) Humongous regions: 129->129
[2024-06-01T16:11:08.370-0300][gc,metaspace  ] GC(446) Metaspace: 45716K(48924K)->45716K(48924K) NonClass: 39977K(41680K)->39977K(41680K) Class: 5738K(7244K)->5738K(7244K)
[2024-06-01T16:11:08.370-0300][gc            ] GC(446) Pause Young (Normal) (G1 Evacuation Pause) 381M->326M(1024M) 19,106ms
[2024-06-01T16:11:08.370-0300][gc,cpu        ] GC(446) User=0,07s Sys=0,00s Real=0,02s
[2024-06-01T16:11:46.641-0300][gc,start      ] GC(447) Pause Young (Normal) (G1 Evacuation Pause)
[2024-06-01T16:11:46.641-0300][gc,task       ] GC(447) Using 4 workers of 4 for evacuation
[2024-06-01T16:11:46.663-0300][gc,mmu        ] GC(447) MMU target violated: 21,0ms (20,0ms/21,0ms)
[2024-06-01T16:11:46.663-0300][gc,phases     ] GC(447)   Pre Evacuate Collection Set: 0,1ms
[2024-06-01T16:11:46.663-0300][gc,phases     ] GC(447)   Evacuate Collection Set: 21,1ms
[2024-06-01T16:11:46.663-0300][gc,phases     ] GC(447)   Post Evacuate Collection Set: 1,0ms
[2024-06-01T16:11:46.663-0300][gc,phases     ] GC(447)   Other: 0,5ms
[2024-06-01T16:11:46.663-0300][gc,heap       ] GC(447) Eden regions: 60->0(56)
[2024-06-01T16:11:46.663-0300][gc,heap       ] GC(447) Survivor regions: 6->6(9)
[2024-06-01T16:11:46.663-0300][gc,heap       ] GC(447) Old regions: 194->195
[2024-06-01T16:11:46.663-0300][gc,heap       ] GC(447) Humongous regions: 129->129
[2024-06-01T16:11:46.663-0300][gc,metaspace  ] GC(447) Metaspace: 45716K(48924K)->45716K(48924K) NonClass: 39977K(41680K)->39977K(41680K) Class: 5738K(7244K)->5738K(7244K)
[2024-06-01T16:11:46.663-0300][gc            ] GC(447) Pause Young (Normal) (G1 Evacuation Pause) 386M->328M(1024M) 22,815ms
[2024-06-01T16:11:46.664-0300][gc,cpu        ] GC(447) User=0,09s Sys=0,00s Real=0,02s
[2024-06-01T16:12:22.333-0300][gc,start      ] GC(448) Pause Young (Normal) (G1 Evacuation Pause)
[2024-06-01T16:12:22.333-0300][gc,task       ] GC(448) Using 4 workers of 4 for evacuation
[2024-06-01T16:12:22.357-0300][gc,mmu        ] GC(448) MMU target violated: 21,0ms (20,0ms/21,0ms)
[2024-06-01T16:12:22.357-0300][gc,phases     ] GC(448)   Pre Evacuate Collection Set: 0,1ms
[2024-06-01T16:12:22.357-0300][gc,phases     ] GC(448)   Evacuate Collection Set: 22,8ms
[2024-06-01T16:12:22.357-0300][gc,phases     ] GC(448)   Post Evacuate Collection Set: 1,1ms
[2024-06-01T16:12:22.358-0300][gc,phases     ] GC(448)   Other: 0,5ms
[2024-06-01T16:12:22.358-0300][gc,heap       ] GC(448) Eden regions: 56->0(50)
[2024-06-01T16:12:22.358-0300][gc,heap       ] GC(448) Survivor regions: 6->5(8)
[2024-06-01T16:12:22.358-0300][gc,heap       ] GC(448) Old regions: 195->197
[2024-06-01T16:12:22.358-0300][gc,heap       ] GC(448) Humongous regions: 129->129
[2024-06-01T16:12:22.358-0300][gc,metaspace  ] GC(448) Metaspace: 45716K(48924K)->45716K(48924K) NonClass: 39977K(41680K)->39977K(41680K) Class: 5738K(7244K)->5738K(7244K)
[2024-06-01T16:12:22.358-0300][gc            ] GC(448) Pause Young (Normal) (G1 Evacuation Pause) 384M->329M(1024M) 24,651ms
[2024-06-01T16:12:22.358-0300][gc,cpu        ] GC(448) User=0,09s Sys=0,00s Real=0,03s
[2024-06-01T16:12:54.126-0300][gc,start      ] GC(449) Pause Young (Normal) (G1 Evacuation Pause)
[2024-06-01T16:12:54.126-0300][gc,task       ] GC(449) Using 4 workers of 4 for evacuation
[2024-06-01T16:12:54.134-0300][gc,phases     ] GC(449)   Pre Evacuate Collection Set: 0,0ms
[2024-06-01T16:12:54.134-0300][gc,phases     ] GC(449)   Evacuate Collection Set: 6,7ms
[2024-06-01T16:12:54.134-0300][gc,phases     ] GC(449)   Post Evacuate Collection Set: 0,4ms
[2024-06-01T16:12:54.134-0300][gc,phases     ] GC(449)   Other: 0,2ms
[2024-06-01T16:12:54.134-0300][gc,heap       ] GC(449) Eden regions: 50->0(54)
[2024-06-01T16:12:54.134-0300][gc,heap       ] GC(449) Survivor regions: 5->5(7)
[2024-06-01T16:12:54.134-0300][gc,heap       ] GC(449) Old regions: 197->198
[2024-06-01T16:12:54.134-0300][gc,heap       ] GC(449) Humongous regions: 129->129
[2024-06-01T16:12:54.134-0300][gc,metaspace  ] GC(449) Metaspace: 45716K(48924K)->45716K(48924K) NonClass: 39977K(41680K)->39977K(41680K) Class: 5738K(7244K)->5738K(7244K)
[2024-06-01T16:12:54.134-0300][gc            ] GC(449) Pause Young (Normal) (G1 Evacuation Pause) 379M->330M(1024M) 7,403ms
[2024-06-01T16:12:54.134-0300][gc,cpu        ] GC(449) User=0,02s Sys=0,00s Real=0,01s
[2024-06-01T16:13:28.713-0300][gc,start      ] GC(450) Pause Young (Normal) (G1 Evacuation Pause)
[2024-06-01T16:13:28.713-0300][gc,task       ] GC(450) Using 4 workers of 4 for evacuation
[2024-06-01T16:13:28.731-0300][gc,phases     ] GC(450)   Pre Evacuate Collection Set: 0,1ms
[2024-06-01T16:13:28.732-0300][gc,phases     ] GC(450)   Evacuate Collection Set: 17,4ms
[2024-06-01T16:13:28.732-0300][gc,phases     ] GC(450)   Post Evacuate Collection Set: 0,5ms
[2024-06-01T16:13:28.732-0300][gc,phases     ] GC(450)   Other: 0,4ms
[2024-06-01T16:13:28.732-0300][gc,heap       ] GC(450) Eden regions: 54->0(54)
[2024-06-01T16:13:28.732-0300][gc,heap       ] GC(450) Survivor regions: 5->5(8)
[2024-06-01T16:13:28.732-0300][gc,heap       ] GC(450) Old regions: 198->200
[2024-06-01T16:13:28.732-0300][gc,heap       ] GC(450) Humongous regions: 129->129
[2024-06-01T16:13:28.732-0300][gc,metaspace  ] GC(450) Metaspace: 45716K(48924K)->45716K(48924K) NonClass: 39977K(41680K)->39977K(41680K) Class: 5738K(7244K)->5738K(7244K)
[2024-06-01T16:13:28.732-0300][gc            ] GC(450) Pause Young (Normal) (G1 Evacuation Pause) 384M->331M(1024M) 18,404ms
[2024-06-01T16:13:28.732-0300][gc,cpu        ] GC(450) User=0,07s Sys=0,00s Real=0,02s
[2024-06-01T16:14:03.321-0300][gc,start      ] GC(451) Pause Young (Normal) (G1 Evacuation Pause)
[2024-06-01T16:14:03.321-0300][gc,task       ] GC(451) Using 4 workers of 4 for evacuation
[2024-06-01T16:14:03.341-0300][gc,mmu        ] GC(451) MMU target violated: 20,2ms (20,0ms/21,0ms)
[2024-06-01T16:14:03.341-0300][gc,phases     ] GC(451)   Pre Evacuate Collection Set: 0,1ms
[2024-06-01T16:14:03.341-0300][gc,phases     ] GC(451)   Evacuate Collection Set: 18,9ms
[2024-06-01T16:14:03.341-0300][gc,phases     ] GC(451)   Post Evacuate Collection Set: 1,1ms
[2024-06-01T16:14:03.341-0300][gc,phases     ] GC(451)   Other: 0,5ms
[2024-06-01T16:14:03.341-0300][gc,heap       ] GC(451) Eden regions: 54->0(54)
[2024-06-01T16:14:03.341-0300][gc,heap       ] GC(451) Survivor regions: 5->5(8)
[2024-06-01T16:14:03.341-0300][gc,heap       ] GC(451) Old regions: 200->201
[2024-06-01T16:14:03.341-0300][gc,heap       ] GC(451) Humongous regions: 129->129
[2024-06-01T16:14:03.341-0300][gc,metaspace  ] GC(451) Metaspace: 45716K(48924K)->45716K(48924K) NonClass: 39977K(41680K)->39977K(41680K) Class: 5738K(7244K)->5738K(7244K)
[2024-06-01T16:14:03.341-0300][gc            ] GC(451) Pause Young (Normal) (G1 Evacuation Pause) 385M->332M(1024M) 20,716ms
[2024-06-01T16:14:03.341-0300][gc,cpu        ] GC(451) User=0,08s Sys=0,00s Real=0,02s
[2024-06-01T16:14:32.748-0300][gc,start      ] GC(452) Pause Young (Normal) (G1 Evacuation Pause)
[2024-06-01T16:14:32.748-0300][gc,task       ] GC(452) Using 4 workers of 4 for evacuation
[2024-06-01T16:14:32.767-0300][gc,phases     ] GC(452)   Pre Evacuate Collection Set: 0,1ms
[2024-06-01T16:14:32.767-0300][gc,phases     ] GC(452)   Evacuate Collection Set: 17,2ms
[2024-06-01T16:14:32.767-0300][gc,phases     ] GC(452)   Post Evacuate Collection Set: 1,1ms
[2024-06-01T16:14:32.767-0300][gc,phases     ] GC(452)   Other: 0,4ms
[2024-06-01T16:14:32.767-0300][gc,heap       ] GC(452) Eden regions: 46->0(53)
[2024-06-01T16:14:32.767-0300][gc,heap       ] GC(452) Survivor regions: 5->4(7)
[2024-06-01T16:14:32.767-0300][gc,heap       ] GC(452) Old regions: 201->202
[2024-06-01T16:14:32.767-0300][gc,heap       ] GC(452) Humongous regions: 129->129
[2024-06-01T16:14:32.767-0300][gc,metaspace  ] GC(452) Metaspace: 45716K(48924K)->45716K(48924K) NonClass: 39977K(41680K)->39977K(41680K) Class: 5738K(7244K)->5738K(7244K)
[2024-06-01T16:14:32.767-0300][gc            ] GC(452) Pause Young (Normal) (G1 Evacuation Pause) 378M->333M(1024M) 18,994ms
[2024-06-01T16:14:32.767-0300][gc,cpu        ] GC(452) User=0,07s Sys=0,00s Real=0,01s
[2024-06-01T16:15:06.735-0300][gc,start      ] GC(453) Pause Young (Normal) (G1 Evacuation Pause)
[2024-06-01T16:15:06.735-0300][gc,task       ] GC(453) Using 4 workers of 4 for evacuation
[2024-06-01T16:15:06.753-0300][gc,phases     ] GC(453)   Pre Evacuate Collection Set: 0,1ms
[2024-06-01T16:15:06.753-0300][gc,phases     ] GC(453)   Evacuate Collection Set: 16,8ms
[2024-06-01T16:15:06.753-0300][gc,phases     ] GC(453)   Post Evacuate Collection Set: 1,1ms
[2024-06-01T16:15:06.754-0300][gc,phases     ] GC(453)   Other: 0,4ms
[2024-06-01T16:15:06.754-0300][gc,heap       ] GC(453) Eden regions: 53->0(52)
[2024-06-01T16:15:06.754-0300][gc,heap       ] GC(453) Survivor regions: 4->5(8)
[2024-06-01T16:15:06.754-0300][gc,heap       ] GC(453) Old regions: 202->202
[2024-06-01T16:15:06.754-0300][gc,heap       ] GC(453) Humongous regions: 129->129
[2024-06-01T16:15:06.754-0300][gc,metaspace  ] GC(453) Metaspace: 45716K(48924K)->45716K(48924K) NonClass: 39977K(41680K)->39977K(41680K) Class: 5738K(7244K)->5738K(7244K)
[2024-06-01T16:15:06.754-0300][gc            ] GC(453) Pause Young (Normal) (G1 Evacuation Pause) 386M->334M(1024M) 18,636ms
[2024-06-01T16:15:06.754-0300][gc,cpu        ] GC(453) User=0,06s Sys=0,00s Real=0,02s
[2024-06-01T16:15:35.020-0300][gc,start      ] GC(454) Pause Young (Normal) (G1 Evacuation Pause)
[2024-06-01T16:15:35.020-0300][gc,task       ] GC(454) Using 4 workers of 4 for evacuation
[2024-06-01T16:15:35.029-0300][gc,phases     ] GC(454)   Pre Evacuate Collection Set: 0,0ms
[2024-06-01T16:15:35.029-0300][gc,phases     ] GC(454)   Evacuate Collection Set: 8,5ms
[2024-06-01T16:15:35.029-0300][gc,phases     ] GC(454)   Post Evacuate Collection Set: 0,4ms
[2024-06-01T16:15:35.029-0300][gc,phases     ] GC(454)   Other: 0,2ms
[2024-06-01T16:15:35.029-0300][gc,heap       ] GC(454) Eden regions: 46->0(50)
[2024-06-01T16:15:35.029-0300][gc,heap       ] GC(454) Survivor regions: 5->6(7)
[2024-06-01T16:15:35.029-0300][gc,heap       ] GC(454) Old regions: 202->204
[2024-06-01T16:15:35.029-0300][gc,heap       ] GC(454) Humongous regions: 129->129
[2024-06-01T16:15:35.029-0300][gc,metaspace  ] GC(454) Metaspace: 45716K(48924K)->45716K(48924K) NonClass: 39977K(41680K)->39977K(41680K) Class: 5738K(7244K)->5738K(7244K)
[2024-06-01T16:15:35.029-0300][gc            ] GC(454) Pause Young (Normal) (G1 Evacuation Pause) 380M->336M(1024M) 9,286ms
[2024-06-01T16:15:35.029-0300][gc,cpu        ] GC(454) User=0,03s Sys=0,00s Real=0,01s
[2024-06-01T16:16:02.772-0300][gc,start      ] GC(455) Pause Young (Normal) (G1 Evacuation Pause)
[2024-06-01T16:16:02.772-0300][gc,task       ] GC(455) Using 4 workers of 4 for evacuation
[2024-06-01T16:16:02.782-0300][gc,phases     ] GC(455)   Pre Evacuate Collection Set: 0,0ms
[2024-06-01T16:16:02.782-0300][gc,phases     ] GC(455)   Evacuate Collection Set: 9,0ms
[2024-06-01T16:16:02.782-0300][gc,phases     ] GC(455)   Post Evacuate Collection Set: 0,4ms
[2024-06-01T16:16:02.782-0300][gc,phases     ] GC(455)   Other: 0,2ms
[2024-06-01T16:16:02.782-0300][gc,heap       ] GC(455) Eden regions: 45->0(52)
[2024-06-01T16:16:02.782-0300][gc,heap       ] GC(455) Survivor regions: 6->6(7)
[2024-06-01T16:16:02.782-0300][gc,heap       ] GC(455) Old regions: 204->206
[2024-06-01T16:16:02.782-0300][gc,heap       ] GC(455) Humongous regions: 129->129
[2024-06-01T16:16:02.782-0300][gc,metaspace  ] GC(455) Metaspace: 45716K(48924K)->45716K(48924K) NonClass: 39977K(41680K)->39977K(41680K) Class: 5738K(7244K)->5738K(7244K)
[2024-06-01T16:16:02.782-0300][gc            ] GC(455) Pause Young (Normal) (G1 Evacuation Pause) 381M->338M(1024M) 9,747ms
[2024-06-01T16:16:02.782-0300][gc,cpu        ] GC(455) User=0,03s Sys=0,00s Real=0,01s
[2024-06-01T16:16:31.641-0300][gc,start      ] GC(456) Pause Young (Normal) (G1 Evacuation Pause)
[2024-06-01T16:16:31.641-0300][gc,task       ] GC(456) Using 4 workers of 4 for evacuation
[2024-06-01T16:16:31.662-0300][gc,mmu        ] GC(456) MMU target violated: 21,0ms (20,0ms/21,0ms)
[2024-06-01T16:16:31.662-0300][gc,phases     ] GC(456)   Pre Evacuate Collection Set: 0,1ms
[2024-06-01T16:16:31.662-0300][gc,phases     ] GC(456)   Evacuate Collection Set: 20,2ms
[2024-06-01T16:16:31.662-0300][gc,phases     ] GC(456)   Post Evacuate Collection Set: 0,9ms
[2024-06-01T16:16:31.662-0300][gc,phases     ] GC(456)   Other: 0,5ms
[2024-06-01T16:16:31.662-0300][gc,heap       ] GC(456) Eden regions: 45->0(53)
[2024-06-01T16:16:31.662-0300][gc,heap       ] GC(456) Survivor regions: 6->3(7)
[2024-06-01T16:16:31.663-0300][gc,heap       ] GC(456) Old regions: 206->209
[2024-06-01T16:16:31.663-0300][gc,heap       ] GC(456) Humongous regions: 129->129
[2024-06-01T16:16:31.663-0300][gc,metaspace  ] GC(456) Metaspace: 45716K(48924K)->45716K(48924K) NonClass: 39977K(41680K)->39977K(41680K) Class: 5738K(7244K)->5738K(7244K)
[2024-06-01T16:16:31.663-0300][gc            ] GC(456) Pause Young (Normal) (G1 Evacuation Pause) 383M->339M(1024M) 21,779ms
[2024-06-01T16:16:31.663-0300][gc,cpu        ] GC(456) User=0,08s Sys=0,00s Real=0,02s
[2024-06-01T16:17:05.440-0300][gc,start      ] GC(457) Pause Young (Normal) (G1 Evacuation Pause)
[2024-06-01T16:17:05.440-0300][gc,task       ] GC(457) Using 4 workers of 4 for evacuation
[2024-06-01T16:17:05.454-0300][gc,phases     ] GC(457)   Pre Evacuate Collection Set: 0,1ms
[2024-06-01T16:17:05.454-0300][gc,phases     ] GC(457)   Evacuate Collection Set: 13,2ms
[2024-06-01T16:17:05.454-0300][gc,phases     ] GC(457)   Post Evacuate Collection Set: 1,0ms
[2024-06-01T16:17:05.454-0300][gc,phases     ] GC(457)   Other: 0,4ms
[2024-06-01T16:17:05.454-0300][gc,heap       ] GC(457) Eden regions: 53->0(52)
[2024-06-01T16:17:05.454-0300][gc,heap       ] GC(457) Survivor regions: 3->4(7)
[2024-06-01T16:17:05.454-0300][gc,heap       ] GC(457) Old regions: 209->209
[2024-06-01T16:17:05.454-0300][gc,heap       ] GC(457) Humongous regions: 129->129
[2024-06-01T16:17:05.454-0300][gc,metaspace  ] GC(457) Metaspace: 45716K(48924K)->45716K(48924K) NonClass: 39977K(41680K)->39977K(41680K) Class: 5738K(7244K)->5738K(7244K)
[2024-06-01T16:17:05.454-0300][gc            ] GC(457) Pause Young (Normal) (G1 Evacuation Pause) 392M->339M(1024M) 14,921ms
[2024-06-01T16:17:05.454-0300][gc,cpu        ] GC(457) User=0,05s Sys=0,00s Real=0,01s
[2024-06-01T16:17:38.689-0300][gc,start      ] GC(458) Pause Young (Normal) (G1 Evacuation Pause)
[2024-06-01T16:17:38.689-0300][gc,task       ] GC(458) Using 4 workers of 4 for evacuation
[2024-06-01T16:17:38.705-0300][gc,phases     ] GC(458)   Pre Evacuate Collection Set: 0,1ms
[2024-06-01T16:17:38.705-0300][gc,phases     ] GC(458)   Evacuate Collection Set: 14,6ms
[2024-06-01T16:17:38.705-0300][gc,phases     ] GC(458)   Post Evacuate Collection Set: 1,1ms
[2024-06-01T16:17:38.705-0300][gc,phases     ] GC(458)   Other: 0,4ms
[2024-06-01T16:17:38.705-0300][gc,heap       ] GC(458) Eden regions: 52->0(52)
[2024-06-01T16:17:38.705-0300][gc,heap       ] GC(458) Survivor regions: 4->5(7)
[2024-06-01T16:17:38.705-0300][gc,heap       ] GC(458) Old regions: 209->209
[2024-06-01T16:17:38.705-0300][gc,heap       ] GC(458) Humongous regions: 129->129
[2024-06-01T16:17:38.705-0300][gc,metaspace  ] GC(458) Metaspace: 45716K(48924K)->45716K(48924K) NonClass: 39977K(41680K)->39977K(41680K) Class: 5738K(7244K)->5738K(7244K)
[2024-06-01T16:17:38.705-0300][gc            ] GC(458) Pause Young (Normal) (G1 Evacuation Pause) 391M->340M(1024M) 16,469ms
[2024-06-01T16:17:38.705-0300][gc,cpu        ] GC(458) User=0,05s Sys=0,00s Real=0,01s
[2024-06-01T16:18:11.647-0300][gc,start      ] GC(459) Pause Young (Normal) (G1 Evacuation Pause)
[2024-06-01T16:18:11.647-0300][gc,task       ] GC(459) Using 4 workers of 4 for evacuation
[2024-06-01T16:18:11.665-0300][gc,phases     ] GC(459)   Pre Evacuate Collection Set: 0,1ms
[2024-06-01T16:18:11.665-0300][gc,phases     ] GC(459)   Evacuate Collection Set: 15,9ms
[2024-06-01T16:18:11.665-0300][gc,phases     ] GC(459)   Post Evacuate Collection Set: 1,1ms
[2024-06-01T16:18:11.665-0300][gc,phases     ] GC(459)   Other: 0,5ms
[2024-06-01T16:18:11.665-0300][gc,heap       ] GC(459) Eden regions: 52->0(51)
[2024-06-01T16:18:11.665-0300][gc,heap       ] GC(459) Survivor regions: 5->5(8)
[2024-06-01T16:18:11.665-0300][gc,heap       ] GC(459) Old regions: 209->209
[2024-06-01T16:18:11.665-0300][gc,heap       ] GC(459) Humongous regions: 129->129
[2024-06-01T16:18:11.665-0300][gc,metaspace  ] GC(459) Metaspace: 45716K(48924K)->45716K(48924K) NonClass: 39977K(41680K)->39977K(41680K) Class: 5738K(7244K)->5738K(7244K)
[2024-06-01T16:18:11.665-0300][gc            ] GC(459) Pause Young (Normal) (G1 Evacuation Pause) 392M->341M(1024M) 17,817ms
[2024-06-01T16:18:11.665-0300][gc,cpu        ] GC(459) User=0,07s Sys=0,00s Real=0,02s
[2024-06-01T16:18:44.451-0300][gc,start      ] GC(460) Pause Young (Normal) (G1 Evacuation Pause)
[2024-06-01T16:18:44.451-0300][gc,task       ] GC(460) Using 4 workers of 4 for evacuation
[2024-06-01T16:18:44.468-0300][gc,phases     ] GC(460)   Pre Evacuate Collection Set: 0,1ms
[2024-06-01T16:18:44.468-0300][gc,phases     ] GC(460)   Evacuate Collection Set: 15,8ms
[2024-06-01T16:18:44.468-0300][gc,phases     ] GC(460)   Post Evacuate Collection Set: 1,1ms
[2024-06-01T16:18:44.468-0300][gc,phases     ] GC(460)   Other: 0,4ms
[2024-06-01T16:18:44.468-0300][gc,heap       ] GC(460) Eden regions: 51->0(53)
[2024-06-01T16:18:44.468-0300][gc,heap       ] GC(460) Survivor regions: 5->4(7)
[2024-06-01T16:18:44.468-0300][gc,heap       ] GC(460) Old regions: 209->210
[2024-06-01T16:18:44.468-0300][gc,heap       ] GC(460) Humongous regions: 129->129
[2024-06-01T16:18:44.468-0300][gc,metaspace  ] GC(460) Metaspace: 45716K(48924K)->45716K(48924K) NonClass: 39977K(41680K)->39977K(41680K) Class: 5738K(7244K)->5738K(7244K)
[2024-06-01T16:18:44.468-0300][gc            ] GC(460) Pause Young (Normal) (G1 Evacuation Pause) 392M->340M(1024M) 17,655ms
[2024-06-01T16:18:44.468-0300][gc,cpu        ] GC(460) User=0,06s Sys=0,00s Real=0,02s
[2024-06-01T16:19:18.463-0300][gc,start      ] GC(461) Pause Young (Normal) (G1 Evacuation Pause)
[2024-06-01T16:19:18.463-0300][gc,task       ] GC(461) Using 4 workers of 4 for evacuation
[2024-06-01T16:19:18.477-0300][gc,phases     ] GC(461)   Pre Evacuate Collection Set: 0,1ms
[2024-06-01T16:19:18.477-0300][gc,phases     ] GC(461)   Evacuate Collection Set: 12,9ms
[2024-06-01T16:19:18.477-0300][gc,phases     ] GC(461)   Post Evacuate Collection Set: 1,0ms
[2024-06-01T16:19:18.477-0300][gc,phases     ] GC(461)   Other: 0,4ms
[2024-06-01T16:19:18.477-0300][gc,heap       ] GC(461) Eden regions: 53->0(54)
[2024-06-01T16:19:18.477-0300][gc,heap       ] GC(461) Survivor regions: 4->5(8)
[2024-06-01T16:19:18.477-0300][gc,heap       ] GC(461) Old regions: 210->210
[2024-06-01T16:19:18.477-0300][gc,heap       ] GC(461) Humongous regions: 129->129
[2024-06-01T16:19:18.477-0300][gc,metaspace  ] GC(461) Metaspace: 45716K(48924K)->45716K(48924K) NonClass: 39977K(41680K)->39977K(41680K) Class: 5738K(7244K)->5738K(7244K)
[2024-06-01T16:19:18.477-0300][gc            ] GC(461) Pause Young (Normal) (G1 Evacuation Pause) 393M->341M(1024M) 14,607ms
[2024-06-01T16:19:18.477-0300][gc,cpu        ] GC(461) User=0,05s Sys=0,00s Real=0,02s
[2024-06-01T16:19:53.261-0300][gc,start      ] GC(462) Pause Young (Normal) (G1 Evacuation Pause)
[2024-06-01T16:19:53.261-0300][gc,task       ] GC(462) Using 4 workers of 4 for evacuation
[2024-06-01T16:19:53.278-0300][gc,phases     ] GC(462)   Pre Evacuate Collection Set: 0,1ms
[2024-06-01T16:19:53.278-0300][gc,phases     ] GC(462)   Evacuate Collection Set: 15,2ms
[2024-06-01T16:19:53.278-0300][gc,phases     ] GC(462)   Post Evacuate Collection Set: 1,0ms
[2024-06-01T16:19:53.278-0300][gc,phases     ] GC(462)   Other: 0,5ms
[2024-06-01T16:19:53.278-0300][gc,heap       ] GC(462) Eden regions: 54->0(53)
[2024-06-01T16:19:53.278-0300][gc,heap       ] GC(462) Survivor regions: 5->5(8)
[2024-06-01T16:19:53.278-0300][gc,heap       ] GC(462) Old regions: 210->211
[2024-06-01T16:19:53.278-0300][gc,heap       ] GC(462) Humongous regions: 129->129
[2024-06-01T16:19:53.278-0300][gc,metaspace  ] GC(462) Metaspace: 45716K(48924K)->45716K(48924K) NonClass: 39977K(41680K)->39977K(41680K) Class: 5738K(7244K)->5738K(7244K)
[2024-06-01T16:19:53.278-0300][gc            ] GC(462) Pause Young (Normal) (G1 Evacuation Pause) 395M->342M(1024M) 16,915ms
[2024-06-01T16:19:53.278-0300][gc,cpu        ] GC(462) User=0,06s Sys=0,00s Real=0,02s
[2024-06-01T16:20:26.854-0300][gc,start      ] GC(463) Pause Young (Normal) (G1 Evacuation Pause)
[2024-06-01T16:20:26.854-0300][gc,task       ] GC(463) Using 4 workers of 4 for evacuation
[2024-06-01T16:20:26.872-0300][gc,phases     ] GC(463)   Pre Evacuate Collection Set: 0,1ms
[2024-06-01T16:20:26.872-0300][gc,phases     ] GC(463)   Evacuate Collection Set: 16,9ms
[2024-06-01T16:20:26.872-0300][gc,phases     ] GC(463)   Post Evacuate Collection Set: 1,0ms
[2024-06-01T16:20:26.873-0300][gc,phases     ] GC(463)   Other: 0,4ms
[2024-06-01T16:20:26.873-0300][gc,heap       ] GC(463) Eden regions: 53->0(53)
[2024-06-01T16:20:26.873-0300][gc,heap       ] GC(463) Survivor regions: 5->5(8)
[2024-06-01T16:20:26.873-0300][gc,heap       ] GC(463) Old regions: 211->212
[2024-06-01T16:20:26.873-0300][gc,heap       ] GC(463) Humongous regions: 129->129
[2024-06-01T16:20:26.873-0300][gc,metaspace  ] GC(463) Metaspace: 45716K(48924K)->45716K(48924K) NonClass: 39977K(41680K)->39977K(41680K) Class: 5738K(7244K)->5738K(7244K)
[2024-06-01T16:20:26.873-0300][gc            ] GC(463) Pause Young (Normal) (G1 Evacuation Pause) 395M->344M(1024M) 18,612ms
[2024-06-01T16:20:26.873-0300][gc,cpu        ] GC(463) User=0,07s Sys=0,00s Real=0,02s
[2024-06-01T16:21:00.192-0300][gc,start      ] GC(464) Pause Young (Normal) (G1 Evacuation Pause)
[2024-06-01T16:21:00.192-0300][gc,task       ] GC(464) Using 4 workers of 4 for evacuation
[2024-06-01T16:21:00.199-0300][gc,phases     ] GC(464)   Pre Evacuate Collection Set: 0,0ms
[2024-06-01T16:21:00.199-0300][gc,phases     ] GC(464)   Evacuate Collection Set: 6,7ms
[2024-06-01T16:21:00.199-0300][gc,phases     ] GC(464)   Post Evacuate Collection Set: 0,3ms
[2024-06-01T16:21:00.199-0300][gc,phases     ] GC(464)   Other: 0,2ms
[2024-06-01T16:21:00.199-0300][gc,heap       ] GC(464) Eden regions: 53->0(56)
[2024-06-01T16:21:00.199-0300][gc,heap       ] GC(464) Survivor regions: 5->6(8)
[2024-06-01T16:21:00.199-0300][gc,heap       ] GC(464) Old regions: 212->213
[2024-06-01T16:21:00.199-0300][gc,heap       ] GC(464) Humongous regions: 129->129
[2024-06-01T16:21:00.199-0300][gc,metaspace  ] GC(464) Metaspace: 45716K(48924K)->45716K(48924K) NonClass: 39977K(41680K)->39977K(41680K) Class: 5738K(7244K)->5738K(7244K)
[2024-06-01T16:21:00.199-0300][gc            ] GC(464) Pause Young (Normal) (G1 Evacuation Pause) 397M->345M(1024M) 7,297ms
[2024-06-01T16:21:00.199-0300][gc,cpu        ] GC(464) User=0,02s Sys=0,00s Real=0,01s
[2024-06-01T16:21:35.534-0300][gc,start      ] GC(465) Pause Young (Normal) (G1 Evacuation Pause)
[2024-06-01T16:21:35.534-0300][gc,task       ] GC(465) Using 4 workers of 4 for evacuation
[2024-06-01T16:21:35.540-0300][gc,phases     ] GC(465)   Pre Evacuate Collection Set: 0,0ms
[2024-06-01T16:21:35.540-0300][gc,phases     ] GC(465)   Evacuate Collection Set: 6,1ms
[2024-06-01T16:21:35.540-0300][gc,phases     ] GC(465)   Post Evacuate Collection Set: 0,5ms
[2024-06-01T16:21:35.540-0300][gc,phases     ] GC(465)   Other: 0,2ms
[2024-06-01T16:21:35.540-0300][gc,heap       ] GC(465) Eden regions: 56->0(59)
[2024-06-01T16:21:35.540-0300][gc,heap       ] GC(465) Survivor regions: 6->5(8)
[2024-06-01T16:21:35.540-0300][gc,heap       ] GC(465) Old regions: 213->215
[2024-06-01T16:21:35.540-0300][gc,heap       ] GC(465) Humongous regions: 129->129
[2024-06-01T16:21:35.540-0300][gc,metaspace  ] GC(465) Metaspace: 45716K(48924K)->45716K(48924K) NonClass: 39977K(41680K)->39977K(41680K) Class: 5738K(7244K)->5738K(7244K)
[2024-06-01T16:21:35.540-0300][gc            ] GC(465) Pause Young (Normal) (G1 Evacuation Pause) 401M->346M(1024M) 6,851ms
[2024-06-01T16:21:35.540-0300][gc,cpu        ] GC(465) User=0,03s Sys=0,00s Real=0,01s
[2024-06-01T16:22:11.100-0300][gc,start      ] GC(466) Pause Young (Normal) (G1 Evacuation Pause)
[2024-06-01T16:22:11.100-0300][gc,task       ] GC(466) Using 4 workers of 4 for evacuation
[2024-06-01T16:22:11.120-0300][gc,phases     ] GC(466)   Pre Evacuate Collection Set: 0,1ms
[2024-06-01T16:22:11.120-0300][gc,phases     ] GC(466)   Evacuate Collection Set: 18,4ms
[2024-06-01T16:22:11.120-0300][gc,phases     ] GC(466)   Post Evacuate Collection Set: 1,0ms
[2024-06-01T16:22:11.120-0300][gc,phases     ] GC(466)   Other: 0,4ms
[2024-06-01T16:22:11.120-0300][gc,heap       ] GC(466) Eden regions: 56->0(57)
[2024-06-01T16:22:11.120-0300][gc,heap       ] GC(466) Survivor regions: 5->5(8)
[2024-06-01T16:22:11.120-0300][gc,heap       ] GC(466) Old regions: 215->216
[2024-06-01T16:22:11.120-0300][gc,heap       ] GC(466) Humongous regions: 129->129
[2024-06-01T16:22:11.120-0300][gc,metaspace  ] GC(466) Metaspace: 45716K(48924K)->45716K(48924K) NonClass: 39977K(41680K)->39977K(41680K) Class: 5738K(7244K)->5738K(7244K)
[2024-06-01T16:22:11.120-0300][gc            ] GC(466) Pause Young (Normal) (G1 Evacuation Pause) 402M->348M(1024M) 20,114ms
[2024-06-01T16:22:11.121-0300][gc,cpu        ] GC(466) User=0,08s Sys=0,00s Real=0,02s
[2024-06-01T16:22:45.659-0300][gc,start      ] GC(467) Pause Young (Normal) (G1 Evacuation Pause)
[2024-06-01T16:22:45.659-0300][gc,task       ] GC(467) Using 4 workers of 4 for evacuation
[2024-06-01T16:22:45.680-0300][gc,mmu        ] GC(467) MMU target violated: 20,4ms (20,0ms/21,0ms)
[2024-06-01T16:22:45.680-0300][gc,phases     ] GC(467)   Pre Evacuate Collection Set: 0,1ms
[2024-06-01T16:22:45.680-0300][gc,phases     ] GC(467)   Evacuate Collection Set: 19,3ms
[2024-06-01T16:22:45.680-0300][gc,phases     ] GC(467)   Post Evacuate Collection Set: 0,9ms
[2024-06-01T16:22:45.680-0300][gc,phases     ] GC(467)   Other: 0,6ms
[2024-06-01T16:22:45.680-0300][gc,heap       ] GC(467) Eden regions: 54->0(56)
[2024-06-01T16:22:45.680-0300][gc,heap       ] GC(467) Survivor regions: 5->5(8)
[2024-06-01T16:22:45.680-0300][gc,heap       ] GC(467) Old regions: 216->217
[2024-06-01T16:22:45.680-0300][gc,heap       ] GC(467) Humongous regions: 129->129
[2024-06-01T16:22:45.680-0300][gc,metaspace  ] GC(467) Metaspace: 45716K(48924K)->45716K(48924K) NonClass: 39977K(41680K)->39977K(41680K) Class: 5738K(7244K)->5738K(7244K)
[2024-06-01T16:22:45.680-0300][gc            ] GC(467) Pause Young (Normal) (G1 Evacuation Pause) 402M->349M(1024M) 21,017ms
[2024-06-01T16:22:45.680-0300][gc,cpu        ] GC(467) User=0,07s Sys=0,01s Real=0,02s
[2024-06-01T16:23:19.276-0300][gc,start      ] GC(468) Pause Young (Normal) (G1 Evacuation Pause)
[2024-06-01T16:23:19.277-0300][gc,task       ] GC(468) Using 4 workers of 4 for evacuation
[2024-06-01T16:23:19.284-0300][gc,phases     ] GC(468)   Pre Evacuate Collection Set: 0,0ms
[2024-06-01T16:23:19.284-0300][gc,phases     ] GC(468)   Evacuate Collection Set: 6,4ms
[2024-06-01T16:23:19.284-0300][gc,phases     ] GC(468)   Post Evacuate Collection Set: 0,4ms
[2024-06-01T16:23:19.284-0300][gc,phases     ] GC(468)   Other: 0,2ms
[2024-06-01T16:23:19.284-0300][gc,heap       ] GC(468) Eden regions: 53->0(61)
[2024-06-01T16:23:19.284-0300][gc,heap       ] GC(468) Survivor regions: 5->5(8)
[2024-06-01T16:23:19.284-0300][gc,heap       ] GC(468) Old regions: 217->218
[2024-06-01T16:23:19.284-0300][gc,heap       ] GC(468) Humongous regions: 129->129
[2024-06-01T16:23:19.284-0300][gc,metaspace  ] GC(468) Metaspace: 45716K(48924K)->45716K(48924K) NonClass: 39977K(41680K)->39977K(41680K) Class: 5738K(7244K)->5738K(7244K)
[2024-06-01T16:23:19.284-0300][gc            ] GC(468) Pause Young (Normal) (G1 Evacuation Pause) 402M->349M(1024M) 7,166ms
[2024-06-01T16:23:19.284-0300][gc,cpu        ] GC(468) User=0,02s Sys=0,00s Real=0,00s
[2024-06-01T16:23:55.644-0300][gc,start      ] GC(469) Pause Young (Normal) (G1 Evacuation Pause)
[2024-06-01T16:23:55.644-0300][gc,task       ] GC(469) Using 4 workers of 4 for evacuation
[2024-06-01T16:23:55.662-0300][gc,phases     ] GC(469)   Pre Evacuate Collection Set: 0,1ms
[2024-06-01T16:23:55.662-0300][gc,phases     ] GC(469)   Evacuate Collection Set: 16,9ms
[2024-06-01T16:23:55.662-0300][gc,phases     ] GC(469)   Post Evacuate Collection Set: 1,1ms
[2024-06-01T16:23:55.662-0300][gc,phases     ] GC(469)   Other: 0,4ms
[2024-06-01T16:23:55.662-0300][gc,heap       ] GC(469) Eden regions: 58->0(59)
[2024-06-01T16:23:55.662-0300][gc,heap       ] GC(469) Survivor regions: 5->6(8)
[2024-06-01T16:23:55.662-0300][gc,heap       ] GC(469) Old regions: 218->218
[2024-06-01T16:23:55.662-0300][gc,heap       ] GC(469) Humongous regions: 129->129
[2024-06-01T16:23:55.662-0300][gc,metaspace  ] GC(469) Metaspace: 45716K(48924K)->45716K(48924K) NonClass: 39977K(41680K)->39977K(41680K) Class: 5738K(7244K)->5738K(7244K)
[2024-06-01T16:23:55.662-0300][gc            ] GC(469) Pause Young (Normal) (G1 Evacuation Pause) 407M->350M(1024M) 18,719ms
[2024-06-01T16:23:55.663-0300][gc,cpu        ] GC(469) User=0,07s Sys=0,00s Real=0,02s
[2024-06-01T16:24:30.965-0300][gc,start      ] GC(470) Pause Young (Normal) (G1 Evacuation Pause)
[2024-06-01T16:24:30.965-0300][gc,task       ] GC(470) Using 4 workers of 4 for evacuation
[2024-06-01T16:24:30.986-0300][gc,mmu        ] GC(470) MMU target violated: 21,0ms (20,0ms/21,0ms)
[2024-06-01T16:24:30.987-0300][gc,phases     ] GC(470)   Pre Evacuate Collection Set: 0,1ms
[2024-06-01T16:24:30.987-0300][gc,phases     ] GC(470)   Evacuate Collection Set: 19,8ms
[2024-06-01T16:24:30.987-0300][gc,phases     ] GC(470)   Post Evacuate Collection Set: 1,1ms
[2024-06-01T16:24:30.987-0300][gc,phases     ] GC(470)   Other: 0,5ms
[2024-06-01T16:24:30.987-0300][gc,heap       ] GC(470) Eden regions: 55->0(57)
[2024-06-01T16:24:30.987-0300][gc,heap       ] GC(470) Survivor regions: 6->5(8)
[2024-06-01T16:24:30.987-0300][gc,heap       ] GC(470) Old regions: 218->220
[2024-06-01T16:24:30.987-0300][gc,heap       ] GC(470) Humongous regions: 129->129
[2024-06-01T16:24:30.987-0300][gc,metaspace  ] GC(470) Metaspace: 45716K(48924K)->45716K(48924K) NonClass: 39977K(41680K)->39977K(41680K) Class: 5738K(7244K)->5738K(7244K)
[2024-06-01T16:24:30.987-0300][gc            ] GC(470) Pause Young (Normal) (G1 Evacuation Pause) 405M->351M(1024M) 21,644ms
[2024-06-01T16:24:30.987-0300][gc,cpu        ] GC(470) User=0,08s Sys=0,00s Real=0,02s
[2024-06-01T16:25:03.057-0300][gc,start      ] GC(471) Pause Young (Normal) (G1 Evacuation Pause)
[2024-06-01T16:25:03.057-0300][gc,task       ] GC(471) Using 4 workers of 4 for evacuation
[2024-06-01T16:25:03.076-0300][gc,phases     ] GC(471)   Pre Evacuate Collection Set: 0,1ms
[2024-06-01T16:25:03.076-0300][gc,phases     ] GC(471)   Evacuate Collection Set: 18,1ms
[2024-06-01T16:25:03.076-0300][gc,phases     ] GC(471)   Post Evacuate Collection Set: 1,0ms
[2024-06-01T16:25:03.076-0300][gc,phases     ] GC(471)   Other: 0,4ms
[2024-06-01T16:25:03.076-0300][gc,heap       ] GC(471) Eden regions: 51->0(54)
[2024-06-01T16:25:03.076-0300][gc,heap       ] GC(471) Survivor regions: 5->5(7)
[2024-06-01T16:25:03.076-0300][gc,heap       ] GC(471) Old regions: 220->221
[2024-06-01T16:25:03.076-0300][gc,heap       ] GC(471) Humongous regions: 129->129
[2024-06-01T16:25:03.076-0300][gc,metaspace  ] GC(471) Metaspace: 45716K(48924K)->45716K(48924K) NonClass: 39977K(41680K)->39977K(41680K) Class: 5738K(7244K)->5738K(7244K)
[2024-06-01T16:25:03.076-0300][gc            ] GC(471) Pause Young (Normal) (G1 Evacuation Pause) 402M->353M(1024M) 19,883ms
[2024-06-01T16:25:03.076-0300][gc,cpu        ] GC(471) User=0,07s Sys=0,00s Real=0,02s
[2024-06-01T16:25:32.636-0300][gc,start      ] GC(472) Pause Young (Normal) (G1 Evacuation Pause)
[2024-06-01T16:25:32.636-0300][gc,task       ] GC(472) Using 4 workers of 4 for evacuation
[2024-06-01T16:25:32.656-0300][gc,phases     ] GC(472)   Pre Evacuate Collection Set: 0,1ms
[2024-06-01T16:25:32.656-0300][gc,phases     ] GC(472)   Evacuate Collection Set: 18,5ms
[2024-06-01T16:25:32.656-0300][gc,phases     ] GC(472)   Post Evacuate Collection Set: 1,0ms
[2024-06-01T16:25:32.656-0300][gc,phases     ] GC(472)   Other: 0,4ms
[2024-06-01T16:25:32.656-0300][gc,heap       ] GC(472) Eden regions: 46->0(51)
[2024-06-01T16:25:32.656-0300][gc,heap       ] GC(472) Survivor regions: 5->5(7)
[2024-06-01T16:25:32.656-0300][gc,heap       ] GC(472) Old regions: 221->222
[2024-06-01T16:25:32.656-0300][gc,heap       ] GC(472) Humongous regions: 129->129
[2024-06-01T16:25:32.656-0300][gc,metaspace  ] GC(472) Metaspace: 45716K(48924K)->45716K(48924K) NonClass: 39977K(41680K)->39977K(41680K) Class: 5738K(7244K)->5738K(7244K)
[2024-06-01T16:25:32.656-0300][gc            ] GC(472) Pause Young (Normal) (G1 Evacuation Pause) 399M->354M(1024M) 20,234ms
[2024-06-01T16:25:32.656-0300][gc,cpu        ] GC(472) User=0,07s Sys=0,00s Real=0,02s
[2024-06-01T16:26:01.719-0300][gc,start      ] GC(473) Pause Young (Normal) (G1 Evacuation Pause)
[2024-06-01T16:26:01.719-0300][gc,task       ] GC(473) Using 4 workers of 4 for evacuation
[2024-06-01T16:26:01.726-0300][gc,phases     ] GC(473)   Pre Evacuate Collection Set: 0,0ms
[2024-06-01T16:26:01.726-0300][gc,phases     ] GC(473)   Evacuate Collection Set: 6,3ms
[2024-06-01T16:26:01.726-0300][gc,phases     ] GC(473)   Post Evacuate Collection Set: 0,5ms
[2024-06-01T16:26:01.726-0300][gc,phases     ] GC(473)   Other: 0,2ms
[2024-06-01T16:26:01.726-0300][gc,heap       ] GC(473) Eden regions: 46->0(57)
[2024-06-01T16:26:01.726-0300][gc,heap       ] GC(473) Survivor regions: 5->5(7)
[2024-06-01T16:26:01.726-0300][gc,heap       ] GC(473) Old regions: 222->223
[2024-06-01T16:26:01.726-0300][gc,heap       ] GC(473) Humongous regions: 129->129
[2024-06-01T16:26:01.726-0300][gc,metaspace  ] GC(473) Metaspace: 45716K(48924K)->45716K(48924K) NonClass: 39977K(41680K)->39977K(41680K) Class: 5738K(7244K)->5738K(7244K)
[2024-06-01T16:26:01.726-0300][gc            ] GC(473) Pause Young (Normal) (G1 Evacuation Pause) 400M->354M(1024M) 7,137ms
[2024-06-01T16:26:01.726-0300][gc,cpu        ] GC(473) User=0,03s Sys=0,00s Real=0,00s
[2024-06-01T16:26:34.099-0300][gc,start      ] GC(474) Pause Young (Normal) (G1 Evacuation Pause)
[2024-06-01T16:26:34.099-0300][gc,task       ] GC(474) Using 4 workers of 4 for evacuation
[2024-06-01T16:26:34.109-0300][gc,phases     ] GC(474)   Pre Evacuate Collection Set: 0,0ms
[2024-06-01T16:26:34.109-0300][gc,phases     ] GC(474)   Evacuate Collection Set: 9,5ms
[2024-06-01T16:26:34.109-0300][gc,phases     ] GC(474)   Post Evacuate Collection Set: 0,6ms
[2024-06-01T16:26:34.109-0300][gc,phases     ] GC(474)   Other: 0,3ms
[2024-06-01T16:26:34.109-0300][gc,heap       ] GC(474) Eden regions: 51->0(62)
[2024-06-01T16:26:34.109-0300][gc,heap       ] GC(474) Survivor regions: 5->5(7)
[2024-06-01T16:26:34.109-0300][gc,heap       ] GC(474) Old regions: 223->225
[2024-06-01T16:26:34.109-0300][gc,heap       ] GC(474) Humongous regions: 129->129
[2024-06-01T16:26:34.109-0300][gc,metaspace  ] GC(474) Metaspace: 45716K(48924K)->45716K(48924K) NonClass: 39977K(41680K)->39977K(41680K) Class: 5738K(7244K)->5738K(7244K)
[2024-06-01T16:26:34.109-0300][gc            ] GC(474) Pause Young (Normal) (G1 Evacuation Pause) 405M->356M(1024M) 10,554ms
[2024-06-01T16:26:34.109-0300][gc,cpu        ] GC(474) User=0,04s Sys=0,00s Real=0,01s
[2024-06-01T16:27:12.875-0300][gc,start      ] GC(475) Pause Young (Normal) (G1 Evacuation Pause)
[2024-06-01T16:27:12.875-0300][gc,task       ] GC(475) Using 4 workers of 4 for evacuation
[2024-06-01T16:27:12.893-0300][gc,phases     ] GC(475)   Pre Evacuate Collection Set: 0,1ms
[2024-06-01T16:27:12.893-0300][gc,phases     ] GC(475)   Evacuate Collection Set: 16,3ms
[2024-06-01T16:27:12.893-0300][gc,phases     ] GC(475)   Post Evacuate Collection Set: 1,0ms
[2024-06-01T16:27:12.893-0300][gc,phases     ] GC(475)   Other: 0,4ms
[2024-06-01T16:27:12.893-0300][gc,heap       ] GC(475) Eden regions: 62->0(59)
[2024-06-01T16:27:12.893-0300][gc,heap       ] GC(475) Survivor regions: 5->5(9)
[2024-06-01T16:27:12.893-0300][gc,heap       ] GC(475) Old regions: 225->225
[2024-06-01T16:27:12.893-0300][gc,heap       ] GC(475) Humongous regions: 129->129
[2024-06-01T16:27:12.893-0300][gc,metaspace  ] GC(475) Metaspace: 45716K(48924K)->45716K(48924K) NonClass: 39977K(41680K)->39977K(41680K) Class: 5738K(7244K)->5738K(7244K)
[2024-06-01T16:27:12.893-0300][gc            ] GC(475) Pause Young (Normal) (G1 Evacuation Pause) 418M->356M(1024M) 18,075ms
[2024-06-01T16:27:12.893-0300][gc,cpu        ] GC(475) User=0,07s Sys=0,00s Real=0,02s
[2024-06-01T16:27:44.223-0300][gc,start      ] GC(476) Pause Young (Normal) (G1 Evacuation Pause)
[2024-06-01T16:27:44.224-0300][gc,task       ] GC(476) Using 4 workers of 4 for evacuation
[2024-06-01T16:27:44.243-0300][gc,phases     ] GC(476)   Pre Evacuate Collection Set: 0,1ms
[2024-06-01T16:27:44.244-0300][gc,phases     ] GC(476)   Evacuate Collection Set: 18,6ms
[2024-06-01T16:27:44.244-0300][gc,phases     ] GC(476)   Post Evacuate Collection Set: 1,0ms
[2024-06-01T16:27:44.244-0300][gc,phases     ] GC(476)   Other: 0,4ms
[2024-06-01T16:27:44.244-0300][gc,heap       ] GC(476) Eden regions: 49->0(54)
[2024-06-01T16:27:44.244-0300][gc,heap       ] GC(476) Survivor regions: 5->5(7)
[2024-06-01T16:27:44.244-0300][gc,heap       ] GC(476) Old regions: 225->226
[2024-06-01T16:27:44.244-0300][gc,heap       ] GC(476) Humongous regions: 129->129
[2024-06-01T16:27:44.244-0300][gc,metaspace  ] GC(476) Metaspace: 45716K(48924K)->45716K(48924K) NonClass: 39977K(41680K)->39977K(41680K) Class: 5738K(7244K)->5738K(7244K)
[2024-06-01T16:27:44.244-0300][gc            ] GC(476) Pause Young (Normal) (G1 Evacuation Pause) 405M->357M(1024M) 20,306ms
[2024-06-01T16:27:44.244-0300][gc,cpu        ] GC(476) User=0,08s Sys=0,01s Real=0,02s
[2024-06-01T16:28:13.818-0300][gc,start      ] GC(477) Pause Young (Normal) (G1 Evacuation Pause)
[2024-06-01T16:28:13.818-0300][gc,task       ] GC(477) Using 4 workers of 4 for evacuation
[2024-06-01T16:28:13.838-0300][gc,mmu        ] GC(477) MMU target violated: 20,5ms (20,0ms/21,0ms)
[2024-06-01T16:28:13.838-0300][gc,phases     ] GC(477)   Pre Evacuate Collection Set: 0,1ms
[2024-06-01T16:28:13.838-0300][gc,phases     ] GC(477)   Evacuate Collection Set: 19,2ms
[2024-06-01T16:28:13.838-0300][gc,phases     ] GC(477)   Post Evacuate Collection Set: 1,0ms
[2024-06-01T16:28:13.838-0300][gc,phases     ] GC(477)   Other: 0,5ms
[2024-06-01T16:28:13.839-0300][gc,heap       ] GC(477) Eden regions: 46->0(51)
[2024-06-01T16:28:13.839-0300][gc,heap       ] GC(477) Survivor regions: 5->5(7)
[2024-06-01T16:28:13.839-0300][gc,heap       ] GC(477) Old regions: 226->227
[2024-06-01T16:28:13.839-0300][gc,heap       ] GC(477) Humongous regions: 129->129
[2024-06-01T16:28:13.839-0300][gc,metaspace  ] GC(477) Metaspace: 45716K(48924K)->45716K(48924K) NonClass: 39977K(41680K)->39977K(41680K) Class: 5738K(7244K)->5738K(7244K)
[2024-06-01T16:28:13.839-0300][gc            ] GC(477) Pause Young (Normal) (G1 Evacuation Pause) 403M->358M(1024M) 21,017ms
[2024-06-01T16:28:13.839-0300][gc,cpu        ] GC(477) User=0,08s Sys=0,01s Real=0,02s
[2024-06-01T16:28:44.063-0300][gc,start      ] GC(478) Pause Young (Normal) (G1 Evacuation Pause)
[2024-06-01T16:28:44.063-0300][gc,task       ] GC(478) Using 4 workers of 4 for evacuation
[2024-06-01T16:28:44.082-0300][gc,phases     ] GC(478)   Pre Evacuate Collection Set: 0,1ms
[2024-06-01T16:28:44.082-0300][gc,phases     ] GC(478)   Evacuate Collection Set: 17,8ms
[2024-06-01T16:28:44.082-0300][gc,phases     ] GC(478)   Post Evacuate Collection Set: 1,1ms
[2024-06-01T16:28:44.083-0300][gc,phases     ] GC(478)   Other: 0,5ms
[2024-06-01T16:28:44.083-0300][gc,heap       ] GC(478) Eden regions: 47->0(51)
[2024-06-01T16:28:44.083-0300][gc,heap       ] GC(478) Survivor regions: 5->5(7)
[2024-06-01T16:28:44.083-0300][gc,heap       ] GC(478) Old regions: 227->228
[2024-06-01T16:28:44.083-0300][gc,heap       ] GC(478) Humongous regions: 129->129
[2024-06-01T16:28:44.083-0300][gc,metaspace  ] GC(478) Metaspace: 45716K(48924K)->45716K(48924K) NonClass: 39977K(41680K)->39977K(41680K) Class: 5738K(7244K)->5738K(7244K)
[2024-06-01T16:28:44.083-0300][gc            ] GC(478) Pause Young (Normal) (G1 Evacuation Pause) 405M->359M(1024M) 19,698ms
[2024-06-01T16:28:44.083-0300][gc,cpu        ] GC(478) User=0,07s Sys=0,00s Real=0,02s
[2024-06-01T16:29:16.706-0300][gc,start      ] GC(479) Pause Young (Normal) (G1 Evacuation Pause)
[2024-06-01T16:29:16.706-0300][gc,task       ] GC(479) Using 4 workers of 4 for evacuation
[2024-06-01T16:29:16.725-0300][gc,phases     ] GC(479)   Pre Evacuate Collection Set: 0,1ms
[2024-06-01T16:29:16.726-0300][gc,phases     ] GC(479)   Evacuate Collection Set: 18,3ms
[2024-06-01T16:29:16.726-0300][gc,phases     ] GC(479)   Post Evacuate Collection Set: 0,9ms
[2024-06-01T16:29:16.726-0300][gc,phases     ] GC(479)   Other: 0,4ms
[2024-06-01T16:29:16.726-0300][gc,heap       ] GC(479) Eden regions: 51->0(52)
[2024-06-01T16:29:16.726-0300][gc,heap       ] GC(479) Survivor regions: 5->5(7)
[2024-06-01T16:29:16.726-0300][gc,heap       ] GC(479) Old regions: 228->229
[2024-06-01T16:29:16.726-0300][gc,heap       ] GC(479) Humongous regions: 129->129
[2024-06-01T16:29:16.726-0300][gc,metaspace  ] GC(479) Metaspace: 45716K(48924K)->45716K(48924K) NonClass: 39977K(41680K)->39977K(41680K) Class: 5738K(7244K)->5738K(7244K)
[2024-06-01T16:29:16.726-0300][gc            ] GC(479) Pause Young (Normal) (G1 Evacuation Pause) 410M->360M(1024M) 19,860ms
[2024-06-01T16:29:16.726-0300][gc,cpu        ] GC(479) User=0,07s Sys=0,00s Real=0,02s
[2024-06-01T16:29:47.306-0300][gc,start      ] GC(480) Pause Young (Normal) (G1 Evacuation Pause)
[2024-06-01T16:29:47.307-0300][gc,task       ] GC(480) Using 4 workers of 4 for evacuation
[2024-06-01T16:29:47.326-0300][gc,phases     ] GC(480)   Pre Evacuate Collection Set: 0,1ms
[2024-06-01T16:29:47.326-0300][gc,phases     ] GC(480)   Evacuate Collection Set: 17,7ms
[2024-06-01T16:29:47.326-0300][gc,phases     ] GC(480)   Post Evacuate Collection Set: 1,0ms
[2024-06-01T16:29:47.326-0300][gc,phases     ] GC(480)   Other: 0,4ms
[2024-06-01T16:29:47.326-0300][gc,heap       ] GC(480) Eden regions: 48->0(50)
[2024-06-01T16:29:47.326-0300][gc,heap       ] GC(480) Survivor regions: 5->4(7)
[2024-06-01T16:29:47.326-0300][gc,heap       ] GC(480) Old regions: 229->230
[2024-06-01T16:29:47.326-0300][gc,heap       ] GC(480) Humongous regions: 129->129
[2024-06-01T16:29:47.326-0300][gc,metaspace  ] GC(480) Metaspace: 45716K(48924K)->45716K(48924K) NonClass: 39977K(41680K)->39977K(41680K) Class: 5738K(7244K)->5738K(7244K)
[2024-06-01T16:29:47.326-0300][gc            ] GC(480) Pause Young (Normal) (G1 Evacuation Pause) 408M->361M(1024M) 19,451ms
[2024-06-01T16:29:47.326-0300][gc,cpu        ] GC(480) User=0,08s Sys=0,00s Real=0,02s
[2024-06-01T16:30:19.355-0300][gc,start      ] GC(481) Pause Young (Concurrent Start) (G1 Evacuation Pause)
[2024-06-01T16:30:19.356-0300][gc,task       ] GC(481) Using 4 workers of 4 for evacuation
[2024-06-01T16:30:19.376-0300][gc,mmu        ] GC(481) MMU target violated: 20,0ms (20,0ms/21,0ms)
[2024-06-01T16:30:19.376-0300][gc,phases     ] GC(481)   Pre Evacuate Collection Set: 0,4ms
[2024-06-01T16:30:19.376-0300][gc,phases     ] GC(481)   Evacuate Collection Set: 18,4ms
[2024-06-01T16:30:19.376-0300][gc,phases     ] GC(481)   Post Evacuate Collection Set: 1,0ms
[2024-06-01T16:30:19.376-0300][gc,phases     ] GC(481)   Other: 0,6ms
[2024-06-01T16:30:19.376-0300][gc,heap       ] GC(481) Eden regions: 50->0(49)
[2024-06-01T16:30:19.376-0300][gc,heap       ] GC(481) Survivor regions: 4->5(7)
[2024-06-01T16:30:19.376-0300][gc,heap       ] GC(481) Old regions: 230->231
[2024-06-01T16:30:19.376-0300][gc,heap       ] GC(481) Humongous regions: 129->129
[2024-06-01T16:30:19.376-0300][gc,metaspace  ] GC(481) Metaspace: 45716K(48924K)->45716K(48924K) NonClass: 39977K(41680K)->39977K(41680K) Class: 5738K(7244K)->5738K(7244K)
[2024-06-01T16:30:19.376-0300][gc            ] GC(481) Pause Young (Concurrent Start) (G1 Evacuation Pause) 411M->363M(1024M) 20,592ms
[2024-06-01T16:30:19.376-0300][gc,cpu        ] GC(481) User=0,07s Sys=0,00s Real=0,02s
[2024-06-01T16:30:19.376-0300][gc            ] GC(482) Concurrent Cycle
[2024-06-01T16:30:19.376-0300][gc,marking    ] GC(482) Concurrent Clear Claimed Marks
[2024-06-01T16:30:19.377-0300][gc,marking    ] GC(482) Concurrent Clear Claimed Marks 0,366ms
[2024-06-01T16:30:19.377-0300][gc,marking    ] GC(482) Concurrent Scan Root Regions
[2024-06-01T16:30:19.386-0300][gc,marking    ] GC(482) Concurrent Scan Root Regions 9,451ms
[2024-06-01T16:30:19.386-0300][gc,marking    ] GC(482) Concurrent Mark (26089,671s)
[2024-06-01T16:30:19.386-0300][gc,marking    ] GC(482) Concurrent Mark From Roots
[2024-06-01T16:30:19.386-0300][gc,task       ] GC(482) Using 1 workers of 1 for marking
[2024-06-01T16:30:19.430-0300][gc,marking    ] GC(482) Concurrent Mark From Roots 44,098ms
[2024-06-01T16:30:19.430-0300][gc,marking    ] GC(482) Concurrent Preclean
[2024-06-01T16:30:19.430-0300][gc,marking    ] GC(482) Concurrent Preclean 0,197ms
[2024-06-01T16:30:19.431-0300][gc,marking    ] GC(482) Concurrent Mark (26089,671s, 26089,715s) 44,352ms
[2024-06-01T16:30:19.431-0300][gc,start      ] GC(482) Pause Remark
[2024-06-01T16:30:19.436-0300][gc,stringtable] GC(482) Cleaned string and symbol table, strings: 14792 processed, 0 removed, symbols: 99034 processed, 0 removed
[2024-06-01T16:30:19.436-0300][gc            ] GC(482) Pause Remark 364M->243M(1024M) 5,488ms
[2024-06-01T16:30:19.436-0300][gc,cpu        ] GC(482) User=0,02s Sys=0,00s Real=0,01s
[2024-06-01T16:30:19.436-0300][gc,marking    ] GC(482) Concurrent Rebuild Remembered Sets
[2024-06-01T16:30:19.463-0300][gc,marking    ] GC(482) Concurrent Rebuild Remembered Sets 27,013ms
[2024-06-01T16:30:19.463-0300][gc,start      ] GC(482) Pause Cleanup
[2024-06-01T16:30:19.464-0300][gc            ] GC(482) Pause Cleanup 243M->243M(1024M) 0,161ms
[2024-06-01T16:30:19.464-0300][gc,cpu        ] GC(482) User=0,00s Sys=0,00s Real=0,00s
[2024-06-01T16:30:19.464-0300][gc,marking    ] GC(482) Concurrent Cleanup for Next Mark
[2024-06-01T16:30:19.465-0300][gc,marking    ] GC(482) Concurrent Cleanup for Next Mark 1,139ms
[2024-06-01T16:30:19.465-0300][gc            ] GC(482) Concurrent Cycle 88,575ms
[2024-06-01T16:30:48.768-0300][gc,start      ] GC(483) Pause Young (Prepare Mixed) (G1 Evacuation Pause)
[2024-06-01T16:30:48.768-0300][gc,task       ] GC(483) Using 4 workers of 4 for evacuation
[2024-06-01T16:30:48.788-0300][gc,phases     ] GC(483)   Pre Evacuate Collection Set: 0,1ms
[2024-06-01T16:30:48.788-0300][gc,phases     ] GC(483)   Evacuate Collection Set: 17,9ms
[2024-06-01T16:30:48.788-0300][gc,phases     ] GC(483)   Post Evacuate Collection Set: 1,0ms
[2024-06-01T16:30:48.788-0300][gc,phases     ] GC(483)   Other: 0,5ms
[2024-06-01T16:30:48.788-0300][gc,heap       ] GC(483) Eden regions: 46->0(46)
[2024-06-01T16:30:48.788-0300][gc,heap       ] GC(483) Survivor regions: 5->5(7)
[2024-06-01T16:30:48.788-0300][gc,heap       ] GC(483) Old regions: 110->112
[2024-06-01T16:30:48.788-0300][gc,heap       ] GC(483) Humongous regions: 129->129
[2024-06-01T16:30:48.788-0300][gc,metaspace  ] GC(483) Metaspace: 45716K(48924K)->45716K(48924K) NonClass: 39977K(41680K)->39977K(41680K) Class: 5738K(7244K)->5738K(7244K)
[2024-06-01T16:30:48.788-0300][gc            ] GC(483) Pause Young (Prepare Mixed) (G1 Evacuation Pause) 288M->243M(1024M) 19,680ms
[2024-06-01T16:30:48.788-0300][gc,cpu        ] GC(483) User=0,07s Sys=0,01s Real=0,02s
[2024-06-01T16:31:17.792-0300][gc,start      ] GC(484) Pause Young (Mixed) (G1 Evacuation Pause)
[2024-06-01T16:31:17.793-0300][gc,task       ] GC(484) Using 4 workers of 4 for evacuation
[2024-06-01T16:31:17.810-0300][gc,phases     ] GC(484)   Pre Evacuate Collection Set: 0,1ms
[2024-06-01T16:31:17.810-0300][gc,phases     ] GC(484)   Evacuate Collection Set: 16,1ms
[2024-06-01T16:31:17.810-0300][gc,phases     ] GC(484)   Post Evacuate Collection Set: 1,1ms
[2024-06-01T16:31:17.810-0300][gc,phases     ] GC(484)   Other: 0,4ms
[2024-06-01T16:31:17.810-0300][gc,heap       ] GC(484) Eden regions: 46->0(47)
[2024-06-01T16:31:17.810-0300][gc,heap       ] GC(484) Survivor regions: 5->4(7)
[2024-06-01T16:31:17.810-0300][gc,heap       ] GC(484) Old regions: 112->100
[2024-06-01T16:31:17.810-0300][gc,heap       ] GC(484) Humongous regions: 129->129
[2024-06-01T16:31:17.810-0300][gc,metaspace  ] GC(484) Metaspace: 45716K(48924K)->45716K(48924K) NonClass: 39977K(41680K)->39977K(41680K) Class: 5738K(7244K)->5738K(7244K)
[2024-06-01T16:31:17.810-0300][gc            ] GC(484) Pause Young (Mixed) (G1 Evacuation Pause) 289M->231M(1024M) 17,967ms
[2024-06-01T16:31:17.810-0300][gc,cpu        ] GC(484) User=0,07s Sys=0,00s Real=0,02s
[2024-06-01T16:31:48.104-0300][gc,start      ] GC(485) Pause Young (Mixed) (G1 Evacuation Pause)
[2024-06-01T16:31:48.104-0300][gc,task       ] GC(485) Using 4 workers of 4 for evacuation
[2024-06-01T16:31:48.122-0300][gc,phases     ] GC(485)   Pre Evacuate Collection Set: 0,1ms
[2024-06-01T16:31:48.122-0300][gc,phases     ] GC(485)   Evacuate Collection Set: 16,6ms
[2024-06-01T16:31:48.122-0300][gc,phases     ] GC(485)   Post Evacuate Collection Set: 1,1ms
[2024-06-01T16:31:48.122-0300][gc,phases     ] GC(485)   Other: 0,4ms
[2024-06-01T16:31:48.122-0300][gc,heap       ] GC(485) Eden regions: 47->0(46)
[2024-06-01T16:31:48.122-0300][gc,heap       ] GC(485) Survivor regions: 4->5(7)
[2024-06-01T16:31:48.122-0300][gc,heap       ] GC(485) Old regions: 100->88
[2024-06-01T16:31:48.122-0300][gc,heap       ] GC(485) Humongous regions: 129->129
[2024-06-01T16:31:48.122-0300][gc,metaspace  ] GC(485) Metaspace: 45716K(48924K)->45716K(48924K) NonClass: 39977K(41680K)->39977K(41680K) Class: 5738K(7244K)->5738K(7244K)
[2024-06-01T16:31:48.122-0300][gc            ] GC(485) Pause Young (Mixed) (G1 Evacuation Pause) 278M->220M(1024M) 18,421ms
[2024-06-01T16:31:48.122-0300][gc,cpu        ] GC(485) User=0,06s Sys=0,00s Real=0,02s
[2024-06-01T16:32:17.611-0300][gc,start      ] GC(486) Pause Young (Mixed) (G1 Evacuation Pause)
[2024-06-01T16:32:17.611-0300][gc,task       ] GC(486) Using 4 workers of 4 for evacuation
[2024-06-01T16:32:17.618-0300][gc,phases     ] GC(486)   Pre Evacuate Collection Set: 0,0ms
[2024-06-01T16:32:17.619-0300][gc,phases     ] GC(486)   Evacuate Collection Set: 6,5ms
[2024-06-01T16:32:17.619-0300][gc,phases     ] GC(486)   Post Evacuate Collection Set: 0,5ms
[2024-06-01T16:32:17.619-0300][gc,phases     ] GC(486)   Other: 0,2ms
[2024-06-01T16:32:17.619-0300][gc,heap       ] GC(486) Eden regions: 46->0(46)
[2024-06-01T16:32:17.619-0300][gc,heap       ] GC(486) Survivor regions: 5->5(7)
[2024-06-01T16:32:17.619-0300][gc,heap       ] GC(486) Old regions: 88->77
[2024-06-01T16:32:17.619-0300][gc,heap       ] GC(486) Humongous regions: 129->129
[2024-06-01T16:32:17.619-0300][gc,metaspace  ] GC(486) Metaspace: 45716K(48924K)->45716K(48924K) NonClass: 39977K(41680K)->39977K(41680K) Class: 5738K(7244K)->5738K(7244K)
[2024-06-01T16:32:17.619-0300][gc            ] GC(486) Pause Young (Mixed) (G1 Evacuation Pause) 266M->209M(1024M) 7,240ms
[2024-06-01T16:32:17.619-0300][gc,cpu        ] GC(486) User=0,03s Sys=0,01s Real=0,01s
[2024-06-01T16:32:46.641-0300][gc,start      ] GC(487) Pause Young (Mixed) (G1 Evacuation Pause)
[2024-06-01T16:32:46.641-0300][gc,task       ] GC(487) Using 4 workers of 4 for evacuation
[2024-06-01T16:32:46.662-0300][gc,mmu        ] GC(487) MMU target violated: 20,9ms (20,0ms/21,0ms)
[2024-06-01T16:32:46.662-0300][gc,phases     ] GC(487)   Pre Evacuate Collection Set: 0,1ms
[2024-06-01T16:32:46.662-0300][gc,phases     ] GC(487)   Evacuate Collection Set: 19,6ms
[2024-06-01T16:32:46.662-0300][gc,phases     ] GC(487)   Post Evacuate Collection Set: 1,1ms
[2024-06-01T16:32:46.662-0300][gc,phases     ] GC(487)   Other: 0,6ms
[2024-06-01T16:32:46.662-0300][gc,heap       ] GC(487) Eden regions: 46->0(50)
[2024-06-01T16:32:46.662-0300][gc,heap       ] GC(487) Survivor regions: 5->5(7)
[2024-06-01T16:32:46.662-0300][gc,heap       ] GC(487) Old regions: 77->76
[2024-06-01T16:32:46.662-0300][gc,heap       ] GC(487) Humongous regions: 129->129
[2024-06-01T16:32:46.662-0300][gc,metaspace  ] GC(487) Metaspace: 45716K(48924K)->45716K(48924K) NonClass: 39977K(41680K)->39977K(41680K) Class: 5738K(7244K)->5738K(7244K)
[2024-06-01T16:32:46.662-0300][gc            ] GC(487) Pause Young (Mixed) (G1 Evacuation Pause) 255M->208M(1024M) 21,600ms
[2024-06-01T16:32:46.662-0300][gc,cpu        ] GC(487) User=0,08s Sys=0,00s Real=0,02s
[2024-06-01T16:33:16.219-0300][gc,start      ] GC(488) Pause Young (Normal) (G1 Evacuation Pause)
[2024-06-01T16:33:16.219-0300][gc,task       ] GC(488) Using 4 workers of 4 for evacuation
[2024-06-01T16:33:16.240-0300][gc,mmu        ] GC(488) MMU target violated: 21,0ms (20,0ms/21,0ms)
[2024-06-01T16:33:16.240-0300][gc,phases     ] GC(488)   Pre Evacuate Collection Set: 0,1ms
[2024-06-01T16:33:16.240-0300][gc,phases     ] GC(488)   Evacuate Collection Set: 19,7ms
[2024-06-01T16:33:16.240-0300][gc,phases     ] GC(488)   Post Evacuate Collection Set: 1,0ms
[2024-06-01T16:33:16.240-0300][gc,phases     ] GC(488)   Other: 0,6ms
[2024-06-01T16:33:16.240-0300][gc,heap       ] GC(488) Eden regions: 46->0(50)
[2024-06-01T16:33:16.240-0300][gc,heap       ] GC(488) Survivor regions: 5->5(7)
[2024-06-01T16:33:16.240-0300][gc,heap       ] GC(488) Old regions: 76->78
[2024-06-01T16:33:16.240-0300][gc,heap       ] GC(488) Humongous regions: 129->129
[2024-06-01T16:33:16.240-0300][gc,metaspace  ] GC(488) Metaspace: 45716K(48924K)->45716K(48924K) NonClass: 39977K(41680K)->39977K(41680K) Class: 5738K(7244K)->5738K(7244K)
[2024-06-01T16:33:16.240-0300][gc            ] GC(488) Pause Young (Normal) (G1 Evacuation Pause) 254M->209M(1024M) 21,510ms
[2024-06-01T16:33:16.240-0300][gc,cpu        ] GC(488) User=0,07s Sys=0,00s Real=0,02s
[2024-06-01T16:33:48.350-0300][gc,start      ] GC(489) Pause Young (Normal) (G1 Evacuation Pause)
[2024-06-01T16:33:48.350-0300][gc,task       ] GC(489) Using 4 workers of 4 for evacuation
[2024-06-01T16:33:48.357-0300][gc,phases     ] GC(489)   Pre Evacuate Collection Set: 0,0ms
[2024-06-01T16:33:48.357-0300][gc,phases     ] GC(489)   Evacuate Collection Set: 7,1ms
[2024-06-01T16:33:48.357-0300][gc,phases     ] GC(489)   Post Evacuate Collection Set: 0,5ms
[2024-06-01T16:33:48.357-0300][gc,phases     ] GC(489)   Other: 0,2ms
[2024-06-01T16:33:48.357-0300][gc,heap       ] GC(489) Eden regions: 50->0(56)
[2024-06-01T16:33:48.357-0300][gc,heap       ] GC(489) Survivor regions: 5->5(7)
[2024-06-01T16:33:48.357-0300][gc,heap       ] GC(489) Old regions: 78->79
[2024-06-01T16:33:48.357-0300][gc,heap       ] GC(489) Humongous regions: 129->129
[2024-06-01T16:33:48.357-0300][gc,metaspace  ] GC(489) Metaspace: 45716K(48924K)->45716K(48924K) NonClass: 39977K(41680K)->39977K(41680K) Class: 5738K(7244K)->5738K(7244K)
[2024-06-01T16:33:48.357-0300][gc            ] GC(489) Pause Young (Normal) (G1 Evacuation Pause) 259M->210M(1024M) 7,931ms
[2024-06-01T16:33:48.358-0300][gc,cpu        ] GC(489) User=0,03s Sys=0,00s Real=0,01s
[2024-06-01T16:34:24.124-0300][gc,start      ] GC(490) Pause Young (Normal) (G1 Evacuation Pause)
[2024-06-01T16:34:24.124-0300][gc,task       ] GC(490) Using 4 workers of 4 for evacuation
[2024-06-01T16:34:24.132-0300][gc,phases     ] GC(490)   Pre Evacuate Collection Set: 0,0ms
[2024-06-01T16:34:24.132-0300][gc,phases     ] GC(490)   Evacuate Collection Set: 7,0ms
[2024-06-01T16:34:24.132-0300][gc,phases     ] GC(490)   Post Evacuate Collection Set: 0,4ms
[2024-06-01T16:34:24.132-0300][gc,phases     ] GC(490)   Other: 0,2ms
[2024-06-01T16:34:24.132-0300][gc,heap       ] GC(490) Eden regions: 56->0(64)
[2024-06-01T16:34:24.132-0300][gc,heap       ] GC(490) Survivor regions: 5->6(8)
[2024-06-01T16:34:24.132-0300][gc,heap       ] GC(490) Old regions: 79->79
[2024-06-01T16:34:24.132-0300][gc,heap       ] GC(490) Humongous regions: 129->129
[2024-06-01T16:34:24.132-0300][gc,metaspace  ] GC(490) Metaspace: 45716K(48924K)->45716K(48924K) NonClass: 39977K(41680K)->39977K(41680K) Class: 5738K(7244K)->5738K(7244K)
[2024-06-01T16:34:24.132-0300][gc            ] GC(490) Pause Young (Normal) (G1 Evacuation Pause) 266M->211M(1024M) 7,748ms
[2024-06-01T16:34:24.132-0300][gc,cpu        ] GC(490) User=0,03s Sys=0,01s Real=0,01s
[2024-06-01T16:35:05.162-0300][gc,start      ] GC(491) Pause Young (Normal) (G1 Evacuation Pause)
[2024-06-01T16:35:05.162-0300][gc,task       ] GC(491) Using 4 workers of 4 for evacuation
[2024-06-01T16:35:05.184-0300][gc,mmu        ] GC(491) MMU target violated: 21,0ms (20,0ms/21,0ms)
[2024-06-01T16:35:05.185-0300][gc,phases     ] GC(491)   Pre Evacuate Collection Set: 0,1ms
[2024-06-01T16:35:05.185-0300][gc,phases     ] GC(491)   Evacuate Collection Set: 21,0ms
[2024-06-01T16:35:05.185-0300][gc,phases     ] GC(491)   Post Evacuate Collection Set: 1,1ms
[2024-06-01T16:35:05.185-0300][gc,phases     ] GC(491)   Other: 0,5ms
[2024-06-01T16:35:05.185-0300][gc,heap       ] GC(491) Eden regions: 64->0(57)
[2024-06-01T16:35:05.185-0300][gc,heap       ] GC(491) Survivor regions: 6->6(9)
[2024-06-01T16:35:05.185-0300][gc,heap       ] GC(491) Old regions: 79->80
[2024-06-01T16:35:05.185-0300][gc,heap       ] GC(491) Humongous regions: 129->129
[2024-06-01T16:35:05.185-0300][gc,metaspace  ] GC(491) Metaspace: 45716K(48924K)->45716K(48924K) NonClass: 39977K(41680K)->39977K(41680K) Class: 5738K(7244K)->5738K(7244K)
[2024-06-01T16:35:05.185-0300][gc            ] GC(491) Pause Young (Normal) (G1 Evacuation Pause) 275M->213M(1024M) 22,792ms
[2024-06-01T16:35:05.185-0300][gc,cpu        ] GC(491) User=0,08s Sys=0,00s Real=0,02s
[2024-06-01T16:35:41.108-0300][gc,start      ] GC(492) Pause Young (Normal) (G1 Evacuation Pause)
[2024-06-01T16:35:41.108-0300][gc,task       ] GC(492) Using 4 workers of 4 for evacuation
[2024-06-01T16:35:41.131-0300][gc,mmu        ] GC(492) MMU target violated: 21,0ms (20,0ms/21,0ms)
[2024-06-01T16:35:41.131-0300][gc,phases     ] GC(492)   Pre Evacuate Collection Set: 0,1ms
[2024-06-01T16:35:41.131-0300][gc,phases     ] GC(492)   Evacuate Collection Set: 21,3ms
[2024-06-01T16:35:41.131-0300][gc,phases     ] GC(492)   Post Evacuate Collection Set: 1,0ms
[2024-06-01T16:35:41.131-0300][gc,phases     ] GC(492)   Other: 0,5ms
[2024-06-01T16:35:41.131-0300][gc,heap       ] GC(492) Eden regions: 57->0(52)
[2024-06-01T16:35:41.131-0300][gc,heap       ] GC(492) Survivor regions: 6->5(8)
[2024-06-01T16:35:41.131-0300][gc,heap       ] GC(492) Old regions: 80->82
[2024-06-01T16:35:41.131-0300][gc,heap       ] GC(492) Humongous regions: 129->129
[2024-06-01T16:35:41.131-0300][gc,metaspace  ] GC(492) Metaspace: 45716K(48924K)->45716K(48924K) NonClass: 39977K(41680K)->39977K(41680K) Class: 5738K(7244K)->5738K(7244K)
[2024-06-01T16:35:41.131-0300][gc            ] GC(492) Pause Young (Normal) (G1 Evacuation Pause) 270M->213M(1024M) 23,005ms
[2024-06-01T16:35:41.131-0300][gc,cpu        ] GC(492) User=0,08s Sys=0,00s Real=0,02s
[2024-06-01T16:36:14.279-0300][gc,start      ] GC(493) Pause Young (Normal) (G1 Evacuation Pause)
[2024-06-01T16:36:14.280-0300][gc,task       ] GC(493) Using 4 workers of 4 for evacuation
[2024-06-01T16:36:14.309-0300][gc,mmu        ] GC(493) MMU target violated: 21,0ms (20,0ms/21,0ms)
[2024-06-01T16:36:14.309-0300][gc,phases     ] GC(493)   Pre Evacuate Collection Set: 0,1ms
[2024-06-01T16:36:14.309-0300][gc,phases     ] GC(493)   Evacuate Collection Set: 28,4ms
[2024-06-01T16:36:14.309-0300][gc,phases     ] GC(493)   Post Evacuate Collection Set: 0,6ms
[2024-06-01T16:36:14.309-0300][gc,phases     ] GC(493)   Other: 0,4ms
[2024-06-01T16:36:14.309-0300][gc,heap       ] GC(493) Eden regions: 52->0(46)
[2024-06-01T16:36:14.309-0300][gc,heap       ] GC(493) Survivor regions: 5->5(8)
[2024-06-01T16:36:14.309-0300][gc,heap       ] GC(493) Old regions: 82->83
[2024-06-01T16:36:14.309-0300][gc,heap       ] GC(493) Humongous regions: 129->129
[2024-06-01T16:36:14.309-0300][gc,metaspace  ] GC(493) Metaspace: 45716K(48924K)->45716K(48924K) NonClass: 39977K(41680K)->39977K(41680K) Class: 5738K(7244K)->5738K(7244K)
[2024-06-01T16:36:14.309-0300][gc            ] GC(493) Pause Young (Normal) (G1 Evacuation Pause) 265M->214M(1024M) 29,597ms
[2024-06-01T16:36:14.309-0300][gc,cpu        ] GC(493) User=0,08s Sys=0,00s Real=0,03s
[2024-06-01T16:36:43.874-0300][gc,start      ] GC(494) Pause Young (Normal) (G1 Evacuation Pause)
[2024-06-01T16:36:43.874-0300][gc,task       ] GC(494) Using 4 workers of 4 for evacuation
[2024-06-01T16:36:43.894-0300][gc,phases     ] GC(494)   Pre Evacuate Collection Set: 0,1ms
[2024-06-01T16:36:43.894-0300][gc,phases     ] GC(494)   Evacuate Collection Set: 18,3ms
[2024-06-01T16:36:43.894-0300][gc,phases     ] GC(494)   Post Evacuate Collection Set: 1,0ms
[2024-06-01T16:36:43.894-0300][gc,phases     ] GC(494)   Other: 0,4ms
[2024-06-01T16:36:43.894-0300][gc,heap       ] GC(494) Eden regions: 46->0(46)
[2024-06-01T16:36:43.894-0300][gc,heap       ] GC(494) Survivor regions: 5->5(7)
[2024-06-01T16:36:43.894-0300][gc,heap       ] GC(494) Old regions: 83->84
[2024-06-01T16:36:43.894-0300][gc,heap       ] GC(494) Humongous regions: 129->129
[2024-06-01T16:36:43.894-0300][gc,metaspace  ] GC(494) Metaspace: 45716K(48924K)->45716K(48924K) NonClass: 39977K(41680K)->39977K(41680K) Class: 5738K(7244K)->5738K(7244K)
[2024-06-01T16:36:43.894-0300][gc            ] GC(494) Pause Young (Normal) (G1 Evacuation Pause) 260M->215M(1024M) 19,979ms
[2024-06-01T16:36:43.894-0300][gc,cpu        ] GC(494) User=0,07s Sys=0,00s Real=0,02s
[2024-06-01T16:37:12.937-0300][gc,start      ] GC(495) Pause Young (Normal) (G1 Evacuation Pause)
[2024-06-01T16:37:12.937-0300][gc,task       ] GC(495) Using 4 workers of 4 for evacuation
[2024-06-01T16:37:12.956-0300][gc,phases     ] GC(495)   Pre Evacuate Collection Set: 0,1ms
[2024-06-01T16:37:12.956-0300][gc,phases     ] GC(495)   Evacuate Collection Set: 17,9ms
[2024-06-01T16:37:12.956-0300][gc,phases     ] GC(495)   Post Evacuate Collection Set: 1,0ms
[2024-06-01T16:37:12.956-0300][gc,phases     ] GC(495)   Other: 0,4ms
[2024-06-01T16:37:12.956-0300][gc,heap       ] GC(495) Eden regions: 46->0(47)
[2024-06-01T16:37:12.956-0300][gc,heap       ] GC(495) Survivor regions: 5->4(7)
[2024-06-01T16:37:12.956-0300][gc,heap       ] GC(495) Old regions: 84->85
[2024-06-01T16:37:12.956-0300][gc,heap       ] GC(495) Humongous regions: 129->129
[2024-06-01T16:37:12.956-0300][gc,metaspace  ] GC(495) Metaspace: 45716K(48924K)->45716K(48924K) NonClass: 39977K(41680K)->39977K(41680K) Class: 5738K(7244K)->5738K(7244K)
[2024-06-01T16:37:12.956-0300][gc            ] GC(495) Pause Young (Normal) (G1 Evacuation Pause) 261M->215M(1024M) 19,657ms
[2024-06-01T16:37:12.956-0300][gc,cpu        ] GC(495) User=0,07s Sys=0,00s Real=0,02s
[2024-06-01T16:37:43.337-0300][gc,start      ] GC(496) Pause Young (Normal) (G1 Evacuation Pause)
[2024-06-01T16:37:43.337-0300][gc,task       ] GC(496) Using 4 workers of 4 for evacuation
[2024-06-01T16:37:43.343-0300][gc,phases     ] GC(496)   Pre Evacuate Collection Set: 0,0ms
[2024-06-01T16:37:43.343-0300][gc,phases     ] GC(496)   Evacuate Collection Set: 5,5ms
[2024-06-01T16:37:43.343-0300][gc,phases     ] GC(496)   Post Evacuate Collection Set: 0,4ms
[2024-06-01T16:37:43.343-0300][gc,phases     ] GC(496)   Other: 0,2ms
[2024-06-01T16:37:43.343-0300][gc,heap       ] GC(496) Eden regions: 47->0(51)
[2024-06-01T16:37:43.343-0300][gc,heap       ] GC(496) Survivor regions: 4->4(7)
[2024-06-01T16:37:43.343-0300][gc,heap       ] GC(496) Old regions: 85->86
[2024-06-01T16:37:43.343-0300][gc,heap       ] GC(496) Humongous regions: 129->129
[2024-06-01T16:37:43.343-0300][gc,metaspace  ] GC(496) Metaspace: 45716K(48924K)->45716K(48924K) NonClass: 39977K(41680K)->39977K(41680K) Class: 5738K(7244K)->5738K(7244K)
[2024-06-01T16:37:43.344-0300][gc            ] GC(496) Pause Young (Normal) (G1 Evacuation Pause) 262M->216M(1024M) 6,245ms
[2024-06-01T16:37:43.344-0300][gc,cpu        ] GC(496) User=0,02s Sys=0,00s Real=0,00s
[2024-06-01T16:38:15.567-0300][gc,start      ] GC(497) Pause Young (Normal) (G1 Evacuation Pause)
[2024-06-01T16:38:15.567-0300][gc,task       ] GC(497) Using 4 workers of 4 for evacuation
[2024-06-01T16:38:15.573-0300][gc,phases     ] GC(497)   Pre Evacuate Collection Set: 0,0ms
[2024-06-01T16:38:15.573-0300][gc,phases     ] GC(497)   Evacuate Collection Set: 5,5ms
[2024-06-01T16:38:15.573-0300][gc,phases     ] GC(497)   Post Evacuate Collection Set: 0,5ms
[2024-06-01T16:38:15.573-0300][gc,phases     ] GC(497)   Other: 0,2ms
[2024-06-01T16:38:15.573-0300][gc,heap       ] GC(497) Eden regions: 51->0(58)
[2024-06-01T16:38:15.573-0300][gc,heap       ] GC(497) Survivor regions: 4->5(7)
[2024-06-01T16:38:15.573-0300][gc,heap       ] GC(497) Old regions: 86->86
[2024-06-01T16:38:15.573-0300][gc,heap       ] GC(497) Humongous regions: 129->129
[2024-06-01T16:38:15.573-0300][gc,metaspace  ] GC(497) Metaspace: 45716K(48924K)->45716K(48924K) NonClass: 39977K(41680K)->39977K(41680K) Class: 5738K(7244K)->5738K(7244K)
[2024-06-01T16:38:15.573-0300][gc            ] GC(497) Pause Young (Normal) (G1 Evacuation Pause) 267M->217M(1024M) 6,321ms
[2024-06-01T16:38:15.573-0300][gc,cpu        ] GC(497) User=0,02s Sys=0,00s Real=0,01s
[2024-06-01T16:38:52.605-0300][gc,start      ] GC(498) Pause Young (Normal) (G1 Evacuation Pause)
[2024-06-01T16:38:52.605-0300][gc,task       ] GC(498) Using 4 workers of 4 for evacuation
[2024-06-01T16:38:52.624-0300][gc,phases     ] GC(498)   Pre Evacuate Collection Set: 0,1ms
[2024-06-01T16:38:52.624-0300][gc,phases     ] GC(498)   Evacuate Collection Set: 17,3ms
[2024-06-01T16:38:52.624-0300][gc,phases     ] GC(498)   Post Evacuate Collection Set: 1,0ms
[2024-06-01T16:38:52.624-0300][gc,phases     ] GC(498)   Other: 0,4ms
[2024-06-01T16:38:52.624-0300][gc,heap       ] GC(498) Eden regions: 58->0(55)
[2024-06-01T16:38:52.624-0300][gc,heap       ] GC(498) Survivor regions: 5->5(8)
[2024-06-01T16:38:52.624-0300][gc,heap       ] GC(498) Old regions: 86->87
[2024-06-01T16:38:52.624-0300][gc,heap       ] GC(498) Humongous regions: 129->129
[2024-06-01T16:38:52.624-0300][gc,metaspace  ] GC(498) Metaspace: 45716K(48924K)->45716K(48924K) NonClass: 39977K(41680K)->39977K(41680K) Class: 5738K(7244K)->5738K(7244K)
[2024-06-01T16:38:52.624-0300][gc            ] GC(498) Pause Young (Normal) (G1 Evacuation Pause) 275M->219M(1024M) 19,039ms
[2024-06-01T16:38:52.624-0300][gc,cpu        ] GC(498) User=0,07s Sys=0,01s Real=0,02s
[2024-06-01T16:39:26.935-0300][gc,start      ] GC(499) Pause Young (Normal) (G1 Evacuation Pause)
[2024-06-01T16:39:26.935-0300][gc,task       ] GC(499) Using 4 workers of 4 for evacuation
[2024-06-01T16:39:26.955-0300][gc,phases     ] GC(499)   Pre Evacuate Collection Set: 0,1ms
[2024-06-01T16:39:26.955-0300][gc,phases     ] GC(499)   Evacuate Collection Set: 18,4ms
[2024-06-01T16:39:26.955-0300][gc,phases     ] GC(499)   Post Evacuate Collection Set: 1,1ms
[2024-06-01T16:39:26.955-0300][gc,phases     ] GC(499)   Other: 0,4ms
[2024-06-01T16:39:26.955-0300][gc,heap       ] GC(499) Eden regions: 55->0(53)
[2024-06-01T16:39:26.955-0300][gc,heap       ] GC(499) Survivor regions: 5->5(8)
[2024-06-01T16:39:26.955-0300][gc,heap       ] GC(499) Old regions: 87->88
[2024-06-01T16:39:26.955-0300][gc,heap       ] GC(499) Humongous regions: 129->129
[2024-06-01T16:39:26.955-0300][gc,metaspace  ] GC(499) Metaspace: 45716K(48924K)->45716K(48924K) NonClass: 39977K(41680K)->39977K(41680K) Class: 5738K(7244K)->5738K(7244K)
[2024-06-01T16:39:26.955-0300][gc            ] GC(499) Pause Young (Normal) (G1 Evacuation Pause) 274M->219M(1024M) 20,260ms
[2024-06-01T16:39:26.955-0300][gc,cpu        ] GC(499) User=0,07s Sys=0,00s Real=0,02s
[2024-06-01T16:40:00.354-0300][gc,start      ] GC(500) Pause Young (Normal) (G1 Evacuation Pause)
[2024-06-01T16:40:00.354-0300][gc,task       ] GC(500) Using 4 workers of 4 for evacuation
[2024-06-01T16:40:00.373-0300][gc,phases     ] GC(500)   Pre Evacuate Collection Set: 0,1ms
[2024-06-01T16:40:00.373-0300][gc,phases     ] GC(500)   Evacuate Collection Set: 17,5ms
[2024-06-01T16:40:00.373-0300][gc,phases     ] GC(500)   Post Evacuate Collection Set: 1,1ms
[2024-06-01T16:40:00.373-0300][gc,phases     ] GC(500)   Other: 0,4ms
[2024-06-01T16:40:00.373-0300][gc,heap       ] GC(500) Eden regions: 53->0(53)
[2024-06-01T16:40:00.373-0300][gc,heap       ] GC(500) Survivor regions: 5->4(8)
[2024-06-01T16:40:00.373-0300][gc,heap       ] GC(500) Old regions: 88->89
[2024-06-01T16:40:00.373-0300][gc,heap       ] GC(500) Humongous regions: 129->129
[2024-06-01T16:40:00.373-0300][gc,metaspace  ] GC(500) Metaspace: 45716K(48924K)->45716K(48924K) NonClass: 39977K(41680K)->39977K(41680K) Class: 5738K(7244K)->5738K(7244K)
[2024-06-01T16:40:00.373-0300][gc            ] GC(500) Pause Young (Normal) (G1 Evacuation Pause) 272M->220M(1024M) 19,289ms
[2024-06-01T16:40:00.373-0300][gc,cpu        ] GC(500) User=0,07s Sys=0,00s Real=0,02s
[2024-06-01T16:40:33.458-0300][gc,start      ] GC(501) Pause Young (Normal) (G1 Evacuation Pause)
[2024-06-01T16:40:33.458-0300][gc,task       ] GC(501) Using 4 workers of 4 for evacuation
[2024-06-01T16:40:33.476-0300][gc,phases     ] GC(501)   Pre Evacuate Collection Set: 0,1ms
[2024-06-01T16:40:33.477-0300][gc,phases     ] GC(501)   Evacuate Collection Set: 17,2ms
[2024-06-01T16:40:33.477-0300][gc,phases     ] GC(501)   Post Evacuate Collection Set: 1,0ms
[2024-06-01T16:40:33.477-0300][gc,phases     ] GC(501)   Other: 0,4ms
[2024-06-01T16:40:33.477-0300][gc,heap       ] GC(501) Eden regions: 52->0(53)
[2024-06-01T16:40:33.477-0300][gc,heap       ] GC(501) Survivor regions: 4->5(7)
[2024-06-01T16:40:33.477-0300][gc,heap       ] GC(501) Old regions: 89->90
[2024-06-01T16:40:33.477-0300][gc,heap       ] GC(501) Humongous regions: 129->129
[2024-06-01T16:40:33.477-0300][gc,metaspace  ] GC(501) Metaspace: 45716K(48924K)->45716K(48924K) NonClass: 39977K(41680K)->39977K(41680K) Class: 5738K(7244K)->5738K(7244K)
[2024-06-01T16:40:33.477-0300][gc            ] GC(501) Pause Young (Normal) (G1 Evacuation Pause) 272M->221M(1024M) 18,939ms
[2024-06-01T16:40:33.477-0300][gc,cpu        ] GC(501) User=0,07s Sys=0,00s Real=0,02s
[2024-06-01T16:41:07.033-0300][gc,start      ] GC(502) Pause Young (Normal) (G1 Evacuation Pause)
[2024-06-01T16:41:07.033-0300][gc,task       ] GC(502) Using 4 workers of 4 for evacuation
[2024-06-01T16:41:07.052-0300][gc,phases     ] GC(502)   Pre Evacuate Collection Set: 0,1ms
[2024-06-01T16:41:07.052-0300][gc,phases     ] GC(502)   Evacuate Collection Set: 17,6ms
[2024-06-01T16:41:07.052-0300][gc,phases     ] GC(502)   Post Evacuate Collection Set: 1,0ms
[2024-06-01T16:41:07.052-0300][gc,phases     ] GC(502)   Other: 0,4ms
[2024-06-01T16:41:07.052-0300][gc,heap       ] GC(502) Eden regions: 53->0(53)
[2024-06-01T16:41:07.052-0300][gc,heap       ] GC(502) Survivor regions: 5->6(8)
[2024-06-01T16:41:07.052-0300][gc,heap       ] GC(502) Old regions: 90->90
[2024-06-01T16:41:07.052-0300][gc,heap       ] GC(502) Humongous regions: 129->129
[2024-06-01T16:41:07.052-0300][gc,metaspace  ] GC(502) Metaspace: 45717K(48924K)->45717K(48924K) NonClass: 39979K(41680K)->39979K(41680K) Class: 5738K(7244K)->5738K(7244K)
[2024-06-01T16:41:07.052-0300][gc            ] GC(502) Pause Young (Normal) (G1 Evacuation Pause) 274M->222M(1024M) 19,292ms
[2024-06-01T16:41:07.052-0300][gc,cpu        ] GC(502) User=0,07s Sys=0,00s Real=0,02s
[2024-06-01T16:41:35.922-0300][gc,start      ] GC(503) Pause Young (Normal) (G1 Evacuation Pause)
[2024-06-01T16:41:35.922-0300][gc,task       ] GC(503) Using 4 workers of 4 for evacuation
[2024-06-01T16:41:35.944-0300][gc,mmu        ] GC(503) MMU target violated: 21,0ms (20,0ms/21,0ms)
[2024-06-01T16:41:35.944-0300][gc,phases     ] GC(503)   Pre Evacuate Collection Set: 0,1ms
[2024-06-01T16:41:35.944-0300][gc,phases     ] GC(503)   Evacuate Collection Set: 20,1ms
[2024-06-01T16:41:35.944-0300][gc,phases     ] GC(503)   Post Evacuate Collection Set: 1,0ms
[2024-06-01T16:41:35.944-0300][gc,phases     ] GC(503)   Other: 0,5ms
[2024-06-01T16:41:35.944-0300][gc,heap       ] GC(503) Eden regions: 45->0(51)
[2024-06-01T16:41:35.944-0300][gc,heap       ] GC(503) Survivor regions: 6->5(7)
[2024-06-01T16:41:35.944-0300][gc,heap       ] GC(503) Old regions: 90->92
[2024-06-01T16:41:35.944-0300][gc,heap       ] GC(503) Humongous regions: 129->129
[2024-06-01T16:41:35.944-0300][gc,metaspace  ] GC(503) Metaspace: 45717K(48924K)->45717K(48924K) NonClass: 39979K(41680K)->39979K(41680K) Class: 5738K(7244K)->5738K(7244K)
[2024-06-01T16:41:35.944-0300][gc            ] GC(503) Pause Young (Normal) (G1 Evacuation Pause) 267M->223M(1024M) 21,929ms
[2024-06-01T16:41:35.944-0300][gc,cpu        ] GC(503) User=0,07s Sys=0,01s Real=0,02s
[2024-06-01T16:42:08.703-0300][gc,start      ] GC(504) Pause Young (Normal) (G1 Evacuation Pause)
[2024-06-01T16:42:08.704-0300][gc,task       ] GC(504) Using 4 workers of 4 for evacuation
[2024-06-01T16:42:08.724-0300][gc,mmu        ] GC(504) MMU target violated: 20,1ms (20,0ms/21,0ms)
[2024-06-01T16:42:08.724-0300][gc,phases     ] GC(504)   Pre Evacuate Collection Set: 0,1ms
[2024-06-01T16:42:08.724-0300][gc,phases     ] GC(504)   Evacuate Collection Set: 18,5ms
[2024-06-01T16:42:08.724-0300][gc,phases     ] GC(504)   Post Evacuate Collection Set: 1,3ms
[2024-06-01T16:42:08.724-0300][gc,phases     ] GC(504)   Other: 0,5ms
[2024-06-01T16:42:08.724-0300][gc,heap       ] GC(504) Eden regions: 51->0(52)
[2024-06-01T16:42:08.724-0300][gc,heap       ] GC(504) Survivor regions: 5->5(7)
[2024-06-01T16:42:08.724-0300][gc,heap       ] GC(504) Old regions: 92->93
[2024-06-01T16:42:08.724-0300][gc,heap       ] GC(504) Humongous regions: 129->129
[2024-06-01T16:42:08.724-0300][gc,metaspace  ] GC(504) Metaspace: 45717K(48924K)->45717K(48924K) NonClass: 39979K(41680K)->39979K(41680K) Class: 5738K(7244K)->5738K(7244K)
[2024-06-01T16:42:08.724-0300][gc            ] GC(504) Pause Young (Normal) (G1 Evacuation Pause) 274M->224M(1024M) 20,597ms
[2024-06-01T16:42:08.724-0300][gc,cpu        ] GC(504) User=0,07s Sys=0,01s Real=0,02s
[2024-06-01T16:42:37.980-0300][gc,start      ] GC(505) Pause Young (Normal) (G1 Evacuation Pause)
[2024-06-01T16:42:37.980-0300][gc,task       ] GC(505) Using 4 workers of 4 for evacuation
[2024-06-01T16:42:38.000-0300][gc,phases     ] GC(505)   Pre Evacuate Collection Set: 0,1ms
[2024-06-01T16:42:38.000-0300][gc,phases     ] GC(505)   Evacuate Collection Set: 18,8ms
[2024-06-01T16:42:38.000-0300][gc,phases     ] GC(505)   Post Evacuate Collection Set: 1,0ms
[2024-06-01T16:42:38.000-0300][gc,phases     ] GC(505)   Other: 0,4ms
[2024-06-01T16:42:38.000-0300][gc,heap       ] GC(505) Eden regions: 46->0(53)
[2024-06-01T16:42:38.000-0300][gc,heap       ] GC(505) Survivor regions: 5->5(7)
[2024-06-01T16:42:38.000-0300][gc,heap       ] GC(505) Old regions: 93->94
[2024-06-01T16:42:38.000-0300][gc,heap       ] GC(505) Humongous regions: 129->129
[2024-06-01T16:42:38.000-0300][gc,metaspace  ] GC(505) Metaspace: 45717K(48924K)->45717K(48924K) NonClass: 39979K(41680K)->39979K(41680K) Class: 5738K(7244K)->5738K(7244K)
[2024-06-01T16:42:38.001-0300][gc            ] GC(505) Pause Young (Normal) (G1 Evacuation Pause) 270M->225M(1024M) 20,439ms
[2024-06-01T16:42:38.001-0300][gc,cpu        ] GC(505) User=0,07s Sys=0,01s Real=0,02s
[2024-06-01T16:43:10.881-0300][gc,start      ] GC(506) Pause Young (Normal) (G1 Evacuation Pause)
[2024-06-01T16:43:10.881-0300][gc,task       ] GC(506) Using 4 workers of 4 for evacuation
[2024-06-01T16:43:10.900-0300][gc,phases     ] GC(506)   Pre Evacuate Collection Set: 0,1ms
[2024-06-01T16:43:10.900-0300][gc,phases     ] GC(506)   Evacuate Collection Set: 17,6ms
[2024-06-01T16:43:10.900-0300][gc,phases     ] GC(506)   Post Evacuate Collection Set: 1,0ms
[2024-06-01T16:43:10.900-0300][gc,phases     ] GC(506)   Other: 0,4ms
[2024-06-01T16:43:10.900-0300][gc,heap       ] GC(506) Eden regions: 52->0(55)
[2024-06-01T16:43:10.900-0300][gc,heap       ] GC(506) Survivor regions: 5->6(8)
[2024-06-01T16:43:10.900-0300][gc,heap       ] GC(506) Old regions: 94->94
[2024-06-01T16:43:10.900-0300][gc,heap       ] GC(506) Humongous regions: 129->129
[2024-06-01T16:43:10.900-0300][gc,metaspace  ] GC(506) Metaspace: 45717K(48924K)->45717K(48924K) NonClass: 39979K(41680K)->39979K(41680K) Class: 5738K(7244K)->5738K(7244K)
[2024-06-01T16:43:10.900-0300][gc            ] GC(506) Pause Young (Normal) (G1 Evacuation Pause) 277M->226M(1024M) 19,395ms
[2024-06-01T16:43:10.900-0300][gc,cpu        ] GC(506) User=0,07s Sys=0,00s Real=0,02s
[2024-06-01T16:43:39.979-0300][gc,start      ] GC(507) Pause Young (Normal) (G1 Evacuation Pause)
[2024-06-01T16:43:39.979-0300][gc,task       ] GC(507) Using 4 workers of 4 for evacuation
[2024-06-01T16:43:40.000-0300][gc,mmu        ] GC(507) MMU target violated: 20,6ms (20,0ms/21,0ms)
[2024-06-01T16:43:40.000-0300][gc,phases     ] GC(507)   Pre Evacuate Collection Set: 0,1ms
[2024-06-01T16:43:40.000-0300][gc,phases     ] GC(507)   Evacuate Collection Set: 19,3ms
[2024-06-01T16:43:40.000-0300][gc,phases     ] GC(507)   Post Evacuate Collection Set: 1,1ms
[2024-06-01T16:43:40.000-0300][gc,phases     ] GC(507)   Other: 0,5ms
[2024-06-01T16:43:40.000-0300][gc,heap       ] GC(507) Eden regions: 45->0(53)
[2024-06-01T16:43:40.000-0300][gc,heap       ] GC(507) Survivor regions: 6->5(7)
[2024-06-01T16:43:40.000-0300][gc,heap       ] GC(507) Old regions: 94->96
[2024-06-01T16:43:40.000-0300][gc,heap       ] GC(507) Humongous regions: 129->129
[2024-06-01T16:43:40.000-0300][gc,metaspace  ] GC(507) Metaspace: 45717K(48924K)->45717K(48924K) NonClass: 39979K(41680K)->39979K(41680K) Class: 5738K(7244K)->5738K(7244K)
[2024-06-01T16:43:40.000-0300][gc            ] GC(507) Pause Young (Normal) (G1 Evacuation Pause) 271M->227M(1024M) 21,114ms
[2024-06-01T16:43:40.000-0300][gc,cpu        ] GC(507) User=0,08s Sys=0,00s Real=0,02s
[2024-06-01T16:44:13.763-0300][gc,start      ] GC(508) Pause Young (Normal) (G1 Evacuation Pause)
[2024-06-01T16:44:13.763-0300][gc,task       ] GC(508) Using 4 workers of 4 for evacuation
[2024-06-01T16:44:13.781-0300][gc,phases     ] GC(508)   Pre Evacuate Collection Set: 0,1ms
[2024-06-01T16:44:13.781-0300][gc,phases     ] GC(508)   Evacuate Collection Set: 16,7ms
[2024-06-01T16:44:13.781-0300][gc,phases     ] GC(508)   Post Evacuate Collection Set: 1,1ms
[2024-06-01T16:44:13.782-0300][gc,phases     ] GC(508)   Other: 0,4ms
[2024-06-01T16:44:13.782-0300][gc,heap       ] GC(508) Eden regions: 53->0(54)
[2024-06-01T16:44:13.782-0300][gc,heap       ] GC(508) Survivor regions: 5->5(8)
[2024-06-01T16:44:13.782-0300][gc,heap       ] GC(508) Old regions: 96->96
[2024-06-01T16:44:13.782-0300][gc,heap       ] GC(508) Humongous regions: 129->129
[2024-06-01T16:44:13.782-0300][gc,metaspace  ] GC(508) Metaspace: 45717K(48924K)->45717K(48924K) NonClass: 39979K(41680K)->39979K(41680K) Class: 5738K(7244K)->5738K(7244K)
[2024-06-01T16:44:13.782-0300][gc            ] GC(508) Pause Young (Normal) (G1 Evacuation Pause) 280M->227M(1024M) 18,592ms
[2024-06-01T16:44:13.782-0300][gc,cpu        ] GC(508) User=0,07s Sys=0,00s Real=0,02s
[2024-06-01T16:44:43.153-0300][gc,start      ] GC(509) Pause Young (Normal) (G1 Evacuation Pause)
[2024-06-01T16:44:43.153-0300][gc,task       ] GC(509) Using 4 workers of 4 for evacuation
[2024-06-01T16:44:43.161-0300][gc,phases     ] GC(509)   Pre Evacuate Collection Set: 0,0ms
[2024-06-01T16:44:43.161-0300][gc,phases     ] GC(509)   Evacuate Collection Set: 6,8ms
[2024-06-01T16:44:43.161-0300][gc,phases     ] GC(509)   Post Evacuate Collection Set: 0,6ms
[2024-06-01T16:44:43.161-0300][gc,phases     ] GC(509)   Other: 0,2ms
[2024-06-01T16:44:43.161-0300][gc,heap       ] GC(509) Eden regions: 46->0(54)
[2024-06-01T16:44:43.161-0300][gc,heap       ] GC(509) Survivor regions: 5->5(7)
[2024-06-01T16:44:43.161-0300][gc,heap       ] GC(509) Old regions: 96->97
[2024-06-01T16:44:43.161-0300][gc,heap       ] GC(509) Humongous regions: 129->129
[2024-06-01T16:44:43.161-0300][gc,metaspace  ] GC(509) Metaspace: 45717K(48924K)->45717K(48924K) NonClass: 39979K(41680K)->39979K(41680K) Class: 5738K(7244K)->5738K(7244K)
[2024-06-01T16:44:43.161-0300][gc            ] GC(509) Pause Young (Normal) (G1 Evacuation Pause) 273M->229M(1024M) 7,747ms
[2024-06-01T16:44:43.161-0300][gc,cpu        ] GC(509) User=0,02s Sys=0,00s Real=0,01s
[2024-06-01T16:45:12.476-0300][gc,start      ] GC(510) Pause Young (Normal) (G1 Evacuation Pause)
[2024-06-01T16:45:12.476-0300][gc,task       ] GC(510) Using 4 workers of 4 for evacuation
[2024-06-01T16:45:12.496-0300][gc,mmu        ] GC(510) MMU target violated: 20,2ms (20,0ms/21,0ms)
[2024-06-01T16:45:12.496-0300][gc,phases     ] GC(510)   Pre Evacuate Collection Set: 0,1ms
[2024-06-01T16:45:12.496-0300][gc,phases     ] GC(510)   Evacuate Collection Set: 19,0ms
[2024-06-01T16:45:12.496-0300][gc,phases     ] GC(510)   Post Evacuate Collection Set: 1,0ms
[2024-06-01T16:45:12.496-0300][gc,phases     ] GC(510)   Other: 0,5ms
[2024-06-01T16:45:12.496-0300][gc,heap       ] GC(510) Eden regions: 46->0(50)
[2024-06-01T16:45:12.496-0300][gc,heap       ] GC(510) Survivor regions: 5->4(7)
[2024-06-01T16:45:12.496-0300][gc,heap       ] GC(510) Old regions: 97->99
[2024-06-01T16:45:12.496-0300][gc,heap       ] GC(510) Humongous regions: 129->129
[2024-06-01T16:45:12.496-0300][gc,metaspace  ] GC(510) Metaspace: 45717K(48924K)->45717K(48924K) NonClass: 39979K(41680K)->39979K(41680K) Class: 5738K(7244K)->5738K(7244K)
[2024-06-01T16:45:12.496-0300][gc            ] GC(510) Pause Young (Normal) (G1 Evacuation Pause) 275M->230M(1024M) 20,723ms
[2024-06-01T16:45:12.496-0300][gc,cpu        ] GC(510) User=0,08s Sys=0,01s Real=0,02s
[2024-06-01T16:45:45.073-0300][gc,start      ] GC(511) Pause Young (Normal) (G1 Evacuation Pause)
[2024-06-01T16:45:45.073-0300][gc,task       ] GC(511) Using 4 workers of 4 for evacuation
[2024-06-01T16:45:45.092-0300][gc,phases     ] GC(511)   Pre Evacuate Collection Set: 0,1ms
[2024-06-01T16:45:45.092-0300][gc,phases     ] GC(511)   Evacuate Collection Set: 17,5ms
[2024-06-01T16:45:45.092-0300][gc,phases     ] GC(511)   Post Evacuate Collection Set: 1,1ms
[2024-06-01T16:45:45.092-0300][gc,phases     ] GC(511)   Other: 0,4ms
[2024-06-01T16:45:45.092-0300][gc,heap       ] GC(511) Eden regions: 50->0(51)
[2024-06-01T16:45:45.092-0300][gc,heap       ] GC(511) Survivor regions: 4->5(7)
[2024-06-01T16:45:45.092-0300][gc,heap       ] GC(511) Old regions: 99->100
[2024-06-01T16:45:45.092-0300][gc,heap       ] GC(511) Humongous regions: 129->129
[2024-06-01T16:45:45.092-0300][gc,metaspace  ] GC(511) Metaspace: 45718K(48924K)->45718K(48924K) NonClass: 39980K(41680K)->39980K(41680K) Class: 5738K(7244K)->5738K(7244K)
[2024-06-01T16:45:45.092-0300][gc            ] GC(511) Pause Young (Normal) (G1 Evacuation Pause) 280M->231M(1024M) 19,295ms
[2024-06-01T16:45:45.092-0300][gc,cpu        ] GC(511) User=0,07s Sys=0,00s Real=0,02s
[2024-06-01T16:46:17.605-0300][gc,start      ] GC(512) Pause Young (Normal) (G1 Evacuation Pause)
[2024-06-01T16:46:17.605-0300][gc,task       ] GC(512) Using 4 workers of 4 for evacuation
[2024-06-01T16:46:17.612-0300][gc,phases     ] GC(512)   Pre Evacuate Collection Set: 0,0ms
[2024-06-01T16:46:17.612-0300][gc,phases     ] GC(512)   Evacuate Collection Set: 6,4ms
[2024-06-01T16:46:17.612-0300][gc,phases     ] GC(512)   Post Evacuate Collection Set: 0,5ms
[2024-06-01T16:46:17.612-0300][gc,phases     ] GC(512)   Other: 0,2ms
[2024-06-01T16:46:17.612-0300][gc,heap       ] GC(512) Eden regions: 51->0(56)
[2024-06-01T16:46:17.612-0300][gc,heap       ] GC(512) Survivor regions: 5->5(7)
[2024-06-01T16:46:17.612-0300][gc,heap       ] GC(512) Old regions: 100->101
[2024-06-01T16:46:17.612-0300][gc,heap       ] GC(512) Humongous regions: 129->129
[2024-06-01T16:46:17.612-0300][gc,metaspace  ] GC(512) Metaspace: 45718K(48924K)->45718K(48924K) NonClass: 39980K(41680K)->39980K(41680K) Class: 5738K(7244K)->5738K(7244K)
[2024-06-01T16:46:17.612-0300][gc            ] GC(512) Pause Young (Normal) (G1 Evacuation Pause) 282M->232M(1024M) 7,290ms
[2024-06-01T16:46:17.612-0300][gc,cpu        ] GC(512) User=0,02s Sys=0,01s Real=0,01s
[2024-06-01T16:46:53.425-0300][gc,start      ] GC(513) Pause Young (Normal) (G1 Evacuation Pause)
[2024-06-01T16:46:53.426-0300][gc,task       ] GC(513) Using 4 workers of 4 for evacuation
[2024-06-01T16:46:53.445-0300][gc,phases     ] GC(513)   Pre Evacuate Collection Set: 0,1ms
[2024-06-01T16:46:53.445-0300][gc,phases     ] GC(513)   Evacuate Collection Set: 18,2ms
[2024-06-01T16:46:53.445-0300][gc,phases     ] GC(513)   Post Evacuate Collection Set: 1,1ms
[2024-06-01T16:46:53.445-0300][gc,phases     ] GC(513)   Other: 0,4ms
[2024-06-01T16:46:53.445-0300][gc,heap       ] GC(513) Eden regions: 56->0(55)
[2024-06-01T16:46:53.445-0300][gc,heap       ] GC(513) Survivor regions: 5->6(8)
[2024-06-01T16:46:53.445-0300][gc,heap       ] GC(513) Old regions: 101->101
[2024-06-01T16:46:53.445-0300][gc,heap       ] GC(513) Humongous regions: 129->129
[2024-06-01T16:46:53.445-0300][gc,metaspace  ] GC(513) Metaspace: 45718K(48924K)->45718K(48924K) NonClass: 39980K(41680K)->39980K(41680K) Class: 5738K(7244K)->5738K(7244K)
[2024-06-01T16:46:53.446-0300][gc            ] GC(513) Pause Young (Normal) (G1 Evacuation Pause) 288M->233M(1024M) 20,053ms
[2024-06-01T16:46:53.446-0300][gc,cpu        ] GC(513) User=0,07s Sys=0,00s Real=0,02s
[2024-06-01T16:47:22.501-0300][gc,start      ] GC(514) Pause Young (Normal) (G1 Evacuation Pause)
[2024-06-01T16:47:22.501-0300][gc,task       ] GC(514) Using 4 workers of 4 for evacuation
[2024-06-01T16:47:22.522-0300][gc,mmu        ] GC(514) MMU target violated: 21,0ms (20,0ms/21,0ms)
[2024-06-01T16:47:22.523-0300][gc,phases     ] GC(514)   Pre Evacuate Collection Set: 0,1ms
[2024-06-01T16:47:22.523-0300][gc,phases     ] GC(514)   Evacuate Collection Set: 20,4ms
[2024-06-01T16:47:22.523-0300][gc,phases     ] GC(514)   Post Evacuate Collection Set: 1,1ms
[2024-06-01T16:47:22.523-0300][gc,phases     ] GC(514)   Other: 0,5ms
[2024-06-01T16:47:22.523-0300][gc,heap       ] GC(514) Eden regions: 46->0(51)
[2024-06-01T16:47:22.523-0300][gc,heap       ] GC(514) Survivor regions: 6->5(7)
[2024-06-01T16:47:22.523-0300][gc,heap       ] GC(514) Old regions: 101->103
[2024-06-01T16:47:22.523-0300][gc,heap       ] GC(514) Humongous regions: 129->129
[2024-06-01T16:47:22.523-0300][gc,metaspace  ] GC(514) Metaspace: 45718K(48924K)->45718K(48924K) NonClass: 39980K(41680K)->39980K(41680K) Class: 5738K(7244K)->5738K(7244K)
[2024-06-01T16:47:22.523-0300][gc            ] GC(514) Pause Young (Normal) (G1 Evacuation Pause) 279M->234M(1024M) 22,249ms
[2024-06-01T16:47:22.523-0300][gc,cpu        ] GC(514) User=0,08s Sys=0,00s Real=0,02s
[2024-06-01T16:47:51.055-0300][gc,start      ] GC(515) Pause Young (Normal) (G1 Evacuation Pause)
[2024-06-01T16:47:51.055-0300][gc,task       ] GC(515) Using 4 workers of 4 for evacuation
[2024-06-01T16:47:51.075-0300][gc,phases     ] GC(515)   Pre Evacuate Collection Set: 0,1ms
[2024-06-01T16:47:51.075-0300][gc,phases     ] GC(515)   Evacuate Collection Set: 18,4ms
[2024-06-01T16:47:51.075-0300][gc,phases     ] GC(515)   Post Evacuate Collection Set: 1,0ms
[2024-06-01T16:47:51.075-0300][gc,phases     ] GC(515)   Other: 0,5ms
[2024-06-01T16:47:51.075-0300][gc,heap       ] GC(515) Eden regions: 46->0(52)
[2024-06-01T16:47:51.075-0300][gc,heap       ] GC(515) Survivor regions: 5->5(7)
[2024-06-01T16:47:51.075-0300][gc,heap       ] GC(515) Old regions: 103->104
[2024-06-01T16:47:51.075-0300][gc,heap       ] GC(515) Humongous regions: 129->129
[2024-06-01T16:47:51.075-0300][gc,metaspace  ] GC(515) Metaspace: 45718K(48924K)->45718K(48924K) NonClass: 39980K(41680K)->39980K(41680K) Class: 5738K(7244K)->5738K(7244K)
[2024-06-01T16:47:51.075-0300][gc            ] GC(515) Pause Young (Normal) (G1 Evacuation Pause) 280M->235M(1024M) 20,234ms
[2024-06-01T16:47:51.075-0300][gc,cpu        ] GC(515) User=0,07s Sys=0,00s Real=0,03s
[2024-06-01T16:48:24.557-0300][gc,start      ] GC(516) Pause Young (Normal) (G1 Evacuation Pause)
[2024-06-01T16:48:24.557-0300][gc,task       ] GC(516) Using 4 workers of 4 for evacuation
[2024-06-01T16:48:24.576-0300][gc,phases     ] GC(516)   Pre Evacuate Collection Set: 0,1ms
[2024-06-01T16:48:24.576-0300][gc,phases     ] GC(516)   Evacuate Collection Set: 17,1ms
[2024-06-01T16:48:24.576-0300][gc,phases     ] GC(516)   Post Evacuate Collection Set: 1,0ms
[2024-06-01T16:48:24.576-0300][gc,phases     ] GC(516)   Other: 0,5ms
[2024-06-01T16:48:24.576-0300][gc,heap       ] GC(516) Eden regions: 52->0(52)
[2024-06-01T16:48:24.576-0300][gc,heap       ] GC(516) Survivor regions: 5->5(8)
[2024-06-01T16:48:24.576-0300][gc,heap       ] GC(516) Old regions: 104->104
[2024-06-01T16:48:24.576-0300][gc,heap       ] GC(516) Humongous regions: 129->129
[2024-06-01T16:48:24.576-0300][gc,metaspace  ] GC(516) Metaspace: 45718K(48924K)->45718K(48924K) NonClass: 39980K(41680K)->39980K(41680K) Class: 5738K(7244K)->5738K(7244K)
[2024-06-01T16:48:24.576-0300][gc            ] GC(516) Pause Young (Normal) (G1 Evacuation Pause) 287M->235M(1024M) 18,864ms
[2024-06-01T16:48:24.576-0300][gc,cpu        ] GC(516) User=0,07s Sys=0,00s Real=0,02s
[2024-06-01T16:48:54.005-0300][gc,start      ] GC(517) Pause Young (Normal) (G1 Evacuation Pause)
[2024-06-01T16:48:54.005-0300][gc,task       ] GC(517) Using 4 workers of 4 for evacuation
[2024-06-01T16:48:54.018-0300][gc,phases     ] GC(517)   Pre Evacuate Collection Set: 0,0ms
[2024-06-01T16:48:54.018-0300][gc,phases     ] GC(517)   Evacuate Collection Set: 11,7ms
[2024-06-01T16:48:54.018-0300][gc,phases     ] GC(517)   Post Evacuate Collection Set: 0,8ms
[2024-06-01T16:48:54.018-0300][gc,phases     ] GC(517)   Other: 0,3ms
[2024-06-01T16:48:54.018-0300][gc,heap       ] GC(517) Eden regions: 46->0(52)
[2024-06-01T16:48:54.018-0300][gc,heap       ] GC(517) Survivor regions: 5->5(7)
[2024-06-01T16:48:54.018-0300][gc,heap       ] GC(517) Old regions: 104->105
[2024-06-01T16:48:54.018-0300][gc,heap       ] GC(517) Humongous regions: 129->129
[2024-06-01T16:48:54.018-0300][gc,metaspace  ] GC(517) Metaspace: 45718K(48924K)->45718K(48924K) NonClass: 39980K(41680K)->39980K(41680K) Class: 5738K(7244K)->5738K(7244K)
[2024-06-01T16:48:54.018-0300][gc            ] GC(517) Pause Young (Normal) (G1 Evacuation Pause) 281M->236M(1024M) 12,964ms
[2024-06-01T16:48:54.018-0300][gc,cpu        ] GC(517) User=0,04s Sys=0,00s Real=0,02s
[2024-06-01T16:49:25.212-0300][gc,start      ] GC(518) Pause Young (Normal) (G1 Evacuation Pause)
[2024-06-01T16:49:25.213-0300][gc,task       ] GC(518) Using 4 workers of 4 for evacuation
[2024-06-01T16:49:25.233-0300][gc,mmu        ] GC(518) MMU target violated: 20,5ms (20,0ms/21,0ms)
[2024-06-01T16:49:25.233-0300][gc,phases     ] GC(518)   Pre Evacuate Collection Set: 0,1ms
[2024-06-01T16:49:25.233-0300][gc,phases     ] GC(518)   Evacuate Collection Set: 19,2ms
[2024-06-01T16:49:25.233-0300][gc,phases     ] GC(518)   Post Evacuate Collection Set: 1,1ms
[2024-06-01T16:49:25.233-0300][gc,phases     ] GC(518)   Other: 0,5ms
[2024-06-01T16:49:25.233-0300][gc,heap       ] GC(518) Eden regions: 49->0(50)
[2024-06-01T16:49:25.233-0300][gc,heap       ] GC(518) Survivor regions: 5->5(7)
[2024-06-01T16:49:25.233-0300][gc,heap       ] GC(518) Old regions: 105->106
[2024-06-01T16:49:25.233-0300][gc,heap       ] GC(518) Humongous regions: 129->129
[2024-06-01T16:49:25.233-0300][gc,metaspace  ] GC(518) Metaspace: 45718K(48924K)->45718K(48924K) NonClass: 39980K(41680K)->39980K(41680K) Class: 5738K(7244K)->5738K(7244K)
[2024-06-01T16:49:25.234-0300][gc            ] GC(518) Pause Young (Normal) (G1 Evacuation Pause) 285M->237M(1024M) 21,036ms
[2024-06-01T16:49:25.234-0300][gc,cpu        ] GC(518) User=0,07s Sys=0,00s Real=0,02s
[2024-06-01T16:49:56.855-0300][gc,start      ] GC(519) Pause Young (Normal) (G1 Evacuation Pause)
[2024-06-01T16:49:56.855-0300][gc,task       ] GC(519) Using 4 workers of 4 for evacuation
[2024-06-01T16:49:56.875-0300][gc,mmu        ] GC(519) MMU target violated: 20,6ms (20,0ms/21,0ms)
[2024-06-01T16:49:56.875-0300][gc,phases     ] GC(519)   Pre Evacuate Collection Set: 0,1ms
[2024-06-01T16:49:56.875-0300][gc,phases     ] GC(519)   Evacuate Collection Set: 19,3ms
[2024-06-01T16:49:56.875-0300][gc,phases     ] GC(519)   Post Evacuate Collection Set: 1,0ms
[2024-06-01T16:49:56.876-0300][gc,phases     ] GC(519)   Other: 0,5ms
[2024-06-01T16:49:56.876-0300][gc,heap       ] GC(519) Eden regions: 50->0(51)
[2024-06-01T16:49:56.876-0300][gc,heap       ] GC(519) Survivor regions: 5->5(7)
[2024-06-01T16:49:56.876-0300][gc,heap       ] GC(519) Old regions: 106->107
[2024-06-01T16:49:56.876-0300][gc,heap       ] GC(519) Humongous regions: 129->129
[2024-06-01T16:49:56.876-0300][gc,metaspace  ] GC(519) Metaspace: 45718K(48924K)->45718K(48924K) NonClass: 39980K(41680K)->39980K(41680K) Class: 5738K(7244K)->5738K(7244K)
[2024-06-01T16:49:56.876-0300][gc            ] GC(519) Pause Young (Normal) (G1 Evacuation Pause) 287M->238M(1024M) 21,164ms
[2024-06-01T16:49:56.876-0300][gc,cpu        ] GC(519) User=0,08s Sys=0,00s Real=0,03s
[2024-06-01T16:50:29.166-0300][gc,start      ] GC(520) Pause Young (Normal) (G1 Evacuation Pause)
[2024-06-01T16:50:29.166-0300][gc,task       ] GC(520) Using 4 workers of 4 for evacuation
[2024-06-01T16:50:29.173-0300][gc,phases     ] GC(520)   Pre Evacuate Collection Set: 0,0ms
[2024-06-01T16:50:29.174-0300][gc,phases     ] GC(520)   Evacuate Collection Set: 6,7ms
[2024-06-01T16:50:29.174-0300][gc,phases     ] GC(520)   Post Evacuate Collection Set: 0,5ms
[2024-06-01T16:50:29.174-0300][gc,phases     ] GC(520)   Other: 0,2ms
[2024-06-01T16:50:29.174-0300][gc,heap       ] GC(520) Eden regions: 51->0(57)
[2024-06-01T16:50:29.174-0300][gc,heap       ] GC(520) Survivor regions: 5->5(7)
[2024-06-01T16:50:29.174-0300][gc,heap       ] GC(520) Old regions: 107->108
[2024-06-01T16:50:29.174-0300][gc,heap       ] GC(520) Humongous regions: 129->129
[2024-06-01T16:50:29.174-0300][gc,metaspace  ] GC(520) Metaspace: 45718K(48924K)->45718K(48924K) NonClass: 39980K(41680K)->39980K(41680K) Class: 5738K(7244K)->5738K(7244K)
[2024-06-01T16:50:29.174-0300][gc            ] GC(520) Pause Young (Normal) (G1 Evacuation Pause) 289M->240M(1024M) 7,547ms
[2024-06-01T16:50:29.174-0300][gc,cpu        ] GC(520) User=0,02s Sys=0,00s Real=0,01s
[2024-06-01T16:51:05.072-0300][gc,start      ] GC(521) Pause Young (Normal) (G1 Evacuation Pause)
[2024-06-01T16:51:05.073-0300][gc,task       ] GC(521) Using 4 workers of 4 for evacuation
[2024-06-01T16:51:05.093-0300][gc,mmu        ] GC(521) MMU target violated: 20,1ms (20,0ms/21,0ms)
[2024-06-01T16:51:05.093-0300][gc,phases     ] GC(521)   Pre Evacuate Collection Set: 0,1ms
[2024-06-01T16:51:05.093-0300][gc,phases     ] GC(521)   Evacuate Collection Set: 18,8ms
[2024-06-01T16:51:05.093-0300][gc,phases     ] GC(521)   Post Evacuate Collection Set: 1,1ms
[2024-06-01T16:51:05.093-0300][gc,phases     ] GC(521)   Other: 0,5ms
[2024-06-01T16:51:05.093-0300][gc,heap       ] GC(521) Eden regions: 57->0(56)
[2024-06-01T16:51:05.093-0300][gc,heap       ] GC(521) Survivor regions: 5->6(8)
[2024-06-01T16:51:05.093-0300][gc,heap       ] GC(521) Old regions: 108->108
[2024-06-01T16:51:05.093-0300][gc,heap       ] GC(521) Humongous regions: 129->129
[2024-06-01T16:51:05.093-0300][gc,metaspace  ] GC(521) Metaspace: 45718K(48924K)->45718K(48924K) NonClass: 39980K(41680K)->39980K(41680K) Class: 5738K(7244K)->5738K(7244K)
[2024-06-01T16:51:05.093-0300][gc            ] GC(521) Pause Young (Normal) (G1 Evacuation Pause) 297M->241M(1024M) 20,679ms
[2024-06-01T16:51:05.093-0300][gc,cpu        ] GC(521) User=0,07s Sys=0,00s Real=0,02s
[2024-06-01T16:51:33.931-0300][gc,start      ] GC(522) Pause Young (Normal) (G1 Evacuation Pause)
[2024-06-01T16:51:33.932-0300][gc,task       ] GC(522) Using 4 workers of 4 for evacuation
[2024-06-01T16:51:33.953-0300][gc,mmu        ] GC(522) MMU target violated: 21,0ms (20,0ms/21,0ms)
[2024-06-01T16:51:33.953-0300][gc,phases     ] GC(522)   Pre Evacuate Collection Set: 0,1ms
[2024-06-01T16:51:33.953-0300][gc,phases     ] GC(522)   Evacuate Collection Set: 19,8ms
[2024-06-01T16:51:33.953-0300][gc,phases     ] GC(522)   Post Evacuate Collection Set: 1,1ms
[2024-06-01T16:51:33.953-0300][gc,phases     ] GC(522)   Other: 0,5ms
[2024-06-01T16:51:33.953-0300][gc,heap       ] GC(522) Eden regions: 45->0(51)
[2024-06-01T16:51:33.953-0300][gc,heap       ] GC(522) Survivor regions: 6->5(7)
[2024-06-01T16:51:33.953-0300][gc,heap       ] GC(522) Old regions: 108->110
[2024-06-01T16:51:33.953-0300][gc,heap       ] GC(522) Humongous regions: 129->129
[2024-06-01T16:51:33.953-0300][gc,metaspace  ] GC(522) Metaspace: 45718K(48924K)->45718K(48924K) NonClass: 39980K(41680K)->39980K(41680K) Class: 5738K(7244K)->5738K(7244K)
[2024-06-01T16:51:33.953-0300][gc            ] GC(522) Pause Young (Normal) (G1 Evacuation Pause) 286M->242M(1024M) 21,719ms
[2024-06-01T16:51:33.953-0300][gc,cpu        ] GC(522) User=0,08s Sys=0,00s Real=0,02s
[2024-06-01T16:52:06.171-0300][gc,start      ] GC(523) Pause Young (Normal) (G1 Evacuation Pause)
[2024-06-01T16:52:06.171-0300][gc,task       ] GC(523) Using 4 workers of 4 for evacuation
[2024-06-01T16:52:06.192-0300][gc,mmu        ] GC(523) MMU target violated: 20,3ms (20,0ms/21,0ms)
[2024-06-01T16:52:06.192-0300][gc,phases     ] GC(523)   Pre Evacuate Collection Set: 0,1ms
[2024-06-01T16:52:06.192-0300][gc,phases     ] GC(523)   Evacuate Collection Set: 19,1ms
[2024-06-01T16:52:06.192-0300][gc,phases     ] GC(523)   Post Evacuate Collection Set: 1,0ms
[2024-06-01T16:52:06.192-0300][gc,phases     ] GC(523)   Other: 0,5ms
[2024-06-01T16:52:06.192-0300][gc,heap       ] GC(523) Eden regions: 51->0(53)
[2024-06-01T16:52:06.192-0300][gc,heap       ] GC(523) Survivor regions: 5->5(7)
[2024-06-01T16:52:06.192-0300][gc,heap       ] GC(523) Old regions: 110->111
[2024-06-01T16:52:06.192-0300][gc,heap       ] GC(523) Humongous regions: 129->129
[2024-06-01T16:52:06.192-0300][gc,metaspace  ] GC(523) Metaspace: 45718K(48924K)->45718K(48924K) NonClass: 39980K(41680K)->39980K(41680K) Class: 5738K(7244K)->5738K(7244K)
[2024-06-01T16:52:06.192-0300][gc            ] GC(523) Pause Young (Normal) (G1 Evacuation Pause) 293M->243M(1024M) 20,862ms
[2024-06-01T16:52:06.192-0300][gc,cpu        ] GC(523) User=0,07s Sys=0,00s Real=0,02s
[2024-06-01T16:52:39.800-0300][gc,start      ] GC(524) Pause Young (Normal) (G1 Evacuation Pause)
[2024-06-01T16:52:39.800-0300][gc,task       ] GC(524) Using 4 workers of 4 for evacuation
[2024-06-01T16:52:39.819-0300][gc,phases     ] GC(524)   Pre Evacuate Collection Set: 0,1ms
[2024-06-01T16:52:39.819-0300][gc,phases     ] GC(524)   Evacuate Collection Set: 17,4ms
[2024-06-01T16:52:39.819-0300][gc,phases     ] GC(524)   Post Evacuate Collection Set: 1,0ms
[2024-06-01T16:52:39.819-0300][gc,phases     ] GC(524)   Other: 0,4ms
[2024-06-01T16:52:39.819-0300][gc,heap       ] GC(524) Eden regions: 53->0(53)
[2024-06-01T16:52:39.819-0300][gc,heap       ] GC(524) Survivor regions: 5->4(8)
[2024-06-01T16:52:39.819-0300][gc,heap       ] GC(524) Old regions: 111->112
[2024-06-01T16:52:39.819-0300][gc,heap       ] GC(524) Humongous regions: 129->129
[2024-06-01T16:52:39.819-0300][gc,metaspace  ] GC(524) Metaspace: 45718K(48924K)->45718K(48924K) NonClass: 39980K(41680K)->39980K(41680K) Class: 5738K(7244K)->5738K(7244K)
[2024-06-01T16:52:39.819-0300][gc            ] GC(524) Pause Young (Normal) (G1 Evacuation Pause) 296M->243M(1024M) 19,057ms
[2024-06-01T16:52:39.819-0300][gc,cpu        ] GC(524) User=0,07s Sys=0,00s Real=0,02s
[2024-06-01T16:53:09.849-0300][gc,start      ] GC(525) Pause Young (Normal) (G1 Evacuation Pause)
[2024-06-01T16:53:09.849-0300][gc,task       ] GC(525) Using 4 workers of 4 for evacuation
[2024-06-01T16:53:09.857-0300][gc,phases     ] GC(525)   Pre Evacuate Collection Set: 0,0ms
[2024-06-01T16:53:09.857-0300][gc,phases     ] GC(525)   Evacuate Collection Set: 7,2ms
[2024-06-01T16:53:09.857-0300][gc,phases     ] GC(525)   Post Evacuate Collection Set: 0,5ms
[2024-06-01T16:53:09.857-0300][gc,phases     ] GC(525)   Other: 0,2ms
[2024-06-01T16:53:09.857-0300][gc,heap       ] GC(525) Eden regions: 47->0(52)
[2024-06-01T16:53:09.857-0300][gc,heap       ] GC(525) Survivor regions: 4->4(7)
[2024-06-01T16:53:09.857-0300][gc,heap       ] GC(525) Old regions: 112->113
[2024-06-01T16:53:09.857-0300][gc,heap       ] GC(525) Humongous regions: 129->129
[2024-06-01T16:53:09.857-0300][gc,metaspace  ] GC(525) Metaspace: 45718K(48924K)->45718K(48924K) NonClass: 39980K(41680K)->39980K(41680K) Class: 5738K(7244K)->5738K(7244K)
[2024-06-01T16:53:09.857-0300][gc            ] GC(525) Pause Young (Normal) (G1 Evacuation Pause) 290M->244M(1024M) 8,020ms
[2024-06-01T16:53:09.857-0300][gc,cpu        ] GC(525) User=0,03s Sys=0,00s Real=0,01s
[2024-06-01T16:53:43.234-0300][gc,start      ] GC(526) Pause Young (Normal) (G1 Evacuation Pause)
[2024-06-01T16:53:43.234-0300][gc,task       ] GC(526) Using 4 workers of 4 for evacuation
[2024-06-01T16:53:43.253-0300][gc,phases     ] GC(526)   Pre Evacuate Collection Set: 0,1ms
[2024-06-01T16:53:43.253-0300][gc,phases     ] GC(526)   Evacuate Collection Set: 17,6ms
[2024-06-01T16:53:43.253-0300][gc,phases     ] GC(526)   Post Evacuate Collection Set: 1,1ms
[2024-06-01T16:53:43.253-0300][gc,phases     ] GC(526)   Other: 0,4ms
[2024-06-01T16:53:43.253-0300][gc,heap       ] GC(526) Eden regions: 52->0(53)
[2024-06-01T16:53:43.253-0300][gc,heap       ] GC(526) Survivor regions: 4->5(7)
[2024-06-01T16:53:43.253-0300][gc,heap       ] GC(526) Old regions: 113->114
[2024-06-01T16:53:43.253-0300][gc,heap       ] GC(526) Humongous regions: 129->129
[2024-06-01T16:53:43.253-0300][gc,metaspace  ] GC(526) Metaspace: 45718K(48924K)->45718K(48924K) NonClass: 39980K(41680K)->39980K(41680K) Class: 5738K(7244K)->5738K(7244K)
[2024-06-01T16:53:43.253-0300][gc            ] GC(526) Pause Young (Normal) (G1 Evacuation Pause) 296M->245M(1024M) 19,398ms
[2024-06-01T16:53:43.253-0300][gc,cpu        ] GC(526) User=0,07s Sys=0,00s Real=0,02s
[2024-06-01T16:54:13.557-0300][gc,start      ] GC(527) Pause Young (Normal) (G1 Evacuation Pause)
[2024-06-01T16:54:13.557-0300][gc,task       ] GC(527) Using 4 workers of 4 for evacuation
[2024-06-01T16:54:13.576-0300][gc,phases     ] GC(527)   Pre Evacuate Collection Set: 0,1ms
[2024-06-01T16:54:13.576-0300][gc,phases     ] GC(527)   Evacuate Collection Set: 17,8ms
[2024-06-01T16:54:13.576-0300][gc,phases     ] GC(527)   Post Evacuate Collection Set: 1,0ms
[2024-06-01T16:54:13.577-0300][gc,phases     ] GC(527)   Other: 0,4ms
[2024-06-01T16:54:13.577-0300][gc,heap       ] GC(527) Eden regions: 47->0(52)
[2024-06-01T16:54:13.577-0300][gc,heap       ] GC(527) Survivor regions: 5->5(7)
[2024-06-01T16:54:13.577-0300][gc,heap       ] GC(527) Old regions: 114->115
[2024-06-01T16:54:13.577-0300][gc,heap       ] GC(527) Humongous regions: 129->129
[2024-06-01T16:54:13.577-0300][gc,metaspace  ] GC(527) Metaspace: 45718K(48924K)->45718K(48924K) NonClass: 39980K(41680K)->39980K(41680K) Class: 5738K(7244K)->5738K(7244K)
[2024-06-01T16:54:13.577-0300][gc            ] GC(527) Pause Young (Normal) (G1 Evacuation Pause) 292M->247M(1024M) 19,539ms
[2024-06-01T16:54:13.577-0300][gc,cpu        ] GC(527) User=0,07s Sys=0,00s Real=0,02s
[2024-06-01T16:54:46.591-0300][gc,start      ] GC(528) Pause Young (Normal) (G1 Evacuation Pause)
[2024-06-01T16:54:46.591-0300][gc,task       ] GC(528) Using 4 workers of 4 for evacuation
[2024-06-01T16:54:46.611-0300][gc,phases     ] GC(528)   Pre Evacuate Collection Set: 0,1ms
[2024-06-01T16:54:46.611-0300][gc,phases     ] GC(528)   Evacuate Collection Set: 18,6ms
[2024-06-01T16:54:46.611-0300][gc,phases     ] GC(528)   Post Evacuate Collection Set: 1,0ms
[2024-06-01T16:54:46.611-0300][gc,phases     ] GC(528)   Other: 0,4ms
[2024-06-01T16:54:46.611-0300][gc,heap       ] GC(528) Eden regions: 52->0(53)
[2024-06-01T16:54:46.611-0300][gc,heap       ] GC(528) Survivor regions: 5->6(8)
[2024-06-01T16:54:46.611-0300][gc,heap       ] GC(528) Old regions: 115->115
[2024-06-01T16:54:46.611-0300][gc,heap       ] GC(528) Humongous regions: 129->129
[2024-06-01T16:54:46.611-0300][gc,metaspace  ] GC(528) Metaspace: 45718K(48924K)->45718K(48924K) NonClass: 39980K(41680K)->39980K(41680K) Class: 5738K(7244K)->5738K(7244K)
[2024-06-01T16:54:46.611-0300][gc            ] GC(528) Pause Young (Normal) (G1 Evacuation Pause) 299M->247M(1024M) 20,374ms
[2024-06-01T16:54:46.611-0300][gc,cpu        ] GC(528) User=0,07s Sys=0,00s Real=0,02s
[2024-06-01T16:55:15.127-0300][gc,start      ] GC(529) Pause Young (Normal) (G1 Evacuation Pause)
[2024-06-01T16:55:15.127-0300][gc,task       ] GC(529) Using 4 workers of 4 for evacuation
[2024-06-01T16:55:15.149-0300][gc,mmu        ] GC(529) MMU target violated: 21,0ms (20,0ms/21,0ms)
[2024-06-01T16:55:15.149-0300][gc,phases     ] GC(529)   Pre Evacuate Collection Set: 0,1ms
[2024-06-01T16:55:15.149-0300][gc,phases     ] GC(529)   Evacuate Collection Set: 20,6ms
[2024-06-01T16:55:15.149-0300][gc,phases     ] GC(529)   Post Evacuate Collection Set: 1,1ms
[2024-06-01T16:55:15.149-0300][gc,phases     ] GC(529)   Other: 0,5ms
[2024-06-01T16:55:15.149-0300][gc,heap       ] GC(529) Eden regions: 45->0(51)
[2024-06-01T16:55:15.149-0300][gc,heap       ] GC(529) Survivor regions: 6->5(7)
[2024-06-01T16:55:15.149-0300][gc,heap       ] GC(529) Old regions: 115->117
[2024-06-01T16:55:15.149-0300][gc,heap       ] GC(529) Humongous regions: 129->129
[2024-06-01T16:55:15.149-0300][gc,metaspace  ] GC(529) Metaspace: 45718K(48924K)->45718K(48924K) NonClass: 39980K(41680K)->39980K(41680K) Class: 5738K(7244K)->5738K(7244K)
[2024-06-01T16:55:15.149-0300][gc            ] GC(529) Pause Young (Normal) (G1 Evacuation Pause) 292M->248M(1024M) 22,447ms
[2024-06-01T16:55:15.149-0300][gc,cpu        ] GC(529) User=0,09s Sys=0,00s Real=0,03s
[2024-06-01T16:55:44.806-0300][gc,start      ] GC(530) Pause Young (Normal) (G1 Evacuation Pause)
[2024-06-01T16:55:44.806-0300][gc,task       ] GC(530) Using 4 workers of 4 for evacuation
[2024-06-01T16:55:44.826-0300][gc,phases     ] GC(530)   Pre Evacuate Collection Set: 0,1ms
[2024-06-01T16:55:44.826-0300][gc,phases     ] GC(530)   Evacuate Collection Set: 18,8ms
[2024-06-01T16:55:44.826-0300][gc,phases     ] GC(530)   Post Evacuate Collection Set: 1,0ms
[2024-06-01T16:55:44.827-0300][gc,phases     ] GC(530)   Other: 0,4ms
[2024-06-01T16:55:44.827-0300][gc,heap       ] GC(530) Eden regions: 46->0(51)
[2024-06-01T16:55:44.827-0300][gc,heap       ] GC(530) Survivor regions: 5->5(7)
[2024-06-01T16:55:44.827-0300][gc,heap       ] GC(530) Old regions: 117->118
[2024-06-01T16:55:44.827-0300][gc,heap       ] GC(530) Humongous regions: 129->129
[2024-06-01T16:55:44.827-0300][gc,metaspace  ] GC(530) Metaspace: 45720K(48924K)->45720K(48924K) NonClass: 39982K(41680K)->39982K(41680K) Class: 5738K(7244K)->5738K(7244K)
[2024-06-01T16:55:44.827-0300][gc            ] GC(530) Pause Young (Normal) (G1 Evacuation Pause) 294M->250M(1024M) 20,504ms
[2024-06-01T16:55:44.827-0300][gc,cpu        ] GC(530) User=0,07s Sys=0,00s Real=0,02s
[2024-06-01T16:56:14.053-0300][gc,start      ] GC(531) Pause Young (Normal) (G1 Evacuation Pause)
[2024-06-01T16:56:14.053-0300][gc,task       ] GC(531) Using 4 workers of 4 for evacuation
[2024-06-01T16:56:14.072-0300][gc,phases     ] GC(531)   Pre Evacuate Collection Set: 0,1ms
[2024-06-01T16:56:14.072-0300][gc,phases     ] GC(531)   Evacuate Collection Set: 17,5ms
[2024-06-01T16:56:14.072-0300][gc,phases     ] GC(531)   Post Evacuate Collection Set: 1,0ms
[2024-06-01T16:56:14.072-0300][gc,phases     ] GC(531)   Other: 0,4ms
[2024-06-01T16:56:14.072-0300][gc,heap       ] GC(531) Eden regions: 46->0(54)
[2024-06-01T16:56:14.072-0300][gc,heap       ] GC(531) Survivor regions: 5->5(7)
[2024-06-01T16:56:14.072-0300][gc,heap       ] GC(531) Old regions: 118->119
[2024-06-01T16:56:14.072-0300][gc,heap       ] GC(531) Humongous regions: 129->129
[2024-06-01T16:56:14.072-0300][gc,metaspace  ] GC(531) Metaspace: 45720K(48924K)->45720K(48924K) NonClass: 39982K(41680K)->39982K(41680K) Class: 5738K(7244K)->5738K(7244K)
[2024-06-01T16:56:14.072-0300][gc            ] GC(531) Pause Young (Normal) (G1 Evacuation Pause) 296M->250M(1024M) 19,156ms
[2024-06-01T16:56:14.072-0300][gc,cpu        ] GC(531) User=0,07s Sys=0,00s Real=0,02s
[2024-06-01T16:56:43.481-0300][gc,start      ] GC(532) Pause Young (Normal) (G1 Evacuation Pause)
[2024-06-01T16:56:43.481-0300][gc,task       ] GC(532) Using 4 workers of 4 for evacuation
[2024-06-01T16:56:43.501-0300][gc,phases     ] GC(532)   Pre Evacuate Collection Set: 0,1ms
[2024-06-01T16:56:43.501-0300][gc,phases     ] GC(532)   Evacuate Collection Set: 17,9ms
[2024-06-01T16:56:43.501-0300][gc,phases     ] GC(532)   Post Evacuate Collection Set: 1,1ms
[2024-06-01T16:56:43.501-0300][gc,phases     ] GC(532)   Other: 0,4ms
[2024-06-01T16:56:43.501-0300][gc,heap       ] GC(532) Eden regions: 46->0(55)
[2024-06-01T16:56:43.501-0300][gc,heap       ] GC(532) Survivor regions: 5->4(7)
[2024-06-01T16:56:43.501-0300][gc,heap       ] GC(532) Old regions: 119->120
[2024-06-01T16:56:43.501-0300][gc,heap       ] GC(532) Humongous regions: 129->129
[2024-06-01T16:56:43.501-0300][gc,metaspace  ] GC(532) Metaspace: 45720K(48924K)->45720K(48924K) NonClass: 39982K(41680K)->39982K(41680K) Class: 5738K(7244K)->5738K(7244K)
[2024-06-01T16:56:43.501-0300][gc            ] GC(532) Pause Young (Normal) (G1 Evacuation Pause) 296M->251M(1024M) 19,844ms
[2024-06-01T16:56:43.501-0300][gc,cpu        ] GC(532) User=0,06s Sys=0,00s Real=0,02s
[2024-06-01T16:57:18.490-0300][gc,start      ] GC(533) Pause Young (Normal) (G1 Evacuation Pause)
[2024-06-01T16:57:18.490-0300][gc,task       ] GC(533) Using 4 workers of 4 for evacuation
[2024-06-01T16:57:18.509-0300][gc,phases     ] GC(533)   Pre Evacuate Collection Set: 0,1ms
[2024-06-01T16:57:18.509-0300][gc,phases     ] GC(533)   Evacuate Collection Set: 17,0ms
[2024-06-01T16:57:18.509-0300][gc,phases     ] GC(533)   Post Evacuate Collection Set: 1,2ms
[2024-06-01T16:57:18.509-0300][gc,phases     ] GC(533)   Other: 0,4ms
[2024-06-01T16:57:18.509-0300][gc,heap       ] GC(533) Eden regions: 55->0(55)
[2024-06-01T16:57:18.509-0300][gc,heap       ] GC(533) Survivor regions: 4->5(8)
[2024-06-01T16:57:18.509-0300][gc,heap       ] GC(533) Old regions: 120->120
[2024-06-01T16:57:18.509-0300][gc,heap       ] GC(533) Humongous regions: 129->129
[2024-06-01T16:57:18.509-0300][gc,metaspace  ] GC(533) Metaspace: 45720K(48924K)->45720K(48924K) NonClass: 39982K(41680K)->39982K(41680K) Class: 5738K(7244K)->5738K(7244K)
[2024-06-01T16:57:18.509-0300][gc            ] GC(533) Pause Young (Normal) (G1 Evacuation Pause) 306M->252M(1024M) 18,873ms
[2024-06-01T16:57:18.509-0300][gc,cpu        ] GC(533) User=0,07s Sys=0,00s Real=0,02s
[2024-06-01T16:57:47.902-0300][gc,start      ] GC(534) Pause Young (Normal) (G1 Evacuation Pause)
[2024-06-01T16:57:47.902-0300][gc,task       ] GC(534) Using 4 workers of 4 for evacuation
[2024-06-01T16:57:47.923-0300][gc,mmu        ] GC(534) MMU target violated: 20,8ms (20,0ms/21,0ms)
[2024-06-01T16:57:47.923-0300][gc,phases     ] GC(534)   Pre Evacuate Collection Set: 0,1ms
[2024-06-01T16:57:47.923-0300][gc,phases     ] GC(534)   Evacuate Collection Set: 19,5ms
[2024-06-01T16:57:47.923-0300][gc,phases     ] GC(534)   Post Evacuate Collection Set: 1,1ms
[2024-06-01T16:57:47.923-0300][gc,phases     ] GC(534)   Other: 0,5ms
[2024-06-01T16:57:47.923-0300][gc,heap       ] GC(534) Eden regions: 46->0(48)
[2024-06-01T16:57:47.923-0300][gc,heap       ] GC(534) Survivor regions: 5->4(7)
[2024-06-01T16:57:47.923-0300][gc,heap       ] GC(534) Old regions: 120->122
[2024-06-01T16:57:47.923-0300][gc,heap       ] GC(534) Humongous regions: 129->129
[2024-06-01T16:57:47.923-0300][gc,metaspace  ] GC(534) Metaspace: 45720K(48924K)->45720K(48924K) NonClass: 39982K(41680K)->39982K(41680K) Class: 5738K(7244K)->5738K(7244K)
[2024-06-01T16:57:47.923-0300][gc            ] GC(534) Pause Young (Normal) (G1 Evacuation Pause) 298M->253M(1024M) 21,372ms
[2024-06-01T16:57:47.923-0300][gc,cpu        ] GC(534) User=0,08s Sys=0,00s Real=0,02s
[2024-06-01T16:58:18.468-0300][gc,start      ] GC(535) Pause Young (Normal) (G1 Evacuation Pause)
[2024-06-01T16:58:18.468-0300][gc,task       ] GC(535) Using 4 workers of 4 for evacuation
[2024-06-01T16:58:18.487-0300][gc,phases     ] GC(535)   Pre Evacuate Collection Set: 0,1ms
[2024-06-01T16:58:18.487-0300][gc,phases     ] GC(535)   Evacuate Collection Set: 17,6ms
[2024-06-01T16:58:18.487-0300][gc,phases     ] GC(535)   Post Evacuate Collection Set: 1,0ms
[2024-06-01T16:58:18.487-0300][gc,phases     ] GC(535)   Other: 0,4ms
[2024-06-01T16:58:18.487-0300][gc,heap       ] GC(535) Eden regions: 48->0(49)
[2024-06-01T16:58:18.487-0300][gc,heap       ] GC(535) Survivor regions: 4->5(7)
[2024-06-01T16:58:18.487-0300][gc,heap       ] GC(535) Old regions: 122->123
[2024-06-01T16:58:18.487-0300][gc,heap       ] GC(535) Humongous regions: 129->129
[2024-06-01T16:58:18.487-0300][gc,metaspace  ] GC(535) Metaspace: 45720K(48924K)->45720K(48924K) NonClass: 39982K(41680K)->39982K(41680K) Class: 5738K(7244K)->5738K(7244K)
[2024-06-01T16:58:18.487-0300][gc            ] GC(535) Pause Young (Normal) (G1 Evacuation Pause) 301M->254M(1024M) 19,386ms
[2024-06-01T16:58:18.487-0300][gc,cpu        ] GC(535) User=0,07s Sys=0,00s Real=0,01s
[2024-06-01T16:58:50.261-0300][gc,start      ] GC(536) Pause Young (Normal) (G1 Evacuation Pause)
[2024-06-01T16:58:50.261-0300][gc,task       ] GC(536) Using 4 workers of 4 for evacuation
[2024-06-01T16:58:50.281-0300][gc,phases     ] GC(536)   Pre Evacuate Collection Set: 0,1ms
[2024-06-01T16:58:50.281-0300][gc,phases     ] GC(536)   Evacuate Collection Set: 18,7ms
[2024-06-01T16:58:50.281-0300][gc,phases     ] GC(536)   Post Evacuate Collection Set: 1,0ms
[2024-06-01T16:58:50.281-0300][gc,phases     ] GC(536)   Other: 0,4ms
[2024-06-01T16:58:50.281-0300][gc,heap       ] GC(536) Eden regions: 49->0(50)
[2024-06-01T16:58:50.281-0300][gc,heap       ] GC(536) Survivor regions: 5->5(7)
[2024-06-01T16:58:50.281-0300][gc,heap       ] GC(536) Old regions: 123->124
[2024-06-01T16:58:50.281-0300][gc,heap       ] GC(536) Humongous regions: 129->129
[2024-06-01T16:58:50.281-0300][gc,metaspace  ] GC(536) Metaspace: 45720K(48924K)->45720K(48924K) NonClass: 39982K(41680K)->39982K(41680K) Class: 5738K(7244K)->5738K(7244K)
[2024-06-01T16:58:50.281-0300][gc            ] GC(536) Pause Young (Normal) (G1 Evacuation Pause) 303M->255M(1024M) 20,410ms
[2024-06-01T16:58:50.281-0300][gc,cpu        ] GC(536) User=0,07s Sys=0,00s Real=0,02s
[2024-06-01T16:59:22.147-0300][gc,start      ] GC(537) Pause Young (Normal) (G1 Evacuation Pause)
[2024-06-01T16:59:22.147-0300][gc,task       ] GC(537) Using 4 workers of 4 for evacuation
[2024-06-01T16:59:22.168-0300][gc,mmu        ] GC(537) MMU target violated: 20,6ms (20,0ms/21,0ms)
[2024-06-01T16:59:22.168-0300][gc,phases     ] GC(537)   Pre Evacuate Collection Set: 0,1ms
[2024-06-01T16:59:22.168-0300][gc,phases     ] GC(537)   Evacuate Collection Set: 19,3ms
[2024-06-01T16:59:22.168-0300][gc,phases     ] GC(537)   Post Evacuate Collection Set: 1,1ms
[2024-06-01T16:59:22.168-0300][gc,phases     ] GC(537)   Other: 0,5ms
[2024-06-01T16:59:22.168-0300][gc,heap       ] GC(537) Eden regions: 50->0(51)
[2024-06-01T16:59:22.168-0300][gc,heap       ] GC(537) Survivor regions: 5->5(7)
[2024-06-01T16:59:22.168-0300][gc,heap       ] GC(537) Old regions: 124->125
[2024-06-01T16:59:22.168-0300][gc,heap       ] GC(537) Humongous regions: 129->129
[2024-06-01T16:59:22.168-0300][gc,metaspace  ] GC(537) Metaspace: 45720K(48924K)->45720K(48924K) NonClass: 39982K(41680K)->39982K(41680K) Class: 5738K(7244K)->5738K(7244K)
[2024-06-01T16:59:22.168-0300][gc            ] GC(537) Pause Young (Normal) (G1 Evacuation Pause) 305M->256M(1024M) 21,194ms
[2024-06-01T16:59:22.168-0300][gc,cpu        ] GC(537) User=0,08s Sys=0,00s Real=0,03s
[2024-06-01T16:59:51.305-0300][gc,start      ] GC(538) Pause Young (Normal) (G1 Evacuation Pause)
[2024-06-01T16:59:51.305-0300][gc,task       ] GC(538) Using 4 workers of 4 for evacuation
[2024-06-01T16:59:51.317-0300][gc,phases     ] GC(538)   Pre Evacuate Collection Set: 0,1ms
[2024-06-01T16:59:51.317-0300][gc,phases     ] GC(538)   Evacuate Collection Set: 11,2ms
[2024-06-01T16:59:51.317-0300][gc,phases     ] GC(538)   Post Evacuate Collection Set: 0,5ms
[2024-06-01T16:59:51.317-0300][gc,phases     ] GC(538)   Other: 0,4ms
[2024-06-01T16:59:51.317-0300][gc,heap       ] GC(538) Eden regions: 46->0(55)
[2024-06-01T16:59:51.317-0300][gc,heap       ] GC(538) Survivor regions: 5->5(7)
[2024-06-01T16:59:51.317-0300][gc,heap       ] GC(538) Old regions: 125->126
[2024-06-01T16:59:51.317-0300][gc,heap       ] GC(538) Humongous regions: 129->129
[2024-06-01T16:59:51.317-0300][gc,metaspace  ] GC(538) Metaspace: 45720K(48924K)->45720K(48924K) NonClass: 39982K(41680K)->39982K(41680K) Class: 5738K(7244K)->5738K(7244K)
[2024-06-01T16:59:51.317-0300][gc            ] GC(538) Pause Young (Normal) (G1 Evacuation Pause) 302M->257M(1024M) 12,273ms
[2024-06-01T16:59:51.317-0300][gc,cpu        ] GC(538) User=0,03s Sys=0,00s Real=0,02s
[2024-06-01T17:00:26.170-0300][gc,start      ] GC(539) Pause Young (Normal) (G1 Evacuation Pause)
[2024-06-01T17:00:26.170-0300][gc,task       ] GC(539) Using 4 workers of 4 for evacuation
[2024-06-01T17:00:26.189-0300][gc,phases     ] GC(539)   Pre Evacuate Collection Set: 0,1ms
[2024-06-01T17:00:26.190-0300][gc,phases     ] GC(539)   Evacuate Collection Set: 18,1ms
[2024-06-01T17:00:26.190-0300][gc,phases     ] GC(539)   Post Evacuate Collection Set: 1,1ms
[2024-06-01T17:00:26.190-0300][gc,phases     ] GC(539)   Other: 0,4ms
[2024-06-01T17:00:26.190-0300][gc,heap       ] GC(539) Eden regions: 55->0(54)
[2024-06-01T17:00:26.190-0300][gc,heap       ] GC(539) Survivor regions: 5->6(8)
[2024-06-01T17:00:26.190-0300][gc,heap       ] GC(539) Old regions: 126->126
[2024-06-01T17:00:26.190-0300][gc,heap       ] GC(539) Humongous regions: 129->129
[2024-06-01T17:00:26.190-0300][gc,metaspace  ] GC(539) Metaspace: 45720K(48924K)->45720K(48924K) NonClass: 39982K(41680K)->39982K(41680K) Class: 5738K(7244K)->5738K(7244K)
[2024-06-01T17:00:26.190-0300][gc            ] GC(539) Pause Young (Normal) (G1 Evacuation Pause) 312M->258M(1024M) 19,983ms
[2024-06-01T17:00:26.190-0300][gc,cpu        ] GC(539) User=0,07s Sys=0,00s Real=0,02s
[2024-06-01T17:01:00.440-0300][gc,start      ] GC(540) Pause Young (Normal) (G1 Evacuation Pause)
[2024-06-01T17:01:00.440-0300][gc,task       ] GC(540) Using 4 workers of 4 for evacuation
[2024-06-01T17:01:00.461-0300][gc,mmu        ] GC(540) MMU target violated: 21,0ms (20,0ms/21,0ms)
[2024-06-01T17:01:00.461-0300][gc,phases     ] GC(540)   Pre Evacuate Collection Set: 0,1ms
[2024-06-01T17:01:00.461-0300][gc,phases     ] GC(540)   Evacuate Collection Set: 20,2ms
[2024-06-01T17:01:00.461-0300][gc,phases     ] GC(540)   Post Evacuate Collection Set: 0,9ms
[2024-06-01T17:01:00.461-0300][gc,phases     ] GC(540)   Other: 0,5ms
[2024-06-01T17:01:00.461-0300][gc,heap       ] GC(540) Eden regions: 54->0(51)
[2024-06-01T17:01:00.461-0300][gc,heap       ] GC(540) Survivor regions: 6->4(8)
[2024-06-01T17:01:00.461-0300][gc,heap       ] GC(540) Old regions: 126->128
[2024-06-01T17:01:00.461-0300][gc,heap       ] GC(540) Humongous regions: 129->129
[2024-06-01T17:01:00.461-0300][gc,metaspace  ] GC(540) Metaspace: 45720K(48924K)->45720K(48924K) NonClass: 39982K(41680K)->39982K(41680K) Class: 5738K(7244K)->5738K(7244K)
[2024-06-01T17:01:00.461-0300][gc            ] GC(540) Pause Young (Normal) (G1 Evacuation Pause) 312M->258M(1024M) 21,744ms
[2024-06-01T17:01:00.461-0300][gc,cpu        ] GC(540) User=0,07s Sys=0,00s Real=0,02s
[2024-06-01T17:01:32.935-0300][gc,start      ] GC(541) Pause Young (Normal) (G1 Evacuation Pause)
[2024-06-01T17:01:32.935-0300][gc,task       ] GC(541) Using 4 workers of 4 for evacuation
[2024-06-01T17:01:32.954-0300][gc,phases     ] GC(541)   Pre Evacuate Collection Set: 0,1ms
[2024-06-01T17:01:32.954-0300][gc,phases     ] GC(541)   Evacuate Collection Set: 17,8ms
[2024-06-01T17:01:32.954-0300][gc,phases     ] GC(541)   Post Evacuate Collection Set: 1,0ms
[2024-06-01T17:01:32.954-0300][gc,phases     ] GC(541)   Other: 0,5ms
[2024-06-01T17:01:32.954-0300][gc,heap       ] GC(541) Eden regions: 51->0(50)
[2024-06-01T17:01:32.954-0300][gc,heap       ] GC(541) Survivor regions: 4->4(7)
[2024-06-01T17:01:32.954-0300][gc,heap       ] GC(541) Old regions: 128->129
[2024-06-01T17:01:32.954-0300][gc,heap       ] GC(541) Humongous regions: 129->129
[2024-06-01T17:01:32.954-0300][gc,metaspace  ] GC(541) Metaspace: 45720K(48924K)->45720K(48924K) NonClass: 39982K(41680K)->39982K(41680K) Class: 5738K(7244K)->5738K(7244K)
[2024-06-01T17:01:32.954-0300][gc            ] GC(541) Pause Young (Normal) (G1 Evacuation Pause) 309M->260M(1024M) 19,628ms
[2024-06-01T17:01:32.954-0300][gc,cpu        ] GC(541) User=0,07s Sys=0,00s Real=0,02s
[2024-06-01T17:02:02.956-0300][gc,start      ] GC(542) Pause Young (Normal) (G1 Evacuation Pause)
[2024-06-01T17:02:02.956-0300][gc,task       ] GC(542) Using 4 workers of 4 for evacuation
[2024-06-01T17:02:02.976-0300][gc,phases     ] GC(542)   Pre Evacuate Collection Set: 0,1ms
[2024-06-01T17:02:02.976-0300][gc,phases     ] GC(542)   Evacuate Collection Set: 18,1ms
[2024-06-01T17:02:02.976-0300][gc,phases     ] GC(542)   Post Evacuate Collection Set: 1,0ms
[2024-06-01T17:02:02.976-0300][gc,phases     ] GC(542)   Other: 0,4ms
[2024-06-01T17:02:02.976-0300][gc,heap       ] GC(542) Eden regions: 47->0(48)
[2024-06-01T17:02:02.976-0300][gc,heap       ] GC(542) Survivor regions: 4->5(7)
[2024-06-01T17:02:02.976-0300][gc,heap       ] GC(542) Old regions: 129->130
[2024-06-01T17:02:02.976-0300][gc,heap       ] GC(542) Humongous regions: 129->129
[2024-06-01T17:02:02.976-0300][gc,metaspace  ] GC(542) Metaspace: 45720K(48924K)->45720K(48924K) NonClass: 39982K(41680K)->39982K(41680K) Class: 5738K(7244K)->5738K(7244K)
[2024-06-01T17:02:02.976-0300][gc            ] GC(542) Pause Young (Normal) (G1 Evacuation Pause) 307M->261M(1024M) 19,898ms
[2024-06-01T17:02:02.976-0300][gc,cpu        ] GC(542) User=0,08s Sys=0,00s Real=0,02s
[2024-06-01T17:02:33.324-0300][gc,start      ] GC(543) Pause Young (Normal) (G1 Evacuation Pause)
[2024-06-01T17:02:33.324-0300][gc,task       ] GC(543) Using 4 workers of 4 for evacuation
[2024-06-01T17:02:33.332-0300][gc,phases     ] GC(543)   Pre Evacuate Collection Set: 0,0ms
[2024-06-01T17:02:33.332-0300][gc,phases     ] GC(543)   Evacuate Collection Set: 6,6ms
[2024-06-01T17:02:33.332-0300][gc,phases     ] GC(543)   Post Evacuate Collection Set: 0,5ms
[2024-06-01T17:02:33.332-0300][gc,phases     ] GC(543)   Other: 0,2ms
[2024-06-01T17:02:33.332-0300][gc,heap       ] GC(543) Eden regions: 48->0(51)
[2024-06-01T17:02:33.332-0300][gc,heap       ] GC(543) Survivor regions: 5->5(7)
[2024-06-01T17:02:33.332-0300][gc,heap       ] GC(543) Old regions: 130->131
[2024-06-01T17:02:33.332-0300][gc,heap       ] GC(543) Humongous regions: 129->129
[2024-06-01T17:02:33.332-0300][gc,metaspace  ] GC(543) Metaspace: 45720K(48924K)->45720K(48924K) NonClass: 39982K(41680K)->39982K(41680K) Class: 5738K(7244K)->5738K(7244K)
[2024-06-01T17:02:33.332-0300][gc            ] GC(543) Pause Young (Normal) (G1 Evacuation Pause) 309M->262M(1024M) 7,377ms
[2024-06-01T17:02:33.332-0300][gc,cpu        ] GC(543) User=0,02s Sys=0,00s Real=0,01s
[2024-06-01T17:03:05.955-0300][gc,start      ] GC(544) Pause Young (Normal) (G1 Evacuation Pause)
[2024-06-01T17:03:05.955-0300][gc,task       ] GC(544) Using 4 workers of 4 for evacuation
[2024-06-01T17:03:05.975-0300][gc,phases     ] GC(544)   Pre Evacuate Collection Set: 0,1ms
[2024-06-01T17:03:05.975-0300][gc,phases     ] GC(544)   Evacuate Collection Set: 18,4ms
[2024-06-01T17:03:05.975-0300][gc,phases     ] GC(544)   Post Evacuate Collection Set: 1,0ms
[2024-06-01T17:03:05.975-0300][gc,phases     ] GC(544)   Other: 0,4ms
[2024-06-01T17:03:05.975-0300][gc,heap       ] GC(544) Eden regions: 51->0(51)
[2024-06-01T17:03:05.975-0300][gc,heap       ] GC(544) Survivor regions: 5->5(7)
[2024-06-01T17:03:05.975-0300][gc,heap       ] GC(544) Old regions: 131->132
[2024-06-01T17:03:05.975-0300][gc,heap       ] GC(544) Humongous regions: 129->129
[2024-06-01T17:03:05.975-0300][gc,metaspace  ] GC(544) Metaspace: 45720K(48924K)->45720K(48924K) NonClass: 39982K(41680K)->39982K(41680K) Class: 5738K(7244K)->5738K(7244K)
[2024-06-01T17:03:05.975-0300][gc            ] GC(544) Pause Young (Normal) (G1 Evacuation Pause) 313M->263M(1024M) 20,104ms
[2024-06-01T17:03:05.975-0300][gc,cpu        ] GC(544) User=0,08s Sys=0,00s Real=0,02s
[2024-06-01T17:03:39.070-0300][gc,start      ] GC(545) Pause Young (Normal) (G1 Evacuation Pause)
[2024-06-01T17:03:39.070-0300][gc,task       ] GC(545) Using 4 workers of 4 for evacuation
[2024-06-01T17:03:39.090-0300][gc,phases     ] GC(545)   Pre Evacuate Collection Set: 0,1ms
[2024-06-01T17:03:39.090-0300][gc,phases     ] GC(545)   Evacuate Collection Set: 18,2ms
[2024-06-01T17:03:39.090-0300][gc,phases     ] GC(545)   Post Evacuate Collection Set: 1,0ms
[2024-06-01T17:03:39.090-0300][gc,phases     ] GC(545)   Other: 0,4ms
[2024-06-01T17:03:39.090-0300][gc,heap       ] GC(545) Eden regions: 51->0(52)
[2024-06-01T17:03:39.090-0300][gc,heap       ] GC(545) Survivor regions: 5->5(7)
[2024-06-01T17:03:39.090-0300][gc,heap       ] GC(545) Old regions: 132->133
[2024-06-01T17:03:39.090-0300][gc,heap       ] GC(545) Humongous regions: 129->129
[2024-06-01T17:03:39.090-0300][gc,metaspace  ] GC(545) Metaspace: 45720K(48924K)->45720K(48924K) NonClass: 39982K(41680K)->39982K(41680K) Class: 5738K(7244K)->5738K(7244K)
[2024-06-01T17:03:39.090-0300][gc            ] GC(545) Pause Young (Normal) (G1 Evacuation Pause) 314M->264M(1024M) 20,049ms
[2024-06-01T17:03:39.090-0300][gc,cpu        ] GC(545) User=0,08s Sys=0,00s Real=0,02s
[2024-06-01T17:04:08.523-0300][gc,start      ] GC(546) Pause Young (Normal) (G1 Evacuation Pause)
[2024-06-01T17:04:08.524-0300][gc,task       ] GC(546) Using 4 workers of 4 for evacuation
[2024-06-01T17:04:08.531-0300][gc,phases     ] GC(546)   Pre Evacuate Collection Set: 0,0ms
[2024-06-01T17:04:08.531-0300][gc,phases     ] GC(546)   Evacuate Collection Set: 6,3ms
[2024-06-01T17:04:08.531-0300][gc,phases     ] GC(546)   Post Evacuate Collection Set: 0,5ms
[2024-06-01T17:04:08.531-0300][gc,phases     ] GC(546)   Other: 0,2ms
[2024-06-01T17:04:08.531-0300][gc,heap       ] GC(546) Eden regions: 46->0(57)
[2024-06-01T17:04:08.531-0300][gc,heap       ] GC(546) Survivor regions: 5->5(7)
[2024-06-01T17:04:08.531-0300][gc,heap       ] GC(546) Old regions: 133->134
[2024-06-01T17:04:08.531-0300][gc,heap       ] GC(546) Humongous regions: 129->129
[2024-06-01T17:04:08.531-0300][gc,metaspace  ] GC(546) Metaspace: 45720K(48924K)->45720K(48924K) NonClass: 39982K(41680K)->39982K(41680K) Class: 5738K(7244K)->5738K(7244K)
[2024-06-01T17:04:08.531-0300][gc            ] GC(546) Pause Young (Normal) (G1 Evacuation Pause) 310M->265M(1024M) 7,162ms
[2024-06-01T17:04:08.531-0300][gc,cpu        ] GC(546) User=0,02s Sys=0,00s Real=0,01s
[2024-06-01T17:04:44.868-0300][gc,start      ] GC(547) Pause Young (Normal) (G1 Evacuation Pause)
[2024-06-01T17:04:44.868-0300][gc,task       ] GC(547) Using 4 workers of 4 for evacuation
[2024-06-01T17:04:44.887-0300][gc,phases     ] GC(547)   Pre Evacuate Collection Set: 0,1ms
[2024-06-01T17:04:44.887-0300][gc,phases     ] GC(547)   Evacuate Collection Set: 17,7ms
[2024-06-01T17:04:44.887-0300][gc,phases     ] GC(547)   Post Evacuate Collection Set: 1,0ms
[2024-06-01T17:04:44.887-0300][gc,phases     ] GC(547)   Other: 0,4ms
[2024-06-01T17:04:44.887-0300][gc,heap       ] GC(547) Eden regions: 57->0(55)
[2024-06-01T17:04:44.887-0300][gc,heap       ] GC(547) Survivor regions: 5->5(8)
[2024-06-01T17:04:44.887-0300][gc,heap       ] GC(547) Old regions: 134->134
[2024-06-01T17:04:44.887-0300][gc,heap       ] GC(547) Humongous regions: 129->129
[2024-06-01T17:04:44.887-0300][gc,metaspace  ] GC(547) Metaspace: 45720K(48924K)->45720K(48924K) NonClass: 39982K(41680K)->39982K(41680K) Class: 5738K(7244K)->5738K(7244K)
[2024-06-01T17:04:44.887-0300][gc            ] GC(547) Pause Young (Normal) (G1 Evacuation Pause) 322M->266M(1024M) 19,452ms
[2024-06-01T17:04:44.887-0300][gc,cpu        ] GC(547) User=0,07s Sys=0,00s Real=0,01s
[2024-06-01T17:05:14.029-0300][gc,start      ] GC(548) Pause Young (Normal) (G1 Evacuation Pause)
[2024-06-01T17:05:14.029-0300][gc,task       ] GC(548) Using 4 workers of 4 for evacuation
[2024-06-01T17:05:14.035-0300][gc,phases     ] GC(548)   Pre Evacuate Collection Set: 0,0ms
[2024-06-01T17:05:14.035-0300][gc,phases     ] GC(548)   Evacuate Collection Set: 6,0ms
[2024-06-01T17:05:14.035-0300][gc,phases     ] GC(548)   Post Evacuate Collection Set: 0,5ms
[2024-06-01T17:05:14.035-0300][gc,phases     ] GC(548)   Other: 0,2ms
[2024-06-01T17:05:14.035-0300][gc,heap       ] GC(548) Eden regions: 46->0(59)
[2024-06-01T17:05:14.035-0300][gc,heap       ] GC(548) Survivor regions: 5->5(7)
[2024-06-01T17:05:14.035-0300][gc,heap       ] GC(548) Old regions: 134->135
[2024-06-01T17:05:14.035-0300][gc,heap       ] GC(548) Humongous regions: 129->129
[2024-06-01T17:05:14.035-0300][gc,metaspace  ] GC(548) Metaspace: 45720K(48924K)->45720K(48924K) NonClass: 39982K(41680K)->39982K(41680K) Class: 5738K(7244K)->5738K(7244K)
[2024-06-01T17:05:14.035-0300][gc            ] GC(548) Pause Young (Normal) (G1 Evacuation Pause) 312M->266M(1024M) 6,725ms
[2024-06-01T17:05:14.035-0300][gc,cpu        ] GC(548) User=0,02s Sys=0,00s Real=0,01s
[2024-06-01T17:05:51.387-0300][gc,start      ] GC(549) Pause Young (Normal) (G1 Evacuation Pause)
[2024-06-01T17:05:51.387-0300][gc,task       ] GC(549) Using 4 workers of 4 for evacuation
[2024-06-01T17:05:51.409-0300][gc,mmu        ] GC(549) MMU target violated: 21,0ms (20,0ms/21,0ms)
[2024-06-01T17:05:51.409-0300][gc,phases     ] GC(549)   Pre Evacuate Collection Set: 0,1ms
[2024-06-01T17:05:51.409-0300][gc,phases     ] GC(549)   Evacuate Collection Set: 20,4ms
[2024-06-01T17:05:51.409-0300][gc,phases     ] GC(549)   Post Evacuate Collection Set: 1,0ms
[2024-06-01T17:05:51.409-0300][gc,phases     ] GC(549)   Other: 0,6ms
[2024-06-01T17:05:51.409-0300][gc,heap       ] GC(549) Eden regions: 59->0(55)
[2024-06-01T17:05:51.409-0300][gc,heap       ] GC(549) Survivor regions: 5->5(8)
[2024-06-01T17:05:51.409-0300][gc,heap       ] GC(549) Old regions: 135->136
[2024-06-01T17:05:51.409-0300][gc,heap       ] GC(549) Humongous regions: 129->129
[2024-06-01T17:05:51.409-0300][gc,metaspace  ] GC(549) Metaspace: 45721K(48924K)->45721K(48924K) NonClass: 39982K(41680K)->39982K(41680K) Class: 5738K(7244K)->5738K(7244K)
[2024-06-01T17:05:51.409-0300][gc            ] GC(549) Pause Young (Normal) (G1 Evacuation Pause) 325M->268M(1024M) 22,262ms
[2024-06-01T17:05:51.409-0300][gc,cpu        ] GC(549) User=0,08s Sys=0,00s Real=0,03s
[2024-06-01T17:06:20.533-0300][gc,start      ] GC(550) Pause Young (Normal) (G1 Evacuation Pause)
[2024-06-01T17:06:20.533-0300][gc,task       ] GC(550) Using 4 workers of 4 for evacuation
[2024-06-01T17:06:20.555-0300][gc,mmu        ] GC(550) MMU target violated: 21,0ms (20,0ms/21,0ms)
[2024-06-01T17:06:20.555-0300][gc,phases     ] GC(550)   Pre Evacuate Collection Set: 0,1ms
[2024-06-01T17:06:20.555-0300][gc,phases     ] GC(550)   Evacuate Collection Set: 20,4ms
[2024-06-01T17:06:20.555-0300][gc,phases     ] GC(550)   Post Evacuate Collection Set: 1,1ms
[2024-06-01T17:06:20.555-0300][gc,phases     ] GC(550)   Other: 0,5ms
[2024-06-01T17:06:20.555-0300][gc,heap       ] GC(550) Eden regions: 46->0(49)
[2024-06-01T17:06:20.555-0300][gc,heap       ] GC(550) Survivor regions: 5->5(7)
[2024-06-01T17:06:20.555-0300][gc,heap       ] GC(550) Old regions: 136->138
[2024-06-01T17:06:20.555-0300][gc,heap       ] GC(550) Humongous regions: 129->129
[2024-06-01T17:06:20.555-0300][gc,metaspace  ] GC(550) Metaspace: 45721K(48924K)->45721K(48924K) NonClass: 39982K(41680K)->39982K(41680K) Class: 5738K(7244K)->5738K(7244K)
[2024-06-01T17:06:20.555-0300][gc            ] GC(550) Pause Young (Normal) (G1 Evacuation Pause) 314M->268M(1024M) 22,195ms
[2024-06-01T17:06:20.555-0300][gc,cpu        ] GC(550) User=0,08s Sys=0,00s Real=0,02s
[2024-06-01T17:06:51.883-0300][gc,start      ] GC(551) Pause Young (Normal) (G1 Evacuation Pause)
[2024-06-01T17:06:51.883-0300][gc,task       ] GC(551) Using 4 workers of 4 for evacuation
[2024-06-01T17:06:51.902-0300][gc,phases     ] GC(551)   Pre Evacuate Collection Set: 0,1ms
[2024-06-01T17:06:51.903-0300][gc,phases     ] GC(551)   Evacuate Collection Set: 18,2ms
[2024-06-01T17:06:51.903-0300][gc,phases     ] GC(551)   Post Evacuate Collection Set: 1,1ms
[2024-06-01T17:06:51.903-0300][gc,phases     ] GC(551)   Other: 0,4ms
[2024-06-01T17:06:51.903-0300][gc,heap       ] GC(551) Eden regions: 49->0(50)
[2024-06-01T17:06:51.903-0300][gc,heap       ] GC(551) Survivor regions: 5->5(7)
[2024-06-01T17:06:51.903-0300][gc,heap       ] GC(551) Old regions: 138->139
[2024-06-01T17:06:51.903-0300][gc,heap       ] GC(551) Humongous regions: 129->129
[2024-06-01T17:06:51.903-0300][gc,metaspace  ] GC(551) Metaspace: 45721K(48924K)->45721K(48924K) NonClass: 39982K(41680K)->39982K(41680K) Class: 5738K(7244K)->5738K(7244K)
[2024-06-01T17:06:51.903-0300][gc            ] GC(551) Pause Young (Normal) (G1 Evacuation Pause) 317M->270M(1024M) 20,076ms
[2024-06-01T17:06:51.903-0300][gc,cpu        ] GC(551) User=0,07s Sys=0,00s Real=0,02s
[2024-06-01T17:07:24.068-0300][gc,start      ] GC(552) Pause Young (Normal) (G1 Evacuation Pause)
[2024-06-01T17:07:24.068-0300][gc,task       ] GC(552) Using 4 workers of 4 for evacuation
[2024-06-01T17:07:24.076-0300][gc,phases     ] GC(552)   Pre Evacuate Collection Set: 0,0ms
[2024-06-01T17:07:24.076-0300][gc,phases     ] GC(552)   Evacuate Collection Set: 6,9ms
[2024-06-01T17:07:24.076-0300][gc,phases     ] GC(552)   Post Evacuate Collection Set: 0,6ms
[2024-06-01T17:07:24.076-0300][gc,phases     ] GC(552)   Other: 0,2ms
[2024-06-01T17:07:24.076-0300][gc,heap       ] GC(552) Eden regions: 50->0(55)
[2024-06-01T17:07:24.076-0300][gc,heap       ] GC(552) Survivor regions: 5->5(7)
[2024-06-01T17:07:24.076-0300][gc,heap       ] GC(552) Old regions: 139->140
[2024-06-01T17:07:24.076-0300][gc,heap       ] GC(552) Humongous regions: 129->129
[2024-06-01T17:07:24.076-0300][gc,metaspace  ] GC(552) Metaspace: 45721K(48924K)->45721K(48924K) NonClass: 39982K(41680K)->39982K(41680K) Class: 5738K(7244K)->5738K(7244K)
[2024-06-01T17:07:24.076-0300][gc            ] GC(552) Pause Young (Normal) (G1 Evacuation Pause) 320M->271M(1024M) 7,777ms
[2024-06-01T17:07:24.076-0300][gc,cpu        ] GC(552) User=0,02s Sys=0,00s Real=0,01s
[2024-06-01T17:07:59.091-0300][gc,start      ] GC(553) Pause Young (Normal) (G1 Evacuation Pause)
[2024-06-01T17:07:59.091-0300][gc,task       ] GC(553) Using 4 workers of 4 for evacuation
[2024-06-01T17:07:59.111-0300][gc,phases     ] GC(553)   Pre Evacuate Collection Set: 0,1ms
[2024-06-01T17:07:59.111-0300][gc,phases     ] GC(553)   Evacuate Collection Set: 18,4ms
[2024-06-01T17:07:59.111-0300][gc,phases     ] GC(553)   Post Evacuate Collection Set: 1,1ms
[2024-06-01T17:07:59.111-0300][gc,phases     ] GC(553)   Other: 0,4ms
[2024-06-01T17:07:59.111-0300][gc,heap       ] GC(553) Eden regions: 55->0(55)
[2024-06-01T17:07:59.111-0300][gc,heap       ] GC(553) Survivor regions: 5->5(8)
[2024-06-01T17:07:59.111-0300][gc,heap       ] GC(553) Old regions: 140->141
[2024-06-01T17:07:59.111-0300][gc,heap       ] GC(553) Humongous regions: 129->129
[2024-06-01T17:07:59.111-0300][gc,metaspace  ] GC(553) Metaspace: 45721K(48924K)->45721K(48924K) NonClass: 39982K(41680K)->39982K(41680K) Class: 5738K(7244K)->5738K(7244K)
[2024-06-01T17:07:59.111-0300][gc            ] GC(553) Pause Young (Normal) (G1 Evacuation Pause) 326M->272M(1024M) 20,288ms
[2024-06-01T17:07:59.111-0300][gc,cpu        ] GC(553) User=0,08s Sys=0,00s Real=0,02s
[2024-06-01T17:08:34.169-0300][gc,start      ] GC(554) Pause Young (Normal) (G1 Evacuation Pause)
[2024-06-01T17:08:34.169-0300][gc,task       ] GC(554) Using 4 workers of 4 for evacuation
[2024-06-01T17:08:34.177-0300][gc,phases     ] GC(554)   Pre Evacuate Collection Set: 0,0ms
[2024-06-01T17:08:34.177-0300][gc,phases     ] GC(554)   Evacuate Collection Set: 7,3ms
[2024-06-01T17:08:34.177-0300][gc,phases     ] GC(554)   Post Evacuate Collection Set: 0,5ms
[2024-06-01T17:08:34.177-0300][gc,phases     ] GC(554)   Other: 0,2ms
[2024-06-01T17:08:34.177-0300][gc,heap       ] GC(554) Eden regions: 55->0(61)
[2024-06-01T17:08:34.177-0300][gc,heap       ] GC(554) Survivor regions: 5->5(8)
[2024-06-01T17:08:34.177-0300][gc,heap       ] GC(554) Old regions: 141->142
[2024-06-01T17:08:34.177-0300][gc,heap       ] GC(554) Humongous regions: 129->129
[2024-06-01T17:08:34.177-0300][gc,metaspace  ] GC(554) Metaspace: 45721K(48924K)->45721K(48924K) NonClass: 39982K(41680K)->39982K(41680K) Class: 5738K(7244K)->5738K(7244K)
[2024-06-01T17:08:34.177-0300][gc            ] GC(554) Pause Young (Normal) (G1 Evacuation Pause) 327M->273M(1024M) 8,106ms
[2024-06-01T17:08:34.177-0300][gc,cpu        ] GC(554) User=0,03s Sys=0,00s Real=0,01s
[2024-06-01T17:09:12.865-0300][gc,start      ] GC(555) Pause Young (Normal) (G1 Evacuation Pause)
[2024-06-01T17:09:12.865-0300][gc,task       ] GC(555) Using 4 workers of 4 for evacuation
[2024-06-01T17:09:12.884-0300][gc,phases     ] GC(555)   Pre Evacuate Collection Set: 0,1ms
[2024-06-01T17:09:12.884-0300][gc,phases     ] GC(555)   Evacuate Collection Set: 18,1ms
[2024-06-01T17:09:12.884-0300][gc,phases     ] GC(555)   Post Evacuate Collection Set: 1,1ms
[2024-06-01T17:09:12.884-0300][gc,phases     ] GC(555)   Other: 0,5ms
[2024-06-01T17:09:12.884-0300][gc,heap       ] GC(555) Eden regions: 61->0(57)
[2024-06-01T17:09:12.884-0300][gc,heap       ] GC(555) Survivor regions: 5->5(9)
[2024-06-01T17:09:12.884-0300][gc,heap       ] GC(555) Old regions: 142->142
[2024-06-01T17:09:12.884-0300][gc,heap       ] GC(555) Humongous regions: 129->129
[2024-06-01T17:09:12.884-0300][gc,metaspace  ] GC(555) Metaspace: 45721K(48924K)->45721K(48924K) NonClass: 39982K(41680K)->39982K(41680K) Class: 5738K(7244K)->5738K(7244K)
[2024-06-01T17:09:12.884-0300][gc            ] GC(555) Pause Young (Normal) (G1 Evacuation Pause) 334M->274M(1024M) 19,943ms
[2024-06-01T17:09:12.885-0300][gc,cpu        ] GC(555) User=0,07s Sys=0,00s Real=0,02s
[2024-06-01T17:09:49.196-0300][gc,start      ] GC(556) Pause Young (Normal) (G1 Evacuation Pause)
[2024-06-01T17:09:49.196-0300][gc,task       ] GC(556) Using 4 workers of 4 for evacuation
[2024-06-01T17:09:49.218-0300][gc,mmu        ] GC(556) MMU target violated: 21,0ms (20,0ms/21,0ms)
[2024-06-01T17:09:49.218-0300][gc,phases     ] GC(556)   Pre Evacuate Collection Set: 0,1ms
[2024-06-01T17:09:49.218-0300][gc,phases     ] GC(556)   Evacuate Collection Set: 20,3ms
[2024-06-01T17:09:49.218-0300][gc,phases     ] GC(556)   Post Evacuate Collection Set: 1,1ms
[2024-06-01T17:09:49.218-0300][gc,phases     ] GC(556)   Other: 0,5ms
[2024-06-01T17:09:49.218-0300][gc,heap       ] GC(556) Eden regions: 57->0(57)
[2024-06-01T17:09:49.218-0300][gc,heap       ] GC(556) Survivor regions: 5->6(8)
[2024-06-01T17:09:49.218-0300][gc,heap       ] GC(556) Old regions: 142->143
[2024-06-01T17:09:49.218-0300][gc,heap       ] GC(556) Humongous regions: 129->129
[2024-06-01T17:09:49.218-0300][gc,metaspace  ] GC(556) Metaspace: 45721K(48924K)->45721K(48924K) NonClass: 39982K(41680K)->39982K(41680K) Class: 5738K(7244K)->5738K(7244K)
[2024-06-01T17:09:49.218-0300][gc            ] GC(556) Pause Young (Normal) (G1 Evacuation Pause) 331M->275M(1024M) 22,133ms
[2024-06-01T17:09:49.218-0300][gc,cpu        ] GC(556) User=0,08s Sys=0,00s Real=0,02s
[2024-06-01T17:10:20.932-0300][gc,start      ] GC(557) Pause Young (Normal) (G1 Evacuation Pause)
[2024-06-01T17:10:20.932-0300][gc,task       ] GC(557) Using 4 workers of 4 for evacuation
[2024-06-01T17:10:20.954-0300][gc,mmu        ] GC(557) MMU target violated: 21,0ms (20,0ms/21,0ms)
[2024-06-01T17:10:20.954-0300][gc,phases     ] GC(557)   Pre Evacuate Collection Set: 0,1ms
[2024-06-01T17:10:20.954-0300][gc,phases     ] GC(557)   Evacuate Collection Set: 20,7ms
[2024-06-01T17:10:20.954-0300][gc,phases     ] GC(557)   Post Evacuate Collection Set: 1,0ms
[2024-06-01T17:10:20.954-0300][gc,phases     ] GC(557)   Other: 0,5ms
[2024-06-01T17:10:20.954-0300][gc,heap       ] GC(557) Eden regions: 50->0(53)
[2024-06-01T17:10:20.954-0300][gc,heap       ] GC(557) Survivor regions: 6->5(7)
[2024-06-01T17:10:20.954-0300][gc,heap       ] GC(557) Old regions: 143->145
[2024-06-01T17:10:20.954-0300][gc,heap       ] GC(557) Humongous regions: 129->129
[2024-06-01T17:10:20.954-0300][gc,metaspace  ] GC(557) Metaspace: 45721K(48924K)->45721K(48924K) NonClass: 39982K(41680K)->39982K(41680K) Class: 5738K(7244K)->5738K(7244K)
[2024-06-01T17:10:20.955-0300][gc            ] GC(557) Pause Young (Normal) (G1 Evacuation Pause) 325M->276M(1024M) 22,493ms
[2024-06-01T17:10:20.955-0300][gc,cpu        ] GC(557) User=0,08s Sys=0,00s Real=0,02s
[2024-06-01T17:10:54.645-0300][gc,start      ] GC(558) Pause Young (Normal) (G1 Evacuation Pause)
[2024-06-01T17:10:54.645-0300][gc,task       ] GC(558) Using 4 workers of 4 for evacuation
[2024-06-01T17:10:54.654-0300][gc,phases     ] GC(558)   Pre Evacuate Collection Set: 0,0ms
[2024-06-01T17:10:54.654-0300][gc,phases     ] GC(558)   Evacuate Collection Set: 8,6ms
[2024-06-01T17:10:54.654-0300][gc,phases     ] GC(558)   Post Evacuate Collection Set: 0,6ms
[2024-06-01T17:10:54.654-0300][gc,phases     ] GC(558)   Other: 0,2ms
[2024-06-01T17:10:54.654-0300][gc,heap       ] GC(558) Eden regions: 53->0(58)
[2024-06-01T17:10:54.654-0300][gc,heap       ] GC(558) Survivor regions: 5->5(8)
[2024-06-01T17:10:54.654-0300][gc,heap       ] GC(558) Old regions: 145->146
[2024-06-01T17:10:54.654-0300][gc,heap       ] GC(558) Humongous regions: 129->129
[2024-06-01T17:10:54.654-0300][gc,metaspace  ] GC(558) Metaspace: 45721K(48924K)->45721K(48924K) NonClass: 39982K(41680K)->39982K(41680K) Class: 5738K(7244K)->5738K(7244K)
[2024-06-01T17:10:54.654-0300][gc            ] GC(558) Pause Young (Normal) (G1 Evacuation Pause) 329M->277M(1024M) 9,544ms
[2024-06-01T17:10:54.654-0300][gc,cpu        ] GC(558) User=0,03s Sys=0,00s Real=0,01s
[2024-06-01T17:11:31.641-0300][gc,start      ] GC(559) Pause Young (Normal) (G1 Evacuation Pause)
[2024-06-01T17:11:31.641-0300][gc,task       ] GC(559) Using 4 workers of 4 for evacuation
[2024-06-01T17:11:31.662-0300][gc,mmu        ] GC(559) MMU target violated: 21,0ms (20,0ms/21,0ms)
[2024-06-01T17:11:31.663-0300][gc,phases     ] GC(559)   Pre Evacuate Collection Set: 0,1ms
[2024-06-01T17:11:31.663-0300][gc,phases     ] GC(559)   Evacuate Collection Set: 20,2ms
[2024-06-01T17:11:31.663-0300][gc,phases     ] GC(559)   Post Evacuate Collection Set: 1,1ms
[2024-06-01T17:11:31.663-0300][gc,phases     ] GC(559)   Other: 0,5ms
[2024-06-01T17:11:31.663-0300][gc,heap       ] GC(559) Eden regions: 58->0(57)
[2024-06-01T17:11:31.663-0300][gc,heap       ] GC(559) Survivor regions: 5->5(8)
[2024-06-01T17:11:31.663-0300][gc,heap       ] GC(559) Old regions: 146->147
[2024-06-01T17:11:31.663-0300][gc,heap       ] GC(559) Humongous regions: 129->129
[2024-06-01T17:11:31.663-0300][gc,metaspace  ] GC(559) Metaspace: 45721K(48924K)->45721K(48924K) NonClass: 39982K(41680K)->39982K(41680K) Class: 5738K(7244K)->5738K(7244K)
[2024-06-01T17:11:31.663-0300][gc            ] GC(559) Pause Young (Normal) (G1 Evacuation Pause) 335M->279M(1024M) 22,023ms
[2024-06-01T17:11:31.663-0300][gc,cpu        ] GC(559) User=0,07s Sys=0,00s Real=0,02s
[2024-06-01T17:12:07.782-0300][gc,start      ] GC(560) Pause Young (Normal) (G1 Evacuation Pause)
[2024-06-01T17:12:07.782-0300][gc,task       ] GC(560) Using 4 workers of 4 for evacuation
[2024-06-01T17:12:07.802-0300][gc,mmu        ] GC(560) MMU target violated: 20,5ms (20,0ms/21,0ms)
[2024-06-01T17:12:07.802-0300][gc,phases     ] GC(560)   Pre Evacuate Collection Set: 0,1ms
[2024-06-01T17:12:07.802-0300][gc,phases     ] GC(560)   Evacuate Collection Set: 19,2ms
[2024-06-01T17:12:07.802-0300][gc,phases     ] GC(560)   Post Evacuate Collection Set: 1,1ms
[2024-06-01T17:12:07.802-0300][gc,phases     ] GC(560)   Other: 0,5ms
[2024-06-01T17:12:07.802-0300][gc,heap       ] GC(560) Eden regions: 57->0(57)
[2024-06-01T17:12:07.802-0300][gc,heap       ] GC(560) Survivor regions: 5->5(8)
[2024-06-01T17:12:07.802-0300][gc,heap       ] GC(560) Old regions: 147->148
[2024-06-01T17:12:07.803-0300][gc,heap       ] GC(560) Humongous regions: 129->129
[2024-06-01T17:12:07.803-0300][gc,metaspace  ] GC(560) Metaspace: 45721K(48924K)->45721K(48924K) NonClass: 39982K(41680K)->39982K(41680K) Class: 5738K(7244K)->5738K(7244K)
[2024-06-01T17:12:07.803-0300][gc            ] GC(560) Pause Young (Normal) (G1 Evacuation Pause) 336M->280M(1024M) 21,029ms
[2024-06-01T17:12:07.803-0300][gc,cpu        ] GC(560) User=0,08s Sys=0,00s Real=0,02s
[2024-06-01T17:12:37.128-0300][gc,start      ] GC(561) Pause Young (Normal) (G1 Evacuation Pause)
[2024-06-01T17:12:37.128-0300][gc,task       ] GC(561) Using 4 workers of 4 for evacuation
[2024-06-01T17:12:37.148-0300][gc,phases     ] GC(561)   Pre Evacuate Collection Set: 0,1ms
[2024-06-01T17:12:37.148-0300][gc,phases     ] GC(561)   Evacuate Collection Set: 18,5ms
[2024-06-01T17:12:37.148-0300][gc,phases     ] GC(561)   Post Evacuate Collection Set: 1,1ms
[2024-06-01T17:12:37.148-0300][gc,phases     ] GC(561)   Other: 0,4ms
[2024-06-01T17:12:37.148-0300][gc,heap       ] GC(561) Eden regions: 46->0(49)
[2024-06-01T17:12:37.148-0300][gc,heap       ] GC(561) Survivor regions: 5->5(7)
[2024-06-01T17:12:37.148-0300][gc,heap       ] GC(561) Old regions: 148->150
[2024-06-01T17:12:37.148-0300][gc,heap       ] GC(561) Humongous regions: 129->129
[2024-06-01T17:12:37.148-0300][gc,metaspace  ] GC(561) Metaspace: 45721K(48924K)->45721K(48924K) NonClass: 39982K(41680K)->39982K(41680K) Class: 5738K(7244K)->5738K(7244K)
[2024-06-01T17:12:37.148-0300][gc            ] GC(561) Pause Young (Normal) (G1 Evacuation Pause) 326M->281M(1024M) 20,353ms
[2024-06-01T17:12:37.148-0300][gc,cpu        ] GC(561) User=0,07s Sys=0,01s Real=0,02s
[2024-06-01T17:13:08.111-0300][gc,start      ] GC(562) Pause Young (Normal) (G1 Evacuation Pause)
[2024-06-01T17:13:08.112-0300][gc,task       ] GC(562) Using 4 workers of 4 for evacuation
[2024-06-01T17:13:08.129-0300][gc,phases     ] GC(562)   Pre Evacuate Collection Set: 0,1ms
[2024-06-01T17:13:08.129-0300][gc,phases     ] GC(562)   Evacuate Collection Set: 16,3ms
[2024-06-01T17:13:08.129-0300][gc,phases     ] GC(562)   Post Evacuate Collection Set: 0,8ms
[2024-06-01T17:13:08.129-0300][gc,phases     ] GC(562)   Other: 0,4ms
[2024-06-01T17:13:08.129-0300][gc,heap       ] GC(562) Eden regions: 49->0(50)
[2024-06-01T17:13:08.129-0300][gc,heap       ] GC(562) Survivor regions: 5->4(7)
[2024-06-01T17:13:08.129-0300][gc,heap       ] GC(562) Old regions: 150->150
[2024-06-01T17:13:08.129-0300][gc,heap       ] GC(562) Humongous regions: 129->129
[2024-06-01T17:13:08.129-0300][gc,metaspace  ] GC(562) Metaspace: 45721K(48924K)->45721K(48924K) NonClass: 39982K(41680K)->39982K(41680K) Class: 5738K(7244K)->5738K(7244K)
[2024-06-01T17:13:08.129-0300][gc            ] GC(562) Pause Young (Normal) (G1 Evacuation Pause) 330M->281M(1024M) 17,631ms
[2024-06-01T17:13:08.129-0300][gc,cpu        ] GC(562) User=0,06s Sys=0,00s Real=0,02s
[2024-06-01T17:13:38.340-0300][gc,start      ] GC(563) Pause Young (Normal) (G1 Evacuation Pause)
[2024-06-01T17:13:38.340-0300][gc,task       ] GC(563) Using 4 workers of 4 for evacuation
[2024-06-01T17:13:38.359-0300][gc,phases     ] GC(563)   Pre Evacuate Collection Set: 0,1ms
[2024-06-01T17:13:38.359-0300][gc,phases     ] GC(563)   Evacuate Collection Set: 17,3ms
[2024-06-01T17:13:38.359-0300][gc,phases     ] GC(563)   Post Evacuate Collection Set: 1,0ms
[2024-06-01T17:13:38.359-0300][gc,phases     ] GC(563)   Other: 0,4ms
[2024-06-01T17:13:38.359-0300][gc,heap       ] GC(563) Eden regions: 47->0(48)
[2024-06-01T17:13:38.359-0300][gc,heap       ] GC(563) Survivor regions: 4->4(7)
[2024-06-01T17:13:38.359-0300][gc,heap       ] GC(563) Old regions: 150->151
[2024-06-01T17:13:38.359-0300][gc,heap       ] GC(563) Humongous regions: 129->129
[2024-06-01T17:13:38.359-0300][gc,metaspace  ] GC(563) Metaspace: 45721K(48924K)->45721K(48924K) NonClass: 39982K(41680K)->39982K(41680K) Class: 5738K(7244K)->5738K(7244K)
[2024-06-01T17:13:38.359-0300][gc            ] GC(563) Pause Young (Normal) (G1 Evacuation Pause) 328M->282M(1024M) 19,117ms
[2024-06-01T17:13:38.359-0300][gc,cpu        ] GC(563) User=0,07s Sys=0,00s Real=0,02s
[2024-06-01T17:14:08.867-0300][gc,start      ] GC(564) Pause Young (Normal) (G1 Evacuation Pause)
[2024-06-01T17:14:08.867-0300][gc,task       ] GC(564) Using 4 workers of 4 for evacuation
[2024-06-01T17:14:08.886-0300][gc,phases     ] GC(564)   Pre Evacuate Collection Set: 0,1ms
[2024-06-01T17:14:08.886-0300][gc,phases     ] GC(564)   Evacuate Collection Set: 17,0ms
[2024-06-01T17:14:08.886-0300][gc,phases     ] GC(564)   Post Evacuate Collection Set: 1,1ms
[2024-06-01T17:14:08.886-0300][gc,phases     ] GC(564)   Other: 0,5ms
[2024-06-01T17:14:08.886-0300][gc,heap       ] GC(564) Eden regions: 48->0(49)
[2024-06-01T17:14:08.886-0300][gc,heap       ] GC(564) Survivor regions: 4->4(7)
[2024-06-01T17:14:08.886-0300][gc,heap       ] GC(564) Old regions: 151->152
[2024-06-01T17:14:08.886-0300][gc,heap       ] GC(564) Humongous regions: 129->129
[2024-06-01T17:14:08.886-0300][gc,metaspace  ] GC(564) Metaspace: 45721K(48924K)->45721K(48924K) NonClass: 39982K(41680K)->39982K(41680K) Class: 5738K(7244K)->5738K(7244K)
[2024-06-01T17:14:08.886-0300][gc            ] GC(564) Pause Young (Normal) (G1 Evacuation Pause) 330M->283M(1024M) 18,844ms
[2024-06-01T17:14:08.886-0300][gc,cpu        ] GC(564) User=0,06s Sys=0,00s Real=0,01s
[2024-06-01T17:14:38.989-0300][gc,start      ] GC(565) Pause Young (Normal) (G1 Evacuation Pause)
[2024-06-01T17:14:38.989-0300][gc,task       ] GC(565) Using 4 workers of 4 for evacuation
[2024-06-01T17:14:39.008-0300][gc,phases     ] GC(565)   Pre Evacuate Collection Set: 0,1ms
[2024-06-01T17:14:39.008-0300][gc,phases     ] GC(565)   Evacuate Collection Set: 17,3ms
[2024-06-01T17:14:39.008-0300][gc,phases     ] GC(565)   Post Evacuate Collection Set: 1,0ms
[2024-06-01T17:14:39.008-0300][gc,phases     ] GC(565)   Other: 0,4ms
[2024-06-01T17:14:39.008-0300][gc,heap       ] GC(565) Eden regions: 47->0(48)
[2024-06-01T17:14:39.008-0300][gc,heap       ] GC(565) Survivor regions: 4->4(7)
[2024-06-01T17:14:39.008-0300][gc,heap       ] GC(565) Old regions: 152->153
[2024-06-01T17:14:39.008-0300][gc,heap       ] GC(565) Humongous regions: 129->129
[2024-06-01T17:14:39.008-0300][gc,metaspace  ] GC(565) Metaspace: 45721K(48924K)->45721K(48924K) NonClass: 39982K(41680K)->39982K(41680K) Class: 5738K(7244K)->5738K(7244K)
[2024-06-01T17:14:39.008-0300][gc            ] GC(565) Pause Young (Normal) (G1 Evacuation Pause) 330M->284M(1024M) 19,016ms
[2024-06-01T17:14:39.008-0300][gc,cpu        ] GC(565) User=0,06s Sys=0,01s Real=0,02s
[2024-06-01T17:15:09.775-0300][gc,start      ] GC(566) Pause Young (Normal) (G1 Evacuation Pause)
[2024-06-01T17:15:09.776-0300][gc,task       ] GC(566) Using 4 workers of 4 for evacuation
[2024-06-01T17:15:09.782-0300][gc,phases     ] GC(566)   Pre Evacuate Collection Set: 0,0ms
[2024-06-01T17:15:09.782-0300][gc,phases     ] GC(566)   Evacuate Collection Set: 5,9ms
[2024-06-01T17:15:09.782-0300][gc,phases     ] GC(566)   Post Evacuate Collection Set: 0,5ms
[2024-06-01T17:15:09.782-0300][gc,phases     ] GC(566)   Other: 0,2ms
[2024-06-01T17:15:09.782-0300][gc,heap       ] GC(566) Eden regions: 48->0(50)
[2024-06-01T17:15:09.782-0300][gc,heap       ] GC(566) Survivor regions: 4->4(7)
[2024-06-01T17:15:09.782-0300][gc,heap       ] GC(566) Old regions: 153->154
[2024-06-01T17:15:09.782-0300][gc,heap       ] GC(566) Humongous regions: 129->129
[2024-06-01T17:15:09.782-0300][gc,metaspace  ] GC(566) Metaspace: 45721K(48924K)->45721K(48924K) NonClass: 39982K(41680K)->39982K(41680K) Class: 5738K(7244K)->5738K(7244K)
[2024-06-01T17:15:09.782-0300][gc            ] GC(566) Pause Young (Normal) (G1 Evacuation Pause) 332M->285M(1024M) 6,634ms
[2024-06-01T17:15:09.782-0300][gc,cpu        ] GC(566) User=0,02s Sys=0,01s Real=0,00s
[2024-06-01T17:15:37.137-0300][gc,start      ] GC(567) Pause Young (Normal) (G1 Evacuation Pause)
[2024-06-01T17:15:37.138-0300][gc,task       ] GC(567) Using 4 workers of 4 for evacuation
[2024-06-01T17:15:37.163-0300][gc,mmu        ] GC(567) MMU target violated: 21,0ms (20,0ms/21,0ms)
[2024-06-01T17:15:37.163-0300][gc,phases     ] GC(567)   Pre Evacuate Collection Set: 0,1ms
[2024-06-01T17:15:37.163-0300][gc,phases     ] GC(567)   Evacuate Collection Set: 23,8ms
[2024-06-01T17:15:37.163-0300][gc,phases     ] GC(567)   Post Evacuate Collection Set: 1,2ms
[2024-06-01T17:15:37.163-0300][gc,phases     ] GC(567)   Other: 0,5ms
[2024-06-01T17:15:37.163-0300][gc,heap       ] GC(567) Eden regions: 47->0(46)
[2024-06-01T17:15:37.163-0300][gc,heap       ] GC(567) Survivor regions: 4->6(7)
[2024-06-01T17:15:37.163-0300][gc,heap       ] GC(567) Old regions: 154->155
[2024-06-01T17:15:37.163-0300][gc,heap       ] GC(567) Humongous regions: 129->129
[2024-06-01T17:15:37.163-0300][gc,metaspace  ] GC(567) Metaspace: 45721K(48924K)->45721K(48924K) NonClass: 39982K(41680K)->39982K(41680K) Class: 5738K(7244K)->5738K(7244K)
[2024-06-01T17:15:37.163-0300][gc            ] GC(567) Pause Young (Normal) (G1 Evacuation Pause) 332M->288M(1024M) 25,751ms
[2024-06-01T17:15:37.163-0300][gc,cpu        ] GC(567) User=0,10s Sys=0,00s Real=0,02s
[2024-06-01T17:16:06.019-0300][gc,start      ] GC(568) Pause Young (Normal) (G1 Evacuation Pause)
[2024-06-01T17:16:06.019-0300][gc,task       ] GC(568) Using 4 workers of 4 for evacuation
[2024-06-01T17:16:06.028-0300][gc,phases     ] GC(568)   Pre Evacuate Collection Set: 0,0ms
[2024-06-01T17:16:06.028-0300][gc,phases     ] GC(568)   Evacuate Collection Set: 8,7ms
[2024-06-01T17:16:06.028-0300][gc,phases     ] GC(568)   Post Evacuate Collection Set: 0,4ms
[2024-06-01T17:16:06.028-0300][gc,phases     ] GC(568)   Other: 0,2ms
[2024-06-01T17:16:06.028-0300][gc,heap       ] GC(568) Eden regions: 46->0(47)
[2024-06-01T17:16:06.028-0300][gc,heap       ] GC(568) Survivor regions: 6->5(7)
[2024-06-01T17:16:06.028-0300][gc,heap       ] GC(568) Old regions: 155->158
[2024-06-01T17:16:06.028-0300][gc,heap       ] GC(568) Humongous regions: 129->129
[2024-06-01T17:16:06.028-0300][gc,metaspace  ] GC(568) Metaspace: 45721K(48924K)->45721K(48924K) NonClass: 39982K(41680K)->39982K(41680K) Class: 5738K(7244K)->5738K(7244K)
[2024-06-01T17:16:06.028-0300][gc            ] GC(568) Pause Young (Normal) (G1 Evacuation Pause) 334M->290M(1024M) 9,422ms
[2024-06-01T17:16:06.028-0300][gc,cpu        ] GC(568) User=0,04s Sys=0,00s Real=0,01s
[2024-06-01T17:16:36.147-0300][gc,start      ] GC(569) Pause Young (Normal) (G1 Evacuation Pause)
[2024-06-01T17:16:36.147-0300][gc,task       ] GC(569) Using 4 workers of 4 for evacuation
[2024-06-01T17:16:36.154-0300][gc,phases     ] GC(569)   Pre Evacuate Collection Set: 0,0ms
[2024-06-01T17:16:36.154-0300][gc,phases     ] GC(569)   Evacuate Collection Set: 6,7ms
[2024-06-01T17:16:36.154-0300][gc,phases     ] GC(569)   Post Evacuate Collection Set: 0,5ms
[2024-06-01T17:16:36.154-0300][gc,phases     ] GC(569)   Other: 0,2ms
[2024-06-01T17:16:36.154-0300][gc,heap       ] GC(569) Eden regions: 47->0(52)
[2024-06-01T17:16:36.154-0300][gc,heap       ] GC(569) Survivor regions: 5->3(7)
[2024-06-01T17:16:36.154-0300][gc,heap       ] GC(569) Old regions: 158->161
[2024-06-01T17:16:36.154-0300][gc,heap       ] GC(569) Humongous regions: 129->129
[2024-06-01T17:16:36.154-0300][gc,metaspace  ] GC(569) Metaspace: 45721K(48924K)->45721K(48924K) NonClass: 39982K(41680K)->39982K(41680K) Class: 5738K(7244K)->5738K(7244K)
[2024-06-01T17:16:36.154-0300][gc            ] GC(569) Pause Young (Normal) (G1 Evacuation Pause) 337M->290M(1024M) 7,587ms
[2024-06-01T17:16:36.154-0300][gc,cpu        ] GC(569) User=0,03s Sys=0,00s Real=0,01s
[2024-06-01T17:17:09.108-0300][gc,start      ] GC(570) Pause Young (Normal) (G1 Evacuation Pause)
[2024-06-01T17:17:09.108-0300][gc,task       ] GC(570) Using 4 workers of 4 for evacuation
[2024-06-01T17:17:09.112-0300][gc,phases     ] GC(570)   Pre Evacuate Collection Set: 0,0ms
[2024-06-01T17:17:09.112-0300][gc,phases     ] GC(570)   Evacuate Collection Set: 3,6ms
[2024-06-01T17:17:09.112-0300][gc,phases     ] GC(570)   Post Evacuate Collection Set: 0,4ms
[2024-06-01T17:17:09.112-0300][gc,phases     ] GC(570)   Other: 0,2ms
[2024-06-01T17:17:09.112-0300][gc,heap       ] GC(570) Eden regions: 52->0(57)
[2024-06-01T17:17:09.112-0300][gc,heap       ] GC(570) Survivor regions: 3->3(7)
[2024-06-01T17:17:09.112-0300][gc,heap       ] GC(570) Old regions: 161->161
[2024-06-01T17:17:09.112-0300][gc,heap       ] GC(570) Humongous regions: 129->129
[2024-06-01T17:17:09.112-0300][gc,metaspace  ] GC(570) Metaspace: 45721K(48924K)->45721K(48924K) NonClass: 39982K(41680K)->39982K(41680K) Class: 5738K(7244K)->5738K(7244K)
[2024-06-01T17:17:09.112-0300][gc            ] GC(570) Pause Young (Normal) (G1 Evacuation Pause) 342M->291M(1024M) 4,351ms
[2024-06-01T17:17:09.112-0300][gc,cpu        ] GC(570) User=0,01s Sys=0,00s Real=0,00s
[2024-06-01T17:17:45.707-0300][gc,start      ] GC(571) Pause Young (Normal) (G1 Evacuation Pause)
[2024-06-01T17:17:45.707-0300][gc,task       ] GC(571) Using 4 workers of 4 for evacuation
[2024-06-01T17:17:45.719-0300][gc,phases     ] GC(571)   Pre Evacuate Collection Set: 0,1ms
[2024-06-01T17:17:45.719-0300][gc,phases     ] GC(571)   Evacuate Collection Set: 10,5ms
[2024-06-01T17:17:45.719-0300][gc,phases     ] GC(571)   Post Evacuate Collection Set: 0,9ms
[2024-06-01T17:17:45.719-0300][gc,phases     ] GC(571)   Other: 0,4ms
[2024-06-01T17:17:45.719-0300][gc,heap       ] GC(571) Eden regions: 57->0(56)
[2024-06-01T17:17:45.719-0300][gc,heap       ] GC(571) Survivor regions: 3->4(8)
[2024-06-01T17:17:45.719-0300][gc,heap       ] GC(571) Old regions: 161->161
[2024-06-01T17:17:45.719-0300][gc,heap       ] GC(571) Humongous regions: 129->129
[2024-06-01T17:17:45.719-0300][gc,metaspace  ] GC(571) Metaspace: 45721K(48924K)->45721K(48924K) NonClass: 39982K(41680K)->39982K(41680K) Class: 5738K(7244K)->5738K(7244K)
[2024-06-01T17:17:45.719-0300][gc            ] GC(571) Pause Young (Normal) (G1 Evacuation Pause) 348M->291M(1024M) 12,172ms
[2024-06-01T17:17:45.719-0300][gc,cpu        ] GC(571) User=0,05s Sys=0,00s Real=0,02s
[2024-06-01T17:18:21.225-0300][gc,start      ] GC(572) Pause Young (Normal) (G1 Evacuation Pause)
[2024-06-01T17:18:21.225-0300][gc,task       ] GC(572) Using 4 workers of 4 for evacuation
[2024-06-01T17:18:21.234-0300][gc,phases     ] GC(572)   Pre Evacuate Collection Set: 0,1ms
[2024-06-01T17:18:21.234-0300][gc,phases     ] GC(572)   Evacuate Collection Set: 8,4ms
[2024-06-01T17:18:21.234-0300][gc,phases     ] GC(572)   Post Evacuate Collection Set: 0,5ms
[2024-06-01T17:18:21.234-0300][gc,phases     ] GC(572)   Other: 0,4ms
[2024-06-01T17:18:21.234-0300][gc,heap       ] GC(572) Eden regions: 56->0(60)
[2024-06-01T17:18:21.234-0300][gc,heap       ] GC(572) Survivor regions: 4->4(8)
[2024-06-01T17:18:21.234-0300][gc,heap       ] GC(572) Old regions: 161->161
[2024-06-01T17:18:21.234-0300][gc,heap       ] GC(572) Humongous regions: 129->129
[2024-06-01T17:18:21.234-0300][gc,metaspace  ] GC(572) Metaspace: 45721K(48924K)->45721K(48924K) NonClass: 39982K(41680K)->39982K(41680K) Class: 5738K(7244K)->5738K(7244K)
[2024-06-01T17:18:21.234-0300][gc            ] GC(572) Pause Young (Normal) (G1 Evacuation Pause) 347M->292M(1024M) 9,348ms
[2024-06-01T17:18:21.234-0300][gc,cpu        ] GC(572) User=0,03s Sys=0,00s Real=0,01s
[2024-06-01T17:18:59.628-0300][gc,start      ] GC(573) Pause Young (Normal) (G1 Evacuation Pause)
[2024-06-01T17:18:59.628-0300][gc,task       ] GC(573) Using 4 workers of 4 for evacuation
[2024-06-01T17:18:59.644-0300][gc,phases     ] GC(573)   Pre Evacuate Collection Set: 0,1ms
[2024-06-01T17:18:59.644-0300][gc,phases     ] GC(573)   Evacuate Collection Set: 13,8ms
[2024-06-01T17:18:59.644-0300][gc,phases     ] GC(573)   Post Evacuate Collection Set: 0,9ms
[2024-06-01T17:18:59.644-0300][gc,phases     ] GC(573)   Other: 0,4ms
[2024-06-01T17:18:59.644-0300][gc,heap       ] GC(573) Eden regions: 60->0(59)
[2024-06-01T17:18:59.644-0300][gc,heap       ] GC(573) Survivor regions: 4->5(8)
[2024-06-01T17:18:59.644-0300][gc,heap       ] GC(573) Old regions: 161->161
[2024-06-01T17:18:59.644-0300][gc,heap       ] GC(573) Humongous regions: 129->129
[2024-06-01T17:18:59.644-0300][gc,metaspace  ] GC(573) Metaspace: 45721K(48924K)->45721K(48924K) NonClass: 39982K(41680K)->39982K(41680K) Class: 5738K(7244K)->5738K(7244K)
[2024-06-01T17:18:59.644-0300][gc            ] GC(573) Pause Young (Normal) (G1 Evacuation Pause) 352M->293M(1024M) 15,466ms
[2024-06-01T17:18:59.644-0300][gc,cpu        ] GC(573) User=0,05s Sys=0,00s Real=0,01s
[2024-06-01T17:19:37.379-0300][gc,start      ] GC(574) Pause Young (Normal) (G1 Evacuation Pause)
[2024-06-01T17:19:37.379-0300][gc,task       ] GC(574) Using 4 workers of 4 for evacuation
[2024-06-01T17:19:37.383-0300][gc,phases     ] GC(574)   Pre Evacuate Collection Set: 0,0ms
[2024-06-01T17:19:37.383-0300][gc,phases     ] GC(574)   Evacuate Collection Set: 4,2ms
[2024-06-01T17:19:37.383-0300][gc,phases     ] GC(574)   Post Evacuate Collection Set: 0,4ms
[2024-06-01T17:19:37.384-0300][gc,phases     ] GC(574)   Other: 0,2ms
[2024-06-01T17:19:37.384-0300][gc,heap       ] GC(574) Eden regions: 59->0(64)
[2024-06-01T17:19:37.384-0300][gc,heap       ] GC(574) Survivor regions: 5->5(8)
[2024-06-01T17:19:37.384-0300][gc,heap       ] GC(574) Old regions: 161->162
[2024-06-01T17:19:37.384-0300][gc,heap       ] GC(574) Humongous regions: 129->129
[2024-06-01T17:19:37.384-0300][gc,metaspace  ] GC(574) Metaspace: 45721K(48924K)->45721K(48924K) NonClass: 39982K(41680K)->39982K(41680K) Class: 5738K(7244K)->5738K(7244K)
[2024-06-01T17:19:37.384-0300][gc            ] GC(574) Pause Young (Normal) (G1 Evacuation Pause) 352M->294M(1024M) 4,894ms
[2024-06-01T17:19:37.384-0300][gc,cpu        ] GC(574) User=0,02s Sys=0,00s Real=0,00s
[2024-06-01T17:20:18.362-0300][gc,start      ] GC(575) Pause Young (Normal) (G1 Evacuation Pause)
[2024-06-01T17:20:18.362-0300][gc,task       ] GC(575) Using 4 workers of 4 for evacuation
[2024-06-01T17:20:18.380-0300][gc,phases     ] GC(575)   Pre Evacuate Collection Set: 0,1ms
[2024-06-01T17:20:18.380-0300][gc,phases     ] GC(575)   Evacuate Collection Set: 16,2ms
[2024-06-01T17:20:18.380-0300][gc,phases     ] GC(575)   Post Evacuate Collection Set: 0,9ms
[2024-06-01T17:20:18.380-0300][gc,phases     ] GC(575)   Other: 0,4ms
[2024-06-01T17:20:18.380-0300][gc,heap       ] GC(575) Eden regions: 64->0(62)
[2024-06-01T17:20:18.380-0300][gc,heap       ] GC(575) Survivor regions: 5->6(9)
[2024-06-01T17:20:18.380-0300][gc,heap       ] GC(575) Old regions: 162->163
[2024-06-01T17:20:18.380-0300][gc,heap       ] GC(575) Humongous regions: 129->129
[2024-06-01T17:20:18.380-0300][gc,metaspace  ] GC(575) Metaspace: 45721K(48924K)->45721K(48924K) NonClass: 39982K(41680K)->39982K(41680K) Class: 5738K(7244K)->5738K(7244K)
[2024-06-01T17:20:18.380-0300][gc            ] GC(575) Pause Young (Normal) (G1 Evacuation Pause) 358M->295M(1024M) 17,828ms
[2024-06-01T17:20:18.380-0300][gc,cpu        ] GC(575) User=0,06s Sys=0,00s Real=0,02s
[2024-06-01T17:20:58.167-0300][gc,start      ] GC(576) Pause Young (Normal) (G1 Evacuation Pause)
[2024-06-01T17:20:58.167-0300][gc,task       ] GC(576) Using 4 workers of 4 for evacuation
[2024-06-01T17:20:58.187-0300][gc,phases     ] GC(576)   Pre Evacuate Collection Set: 0,1ms
[2024-06-01T17:20:58.187-0300][gc,phases     ] GC(576)   Evacuate Collection Set: 18,7ms
[2024-06-01T17:20:58.187-0300][gc,phases     ] GC(576)   Post Evacuate Collection Set: 0,9ms
[2024-06-01T17:20:58.187-0300][gc,phases     ] GC(576)   Other: 0,5ms
[2024-06-01T17:20:58.187-0300][gc,heap       ] GC(576) Eden regions: 62->0(61)
[2024-06-01T17:20:58.187-0300][gc,heap       ] GC(576) Survivor regions: 6->6(9)
[2024-06-01T17:20:58.187-0300][gc,heap       ] GC(576) Old regions: 163->164
[2024-06-01T17:20:58.187-0300][gc,heap       ] GC(576) Humongous regions: 129->129
[2024-06-01T17:20:58.187-0300][gc,metaspace  ] GC(576) Metaspace: 45721K(48924K)->45721K(48924K) NonClass: 39982K(41680K)->39982K(41680K) Class: 5738K(7244K)->5738K(7244K)
[2024-06-01T17:20:58.188-0300][gc            ] GC(576) Pause Young (Normal) (G1 Evacuation Pause) 357M->297M(1024M) 20,393ms
[2024-06-01T17:20:58.188-0300][gc,cpu        ] GC(576) User=0,07s Sys=0,01s Real=0,03s
[2024-06-01T17:21:36.787-0300][gc,start      ] GC(577) Pause Young (Normal) (G1 Evacuation Pause)
[2024-06-01T17:21:36.787-0300][gc,task       ] GC(577) Using 4 workers of 4 for evacuation
[2024-06-01T17:21:36.805-0300][gc,phases     ] GC(577)   Pre Evacuate Collection Set: 0,1ms
[2024-06-01T17:21:36.805-0300][gc,phases     ] GC(577)   Evacuate Collection Set: 16,5ms
[2024-06-01T17:21:36.805-0300][gc,phases     ] GC(577)   Post Evacuate Collection Set: 1,0ms
[2024-06-01T17:21:36.805-0300][gc,phases     ] GC(577)   Other: 0,4ms
[2024-06-01T17:21:36.805-0300][gc,heap       ] GC(577) Eden regions: 61->0(62)
[2024-06-01T17:21:36.805-0300][gc,heap       ] GC(577) Survivor regions: 6->5(9)
[2024-06-01T17:21:36.805-0300][gc,heap       ] GC(577) Old regions: 164->165
[2024-06-01T17:21:36.805-0300][gc,heap       ] GC(577) Humongous regions: 129->129
[2024-06-01T17:21:36.805-0300][gc,metaspace  ] GC(577) Metaspace: 45721K(48924K)->45721K(48924K) NonClass: 39982K(41680K)->39982K(41680K) Class: 5738K(7244K)->5738K(7244K)
[2024-06-01T17:21:36.805-0300][gc            ] GC(577) Pause Young (Normal) (G1 Evacuation Pause) 358M->297M(1024M) 18,220ms
[2024-06-01T17:21:36.805-0300][gc,cpu        ] GC(577) User=0,06s Sys=0,00s Real=0,02s
[2024-06-01T17:22:13.390-0300][gc,start      ] GC(578) Pause Young (Normal) (G1 Evacuation Pause)
[2024-06-01T17:22:13.390-0300][gc,task       ] GC(578) Using 4 workers of 4 for evacuation
[2024-06-01T17:22:13.408-0300][gc,phases     ] GC(578)   Pre Evacuate Collection Set: 0,1ms
[2024-06-01T17:22:13.408-0300][gc,phases     ] GC(578)   Evacuate Collection Set: 16,1ms
[2024-06-01T17:22:13.408-0300][gc,phases     ] GC(578)   Post Evacuate Collection Set: 0,9ms
[2024-06-01T17:22:13.408-0300][gc,phases     ] GC(578)   Other: 0,4ms
[2024-06-01T17:22:13.408-0300][gc,heap       ] GC(578) Eden regions: 58->0(61)
[2024-06-01T17:22:13.408-0300][gc,heap       ] GC(578) Survivor regions: 5->6(8)
[2024-06-01T17:22:13.408-0300][gc,heap       ] GC(578) Old regions: 165->165
[2024-06-01T17:22:13.408-0300][gc,heap       ] GC(578) Humongous regions: 129->129
[2024-06-01T17:22:13.408-0300][gc,metaspace  ] GC(578) Metaspace: 45721K(48924K)->45721K(48924K) NonClass: 39982K(41680K)->39982K(41680K) Class: 5738K(7244K)->5738K(7244K)
[2024-06-01T17:22:13.408-0300][gc            ] GC(578) Pause Young (Normal) (G1 Evacuation Pause) 355M->298M(1024M) 17,796ms
[2024-06-01T17:22:13.408-0300][gc,cpu        ] GC(578) User=0,07s Sys=0,00s Real=0,02s
[2024-06-01T17:22:52.153-0300][gc,start      ] GC(579) Pause Young (Normal) (G1 Evacuation Pause)
[2024-06-01T17:22:52.153-0300][gc,task       ] GC(579) Using 4 workers of 4 for evacuation
[2024-06-01T17:22:52.161-0300][gc,phases     ] GC(579)   Pre Evacuate Collection Set: 0,0ms
[2024-06-01T17:22:52.161-0300][gc,phases     ] GC(579)   Evacuate Collection Set: 6,7ms
[2024-06-01T17:22:52.161-0300][gc,phases     ] GC(579)   Post Evacuate Collection Set: 0,5ms
[2024-06-01T17:22:52.161-0300][gc,phases     ] GC(579)   Other: 0,2ms
[2024-06-01T17:22:52.161-0300][gc,heap       ] GC(579) Eden regions: 61->0(66)
[2024-06-01T17:22:52.161-0300][gc,heap       ] GC(579) Survivor regions: 6->7(9)
[2024-06-01T17:22:52.161-0300][gc,heap       ] GC(579) Old regions: 165->166
[2024-06-01T17:22:52.161-0300][gc,heap       ] GC(579) Humongous regions: 129->129
[2024-06-01T17:22:52.161-0300][gc,metaspace  ] GC(579) Metaspace: 45721K(48924K)->45721K(48924K) NonClass: 39982K(41680K)->39982K(41680K) Class: 5738K(7244K)->5738K(7244K)
[2024-06-01T17:22:52.161-0300][gc            ] GC(579) Pause Young (Normal) (G1 Evacuation Pause) 359M->299M(1024M) 7,518ms
[2024-06-01T17:22:52.161-0300][gc,cpu        ] GC(579) User=0,03s Sys=0,00s Real=0,01s
[2024-06-01T17:23:31.815-0300][gc,start      ] GC(580) Pause Young (Normal) (G1 Evacuation Pause)
[2024-06-01T17:23:31.815-0300][gc,task       ] GC(580) Using 4 workers of 4 for evacuation
[2024-06-01T17:23:31.836-0300][gc,mmu        ] GC(580) MMU target violated: 21,0ms (20,0ms/21,0ms)
[2024-06-01T17:23:31.836-0300][gc,phases     ] GC(580)   Pre Evacuate Collection Set: 0,1ms
[2024-06-01T17:23:31.836-0300][gc,phases     ] GC(580)   Evacuate Collection Set: 20,0ms
[2024-06-01T17:23:31.836-0300][gc,phases     ] GC(580)   Post Evacuate Collection Set: 0,9ms
[2024-06-01T17:23:31.836-0300][gc,phases     ] GC(580)   Other: 0,5ms
[2024-06-01T17:23:31.836-0300][gc,heap       ] GC(580) Eden regions: 63->0(64)
[2024-06-01T17:23:31.836-0300][gc,heap       ] GC(580) Survivor regions: 7->6(9)
[2024-06-01T17:23:31.836-0300][gc,heap       ] GC(580) Old regions: 166->168
[2024-06-01T17:23:31.836-0300][gc,heap       ] GC(580) Humongous regions: 129->129
[2024-06-01T17:23:31.836-0300][gc,metaspace  ] GC(580) Metaspace: 45721K(48924K)->45721K(48924K) NonClass: 39982K(41680K)->39982K(41680K) Class: 5738K(7244K)->5738K(7244K)
[2024-06-01T17:23:31.836-0300][gc            ] GC(580) Pause Young (Normal) (G1 Evacuation Pause) 362M->300M(1024M) 21,723ms
[2024-06-01T17:23:31.836-0300][gc,cpu        ] GC(580) User=0,08s Sys=0,00s Real=0,03s
[2024-06-01T17:24:08.901-0300][gc,start      ] GC(581) Pause Young (Normal) (G1 Evacuation Pause)
[2024-06-01T17:24:08.901-0300][gc,task       ] GC(581) Using 4 workers of 4 for evacuation
[2024-06-01T17:24:08.909-0300][gc,phases     ] GC(581)   Pre Evacuate Collection Set: 0,0ms
[2024-06-01T17:24:08.909-0300][gc,phases     ] GC(581)   Evacuate Collection Set: 6,6ms
[2024-06-01T17:24:08.909-0300][gc,phases     ] GC(581)   Post Evacuate Collection Set: 0,4ms
[2024-06-01T17:24:08.909-0300][gc,phases     ] GC(581)   Other: 0,2ms
[2024-06-01T17:24:08.909-0300][gc,heap       ] GC(581) Eden regions: 59->0(71)
[2024-06-01T17:24:08.909-0300][gc,heap       ] GC(581) Survivor regions: 6->6(9)
[2024-06-01T17:24:08.909-0300][gc,heap       ] GC(581) Old regions: 168->170
[2024-06-01T17:24:08.909-0300][gc,heap       ] GC(581) Humongous regions: 129->129
[2024-06-01T17:24:08.909-0300][gc,metaspace  ] GC(581) Metaspace: 45721K(48924K)->45721K(48924K) NonClass: 39982K(41680K)->39982K(41680K) Class: 5738K(7244K)->5738K(7244K)
[2024-06-01T17:24:08.909-0300][gc            ] GC(581) Pause Young (Normal) (G1 Evacuation Pause) 359M->302M(1024M) 7,312ms
[2024-06-01T17:24:08.909-0300][gc,cpu        ] GC(581) User=0,03s Sys=0,00s Real=0,01s
[2024-06-01T17:24:54.252-0300][gc,start      ] GC(582) Pause Young (Normal) (G1 Evacuation Pause)
[2024-06-01T17:24:54.252-0300][gc,task       ] GC(582) Using 4 workers of 4 for evacuation
[2024-06-01T17:24:54.262-0300][gc,phases     ] GC(582)   Pre Evacuate Collection Set: 0,0ms
[2024-06-01T17:24:54.262-0300][gc,phases     ] GC(582)   Evacuate Collection Set: 8,8ms
[2024-06-01T17:24:54.262-0300][gc,phases     ] GC(582)   Post Evacuate Collection Set: 0,6ms
[2024-06-01T17:24:54.262-0300][gc,phases     ] GC(582)   Other: 0,2ms
[2024-06-01T17:24:54.262-0300][gc,heap       ] GC(582) Eden regions: 71->0(81)
[2024-06-01T17:24:54.262-0300][gc,heap       ] GC(582) Survivor regions: 6->7(10)
[2024-06-01T17:24:54.262-0300][gc,heap       ] GC(582) Old regions: 170->170
[2024-06-01T17:24:54.262-0300][gc,heap       ] GC(582) Humongous regions: 129->129
[2024-06-01T17:24:54.262-0300][gc,metaspace  ] GC(582) Metaspace: 45721K(48924K)->45721K(48924K) NonClass: 39982K(41680K)->39982K(41680K) Class: 5738K(7244K)->5738K(7244K)
[2024-06-01T17:24:54.262-0300][gc            ] GC(582) Pause Young (Normal) (G1 Evacuation Pause) 373M->303M(1024M) 9,744ms
[2024-06-01T17:24:54.262-0300][gc,cpu        ] GC(582) User=0,03s Sys=0,00s Real=0,01s
[2024-06-01T17:25:45.781-0300][gc,start      ] GC(583) Pause Young (Normal) (G1 Evacuation Pause)
[2024-06-01T17:25:45.781-0300][gc,task       ] GC(583) Using 4 workers of 4 for evacuation
[2024-06-01T17:25:45.803-0300][gc,mmu        ] GC(583) MMU target violated: 21,0ms (20,0ms/21,0ms)
[2024-06-01T17:25:45.803-0300][gc,phases     ] GC(583)   Pre Evacuate Collection Set: 0,1ms
[2024-06-01T17:25:45.803-0300][gc,phases     ] GC(583)   Evacuate Collection Set: 20,1ms
[2024-06-01T17:25:45.803-0300][gc,phases     ] GC(583)   Post Evacuate Collection Set: 1,0ms
[2024-06-01T17:25:45.803-0300][gc,phases     ] GC(583)   Other: 0,5ms
[2024-06-01T17:25:45.803-0300][gc,heap       ] GC(583) Eden regions: 81->0(70)
[2024-06-01T17:25:45.803-0300][gc,heap       ] GC(583) Survivor regions: 7->6(11)
[2024-06-01T17:25:45.803-0300][gc,heap       ] GC(583) Old regions: 170->171
[2024-06-01T17:25:45.803-0300][gc,heap       ] GC(583) Humongous regions: 129->129
[2024-06-01T17:25:45.803-0300][gc,metaspace  ] GC(583) Metaspace: 45721K(48924K)->45721K(48924K) NonClass: 39983K(41680K)->39983K(41680K) Class: 5738K(7244K)->5738K(7244K)
[2024-06-01T17:25:45.803-0300][gc            ] GC(583) Pause Young (Normal) (G1 Evacuation Pause) 384M->303M(1024M) 21,886ms
[2024-06-01T17:25:45.803-0300][gc,cpu        ] GC(583) User=0,08s Sys=0,00s Real=0,02s
[2024-06-01T17:26:25.295-0300][gc,start      ] GC(584) Pause Young (Normal) (G1 Evacuation Pause)
[2024-06-01T17:26:25.296-0300][gc,task       ] GC(584) Using 4 workers of 4 for evacuation
[2024-06-01T17:26:25.318-0300][gc,mmu        ] GC(584) MMU target violated: 21,0ms (20,0ms/21,0ms)
[2024-06-01T17:26:25.318-0300][gc,phases     ] GC(584)   Pre Evacuate Collection Set: 0,1ms
[2024-06-01T17:26:25.318-0300][gc,phases     ] GC(584)   Evacuate Collection Set: 20,8ms
[2024-06-01T17:26:25.318-0300][gc,phases     ] GC(584)   Post Evacuate Collection Set: 1,0ms
[2024-06-01T17:26:25.318-0300][gc,phases     ] GC(584)   Other: 0,5ms
[2024-06-01T17:26:25.318-0300][gc,heap       ] GC(584) Eden regions: 62->0(64)
[2024-06-01T17:26:25.318-0300][gc,heap       ] GC(584) Survivor regions: 6->6(9)
[2024-06-01T17:26:25.318-0300][gc,heap       ] GC(584) Old regions: 171->173
[2024-06-01T17:26:25.318-0300][gc,heap       ] GC(584) Humongous regions: 129->129
[2024-06-01T17:26:25.318-0300][gc,metaspace  ] GC(584) Metaspace: 45721K(48924K)->45721K(48924K) NonClass: 39983K(41680K)->39983K(41680K) Class: 5738K(7244K)->5738K(7244K)
[2024-06-01T17:26:25.318-0300][gc            ] GC(584) Pause Young (Normal) (G1 Evacuation Pause) 365M->305M(1024M) 22,630ms
[2024-06-01T17:26:25.318-0300][gc,cpu        ] GC(584) User=0,08s Sys=0,01s Real=0,02s
[2024-06-01T17:27:04.167-0300][gc,start      ] GC(585) Pause Young (Normal) (G1 Evacuation Pause)
[2024-06-01T17:27:04.167-0300][gc,task       ] GC(585) Using 4 workers of 4 for evacuation
[2024-06-01T17:27:04.187-0300][gc,mmu        ] GC(585) MMU target violated: 20,1ms (20,0ms/21,0ms)
[2024-06-01T17:27:04.187-0300][gc,phases     ] GC(585)   Pre Evacuate Collection Set: 0,1ms
[2024-06-01T17:27:04.187-0300][gc,phases     ] GC(585)   Evacuate Collection Set: 18,9ms
[2024-06-01T17:27:04.187-0300][gc,phases     ] GC(585)   Post Evacuate Collection Set: 1,0ms
[2024-06-01T17:27:04.187-0300][gc,phases     ] GC(585)   Other: 0,5ms
[2024-06-01T17:27:04.187-0300][gc,heap       ] GC(585) Eden regions: 61->0(63)
[2024-06-01T17:27:04.187-0300][gc,heap       ] GC(585) Survivor regions: 6->6(9)
[2024-06-01T17:27:04.187-0300][gc,heap       ] GC(585) Old regions: 173->174
[2024-06-01T17:27:04.187-0300][gc,heap       ] GC(585) Humongous regions: 129->129
[2024-06-01T17:27:04.188-0300][gc,metaspace  ] GC(585) Metaspace: 45721K(48924K)->45721K(48924K) NonClass: 39983K(41680K)->39983K(41680K) Class: 5738K(7244K)->5738K(7244K)
[2024-06-01T17:27:04.188-0300][gc            ] GC(585) Pause Young (Normal) (G1 Evacuation Pause) 366M->306M(1024M) 20,741ms
[2024-06-01T17:27:04.188-0300][gc,cpu        ] GC(585) User=0,07s Sys=0,00s Real=0,03s
[2024-06-01T17:27:32.483-0300][gc,start      ] GC(586) Pause Young (Normal) (G1 Evacuation Pause)
[2024-06-01T17:27:32.483-0300][gc,task       ] GC(586) Using 4 workers of 4 for evacuation
[2024-06-01T17:27:32.504-0300][gc,mmu        ] GC(586) MMU target violated: 20,6ms (20,0ms/21,0ms)
[2024-06-01T17:27:32.504-0300][gc,phases     ] GC(586)   Pre Evacuate Collection Set: 0,1ms
[2024-06-01T17:27:32.504-0300][gc,phases     ] GC(586)   Evacuate Collection Set: 19,4ms
[2024-06-01T17:27:32.504-0300][gc,phases     ] GC(586)   Post Evacuate Collection Set: 1,0ms
[2024-06-01T17:27:32.504-0300][gc,phases     ] GC(586)   Other: 0,5ms
[2024-06-01T17:27:32.504-0300][gc,heap       ] GC(586) Eden regions: 45->0(61)
[2024-06-01T17:27:32.504-0300][gc,heap       ] GC(586) Survivor regions: 6->4(7)
[2024-06-01T17:27:32.504-0300][gc,heap       ] GC(586) Old regions: 174->177
[2024-06-01T17:27:32.504-0300][gc,heap       ] GC(586) Humongous regions: 129->129
[2024-06-01T17:27:32.504-0300][gc,metaspace  ] GC(586) Metaspace: 45721K(48924K)->45721K(48924K) NonClass: 39983K(41680K)->39983K(41680K) Class: 5738K(7244K)->5738K(7244K)
[2024-06-01T17:27:32.504-0300][gc            ] GC(586) Pause Young (Normal) (G1 Evacuation Pause) 351M->308M(1024M) 21,157ms
[2024-06-01T17:27:32.504-0300][gc,cpu        ] GC(586) User=0,07s Sys=0,00s Real=0,02s
[2024-06-01T17:28:04.248-0300][gc,start      ] GC(587) Pause Young (Normal) (G1 Evacuation Pause)
[2024-06-01T17:28:04.248-0300][gc,task       ] GC(587) Using 4 workers of 4 for evacuation
[2024-06-01T17:28:04.265-0300][gc,phases     ] GC(587)   Pre Evacuate Collection Set: 0,1ms
[2024-06-01T17:28:04.265-0300][gc,phases     ] GC(587)   Evacuate Collection Set: 15,5ms
[2024-06-01T17:28:04.265-0300][gc,phases     ] GC(587)   Post Evacuate Collection Set: 1,0ms
[2024-06-01T17:28:04.265-0300][gc,phases     ] GC(587)   Other: 0,5ms
[2024-06-01T17:28:04.265-0300][gc,heap       ] GC(587) Eden regions: 50->0(52)
[2024-06-01T17:28:04.265-0300][gc,heap       ] GC(587) Survivor regions: 4->5(7)
[2024-06-01T17:28:04.265-0300][gc,heap       ] GC(587) Old regions: 177->177
[2024-06-01T17:28:04.265-0300][gc,heap       ] GC(587) Humongous regions: 129->129
[2024-06-01T17:28:04.265-0300][gc,metaspace  ] GC(587) Metaspace: 45721K(48924K)->45721K(48924K) NonClass: 39983K(41680K)->39983K(41680K) Class: 5738K(7244K)->5738K(7244K)
[2024-06-01T17:28:04.265-0300][gc            ] GC(587) Pause Young (Normal) (G1 Evacuation Pause) 358M->308M(1024M) 17,412ms
[2024-06-01T17:28:04.266-0300][gc,cpu        ] GC(587) User=0,06s Sys=0,00s Real=0,01s
[2024-06-01T17:28:37.524-0300][gc,start      ] GC(588) Pause Young (Normal) (G1 Evacuation Pause)
[2024-06-01T17:28:37.524-0300][gc,task       ] GC(588) Using 4 workers of 4 for evacuation
[2024-06-01T17:28:37.549-0300][gc,mmu        ] GC(588) MMU target violated: 21,0ms (20,0ms/21,0ms)
[2024-06-01T17:28:37.549-0300][gc,phases     ] GC(588)   Pre Evacuate Collection Set: 0,1ms
[2024-06-01T17:28:37.549-0300][gc,phases     ] GC(588)   Evacuate Collection Set: 23,1ms
[2024-06-01T17:28:37.549-0300][gc,phases     ] GC(588)   Post Evacuate Collection Set: 1,0ms
[2024-06-01T17:28:37.549-0300][gc,phases     ] GC(588)   Other: 0,5ms
[2024-06-01T17:28:37.549-0300][gc,heap       ] GC(588) Eden regions: 52->0(50)
[2024-06-01T17:28:37.549-0300][gc,heap       ] GC(588) Survivor regions: 5->5(8)
[2024-06-01T17:28:37.549-0300][gc,heap       ] GC(588) Old regions: 177->178
[2024-06-01T17:28:37.549-0300][gc,heap       ] GC(588) Humongous regions: 129->129
[2024-06-01T17:28:37.549-0300][gc,metaspace  ] GC(588) Metaspace: 45721K(48924K)->45721K(48924K) NonClass: 39983K(41680K)->39983K(41680K) Class: 5738K(7244K)->5738K(7244K)
[2024-06-01T17:28:37.549-0300][gc            ] GC(588) Pause Young (Normal) (G1 Evacuation Pause) 360M->310M(1024M) 24,915ms
[2024-06-01T17:28:37.549-0300][gc,cpu        ] GC(588) User=0,08s Sys=0,00s Real=0,03s
[2024-06-01T17:29:07.020-0300][gc,start      ] GC(589) Pause Young (Normal) (G1 Evacuation Pause)
[2024-06-01T17:29:07.020-0300][gc,task       ] GC(589) Using 4 workers of 4 for evacuation
[2024-06-01T17:29:07.039-0300][gc,phases     ] GC(589)   Pre Evacuate Collection Set: 0,1ms
[2024-06-01T17:29:07.040-0300][gc,phases     ] GC(589)   Evacuate Collection Set: 18,3ms
[2024-06-01T17:29:07.040-0300][gc,phases     ] GC(589)   Post Evacuate Collection Set: 0,9ms
[2024-06-01T17:29:07.040-0300][gc,phases     ] GC(589)   Other: 0,4ms
[2024-06-01T17:29:07.040-0300][gc,heap       ] GC(589) Eden regions: 46->0(50)
[2024-06-01T17:29:07.040-0300][gc,heap       ] GC(589) Survivor regions: 5->5(7)
[2024-06-01T17:29:07.040-0300][gc,heap       ] GC(589) Old regions: 178->180
[2024-06-01T17:29:07.040-0300][gc,heap       ] GC(589) Humongous regions: 129->129
[2024-06-01T17:29:07.040-0300][gc,metaspace  ] GC(589) Metaspace: 45721K(48924K)->45721K(48924K) NonClass: 39983K(41680K)->39983K(41680K) Class: 5738K(7244K)->5738K(7244K)
[2024-06-01T17:29:07.040-0300][gc            ] GC(589) Pause Young (Normal) (G1 Evacuation Pause) 356M->311M(1024M) 19,976ms
[2024-06-01T17:29:07.040-0300][gc,cpu        ] GC(589) User=0,07s Sys=0,01s Real=0,02s
[2024-06-01T17:29:39.225-0300][gc,start      ] GC(590) Pause Young (Normal) (G1 Evacuation Pause)
[2024-06-01T17:29:39.225-0300][gc,task       ] GC(590) Using 4 workers of 4 for evacuation
[2024-06-01T17:29:39.243-0300][gc,phases     ] GC(590)   Pre Evacuate Collection Set: 0,1ms
[2024-06-01T17:29:39.243-0300][gc,phases     ] GC(590)   Evacuate Collection Set: 16,8ms
[2024-06-01T17:29:39.243-0300][gc,phases     ] GC(590)   Post Evacuate Collection Set: 1,0ms
[2024-06-01T17:29:39.243-0300][gc,phases     ] GC(590)   Other: 0,4ms
[2024-06-01T17:29:39.243-0300][gc,heap       ] GC(590) Eden regions: 50->0(52)
[2024-06-01T17:29:39.243-0300][gc,heap       ] GC(590) Survivor regions: 5->5(7)
[2024-06-01T17:29:39.243-0300][gc,heap       ] GC(590) Old regions: 180->181
[2024-06-01T17:29:39.243-0300][gc,heap       ] GC(590) Humongous regions: 129->129
[2024-06-01T17:29:39.243-0300][gc,metaspace  ] GC(590) Metaspace: 45721K(48924K)->45721K(48924K) NonClass: 39983K(41680K)->39983K(41680K) Class: 5738K(7244K)->5738K(7244K)
[2024-06-01T17:29:39.243-0300][gc            ] GC(590) Pause Young (Normal) (G1 Evacuation Pause) 361M->312M(1024M) 18,549ms
[2024-06-01T17:29:39.243-0300][gc,cpu        ] GC(590) User=0,06s Sys=0,00s Real=0,02s
[2024-06-01T17:30:07.971-0300][gc,start      ] GC(591) Pause Young (Normal) (G1 Evacuation Pause)
[2024-06-01T17:30:07.971-0300][gc,task       ] GC(591) Using 4 workers of 4 for evacuation
[2024-06-01T17:30:07.987-0300][gc,phases     ] GC(591)   Pre Evacuate Collection Set: 0,1ms
[2024-06-01T17:30:07.987-0300][gc,phases     ] GC(591)   Evacuate Collection Set: 15,2ms
[2024-06-01T17:30:07.987-0300][gc,phases     ] GC(591)   Post Evacuate Collection Set: 0,9ms
[2024-06-01T17:30:07.988-0300][gc,phases     ] GC(591)   Other: 0,4ms
[2024-06-01T17:30:07.988-0300][gc,heap       ] GC(591) Eden regions: 46->0(54)
[2024-06-01T17:30:07.988-0300][gc,heap       ] GC(591) Survivor regions: 5->4(7)
[2024-06-01T17:30:07.988-0300][gc,heap       ] GC(591) Old regions: 181->181
[2024-06-01T17:30:07.988-0300][gc,heap       ] GC(591) Humongous regions: 129->129
[2024-06-01T17:30:07.988-0300][gc,metaspace  ] GC(591) Metaspace: 45721K(48924K)->45721K(48924K) NonClass: 39983K(41680K)->39983K(41680K) Class: 5738K(7244K)->5738K(7244K)
[2024-06-01T17:30:07.988-0300][gc            ] GC(591) Pause Young (Normal) (G1 Evacuation Pause) 358M->312M(1024M) 16,812ms
[2024-06-01T17:30:07.988-0300][gc,cpu        ] GC(591) User=0,07s Sys=0,00s Real=0,02s
[2024-06-01T17:30:37.954-0300][gc,start      ] GC(592) Pause Young (Normal) (G1 Evacuation Pause)
[2024-06-01T17:30:37.954-0300][gc,task       ] GC(592) Using 4 workers of 4 for evacuation
[2024-06-01T17:30:37.971-0300][gc,phases     ] GC(592)   Pre Evacuate Collection Set: 0,1ms
[2024-06-01T17:30:37.971-0300][gc,phases     ] GC(592)   Evacuate Collection Set: 15,7ms
[2024-06-01T17:30:37.972-0300][gc,phases     ] GC(592)   Post Evacuate Collection Set: 0,9ms
[2024-06-01T17:30:37.972-0300][gc,phases     ] GC(592)   Other: 0,4ms
[2024-06-01T17:30:37.972-0300][gc,heap       ] GC(592) Eden regions: 47->0(52)
[2024-06-01T17:30:37.972-0300][gc,heap       ] GC(592) Survivor regions: 4->5(7)
[2024-06-01T17:30:37.972-0300][gc,heap       ] GC(592) Old regions: 181->181
[2024-06-01T17:30:37.972-0300][gc,heap       ] GC(592) Humongous regions: 129->129
[2024-06-01T17:30:37.972-0300][gc,metaspace  ] GC(592) Metaspace: 45721K(48924K)->45721K(48924K) NonClass: 39983K(41680K)->39983K(41680K) Class: 5738K(7244K)->5738K(7244K)
[2024-06-01T17:30:37.972-0300][gc            ] GC(592) Pause Young (Normal) (G1 Evacuation Pause) 359M->313M(1024M) 17,387ms
[2024-06-01T17:30:37.972-0300][gc,cpu        ] GC(592) User=0,07s Sys=0,00s Real=0,02s
[2024-06-01T17:31:06.972-0300][gc,start      ] GC(593) Pause Young (Normal) (G1 Evacuation Pause)
[2024-06-01T17:31:06.972-0300][gc,task       ] GC(593) Using 4 workers of 4 for evacuation
[2024-06-01T17:31:06.991-0300][gc,phases     ] GC(593)   Pre Evacuate Collection Set: 0,1ms
[2024-06-01T17:31:06.991-0300][gc,phases     ] GC(593)   Evacuate Collection Set: 18,0ms
[2024-06-01T17:31:06.991-0300][gc,phases     ] GC(593)   Post Evacuate Collection Set: 1,0ms
[2024-06-01T17:31:06.991-0300][gc,phases     ] GC(593)   Other: 0,4ms
[2024-06-01T17:31:06.991-0300][gc,heap       ] GC(593) Eden regions: 46->0(50)
[2024-06-01T17:31:06.992-0300][gc,heap       ] GC(593) Survivor regions: 5->5(7)
[2024-06-01T17:31:06.992-0300][gc,heap       ] GC(593) Old regions: 181->182
[2024-06-01T17:31:06.992-0300][gc,heap       ] GC(593) Humongous regions: 129->129
[2024-06-01T17:31:06.992-0300][gc,metaspace  ] GC(593) Metaspace: 45721K(48924K)->45721K(48924K) NonClass: 39983K(41680K)->39983K(41680K) Class: 5738K(7244K)->5738K(7244K)
[2024-06-01T17:31:06.992-0300][gc            ] GC(593) Pause Young (Normal) (G1 Evacuation Pause) 359M->314M(1024M) 19,769ms
[2024-06-01T17:31:06.992-0300][gc,cpu        ] GC(593) User=0,07s Sys=0,01s Real=0,02s
[2024-06-01T17:31:35.786-0300][gc,start      ] GC(594) Pause Young (Normal) (G1 Evacuation Pause)
[2024-06-01T17:31:35.786-0300][gc,task       ] GC(594) Using 4 workers of 4 for evacuation
[2024-06-01T17:31:35.805-0300][gc,phases     ] GC(594)   Pre Evacuate Collection Set: 0,1ms
[2024-06-01T17:31:35.805-0300][gc,phases     ] GC(594)   Evacuate Collection Set: 18,0ms
[2024-06-01T17:31:35.805-0300][gc,phases     ] GC(594)   Post Evacuate Collection Set: 1,0ms
[2024-06-01T17:31:35.805-0300][gc,phases     ] GC(594)   Other: 0,4ms
[2024-06-01T17:31:35.805-0300][gc,heap       ] GC(594) Eden regions: 46->0(50)
[2024-06-01T17:31:35.805-0300][gc,heap       ] GC(594) Survivor regions: 5->5(7)
[2024-06-01T17:31:35.805-0300][gc,heap       ] GC(594) Old regions: 182->184
[2024-06-01T17:31:35.806-0300][gc,heap       ] GC(594) Humongous regions: 129->129
[2024-06-01T17:31:35.806-0300][gc,metaspace  ] GC(594) Metaspace: 45721K(48924K)->45721K(48924K) NonClass: 39983K(41680K)->39983K(41680K) Class: 5738K(7244K)->5738K(7244K)
[2024-06-01T17:31:35.806-0300][gc            ] GC(594) Pause Young (Normal) (G1 Evacuation Pause) 360M->315M(1024M) 19,741ms
[2024-06-01T17:31:35.806-0300][gc,cpu        ] GC(594) User=0,08s Sys=0,00s Real=0,02s
[2024-06-01T17:32:05.293-0300][gc,start      ] GC(595) Pause Young (Normal) (G1 Evacuation Pause)
[2024-06-01T17:32:05.293-0300][gc,task       ] GC(595) Using 4 workers of 4 for evacuation
[2024-06-01T17:32:05.311-0300][gc,phases     ] GC(595)   Pre Evacuate Collection Set: 0,1ms
[2024-06-01T17:32:05.311-0300][gc,phases     ] GC(595)   Evacuate Collection Set: 16,8ms
[2024-06-01T17:32:05.311-0300][gc,phases     ] GC(595)   Post Evacuate Collection Set: 1,0ms
[2024-06-01T17:32:05.311-0300][gc,phases     ] GC(595)   Other: 0,4ms
[2024-06-01T17:32:05.311-0300][gc,heap       ] GC(595) Eden regions: 46->0(49)
[2024-06-01T17:32:05.311-0300][gc,heap       ] GC(595) Survivor regions: 5->4(7)
[2024-06-01T17:32:05.311-0300][gc,heap       ] GC(595) Old regions: 184->185
[2024-06-01T17:32:05.311-0300][gc,heap       ] GC(595) Humongous regions: 129->129
[2024-06-01T17:32:05.311-0300][gc,metaspace  ] GC(595) Metaspace: 45721K(48924K)->45721K(48924K) NonClass: 39983K(41680K)->39983K(41680K) Class: 5738K(7244K)->5738K(7244K)
[2024-06-01T17:32:05.312-0300][gc            ] GC(595) Pause Young (Normal) (G1 Evacuation Pause) 361M->316M(1024M) 18,542ms
[2024-06-01T17:32:05.312-0300][gc,cpu        ] GC(595) User=0,07s Sys=0,00s Real=0,02s
[2024-06-01T17:32:35.742-0300][gc,start      ] GC(596) Pause Young (Normal) (G1 Evacuation Pause)
[2024-06-01T17:32:35.742-0300][gc,task       ] GC(596) Using 4 workers of 4 for evacuation
[2024-06-01T17:32:35.761-0300][gc,phases     ] GC(596)   Pre Evacuate Collection Set: 0,1ms
[2024-06-01T17:32:35.761-0300][gc,phases     ] GC(596)   Evacuate Collection Set: 16,9ms
[2024-06-01T17:32:35.761-0300][gc,phases     ] GC(596)   Post Evacuate Collection Set: 0,9ms
[2024-06-01T17:32:35.761-0300][gc,phases     ] GC(596)   Other: 0,4ms
[2024-06-01T17:32:35.761-0300][gc,heap       ] GC(596) Eden regions: 47->0(50)
[2024-06-01T17:32:35.761-0300][gc,heap       ] GC(596) Survivor regions: 4->4(7)
[2024-06-01T17:32:35.761-0300][gc,heap       ] GC(596) Old regions: 185->186
[2024-06-01T17:32:35.761-0300][gc,heap       ] GC(596) Humongous regions: 129->129
[2024-06-01T17:32:35.761-0300][gc,metaspace  ] GC(596) Metaspace: 45721K(48924K)->45721K(48924K) NonClass: 39983K(41680K)->39983K(41680K) Class: 5738K(7244K)->5738K(7244K)
[2024-06-01T17:32:35.761-0300][gc            ] GC(596) Pause Young (Normal) (G1 Evacuation Pause) 363M->317M(1024M) 18,566ms
[2024-06-01T17:32:35.761-0300][gc,cpu        ] GC(596) User=0,07s Sys=0,00s Real=0,02s
[2024-06-01T17:33:05.534-0300][gc,start      ] GC(597) Pause Young (Normal) (G1 Evacuation Pause)
[2024-06-01T17:33:05.534-0300][gc,task       ] GC(597) Using 4 workers of 4 for evacuation
[2024-06-01T17:33:05.552-0300][gc,phases     ] GC(597)   Pre Evacuate Collection Set: 0,1ms
[2024-06-01T17:33:05.552-0300][gc,phases     ] GC(597)   Evacuate Collection Set: 16,8ms
[2024-06-01T17:33:05.552-0300][gc,phases     ] GC(597)   Post Evacuate Collection Set: 1,1ms
[2024-06-01T17:33:05.552-0300][gc,phases     ] GC(597)   Other: 0,4ms
[2024-06-01T17:33:05.552-0300][gc,heap       ] GC(597) Eden regions: 47->0(48)
[2024-06-01T17:33:05.552-0300][gc,heap       ] GC(597) Survivor regions: 4->4(7)
[2024-06-01T17:33:05.552-0300][gc,heap       ] GC(597) Old regions: 186->187
[2024-06-01T17:33:05.552-0300][gc,heap       ] GC(597) Humongous regions: 129->129
[2024-06-01T17:33:05.552-0300][gc,metaspace  ] GC(597) Metaspace: 45721K(48924K)->45721K(48924K) NonClass: 39983K(41680K)->39983K(41680K) Class: 5738K(7244K)->5738K(7244K)
[2024-06-01T17:33:05.552-0300][gc            ] GC(597) Pause Young (Normal) (G1 Evacuation Pause) 364M->318M(1024M) 18,710ms
[2024-06-01T17:33:05.553-0300][gc,cpu        ] GC(597) User=0,06s Sys=0,00s Real=0,02s
[2024-06-01T17:33:35.836-0300][gc,start      ] GC(598) Pause Young (Normal) (G1 Evacuation Pause)
[2024-06-01T17:33:35.836-0300][gc,task       ] GC(598) Using 4 workers of 4 for evacuation
[2024-06-01T17:33:35.855-0300][gc,phases     ] GC(598)   Pre Evacuate Collection Set: 0,1ms
[2024-06-01T17:33:35.855-0300][gc,phases     ] GC(598)   Evacuate Collection Set: 17,2ms
[2024-06-01T17:33:35.855-0300][gc,phases     ] GC(598)   Post Evacuate Collection Set: 0,9ms
[2024-06-01T17:33:35.855-0300][gc,phases     ] GC(598)   Other: 0,4ms
[2024-06-01T17:33:35.855-0300][gc,heap       ] GC(598) Eden regions: 48->0(48)
[2024-06-01T17:33:35.855-0300][gc,heap       ] GC(598) Survivor regions: 4->4(7)
[2024-06-01T17:33:35.855-0300][gc,heap       ] GC(598) Old regions: 187->188
[2024-06-01T17:33:35.855-0300][gc,heap       ] GC(598) Humongous regions: 129->129
[2024-06-01T17:33:35.855-0300][gc,metaspace  ] GC(598) Metaspace: 45721K(48924K)->45721K(48924K) NonClass: 39983K(41680K)->39983K(41680K) Class: 5738K(7244K)->5738K(7244K)
[2024-06-01T17:33:35.855-0300][gc            ] GC(598) Pause Young (Normal) (G1 Evacuation Pause) 366M->319M(1024M) 18,855ms
[2024-06-01T17:33:35.855-0300][gc,cpu        ] GC(598) User=0,07s Sys=0,00s Real=0,01s
[2024-06-01T17:34:05.171-0300][gc,start      ] GC(599) Pause Young (Normal) (G1 Evacuation Pause)
[2024-06-01T17:34:05.171-0300][gc,task       ] GC(599) Using 4 workers of 4 for evacuation
[2024-06-01T17:34:05.188-0300][gc,phases     ] GC(599)   Pre Evacuate Collection Set: 0,1ms
[2024-06-01T17:34:05.188-0300][gc,phases     ] GC(599)   Evacuate Collection Set: 15,9ms
[2024-06-01T17:34:05.188-0300][gc,phases     ] GC(599)   Post Evacuate Collection Set: 1,0ms
[2024-06-01T17:34:05.188-0300][gc,phases     ] GC(599)   Other: 0,4ms
[2024-06-01T17:34:05.188-0300][gc,heap       ] GC(599) Eden regions: 47->0(50)
[2024-06-01T17:34:05.188-0300][gc,heap       ] GC(599) Survivor regions: 4->4(7)
[2024-06-01T17:34:05.188-0300][gc,heap       ] GC(599) Old regions: 188->189
[2024-06-01T17:34:05.188-0300][gc,heap       ] GC(599) Humongous regions: 129->129
[2024-06-01T17:34:05.188-0300][gc,metaspace  ] GC(599) Metaspace: 45723K(48924K)->45723K(48924K) NonClass: 39985K(41680K)->39985K(41680K) Class: 5738K(7244K)->5738K(7244K)
[2024-06-01T17:34:05.188-0300][gc            ] GC(599) Pause Young (Normal) (G1 Evacuation Pause) 366M->319M(1024M) 17,601ms
[2024-06-01T17:34:05.188-0300][gc,cpu        ] GC(599) User=0,06s Sys=0,00s Real=0,02s
[2024-06-01T17:34:37.203-0300][gc,start      ] GC(600) Pause Young (Normal) (G1 Evacuation Pause)
[2024-06-01T17:34:37.203-0300][gc,task       ] GC(600) Using 4 workers of 4 for evacuation
[2024-06-01T17:34:37.221-0300][gc,phases     ] GC(600)   Pre Evacuate Collection Set: 0,1ms
[2024-06-01T17:34:37.221-0300][gc,phases     ] GC(600)   Evacuate Collection Set: 16,1ms
[2024-06-01T17:34:37.221-0300][gc,phases     ] GC(600)   Post Evacuate Collection Set: 0,8ms
[2024-06-01T17:34:37.221-0300][gc,phases     ] GC(600)   Other: 0,5ms
[2024-06-01T17:34:37.221-0300][gc,heap       ] GC(600) Eden regions: 50->0(51)
[2024-06-01T17:34:37.221-0300][gc,heap       ] GC(600) Survivor regions: 4->5(7)
[2024-06-01T17:34:37.221-0300][gc,heap       ] GC(600) Old regions: 189->189
[2024-06-01T17:34:37.221-0300][gc,heap       ] GC(600) Humongous regions: 129->129
[2024-06-01T17:34:37.221-0300][gc,metaspace  ] GC(600) Metaspace: 45723K(48924K)->45723K(48924K) NonClass: 39985K(41680K)->39985K(41680K) Class: 5738K(7244K)->5738K(7244K)
[2024-06-01T17:34:37.221-0300][gc            ] GC(600) Pause Young (Normal) (G1 Evacuation Pause) 369M->320M(1024M) 17,791ms
[2024-06-01T17:34:37.221-0300][gc,cpu        ] GC(600) User=0,06s Sys=0,00s Real=0,02s
[2024-06-01T17:35:06.479-0300][gc,start      ] GC(601) Pause Young (Normal) (G1 Evacuation Pause)
[2024-06-01T17:35:06.479-0300][gc,task       ] GC(601) Using 4 workers of 4 for evacuation
[2024-06-01T17:35:06.499-0300][gc,mmu        ] GC(601) MMU target violated: 20,1ms (20,0ms/21,0ms)
[2024-06-01T17:35:06.499-0300][gc,phases     ] GC(601)   Pre Evacuate Collection Set: 0,1ms
[2024-06-01T17:35:06.499-0300][gc,phases     ] GC(601)   Evacuate Collection Set: 18,9ms
[2024-06-01T17:35:06.499-0300][gc,phases     ] GC(601)   Post Evacuate Collection Set: 1,0ms
[2024-06-01T17:35:06.499-0300][gc,phases     ] GC(601)   Other: 0,5ms
[2024-06-01T17:35:06.499-0300][gc,heap       ] GC(601) Eden regions: 46->0(49)
[2024-06-01T17:35:06.499-0300][gc,heap       ] GC(601) Survivor regions: 5->5(7)
[2024-06-01T17:35:06.499-0300][gc,heap       ] GC(601) Old regions: 189->190
[2024-06-01T17:35:06.499-0300][gc,heap       ] GC(601) Humongous regions: 129->129
[2024-06-01T17:35:06.499-0300][gc,metaspace  ] GC(601) Metaspace: 45723K(48924K)->45723K(48924K) NonClass: 39985K(41680K)->39985K(41680K) Class: 5738K(7244K)->5738K(7244K)
[2024-06-01T17:35:06.499-0300][gc            ] GC(601) Pause Young (Normal) (G1 Evacuation Pause) 366M->321M(1024M) 20,612ms
[2024-06-01T17:35:06.499-0300][gc,cpu        ] GC(601) User=0,08s Sys=0,00s Real=0,02s
[2024-06-01T17:35:36.140-0300][gc,start      ] GC(602) Pause Young (Normal) (G1 Evacuation Pause)
[2024-06-01T17:35:36.140-0300][gc,task       ] GC(602) Using 4 workers of 4 for evacuation
[2024-06-01T17:35:36.161-0300][gc,mmu        ] GC(602) MMU target violated: 21,0ms (20,0ms/21,0ms)
[2024-06-01T17:35:36.161-0300][gc,phases     ] GC(602)   Pre Evacuate Collection Set: 0,1ms
[2024-06-01T17:35:36.162-0300][gc,phases     ] GC(602)   Evacuate Collection Set: 20,0ms
[2024-06-01T17:35:36.162-0300][gc,phases     ] GC(602)   Post Evacuate Collection Set: 1,1ms
[2024-06-01T17:35:36.162-0300][gc,phases     ] GC(602)   Other: 0,5ms
[2024-06-01T17:35:36.162-0300][gc,heap       ] GC(602) Eden regions: 47->0(48)
[2024-06-01T17:35:36.162-0300][gc,heap       ] GC(602) Survivor regions: 5->5(7)
[2024-06-01T17:35:36.162-0300][gc,heap       ] GC(602) Old regions: 190->191
[2024-06-01T17:35:36.162-0300][gc,heap       ] GC(602) Humongous regions: 129->129
[2024-06-01T17:35:36.162-0300][gc,metaspace  ] GC(602) Metaspace: 45723K(48924K)->45723K(48924K) NonClass: 39985K(41680K)->39985K(41680K) Class: 5738K(7244K)->5738K(7244K)
[2024-06-01T17:35:36.162-0300][gc            ] GC(602) Pause Young (Normal) (G1 Evacuation Pause) 368M->323M(1024M) 21,849ms
[2024-06-01T17:35:36.162-0300][gc,cpu        ] GC(602) User=0,08s Sys=0,00s Real=0,02s
[2024-06-01T17:36:06.622-0300][gc,start      ] GC(603) Pause Young (Normal) (G1 Evacuation Pause)
[2024-06-01T17:36:06.622-0300][gc,task       ] GC(603) Using 4 workers of 4 for evacuation
[2024-06-01T17:36:06.629-0300][gc,phases     ] GC(603)   Pre Evacuate Collection Set: 0,0ms
[2024-06-01T17:36:06.629-0300][gc,phases     ] GC(603)   Evacuate Collection Set: 6,3ms
[2024-06-01T17:36:06.629-0300][gc,phases     ] GC(603)   Post Evacuate Collection Set: 0,6ms
[2024-06-01T17:36:06.629-0300][gc,phases     ] GC(603)   Other: 0,2ms
[2024-06-01T17:36:06.629-0300][gc,heap       ] GC(603) Eden regions: 48->0(52)
[2024-06-01T17:36:06.629-0300][gc,heap       ] GC(603) Survivor regions: 5->5(7)
[2024-06-01T17:36:06.629-0300][gc,heap       ] GC(603) Old regions: 191->192
[2024-06-01T17:36:06.629-0300][gc,heap       ] GC(603) Humongous regions: 129->129
[2024-06-01T17:36:06.629-0300][gc,metaspace  ] GC(603) Metaspace: 45728K(48924K)->45728K(48924K) NonClass: 39990K(41680K)->39990K(41680K) Class: 5738K(7244K)->5738K(7244K)
[2024-06-01T17:36:06.629-0300][gc            ] GC(603) Pause Young (Normal) (G1 Evacuation Pause) 371M->323M(1024M) 7,212ms
[2024-06-01T17:36:06.629-0300][gc,cpu        ] GC(603) User=0,03s Sys=0,00s Real=0,01s
[2024-06-01T17:36:39.578-0300][gc,start      ] GC(604) Pause Young (Normal) (G1 Evacuation Pause)
[2024-06-01T17:36:39.578-0300][gc,task       ] GC(604) Using 4 workers of 4 for evacuation
[2024-06-01T17:36:39.597-0300][gc,phases     ] GC(604)   Pre Evacuate Collection Set: 0,1ms
[2024-06-01T17:36:39.597-0300][gc,phases     ] GC(604)   Evacuate Collection Set: 17,8ms
[2024-06-01T17:36:39.597-0300][gc,phases     ] GC(604)   Post Evacuate Collection Set: 1,0ms
[2024-06-01T17:36:39.597-0300][gc,phases     ] GC(604)   Other: 0,4ms
[2024-06-01T17:36:39.597-0300][gc,heap       ] GC(604) Eden regions: 52->0(53)
[2024-06-01T17:36:39.597-0300][gc,heap       ] GC(604) Survivor regions: 5->5(8)
[2024-06-01T17:36:39.597-0300][gc,heap       ] GC(604) Old regions: 192->193
[2024-06-01T17:36:39.597-0300][gc,heap       ] GC(604) Humongous regions: 129->129
[2024-06-01T17:36:39.597-0300][gc,metaspace  ] GC(604) Metaspace: 45728K(48924K)->45728K(48924K) NonClass: 39990K(41680K)->39990K(41680K) Class: 5738K(7244K)->5738K(7244K)
[2024-06-01T17:36:39.597-0300][gc            ] GC(604) Pause Young (Normal) (G1 Evacuation Pause) 375M->324M(1024M) 19,564ms
[2024-06-01T17:36:39.597-0300][gc,cpu        ] GC(604) User=0,07s Sys=0,00s Real=0,02s
[2024-06-01T17:37:12.180-0300][gc,start      ] GC(605) Pause Young (Normal) (G1 Evacuation Pause)
[2024-06-01T17:37:12.180-0300][gc,task       ] GC(605) Using 4 workers of 4 for evacuation
[2024-06-01T17:37:12.186-0300][gc,phases     ] GC(605)   Pre Evacuate Collection Set: 0,0ms
[2024-06-01T17:37:12.187-0300][gc,phases     ] GC(605)   Evacuate Collection Set: 6,1ms
[2024-06-01T17:37:12.187-0300][gc,phases     ] GC(605)   Post Evacuate Collection Set: 0,6ms
[2024-06-01T17:37:12.187-0300][gc,phases     ] GC(605)   Other: 0,2ms
[2024-06-01T17:37:12.187-0300][gc,heap       ] GC(605) Eden regions: 51->0(58)
[2024-06-01T17:37:12.187-0300][gc,heap       ] GC(605) Survivor regions: 5->4(7)
[2024-06-01T17:37:12.187-0300][gc,heap       ] GC(605) Old regions: 193->194
[2024-06-01T17:37:12.187-0300][gc,heap       ] GC(605) Humongous regions: 129->129
[2024-06-01T17:37:12.187-0300][gc,metaspace  ] GC(605) Metaspace: 45730K(48924K)->45730K(48924K) NonClass: 39992K(41680K)->39992K(41680K) Class: 5738K(7244K)->5738K(7244K)
[2024-06-01T17:37:12.187-0300][gc            ] GC(605) Pause Young (Normal) (G1 Evacuation Pause) 375M->325M(1024M) 7,021ms
[2024-06-01T17:37:12.187-0300][gc,cpu        ] GC(605) User=0,02s Sys=0,00s Real=0,00s
[2024-06-01T17:37:49.130-0300][gc,start      ] GC(606) Pause Young (Normal) (G1 Evacuation Pause)
[2024-06-01T17:37:49.131-0300][gc,task       ] GC(606) Using 4 workers of 4 for evacuation
[2024-06-01T17:37:49.148-0300][gc,phases     ] GC(606)   Pre Evacuate Collection Set: 0,1ms
[2024-06-01T17:37:49.148-0300][gc,phases     ] GC(606)   Evacuate Collection Set: 16,1ms
[2024-06-01T17:37:49.148-0300][gc,phases     ] GC(606)   Post Evacuate Collection Set: 1,1ms
[2024-06-01T17:37:49.148-0300][gc,phases     ] GC(606)   Other: 0,4ms
[2024-06-01T17:37:49.148-0300][gc,heap       ] GC(606) Eden regions: 58->0(57)
[2024-06-01T17:37:49.148-0300][gc,heap       ] GC(606) Survivor regions: 4->5(8)
[2024-06-01T17:37:49.148-0300][gc,heap       ] GC(606) Old regions: 194->194
[2024-06-01T17:37:49.148-0300][gc,heap       ] GC(606) Humongous regions: 129->129
[2024-06-01T17:37:49.148-0300][gc,metaspace  ] GC(606) Metaspace: 45730K(48924K)->45730K(48924K) NonClass: 39992K(41680K)->39992K(41680K) Class: 5738K(7244K)->5738K(7244K)
[2024-06-01T17:37:49.148-0300][gc            ] GC(606) Pause Young (Normal) (G1 Evacuation Pause) 383M->326M(1024M) 17,878ms
[2024-06-01T17:37:49.148-0300][gc,cpu        ] GC(606) User=0,07s Sys=0,00s Real=0,02s
[2024-06-01T17:38:24.911-0300][gc,start      ] GC(607) Pause Young (Normal) (G1 Evacuation Pause)
[2024-06-01T17:38:24.911-0300][gc,task       ] GC(607) Using 4 workers of 4 for evacuation
[2024-06-01T17:38:24.929-0300][gc,phases     ] GC(607)   Pre Evacuate Collection Set: 0,1ms
[2024-06-01T17:38:24.929-0300][gc,phases     ] GC(607)   Evacuate Collection Set: 16,5ms
[2024-06-01T17:38:24.929-0300][gc,phases     ] GC(607)   Post Evacuate Collection Set: 1,1ms
[2024-06-01T17:38:24.929-0300][gc,phases     ] GC(607)   Other: 0,5ms
[2024-06-01T17:38:24.929-0300][gc,heap       ] GC(607) Eden regions: 57->0(58)
[2024-06-01T17:38:24.929-0300][gc,heap       ] GC(607) Survivor regions: 5->4(8)
[2024-06-01T17:38:24.929-0300][gc,heap       ] GC(607) Old regions: 194->195
[2024-06-01T17:38:24.929-0300][gc,heap       ] GC(607) Humongous regions: 129->129
[2024-06-01T17:38:24.929-0300][gc,metaspace  ] GC(607) Metaspace: 45730K(48924K)->45730K(48924K) NonClass: 39992K(41680K)->39992K(41680K) Class: 5738K(7244K)->5738K(7244K)
[2024-06-01T17:38:24.930-0300][gc            ] GC(607) Pause Young (Normal) (G1 Evacuation Pause) 383M->326M(1024M) 18,356ms
[2024-06-01T17:38:24.930-0300][gc,cpu        ] GC(607) User=0,06s Sys=0,00s Real=0,02s
[2024-06-01T17:39:02.149-0300][gc,start      ] GC(608) Pause Young (Normal) (G1 Evacuation Pause)
[2024-06-01T17:39:02.149-0300][gc,task       ] GC(608) Using 4 workers of 4 for evacuation
[2024-06-01T17:39:02.167-0300][gc,phases     ] GC(608)   Pre Evacuate Collection Set: 0,1ms
[2024-06-01T17:39:02.167-0300][gc,phases     ] GC(608)   Evacuate Collection Set: 16,8ms
[2024-06-01T17:39:02.167-0300][gc,phases     ] GC(608)   Post Evacuate Collection Set: 1,0ms
[2024-06-01T17:39:02.167-0300][gc,phases     ] GC(608)   Other: 0,4ms
[2024-06-01T17:39:02.167-0300][gc,heap       ] GC(608) Eden regions: 58->0(57)
[2024-06-01T17:39:02.167-0300][gc,heap       ] GC(608) Survivor regions: 4->5(8)
[2024-06-01T17:39:02.167-0300][gc,heap       ] GC(608) Old regions: 195->195
[2024-06-01T17:39:02.167-0300][gc,heap       ] GC(608) Humongous regions: 129->129
[2024-06-01T17:39:02.167-0300][gc,metaspace  ] GC(608) Metaspace: 45735K(48924K)->45735K(48924K) NonClass: 39997K(41680K)->39997K(41680K) Class: 5738K(7244K)->5738K(7244K)
[2024-06-01T17:39:02.168-0300][gc            ] GC(608) Pause Young (Normal) (G1 Evacuation Pause) 384M->327M(1024M) 18,578ms
[2024-06-01T17:39:02.168-0300][gc,cpu        ] GC(608) User=0,07s Sys=0,00s Real=0,02s
[2024-06-01T17:39:38.035-0300][gc,start      ] GC(609) Pause Young (Normal) (G1 Evacuation Pause)
[2024-06-01T17:39:38.035-0300][gc,task       ] GC(609) Using 4 workers of 4 for evacuation
[2024-06-01T17:39:38.055-0300][gc,phases     ] GC(609)   Pre Evacuate Collection Set: 0,1ms
[2024-06-01T17:39:38.055-0300][gc,phases     ] GC(609)   Evacuate Collection Set: 18,5ms
[2024-06-01T17:39:38.055-0300][gc,phases     ] GC(609)   Post Evacuate Collection Set: 1,0ms
[2024-06-01T17:39:38.055-0300][gc,phases     ] GC(609)   Other: 0,4ms
[2024-06-01T17:39:38.055-0300][gc,heap       ] GC(609) Eden regions: 57->0(58)
[2024-06-01T17:39:38.055-0300][gc,heap       ] GC(609) Survivor regions: 5->6(8)
[2024-06-01T17:39:38.055-0300][gc,heap       ] GC(609) Old regions: 195->196
[2024-06-01T17:39:38.055-0300][gc,heap       ] GC(609) Humongous regions: 129->129
[2024-06-01T17:39:38.055-0300][gc,metaspace  ] GC(609) Metaspace: 45735K(48924K)->45735K(48924K) NonClass: 39997K(41680K)->39997K(41680K) Class: 5738K(7244K)->5738K(7244K)
[2024-06-01T17:39:38.055-0300][gc            ] GC(609) Pause Young (Normal) (G1 Evacuation Pause) 384M->328M(1024M) 20,301ms
[2024-06-01T17:39:38.055-0300][gc,cpu        ] GC(609) User=0,08s Sys=0,00s Real=0,03s
[2024-06-01T17:40:14.943-0300][gc,start      ] GC(610) Pause Young (Normal) (G1 Evacuation Pause)
[2024-06-01T17:40:14.943-0300][gc,task       ] GC(610) Using 4 workers of 4 for evacuation
[2024-06-01T17:40:14.951-0300][gc,phases     ] GC(610)   Pre Evacuate Collection Set: 0,0ms
[2024-06-01T17:40:14.951-0300][gc,phases     ] GC(610)   Evacuate Collection Set: 7,5ms
[2024-06-01T17:40:14.951-0300][gc,phases     ] GC(610)   Post Evacuate Collection Set: 0,5ms
[2024-06-01T17:40:14.951-0300][gc,phases     ] GC(610)   Other: 0,2ms
[2024-06-01T17:40:14.951-0300][gc,heap       ] GC(610) Eden regions: 58->0(60)
[2024-06-01T17:40:14.951-0300][gc,heap       ] GC(610) Survivor regions: 6->6(8)
[2024-06-01T17:40:14.951-0300][gc,heap       ] GC(610) Old regions: 196->197
[2024-06-01T17:40:14.951-0300][gc,heap       ] GC(610) Humongous regions: 129->129
[2024-06-01T17:40:14.951-0300][gc,metaspace  ] GC(610) Metaspace: 45735K(48924K)->45735K(48924K) NonClass: 39997K(41680K)->39997K(41680K) Class: 5738K(7244K)->5738K(7244K)
[2024-06-01T17:40:14.951-0300][gc            ] GC(610) Pause Young (Normal) (G1 Evacuation Pause) 386M->330M(1024M) 8,338ms
[2024-06-01T17:40:14.951-0300][gc,cpu        ] GC(610) User=0,03s Sys=0,00s Real=0,01s
[2024-06-01T17:40:53.351-0300][gc,start      ] GC(611) Pause Young (Normal) (G1 Evacuation Pause)
[2024-06-01T17:40:53.351-0300][gc,task       ] GC(611) Using 4 workers of 4 for evacuation
[2024-06-01T17:40:53.360-0300][gc,phases     ] GC(611)   Pre Evacuate Collection Set: 0,0ms
[2024-06-01T17:40:53.361-0300][gc,phases     ] GC(611)   Evacuate Collection Set: 8,5ms
[2024-06-01T17:40:53.361-0300][gc,phases     ] GC(611)   Post Evacuate Collection Set: 0,5ms
[2024-06-01T17:40:53.361-0300][gc,phases     ] GC(611)   Other: 0,2ms
[2024-06-01T17:40:53.361-0300][gc,heap       ] GC(611) Eden regions: 60->0(67)
[2024-06-01T17:40:53.361-0300][gc,heap       ] GC(611) Survivor regions: 6->7(9)
[2024-06-01T17:40:53.361-0300][gc,heap       ] GC(611) Old regions: 197->198
[2024-06-01T17:40:53.361-0300][gc,heap       ] GC(611) Humongous regions: 129->129
[2024-06-01T17:40:53.361-0300][gc,metaspace  ] GC(611) Metaspace: 45735K(48924K)->45735K(48924K) NonClass: 39997K(41680K)->39997K(41680K) Class: 5738K(7244K)->5738K(7244K)
[2024-06-01T17:40:53.361-0300][gc            ] GC(611) Pause Young (Normal) (G1 Evacuation Pause) 390M->331M(1024M) 9,303ms
[2024-06-01T17:40:53.361-0300][gc,cpu        ] GC(611) User=0,03s Sys=0,01s Real=0,01s
[2024-06-01T17:41:35.967-0300][gc,start      ] GC(612) Pause Young (Normal) (G1 Evacuation Pause)
[2024-06-01T17:41:35.967-0300][gc,task       ] GC(612) Using 4 workers of 4 for evacuation
[2024-06-01T17:41:35.991-0300][gc,mmu        ] GC(612) MMU target violated: 21,0ms (20,0ms/21,0ms)
[2024-06-01T17:41:35.991-0300][gc,phases     ] GC(612)   Pre Evacuate Collection Set: 0,1ms
[2024-06-01T17:41:35.991-0300][gc,phases     ] GC(612)   Evacuate Collection Set: 22,0ms
[2024-06-01T17:41:35.991-0300][gc,phases     ] GC(612)   Post Evacuate Collection Set: 1,0ms
[2024-06-01T17:41:35.991-0300][gc,phases     ] GC(612)   Other: 0,5ms
[2024-06-01T17:41:35.991-0300][gc,heap       ] GC(612) Eden regions: 67->0(61)
[2024-06-01T17:41:35.991-0300][gc,heap       ] GC(612) Survivor regions: 7->7(10)
[2024-06-01T17:41:35.991-0300][gc,heap       ] GC(612) Old regions: 198->199
[2024-06-01T17:41:35.991-0300][gc,heap       ] GC(612) Humongous regions: 129->129
[2024-06-01T17:41:35.991-0300][gc,metaspace  ] GC(612) Metaspace: 45735K(48924K)->45735K(48924K) NonClass: 39997K(41680K)->39997K(41680K) Class: 5738K(7244K)->5738K(7244K)
[2024-06-01T17:41:35.991-0300][gc            ] GC(612) Pause Young (Normal) (G1 Evacuation Pause) 398M->332M(1024M) 23,786ms
[2024-06-01T17:41:35.991-0300][gc,cpu        ] GC(612) User=0,08s Sys=0,00s Real=0,03s
[2024-06-01T17:42:14.748-0300][gc,start      ] GC(613) Pause Young (Normal) (G1 Evacuation Pause)
[2024-06-01T17:42:14.748-0300][gc,task       ] GC(613) Using 4 workers of 4 for evacuation
[2024-06-01T17:42:14.772-0300][gc,mmu        ] GC(613) MMU target violated: 21,0ms (20,0ms/21,0ms)
[2024-06-01T17:42:14.772-0300][gc,phases     ] GC(613)   Pre Evacuate Collection Set: 0,1ms
[2024-06-01T17:42:14.772-0300][gc,phases     ] GC(613)   Evacuate Collection Set: 22,7ms
[2024-06-01T17:42:14.772-0300][gc,phases     ] GC(613)   Post Evacuate Collection Set: 1,0ms
[2024-06-01T17:42:14.772-0300][gc,phases     ] GC(613)   Other: 0,5ms
[2024-06-01T17:42:14.772-0300][gc,heap       ] GC(613) Eden regions: 61->0(57)
[2024-06-01T17:42:14.772-0300][gc,heap       ] GC(613) Survivor regions: 7->6(9)
[2024-06-01T17:42:14.772-0300][gc,heap       ] GC(613) Old regions: 199->201
[2024-06-01T17:42:14.772-0300][gc,heap       ] GC(613) Humongous regions: 129->129
[2024-06-01T17:42:14.772-0300][gc,metaspace  ] GC(613) Metaspace: 45735K(48924K)->45735K(48924K) NonClass: 39997K(41680K)->39997K(41680K) Class: 5738K(7244K)->5738K(7244K)
[2024-06-01T17:42:14.772-0300][gc            ] GC(613) Pause Young (Normal) (G1 Evacuation Pause) 393M->334M(1024M) 24,560ms
[2024-06-01T17:42:14.772-0300][gc,cpu        ] GC(613) User=0,09s Sys=0,01s Real=0,02s
[2024-06-01T17:42:50.945-0300][gc,start      ] GC(614) Pause Young (Normal) (G1 Evacuation Pause)
[2024-06-01T17:42:50.945-0300][gc,task       ] GC(614) Using 4 workers of 4 for evacuation
[2024-06-01T17:42:50.964-0300][gc,phases     ] GC(614)   Pre Evacuate Collection Set: 0,1ms
[2024-06-01T17:42:50.965-0300][gc,phases     ] GC(614)   Evacuate Collection Set: 18,4ms
[2024-06-01T17:42:50.965-0300][gc,phases     ] GC(614)   Post Evacuate Collection Set: 1,0ms
[2024-06-01T17:42:50.965-0300][gc,phases     ] GC(614)   Other: 0,4ms
[2024-06-01T17:42:50.965-0300][gc,heap       ] GC(614) Eden regions: 57->0(59)
[2024-06-01T17:42:50.965-0300][gc,heap       ] GC(614) Survivor regions: 6->5(8)
[2024-06-01T17:42:50.965-0300][gc,heap       ] GC(614) Old regions: 201->202
[2024-06-01T17:42:50.965-0300][gc,heap       ] GC(614) Humongous regions: 129->129
[2024-06-01T17:42:50.965-0300][gc,metaspace  ] GC(614) Metaspace: 45735K(48924K)->45735K(48924K) NonClass: 39997K(41680K)->39997K(41680K) Class: 5738K(7244K)->5738K(7244K)
[2024-06-01T17:42:50.965-0300][gc            ] GC(614) Pause Young (Normal) (G1 Evacuation Pause) 391M->334M(1024M) 20,171ms
[2024-06-01T17:42:50.965-0300][gc,cpu        ] GC(614) User=0,08s Sys=0,00s Real=0,02s
[2024-06-01T17:43:28.626-0300][gc,start      ] GC(615) Pause Young (Normal) (G1 Evacuation Pause)
[2024-06-01T17:43:28.626-0300][gc,task       ] GC(615) Using 4 workers of 4 for evacuation
[2024-06-01T17:43:28.646-0300][gc,phases     ] GC(615)   Pre Evacuate Collection Set: 0,1ms
[2024-06-01T17:43:28.647-0300][gc,phases     ] GC(615)   Evacuate Collection Set: 18,7ms
[2024-06-01T17:43:28.647-0300][gc,phases     ] GC(615)   Post Evacuate Collection Set: 1,0ms
[2024-06-01T17:43:28.647-0300][gc,phases     ] GC(615)   Other: 0,4ms
[2024-06-01T17:43:28.647-0300][gc,heap       ] GC(615) Eden regions: 59->0(59)
[2024-06-01T17:43:28.647-0300][gc,heap       ] GC(615) Survivor regions: 5->5(8)
[2024-06-01T17:43:28.647-0300][gc,heap       ] GC(615) Old regions: 202->204
[2024-06-01T17:43:28.647-0300][gc,heap       ] GC(615) Humongous regions: 129->129
[2024-06-01T17:43:28.647-0300][gc,metaspace  ] GC(615) Metaspace: 45735K(48924K)->45735K(48924K) NonClass: 39997K(41680K)->39997K(41680K) Class: 5738K(7244K)->5738K(7244K)
[2024-06-01T17:43:28.647-0300][gc            ] GC(615) Pause Young (Normal) (G1 Evacuation Pause) 393M->335M(1024M) 20,419ms
[2024-06-01T17:43:28.647-0300][gc,cpu        ] GC(615) User=0,08s Sys=0,00s Real=0,02s
[2024-06-01T17:43:58.021-0300][gc,start      ] GC(616) Pause Young (Normal) (G1 Evacuation Pause)
[2024-06-01T17:43:58.022-0300][gc,task       ] GC(616) Using 4 workers of 4 for evacuation
[2024-06-01T17:43:58.041-0300][gc,phases     ] GC(616)   Pre Evacuate Collection Set: 0,1ms
[2024-06-01T17:43:58.041-0300][gc,phases     ] GC(616)   Evacuate Collection Set: 18,1ms
[2024-06-01T17:43:58.041-0300][gc,phases     ] GC(616)   Post Evacuate Collection Set: 1,0ms
[2024-06-01T17:43:58.041-0300][gc,phases     ] GC(616)   Other: 0,4ms
[2024-06-01T17:43:58.041-0300][gc,heap       ] GC(616) Eden regions: 46->0(49)
[2024-06-01T17:43:58.041-0300][gc,heap       ] GC(616) Survivor regions: 5->5(7)
[2024-06-01T17:43:58.041-0300][gc,heap       ] GC(616) Old regions: 204->205
[2024-06-01T17:43:58.041-0300][gc,heap       ] GC(616) Humongous regions: 129->129
[2024-06-01T17:43:58.041-0300][gc,metaspace  ] GC(616) Metaspace: 45735K(48924K)->45735K(48924K) NonClass: 39997K(41680K)->39997K(41680K) Class: 5738K(7244K)->5738K(7244K)
[2024-06-01T17:43:58.041-0300][gc            ] GC(616) Pause Young (Normal) (G1 Evacuation Pause) 381M->336M(1024M) 19,960ms
[2024-06-01T17:43:58.041-0300][gc,cpu        ] GC(616) User=0,07s Sys=0,00s Real=0,02s
[2024-06-01T17:44:26.935-0300][gc,start      ] GC(617) Pause Young (Normal) (G1 Evacuation Pause)
[2024-06-01T17:44:26.935-0300][gc,task       ] GC(617) Using 4 workers of 4 for evacuation
[2024-06-01T17:44:26.954-0300][gc,phases     ] GC(617)   Pre Evacuate Collection Set: 0,1ms
[2024-06-01T17:44:26.954-0300][gc,phases     ] GC(617)   Evacuate Collection Set: 17,5ms
[2024-06-01T17:44:26.954-0300][gc,phases     ] GC(617)   Post Evacuate Collection Set: 0,9ms
[2024-06-01T17:44:26.954-0300][gc,phases     ] GC(617)   Other: 0,4ms
[2024-06-01T17:44:26.954-0300][gc,heap       ] GC(617) Eden regions: 46->0(49)
[2024-06-01T17:44:26.954-0300][gc,heap       ] GC(617) Survivor regions: 5->5(7)
[2024-06-01T17:44:26.954-0300][gc,heap       ] GC(617) Old regions: 205->206
[2024-06-01T17:44:26.954-0300][gc,heap       ] GC(617) Humongous regions: 129->129
[2024-06-01T17:44:26.954-0300][gc,metaspace  ] GC(617) Metaspace: 45735K(48924K)->45735K(48924K) NonClass: 39997K(41680K)->39997K(41680K) Class: 5738K(7244K)->5738K(7244K)
[2024-06-01T17:44:26.954-0300][gc            ] GC(617) Pause Young (Normal) (G1 Evacuation Pause) 382M->338M(1024M) 19,114ms
[2024-06-01T17:44:26.954-0300][gc,cpu        ] GC(617) User=0,08s Sys=0,00s Real=0,02s
[2024-06-01T17:44:58.249-0300][gc,start      ] GC(618) Pause Young (Normal) (G1 Evacuation Pause)
[2024-06-01T17:44:58.249-0300][gc,task       ] GC(618) Using 4 workers of 4 for evacuation
[2024-06-01T17:44:58.254-0300][gc,phases     ] GC(618)   Pre Evacuate Collection Set: 0,0ms
[2024-06-01T17:44:58.254-0300][gc,phases     ] GC(618)   Evacuate Collection Set: 4,8ms
[2024-06-01T17:44:58.254-0300][gc,phases     ] GC(618)   Post Evacuate Collection Set: 0,5ms
[2024-06-01T17:44:58.254-0300][gc,phases     ] GC(618)   Other: 0,2ms
[2024-06-01T17:44:58.254-0300][gc,heap       ] GC(618) Eden regions: 49->0(58)
[2024-06-01T17:44:58.254-0300][gc,heap       ] GC(618) Survivor regions: 5->5(7)
[2024-06-01T17:44:58.254-0300][gc,heap       ] GC(618) Old regions: 206->207
[2024-06-01T17:44:58.254-0300][gc,heap       ] GC(618) Humongous regions: 129->129
[2024-06-01T17:44:58.254-0300][gc,metaspace  ] GC(618) Metaspace: 45735K(48924K)->45735K(48924K) NonClass: 39997K(41680K)->39997K(41680K) Class: 5738K(7244K)->5738K(7244K)
[2024-06-01T17:44:58.254-0300][gc            ] GC(618) Pause Young (Normal) (G1 Evacuation Pause) 387M->338M(1024M) 5,529ms
[2024-06-01T17:44:58.255-0300][gc,cpu        ] GC(618) User=0,02s Sys=0,00s Real=0,00s
[2024-06-01T17:45:30.432-0300][gc,start      ] GC(619) Pause Young (Normal) (G1 Evacuation Pause)
[2024-06-01T17:45:30.432-0300][gc,task       ] GC(619) Using 4 workers of 4 for evacuation
[2024-06-01T17:45:30.451-0300][gc,phases     ] GC(619)   Pre Evacuate Collection Set: 0,1ms
[2024-06-01T17:45:30.451-0300][gc,phases     ] GC(619)   Evacuate Collection Set: 17,6ms
[2024-06-01T17:45:30.451-0300][gc,phases     ] GC(619)   Post Evacuate Collection Set: 1,0ms
[2024-06-01T17:45:30.451-0300][gc,phases     ] GC(619)   Other: 0,4ms
[2024-06-01T17:45:30.451-0300][gc,heap       ] GC(619) Eden regions: 51->0(58)
[2024-06-01T17:45:30.451-0300][gc,heap       ] GC(619) Survivor regions: 5->5(7)
[2024-06-01T17:45:30.451-0300][gc,heap       ] GC(619) Old regions: 207->208
[2024-06-01T17:45:30.451-0300][gc,heap       ] GC(619) Humongous regions: 129->129
[2024-06-01T17:45:30.451-0300][gc,metaspace  ] GC(619) Metaspace: 45735K(48924K)->45735K(48924K) NonClass: 39997K(41680K)->39997K(41680K) Class: 5738K(7244K)->5738K(7244K)
[2024-06-01T17:45:30.451-0300][gc            ] GC(619) Pause Young (Normal) (G1 Evacuation Pause) 389M->339M(1024M) 19,422ms
[2024-06-01T17:45:30.451-0300][gc,cpu        ] GC(619) User=0,07s Sys=0,00s Real=0,02s
[2024-06-01T17:46:00.784-0300][gc,start      ] GC(620) Pause Young (Normal) (G1 Evacuation Pause)
[2024-06-01T17:46:00.784-0300][gc,task       ] GC(620) Using 4 workers of 4 for evacuation
[2024-06-01T17:46:00.803-0300][gc,phases     ] GC(620)   Pre Evacuate Collection Set: 0,1ms
[2024-06-01T17:46:00.803-0300][gc,phases     ] GC(620)   Evacuate Collection Set: 16,9ms
[2024-06-01T17:46:00.803-0300][gc,phases     ] GC(620)   Post Evacuate Collection Set: 1,0ms
[2024-06-01T17:46:00.803-0300][gc,phases     ] GC(620)   Other: 0,5ms
[2024-06-01T17:46:00.803-0300][gc,heap       ] GC(620) Eden regions: 48->0(55)
[2024-06-01T17:46:00.803-0300][gc,heap       ] GC(620) Survivor regions: 5->4(7)
[2024-06-01T17:46:00.803-0300][gc,heap       ] GC(620) Old regions: 208->209
[2024-06-01T17:46:00.803-0300][gc,heap       ] GC(620) Humongous regions: 129->129
[2024-06-01T17:46:00.803-0300][gc,metaspace  ] GC(620) Metaspace: 45735K(48924K)->45735K(48924K) NonClass: 39997K(41680K)->39997K(41680K) Class: 5738K(7244K)->5738K(7244K)
[2024-06-01T17:46:00.803-0300][gc            ] GC(620) Pause Young (Normal) (G1 Evacuation Pause) 387M->340M(1024M) 18,678ms
[2024-06-01T17:46:00.803-0300][gc,cpu        ] GC(620) User=0,07s Sys=0,00s Real=0,02s
[2024-06-01T17:46:30.505-0300][gc,start      ] GC(621) Pause Young (Normal) (G1 Evacuation Pause)
[2024-06-01T17:46:30.505-0300][gc,task       ] GC(621) Using 4 workers of 4 for evacuation
[2024-06-01T17:46:30.524-0300][gc,phases     ] GC(621)   Pre Evacuate Collection Set: 0,1ms
[2024-06-01T17:46:30.524-0300][gc,phases     ] GC(621)   Evacuate Collection Set: 17,6ms
[2024-06-01T17:46:30.524-0300][gc,phases     ] GC(621)   Post Evacuate Collection Set: 1,0ms
[2024-06-01T17:46:30.524-0300][gc,phases     ] GC(621)   Other: 0,4ms
[2024-06-01T17:46:30.524-0300][gc,heap       ] GC(621) Eden regions: 47->0(49)
[2024-06-01T17:46:30.524-0300][gc,heap       ] GC(621) Survivor regions: 4->5(7)
[2024-06-01T17:46:30.524-0300][gc,heap       ] GC(621) Old regions: 209->210
[2024-06-01T17:46:30.524-0300][gc,heap       ] GC(621) Humongous regions: 129->129
[2024-06-01T17:46:30.524-0300][gc,metaspace  ] GC(621) Metaspace: 45735K(48924K)->45735K(48924K) NonClass: 39997K(41680K)->39997K(41680K) Class: 5738K(7244K)->5738K(7244K)
[2024-06-01T17:46:30.524-0300][gc            ] GC(621) Pause Young (Normal) (G1 Evacuation Pause) 387M->342M(1024M) 19,269ms
[2024-06-01T17:46:30.524-0300][gc,cpu        ] GC(621) User=0,07s Sys=0,00s Real=0,02s
[2024-06-01T17:46:59.746-0300][gc,start      ] GC(622) Pause Young (Normal) (G1 Evacuation Pause)
[2024-06-01T17:46:59.746-0300][gc,task       ] GC(622) Using 4 workers of 4 for evacuation
[2024-06-01T17:46:59.764-0300][gc,phases     ] GC(622)   Pre Evacuate Collection Set: 0,1ms
[2024-06-01T17:46:59.764-0300][gc,phases     ] GC(622)   Evacuate Collection Set: 16,3ms
[2024-06-01T17:46:59.764-0300][gc,phases     ] GC(622)   Post Evacuate Collection Set: 1,1ms
[2024-06-01T17:46:59.764-0300][gc,phases     ] GC(622)   Other: 0,4ms
[2024-06-01T17:46:59.764-0300][gc,heap       ] GC(622) Eden regions: 46->0(49)
[2024-06-01T17:46:59.764-0300][gc,heap       ] GC(622) Survivor regions: 5->4(7)
[2024-06-01T17:46:59.764-0300][gc,heap       ] GC(622) Old regions: 210->211
[2024-06-01T17:46:59.764-0300][gc,heap       ] GC(622) Humongous regions: 129->129
[2024-06-01T17:46:59.764-0300][gc,metaspace  ] GC(622) Metaspace: 45735K(48924K)->45735K(48924K) NonClass: 39997K(41680K)->39997K(41680K) Class: 5738K(7244K)->5738K(7244K)
[2024-06-01T17:46:59.764-0300][gc            ] GC(622) Pause Young (Normal) (G1 Evacuation Pause) 388M->342M(1024M) 18,127ms
[2024-06-01T17:46:59.764-0300][gc,cpu        ] GC(622) User=0,06s Sys=0,00s Real=0,02s
[2024-06-01T17:47:29.952-0300][gc,start      ] GC(623) Pause Young (Normal) (G1 Evacuation Pause)
[2024-06-01T17:47:29.952-0300][gc,task       ] GC(623) Using 4 workers of 4 for evacuation
[2024-06-01T17:47:29.971-0300][gc,phases     ] GC(623)   Pre Evacuate Collection Set: 0,1ms
[2024-06-01T17:47:29.971-0300][gc,phases     ] GC(623)   Evacuate Collection Set: 17,3ms
[2024-06-01T17:47:29.971-0300][gc,phases     ] GC(623)   Post Evacuate Collection Set: 1,0ms
[2024-06-01T17:47:29.971-0300][gc,phases     ] GC(623)   Other: 0,4ms
[2024-06-01T17:47:29.971-0300][gc,heap       ] GC(623) Eden regions: 47->0(49)
[2024-06-01T17:47:29.971-0300][gc,heap       ] GC(623) Survivor regions: 4->5(7)
[2024-06-01T17:47:29.971-0300][gc,heap       ] GC(623) Old regions: 211->211
[2024-06-01T17:47:29.971-0300][gc,heap       ] GC(623) Humongous regions: 129->129
[2024-06-01T17:47:29.971-0300][gc,metaspace  ] GC(623) Metaspace: 45744K(48924K)->45744K(48924K) NonClass: 40006K(41680K)->40006K(41680K) Class: 5738K(7244K)->5738K(7244K)
[2024-06-01T17:47:29.971-0300][gc            ] GC(623) Pause Young (Normal) (G1 Evacuation Pause) 389M->343M(1024M) 19,112ms
[2024-06-01T17:47:29.971-0300][gc,cpu        ] GC(623) User=0,07s Sys=0,00s Real=0,02s
[2024-06-01T17:47:59.623-0300][gc,start      ] GC(624) Pause Young (Normal) (G1 Evacuation Pause)
[2024-06-01T17:47:59.623-0300][gc,task       ] GC(624) Using 4 workers of 4 for evacuation
[2024-06-01T17:47:59.643-0300][gc,mmu        ] GC(624) MMU target violated: 20,0ms (20,0ms/21,0ms)
[2024-06-01T17:47:59.644-0300][gc,phases     ] GC(624)   Pre Evacuate Collection Set: 0,1ms
[2024-06-01T17:47:59.644-0300][gc,phases     ] GC(624)   Evacuate Collection Set: 18,8ms
[2024-06-01T17:47:59.644-0300][gc,phases     ] GC(624)   Post Evacuate Collection Set: 1,0ms
[2024-06-01T17:47:59.644-0300][gc,phases     ] GC(624)   Other: 0,6ms
[2024-06-01T17:47:59.644-0300][gc,heap       ] GC(624) Eden regions: 46->0(48)
[2024-06-01T17:47:59.644-0300][gc,heap       ] GC(624) Survivor regions: 5->5(7)
[2024-06-01T17:47:59.644-0300][gc,heap       ] GC(624) Old regions: 211->212
[2024-06-01T17:47:59.644-0300][gc,heap       ] GC(624) Humongous regions: 129->129
[2024-06-01T17:47:59.644-0300][gc,metaspace  ] GC(624) Metaspace: 45744K(48924K)->45744K(48924K) NonClass: 40006K(41680K)->40006K(41680K) Class: 5738K(7244K)->5738K(7244K)
[2024-06-01T17:47:59.644-0300][gc            ] GC(624) Pause Young (Normal) (G1 Evacuation Pause) 389M->344M(1024M) 20,592ms
[2024-06-01T17:47:59.644-0300][gc,cpu        ] GC(624) User=0,07s Sys=0,00s Real=0,02s
[2024-06-01T17:48:29.641-0300][gc,start      ] GC(625) Pause Young (Normal) (G1 Evacuation Pause)
[2024-06-01T17:48:29.641-0300][gc,task       ] GC(625) Using 4 workers of 4 for evacuation
[2024-06-01T17:48:29.662-0300][gc,mmu        ] GC(625) MMU target violated: 21,0ms (20,0ms/21,0ms)
[2024-06-01T17:48:29.662-0300][gc,phases     ] GC(625)   Pre Evacuate Collection Set: 0,1ms
[2024-06-01T17:48:29.662-0300][gc,phases     ] GC(625)   Evacuate Collection Set: 19,9ms
[2024-06-01T17:48:29.662-0300][gc,phases     ] GC(625)   Post Evacuate Collection Set: 1,1ms
[2024-06-01T17:48:29.662-0300][gc,phases     ] GC(625)   Other: 0,5ms
[2024-06-01T17:48:29.662-0300][gc,heap       ] GC(625) Eden regions: 47->0(49)
[2024-06-01T17:48:29.662-0300][gc,heap       ] GC(625) Survivor regions: 5->5(7)
[2024-06-01T17:48:29.662-0300][gc,heap       ] GC(625) Old regions: 212->214
[2024-06-01T17:48:29.662-0300][gc,heap       ] GC(625) Humongous regions: 129->129
[2024-06-01T17:48:29.662-0300][gc,metaspace  ] GC(625) Metaspace: 45744K(48924K)->45744K(48924K) NonClass: 40006K(41680K)->40006K(41680K) Class: 5738K(7244K)->5738K(7244K)
[2024-06-01T17:48:29.662-0300][gc            ] GC(625) Pause Young (Normal) (G1 Evacuation Pause) 391M->345M(1024M) 21,698ms
[2024-06-01T17:48:29.662-0300][gc,cpu        ] GC(625) User=0,08s Sys=0,00s Real=0,02s
[2024-06-01T17:49:01.095-0300][gc,start      ] GC(626) Pause Young (Normal) (G1 Evacuation Pause)
[2024-06-01T17:49:01.095-0300][gc,task       ] GC(626) Using 4 workers of 4 for evacuation
[2024-06-01T17:49:01.114-0300][gc,phases     ] GC(626)   Pre Evacuate Collection Set: 0,1ms
[2024-06-01T17:49:01.114-0300][gc,phases     ] GC(626)   Evacuate Collection Set: 17,8ms
[2024-06-01T17:49:01.114-0300][gc,phases     ] GC(626)   Post Evacuate Collection Set: 1,0ms
[2024-06-01T17:49:01.114-0300][gc,phases     ] GC(626)   Other: 0,5ms
[2024-06-01T17:49:01.115-0300][gc,heap       ] GC(626) Eden regions: 49->0(50)
[2024-06-01T17:49:01.115-0300][gc,heap       ] GC(626) Survivor regions: 5->5(7)
[2024-06-01T17:49:01.115-0300][gc,heap       ] GC(626) Old regions: 214->215
[2024-06-01T17:49:01.115-0300][gc,heap       ] GC(626) Humongous regions: 129->129
[2024-06-01T17:49:01.115-0300][gc,metaspace  ] GC(626) Metaspace: 45746K(48924K)->45746K(48924K) NonClass: 40007K(41680K)->40007K(41680K) Class: 5738K(7244K)->5738K(7244K)
[2024-06-01T17:49:01.115-0300][gc            ] GC(626) Pause Young (Normal) (G1 Evacuation Pause) 394M->346M(1024M) 19,526ms
[2024-06-01T17:49:01.115-0300][gc,cpu        ] GC(626) User=0,07s Sys=0,01s Real=0,02s
[2024-06-01T17:49:30.256-0300][gc,start      ] GC(627) Pause Young (Normal) (G1 Evacuation Pause)
[2024-06-01T17:49:30.256-0300][gc,task       ] GC(627) Using 4 workers of 4 for evacuation
[2024-06-01T17:49:30.276-0300][gc,mmu        ] GC(627) MMU target violated: 20,5ms (20,0ms/21,0ms)
[2024-06-01T17:49:30.276-0300][gc,phases     ] GC(627)   Pre Evacuate Collection Set: 0,1ms
[2024-06-01T17:49:30.276-0300][gc,phases     ] GC(627)   Evacuate Collection Set: 18,9ms
[2024-06-01T17:49:30.276-0300][gc,phases     ] GC(627)   Post Evacuate Collection Set: 1,3ms
[2024-06-01T17:49:30.276-0300][gc,phases     ] GC(627)   Other: 0,5ms
[2024-06-01T17:49:30.276-0300][gc,heap       ] GC(627) Eden regions: 46->0(48)
[2024-06-01T17:49:30.276-0300][gc,heap       ] GC(627) Survivor regions: 5->4(7)
[2024-06-01T17:49:30.276-0300][gc,heap       ] GC(627) Old regions: 215->216
[2024-06-01T17:49:30.276-0300][gc,heap       ] GC(627) Humongous regions: 129->129
[2024-06-01T17:49:30.276-0300][gc,metaspace  ] GC(627) Metaspace: 45746K(48924K)->45746K(48924K) NonClass: 40007K(41680K)->40007K(41680K) Class: 5738K(7244K)->5738K(7244K)
[2024-06-01T17:49:30.277-0300][gc            ] GC(627) Pause Young (Normal) (G1 Evacuation Pause) 392M->347M(1024M) 20,989ms
[2024-06-01T17:49:30.277-0300][gc,cpu        ] GC(627) User=0,07s Sys=0,01s Real=0,02s
[2024-06-01T17:50:00.419-0300][gc,start      ] GC(628) Pause Young (Normal) (G1 Evacuation Pause)
[2024-06-01T17:50:00.419-0300][gc,task       ] GC(628) Using 4 workers of 4 for evacuation
[2024-06-01T17:50:00.438-0300][gc,phases     ] GC(628)   Pre Evacuate Collection Set: 0,1ms
[2024-06-01T17:50:00.438-0300][gc,phases     ] GC(628)   Evacuate Collection Set: 17,7ms
[2024-06-01T17:50:00.438-0300][gc,phases     ] GC(628)   Post Evacuate Collection Set: 0,8ms
[2024-06-01T17:50:00.438-0300][gc,phases     ] GC(628)   Other: 0,4ms
[2024-06-01T17:50:00.438-0300][gc,heap       ] GC(628) Eden regions: 47->0(47)
[2024-06-01T17:50:00.438-0300][gc,heap       ] GC(628) Survivor regions: 4->4(7)
[2024-06-01T17:50:00.438-0300][gc,heap       ] GC(628) Old regions: 216->217
[2024-06-01T17:50:00.438-0300][gc,heap       ] GC(628) Humongous regions: 129->129
[2024-06-01T17:50:00.438-0300][gc,metaspace  ] GC(628) Metaspace: 45746K(48924K)->45746K(48924K) NonClass: 40007K(41680K)->40007K(41680K) Class: 5738K(7244K)->5738K(7244K)
[2024-06-01T17:50:00.438-0300][gc            ] GC(628) Pause Young (Normal) (G1 Evacuation Pause) 394M->348M(1024M) 19,176ms
[2024-06-01T17:50:00.438-0300][gc,cpu        ] GC(628) User=0,07s Sys=0,00s Real=0,02s
[2024-06-01T17:50:30.418-0300][gc,start      ] GC(629) Pause Young (Normal) (G1 Evacuation Pause)
[2024-06-01T17:50:30.418-0300][gc,task       ] GC(629) Using 4 workers of 4 for evacuation
[2024-06-01T17:50:30.437-0300][gc,phases     ] GC(629)   Pre Evacuate Collection Set: 0,1ms
[2024-06-01T17:50:30.437-0300][gc,phases     ] GC(629)   Evacuate Collection Set: 18,2ms
[2024-06-01T17:50:30.437-0300][gc,phases     ] GC(629)   Post Evacuate Collection Set: 1,1ms
[2024-06-01T17:50:30.437-0300][gc,phases     ] GC(629)   Other: 0,4ms
[2024-06-01T17:50:30.438-0300][gc,heap       ] GC(629) Eden regions: 47->0(48)
[2024-06-01T17:50:30.438-0300][gc,heap       ] GC(629) Survivor regions: 4->5(7)
[2024-06-01T17:50:30.438-0300][gc,heap       ] GC(629) Old regions: 217->218
[2024-06-01T17:50:30.438-0300][gc,heap       ] GC(629) Humongous regions: 129->129
[2024-06-01T17:50:30.438-0300][gc,metaspace  ] GC(629) Metaspace: 45746K(48924K)->45746K(48924K) NonClass: 40007K(41680K)->40007K(41680K) Class: 5738K(7244K)->5738K(7244K)
[2024-06-01T17:50:30.438-0300][gc            ] GC(629) Pause Young (Normal) (G1 Evacuation Pause) 395M->349M(1024M) 20,052ms
[2024-06-01T17:50:30.438-0300][gc,cpu        ] GC(629) User=0,07s Sys=0,00s Real=0,02s
[2024-06-01T17:50:59.992-0300][gc,start      ] GC(630) Pause Young (Normal) (G1 Evacuation Pause)
[2024-06-01T17:50:59.992-0300][gc,task       ] GC(630) Using 4 workers of 4 for evacuation
[2024-06-01T17:50:59.999-0300][gc,phases     ] GC(630)   Pre Evacuate Collection Set: 0,0ms
[2024-06-01T17:50:59.999-0300][gc,phases     ] GC(630)   Evacuate Collection Set: 6,1ms
[2024-06-01T17:50:59.999-0300][gc,phases     ] GC(630)   Post Evacuate Collection Set: 0,5ms
[2024-06-01T17:50:59.999-0300][gc,phases     ] GC(630)   Other: 0,2ms
[2024-06-01T17:50:59.999-0300][gc,heap       ] GC(630) Eden regions: 46->0(50)
[2024-06-01T17:50:59.999-0300][gc,heap       ] GC(630) Survivor regions: 5->4(7)
[2024-06-01T17:50:59.999-0300][gc,heap       ] GC(630) Old regions: 218->219
[2024-06-01T17:50:59.999-0300][gc,heap       ] GC(630) Humongous regions: 129->129
[2024-06-01T17:50:59.999-0300][gc,metaspace  ] GC(630) Metaspace: 45746K(48924K)->45746K(48924K) NonClass: 40007K(41680K)->40007K(41680K) Class: 5738K(7244K)->5738K(7244K)
[2024-06-01T17:50:59.999-0300][gc            ] GC(630) Pause Young (Normal) (G1 Evacuation Pause) 395M->349M(1024M) 6,880ms
[2024-06-01T17:50:59.999-0300][gc,cpu        ] GC(630) User=0,02s Sys=0,00s Real=0,01s
[2024-06-01T17:51:32.140-0300][gc,start      ] GC(631) Pause Young (Normal) (G1 Evacuation Pause)
[2024-06-01T17:51:32.140-0300][gc,task       ] GC(631) Using 4 workers of 4 for evacuation
[2024-06-01T17:51:32.147-0300][gc,phases     ] GC(631)   Pre Evacuate Collection Set: 0,0ms
[2024-06-01T17:51:32.147-0300][gc,phases     ] GC(631)   Evacuate Collection Set: 6,3ms
[2024-06-01T17:51:32.147-0300][gc,phases     ] GC(631)   Post Evacuate Collection Set: 0,5ms
[2024-06-01T17:51:32.147-0300][gc,phases     ] GC(631)   Other: 0,2ms
[2024-06-01T17:51:32.147-0300][gc,heap       ] GC(631) Eden regions: 50->0(55)
[2024-06-01T17:51:32.147-0300][gc,heap       ] GC(631) Survivor regions: 4->5(7)
[2024-06-01T17:51:32.147-0300][gc,heap       ] GC(631) Old regions: 219->219
[2024-06-01T17:51:32.147-0300][gc,heap       ] GC(631) Humongous regions: 129->129
[2024-06-01T17:51:32.147-0300][gc,metaspace  ] GC(631) Metaspace: 45748K(48924K)->45748K(48924K) NonClass: 40009K(41680K)->40009K(41680K) Class: 5738K(7244K)->5738K(7244K)
[2024-06-01T17:51:32.147-0300][gc            ] GC(631) Pause Young (Normal) (G1 Evacuation Pause) 399M->350M(1024M) 7,116ms
[2024-06-01T17:51:32.147-0300][gc,cpu        ] GC(631) User=0,02s Sys=0,01s Real=0,00s
[2024-06-01T17:52:03.119-0300][gc,start      ] GC(632) Pause Young (Normal) (G1 Evacuation Pause)
[2024-06-01T17:52:03.119-0300][gc,task       ] GC(632) Using 4 workers of 4 for evacuation
[2024-06-01T17:52:03.140-0300][gc,mmu        ] GC(632) MMU target violated: 20,8ms (20,0ms/21,0ms)
[2024-06-01T17:52:03.140-0300][gc,phases     ] GC(632)   Pre Evacuate Collection Set: 0,1ms
[2024-06-01T17:52:03.140-0300][gc,phases     ] GC(632)   Evacuate Collection Set: 19,5ms
[2024-06-01T17:52:03.140-0300][gc,phases     ] GC(632)   Post Evacuate Collection Set: 1,0ms
[2024-06-01T17:52:03.140-0300][gc,phases     ] GC(632)   Other: 0,5ms
[2024-06-01T17:52:03.140-0300][gc,heap       ] GC(632) Eden regions: 50->0(52)
[2024-06-01T17:52:03.140-0300][gc,heap       ] GC(632) Survivor regions: 5->5(7)
[2024-06-01T17:52:03.140-0300][gc,heap       ] GC(632) Old regions: 219->220
[2024-06-01T17:52:03.140-0300][gc,heap       ] GC(632) Humongous regions: 129->129
[2024-06-01T17:52:03.140-0300][gc,metaspace  ] GC(632) Metaspace: 45748K(48924K)->45748K(48924K) NonClass: 40009K(41680K)->40009K(41680K) Class: 5738K(7244K)->5738K(7244K)
[2024-06-01T17:52:03.140-0300][gc            ] GC(632) Pause Young (Normal) (G1 Evacuation Pause) 400M->351M(1024M) 21,307ms
[2024-06-01T17:52:03.140-0300][gc,cpu        ] GC(632) User=0,07s Sys=0,00s Real=0,02s
[2024-06-01T17:52:32.494-0300][gc,start      ] GC(633) Pause Young (Normal) (G1 Evacuation Pause)
[2024-06-01T17:52:32.494-0300][gc,task       ] GC(633) Using 4 workers of 4 for evacuation
[2024-06-01T17:52:32.515-0300][gc,mmu        ] GC(633) MMU target violated: 21,0ms (20,0ms/21,0ms)
[2024-06-01T17:52:32.516-0300][gc,phases     ] GC(633)   Pre Evacuate Collection Set: 0,1ms
[2024-06-01T17:52:32.516-0300][gc,phases     ] GC(633)   Evacuate Collection Set: 20,2ms
[2024-06-01T17:52:32.516-0300][gc,phases     ] GC(633)   Post Evacuate Collection Set: 1,0ms
[2024-06-01T17:52:32.516-0300][gc,phases     ] GC(633)   Other: 0,5ms
[2024-06-01T17:52:32.516-0300][gc,heap       ] GC(633) Eden regions: 46->0(48)
[2024-06-01T17:52:32.516-0300][gc,heap       ] GC(633) Survivor regions: 5->4(7)
[2024-06-01T17:52:32.516-0300][gc,heap       ] GC(633) Old regions: 220->221
[2024-06-01T17:52:32.516-0300][gc,heap       ] GC(633) Humongous regions: 129->129
[2024-06-01T17:52:32.516-0300][gc,metaspace  ] GC(633) Metaspace: 45748K(48924K)->45748K(48924K) NonClass: 40009K(41680K)->40009K(41680K) Class: 5738K(7244K)->5738K(7244K)
[2024-06-01T17:52:32.516-0300][gc            ] GC(633) Pause Young (Normal) (G1 Evacuation Pause) 397M->352M(1024M) 21,883ms
[2024-06-01T17:52:32.516-0300][gc,cpu        ] GC(633) User=0,08s Sys=0,00s Real=0,03s
[2024-06-01T17:53:03.046-0300][gc,start      ] GC(634) Pause Young (Normal) (G1 Evacuation Pause)
[2024-06-01T17:53:03.046-0300][gc,task       ] GC(634) Using 4 workers of 4 for evacuation
[2024-06-01T17:53:03.065-0300][gc,phases     ] GC(634)   Pre Evacuate Collection Set: 0,1ms
[2024-06-01T17:53:03.065-0300][gc,phases     ] GC(634)   Evacuate Collection Set: 18,1ms
[2024-06-01T17:53:03.065-0300][gc,phases     ] GC(634)   Post Evacuate Collection Set: 1,0ms
[2024-06-01T17:53:03.065-0300][gc,phases     ] GC(634)   Other: 0,4ms
[2024-06-01T17:53:03.065-0300][gc,heap       ] GC(634) Eden regions: 48->0(49)
[2024-06-01T17:53:03.065-0300][gc,heap       ] GC(634) Survivor regions: 4->5(7)
[2024-06-01T17:53:03.065-0300][gc,heap       ] GC(634) Old regions: 221->222
[2024-06-01T17:53:03.065-0300][gc,heap       ] GC(634) Humongous regions: 129->129
[2024-06-01T17:53:03.065-0300][gc,metaspace  ] GC(634) Metaspace: 45748K(48924K)->45748K(48924K) NonClass: 40009K(41680K)->40009K(41680K) Class: 5738K(7244K)->5738K(7244K)
[2024-06-01T17:53:03.065-0300][gc            ] GC(634) Pause Young (Normal) (G1 Evacuation Pause) 400M->353M(1024M) 19,852ms
[2024-06-01T17:53:03.066-0300][gc,cpu        ] GC(634) User=0,07s Sys=0,00s Real=0,02s
[2024-06-01T17:53:34.599-0300][gc,start      ] GC(635) Pause Young (Normal) (G1 Evacuation Pause)
[2024-06-01T17:53:34.599-0300][gc,task       ] GC(635) Using 4 workers of 4 for evacuation
[2024-06-01T17:53:34.618-0300][gc,phases     ] GC(635)   Pre Evacuate Collection Set: 0,1ms
[2024-06-01T17:53:34.619-0300][gc,phases     ] GC(635)   Evacuate Collection Set: 18,0ms
[2024-06-01T17:53:34.619-0300][gc,phases     ] GC(635)   Post Evacuate Collection Set: 1,1ms
[2024-06-01T17:53:34.619-0300][gc,phases     ] GC(635)   Other: 0,4ms
[2024-06-01T17:53:34.619-0300][gc,heap       ] GC(635) Eden regions: 49->0(48)
[2024-06-01T17:53:34.619-0300][gc,heap       ] GC(635) Survivor regions: 5->4(7)
[2024-06-01T17:53:34.619-0300][gc,heap       ] GC(635) Old regions: 222->224
[2024-06-01T17:53:34.619-0300][gc,heap       ] GC(635) Humongous regions: 129->129
[2024-06-01T17:53:34.619-0300][gc,metaspace  ] GC(635) Metaspace: 45748K(48924K)->45748K(48924K) NonClass: 40009K(41680K)->40009K(41680K) Class: 5738K(7244K)->5738K(7244K)
[2024-06-01T17:53:34.619-0300][gc            ] GC(635) Pause Young (Normal) (G1 Evacuation Pause) 402M->354M(1024M) 19,812ms
[2024-06-01T17:53:34.619-0300][gc,cpu        ] GC(635) User=0,07s Sys=0,01s Real=0,02s
[2024-06-01T17:54:04.521-0300][gc,start      ] GC(636) Pause Young (Normal) (G1 Evacuation Pause)
[2024-06-01T17:54:04.521-0300][gc,task       ] GC(636) Using 4 workers of 4 for evacuation
[2024-06-01T17:54:04.541-0300][gc,phases     ] GC(636)   Pre Evacuate Collection Set: 0,1ms
[2024-06-01T17:54:04.541-0300][gc,phases     ] GC(636)   Evacuate Collection Set: 18,2ms
[2024-06-01T17:54:04.541-0300][gc,phases     ] GC(636)   Post Evacuate Collection Set: 1,1ms
[2024-06-01T17:54:04.541-0300][gc,phases     ] GC(636)   Other: 0,4ms
[2024-06-01T17:54:04.541-0300][gc,heap       ] GC(636) Eden regions: 47->0(48)
[2024-06-01T17:54:04.541-0300][gc,heap       ] GC(636) Survivor regions: 4->5(7)
[2024-06-01T17:54:04.541-0300][gc,heap       ] GC(636) Old regions: 224->225
[2024-06-01T17:54:04.541-0300][gc,heap       ] GC(636) Humongous regions: 129->129
[2024-06-01T17:54:04.541-0300][gc,metaspace  ] GC(636) Metaspace: 45748K(48924K)->45748K(48924K) NonClass: 40009K(41680K)->40009K(41680K) Class: 5738K(7244K)->5738K(7244K)
[2024-06-01T17:54:04.541-0300][gc            ] GC(636) Pause Young (Normal) (G1 Evacuation Pause) 401M->356M(1024M) 20,046ms
[2024-06-01T17:54:04.541-0300][gc,cpu        ] GC(636) User=0,07s Sys=0,00s Real=0,02s
[2024-06-01T17:54:35.430-0300][gc,start      ] GC(637) Pause Young (Normal) (G1 Evacuation Pause)
[2024-06-01T17:54:35.430-0300][gc,task       ] GC(637) Using 4 workers of 4 for evacuation
[2024-06-01T17:54:35.449-0300][gc,phases     ] GC(637)   Pre Evacuate Collection Set: 0,1ms
[2024-06-01T17:54:35.450-0300][gc,phases     ] GC(637)   Evacuate Collection Set: 18,1ms
[2024-06-01T17:54:35.450-0300][gc,phases     ] GC(637)   Post Evacuate Collection Set: 1,1ms
[2024-06-01T17:54:35.450-0300][gc,phases     ] GC(637)   Other: 0,4ms
[2024-06-01T17:54:35.450-0300][gc,heap       ] GC(637) Eden regions: 48->0(47)
[2024-06-01T17:54:35.450-0300][gc,heap       ] GC(637) Survivor regions: 5->4(7)
[2024-06-01T17:54:35.450-0300][gc,heap       ] GC(637) Old regions: 225->226
[2024-06-01T17:54:35.450-0300][gc,heap       ] GC(637) Humongous regions: 129->129
[2024-06-01T17:54:35.450-0300][gc,metaspace  ] GC(637) Metaspace: 45748K(48924K)->45748K(48924K) NonClass: 40009K(41680K)->40009K(41680K) Class: 5738K(7244K)->5738K(7244K)
[2024-06-01T17:54:35.450-0300][gc            ] GC(637) Pause Young (Normal) (G1 Evacuation Pause) 404M->357M(1024M) 19,933ms
[2024-06-01T17:54:35.450-0300][gc,cpu        ] GC(637) User=0,07s Sys=0,00s Real=0,02s
[2024-06-01T17:55:05.092-0300][gc,start      ] GC(638) Pause Young (Normal) (G1 Evacuation Pause)
[2024-06-01T17:55:05.092-0300][gc,task       ] GC(638) Using 4 workers of 4 for evacuation
[2024-06-01T17:55:05.111-0300][gc,phases     ] GC(638)   Pre Evacuate Collection Set: 0,1ms
[2024-06-01T17:55:05.111-0300][gc,phases     ] GC(638)   Evacuate Collection Set: 17,1ms
[2024-06-01T17:55:05.111-0300][gc,phases     ] GC(638)   Post Evacuate Collection Set: 1,1ms
[2024-06-01T17:55:05.111-0300][gc,phases     ] GC(638)   Other: 0,4ms
[2024-06-01T17:55:05.111-0300][gc,heap       ] GC(638) Eden regions: 47->0(48)
[2024-06-01T17:55:05.111-0300][gc,heap       ] GC(638) Survivor regions: 4->4(7)
[2024-06-01T17:55:05.111-0300][gc,heap       ] GC(638) Old regions: 226->227
[2024-06-01T17:55:05.111-0300][gc,heap       ] GC(638) Humongous regions: 129->129
[2024-06-01T17:55:05.111-0300][gc,metaspace  ] GC(638) Metaspace: 45748K(48924K)->45748K(48924K) NonClass: 40009K(41680K)->40009K(41680K) Class: 5738K(7244K)->5738K(7244K)
[2024-06-01T17:55:05.111-0300][gc            ] GC(638) Pause Young (Normal) (G1 Evacuation Pause) 404M->357M(1024M) 18,912ms
[2024-06-01T17:55:05.111-0300][gc,cpu        ] GC(638) User=0,07s Sys=0,00s Real=0,02s
[2024-06-01T17:55:35.961-0300][gc,start      ] GC(639) Pause Young (Normal) (G1 Evacuation Pause)
[2024-06-01T17:55:35.961-0300][gc,task       ] GC(639) Using 4 workers of 4 for evacuation
[2024-06-01T17:55:35.980-0300][gc,phases     ] GC(639)   Pre Evacuate Collection Set: 0,1ms
[2024-06-01T17:55:35.980-0300][gc,phases     ] GC(639)   Evacuate Collection Set: 17,5ms
[2024-06-01T17:55:35.980-0300][gc,phases     ] GC(639)   Post Evacuate Collection Set: 1,1ms
[2024-06-01T17:55:35.980-0300][gc,phases     ] GC(639)   Other: 0,4ms
[2024-06-01T17:55:35.980-0300][gc,heap       ] GC(639) Eden regions: 48->0(49)
[2024-06-01T17:55:35.980-0300][gc,heap       ] GC(639) Survivor regions: 4->5(7)
[2024-06-01T17:55:35.980-0300][gc,heap       ] GC(639) Old regions: 227->227
[2024-06-01T17:55:35.980-0300][gc,heap       ] GC(639) Humongous regions: 129->129
[2024-06-01T17:55:35.980-0300][gc,metaspace  ] GC(639) Metaspace: 45748K(48924K)->45748K(48924K) NonClass: 40009K(41680K)->40009K(41680K) Class: 5738K(7244K)->5738K(7244K)
[2024-06-01T17:55:35.980-0300][gc            ] GC(639) Pause Young (Normal) (G1 Evacuation Pause) 405M->358M(1024M) 19,413ms
[2024-06-01T17:55:35.980-0300][gc,cpu        ] GC(639) User=0,07s Sys=0,00s Real=0,02s
[2024-06-01T17:56:05.439-0300][gc,start      ] GC(640) Pause Young (Normal) (G1 Evacuation Pause)
[2024-06-01T17:56:05.439-0300][gc,task       ] GC(640) Using 4 workers of 4 for evacuation
[2024-06-01T17:56:05.447-0300][gc,phases     ] GC(640)   Pre Evacuate Collection Set: 0,0ms
[2024-06-01T17:56:05.447-0300][gc,phases     ] GC(640)   Evacuate Collection Set: 6,7ms
[2024-06-01T17:56:05.447-0300][gc,phases     ] GC(640)   Post Evacuate Collection Set: 0,5ms
[2024-06-01T17:56:05.447-0300][gc,phases     ] GC(640)   Other: 0,2ms
[2024-06-01T17:56:05.447-0300][gc,heap       ] GC(640) Eden regions: 46->0(51)
[2024-06-01T17:56:05.447-0300][gc,heap       ] GC(640) Survivor regions: 5->5(7)
[2024-06-01T17:56:05.447-0300][gc,heap       ] GC(640) Old regions: 227->227
[2024-06-01T17:56:05.447-0300][gc,heap       ] GC(640) Humongous regions: 129->129
[2024-06-01T17:56:05.447-0300][gc,metaspace  ] GC(640) Metaspace: 45748K(48924K)->45748K(48924K) NonClass: 40009K(41680K)->40009K(41680K) Class: 5738K(7244K)->5738K(7244K)
[2024-06-01T17:56:05.447-0300][gc            ] GC(640) Pause Young (Normal) (G1 Evacuation Pause) 404M->359M(1024M) 7,518ms
[2024-06-01T17:56:05.447-0300][gc,cpu        ] GC(640) User=0,03s Sys=0,00s Real=0,00s
[2024-06-01T17:56:37.864-0300][gc,start      ] GC(641) Pause Young (Normal) (G1 Evacuation Pause)
[2024-06-01T17:56:37.864-0300][gc,task       ] GC(641) Using 4 workers of 4 for evacuation
[2024-06-01T17:56:37.871-0300][gc,phases     ] GC(641)   Pre Evacuate Collection Set: 0,0ms
[2024-06-01T17:56:37.871-0300][gc,phases     ] GC(641)   Evacuate Collection Set: 6,6ms
[2024-06-01T17:56:37.871-0300][gc,phases     ] GC(641)   Post Evacuate Collection Set: 0,4ms
[2024-06-01T17:56:37.872-0300][gc,phases     ] GC(641)   Other: 0,2ms
[2024-06-01T17:56:37.872-0300][gc,heap       ] GC(641) Eden regions: 51->0(55)
[2024-06-01T17:56:37.872-0300][gc,heap       ] GC(641) Survivor regions: 5->4(7)
[2024-06-01T17:56:37.872-0300][gc,heap       ] GC(641) Old regions: 227->229
[2024-06-01T17:56:37.872-0300][gc,heap       ] GC(641) Humongous regions: 129->129
[2024-06-01T17:56:37.872-0300][gc,metaspace  ] GC(641) Metaspace: 45748K(48924K)->45748K(48924K) NonClass: 40009K(41680K)->40009K(41680K) Class: 5738K(7244K)->5738K(7244K)
[2024-06-01T17:56:37.872-0300][gc            ] GC(641) Pause Young (Normal) (G1 Evacuation Pause) 410M->360M(1024M) 7,315ms
[2024-06-01T17:56:37.872-0300][gc,cpu        ] GC(641) User=0,02s Sys=0,00s Real=0,01s
[2024-06-01T17:57:12.725-0300][gc,start      ] GC(642) Pause Young (Normal) (G1 Evacuation Pause)
[2024-06-01T17:57:12.725-0300][gc,task       ] GC(642) Using 4 workers of 4 for evacuation
[2024-06-01T17:57:12.745-0300][gc,phases     ] GC(642)   Pre Evacuate Collection Set: 0,1ms
[2024-06-01T17:57:12.745-0300][gc,phases     ] GC(642)   Evacuate Collection Set: 18,2ms
[2024-06-01T17:57:12.745-0300][gc,phases     ] GC(642)   Post Evacuate Collection Set: 1,1ms
[2024-06-01T17:57:12.745-0300][gc,phases     ] GC(642)   Other: 0,4ms
[2024-06-01T17:57:12.745-0300][gc,heap       ] GC(642) Eden regions: 55->0(55)
[2024-06-01T17:57:12.745-0300][gc,heap       ] GC(642) Survivor regions: 4->6(8)
[2024-06-01T17:57:12.745-0300][gc,heap       ] GC(642) Old regions: 229->229
[2024-06-01T17:57:12.745-0300][gc,heap       ] GC(642) Humongous regions: 129->129
[2024-06-01T17:57:12.745-0300][gc,metaspace  ] GC(642) Metaspace: 45748K(48924K)->45748K(48924K) NonClass: 40009K(41680K)->40009K(41680K) Class: 5738K(7244K)->5738K(7244K)
[2024-06-01T17:57:12.745-0300][gc            ] GC(642) Pause Young (Normal) (G1 Evacuation Pause) 415M->361M(1024M) 20,086ms
[2024-06-01T17:57:12.745-0300][gc,cpu        ] GC(642) User=0,08s Sys=0,00s Real=0,02s
[2024-06-01T17:57:42.968-0300][gc,start      ] GC(643) Pause Young (Normal) (G1 Evacuation Pause)
[2024-06-01T17:57:42.968-0300][gc,task       ] GC(643) Using 4 workers of 4 for evacuation
[2024-06-01T17:57:42.991-0300][gc,mmu        ] GC(643) MMU target violated: 21,0ms (20,0ms/21,0ms)
[2024-06-01T17:57:42.991-0300][gc,phases     ] GC(643)   Pre Evacuate Collection Set: 0,1ms
[2024-06-01T17:57:42.991-0300][gc,phases     ] GC(643)   Evacuate Collection Set: 21,7ms
[2024-06-01T17:57:42.991-0300][gc,phases     ] GC(643)   Post Evacuate Collection Set: 1,0ms
[2024-06-01T17:57:42.991-0300][gc,phases     ] GC(643)   Other: 0,5ms
[2024-06-01T17:57:42.991-0300][gc,heap       ] GC(643) Eden regions: 48->0(52)
[2024-06-01T17:57:42.991-0300][gc,heap       ] GC(643) Survivor regions: 6->5(7)
[2024-06-01T17:57:42.991-0300][gc,heap       ] GC(643) Old regions: 229->231
[2024-06-01T17:57:42.991-0300][gc,heap       ] GC(643) Humongous regions: 129->129
[2024-06-01T17:57:42.991-0300][gc,metaspace  ] GC(643) Metaspace: 45748K(48924K)->45748K(48924K) NonClass: 40009K(41680K)->40009K(41680K) Class: 5738K(7244K)->5738K(7244K)
[2024-06-01T17:57:42.991-0300][gc            ] GC(643) Pause Young (Normal) (G1 Evacuation Pause) 409M->362M(1024M) 23,509ms
[2024-06-01T17:57:42.992-0300][gc,cpu        ] GC(643) User=0,08s Sys=0,00s Real=0,02s
[2024-06-01T17:58:16.343-0300][gc,start      ] GC(644) Pause Young (Normal) (G1 Evacuation Pause)
[2024-06-01T17:58:16.343-0300][gc,task       ] GC(644) Using 4 workers of 4 for evacuation
[2024-06-01T17:58:16.363-0300][gc,mmu        ] GC(644) MMU target violated: 20,0ms (20,0ms/21,0ms)
[2024-06-01T17:58:16.363-0300][gc,phases     ] GC(644)   Pre Evacuate Collection Set: 0,1ms
[2024-06-01T17:58:16.363-0300][gc,phases     ] GC(644)   Evacuate Collection Set: 18,7ms
[2024-06-01T17:58:16.364-0300][gc,phases     ] GC(644)   Post Evacuate Collection Set: 1,0ms
[2024-06-01T17:58:16.364-0300][gc,phases     ] GC(644)   Other: 0,5ms
[2024-06-01T17:58:16.364-0300][gc,heap       ] GC(644) Eden regions: 52->0(52)
[2024-06-01T17:58:16.364-0300][gc,heap       ] GC(644) Survivor regions: 5->5(8)
[2024-06-01T17:58:16.364-0300][gc,heap       ] GC(644) Old regions: 231->232
[2024-06-01T17:58:16.364-0300][gc,heap       ] GC(644) Humongous regions: 129->129
[2024-06-01T17:58:16.364-0300][gc,metaspace  ] GC(644) Metaspace: 45748K(48924K)->45748K(48924K) NonClass: 40009K(41680K)->40009K(41680K) Class: 5738K(7244K)->5738K(7244K)
[2024-06-01T17:58:16.364-0300][gc            ] GC(644) Pause Young (Normal) (G1 Evacuation Pause) 414M->363M(1024M) 20,581ms
[2024-06-01T17:58:16.364-0300][gc,cpu        ] GC(644) User=0,07s Sys=0,01s Real=0,02s
[2024-06-01T17:58:49.489-0300][gc,start      ] GC(645) Pause Young (Normal) (G1 Evacuation Pause)
[2024-06-01T17:58:49.489-0300][gc,task       ] GC(645) Using 4 workers of 4 for evacuation
[2024-06-01T17:58:49.509-0300][gc,mmu        ] GC(645) MMU target violated: 20,1ms (20,0ms/21,0ms)
[2024-06-01T17:58:49.509-0300][gc,phases     ] GC(645)   Pre Evacuate Collection Set: 0,1ms
[2024-06-01T17:58:49.509-0300][gc,phases     ] GC(645)   Evacuate Collection Set: 18,7ms
[2024-06-01T17:58:49.509-0300][gc,phases     ] GC(645)   Post Evacuate Collection Set: 1,1ms
[2024-06-01T17:58:49.509-0300][gc,phases     ] GC(645)   Other: 0,5ms
[2024-06-01T17:58:49.509-0300][gc,heap       ] GC(645) Eden regions: 52->0(52)
[2024-06-01T17:58:49.509-0300][gc,heap       ] GC(645) Survivor regions: 5->5(8)
[2024-06-01T17:58:49.509-0300][gc,heap       ] GC(645) Old regions: 232->233
[2024-06-01T17:58:49.509-0300][gc,heap       ] GC(645) Humongous regions: 129->129
[2024-06-01T17:58:49.509-0300][gc,metaspace  ] GC(645) Metaspace: 45748K(48924K)->45748K(48924K) NonClass: 40009K(41680K)->40009K(41680K) Class: 5738K(7244K)->5738K(7244K)
[2024-06-01T17:58:49.509-0300][gc            ] GC(645) Pause Young (Normal) (G1 Evacuation Pause) 415M->364M(1024M) 20,604ms
[2024-06-01T17:58:49.509-0300][gc,cpu        ] GC(645) User=0,07s Sys=0,00s Real=0,02s
[2024-06-01T17:59:22.374-0300][gc,start      ] GC(646) Pause Young (Normal) (G1 Evacuation Pause)
[2024-06-01T17:59:22.374-0300][gc,task       ] GC(646) Using 4 workers of 4 for evacuation
[2024-06-01T17:59:22.384-0300][gc,phases     ] GC(646)   Pre Evacuate Collection Set: 0,1ms
[2024-06-01T17:59:22.384-0300][gc,phases     ] GC(646)   Evacuate Collection Set: 9,4ms
[2024-06-01T17:59:22.384-0300][gc,phases     ] GC(646)   Post Evacuate Collection Set: 0,4ms
[2024-06-01T17:59:22.384-0300][gc,phases     ] GC(646)   Other: 0,4ms
[2024-06-01T17:59:22.384-0300][gc,heap       ] GC(646) Eden regions: 52->0(57)
[2024-06-01T17:59:22.384-0300][gc,heap       ] GC(646) Survivor regions: 5->4(8)
[2024-06-01T17:59:22.384-0300][gc,heap       ] GC(646) Old regions: 233->234
[2024-06-01T17:59:22.384-0300][gc,heap       ] GC(646) Humongous regions: 129->129
[2024-06-01T17:59:22.384-0300][gc,metaspace  ] GC(646) Metaspace: 45748K(48924K)->45748K(48924K) NonClass: 40009K(41680K)->40009K(41680K) Class: 5738K(7244K)->5738K(7244K)
[2024-06-01T17:59:22.384-0300][gc            ] GC(646) Pause Young (Normal) (G1 Evacuation Pause) 416M->365M(1024M) 10,263ms
[2024-06-01T17:59:22.384-0300][gc,cpu        ] GC(646) User=0,03s Sys=0,00s Real=0,01s
[2024-06-01T17:59:58.599-0300][gc,start      ] GC(647) Pause Young (Normal) (G1 Evacuation Pause)
[2024-06-01T17:59:58.599-0300][gc,task       ] GC(647) Using 4 workers of 4 for evacuation
[2024-06-01T17:59:58.605-0300][gc,phases     ] GC(647)   Pre Evacuate Collection Set: 0,0ms
[2024-06-01T17:59:58.605-0300][gc,phases     ] GC(647)   Evacuate Collection Set: 6,1ms
[2024-06-01T17:59:58.605-0300][gc,phases     ] GC(647)   Post Evacuate Collection Set: 0,4ms
[2024-06-01T17:59:58.605-0300][gc,phases     ] GC(647)   Other: 0,2ms
[2024-06-01T17:59:58.605-0300][gc,heap       ] GC(647) Eden regions: 57->0(61)
[2024-06-01T17:59:58.605-0300][gc,heap       ] GC(647) Survivor regions: 4->5(8)
[2024-06-01T17:59:58.605-0300][gc,heap       ] GC(647) Old regions: 234->234
[2024-06-01T17:59:58.605-0300][gc,heap       ] GC(647) Humongous regions: 129->129
[2024-06-01T17:59:58.605-0300][gc,metaspace  ] GC(647) Metaspace: 45748K(48924K)->45748K(48924K) NonClass: 40009K(41680K)->40009K(41680K) Class: 5738K(7244K)->5738K(7244K)
[2024-06-01T17:59:58.605-0300][gc            ] GC(647) Pause Young (Normal) (G1 Evacuation Pause) 422M->366M(1024M) 6,765ms
[2024-06-01T17:59:58.605-0300][gc,cpu        ] GC(647) User=0,02s Sys=0,00s Real=0,00s
[2024-06-01T18:00:37.174-0300][gc,start      ] GC(648) Pause Young (Normal) (G1 Evacuation Pause)
[2024-06-01T18:00:37.174-0300][gc,task       ] GC(648) Using 4 workers of 4 for evacuation
[2024-06-01T18:00:37.182-0300][gc,phases     ] GC(648)   Pre Evacuate Collection Set: 0,0ms
[2024-06-01T18:00:37.182-0300][gc,phases     ] GC(648)   Evacuate Collection Set: 7,4ms
[2024-06-01T18:00:37.182-0300][gc,phases     ] GC(648)   Post Evacuate Collection Set: 0,5ms
[2024-06-01T18:00:37.182-0300][gc,phases     ] GC(648)   Other: 0,2ms
[2024-06-01T18:00:37.182-0300][gc,heap       ] GC(648) Eden regions: 61->0(66)
[2024-06-01T18:00:37.182-0300][gc,heap       ] GC(648) Survivor regions: 5->6(9)
[2024-06-01T18:00:37.182-0300][gc,heap       ] GC(648) Old regions: 234->235
[2024-06-01T18:00:37.182-0300][gc,heap       ] GC(648) Humongous regions: 129->129
[2024-06-01T18:00:37.182-0300][gc,metaspace  ] GC(648) Metaspace: 45748K(48924K)->45748K(48924K) NonClass: 40009K(41680K)->40009K(41680K) Class: 5738K(7244K)->5738K(7244K)
[2024-06-01T18:00:37.182-0300][gc            ] GC(648) Pause Young (Normal) (G1 Evacuation Pause) 427M->367M(1024M) 8,249ms
[2024-06-01T18:00:37.182-0300][gc,cpu        ] GC(648) User=0,03s Sys=0,00s Real=0,01s
[2024-06-01T18:01:19.356-0300][gc,start      ] GC(649) Pause Young (Normal) (G1 Evacuation Pause)
[2024-06-01T18:01:19.356-0300][gc,task       ] GC(649) Using 4 workers of 4 for evacuation
[2024-06-01T18:01:19.380-0300][gc,mmu        ] GC(649) MMU target violated: 21,0ms (20,0ms/21,0ms)
[2024-06-01T18:01:19.380-0300][gc,phases     ] GC(649)   Pre Evacuate Collection Set: 0,1ms
[2024-06-01T18:01:19.380-0300][gc,phases     ] GC(649)   Evacuate Collection Set: 22,5ms
[2024-06-01T18:01:19.380-0300][gc,phases     ] GC(649)   Post Evacuate Collection Set: 1,0ms
[2024-06-01T18:01:19.381-0300][gc,phases     ] GC(649)   Other: 0,6ms
[2024-06-01T18:01:19.381-0300][gc,heap       ] GC(649) Eden regions: 66->0(62)
[2024-06-01T18:01:19.381-0300][gc,heap       ] GC(649) Survivor regions: 6->7(9)
[2024-06-01T18:01:19.381-0300][gc,heap       ] GC(649) Old regions: 235->236
[2024-06-01T18:01:19.381-0300][gc,heap       ] GC(649) Humongous regions: 129->129
[2024-06-01T18:01:19.381-0300][gc,metaspace  ] GC(649) Metaspace: 45748K(48924K)->45748K(48924K) NonClass: 40009K(41680K)->40009K(41680K) Class: 5738K(7244K)->5738K(7244K)
[2024-06-01T18:01:19.381-0300][gc            ] GC(649) Pause Young (Normal) (G1 Evacuation Pause) 433M->369M(1024M) 24,333ms
[2024-06-01T18:01:19.381-0300][gc,cpu        ] GC(649) User=0,08s Sys=0,01s Real=0,02s
[2024-06-01T18:01:59.489-0300][gc,start      ] GC(650) Pause Young (Normal) (G1 Evacuation Pause)
[2024-06-01T18:01:59.490-0300][gc,task       ] GC(650) Using 4 workers of 4 for evacuation
[2024-06-01T18:01:59.514-0300][gc,mmu        ] GC(650) MMU target violated: 21,0ms (20,0ms/21,0ms)
[2024-06-01T18:01:59.514-0300][gc,phases     ] GC(650)   Pre Evacuate Collection Set: 0,1ms
[2024-06-01T18:01:59.514-0300][gc,phases     ] GC(650)   Evacuate Collection Set: 23,1ms
[2024-06-01T18:01:59.514-0300][gc,phases     ] GC(650)   Post Evacuate Collection Set: 1,0ms
[2024-06-01T18:01:59.514-0300][gc,phases     ] GC(650)   Other: 0,5ms
[2024-06-01T18:01:59.514-0300][gc,heap       ] GC(650) Eden regions: 62->0(57)
[2024-06-01T18:01:59.514-0300][gc,heap       ] GC(650) Survivor regions: 7->6(9)
[2024-06-01T18:01:59.514-0300][gc,heap       ] GC(650) Old regions: 236->238
[2024-06-01T18:01:59.514-0300][gc,heap       ] GC(650) Humongous regions: 129->129
[2024-06-01T18:01:59.514-0300][gc,metaspace  ] GC(650) Metaspace: 45748K(48924K)->45748K(48924K) NonClass: 40009K(41680K)->40009K(41680K) Class: 5738K(7244K)->5738K(7244K)
[2024-06-01T18:01:59.514-0300][gc            ] GC(650) Pause Young (Normal) (G1 Evacuation Pause) 431M->370M(1024M) 24,830ms
[2024-06-01T18:01:59.514-0300][gc,cpu        ] GC(650) User=0,09s Sys=0,00s Real=0,02s
[2024-06-01T18:02:35.604-0300][gc,start      ] GC(651) Pause Young (Normal) (G1 Evacuation Pause)
[2024-06-01T18:02:35.604-0300][gc,task       ] GC(651) Using 4 workers of 4 for evacuation
[2024-06-01T18:02:35.627-0300][gc,mmu        ] GC(651) MMU target violated: 21,0ms (20,0ms/21,0ms)
[2024-06-01T18:02:35.627-0300][gc,phases     ] GC(651)   Pre Evacuate Collection Set: 0,1ms
[2024-06-01T18:02:35.627-0300][gc,phases     ] GC(651)   Evacuate Collection Set: 21,6ms
[2024-06-01T18:02:35.627-0300][gc,phases     ] GC(651)   Post Evacuate Collection Set: 1,0ms
[2024-06-01T18:02:35.628-0300][gc,phases     ] GC(651)   Other: 0,6ms
[2024-06-01T18:02:35.628-0300][gc,heap       ] GC(651) Eden regions: 57->0(52)
[2024-06-01T18:02:35.628-0300][gc,heap       ] GC(651) Survivor regions: 6->6(8)
[2024-06-01T18:02:35.628-0300][gc,heap       ] GC(651) Old regions: 238->239
[2024-06-01T18:02:35.628-0300][gc,heap       ] GC(651) Humongous regions: 129->129
[2024-06-01T18:02:35.628-0300][gc,metaspace  ] GC(651) Metaspace: 45748K(48924K)->45748K(48924K) NonClass: 40009K(41680K)->40009K(41680K) Class: 5738K(7244K)->5738K(7244K)
[2024-06-01T18:02:35.628-0300][gc            ] GC(651) Pause Young (Normal) (G1 Evacuation Pause) 427M->371M(1024M) 23,480ms
[2024-06-01T18:02:35.628-0300][gc,cpu        ] GC(651) User=0,08s Sys=0,00s Real=0,03s
[2024-06-01T18:03:08.715-0300][gc,start      ] GC(652) Pause Young (Normal) (G1 Evacuation Pause)
[2024-06-01T18:03:08.716-0300][gc,task       ] GC(652) Using 4 workers of 4 for evacuation
[2024-06-01T18:03:08.738-0300][gc,mmu        ] GC(652) MMU target violated: 21,0ms (20,0ms/21,0ms)
[2024-06-01T18:03:08.738-0300][gc,phases     ] GC(652)   Pre Evacuate Collection Set: 0,1ms
[2024-06-01T18:03:08.738-0300][gc,phases     ] GC(652)   Evacuate Collection Set: 20,9ms
[2024-06-01T18:03:08.738-0300][gc,phases     ] GC(652)   Post Evacuate Collection Set: 1,0ms
[2024-06-01T18:03:08.738-0300][gc,phases     ] GC(652)   Other: 0,5ms
[2024-06-01T18:03:08.738-0300][gc,heap       ] GC(652) Eden regions: 52->0(46)
[2024-06-01T18:03:08.738-0300][gc,heap       ] GC(652) Survivor regions: 6->5(8)
[2024-06-01T18:03:08.738-0300][gc,heap       ] GC(652) Old regions: 239->240
[2024-06-01T18:03:08.738-0300][gc,heap       ] GC(652) Humongous regions: 129->129
[2024-06-01T18:03:08.738-0300][gc,metaspace  ] GC(652) Metaspace: 45748K(48924K)->45748K(48924K) NonClass: 40009K(41680K)->40009K(41680K) Class: 5738K(7244K)->5738K(7244K)
[2024-06-01T18:03:08.738-0300][gc            ] GC(652) Pause Young (Normal) (G1 Evacuation Pause) 423M->372M(1024M) 22,717ms
[2024-06-01T18:03:08.738-0300][gc,cpu        ] GC(652) User=0,08s Sys=0,00s Real=0,02s
[2024-06-01T18:03:38.284-0300][gc,start      ] GC(653) Pause Young (Normal) (G1 Evacuation Pause)
[2024-06-01T18:03:38.284-0300][gc,task       ] GC(653) Using 4 workers of 4 for evacuation
[2024-06-01T18:03:38.304-0300][gc,mmu        ] GC(653) MMU target violated: 20,2ms (20,0ms/21,0ms)
[2024-06-01T18:03:38.305-0300][gc,phases     ] GC(653)   Pre Evacuate Collection Set: 0,1ms
[2024-06-01T18:03:38.305-0300][gc,phases     ] GC(653)   Evacuate Collection Set: 19,0ms
[2024-06-01T18:03:38.305-0300][gc,phases     ] GC(653)   Post Evacuate Collection Set: 0,9ms
[2024-06-01T18:03:38.305-0300][gc,phases     ] GC(653)   Other: 0,6ms
[2024-06-01T18:03:38.305-0300][gc,heap       ] GC(653) Eden regions: 46->0(47)
[2024-06-01T18:03:38.305-0300][gc,heap       ] GC(653) Survivor regions: 5->5(7)
[2024-06-01T18:03:38.305-0300][gc,heap       ] GC(653) Old regions: 240->242
[2024-06-01T18:03:38.305-0300][gc,heap       ] GC(653) Humongous regions: 129->129
[2024-06-01T18:03:38.305-0300][gc,metaspace  ] GC(653) Metaspace: 45748K(48924K)->45748K(48924K) NonClass: 40009K(41680K)->40009K(41680K) Class: 5738K(7244K)->5738K(7244K)
[2024-06-01T18:03:38.305-0300][gc            ] GC(653) Pause Young (Normal) (G1 Evacuation Pause) 418M->373M(1024M) 20,760ms
[2024-06-01T18:03:38.305-0300][gc,cpu        ] GC(653) User=0,07s Sys=0,01s Real=0,02s
[2024-06-01T18:04:08.250-0300][gc,start      ] GC(654) Pause Young (Normal) (G1 Evacuation Pause)
[2024-06-01T18:04:08.250-0300][gc,task       ] GC(654) Using 4 workers of 4 for evacuation
[2024-06-01T18:04:08.272-0300][gc,mmu        ] GC(654) MMU target violated: 21,0ms (20,0ms/21,0ms)
[2024-06-01T18:04:08.272-0300][gc,phases     ] GC(654)   Pre Evacuate Collection Set: 0,1ms
[2024-06-01T18:04:08.272-0300][gc,phases     ] GC(654)   Evacuate Collection Set: 21,0ms
[2024-06-01T18:04:08.272-0300][gc,phases     ] GC(654)   Post Evacuate Collection Set: 1,0ms
[2024-06-01T18:04:08.272-0300][gc,phases     ] GC(654)   Other: 0,5ms
[2024-06-01T18:04:08.272-0300][gc,heap       ] GC(654) Eden regions: 47->0(46)
[2024-06-01T18:04:08.272-0300][gc,heap       ] GC(654) Survivor regions: 5->5(7)
[2024-06-01T18:04:08.272-0300][gc,heap       ] GC(654) Old regions: 242->243
[2024-06-01T18:04:08.272-0300][gc,heap       ] GC(654) Humongous regions: 129->129
[2024-06-01T18:04:08.272-0300][gc,metaspace  ] GC(654) Metaspace: 45748K(48924K)->45748K(48924K) NonClass: 40009K(41680K)->40009K(41680K) Class: 5738K(7244K)->5738K(7244K)
[2024-06-01T18:04:08.272-0300][gc            ] GC(654) Pause Young (Normal) (G1 Evacuation Pause) 420M->374M(1024M) 22,795ms
[2024-06-01T18:04:08.273-0300][gc,cpu        ] GC(654) User=0,06s Sys=0,01s Real=0,02s
[2024-06-01T18:04:38.014-0300][gc,start      ] GC(655) Pause Young (Normal) (G1 Evacuation Pause)
[2024-06-01T18:04:38.014-0300][gc,task       ] GC(655) Using 4 workers of 4 for evacuation
[2024-06-01T18:04:38.021-0300][gc,phases     ] GC(655)   Pre Evacuate Collection Set: 0,0ms
[2024-06-01T18:04:38.021-0300][gc,phases     ] GC(655)   Evacuate Collection Set: 6,5ms
[2024-06-01T18:04:38.021-0300][gc,phases     ] GC(655)   Post Evacuate Collection Set: 0,4ms
[2024-06-01T18:04:38.021-0300][gc,phases     ] GC(655)   Other: 0,2ms
[2024-06-01T18:04:38.021-0300][gc,heap       ] GC(655) Eden regions: 46->0(52)
[2024-06-01T18:04:38.021-0300][gc,heap       ] GC(655) Survivor regions: 5->4(7)
[2024-06-01T18:04:38.021-0300][gc,heap       ] GC(655) Old regions: 243->244
[2024-06-01T18:04:38.021-0300][gc,heap       ] GC(655) Humongous regions: 129->129
[2024-06-01T18:04:38.021-0300][gc,metaspace  ] GC(655) Metaspace: 45748K(48924K)->45748K(48924K) NonClass: 40009K(41680K)->40009K(41680K) Class: 5738K(7244K)->5738K(7244K)
[2024-06-01T18:04:38.021-0300][gc            ] GC(655) Pause Young (Normal) (G1 Evacuation Pause) 420M->374M(1024M) 7,280ms
[2024-06-01T18:04:38.021-0300][gc,cpu        ] GC(655) User=0,03s Sys=0,00s Real=0,01s
[2024-06-01T18:05:10.961-0300][gc,start      ] GC(656) Pause Young (Normal) (G1 Evacuation Pause)
[2024-06-01T18:05:10.961-0300][gc,task       ] GC(656) Using 4 workers of 4 for evacuation
[2024-06-01T18:05:10.968-0300][gc,phases     ] GC(656)   Pre Evacuate Collection Set: 0,0ms
[2024-06-01T18:05:10.968-0300][gc,phases     ] GC(656)   Evacuate Collection Set: 6,6ms
[2024-06-01T18:05:10.968-0300][gc,phases     ] GC(656)   Post Evacuate Collection Set: 0,4ms
[2024-06-01T18:05:10.968-0300][gc,phases     ] GC(656)   Other: 0,2ms
[2024-06-01T18:05:10.968-0300][gc,heap       ] GC(656) Eden regions: 52->0(56)
[2024-06-01T18:05:10.968-0300][gc,heap       ] GC(656) Survivor regions: 4->4(7)
[2024-06-01T18:05:10.968-0300][gc,heap       ] GC(656) Old regions: 244->245
[2024-06-01T18:05:10.968-0300][gc,heap       ] GC(656) Humongous regions: 129->129
[2024-06-01T18:05:10.969-0300][gc,metaspace  ] GC(656) Metaspace: 45748K(48924K)->45748K(48924K) NonClass: 40009K(41680K)->40009K(41680K) Class: 5738K(7244K)->5738K(7244K)
[2024-06-01T18:05:10.969-0300][gc            ] GC(656) Pause Young (Normal) (G1 Evacuation Pause) 426M->375M(1024M) 7,326ms
[2024-06-01T18:05:10.969-0300][gc,cpu        ] GC(656) User=0,02s Sys=0,00s Real=0,01s
[2024-06-01T18:05:46.531-0300][gc,start      ] GC(657) Pause Young (Normal) (G1 Evacuation Pause)
[2024-06-01T18:05:46.531-0300][gc,task       ] GC(657) Using 4 workers of 4 for evacuation
[2024-06-01T18:05:46.550-0300][gc,phases     ] GC(657)   Pre Evacuate Collection Set: 0,1ms
[2024-06-01T18:05:46.550-0300][gc,phases     ] GC(657)   Evacuate Collection Set: 18,0ms
[2024-06-01T18:05:46.550-0300][gc,phases     ] GC(657)   Post Evacuate Collection Set: 1,0ms
[2024-06-01T18:05:46.550-0300][gc,phases     ] GC(657)   Other: 0,4ms
[2024-06-01T18:05:46.550-0300][gc,heap       ] GC(657) Eden regions: 56->0(55)
[2024-06-01T18:05:46.550-0300][gc,heap       ] GC(657) Survivor regions: 4->6(8)
[2024-06-01T18:05:46.550-0300][gc,heap       ] GC(657) Old regions: 245->245
[2024-06-01T18:05:46.550-0300][gc,heap       ] GC(657) Humongous regions: 129->129
[2024-06-01T18:05:46.550-0300][gc,metaspace  ] GC(657) Metaspace: 45748K(48924K)->45748K(48924K) NonClass: 40009K(41680K)->40009K(41680K) Class: 5738K(7244K)->5738K(7244K)
[2024-06-01T18:05:46.550-0300][gc            ] GC(657) Pause Young (Normal) (G1 Evacuation Pause) 431M->377M(1024M) 19,683ms
[2024-06-01T18:05:46.550-0300][gc,cpu        ] GC(657) User=0,08s Sys=0,00s Real=0,02s
[2024-06-01T18:06:18.342-0300][gc,start      ] GC(658) Pause Young (Normal) (G1 Evacuation Pause)
[2024-06-01T18:06:18.342-0300][gc,task       ] GC(658) Using 4 workers of 4 for evacuation
[2024-06-01T18:06:18.364-0300][gc,mmu        ] GC(658) MMU target violated: 21,0ms (20,0ms/21,0ms)
[2024-06-01T18:06:18.365-0300][gc,phases     ] GC(658)   Pre Evacuate Collection Set: 0,1ms
[2024-06-01T18:06:18.365-0300][gc,phases     ] GC(658)   Evacuate Collection Set: 20,6ms
[2024-06-01T18:06:18.365-0300][gc,phases     ] GC(658)   Post Evacuate Collection Set: 1,1ms
[2024-06-01T18:06:18.365-0300][gc,phases     ] GC(658)   Other: 0,5ms
[2024-06-01T18:06:18.365-0300][gc,heap       ] GC(658) Eden regions: 50->0(52)
[2024-06-01T18:06:18.365-0300][gc,heap       ] GC(658) Survivor regions: 6->5(7)
[2024-06-01T18:06:18.365-0300][gc,heap       ] GC(658) Old regions: 245->247
[2024-06-01T18:06:18.365-0300][gc,heap       ] GC(658) Humongous regions: 129->129
[2024-06-01T18:06:18.365-0300][gc,metaspace  ] GC(658) Metaspace: 45748K(48924K)->45748K(48924K) NonClass: 40009K(41680K)->40009K(41680K) Class: 5738K(7244K)->5738K(7244K)
[2024-06-01T18:06:18.365-0300][gc            ] GC(658) Pause Young (Normal) (G1 Evacuation Pause) 427M->378M(1024M) 22,511ms
[2024-06-01T18:06:18.365-0300][gc,cpu        ] GC(658) User=0,08s Sys=0,00s Real=0,02s
[2024-06-01T18:06:50.780-0300][gc,start      ] GC(659) Pause Young (Normal) (G1 Evacuation Pause)
[2024-06-01T18:06:50.780-0300][gc,task       ] GC(659) Using 4 workers of 4 for evacuation
[2024-06-01T18:06:50.789-0300][gc,phases     ] GC(659)   Pre Evacuate Collection Set: 0,0ms
[2024-06-01T18:06:50.789-0300][gc,phases     ] GC(659)   Evacuate Collection Set: 8,6ms
[2024-06-01T18:06:50.789-0300][gc,phases     ] GC(659)   Post Evacuate Collection Set: 0,5ms
[2024-06-01T18:06:50.789-0300][gc,phases     ] GC(659)   Other: 0,2ms
[2024-06-01T18:06:50.789-0300][gc,heap       ] GC(659) Eden regions: 52->0(57)
[2024-06-01T18:06:50.789-0300][gc,heap       ] GC(659) Survivor regions: 5->5(8)
[2024-06-01T18:06:50.789-0300][gc,heap       ] GC(659) Old regions: 247->248
[2024-06-01T18:06:50.789-0300][gc,heap       ] GC(659) Humongous regions: 129->129
[2024-06-01T18:06:50.789-0300][gc,metaspace  ] GC(659) Metaspace: 45748K(48924K)->45748K(48924K) NonClass: 40009K(41680K)->40009K(41680K) Class: 5738K(7244K)->5738K(7244K)
[2024-06-01T18:06:50.789-0300][gc            ] GC(659) Pause Young (Normal) (G1 Evacuation Pause) 430M->379M(1024M) 9,406ms
[2024-06-01T18:06:50.789-0300][gc,cpu        ] GC(659) User=0,03s Sys=0,00s Real=0,01s
[2024-06-01T18:07:27.377-0300][gc,start      ] GC(660) Pause Young (Normal) (G1 Evacuation Pause)
[2024-06-01T18:07:27.377-0300][gc,task       ] GC(660) Using 4 workers of 4 for evacuation
[2024-06-01T18:07:27.398-0300][gc,mmu        ] GC(660) MMU target violated: 21,0ms (20,0ms/21,0ms)
[2024-06-01T18:07:27.398-0300][gc,phases     ] GC(660)   Pre Evacuate Collection Set: 0,1ms
[2024-06-01T18:07:27.398-0300][gc,phases     ] GC(660)   Evacuate Collection Set: 19,7ms
[2024-06-01T18:07:27.398-0300][gc,phases     ] GC(660)   Post Evacuate Collection Set: 1,0ms
[2024-06-01T18:07:27.399-0300][gc,phases     ] GC(660)   Other: 0,6ms
[2024-06-01T18:07:27.399-0300][gc,heap       ] GC(660) Eden regions: 57->0(55)
[2024-06-01T18:07:27.399-0300][gc,heap       ] GC(660) Survivor regions: 5->5(8)
[2024-06-01T18:07:27.399-0300][gc,heap       ] GC(660) Old regions: 248->249
[2024-06-01T18:07:27.399-0300][gc,heap       ] GC(660) Humongous regions: 129->129
[2024-06-01T18:07:27.399-0300][gc,metaspace  ] GC(660) Metaspace: 45748K(48924K)->45748K(48924K) NonClass: 40009K(41680K)->40009K(41680K) Class: 5738K(7244K)->5738K(7244K)
[2024-06-01T18:07:27.399-0300][gc            ] GC(660) Pause Young (Normal) (G1 Evacuation Pause) 436M->380M(1024M) 21,512ms
[2024-06-01T18:07:27.399-0300][gc,cpu        ] GC(660) User=0,08s Sys=0,01s Real=0,02s
[2024-06-01T18:08:01.936-0300][gc,start      ] GC(661) Pause Young (Normal) (G1 Evacuation Pause)
[2024-06-01T18:08:01.936-0300][gc,task       ] GC(661) Using 4 workers of 4 for evacuation
[2024-06-01T18:08:01.945-0300][gc,phases     ] GC(661)   Pre Evacuate Collection Set: 0,0ms
[2024-06-01T18:08:01.945-0300][gc,phases     ] GC(661)   Evacuate Collection Set: 8,3ms
[2024-06-01T18:08:01.945-0300][gc,phases     ] GC(661)   Post Evacuate Collection Set: 0,5ms
[2024-06-01T18:08:01.945-0300][gc,phases     ] GC(661)   Other: 0,2ms
[2024-06-01T18:08:01.945-0300][gc,heap       ] GC(661) Eden regions: 55->0(61)
[2024-06-01T18:08:01.945-0300][gc,heap       ] GC(661) Survivor regions: 5->5(8)
[2024-06-01T18:08:01.945-0300][gc,heap       ] GC(661) Old regions: 249->250
[2024-06-01T18:08:01.945-0300][gc,heap       ] GC(661) Humongous regions: 129->129
[2024-06-01T18:08:01.945-0300][gc,metaspace  ] GC(661) Metaspace: 45748K(48924K)->45748K(48924K) NonClass: 40009K(41680K)->40009K(41680K) Class: 5738K(7244K)->5738K(7244K)
[2024-06-01T18:08:01.945-0300][gc            ] GC(661) Pause Young (Normal) (G1 Evacuation Pause) 435M->381M(1024M) 9,191ms
[2024-06-01T18:08:01.945-0300][gc,cpu        ] GC(661) User=0,04s Sys=0,00s Real=0,00s
[2024-06-01T18:08:40.728-0300][gc,start      ] GC(662) Pause Young (Normal) (G1 Evacuation Pause)
[2024-06-01T18:08:40.728-0300][gc,task       ] GC(662) Using 4 workers of 4 for evacuation
[2024-06-01T18:08:40.748-0300][gc,phases     ] GC(662)   Pre Evacuate Collection Set: 0,1ms
[2024-06-01T18:08:40.748-0300][gc,phases     ] GC(662)   Evacuate Collection Set: 18,5ms
[2024-06-01T18:08:40.748-0300][gc,phases     ] GC(662)   Post Evacuate Collection Set: 1,0ms
[2024-06-01T18:08:40.748-0300][gc,phases     ] GC(662)   Other: 0,5ms
[2024-06-01T18:08:40.748-0300][gc,heap       ] GC(662) Eden regions: 61->0(59)
[2024-06-01T18:08:40.748-0300][gc,heap       ] GC(662) Survivor regions: 5->6(9)
[2024-06-01T18:08:40.748-0300][gc,heap       ] GC(662) Old regions: 250->250
[2024-06-01T18:08:40.748-0300][gc,heap       ] GC(662) Humongous regions: 129->129
[2024-06-01T18:08:40.748-0300][gc,metaspace  ] GC(662) Metaspace: 45748K(48924K)->45748K(48924K) NonClass: 40009K(41680K)->40009K(41680K) Class: 5738K(7244K)->5738K(7244K)
[2024-06-01T18:08:40.748-0300][gc            ] GC(662) Pause Young (Normal) (G1 Evacuation Pause) 442M->382M(1024M) 20,327ms
[2024-06-01T18:08:40.748-0300][gc,cpu        ] GC(662) User=0,07s Sys=0,00s Real=0,02s
[2024-06-01T18:09:10.440-0300][gc,start      ] GC(663) Pause Young (Normal) (G1 Evacuation Pause)
[2024-06-01T18:09:10.440-0300][gc,task       ] GC(663) Using 4 workers of 4 for evacuation
[2024-06-01T18:09:10.463-0300][gc,mmu        ] GC(663) MMU target violated: 21,0ms (20,0ms/21,0ms)
[2024-06-01T18:09:10.463-0300][gc,phases     ] GC(663)   Pre Evacuate Collection Set: 0,1ms
[2024-06-01T18:09:10.463-0300][gc,phases     ] GC(663)   Evacuate Collection Set: 21,8ms
[2024-06-01T18:09:10.463-0300][gc,phases     ] GC(663)   Post Evacuate Collection Set: 1,1ms
[2024-06-01T18:09:10.463-0300][gc,phases     ] GC(663)   Other: 0,6ms
[2024-06-01T18:09:10.463-0300][gc,heap       ] GC(663) Eden regions: 47->0(54)
[2024-06-01T18:09:10.463-0300][gc,heap       ] GC(663) Survivor regions: 6->5(7)
[2024-06-01T18:09:10.463-0300][gc,heap       ] GC(663) Old regions: 250->252
[2024-06-01T18:09:10.463-0300][gc,heap       ] GC(663) Humongous regions: 129->129
[2024-06-01T18:09:10.463-0300][gc,metaspace  ] GC(663) Metaspace: 45748K(48924K)->45748K(48924K) NonClass: 40009K(41680K)->40009K(41680K) Class: 5738K(7244K)->5738K(7244K)
[2024-06-01T18:09:10.463-0300][gc            ] GC(663) Pause Young (Normal) (G1 Evacuation Pause) 429M->383M(1024M) 23,690ms
[2024-06-01T18:09:10.463-0300][gc,cpu        ] GC(663) User=0,08s Sys=0,00s Real=0,02s
[2024-06-01T18:09:44.728-0300][gc,start      ] GC(664) Pause Young (Normal) (G1 Evacuation Pause)
[2024-06-01T18:09:44.728-0300][gc,task       ] GC(664) Using 4 workers of 4 for evacuation
[2024-06-01T18:09:44.735-0300][gc,phases     ] GC(664)   Pre Evacuate Collection Set: 0,0ms
[2024-06-01T18:09:44.735-0300][gc,phases     ] GC(664)   Evacuate Collection Set: 6,8ms
[2024-06-01T18:09:44.735-0300][gc,phases     ] GC(664)   Post Evacuate Collection Set: 0,4ms
[2024-06-01T18:09:44.735-0300][gc,phases     ] GC(664)   Other: 0,2ms
[2024-06-01T18:09:44.735-0300][gc,heap       ] GC(664) Eden regions: 54->0(60)
[2024-06-01T18:09:44.735-0300][gc,heap       ] GC(664) Survivor regions: 5->5(8)
[2024-06-01T18:09:44.735-0300][gc,heap       ] GC(664) Old regions: 252->253
[2024-06-01T18:09:44.735-0300][gc,heap       ] GC(664) Humongous regions: 129->129
[2024-06-01T18:09:44.735-0300][gc,metaspace  ] GC(664) Metaspace: 45748K(48924K)->45748K(48924K) NonClass: 40009K(41680K)->40009K(41680K) Class: 5738K(7244K)->5738K(7244K)
[2024-06-01T18:09:44.735-0300][gc            ] GC(664) Pause Young (Normal) (G1 Evacuation Pause) 437M->384M(1024M) 7,598ms
[2024-06-01T18:09:44.735-0300][gc,cpu        ] GC(664) User=0,03s Sys=0,00s Real=0,01s
[2024-06-01T18:10:17.882-0300][gc,start      ] GC(665) Pause Young (Normal) (G1 Evacuation Pause)
[2024-06-01T18:10:17.882-0300][gc,task       ] GC(665) Using 4 workers of 4 for evacuation
[2024-06-01T18:10:17.890-0300][gc,phases     ] GC(665)   Pre Evacuate Collection Set: 0,0ms
[2024-06-01T18:10:17.890-0300][gc,phases     ] GC(665)   Evacuate Collection Set: 7,1ms
[2024-06-01T18:10:17.890-0300][gc,phases     ] GC(665)   Post Evacuate Collection Set: 0,6ms
[2024-06-01T18:10:17.890-0300][gc,phases     ] GC(665)   Other: 0,2ms
[2024-06-01T18:10:17.890-0300][gc,heap       ] GC(665) Eden regions: 52->0(65)
[2024-06-01T18:10:17.890-0300][gc,heap       ] GC(665) Survivor regions: 5->5(8)
[2024-06-01T18:10:17.890-0300][gc,heap       ] GC(665) Old regions: 253->254
[2024-06-01T18:10:17.890-0300][gc,heap       ] GC(665) Humongous regions: 129->129
[2024-06-01T18:10:17.890-0300][gc,metaspace  ] GC(665) Metaspace: 45748K(48924K)->45748K(48924K) NonClass: 40009K(41680K)->40009K(41680K) Class: 5738K(7244K)->5738K(7244K)
[2024-06-01T18:10:17.890-0300][gc            ] GC(665) Pause Young (Normal) (G1 Evacuation Pause) 436M->385M(1024M) 8,006ms
[2024-06-01T18:10:17.890-0300][gc,cpu        ] GC(665) User=0,03s Sys=0,00s Real=0,01s
[2024-06-01T18:10:59.422-0300][gc,start      ] GC(666) Pause Young (Normal) (G1 Evacuation Pause)
[2024-06-01T18:10:59.422-0300][gc,task       ] GC(666) Using 4 workers of 4 for evacuation
[2024-06-01T18:10:59.443-0300][gc,mmu        ] GC(666) MMU target violated: 20,6ms (20,0ms/21,0ms)
[2024-06-01T18:10:59.443-0300][gc,phases     ] GC(666)   Pre Evacuate Collection Set: 0,1ms
[2024-06-01T18:10:59.443-0300][gc,phases     ] GC(666)   Evacuate Collection Set: 19,3ms
[2024-06-01T18:10:59.443-0300][gc,phases     ] GC(666)   Post Evacuate Collection Set: 1,1ms
[2024-06-01T18:10:59.443-0300][gc,phases     ] GC(666)   Other: 0,5ms
[2024-06-01T18:10:59.443-0300][gc,heap       ] GC(666) Eden regions: 65->0(61)
[2024-06-01T18:10:59.443-0300][gc,heap       ] GC(666) Survivor regions: 5->6(9)
[2024-06-01T18:10:59.443-0300][gc,heap       ] GC(666) Old regions: 254->254
[2024-06-01T18:10:59.443-0300][gc,heap       ] GC(666) Humongous regions: 129->129
[2024-06-01T18:10:59.443-0300][gc,metaspace  ] GC(666) Metaspace: 45748K(48924K)->45748K(48924K) NonClass: 40009K(41680K)->40009K(41680K) Class: 5738K(7244K)->5738K(7244K)
[2024-06-01T18:10:59.443-0300][gc            ] GC(666) Pause Young (Normal) (G1 Evacuation Pause) 450M->387M(1024M) 21,159ms
[2024-06-01T18:10:59.443-0300][gc,cpu        ] GC(666) User=0,07s Sys=0,00s Real=0,02s
[2024-06-01T18:11:30.291-0300][gc,start      ] GC(667) Pause Young (Normal) (G1 Evacuation Pause)
[2024-06-01T18:11:30.291-0300][gc,task       ] GC(667) Using 4 workers of 4 for evacuation
[2024-06-01T18:11:30.315-0300][gc,mmu        ] GC(667) MMU target violated: 21,0ms (20,0ms/21,0ms)
[2024-06-01T18:11:30.315-0300][gc,phases     ] GC(667)   Pre Evacuate Collection Set: 0,1ms
[2024-06-01T18:11:30.315-0300][gc,phases     ] GC(667)   Evacuate Collection Set: 22,9ms
[2024-06-01T18:11:30.315-0300][gc,phases     ] GC(667)   Post Evacuate Collection Set: 1,0ms
[2024-06-01T18:11:30.315-0300][gc,phases     ] GC(667)   Other: 0,5ms
[2024-06-01T18:11:30.315-0300][gc,heap       ] GC(667) Eden regions: 49->0(53)
[2024-06-01T18:11:30.315-0300][gc,heap       ] GC(667) Survivor regions: 6->6(7)
[2024-06-01T18:11:30.315-0300][gc,heap       ] GC(667) Old regions: 254->256
[2024-06-01T18:11:30.315-0300][gc,heap       ] GC(667) Humongous regions: 129->129
[2024-06-01T18:11:30.315-0300][gc,metaspace  ] GC(667) Metaspace: 45748K(48924K)->45748K(48924K) NonClass: 40009K(41680K)->40009K(41680K) Class: 5738K(7244K)->5738K(7244K)
[2024-06-01T18:11:30.315-0300][gc            ] GC(667) Pause Young (Normal) (G1 Evacuation Pause) 436M->388M(1024M) 24,689ms
[2024-06-01T18:11:30.316-0300][gc,cpu        ] GC(667) User=0,09s Sys=0,00s Real=0,03s
[2024-06-01T18:12:03.867-0300][gc,start      ] GC(668) Pause Young (Normal) (G1 Evacuation Pause)
[2024-06-01T18:12:03.867-0300][gc,task       ] GC(668) Using 4 workers of 4 for evacuation
[2024-06-01T18:12:03.881-0300][gc,phases     ] GC(668)   Pre Evacuate Collection Set: 0,0ms
[2024-06-01T18:12:03.881-0300][gc,phases     ] GC(668)   Evacuate Collection Set: 12,3ms
[2024-06-01T18:12:03.881-0300][gc,phases     ] GC(668)   Post Evacuate Collection Set: 0,9ms
[2024-06-01T18:12:03.881-0300][gc,phases     ] GC(668)   Other: 0,3ms
[2024-06-01T18:12:03.881-0300][gc,heap       ] GC(668) Eden regions: 53->0(56)
[2024-06-01T18:12:03.881-0300][gc,heap       ] GC(668) Survivor regions: 6->5(8)
[2024-06-01T18:12:03.881-0300][gc,heap       ] GC(668) Old regions: 256->257
[2024-06-01T18:12:03.881-0300][gc,heap       ] GC(668) Humongous regions: 129->129
[2024-06-01T18:12:03.881-0300][gc,metaspace  ] GC(668) Metaspace: 45748K(48924K)->45748K(48924K) NonClass: 40009K(41680K)->40009K(41680K) Class: 5738K(7244K)->5738K(7244K)
[2024-06-01T18:12:03.881-0300][gc            ] GC(668) Pause Young (Normal) (G1 Evacuation Pause) 441M->388M(1024M) 13,639ms
[2024-06-01T18:12:03.881-0300][gc,cpu        ] GC(668) User=0,05s Sys=0,00s Real=0,01s
[2024-06-01T18:12:40.178-0300][gc,start      ] GC(669) Pause Young (Normal) (G1 Evacuation Pause)
[2024-06-01T18:12:40.179-0300][gc,task       ] GC(669) Using 4 workers of 4 for evacuation
[2024-06-01T18:12:40.198-0300][gc,phases     ] GC(669)   Pre Evacuate Collection Set: 0,1ms
[2024-06-01T18:12:40.198-0300][gc,phases     ] GC(669)   Evacuate Collection Set: 18,2ms
[2024-06-01T18:12:40.198-0300][gc,phases     ] GC(669)   Post Evacuate Collection Set: 1,1ms
[2024-06-01T18:12:40.198-0300][gc,phases     ] GC(669)   Other: 0,5ms
[2024-06-01T18:12:40.198-0300][gc,heap       ] GC(669) Eden regions: 56->0(53)
[2024-06-01T18:12:40.198-0300][gc,heap       ] GC(669) Survivor regions: 5->5(8)
[2024-06-01T18:12:40.198-0300][gc,heap       ] GC(669) Old regions: 257->257
[2024-06-01T18:12:40.198-0300][gc,heap       ] GC(669) Humongous regions: 129->129
[2024-06-01T18:12:40.198-0300][gc,metaspace  ] GC(669) Metaspace: 45748K(48924K)->45748K(48924K) NonClass: 40009K(41680K)->40009K(41680K) Class: 5738K(7244K)->5738K(7244K)
[2024-06-01T18:12:40.198-0300][gc            ] GC(669) Pause Young (Normal) (G1 Evacuation Pause) 444M->389M(1024M) 20,025ms
[2024-06-01T18:12:40.199-0300][gc,cpu        ] GC(669) User=0,08s Sys=0,00s Real=0,02s
[2024-06-01T18:13:14.181-0300][gc,start      ] GC(670) Pause Young (Normal) (G1 Evacuation Pause)
[2024-06-01T18:13:14.181-0300][gc,task       ] GC(670) Using 4 workers of 4 for evacuation
[2024-06-01T18:13:14.204-0300][gc,mmu        ] GC(670) MMU target violated: 21,0ms (20,0ms/21,0ms)
[2024-06-01T18:13:14.204-0300][gc,phases     ] GC(670)   Pre Evacuate Collection Set: 0,1ms
[2024-06-01T18:13:14.204-0300][gc,phases     ] GC(670)   Evacuate Collection Set: 21,7ms
[2024-06-01T18:13:14.204-0300][gc,phases     ] GC(670)   Post Evacuate Collection Set: 1,1ms
[2024-06-01T18:13:14.204-0300][gc,phases     ] GC(670)   Other: 0,5ms
[2024-06-01T18:13:14.204-0300][gc,heap       ] GC(670) Eden regions: 53->0(52)
[2024-06-01T18:13:14.204-0300][gc,heap       ] GC(670) Survivor regions: 5->5(8)
[2024-06-01T18:13:14.204-0300][gc,heap       ] GC(670) Old regions: 257->259
[2024-06-01T18:13:14.204-0300][gc,heap       ] GC(670) Humongous regions: 129->129
[2024-06-01T18:13:14.204-0300][gc,metaspace  ] GC(670) Metaspace: 45748K(48924K)->45748K(48924K) NonClass: 40009K(41680K)->40009K(41680K) Class: 5738K(7244K)->5738K(7244K)
[2024-06-01T18:13:14.204-0300][gc            ] GC(670) Pause Young (Normal) (G1 Evacuation Pause) 442M->390M(1024M) 23,490ms
[2024-06-01T18:13:14.205-0300][gc,cpu        ] GC(670) User=0,09s Sys=0,00s Real=0,02s
[2024-06-01T18:13:47.376-0300][gc,start      ] GC(671) Pause Young (Normal) (G1 Evacuation Pause)
[2024-06-01T18:13:47.376-0300][gc,task       ] GC(671) Using 4 workers of 4 for evacuation
[2024-06-01T18:13:47.396-0300][gc,phases     ] GC(671)   Pre Evacuate Collection Set: 0,1ms
[2024-06-01T18:13:47.396-0300][gc,phases     ] GC(671)   Evacuate Collection Set: 18,4ms
[2024-06-01T18:13:47.396-0300][gc,phases     ] GC(671)   Post Evacuate Collection Set: 1,0ms
[2024-06-01T18:13:47.396-0300][gc,phases     ] GC(671)   Other: 0,5ms
[2024-06-01T18:13:47.396-0300][gc,heap       ] GC(671) Eden regions: 52->0(52)
[2024-06-01T18:13:47.396-0300][gc,heap       ] GC(671) Survivor regions: 5->5(8)
[2024-06-01T18:13:47.396-0300][gc,heap       ] GC(671) Old regions: 259->260
[2024-06-01T18:13:47.396-0300][gc,heap       ] GC(671) Humongous regions: 129->129
[2024-06-01T18:13:47.396-0300][gc,metaspace  ] GC(671) Metaspace: 45748K(48924K)->45748K(48924K) NonClass: 40009K(41680K)->40009K(41680K) Class: 5738K(7244K)->5738K(7244K)
[2024-06-01T18:13:47.396-0300][gc            ] GC(671) Pause Young (Normal) (G1 Evacuation Pause) 442M->391M(1024M) 20,236ms
[2024-06-01T18:13:47.397-0300][gc,cpu        ] GC(671) User=0,08s Sys=0,00s Real=0,02s
[2024-06-01T18:14:20.440-0300][gc,start      ] GC(672) Pause Young (Normal) (G1 Evacuation Pause)
[2024-06-01T18:14:20.440-0300][gc,task       ] GC(672) Using 4 workers of 4 for evacuation
[2024-06-01T18:14:20.461-0300][gc,mmu        ] GC(672) MMU target violated: 21,0ms (20,0ms/21,0ms)
[2024-06-01T18:14:20.461-0300][gc,phases     ] GC(672)   Pre Evacuate Collection Set: 0,1ms
[2024-06-01T18:14:20.461-0300][gc,phases     ] GC(672)   Evacuate Collection Set: 19,8ms
[2024-06-01T18:14:20.461-0300][gc,phases     ] GC(672)   Post Evacuate Collection Set: 1,0ms
[2024-06-01T18:14:20.461-0300][gc,phases     ] GC(672)   Other: 0,5ms
[2024-06-01T18:14:20.461-0300][gc,heap       ] GC(672) Eden regions: 52->0(52)
[2024-06-01T18:14:20.461-0300][gc,heap       ] GC(672) Survivor regions: 5->5(8)
[2024-06-01T18:14:20.461-0300][gc,heap       ] GC(672) Old regions: 260->261
[2024-06-01T18:14:20.461-0300][gc,heap       ] GC(672) Humongous regions: 129->129
[2024-06-01T18:14:20.461-0300][gc,metaspace  ] GC(672) Metaspace: 45748K(48924K)->45748K(48924K) NonClass: 40009K(41680K)->40009K(41680K) Class: 5738K(7244K)->5738K(7244K)
[2024-06-01T18:14:20.461-0300][gc            ] GC(672) Pause Young (Normal) (G1 Evacuation Pause) 443M->393M(1024M) 21,628ms
[2024-06-01T18:14:20.461-0300][gc,cpu        ] GC(672) User=0,08s Sys=0,00s Real=0,02s
[2024-06-01T18:14:53.407-0300][gc,start      ] GC(673) Pause Young (Normal) (G1 Evacuation Pause)
[2024-06-01T18:14:53.407-0300][gc,task       ] GC(673) Using 4 workers of 4 for evacuation
[2024-06-01T18:14:53.415-0300][gc,phases     ] GC(673)   Pre Evacuate Collection Set: 0,0ms
[2024-06-01T18:14:53.415-0300][gc,phases     ] GC(673)   Evacuate Collection Set: 7,8ms
[2024-06-01T18:14:53.415-0300][gc,phases     ] GC(673)   Post Evacuate Collection Set: 0,4ms
[2024-06-01T18:14:53.415-0300][gc,phases     ] GC(673)   Other: 0,2ms
[2024-06-01T18:14:53.415-0300][gc,heap       ] GC(673) Eden regions: 52->0(55)
[2024-06-01T18:14:53.415-0300][gc,heap       ] GC(673) Survivor regions: 5->5(8)
[2024-06-01T18:14:53.415-0300][gc,heap       ] GC(673) Old regions: 261->262
[2024-06-01T18:14:53.415-0300][gc,heap       ] GC(673) Humongous regions: 129->129
[2024-06-01T18:14:53.415-0300][gc,metaspace  ] GC(673) Metaspace: 45748K(48924K)->45748K(48924K) NonClass: 40009K(41680K)->40009K(41680K) Class: 5738K(7244K)->5738K(7244K)
[2024-06-01T18:14:53.415-0300][gc            ] GC(673) Pause Young (Normal) (G1 Evacuation Pause) 445M->394M(1024M) 8,499ms
[2024-06-01T18:14:53.415-0300][gc,cpu        ] GC(673) User=0,03s Sys=0,00s Real=0,02s
[2024-06-01T18:15:27.961-0300][gc,start      ] GC(674) Pause Young (Normal) (G1 Evacuation Pause)
[2024-06-01T18:15:27.961-0300][gc,task       ] GC(674) Using 4 workers of 4 for evacuation
[2024-06-01T18:15:27.982-0300][gc,mmu        ] GC(674) MMU target violated: 20,8ms (20,0ms/21,0ms)
[2024-06-01T18:15:27.982-0300][gc,phases     ] GC(674)   Pre Evacuate Collection Set: 0,1ms
[2024-06-01T18:15:27.982-0300][gc,phases     ] GC(674)   Evacuate Collection Set: 19,5ms
[2024-06-01T18:15:27.982-0300][gc,phases     ] GC(674)   Post Evacuate Collection Set: 1,1ms
[2024-06-01T18:15:27.982-0300][gc,phases     ] GC(674)   Other: 0,5ms
[2024-06-01T18:15:27.982-0300][gc,heap       ] GC(674) Eden regions: 54->0(55)
[2024-06-01T18:15:27.982-0300][gc,heap       ] GC(674) Survivor regions: 5->5(8)
[2024-06-01T18:15:27.982-0300][gc,heap       ] GC(674) Old regions: 262->264
[2024-06-01T18:15:27.982-0300][gc,heap       ] GC(674) Humongous regions: 129->129
[2024-06-01T18:15:27.982-0300][gc,metaspace  ] GC(674) Metaspace: 45748K(48924K)->45748K(48924K) NonClass: 40009K(41680K)->40009K(41680K) Class: 5738K(7244K)->5738K(7244K)
[2024-06-01T18:15:27.982-0300][gc            ] GC(674) Pause Young (Normal) (G1 Evacuation Pause) 448M->395M(1024M) 21,408ms
[2024-06-01T18:15:27.982-0300][gc,cpu        ] GC(674) User=0,07s Sys=0,00s Real=0,02s
[2024-06-01T18:15:54.664-0300][gc,start      ] GC(675) Pause Young (Normal) (G1 Evacuation Pause)
[2024-06-01T18:15:54.664-0300][gc,task       ] GC(675) Using 4 workers of 4 for evacuation
[2024-06-01T18:15:54.691-0300][gc,mmu        ] GC(675) MMU target violated: 21,0ms (20,0ms/21,0ms)
[2024-06-01T18:15:54.691-0300][gc,phases     ] GC(675)   Pre Evacuate Collection Set: 0,1ms
[2024-06-01T18:15:54.691-0300][gc,phases     ] GC(675)   Evacuate Collection Set: 24,7ms
[2024-06-01T18:15:54.691-0300][gc,phases     ] GC(675)   Post Evacuate Collection Set: 1,2ms
[2024-06-01T18:15:54.691-0300][gc,phases     ] GC(675)   Other: 0,5ms
[2024-06-01T18:15:54.691-0300][gc,heap       ] GC(675) Eden regions: 46->0(44)
[2024-06-01T18:15:54.691-0300][gc,heap       ] GC(675) Survivor regions: 5->7(7)
[2024-06-01T18:15:54.691-0300][gc,heap       ] GC(675) Old regions: 264->265
[2024-06-01T18:15:54.691-0300][gc,heap       ] GC(675) Humongous regions: 129->129
[2024-06-01T18:15:54.691-0300][gc,metaspace  ] GC(675) Metaspace: 45748K(48924K)->45748K(48924K) NonClass: 40009K(41680K)->40009K(41680K) Class: 5738K(7244K)->5738K(7244K)
[2024-06-01T18:15:54.691-0300][gc            ] GC(675) Pause Young (Normal) (G1 Evacuation Pause) 441M->398M(1024M) 26,636ms
[2024-06-01T18:15:54.691-0300][gc,cpu        ] GC(675) User=0,09s Sys=0,00s Real=0,03s
[2024-06-01T18:16:22.762-0300][gc,start      ] GC(676) Pause Young (Normal) (G1 Evacuation Pause)
[2024-06-01T18:16:22.762-0300][gc,task       ] GC(676) Using 4 workers of 4 for evacuation
[2024-06-01T18:16:22.787-0300][gc,mmu        ] GC(676) MMU target violated: 21,0ms (20,0ms/21,0ms)
[2024-06-01T18:16:22.787-0300][gc,phases     ] GC(676)   Pre Evacuate Collection Set: 0,1ms
[2024-06-01T18:16:22.787-0300][gc,phases     ] GC(676)   Evacuate Collection Set: 23,6ms
[2024-06-01T18:16:22.787-0300][gc,phases     ] GC(676)   Post Evacuate Collection Set: 1,0ms
[2024-06-01T18:16:22.787-0300][gc,phases     ] GC(676)   Other: 0,5ms
[2024-06-01T18:16:22.787-0300][gc,heap       ] GC(676) Eden regions: 44->0(46)
[2024-06-01T18:16:22.787-0300][gc,heap       ] GC(676) Survivor regions: 7->5(7)
[2024-06-01T18:16:22.787-0300][gc,heap       ] GC(676) Old regions: 265->267
[2024-06-01T18:16:22.787-0300][gc,heap       ] GC(676) Humongous regions: 129->129
[2024-06-01T18:16:22.787-0300][gc,metaspace  ] GC(676) Metaspace: 45748K(48924K)->45748K(48924K) NonClass: 40009K(41680K)->40009K(41680K) Class: 5738K(7244K)->5738K(7244K)
[2024-06-01T18:16:22.787-0300][gc            ] GC(676) Pause Young (Normal) (G1 Evacuation Pause) 442M->398M(1024M) 25,405ms
[2024-06-01T18:16:22.787-0300][gc,cpu        ] GC(676) User=0,09s Sys=0,01s Real=0,03s
[2024-06-01T18:16:52.308-0300][gc,start      ] GC(677) Pause Young (Normal) (G1 Evacuation Pause)
[2024-06-01T18:16:52.308-0300][gc,task       ] GC(677) Using 4 workers of 4 for evacuation
[2024-06-01T18:16:52.328-0300][gc,mmu        ] GC(677) MMU target violated: 20,1ms (20,0ms/21,0ms)
[2024-06-01T18:16:52.328-0300][gc,phases     ] GC(677)   Pre Evacuate Collection Set: 0,1ms
[2024-06-01T18:16:52.328-0300][gc,phases     ] GC(677)   Evacuate Collection Set: 19,0ms
[2024-06-01T18:16:52.328-0300][gc,phases     ] GC(677)   Post Evacuate Collection Set: 0,9ms
[2024-06-01T18:16:52.328-0300][gc,phases     ] GC(677)   Other: 0,5ms
[2024-06-01T18:16:52.328-0300][gc,heap       ] GC(677) Eden regions: 46->0(55)
[2024-06-01T18:16:52.328-0300][gc,heap       ] GC(677) Survivor regions: 5->2(7)
[2024-06-01T18:16:52.328-0300][gc,heap       ] GC(677) Old regions: 267->270
[2024-06-01T18:16:52.328-0300][gc,heap       ] GC(677) Humongous regions: 129->129
[2024-06-01T18:16:52.328-0300][gc,metaspace  ] GC(677) Metaspace: 45748K(48924K)->45748K(48924K) NonClass: 40009K(41680K)->40009K(41680K) Class: 5738K(7244K)->5738K(7244K)
[2024-06-01T18:16:52.328-0300][gc            ] GC(677) Pause Young (Normal) (G1 Evacuation Pause) 444M->399M(1024M) 20,669ms
[2024-06-01T18:16:52.328-0300][gc,cpu        ] GC(677) User=0,07s Sys=0,00s Real=0,02s
[2024-06-01T18:17:27.003-0300][gc,start      ] GC(678) Pause Young (Normal) (G1 Evacuation Pause)
[2024-06-01T18:17:27.003-0300][gc,task       ] GC(678) Using 4 workers of 4 for evacuation
[2024-06-01T18:17:27.015-0300][gc,phases     ] GC(678)   Pre Evacuate Collection Set: 0,1ms
[2024-06-01T18:17:27.015-0300][gc,phases     ] GC(678)   Evacuate Collection Set: 10,3ms
[2024-06-01T18:17:27.015-0300][gc,phases     ] GC(678)   Post Evacuate Collection Set: 1,0ms
[2024-06-01T18:17:27.015-0300][gc,phases     ] GC(678)   Other: 0,5ms
[2024-06-01T18:17:27.015-0300][gc,heap       ] GC(678) Eden regions: 55->0(55)
[2024-06-01T18:17:27.015-0300][gc,heap       ] GC(678) Survivor regions: 2->3(8)
[2024-06-01T18:17:27.015-0300][gc,heap       ] GC(678) Old regions: 270->270
[2024-06-01T18:17:27.015-0300][gc,heap       ] GC(678) Humongous regions: 129->129
[2024-06-01T18:17:27.015-0300][gc,metaspace  ] GC(678) Metaspace: 45748K(48924K)->45748K(48924K) NonClass: 40009K(41680K)->40009K(41680K) Class: 5738K(7244K)->5738K(7244K)
[2024-06-01T18:17:27.015-0300][gc            ] GC(678) Pause Young (Normal) (G1 Evacuation Pause) 454M->400M(1024M) 12,107ms
[2024-06-01T18:17:27.015-0300][gc,cpu        ] GC(678) User=0,04s Sys=0,00s Real=0,02s
[2024-06-01T18:18:02.128-0300][gc,start      ] GC(679) Pause Young (Normal) (G1 Evacuation Pause)
[2024-06-01T18:18:02.128-0300][gc,task       ] GC(679) Using 4 workers of 4 for evacuation
[2024-06-01T18:18:02.142-0300][gc,phases     ] GC(679)   Pre Evacuate Collection Set: 0,1ms
[2024-06-01T18:18:02.142-0300][gc,phases     ] GC(679)   Evacuate Collection Set: 12,2ms
[2024-06-01T18:18:02.142-0300][gc,phases     ] GC(679)   Post Evacuate Collection Set: 1,0ms
[2024-06-01T18:18:02.142-0300][gc,phases     ] GC(679)   Other: 0,4ms
[2024-06-01T18:18:02.142-0300][gc,heap       ] GC(679) Eden regions: 55->0(55)
[2024-06-01T18:18:02.142-0300][gc,heap       ] GC(679) Survivor regions: 3->4(8)
[2024-06-01T18:18:02.142-0300][gc,heap       ] GC(679) Old regions: 270->270
[2024-06-01T18:18:02.142-0300][gc,heap       ] GC(679) Humongous regions: 129->129
[2024-06-01T18:18:02.142-0300][gc,metaspace  ] GC(679) Metaspace: 45748K(48924K)->45748K(48924K) NonClass: 40009K(41680K)->40009K(41680K) Class: 5738K(7244K)->5738K(7244K)
[2024-06-01T18:18:02.142-0300][gc            ] GC(679) Pause Young (Normal) (G1 Evacuation Pause) 455M->401M(1024M) 13,921ms
[2024-06-01T18:18:02.142-0300][gc,cpu        ] GC(679) User=0,04s Sys=0,00s Real=0,01s
[2024-06-01T18:18:37.033-0300][gc,start      ] GC(680) Pause Young (Normal) (G1 Evacuation Pause)
[2024-06-01T18:18:37.033-0300][gc,task       ] GC(680) Using 4 workers of 4 for evacuation
[2024-06-01T18:18:37.049-0300][gc,phases     ] GC(680)   Pre Evacuate Collection Set: 0,1ms
[2024-06-01T18:18:37.049-0300][gc,phases     ] GC(680)   Evacuate Collection Set: 14,2ms
[2024-06-01T18:18:37.049-0300][gc,phases     ] GC(680)   Post Evacuate Collection Set: 1,0ms
[2024-06-01T18:18:37.049-0300][gc,phases     ] GC(680)   Other: 0,4ms
[2024-06-01T18:18:37.049-0300][gc,heap       ] GC(680) Eden regions: 55->0(55)
[2024-06-01T18:18:37.049-0300][gc,heap       ] GC(680) Survivor regions: 4->5(8)
[2024-06-01T18:18:37.049-0300][gc,heap       ] GC(680) Old regions: 270->270
[2024-06-01T18:18:37.049-0300][gc,heap       ] GC(680) Humongous regions: 129->129
[2024-06-01T18:18:37.049-0300][gc,metaspace  ] GC(680) Metaspace: 45748K(48924K)->45748K(48924K) NonClass: 40009K(41680K)->40009K(41680K) Class: 5738K(7244K)->5738K(7244K)
[2024-06-01T18:18:37.049-0300][gc            ] GC(680) Pause Young (Normal) (G1 Evacuation Pause) 456M->402M(1024M) 15,902ms
[2024-06-01T18:18:37.049-0300][gc,cpu        ] GC(680) User=0,06s Sys=0,00s Real=0,02s
[2024-06-01T18:19:11.779-0300][gc,start      ] GC(681) Pause Young (Normal) (G1 Evacuation Pause)
[2024-06-01T18:19:11.780-0300][gc,task       ] GC(681) Using 4 workers of 4 for evacuation
[2024-06-01T18:19:11.798-0300][gc,phases     ] GC(681)   Pre Evacuate Collection Set: 0,1ms
[2024-06-01T18:19:11.798-0300][gc,phases     ] GC(681)   Evacuate Collection Set: 17,2ms
[2024-06-01T18:19:11.798-0300][gc,phases     ] GC(681)   Post Evacuate Collection Set: 1,0ms
[2024-06-01T18:19:11.798-0300][gc,phases     ] GC(681)   Other: 0,4ms
[2024-06-01T18:19:11.798-0300][gc,heap       ] GC(681) Eden regions: 55->0(55)
[2024-06-01T18:19:11.798-0300][gc,heap       ] GC(681) Survivor regions: 5->5(8)
[2024-06-01T18:19:11.798-0300][gc,heap       ] GC(681) Old regions: 270->272
[2024-06-01T18:19:11.798-0300][gc,heap       ] GC(681) Humongous regions: 129->129
[2024-06-01T18:19:11.798-0300][gc,metaspace  ] GC(681) Metaspace: 45748K(48924K)->45748K(48924K) NonClass: 40009K(41680K)->40009K(41680K) Class: 5738K(7244K)->5738K(7244K)
[2024-06-01T18:19:11.798-0300][gc            ] GC(681) Pause Young (Normal) (G1 Evacuation Pause) 457M->403M(1024M) 18,898ms
[2024-06-01T18:19:11.798-0300][gc,cpu        ] GC(681) User=0,07s Sys=0,00s Real=0,02s
[2024-06-01T18:19:47.123-0300][gc,start      ] GC(682) Pause Young (Normal) (G1 Evacuation Pause)
[2024-06-01T18:19:47.123-0300][gc,task       ] GC(682) Using 4 workers of 4 for evacuation
[2024-06-01T18:19:47.141-0300][gc,phases     ] GC(682)   Pre Evacuate Collection Set: 0,1ms
[2024-06-01T18:19:47.141-0300][gc,phases     ] GC(682)   Evacuate Collection Set: 16,8ms
[2024-06-01T18:19:47.141-0300][gc,phases     ] GC(682)   Post Evacuate Collection Set: 1,0ms
[2024-06-01T18:19:47.141-0300][gc,phases     ] GC(682)   Other: 0,4ms
[2024-06-01T18:19:47.141-0300][gc,heap       ] GC(682) Eden regions: 55->0(55)
[2024-06-01T18:19:47.141-0300][gc,heap       ] GC(682) Survivor regions: 5->5(8)
[2024-06-01T18:19:47.141-0300][gc,heap       ] GC(682) Old regions: 272->273
[2024-06-01T18:19:47.141-0300][gc,heap       ] GC(682) Humongous regions: 129->129
[2024-06-01T18:19:47.141-0300][gc,metaspace  ] GC(682) Metaspace: 45748K(48924K)->45748K(48924K) NonClass: 40009K(41680K)->40009K(41680K) Class: 5738K(7244K)->5738K(7244K)
[2024-06-01T18:19:47.141-0300][gc            ] GC(682) Pause Young (Normal) (G1 Evacuation Pause) 458M->405M(1024M) 18,558ms
[2024-06-01T18:19:47.141-0300][gc,cpu        ] GC(682) User=0,06s Sys=0,00s Real=0,02s
[2024-06-01T18:20:22.366-0300][gc,start      ] GC(683) Pause Young (Normal) (G1 Evacuation Pause)
[2024-06-01T18:20:22.366-0300][gc,task       ] GC(683) Using 4 workers of 4 for evacuation
[2024-06-01T18:20:22.383-0300][gc,phases     ] GC(683)   Pre Evacuate Collection Set: 0,1ms
[2024-06-01T18:20:22.383-0300][gc,phases     ] GC(683)   Evacuate Collection Set: 15,8ms
[2024-06-01T18:20:22.383-0300][gc,phases     ] GC(683)   Post Evacuate Collection Set: 1,0ms
[2024-06-01T18:20:22.383-0300][gc,phases     ] GC(683)   Other: 0,4ms
[2024-06-01T18:20:22.383-0300][gc,heap       ] GC(683) Eden regions: 55->0(56)
[2024-06-01T18:20:22.383-0300][gc,heap       ] GC(683) Survivor regions: 5->4(8)
[2024-06-01T18:20:22.383-0300][gc,heap       ] GC(683) Old regions: 273->274
[2024-06-01T18:20:22.383-0300][gc,heap       ] GC(683) Humongous regions: 129->129
[2024-06-01T18:20:22.383-0300][gc,metaspace  ] GC(683) Metaspace: 45748K(48924K)->45748K(48924K) NonClass: 40009K(41680K)->40009K(41680K) Class: 5738K(7244K)->5738K(7244K)
[2024-06-01T18:20:22.384-0300][gc            ] GC(683) Pause Young (Normal) (G1 Evacuation Pause) 460M->405M(1024M) 17,620ms
[2024-06-01T18:20:22.384-0300][gc,cpu        ] GC(683) User=0,06s Sys=0,00s Real=0,02s
[2024-06-01T18:20:58.096-0300][gc,start      ] GC(684) Pause Young (Normal) (G1 Evacuation Pause)
[2024-06-01T18:20:58.096-0300][gc,task       ] GC(684) Using 4 workers of 4 for evacuation
[2024-06-01T18:20:58.114-0300][gc,phases     ] GC(684)   Pre Evacuate Collection Set: 0,1ms
[2024-06-01T18:20:58.114-0300][gc,phases     ] GC(684)   Evacuate Collection Set: 16,7ms
[2024-06-01T18:20:58.114-0300][gc,phases     ] GC(684)   Post Evacuate Collection Set: 1,0ms
[2024-06-01T18:20:58.114-0300][gc,phases     ] GC(684)   Other: 0,4ms
[2024-06-01T18:20:58.114-0300][gc,heap       ] GC(684) Eden regions: 56->0(57)
[2024-06-01T18:20:58.114-0300][gc,heap       ] GC(684) Survivor regions: 4->6(8)
[2024-06-01T18:20:58.114-0300][gc,heap       ] GC(684) Old regions: 274->274
[2024-06-01T18:20:58.114-0300][gc,heap       ] GC(684) Humongous regions: 129->129
[2024-06-01T18:20:58.114-0300][gc,metaspace  ] GC(684) Metaspace: 45748K(48924K)->45748K(48924K) NonClass: 40009K(41680K)->40009K(41680K) Class: 5738K(7244K)->5738K(7244K)
[2024-06-01T18:20:58.114-0300][gc            ] GC(684) Pause Young (Normal) (G1 Evacuation Pause) 461M->406M(1024M) 18,484ms
[2024-06-01T18:20:58.115-0300][gc,cpu        ] GC(684) User=0,06s Sys=0,00s Real=0,01s
[2024-06-01T18:21:32.834-0300][gc,start      ] GC(685) Pause Young (Normal) (G1 Evacuation Pause)
[2024-06-01T18:21:32.834-0300][gc,task       ] GC(685) Using 4 workers of 4 for evacuation
[2024-06-01T18:21:32.841-0300][gc,phases     ] GC(685)   Pre Evacuate Collection Set: 0,0ms
[2024-06-01T18:21:32.841-0300][gc,phases     ] GC(685)   Evacuate Collection Set: 6,6ms
[2024-06-01T18:21:32.841-0300][gc,phases     ] GC(685)   Post Evacuate Collection Set: 0,4ms
[2024-06-01T18:21:32.841-0300][gc,phases     ] GC(685)   Other: 0,2ms
[2024-06-01T18:21:32.841-0300][gc,heap       ] GC(685) Eden regions: 55->0(58)
[2024-06-01T18:21:32.841-0300][gc,heap       ] GC(685) Survivor regions: 6->5(8)
[2024-06-01T18:21:32.841-0300][gc,heap       ] GC(685) Old regions: 274->276
[2024-06-01T18:21:32.841-0300][gc,heap       ] GC(685) Humongous regions: 129->129
[2024-06-01T18:21:32.841-0300][gc,metaspace  ] GC(685) Metaspace: 45748K(48924K)->45748K(48924K) NonClass: 40009K(41680K)->40009K(41680K) Class: 5738K(7244K)->5738K(7244K)
[2024-06-01T18:21:32.841-0300][gc            ] GC(685) Pause Young (Normal) (G1 Evacuation Pause) 461M->407M(1024M) 7,370ms
[2024-06-01T18:21:32.841-0300][gc,cpu        ] GC(685) User=0,03s Sys=0,00s Real=0,01s
[2024-06-01T18:22:09.483-0300][gc,start      ] GC(686) Pause Young (Normal) (G1 Evacuation Pause)
[2024-06-01T18:22:09.483-0300][gc,task       ] GC(686) Using 4 workers of 4 for evacuation
[2024-06-01T18:22:09.490-0300][gc,phases     ] GC(686)   Pre Evacuate Collection Set: 0,0ms
[2024-06-01T18:22:09.490-0300][gc,phases     ] GC(686)   Evacuate Collection Set: 6,3ms
[2024-06-01T18:22:09.490-0300][gc,phases     ] GC(686)   Post Evacuate Collection Set: 0,5ms
[2024-06-01T18:22:09.490-0300][gc,phases     ] GC(686)   Other: 0,2ms
[2024-06-01T18:22:09.490-0300][gc,heap       ] GC(686) Eden regions: 58->0(62)
[2024-06-01T18:22:09.490-0300][gc,heap       ] GC(686) Survivor regions: 5->5(8)
[2024-06-01T18:22:09.490-0300][gc,heap       ] GC(686) Old regions: 276->277
[2024-06-01T18:22:09.490-0300][gc,heap       ] GC(686) Humongous regions: 129->129
[2024-06-01T18:22:09.490-0300][gc,metaspace  ] GC(686) Metaspace: 45748K(48924K)->45748K(48924K) NonClass: 40009K(41680K)->40009K(41680K) Class: 5738K(7244K)->5738K(7244K)
[2024-06-01T18:22:09.490-0300][gc            ] GC(686) Pause Young (Normal) (G1 Evacuation Pause) 465M->409M(1024M) 7,108ms
[2024-06-01T18:22:09.490-0300][gc,cpu        ] GC(686) User=0,02s Sys=0,00s Real=0,01s
[2024-06-01T18:22:49.497-0300][gc,start      ] GC(687) Pause Young (Normal) (G1 Evacuation Pause)
[2024-06-01T18:22:49.497-0300][gc,task       ] GC(687) Using 4 workers of 4 for evacuation
[2024-06-01T18:22:49.517-0300][gc,phases     ] GC(687)   Pre Evacuate Collection Set: 0,1ms
[2024-06-01T18:22:49.517-0300][gc,phases     ] GC(687)   Evacuate Collection Set: 18,6ms
[2024-06-01T18:22:49.517-0300][gc,phases     ] GC(687)   Post Evacuate Collection Set: 1,1ms
[2024-06-01T18:22:49.517-0300][gc,phases     ] GC(687)   Other: 0,4ms
[2024-06-01T18:22:49.517-0300][gc,heap       ] GC(687) Eden regions: 62->0(60)
[2024-06-01T18:22:49.517-0300][gc,heap       ] GC(687) Survivor regions: 5->6(9)
[2024-06-01T18:22:49.517-0300][gc,heap       ] GC(687) Old regions: 277->277
[2024-06-01T18:22:49.517-0300][gc,heap       ] GC(687) Humongous regions: 129->129
[2024-06-01T18:22:49.517-0300][gc,metaspace  ] GC(687) Metaspace: 45748K(48924K)->45748K(48924K) NonClass: 40009K(41680K)->40009K(41680K) Class: 5738K(7244K)->5738K(7244K)
[2024-06-01T18:22:49.517-0300][gc            ] GC(687) Pause Young (Normal) (G1 Evacuation Pause) 471M->410M(1024M) 20,389ms
[2024-06-01T18:22:49.517-0300][gc,cpu        ] GC(687) User=0,07s Sys=0,00s Real=0,02s
[2024-06-01T18:23:25.710-0300][gc,start      ] GC(688) Pause Young (Normal) (G1 Evacuation Pause)
[2024-06-01T18:23:25.710-0300][gc,task       ] GC(688) Using 4 workers of 4 for evacuation
[2024-06-01T18:23:25.733-0300][gc,mmu        ] GC(688) MMU target violated: 21,0ms (20,0ms/21,0ms)
[2024-06-01T18:23:25.733-0300][gc,phases     ] GC(688)   Pre Evacuate Collection Set: 0,1ms
[2024-06-01T18:23:25.733-0300][gc,phases     ] GC(688)   Evacuate Collection Set: 21,7ms
[2024-06-01T18:23:25.733-0300][gc,phases     ] GC(688)   Post Evacuate Collection Set: 1,0ms
[2024-06-01T18:23:25.733-0300][gc,phases     ] GC(688)   Other: 0,5ms
[2024-06-01T18:23:25.733-0300][gc,heap       ] GC(688) Eden regions: 56->0(58)
[2024-06-01T18:23:25.733-0300][gc,heap       ] GC(688) Survivor regions: 6->6(8)
[2024-06-01T18:23:25.733-0300][gc,heap       ] GC(688) Old regions: 277->279
[2024-06-01T18:23:25.733-0300][gc,heap       ] GC(688) Humongous regions: 129->129
[2024-06-01T18:23:25.733-0300][gc,metaspace  ] GC(688) Metaspace: 45748K(48924K)->45748K(48924K) NonClass: 40009K(41680K)->40009K(41680K) Class: 5738K(7244K)->5738K(7244K)
[2024-06-01T18:23:25.733-0300][gc            ] GC(688) Pause Young (Normal) (G1 Evacuation Pause) 466M->411M(1024M) 23,511ms
[2024-06-01T18:23:25.733-0300][gc,cpu        ] GC(688) User=0,09s Sys=0,00s Real=0,02s
[2024-06-01T18:24:00.997-0300][gc,start      ] GC(689) Pause Young (Normal) (G1 Evacuation Pause)
[2024-06-01T18:24:00.997-0300][gc,task       ] GC(689) Using 4 workers of 4 for evacuation
[2024-06-01T18:24:01.018-0300][gc,mmu        ] GC(689) MMU target violated: 21,0ms (20,0ms/21,0ms)
[2024-06-01T18:24:01.018-0300][gc,phases     ] GC(689)   Pre Evacuate Collection Set: 0,1ms
[2024-06-01T18:24:01.018-0300][gc,phases     ] GC(689)   Evacuate Collection Set: 19,7ms
[2024-06-01T18:24:01.018-0300][gc,phases     ] GC(689)   Post Evacuate Collection Set: 1,0ms
[2024-06-01T18:24:01.018-0300][gc,phases     ] GC(689)   Other: 0,5ms
[2024-06-01T18:24:01.018-0300][gc,heap       ] GC(689) Eden regions: 55->0(58)
[2024-06-01T18:24:01.018-0300][gc,heap       ] GC(689) Survivor regions: 6->6(8)
[2024-06-01T18:24:01.018-0300][gc,heap       ] GC(689) Old regions: 279->280
[2024-06-01T18:24:01.018-0300][gc,heap       ] GC(689) Humongous regions: 129->129
[2024-06-01T18:24:01.018-0300][gc,metaspace  ] GC(689) Metaspace: 45748K(48924K)->45748K(48924K) NonClass: 40009K(41680K)->40009K(41680K) Class: 5738K(7244K)->5738K(7244K)
[2024-06-01T18:24:01.018-0300][gc            ] GC(689) Pause Young (Normal) (G1 Evacuation Pause) 466M->412M(1024M) 21,536ms
[2024-06-01T18:24:01.018-0300][gc,cpu        ] GC(689) User=0,08s Sys=0,00s Real=0,02s
[2024-06-01T18:24:32.558-0300][gc,start      ] GC(690) Pause Young (Normal) (G1 Evacuation Pause)
[2024-06-01T18:24:32.558-0300][gc,task       ] GC(690) Using 4 workers of 4 for evacuation
[2024-06-01T18:24:32.578-0300][gc,phases     ] GC(690)   Pre Evacuate Collection Set: 0,1ms
[2024-06-01T18:24:32.578-0300][gc,phases     ] GC(690)   Evacuate Collection Set: 18,2ms
[2024-06-01T18:24:32.578-0300][gc,phases     ] GC(690)   Post Evacuate Collection Set: 1,0ms
[2024-06-01T18:24:32.578-0300][gc,phases     ] GC(690)   Other: 0,4ms
[2024-06-01T18:24:32.578-0300][gc,heap       ] GC(690) Eden regions: 50->0(60)
[2024-06-01T18:24:32.578-0300][gc,heap       ] GC(690) Survivor regions: 6->4(7)
[2024-06-01T18:24:32.578-0300][gc,heap       ] GC(690) Old regions: 280->283
[2024-06-01T18:24:32.578-0300][gc,heap       ] GC(690) Humongous regions: 129->129
[2024-06-01T18:24:32.578-0300][gc,metaspace  ] GC(690) Metaspace: 45748K(48924K)->45748K(48924K) NonClass: 40009K(41680K)->40009K(41680K) Class: 5738K(7244K)->5738K(7244K)
[2024-06-01T18:24:32.578-0300][gc            ] GC(690) Pause Young (Normal) (G1 Evacuation Pause) 462M->413M(1024M) 19,924ms
[2024-06-01T18:24:32.578-0300][gc,cpu        ] GC(690) User=0,08s Sys=0,00s Real=0,02s
[2024-06-01T18:25:07.453-0300][gc,start      ] GC(691) Pause Young (Normal) (G1 Evacuation Pause)
[2024-06-01T18:25:07.453-0300][gc,task       ] GC(691) Using 4 workers of 4 for evacuation
[2024-06-01T18:25:07.470-0300][gc,phases     ] GC(691)   Pre Evacuate Collection Set: 0,1ms
[2024-06-01T18:25:07.470-0300][gc,phases     ] GC(691)   Evacuate Collection Set: 15,3ms
[2024-06-01T18:25:07.470-0300][gc,phases     ] GC(691)   Post Evacuate Collection Set: 1,0ms
[2024-06-01T18:25:07.470-0300][gc,phases     ] GC(691)   Other: 0,4ms
[2024-06-01T18:25:07.470-0300][gc,heap       ] GC(691) Eden regions: 55->0(59)
[2024-06-01T18:25:07.470-0300][gc,heap       ] GC(691) Survivor regions: 4->5(8)
[2024-06-01T18:25:07.470-0300][gc,heap       ] GC(691) Old regions: 283->283
[2024-06-01T18:25:07.470-0300][gc,heap       ] GC(691) Humongous regions: 129->129
[2024-06-01T18:25:07.470-0300][gc,metaspace  ] GC(691) Metaspace: 45748K(48924K)->45748K(48924K) NonClass: 40009K(41680K)->40009K(41680K) Class: 5738K(7244K)->5738K(7244K)
[2024-06-01T18:25:07.470-0300][gc            ] GC(691) Pause Young (Normal) (G1 Evacuation Pause) 468M->414M(1024M) 17,087ms
[2024-06-01T18:25:07.470-0300][gc,cpu        ] GC(691) User=0,06s Sys=0,00s Real=0,02s
[2024-06-01T18:25:36.652-0300][gc,start      ] GC(692) Pause Young (Normal) (G1 Evacuation Pause)
[2024-06-01T18:25:36.653-0300][gc,task       ] GC(692) Using 4 workers of 4 for evacuation
[2024-06-01T18:25:36.671-0300][gc,phases     ] GC(692)   Pre Evacuate Collection Set: 0,1ms
[2024-06-01T18:25:36.671-0300][gc,phases     ] GC(692)   Evacuate Collection Set: 17,5ms
[2024-06-01T18:25:36.671-0300][gc,phases     ] GC(692)   Post Evacuate Collection Set: 0,9ms
[2024-06-01T18:25:36.672-0300][gc,phases     ] GC(692)   Other: 0,5ms
[2024-06-01T18:25:36.672-0300][gc,heap       ] GC(692) Eden regions: 46->0(57)
[2024-06-01T18:25:36.672-0300][gc,heap       ] GC(692) Survivor regions: 5->5(7)
[2024-06-01T18:25:36.672-0300][gc,heap       ] GC(692) Old regions: 283->284
[2024-06-01T18:25:36.672-0300][gc,heap       ] GC(692) Humongous regions: 129->129
[2024-06-01T18:25:36.672-0300][gc,metaspace  ] GC(692) Metaspace: 45748K(48924K)->45748K(48924K) NonClass: 40009K(41680K)->40009K(41680K) Class: 5738K(7244K)->5738K(7244K)
[2024-06-01T18:25:36.672-0300][gc            ] GC(692) Pause Young (Normal) (G1 Evacuation Pause) 460M->415M(1024M) 19,250ms
[2024-06-01T18:25:36.672-0300][gc,cpu        ] GC(692) User=0,07s Sys=0,00s Real=0,02s
[2024-06-01T18:26:05.941-0300][gc,start      ] GC(693) Pause Young (Normal) (G1 Evacuation Pause)
[2024-06-01T18:26:05.941-0300][gc,task       ] GC(693) Using 4 workers of 4 for evacuation
[2024-06-01T18:26:05.960-0300][gc,phases     ] GC(693)   Pre Evacuate Collection Set: 0,1ms
[2024-06-01T18:26:05.960-0300][gc,phases     ] GC(693)   Evacuate Collection Set: 17,6ms
[2024-06-01T18:26:05.960-0300][gc,phases     ] GC(693)   Post Evacuate Collection Set: 0,9ms
[2024-06-01T18:26:05.960-0300][gc,phases     ] GC(693)   Other: 0,5ms
[2024-06-01T18:26:05.960-0300][gc,heap       ] GC(693) Eden regions: 46->0(58)
[2024-06-01T18:26:05.960-0300][gc,heap       ] GC(693) Survivor regions: 5->5(7)
[2024-06-01T18:26:05.960-0300][gc,heap       ] GC(693) Old regions: 284->285
[2024-06-01T18:26:05.960-0300][gc,heap       ] GC(693) Humongous regions: 129->129
[2024-06-01T18:26:05.960-0300][gc,metaspace  ] GC(693) Metaspace: 45749K(48924K)->45749K(48924K) NonClass: 40010K(41680K)->40010K(41680K) Class: 5738K(7244K)->5738K(7244K)
[2024-06-01T18:26:05.960-0300][gc            ] GC(693) Pause Young (Normal) (G1 Evacuation Pause) 461M->416M(1024M) 19,288ms
[2024-06-01T18:26:05.960-0300][gc,cpu        ] GC(693) User=0,07s Sys=0,01s Real=0,02s
[2024-06-01T18:26:42.787-0300][gc,start      ] GC(694) Pause Young (Normal) (G1 Evacuation Pause)
[2024-06-01T18:26:42.787-0300][gc,task       ] GC(694) Using 4 workers of 4 for evacuation
[2024-06-01T18:26:42.793-0300][gc,phases     ] GC(694)   Pre Evacuate Collection Set: 0,0ms
[2024-06-01T18:26:42.793-0300][gc,phases     ] GC(694)   Evacuate Collection Set: 5,5ms
[2024-06-01T18:26:42.793-0300][gc,phases     ] GC(694)   Post Evacuate Collection Set: 0,4ms
[2024-06-01T18:26:42.793-0300][gc,phases     ] GC(694)   Other: 0,2ms
[2024-06-01T18:26:42.793-0300][gc,heap       ] GC(694) Eden regions: 58->0(67)
[2024-06-01T18:26:42.793-0300][gc,heap       ] GC(694) Survivor regions: 5->6(8)
[2024-06-01T18:26:42.793-0300][gc,heap       ] GC(694) Old regions: 285->285
[2024-06-01T18:26:42.793-0300][gc,heap       ] GC(694) Humongous regions: 129->129
[2024-06-01T18:26:42.793-0300][gc,metaspace  ] GC(694) Metaspace: 45749K(48924K)->45749K(48924K) NonClass: 40010K(41680K)->40010K(41680K) Class: 5738K(7244K)->5738K(7244K)
[2024-06-01T18:26:42.793-0300][gc            ] GC(694) Pause Young (Normal) (G1 Evacuation Pause) 474M->417M(1024M) 6,130ms
[2024-06-01T18:26:42.793-0300][gc,cpu        ] GC(694) User=0,02s Sys=0,01s Real=0,01s
[2024-06-01T18:27:20.173-0300][gc,start      ] GC(695) Pause Young (Normal) (G1 Evacuation Pause)
[2024-06-01T18:27:20.173-0300][gc,task       ] GC(695) Using 4 workers of 4 for evacuation
[2024-06-01T18:27:20.195-0300][gc,mmu        ] GC(695) MMU target violated: 21,0ms (20,0ms/21,0ms)
[2024-06-01T18:27:20.195-0300][gc,phases     ] GC(695)   Pre Evacuate Collection Set: 0,1ms
[2024-06-01T18:27:20.195-0300][gc,phases     ] GC(695)   Evacuate Collection Set: 20,4ms
[2024-06-01T18:27:20.195-0300][gc,phases     ] GC(695)   Post Evacuate Collection Set: 1,0ms
[2024-06-01T18:27:20.195-0300][gc,phases     ] GC(695)   Other: 0,6ms
[2024-06-01T18:27:20.195-0300][gc,heap       ] GC(695) Eden regions: 59->0(61)
[2024-06-01T18:27:20.196-0300][gc,heap       ] GC(695) Survivor regions: 6->6(9)
[2024-06-01T18:27:20.196-0300][gc,heap       ] GC(695) Old regions: 285->286
[2024-06-01T18:27:20.196-0300][gc,heap       ] GC(695) Humongous regions: 129->129
[2024-06-01T18:27:20.196-0300][gc,metaspace  ] GC(695) Metaspace: 45749K(48924K)->45749K(48924K) NonClass: 40010K(41680K)->40010K(41680K) Class: 5738K(7244K)->5738K(7244K)
[2024-06-01T18:27:20.196-0300][gc            ] GC(695) Pause Young (Normal) (G1 Evacuation Pause) 476M->418M(1024M) 22,278ms
[2024-06-01T18:27:20.196-0300][gc,cpu        ] GC(695) User=0,09s Sys=0,00s Real=0,03s
[2024-06-01T18:27:59.224-0300][gc,start      ] GC(696) Pause Young (Normal) (G1 Evacuation Pause)
[2024-06-01T18:27:59.224-0300][gc,task       ] GC(696) Using 4 workers of 4 for evacuation
[2024-06-01T18:27:59.247-0300][gc,mmu        ] GC(696) MMU target violated: 21,0ms (20,0ms/21,0ms)
[2024-06-01T18:27:59.247-0300][gc,phases     ] GC(696)   Pre Evacuate Collection Set: 0,1ms
[2024-06-01T18:27:59.247-0300][gc,phases     ] GC(696)   Evacuate Collection Set: 21,7ms
[2024-06-01T18:27:59.247-0300][gc,phases     ] GC(696)   Post Evacuate Collection Set: 1,0ms
[2024-06-01T18:27:59.247-0300][gc,phases     ] GC(696)   Other: 0,6ms
[2024-06-01T18:27:59.247-0300][gc,heap       ] GC(696) Eden regions: 61->0(57)
[2024-06-01T18:27:59.248-0300][gc,heap       ] GC(696) Survivor regions: 6->6(9)
[2024-06-01T18:27:59.248-0300][gc,heap       ] GC(696) Old regions: 286->287
[2024-06-01T18:27:59.248-0300][gc,heap       ] GC(696) Humongous regions: 129->129
[2024-06-01T18:27:59.248-0300][gc,metaspace  ] GC(696) Metaspace: 45749K(48924K)->45749K(48924K) NonClass: 40010K(41680K)->40010K(41680K) Class: 5738K(7244K)->5738K(7244K)
[2024-06-01T18:27:59.248-0300][gc            ] GC(696) Pause Young (Normal) (G1 Evacuation Pause) 479M->419M(1024M) 23,502ms
[2024-06-01T18:27:59.248-0300][gc,cpu        ] GC(696) User=0,09s Sys=0,00s Real=0,03s
[2024-06-01T18:28:34.460-0300][gc,start      ] GC(697) Pause Young (Normal) (G1 Evacuation Pause)
[2024-06-01T18:28:34.460-0300][gc,task       ] GC(697) Using 4 workers of 4 for evacuation
[2024-06-01T18:28:34.481-0300][gc,mmu        ] GC(697) MMU target violated: 20,9ms (20,0ms/21,0ms)
[2024-06-01T18:28:34.482-0300][gc,phases     ] GC(697)   Pre Evacuate Collection Set: 0,1ms
[2024-06-01T18:28:34.482-0300][gc,phases     ] GC(697)   Evacuate Collection Set: 19,7ms
[2024-06-01T18:28:34.482-0300][gc,phases     ] GC(697)   Post Evacuate Collection Set: 1,0ms
[2024-06-01T18:28:34.482-0300][gc,phases     ] GC(697)   Other: 0,5ms
[2024-06-01T18:28:34.482-0300][gc,heap       ] GC(697) Eden regions: 55->0(60)
[2024-06-01T18:28:34.482-0300][gc,heap       ] GC(697) Survivor regions: 6->5(8)
[2024-06-01T18:28:34.482-0300][gc,heap       ] GC(697) Old regions: 287->288
[2024-06-01T18:28:34.482-0300][gc,heap       ] GC(697) Humongous regions: 129->129
[2024-06-01T18:28:34.482-0300][gc,metaspace  ] GC(697) Metaspace: 45749K(48924K)->45749K(48924K) NonClass: 40010K(41680K)->40010K(41680K) Class: 5738K(7244K)->5738K(7244K)
[2024-06-01T18:28:34.482-0300][gc            ] GC(697) Pause Young (Normal) (G1 Evacuation Pause) 474M->419M(1024M) 21,431ms
[2024-06-01T18:28:34.482-0300][gc,cpu        ] GC(697) User=0,08s Sys=0,00s Real=0,02s
[2024-06-01T18:29:12.884-0300][gc,start      ] GC(698) Pause Young (Normal) (G1 Evacuation Pause)
[2024-06-01T18:29:12.885-0300][gc,task       ] GC(698) Using 4 workers of 4 for evacuation
[2024-06-01T18:29:12.904-0300][gc,phases     ] GC(698)   Pre Evacuate Collection Set: 0,1ms
[2024-06-01T18:29:12.905-0300][gc,phases     ] GC(698)   Evacuate Collection Set: 18,6ms
[2024-06-01T18:29:12.905-0300][gc,phases     ] GC(698)   Post Evacuate Collection Set: 1,0ms
[2024-06-01T18:29:12.905-0300][gc,phases     ] GC(698)   Other: 0,4ms
[2024-06-01T18:29:12.905-0300][gc,heap       ] GC(698) Eden regions: 60->0(59)
[2024-06-01T18:29:12.905-0300][gc,heap       ] GC(698) Survivor regions: 5->6(9)
[2024-06-01T18:29:12.905-0300][gc,heap       ] GC(698) Old regions: 288->288
[2024-06-01T18:29:12.905-0300][gc,heap       ] GC(698) Humongous regions: 129->129
[2024-06-01T18:29:12.905-0300][gc,metaspace  ] GC(698) Metaspace: 45749K(48924K)->45749K(48924K) NonClass: 40010K(41680K)->40010K(41680K) Class: 5738K(7244K)->5738K(7244K)
[2024-06-01T18:29:12.905-0300][gc            ] GC(698) Pause Young (Normal) (G1 Evacuation Pause) 479M->421M(1024M) 20,329ms
[2024-06-01T18:29:12.905-0300][gc,cpu        ] GC(698) User=0,07s Sys=0,01s Real=0,02s
[2024-06-01T18:29:41.767-0300][gc,start      ] GC(699) Pause Young (Normal) (G1 Evacuation Pause)
[2024-06-01T18:29:41.767-0300][gc,task       ] GC(699) Using 4 workers of 4 for evacuation
[2024-06-01T18:29:41.775-0300][gc,phases     ] GC(699)   Pre Evacuate Collection Set: 0,0ms
[2024-06-01T18:29:41.775-0300][gc,phases     ] GC(699)   Evacuate Collection Set: 7,5ms
[2024-06-01T18:29:41.775-0300][gc,phases     ] GC(699)   Post Evacuate Collection Set: 0,4ms
[2024-06-01T18:29:41.775-0300][gc,phases     ] GC(699)   Other: 0,2ms
[2024-06-01T18:29:41.775-0300][gc,heap       ] GC(699) Eden regions: 45->0(59)
[2024-06-01T18:29:41.775-0300][gc,heap       ] GC(699) Survivor regions: 6->5(7)
[2024-06-01T18:29:41.775-0300][gc,heap       ] GC(699) Old regions: 288->290
[2024-06-01T18:29:41.775-0300][gc,heap       ] GC(699) Humongous regions: 129->129
[2024-06-01T18:29:41.775-0300][gc,metaspace  ] GC(699) Metaspace: 45749K(48924K)->45749K(48924K) NonClass: 40010K(41680K)->40010K(41680K) Class: 5738K(7244K)->5738K(7244K)
[2024-06-01T18:29:41.775-0300][gc            ] GC(699) Pause Young (Normal) (G1 Evacuation Pause) 466M->422M(1024M) 8,187ms
[2024-06-01T18:29:41.775-0300][gc,cpu        ] GC(699) User=0,03s Sys=0,01s Real=0,02s
[2024-06-01T18:30:19.283-0300][gc,start      ] GC(700) Pause Young (Normal) (G1 Evacuation Pause)
[2024-06-01T18:30:19.283-0300][gc,task       ] GC(700) Using 4 workers of 4 for evacuation
[2024-06-01T18:30:19.296-0300][gc,phases     ] GC(700)   Pre Evacuate Collection Set: 0,0ms
[2024-06-01T18:30:19.296-0300][gc,phases     ] GC(700)   Evacuate Collection Set: 12,0ms
[2024-06-01T18:30:19.296-0300][gc,phases     ] GC(700)   Post Evacuate Collection Set: 0,8ms
[2024-06-01T18:30:19.296-0300][gc,phases     ] GC(700)   Other: 0,2ms
[2024-06-01T18:30:19.296-0300][gc,heap       ] GC(700) Eden regions: 59->0(64)
[2024-06-01T18:30:19.296-0300][gc,heap       ] GC(700) Survivor regions: 5->5(8)
[2024-06-01T18:30:19.296-0300][gc,heap       ] GC(700) Old regions: 290->291
[2024-06-01T18:30:19.296-0300][gc,heap       ] GC(700) Humongous regions: 129->129
[2024-06-01T18:30:19.296-0300][gc,metaspace  ] GC(700) Metaspace: 45749K(48924K)->45749K(48924K) NonClass: 40010K(41680K)->40010K(41680K) Class: 5738K(7244K)->5738K(7244K)
[2024-06-01T18:30:19.296-0300][gc            ] GC(700) Pause Young (Normal) (G1 Evacuation Pause) 481M->423M(1024M) 13,331ms
[2024-06-01T18:30:19.296-0300][gc,cpu        ] GC(700) User=0,04s Sys=0,00s Real=0,02s
[2024-06-01T18:30:59.886-0300][gc,start      ] GC(701) Pause Young (Normal) (G1 Evacuation Pause)
[2024-06-01T18:30:59.886-0300][gc,task       ] GC(701) Using 4 workers of 4 for evacuation
[2024-06-01T18:30:59.910-0300][gc,mmu        ] GC(701) MMU target violated: 21,0ms (20,0ms/21,0ms)
[2024-06-01T18:30:59.911-0300][gc,phases     ] GC(701)   Pre Evacuate Collection Set: 0,1ms
[2024-06-01T18:30:59.911-0300][gc,phases     ] GC(701)   Evacuate Collection Set: 22,6ms
[2024-06-01T18:30:59.911-0300][gc,phases     ] GC(701)   Post Evacuate Collection Set: 1,0ms
[2024-06-01T18:30:59.911-0300][gc,phases     ] GC(701)   Other: 0,5ms
[2024-06-01T18:30:59.911-0300][gc,heap       ] GC(701) Eden regions: 64->0(60)
[2024-06-01T18:30:59.911-0300][gc,heap       ] GC(701) Survivor regions: 5->6(9)
[2024-06-01T18:30:59.911-0300][gc,heap       ] GC(701) Old regions: 291->291
[2024-06-01T18:30:59.911-0300][gc,heap       ] GC(701) Humongous regions: 129->129
[2024-06-01T18:30:59.911-0300][gc,metaspace  ] GC(701) Metaspace: 45750K(48924K)->45750K(48924K) NonClass: 40011K(41680K)->40011K(41680K) Class: 5738K(7244K)->5738K(7244K)
[2024-06-01T18:30:59.911-0300][gc            ] GC(701) Pause Young (Normal) (G1 Evacuation Pause) 487M->424M(1024M) 24,409ms
[2024-06-01T18:30:59.911-0300][gc,cpu        ] GC(701) User=0,09s Sys=0,00s Real=0,03s
[2024-06-01T18:31:28.540-0300][gc,start      ] GC(702) Pause Young (Normal) (G1 Evacuation Pause)
[2024-06-01T18:31:28.541-0300][gc,task       ] GC(702) Using 4 workers of 4 for evacuation
[2024-06-01T18:31:28.563-0300][gc,mmu        ] GC(702) MMU target violated: 21,0ms (20,0ms/21,0ms)
[2024-06-01T18:31:28.564-0300][gc,phases     ] GC(702)   Pre Evacuate Collection Set: 0,1ms
[2024-06-01T18:31:28.564-0300][gc,phases     ] GC(702)   Evacuate Collection Set: 21,8ms
[2024-06-01T18:31:28.564-0300][gc,phases     ] GC(702)   Post Evacuate Collection Set: 0,8ms
[2024-06-01T18:31:28.564-0300][gc,phases     ] GC(702)   Other: 0,5ms
[2024-06-01T18:31:28.564-0300][gc,heap       ] GC(702) Eden regions: 45->0(47)
[2024-06-01T18:31:28.564-0300][gc,heap       ] GC(702) Survivor regions: 6->5(7)
[2024-06-01T18:31:28.564-0300][gc,heap       ] GC(702) Old regions: 291->294
[2024-06-01T18:31:28.564-0300][gc,heap       ] GC(702) Humongous regions: 129->129
[2024-06-01T18:31:28.564-0300][gc,metaspace  ] GC(702) Metaspace: 45750K(48924K)->45750K(48924K) NonClass: 40011K(41680K)->40011K(41680K) Class: 5738K(7244K)->5738K(7244K)
[2024-06-01T18:31:28.564-0300][gc            ] GC(702) Pause Young (Normal) (G1 Evacuation Pause) 469M->425M(1024M) 23,378ms
[2024-06-01T18:31:28.564-0300][gc,cpu        ] GC(702) User=0,09s Sys=0,00s Real=0,02s
[2024-06-01T18:31:58.759-0300][gc,start      ] GC(703) Pause Young (Normal) (G1 Evacuation Pause)
[2024-06-01T18:31:58.759-0300][gc,task       ] GC(703) Using 4 workers of 4 for evacuation
[2024-06-01T18:31:58.779-0300][gc,phases     ] GC(703)   Pre Evacuate Collection Set: 0,1ms
[2024-06-01T18:31:58.779-0300][gc,phases     ] GC(703)   Evacuate Collection Set: 18,4ms
[2024-06-01T18:31:58.779-0300][gc,phases     ] GC(703)   Post Evacuate Collection Set: 1,0ms
[2024-06-01T18:31:58.779-0300][gc,phases     ] GC(703)   Other: 0,5ms
[2024-06-01T18:31:58.779-0300][gc,heap       ] GC(703) Eden regions: 47->0(47)
[2024-06-01T18:31:58.779-0300][gc,heap       ] GC(703) Survivor regions: 5->5(7)
[2024-06-01T18:31:58.779-0300][gc,heap       ] GC(703) Old regions: 294->295
[2024-06-01T18:31:58.779-0300][gc,heap       ] GC(703) Humongous regions: 129->129
[2024-06-01T18:31:58.779-0300][gc,metaspace  ] GC(703) Metaspace: 45750K(48924K)->45750K(48924K) NonClass: 40011K(41680K)->40011K(41680K) Class: 5738K(7244K)->5738K(7244K)
[2024-06-01T18:31:58.780-0300][gc            ] GC(703) Pause Young (Normal) (G1 Evacuation Pause) 472M->426M(1024M) 20,268ms
[2024-06-01T18:31:58.780-0300][gc,cpu        ] GC(703) User=0,07s Sys=0,00s Real=0,02s
[2024-06-01T18:32:28.548-0300][gc,start      ] GC(704) Pause Young (Normal) (G1 Evacuation Pause)
[2024-06-01T18:32:28.548-0300][gc,task       ] GC(704) Using 4 workers of 4 for evacuation
[2024-06-01T18:32:28.568-0300][gc,phases     ] GC(704)   Pre Evacuate Collection Set: 0,1ms
[2024-06-01T18:32:28.568-0300][gc,phases     ] GC(704)   Evacuate Collection Set: 18,8ms
[2024-06-01T18:32:28.568-0300][gc,phases     ] GC(704)   Post Evacuate Collection Set: 0,9ms
[2024-06-01T18:32:28.568-0300][gc,phases     ] GC(704)   Other: 0,5ms
[2024-06-01T18:32:28.568-0300][gc,heap       ] GC(704) Eden regions: 47->0(47)
[2024-06-01T18:32:28.568-0300][gc,heap       ] GC(704) Survivor regions: 5->5(7)
[2024-06-01T18:32:28.568-0300][gc,heap       ] GC(704) Old regions: 295->296
[2024-06-01T18:32:28.568-0300][gc,heap       ] GC(704) Humongous regions: 129->129
[2024-06-01T18:32:28.568-0300][gc,metaspace  ] GC(704) Metaspace: 45750K(48924K)->45750K(48924K) NonClass: 40011K(41680K)->40011K(41680K) Class: 5738K(7244K)->5738K(7244K)
[2024-06-01T18:32:28.568-0300][gc            ] GC(704) Pause Young (Normal) (G1 Evacuation Pause) 473M->427M(1024M) 20,492ms
[2024-06-01T18:32:28.568-0300][gc,cpu        ] GC(704) User=0,07s Sys=0,00s Real=0,02s
[2024-06-01T18:32:57.327-0300][gc,start      ] GC(705) Pause Young (Normal) (G1 Evacuation Pause)
[2024-06-01T18:32:57.327-0300][gc,task       ] GC(705) Using 4 workers of 4 for evacuation
[2024-06-01T18:32:57.345-0300][gc,phases     ] GC(705)   Pre Evacuate Collection Set: 0,1ms
[2024-06-01T18:32:57.345-0300][gc,phases     ] GC(705)   Evacuate Collection Set: 16,5ms
[2024-06-01T18:32:57.345-0300][gc,phases     ] GC(705)   Post Evacuate Collection Set: 1,1ms
[2024-06-01T18:32:57.345-0300][gc,phases     ] GC(705)   Other: 0,4ms
[2024-06-01T18:32:57.345-0300][gc,heap       ] GC(705) Eden regions: 46->0(49)
[2024-06-01T18:32:57.345-0300][gc,heap       ] GC(705) Survivor regions: 5->4(7)
[2024-06-01T18:32:57.345-0300][gc,heap       ] GC(705) Old regions: 296->297
[2024-06-01T18:32:57.345-0300][gc,heap       ] GC(705) Humongous regions: 129->129
[2024-06-01T18:32:57.345-0300][gc,metaspace  ] GC(705) Metaspace: 45750K(48924K)->45750K(48924K) NonClass: 40011K(41680K)->40011K(41680K) Class: 5738K(7244K)->5738K(7244K)
[2024-06-01T18:32:57.345-0300][gc            ] GC(705) Pause Young (Normal) (G1 Evacuation Pause) 473M->428M(1024M) 18,334ms
[2024-06-01T18:32:57.345-0300][gc,cpu        ] GC(705) User=0,07s Sys=0,00s Real=0,02s
[2024-06-01T18:33:29.086-0300][gc,start      ] GC(706) Pause Young (Normal) (G1 Evacuation Pause)
[2024-06-01T18:33:29.086-0300][gc,task       ] GC(706) Using 4 workers of 4 for evacuation
[2024-06-01T18:33:29.103-0300][gc,phases     ] GC(706)   Pre Evacuate Collection Set: 0,1ms
[2024-06-01T18:33:29.104-0300][gc,phases     ] GC(706)   Evacuate Collection Set: 15,7ms
[2024-06-01T18:33:29.104-0300][gc,phases     ] GC(706)   Post Evacuate Collection Set: 1,0ms
[2024-06-01T18:33:29.104-0300][gc,phases     ] GC(706)   Other: 0,4ms
[2024-06-01T18:33:29.104-0300][gc,heap       ] GC(706) Eden regions: 49->0(50)
[2024-06-01T18:33:29.104-0300][gc,heap       ] GC(706) Survivor regions: 4->5(7)
[2024-06-01T18:33:29.104-0300][gc,heap       ] GC(706) Old regions: 297->297
[2024-06-01T18:33:29.104-0300][gc,heap       ] GC(706) Humongous regions: 129->129
[2024-06-01T18:33:29.104-0300][gc,metaspace  ] GC(706) Metaspace: 45750K(48924K)->45750K(48924K) NonClass: 40011K(41680K)->40011K(41680K) Class: 5738K(7244K)->5738K(7244K)
[2024-06-01T18:33:29.104-0300][gc            ] GC(706) Pause Young (Normal) (G1 Evacuation Pause) 477M->428M(1024M) 17,450ms
[2024-06-01T18:33:29.104-0300][gc,cpu        ] GC(706) User=0,07s Sys=0,00s Real=0,02s
[2024-06-01T18:33:58.807-0300][gc,start      ] GC(707) Pause Young (Normal) (G1 Evacuation Pause)
[2024-06-01T18:33:58.807-0300][gc,task       ] GC(707) Using 4 workers of 4 for evacuation
[2024-06-01T18:33:58.814-0300][gc,phases     ] GC(707)   Pre Evacuate Collection Set: 0,0ms
[2024-06-01T18:33:58.815-0300][gc,phases     ] GC(707)   Evacuate Collection Set: 6,4ms
[2024-06-01T18:33:58.815-0300][gc,phases     ] GC(707)   Post Evacuate Collection Set: 0,5ms
[2024-06-01T18:33:58.815-0300][gc,phases     ] GC(707)   Other: 0,2ms
[2024-06-01T18:33:58.815-0300][gc,heap       ] GC(707) Eden regions: 46->0(52)
[2024-06-01T18:33:58.815-0300][gc,heap       ] GC(707) Survivor regions: 5->5(7)
[2024-06-01T18:33:58.815-0300][gc,heap       ] GC(707) Old regions: 297->298
[2024-06-01T18:33:58.815-0300][gc,heap       ] GC(707) Humongous regions: 129->129
[2024-06-01T18:33:58.815-0300][gc,metaspace  ] GC(707) Metaspace: 45750K(48924K)->45750K(48924K) NonClass: 40011K(41680K)->40011K(41680K) Class: 5738K(7244K)->5738K(7244K)
[2024-06-01T18:33:58.815-0300][gc            ] GC(707) Pause Young (Normal) (G1 Evacuation Pause) 474M->430M(1024M) 7,186ms
[2024-06-01T18:33:58.815-0300][gc,cpu        ] GC(707) User=0,02s Sys=0,01s Real=0,00s
[2024-06-01T18:34:27.830-0300][gc,start      ] GC(708) Pause Young (Normal) (G1 Evacuation Pause)
[2024-06-01T18:34:27.830-0300][gc,task       ] GC(708) Using 4 workers of 4 for evacuation
[2024-06-01T18:34:27.836-0300][gc,phases     ] GC(708)   Pre Evacuate Collection Set: 0,0ms
[2024-06-01T18:34:27.836-0300][gc,phases     ] GC(708)   Evacuate Collection Set: 4,9ms
[2024-06-01T18:34:27.836-0300][gc,phases     ] GC(708)   Post Evacuate Collection Set: 0,4ms
[2024-06-01T18:34:27.836-0300][gc,phases     ] GC(708)   Other: 0,2ms
[2024-06-01T18:34:27.836-0300][gc,heap       ] GC(708) Eden regions: 46->0(57)
[2024-06-01T18:34:27.836-0300][gc,heap       ] GC(708) Survivor regions: 5->5(7)
[2024-06-01T18:34:27.836-0300][gc,heap       ] GC(708) Old regions: 298->300
[2024-06-01T18:34:27.836-0300][gc,heap       ] GC(708) Humongous regions: 129->129
[2024-06-01T18:34:27.836-0300][gc,metaspace  ] GC(708) Metaspace: 45750K(48924K)->45750K(48924K) NonClass: 40011K(41680K)->40011K(41680K) Class: 5738K(7244K)->5738K(7244K)
[2024-06-01T18:34:27.836-0300][gc            ] GC(708) Pause Young (Normal) (G1 Evacuation Pause) 476M->431M(1024M) 5,656ms
[2024-06-01T18:34:27.836-0300][gc,cpu        ] GC(708) User=0,01s Sys=0,01s Real=0,01s
[2024-06-01T18:35:03.795-0300][gc,start      ] GC(709) Pause Young (Normal) (G1 Evacuation Pause)
[2024-06-01T18:35:03.795-0300][gc,task       ] GC(709) Using 4 workers of 4 for evacuation
[2024-06-01T18:35:03.814-0300][gc,phases     ] GC(709)   Pre Evacuate Collection Set: 0,1ms
[2024-06-01T18:35:03.814-0300][gc,phases     ] GC(709)   Evacuate Collection Set: 17,3ms
[2024-06-01T18:35:03.814-0300][gc,phases     ] GC(709)   Post Evacuate Collection Set: 1,1ms
[2024-06-01T18:35:03.814-0300][gc,phases     ] GC(709)   Other: 0,5ms
[2024-06-01T18:35:03.814-0300][gc,heap       ] GC(709) Eden regions: 57->0(56)
[2024-06-01T18:35:03.814-0300][gc,heap       ] GC(709) Survivor regions: 5->6(8)
[2024-06-01T18:35:03.814-0300][gc,heap       ] GC(709) Old regions: 300->300
[2024-06-01T18:35:03.814-0300][gc,heap       ] GC(709) Humongous regions: 129->129
[2024-06-01T18:35:03.814-0300][gc,metaspace  ] GC(709) Metaspace: 45750K(48924K)->45750K(48924K) NonClass: 40011K(41680K)->40011K(41680K) Class: 5738K(7244K)->5738K(7244K)
[2024-06-01T18:35:03.814-0300][gc            ] GC(709) Pause Young (Normal) (G1 Evacuation Pause) 488M->432M(1024M) 19,136ms
[2024-06-01T18:35:03.814-0300][gc,cpu        ] GC(709) User=0,07s Sys=0,00s Real=0,02s
[2024-06-01T18:35:34.608-0300][gc,start      ] GC(710) Pause Young (Normal) (G1 Evacuation Pause)
[2024-06-01T18:35:34.608-0300][gc,task       ] GC(710) Using 4 workers of 4 for evacuation
[2024-06-01T18:35:34.631-0300][gc,mmu        ] GC(710) MMU target violated: 21,0ms (20,0ms/21,0ms)
[2024-06-01T18:35:34.631-0300][gc,phases     ] GC(710)   Pre Evacuate Collection Set: 0,1ms
[2024-06-01T18:35:34.631-0300][gc,phases     ] GC(710)   Evacuate Collection Set: 22,2ms
[2024-06-01T18:35:34.631-0300][gc,phases     ] GC(710)   Post Evacuate Collection Set: 1,0ms
[2024-06-01T18:35:34.631-0300][gc,phases     ] GC(710)   Other: 0,5ms
[2024-06-01T18:35:34.631-0300][gc,heap       ] GC(710) Eden regions: 50->0(49)
[2024-06-01T18:35:34.631-0300][gc,heap       ] GC(710) Survivor regions: 6->5(7)
[2024-06-01T18:35:34.631-0300][gc,heap       ] GC(710) Old regions: 300->302
[2024-06-01T18:35:34.631-0300][gc,heap       ] GC(710) Humongous regions: 129->129
[2024-06-01T18:35:34.631-0300][gc,metaspace  ] GC(710) Metaspace: 45750K(48924K)->45750K(48924K) NonClass: 40011K(41680K)->40011K(41680K) Class: 5738K(7244K)->5738K(7244K)
[2024-06-01T18:35:34.632-0300][gc            ] GC(710) Pause Young (Normal) (G1 Evacuation Pause) 482M->433M(1024M) 24,016ms
[2024-06-01T18:35:34.632-0300][gc,cpu        ] GC(710) User=0,08s Sys=0,02s Real=0,02s
[2024-06-01T18:36:06.033-0300][gc,start      ] GC(711) Pause Young (Normal) (G1 Evacuation Pause)
[2024-06-01T18:36:06.033-0300][gc,task       ] GC(711) Using 4 workers of 4 for evacuation
[2024-06-01T18:36:06.054-0300][gc,mmu        ] GC(711) MMU target violated: 20,4ms (20,0ms/21,0ms)
[2024-06-01T18:36:06.054-0300][gc,phases     ] GC(711)   Pre Evacuate Collection Set: 0,1ms
[2024-06-01T18:36:06.054-0300][gc,phases     ] GC(711)   Evacuate Collection Set: 19,1ms
[2024-06-01T18:36:06.054-0300][gc,phases     ] GC(711)   Post Evacuate Collection Set: 1,0ms
[2024-06-01T18:36:06.054-0300][gc,phases     ] GC(711)   Other: 0,5ms
[2024-06-01T18:36:06.054-0300][gc,heap       ] GC(711) Eden regions: 49->0(50)
[2024-06-01T18:36:06.054-0300][gc,heap       ] GC(711) Survivor regions: 5->4(7)
[2024-06-01T18:36:06.054-0300][gc,heap       ] GC(711) Old regions: 302->303
[2024-06-01T18:36:06.054-0300][gc,heap       ] GC(711) Humongous regions: 129->129
[2024-06-01T18:36:06.054-0300][gc,metaspace  ] GC(711) Metaspace: 45750K(48924K)->45750K(48924K) NonClass: 40011K(41680K)->40011K(41680K) Class: 5738K(7244K)->5738K(7244K)
[2024-06-01T18:36:06.054-0300][gc            ] GC(711) Pause Young (Normal) (G1 Evacuation Pause) 482M->434M(1024M) 20,905ms
[2024-06-01T18:36:06.054-0300][gc,cpu        ] GC(711) User=0,07s Sys=0,00s Real=0,02s
[2024-06-01T18:36:38.359-0300][gc,start      ] GC(712) Pause Young (Normal) (G1 Evacuation Pause)
[2024-06-01T18:36:38.359-0300][gc,task       ] GC(712) Using 4 workers of 4 for evacuation
[2024-06-01T18:36:38.377-0300][gc,phases     ] GC(712)   Pre Evacuate Collection Set: 0,1ms
[2024-06-01T18:36:38.377-0300][gc,phases     ] GC(712)   Evacuate Collection Set: 16,2ms
[2024-06-01T18:36:38.377-0300][gc,phases     ] GC(712)   Post Evacuate Collection Set: 1,1ms
[2024-06-01T18:36:38.377-0300][gc,phases     ] GC(712)   Other: 0,4ms
[2024-06-01T18:36:38.377-0300][gc,heap       ] GC(712) Eden regions: 50->0(50)
[2024-06-01T18:36:38.377-0300][gc,heap       ] GC(712) Survivor regions: 4->5(7)
[2024-06-01T18:36:38.377-0300][gc,heap       ] GC(712) Old regions: 303->303
[2024-06-01T18:36:38.377-0300][gc,heap       ] GC(712) Humongous regions: 129->129
[2024-06-01T18:36:38.377-0300][gc,metaspace  ] GC(712) Metaspace: 45750K(48924K)->45750K(48924K) NonClass: 40011K(41680K)->40011K(41680K) Class: 5738K(7244K)->5738K(7244K)
[2024-06-01T18:36:38.377-0300][gc            ] GC(712) Pause Young (Normal) (G1 Evacuation Pause) 484M->435M(1024M) 17,992ms
[2024-06-01T18:36:38.377-0300][gc,cpu        ] GC(712) User=0,06s Sys=0,00s Real=0,02s
[2024-06-01T18:37:10.440-0300][gc,start      ] GC(713) Pause Young (Normal) (G1 Evacuation Pause)
[2024-06-01T18:37:10.440-0300][gc,task       ] GC(713) Using 4 workers of 4 for evacuation
[2024-06-01T18:37:10.458-0300][gc,phases     ] GC(713)   Pre Evacuate Collection Set: 0,1ms
[2024-06-01T18:37:10.458-0300][gc,phases     ] GC(713)   Evacuate Collection Set: 16,6ms
[2024-06-01T18:37:10.458-0300][gc,phases     ] GC(713)   Post Evacuate Collection Set: 1,0ms
[2024-06-01T18:37:10.458-0300][gc,phases     ] GC(713)   Other: 0,4ms
[2024-06-01T18:37:10.458-0300][gc,heap       ] GC(713) Eden regions: 50->0(52)
[2024-06-01T18:37:10.458-0300][gc,heap       ] GC(713) Survivor regions: 5->4(7)
[2024-06-01T18:37:10.458-0300][gc,heap       ] GC(713) Old regions: 303->304
[2024-06-01T18:37:10.458-0300][gc,heap       ] GC(713) Humongous regions: 129->129
[2024-06-01T18:37:10.458-0300][gc,metaspace  ] GC(713) Metaspace: 45750K(48924K)->45750K(48924K) NonClass: 40011K(41680K)->40011K(41680K) Class: 5738K(7244K)->5738K(7244K)
[2024-06-01T18:37:10.458-0300][gc            ] GC(713) Pause Young (Normal) (G1 Evacuation Pause) 485M->435M(1024M) 18,380ms
[2024-06-01T18:37:10.458-0300][gc,cpu        ] GC(713) User=0,06s Sys=0,00s Real=0,02s
[2024-06-01T18:37:43.445-0300][gc,start      ] GC(714) Pause Young (Normal) (G1 Evacuation Pause)
[2024-06-01T18:37:43.445-0300][gc,task       ] GC(714) Using 4 workers of 4 for evacuation
[2024-06-01T18:37:43.461-0300][gc,phases     ] GC(714)   Pre Evacuate Collection Set: 0,1ms
[2024-06-01T18:37:43.461-0300][gc,phases     ] GC(714)   Evacuate Collection Set: 15,0ms
[2024-06-01T18:37:43.461-0300][gc,phases     ] GC(714)   Post Evacuate Collection Set: 1,0ms
[2024-06-01T18:37:43.461-0300][gc,phases     ] GC(714)   Other: 0,4ms
[2024-06-01T18:37:43.461-0300][gc,heap       ] GC(714) Eden regions: 52->0(54)
[2024-06-01T18:37:43.461-0300][gc,heap       ] GC(714) Survivor regions: 4->5(7)
[2024-06-01T18:37:43.461-0300][gc,heap       ] GC(714) Old regions: 304->304
[2024-06-01T18:37:43.461-0300][gc,heap       ] GC(714) Humongous regions: 129->129
[2024-06-01T18:37:43.461-0300][gc,metaspace  ] GC(714) Metaspace: 45750K(48924K)->45750K(48924K) NonClass: 40011K(41680K)->40011K(41680K) Class: 5738K(7244K)->5738K(7244K)
[2024-06-01T18:37:43.461-0300][gc            ] GC(714) Pause Young (Normal) (G1 Evacuation Pause) 487M->435M(1024M) 16,719ms
[2024-06-01T18:37:43.461-0300][gc,cpu        ] GC(714) User=0,06s Sys=0,00s Real=0,02s
[2024-06-01T18:38:12.563-0300][gc,start      ] GC(715) Pause Young (Normal) (G1 Evacuation Pause)
[2024-06-01T18:38:12.563-0300][gc,task       ] GC(715) Using 4 workers of 4 for evacuation
[2024-06-01T18:38:12.582-0300][gc,phases     ] GC(715)   Pre Evacuate Collection Set: 0,1ms
[2024-06-01T18:38:12.582-0300][gc,phases     ] GC(715)   Evacuate Collection Set: 17,2ms
[2024-06-01T18:38:12.582-0300][gc,phases     ] GC(715)   Post Evacuate Collection Set: 1,0ms
[2024-06-01T18:38:12.582-0300][gc,phases     ] GC(715)   Other: 0,5ms
[2024-06-01T18:38:12.582-0300][gc,heap       ] GC(715) Eden regions: 46->0(53)
[2024-06-01T18:38:12.582-0300][gc,heap       ] GC(715) Survivor regions: 5->4(7)
[2024-06-01T18:38:12.582-0300][gc,heap       ] GC(715) Old regions: 304->305
[2024-06-01T18:38:12.582-0300][gc,heap       ] GC(715) Humongous regions: 129->129
[2024-06-01T18:38:12.582-0300][gc,metaspace  ] GC(715) Metaspace: 45750K(48924K)->45750K(48924K) NonClass: 40011K(41680K)->40011K(41680K) Class: 5738K(7244K)->5738K(7244K)
[2024-06-01T18:38:12.582-0300][gc            ] GC(715) Pause Young (Normal) (G1 Evacuation Pause) 481M->436M(1024M) 19,034ms
[2024-06-01T18:38:12.582-0300][gc,cpu        ] GC(715) User=0,06s Sys=0,00s Real=0,02s
[2024-06-01T18:38:46.608-0300][gc,start      ] GC(716) Pause Young (Normal) (G1 Evacuation Pause)
[2024-06-01T18:38:46.608-0300][gc,task       ] GC(716) Using 4 workers of 4 for evacuation
[2024-06-01T18:38:46.626-0300][gc,phases     ] GC(716)   Pre Evacuate Collection Set: 0,1ms
[2024-06-01T18:38:46.626-0300][gc,phases     ] GC(716)   Evacuate Collection Set: 15,8ms
[2024-06-01T18:38:46.626-0300][gc,phases     ] GC(716)   Post Evacuate Collection Set: 1,1ms
[2024-06-01T18:38:46.626-0300][gc,phases     ] GC(716)   Other: 0,4ms
[2024-06-01T18:38:46.626-0300][gc,heap       ] GC(716) Eden regions: 53->0(53)
[2024-06-01T18:38:46.626-0300][gc,heap       ] GC(716) Survivor regions: 4->5(8)
[2024-06-01T18:38:46.626-0300][gc,heap       ] GC(716) Old regions: 305->305
[2024-06-01T18:38:46.626-0300][gc,heap       ] GC(716) Humongous regions: 129->129
[2024-06-01T18:38:46.626-0300][gc,metaspace  ] GC(716) Metaspace: 45750K(48924K)->45750K(48924K) NonClass: 40011K(41680K)->40011K(41680K) Class: 5738K(7244K)->5738K(7244K)
[2024-06-01T18:38:46.626-0300][gc            ] GC(716) Pause Young (Normal) (G1 Evacuation Pause) 489M->437M(1024M) 17,607ms
[2024-06-01T18:38:46.626-0300][gc,cpu        ] GC(716) User=0,07s Sys=0,00s Real=0,01s
[2024-06-01T18:39:20.198-0300][gc,start      ] GC(717) Pause Young (Normal) (G1 Evacuation Pause)
[2024-06-01T18:39:20.198-0300][gc,task       ] GC(717) Using 4 workers of 4 for evacuation
[2024-06-01T18:39:20.209-0300][gc,phases     ] GC(717)   Pre Evacuate Collection Set: 0,0ms
[2024-06-01T18:39:20.209-0300][gc,phases     ] GC(717)   Evacuate Collection Set: 9,6ms
[2024-06-01T18:39:20.209-0300][gc,phases     ] GC(717)   Post Evacuate Collection Set: 0,6ms
[2024-06-01T18:39:20.209-0300][gc,phases     ] GC(717)   Other: 0,2ms
[2024-06-01T18:39:20.209-0300][gc,heap       ] GC(717) Eden regions: 53->0(55)
[2024-06-01T18:39:20.209-0300][gc,heap       ] GC(717) Survivor regions: 5->5(8)
[2024-06-01T18:39:20.209-0300][gc,heap       ] GC(717) Old regions: 305->307
[2024-06-01T18:39:20.209-0300][gc,heap       ] GC(717) Humongous regions: 129->129
[2024-06-01T18:39:20.209-0300][gc,metaspace  ] GC(717) Metaspace: 45750K(48924K)->45750K(48924K) NonClass: 40011K(41680K)->40011K(41680K) Class: 5738K(7244K)->5738K(7244K)
[2024-06-01T18:39:20.209-0300][gc            ] GC(717) Pause Young (Normal) (G1 Evacuation Pause) 490M->438M(1024M) 10,560ms
[2024-06-01T18:39:20.209-0300][gc,cpu        ] GC(717) User=0,04s Sys=0,00s Real=0,01s
[2024-06-01T18:39:55.340-0300][gc,start      ] GC(718) Pause Young (Normal) (G1 Evacuation Pause)
[2024-06-01T18:39:55.340-0300][gc,task       ] GC(718) Using 4 workers of 4 for evacuation
[2024-06-01T18:39:55.360-0300][gc,phases     ] GC(718)   Pre Evacuate Collection Set: 0,1ms
[2024-06-01T18:39:55.360-0300][gc,phases     ] GC(718)   Evacuate Collection Set: 18,3ms
[2024-06-01T18:39:55.360-0300][gc,phases     ] GC(718)   Post Evacuate Collection Set: 1,0ms
[2024-06-01T18:39:55.360-0300][gc,phases     ] GC(718)   Other: 0,4ms
[2024-06-01T18:39:55.360-0300][gc,heap       ] GC(718) Eden regions: 55->0(56)
[2024-06-01T18:39:55.360-0300][gc,heap       ] GC(718) Survivor regions: 5->6(8)
[2024-06-01T18:39:55.360-0300][gc,heap       ] GC(718) Old regions: 307->307
[2024-06-01T18:39:55.360-0300][gc,heap       ] GC(718) Humongous regions: 129->129
[2024-06-01T18:39:55.360-0300][gc,metaspace  ] GC(718) Metaspace: 45750K(48924K)->45750K(48924K) NonClass: 40011K(41680K)->40011K(41680K) Class: 5738K(7244K)->5738K(7244K)
[2024-06-01T18:39:55.360-0300][gc            ] GC(718) Pause Young (Normal) (G1 Evacuation Pause) 493M->439M(1024M) 19,998ms
[2024-06-01T18:39:55.360-0300][gc,cpu        ] GC(718) User=0,06s Sys=0,01s Real=0,02s
[2024-06-01T18:40:30.923-0300][gc,start      ] GC(719) Pause Young (Normal) (G1 Evacuation Pause)
[2024-06-01T18:40:30.924-0300][gc,task       ] GC(719) Using 4 workers of 4 for evacuation
[2024-06-01T18:40:30.945-0300][gc,mmu        ] GC(719) MMU target violated: 21,0ms (20,0ms/21,0ms)
[2024-06-01T18:40:30.945-0300][gc,phases     ] GC(719)   Pre Evacuate Collection Set: 0,1ms
[2024-06-01T18:40:30.945-0300][gc,phases     ] GC(719)   Evacuate Collection Set: 20,3ms
[2024-06-01T18:40:30.945-0300][gc,phases     ] GC(719)   Post Evacuate Collection Set: 1,0ms
[2024-06-01T18:40:30.945-0300][gc,phases     ] GC(719)   Other: 0,5ms
[2024-06-01T18:40:30.945-0300][gc,heap       ] GC(719) Eden regions: 56->0(53)
[2024-06-01T18:40:30.945-0300][gc,heap       ] GC(719) Survivor regions: 6->5(8)
[2024-06-01T18:40:30.945-0300][gc,heap       ] GC(719) Old regions: 307->309
[2024-06-01T18:40:30.945-0300][gc,heap       ] GC(719) Humongous regions: 129->129
[2024-06-01T18:40:30.946-0300][gc,metaspace  ] GC(719) Metaspace: 45750K(48924K)->45750K(48924K) NonClass: 40011K(41680K)->40011K(41680K) Class: 5738K(7244K)->5738K(7244K)
[2024-06-01T18:40:30.946-0300][gc            ] GC(719) Pause Young (Normal) (G1 Evacuation Pause) 495M->441M(1024M) 22,124ms
[2024-06-01T18:40:30.946-0300][gc,cpu        ] GC(719) User=0,08s Sys=0,00s Real=0,02s
[2024-06-01T18:41:01.900-0300][gc,start      ] GC(720) Pause Young (Normal) (G1 Evacuation Pause)
[2024-06-01T18:41:01.900-0300][gc,task       ] GC(720) Using 4 workers of 4 for evacuation
[2024-06-01T18:41:01.919-0300][gc,phases     ] GC(720)   Pre Evacuate Collection Set: 0,1ms
[2024-06-01T18:41:01.920-0300][gc,phases     ] GC(720)   Evacuate Collection Set: 17,6ms
[2024-06-01T18:41:01.920-0300][gc,phases     ] GC(720)   Post Evacuate Collection Set: 1,0ms
[2024-06-01T18:41:01.920-0300][gc,phases     ] GC(720)   Other: 0,4ms
[2024-06-01T18:41:01.920-0300][gc,heap       ] GC(720) Eden regions: 49->0(55)
[2024-06-01T18:41:01.920-0300][gc,heap       ] GC(720) Survivor regions: 5->4(7)
[2024-06-01T18:41:01.920-0300][gc,heap       ] GC(720) Old regions: 309->310
[2024-06-01T18:41:01.920-0300][gc,heap       ] GC(720) Humongous regions: 129->129
[2024-06-01T18:41:01.920-0300][gc,metaspace  ] GC(720) Metaspace: 45750K(48924K)->45750K(48924K) NonClass: 40011K(41680K)->40011K(41680K) Class: 5738K(7244K)->5738K(7244K)
[2024-06-01T18:41:01.920-0300][gc            ] GC(720) Pause Young (Normal) (G1 Evacuation Pause) 490M->441M(1024M) 19,388ms
[2024-06-01T18:41:01.920-0300][gc,cpu        ] GC(720) User=0,07s Sys=0,00s Real=0,02s
[2024-06-01T18:41:31.753-0300][gc,start      ] GC(721) Pause Young (Normal) (G1 Evacuation Pause)
[2024-06-01T18:41:31.753-0300][gc,task       ] GC(721) Using 4 workers of 4 for evacuation
[2024-06-01T18:41:31.764-0300][gc,phases     ] GC(721)   Pre Evacuate Collection Set: 0,0ms
[2024-06-01T18:41:31.764-0300][gc,phases     ] GC(721)   Evacuate Collection Set: 10,4ms
[2024-06-01T18:41:31.764-0300][gc,phases     ] GC(721)   Post Evacuate Collection Set: 0,7ms
[2024-06-01T18:41:31.764-0300][gc,phases     ] GC(721)   Other: 0,3ms
[2024-06-01T18:41:31.764-0300][gc,heap       ] GC(721) Eden regions: 47->0(52)
[2024-06-01T18:41:31.764-0300][gc,heap       ] GC(721) Survivor regions: 4->4(7)
[2024-06-01T18:41:31.764-0300][gc,heap       ] GC(721) Old regions: 310->311
[2024-06-01T18:41:31.764-0300][gc,heap       ] GC(721) Humongous regions: 129->129
[2024-06-01T18:41:31.764-0300][gc,metaspace  ] GC(721) Metaspace: 45750K(48924K)->45750K(48924K) NonClass: 40011K(41680K)->40011K(41680K) Class: 5738K(7244K)->5738K(7244K)
[2024-06-01T18:41:31.764-0300][gc            ] GC(721) Pause Young (Normal) (G1 Evacuation Pause) 488M->442M(1024M) 11,623ms
[2024-06-01T18:41:31.764-0300][gc,cpu        ] GC(721) User=0,04s Sys=0,00s Real=0,01s
[2024-06-01T18:42:01.524-0300][gc,start      ] GC(722) Pause Young (Normal) (G1 Evacuation Pause)
[2024-06-01T18:42:01.524-0300][gc,task       ] GC(722) Using 4 workers of 4 for evacuation
[2024-06-01T18:42:01.545-0300][gc,mmu        ] GC(722) MMU target violated: 21,0ms (20,0ms/21,0ms)
[2024-06-01T18:42:01.546-0300][gc,phases     ] GC(722)   Pre Evacuate Collection Set: 0,1ms
[2024-06-01T18:42:01.546-0300][gc,phases     ] GC(722)   Evacuate Collection Set: 19,9ms
[2024-06-01T18:42:01.546-0300][gc,phases     ] GC(722)   Post Evacuate Collection Set: 1,0ms
[2024-06-01T18:42:01.546-0300][gc,phases     ] GC(722)   Other: 0,5ms
[2024-06-01T18:42:01.546-0300][gc,heap       ] GC(722) Eden regions: 47->0(49)
[2024-06-01T18:42:01.546-0300][gc,heap       ] GC(722) Survivor regions: 4->4(7)
[2024-06-01T18:42:01.546-0300][gc,heap       ] GC(722) Old regions: 311->312
[2024-06-01T18:42:01.546-0300][gc,heap       ] GC(722) Humongous regions: 129->129
[2024-06-01T18:42:01.546-0300][gc,metaspace  ] GC(722) Metaspace: 45750K(48924K)->45750K(48924K) NonClass: 40011K(41680K)->40011K(41680K) Class: 5738K(7244K)->5738K(7244K)
[2024-06-01T18:42:01.546-0300][gc            ] GC(722) Pause Young (Normal) (G1 Evacuation Pause) 489M->443M(1024M) 21,607ms
[2024-06-01T18:42:01.546-0300][gc,cpu        ] GC(722) User=0,07s Sys=0,00s Real=0,02s
[2024-06-01T18:42:31.922-0300][gc,start      ] GC(723) Pause Young (Normal) (G1 Evacuation Pause)
[2024-06-01T18:42:31.922-0300][gc,task       ] GC(723) Using 4 workers of 4 for evacuation
[2024-06-01T18:42:31.941-0300][gc,phases     ] GC(723)   Pre Evacuate Collection Set: 0,1ms
[2024-06-01T18:42:31.941-0300][gc,phases     ] GC(723)   Evacuate Collection Set: 17,3ms
[2024-06-01T18:42:31.941-0300][gc,phases     ] GC(723)   Post Evacuate Collection Set: 1,0ms
[2024-06-01T18:42:31.941-0300][gc,phases     ] GC(723)   Other: 0,4ms
[2024-06-01T18:42:31.941-0300][gc,heap       ] GC(723) Eden regions: 47->0(48)
[2024-06-01T18:42:31.941-0300][gc,heap       ] GC(723) Survivor regions: 4->4(7)
[2024-06-01T18:42:31.941-0300][gc,heap       ] GC(723) Old regions: 312->313
[2024-06-01T18:42:31.941-0300][gc,heap       ] GC(723) Humongous regions: 129->129
[2024-06-01T18:42:31.941-0300][gc,metaspace  ] GC(723) Metaspace: 45750K(48924K)->45750K(48924K) NonClass: 40011K(41680K)->40011K(41680K) Class: 5738K(7244K)->5738K(7244K)
[2024-06-01T18:42:31.941-0300][gc            ] GC(723) Pause Young (Normal) (G1 Evacuation Pause) 490M->444M(1024M) 19,108ms
[2024-06-01T18:42:31.941-0300][gc,cpu        ] GC(723) User=0,07s Sys=0,00s Real=0,02s
[2024-06-01T18:43:01.824-0300][gc,start      ] GC(724) Pause Young (Normal) (G1 Evacuation Pause)
[2024-06-01T18:43:01.824-0300][gc,task       ] GC(724) Using 4 workers of 4 for evacuation
[2024-06-01T18:43:01.831-0300][gc,phases     ] GC(724)   Pre Evacuate Collection Set: 0,0ms
[2024-06-01T18:43:01.831-0300][gc,phases     ] GC(724)   Evacuate Collection Set: 6,2ms
[2024-06-01T18:43:01.831-0300][gc,phases     ] GC(724)   Post Evacuate Collection Set: 0,4ms
[2024-06-01T18:43:01.831-0300][gc,phases     ] GC(724)   Other: 0,2ms
[2024-06-01T18:43:01.831-0300][gc,heap       ] GC(724) Eden regions: 47->0(50)
[2024-06-01T18:43:01.831-0300][gc,heap       ] GC(724) Survivor regions: 4->4(7)
[2024-06-01T18:43:01.831-0300][gc,heap       ] GC(724) Old regions: 313->314
[2024-06-01T18:43:01.831-0300][gc,heap       ] GC(724) Humongous regions: 129->129
[2024-06-01T18:43:01.831-0300][gc,metaspace  ] GC(724) Metaspace: 45750K(48924K)->45750K(48924K) NonClass: 40011K(41680K)->40011K(41680K) Class: 5738K(7244K)->5738K(7244K)
[2024-06-01T18:43:01.831-0300][gc            ] GC(724) Pause Young (Normal) (G1 Evacuation Pause) 491M->445M(1024M) 7,017ms
[2024-06-01T18:43:01.831-0300][gc,cpu        ] GC(724) User=0,03s Sys=0,00s Real=0,01s
[2024-06-01T18:43:32.255-0300][gc,start      ] GC(725) Pause Young (Normal) (G1 Evacuation Pause)
[2024-06-01T18:43:32.255-0300][gc,task       ] GC(725) Using 4 workers of 4 for evacuation
[2024-06-01T18:43:32.274-0300][gc,phases     ] GC(725)   Pre Evacuate Collection Set: 0,1ms
[2024-06-01T18:43:32.274-0300][gc,phases     ] GC(725)   Evacuate Collection Set: 17,6ms
[2024-06-01T18:43:32.274-0300][gc,phases     ] GC(725)   Post Evacuate Collection Set: 1,1ms
[2024-06-01T18:43:32.274-0300][gc,phases     ] GC(725)   Other: 0,5ms
[2024-06-01T18:43:32.274-0300][gc,heap       ] GC(725) Eden regions: 47->0(50)
[2024-06-01T18:43:32.274-0300][gc,heap       ] GC(725) Survivor regions: 4->5(7)
[2024-06-01T18:43:32.274-0300][gc,heap       ] GC(725) Old regions: 314->315
[2024-06-01T18:43:32.274-0300][gc,heap       ] GC(725) Humongous regions: 129->129
[2024-06-01T18:43:32.274-0300][gc,metaspace  ] GC(725) Metaspace: 45750K(48924K)->45750K(48924K) NonClass: 40011K(41680K)->40011K(41680K) Class: 5738K(7244K)->5738K(7244K)
[2024-06-01T18:43:32.274-0300][gc            ] GC(725) Pause Young (Normal) (G1 Evacuation Pause) 492M->446M(1024M) 19,458ms
[2024-06-01T18:43:32.274-0300][gc,cpu        ] GC(725) User=0,07s Sys=0,00s Real=0,02s
[2024-06-01T18:44:02.644-0300][gc,start      ] GC(726) Pause Young (Normal) (G1 Evacuation Pause)
[2024-06-01T18:44:02.644-0300][gc,task       ] GC(726) Using 4 workers of 4 for evacuation
[2024-06-01T18:44:02.663-0300][gc,phases     ] GC(726)   Pre Evacuate Collection Set: 0,1ms
[2024-06-01T18:44:02.663-0300][gc,phases     ] GC(726)   Evacuate Collection Set: 17,7ms
[2024-06-01T18:44:02.663-0300][gc,phases     ] GC(726)   Post Evacuate Collection Set: 0,9ms
[2024-06-01T18:44:02.663-0300][gc,phases     ] GC(726)   Other: 0,4ms
[2024-06-01T18:44:02.663-0300][gc,heap       ] GC(726) Eden regions: 47->0(48)
[2024-06-01T18:44:02.663-0300][gc,heap       ] GC(726) Survivor regions: 5->4(7)
[2024-06-01T18:44:02.663-0300][gc,heap       ] GC(726) Old regions: 315->316
[2024-06-01T18:44:02.663-0300][gc,heap       ] GC(726) Humongous regions: 129->129
[2024-06-01T18:44:02.663-0300][gc,metaspace  ] GC(726) Metaspace: 45750K(48924K)->45750K(48924K) NonClass: 40011K(41680K)->40011K(41680K) Class: 5738K(7244K)->5738K(7244K)
[2024-06-01T18:44:02.663-0300][gc            ] GC(726) Pause Young (Normal) (G1 Evacuation Pause) 493M->447M(1024M) 19,479ms
[2024-06-01T18:44:02.664-0300][gc,cpu        ] GC(726) User=0,07s Sys=0,01s Real=0,02s
[2024-06-01T18:44:32.909-0300][gc,start      ] GC(727) Pause Young (Normal) (G1 Evacuation Pause)
[2024-06-01T18:44:32.909-0300][gc,task       ] GC(727) Using 4 workers of 4 for evacuation
[2024-06-01T18:44:32.928-0300][gc,phases     ] GC(727)   Pre Evacuate Collection Set: 0,1ms
[2024-06-01T18:44:32.929-0300][gc,phases     ] GC(727)   Evacuate Collection Set: 18,2ms
[2024-06-01T18:44:32.929-0300][gc,phases     ] GC(727)   Post Evacuate Collection Set: 1,1ms
[2024-06-01T18:44:32.929-0300][gc,phases     ] GC(727)   Other: 0,4ms
[2024-06-01T18:44:32.929-0300][gc,heap       ] GC(727) Eden regions: 47->0(47)
[2024-06-01T18:44:32.929-0300][gc,heap       ] GC(727) Survivor regions: 4->4(7)
[2024-06-01T18:44:32.929-0300][gc,heap       ] GC(727) Old regions: 316->317
[2024-06-01T18:44:32.929-0300][gc,heap       ] GC(727) Humongous regions: 129->129
[2024-06-01T18:44:32.929-0300][gc,metaspace  ] GC(727) Metaspace: 45750K(48924K)->45750K(48924K) NonClass: 40011K(41680K)->40011K(41680K) Class: 5738K(7244K)->5738K(7244K)
[2024-06-01T18:44:32.929-0300][gc            ] GC(727) Pause Young (Normal) (G1 Evacuation Pause) 494M->448M(1024M) 20,029ms
[2024-06-01T18:44:32.929-0300][gc,cpu        ] GC(727) User=0,06s Sys=0,01s Real=0,02s
[2024-06-01T18:45:03.042-0300][gc,start      ] GC(728) Pause Young (Normal) (G1 Evacuation Pause)
[2024-06-01T18:45:03.042-0300][gc,task       ] GC(728) Using 4 workers of 4 for evacuation
[2024-06-01T18:45:03.062-0300][gc,phases     ] GC(728)   Pre Evacuate Collection Set: 0,1ms
[2024-06-01T18:45:03.062-0300][gc,phases     ] GC(728)   Evacuate Collection Set: 18,1ms
[2024-06-01T18:45:03.062-0300][gc,phases     ] GC(728)   Post Evacuate Collection Set: 1,0ms
[2024-06-01T18:45:03.062-0300][gc,phases     ] GC(728)   Other: 0,4ms
[2024-06-01T18:45:03.062-0300][gc,heap       ] GC(728) Eden regions: 47->0(47)
[2024-06-01T18:45:03.062-0300][gc,heap       ] GC(728) Survivor regions: 4->4(7)
[2024-06-01T18:45:03.062-0300][gc,heap       ] GC(728) Old regions: 317->318
[2024-06-01T18:45:03.062-0300][gc,heap       ] GC(728) Humongous regions: 129->129
[2024-06-01T18:45:03.062-0300][gc,metaspace  ] GC(728) Metaspace: 45750K(48924K)->45750K(48924K) NonClass: 40011K(41680K)->40011K(41680K) Class: 5738K(7244K)->5738K(7244K)
[2024-06-01T18:45:03.062-0300][gc            ] GC(728) Pause Young (Normal) (G1 Evacuation Pause) 495M->449M(1024M) 19,828ms
[2024-06-01T18:45:03.062-0300][gc,cpu        ] GC(728) User=0,07s Sys=0,00s Real=0,02s
[2024-06-01T18:45:33.292-0300][gc,start      ] GC(729) Pause Young (Normal) (G1 Evacuation Pause)
[2024-06-01T18:45:33.292-0300][gc,task       ] GC(729) Using 4 workers of 4 for evacuation
[2024-06-01T18:45:33.311-0300][gc,phases     ] GC(729)   Pre Evacuate Collection Set: 0,1ms
[2024-06-01T18:45:33.311-0300][gc,phases     ] GC(729)   Evacuate Collection Set: 17,8ms
[2024-06-01T18:45:33.311-0300][gc,phases     ] GC(729)   Post Evacuate Collection Set: 1,0ms
[2024-06-01T18:45:33.311-0300][gc,phases     ] GC(729)   Other: 0,5ms
[2024-06-01T18:45:33.312-0300][gc,heap       ] GC(729) Eden regions: 47->0(48)
[2024-06-01T18:45:33.312-0300][gc,heap       ] GC(729) Survivor regions: 4->4(7)
[2024-06-01T18:45:33.312-0300][gc,heap       ] GC(729) Old regions: 318->319
[2024-06-01T18:45:33.312-0300][gc,heap       ] GC(729) Humongous regions: 129->129
[2024-06-01T18:45:33.312-0300][gc,metaspace  ] GC(729) Metaspace: 45750K(48924K)->45750K(48924K) NonClass: 40011K(41680K)->40011K(41680K) Class: 5738K(7244K)->5738K(7244K)
[2024-06-01T18:45:33.312-0300][gc            ] GC(729) Pause Young (Normal) (G1 Evacuation Pause) 496M->450M(1024M) 19,630ms
[2024-06-01T18:45:33.312-0300][gc,cpu        ] GC(729) User=0,07s Sys=0,01s Real=0,02s
[2024-06-01T18:46:03.468-0300][gc,start      ] GC(730) Pause Young (Normal) (G1 Evacuation Pause)
[2024-06-01T18:46:03.468-0300][gc,task       ] GC(730) Using 4 workers of 4 for evacuation
[2024-06-01T18:46:03.487-0300][gc,phases     ] GC(730)   Pre Evacuate Collection Set: 0,1ms
[2024-06-01T18:46:03.487-0300][gc,phases     ] GC(730)   Evacuate Collection Set: 17,0ms
[2024-06-01T18:46:03.487-0300][gc,phases     ] GC(730)   Post Evacuate Collection Set: 1,0ms
[2024-06-01T18:46:03.487-0300][gc,phases     ] GC(730)   Other: 0,4ms
[2024-06-01T18:46:03.487-0300][gc,heap       ] GC(730) Eden regions: 47->0(48)
[2024-06-01T18:46:03.487-0300][gc,heap       ] GC(730) Survivor regions: 4->5(7)
[2024-06-01T18:46:03.487-0300][gc,heap       ] GC(730) Old regions: 319->319
[2024-06-01T18:46:03.487-0300][gc,heap       ] GC(730) Humongous regions: 129->129
[2024-06-01T18:46:03.487-0300][gc,metaspace  ] GC(730) Metaspace: 45750K(48924K)->45750K(48924K) NonClass: 40011K(41680K)->40011K(41680K) Class: 5738K(7244K)->5738K(7244K)
[2024-06-01T18:46:03.487-0300][gc            ] GC(730) Pause Young (Normal) (G1 Evacuation Pause) 497M->451M(1024M) 18,737ms
[2024-06-01T18:46:03.487-0300][gc,cpu        ] GC(730) User=0,07s Sys=0,00s Real=0,01s
[2024-06-01T18:46:32.783-0300][gc,start      ] GC(731) Pause Young (Normal) (G1 Evacuation Pause)
[2024-06-01T18:46:32.783-0300][gc,task       ] GC(731) Using 4 workers of 4 for evacuation
[2024-06-01T18:46:32.794-0300][gc,phases     ] GC(731)   Pre Evacuate Collection Set: 0,0ms
[2024-06-01T18:46:32.794-0300][gc,phases     ] GC(731)   Evacuate Collection Set: 10,2ms
[2024-06-01T18:46:32.794-0300][gc,phases     ] GC(731)   Post Evacuate Collection Set: 0,7ms
[2024-06-01T18:46:32.794-0300][gc,phases     ] GC(731)   Other: 0,2ms
[2024-06-01T18:46:32.794-0300][gc,heap       ] GC(731) Eden regions: 46->0(49)
[2024-06-01T18:46:32.794-0300][gc,heap       ] GC(731) Survivor regions: 5->5(7)
[2024-06-01T18:46:32.794-0300][gc,heap       ] GC(731) Old regions: 319->320
[2024-06-01T18:46:32.794-0300][gc,heap       ] GC(731) Humongous regions: 129->129
[2024-06-01T18:46:32.794-0300][gc,metaspace  ] GC(731) Metaspace: 45750K(48924K)->45750K(48924K) NonClass: 40011K(41680K)->40011K(41680K) Class: 5738K(7244K)->5738K(7244K)
[2024-06-01T18:46:32.794-0300][gc            ] GC(731) Pause Young (Normal) (G1 Evacuation Pause) 497M->452M(1024M) 11,297ms
[2024-06-01T18:46:32.794-0300][gc,cpu        ] GC(731) User=0,04s Sys=0,00s Real=0,01s
[2024-06-01T18:47:03.927-0300][gc,start      ] GC(732) Pause Young (Normal) (G1 Evacuation Pause)
[2024-06-01T18:47:03.927-0300][gc,task       ] GC(732) Using 4 workers of 4 for evacuation
[2024-06-01T18:47:03.949-0300][gc,mmu        ] GC(732) MMU target violated: 21,0ms (20,0ms/21,0ms)
[2024-06-01T18:47:03.949-0300][gc,phases     ] GC(732)   Pre Evacuate Collection Set: 0,1ms
[2024-06-01T18:47:03.949-0300][gc,phases     ] GC(732)   Evacuate Collection Set: 20,5ms
[2024-06-01T18:47:03.949-0300][gc,phases     ] GC(732)   Post Evacuate Collection Set: 1,0ms
[2024-06-01T18:47:03.949-0300][gc,phases     ] GC(732)   Other: 0,5ms
[2024-06-01T18:47:03.949-0300][gc,heap       ] GC(732) Eden regions: 49->0(48)
[2024-06-01T18:47:03.949-0300][gc,heap       ] GC(732) Survivor regions: 5->4(7)
[2024-06-01T18:47:03.949-0300][gc,heap       ] GC(732) Old regions: 320->322
[2024-06-01T18:47:03.949-0300][gc,heap       ] GC(732) Humongous regions: 129->129
[2024-06-01T18:47:03.949-0300][gc,metaspace  ] GC(732) Metaspace: 45750K(48924K)->45750K(48924K) NonClass: 40011K(41680K)->40011K(41680K) Class: 5738K(7244K)->5738K(7244K)
[2024-06-01T18:47:03.949-0300][gc            ] GC(732) Pause Young (Normal) (G1 Evacuation Pause) 501M->452M(1024M) 22,250ms
[2024-06-01T18:47:03.949-0300][gc,cpu        ] GC(732) User=0,08s Sys=0,00s Real=0,03s
[2024-06-01T18:47:34.712-0300][gc,start      ] GC(733) Pause Young (Normal) (G1 Evacuation Pause)
[2024-06-01T18:47:34.712-0300][gc,task       ] GC(733) Using 4 workers of 4 for evacuation
[2024-06-01T18:47:34.732-0300][gc,phases     ] GC(733)   Pre Evacuate Collection Set: 0,1ms
[2024-06-01T18:47:34.732-0300][gc,phases     ] GC(733)   Evacuate Collection Set: 18,7ms
[2024-06-01T18:47:34.732-0300][gc,phases     ] GC(733)   Post Evacuate Collection Set: 1,0ms
[2024-06-01T18:47:34.732-0300][gc,phases     ] GC(733)   Other: 0,5ms
[2024-06-01T18:47:34.732-0300][gc,heap       ] GC(733) Eden regions: 48->0(49)
[2024-06-01T18:47:34.732-0300][gc,heap       ] GC(733) Survivor regions: 4->5(7)
[2024-06-01T18:47:34.732-0300][gc,heap       ] GC(733) Old regions: 322->323
[2024-06-01T18:47:34.732-0300][gc,heap       ] GC(733) Humongous regions: 129->129
[2024-06-01T18:47:34.732-0300][gc,metaspace  ] GC(733) Metaspace: 45750K(48924K)->45750K(48924K) NonClass: 40011K(41680K)->40011K(41680K) Class: 5738K(7244K)->5738K(7244K)
[2024-06-01T18:47:34.732-0300][gc            ] GC(733) Pause Young (Normal) (G1 Evacuation Pause) 500M->454M(1024M) 20,531ms
[2024-06-01T18:47:34.732-0300][gc,cpu        ] GC(733) User=0,07s Sys=0,01s Real=0,02s
[2024-06-01T18:48:06.100-0300][gc,start      ] GC(734) Pause Young (Normal) (G1 Evacuation Pause)
[2024-06-01T18:48:06.100-0300][gc,task       ] GC(734) Using 4 workers of 4 for evacuation
[2024-06-01T18:48:06.120-0300][gc,phases     ] GC(734)   Pre Evacuate Collection Set: 0,1ms
[2024-06-01T18:48:06.120-0300][gc,phases     ] GC(734)   Evacuate Collection Set: 18,4ms
[2024-06-01T18:48:06.120-0300][gc,phases     ] GC(734)   Post Evacuate Collection Set: 0,9ms
[2024-06-01T18:48:06.120-0300][gc,phases     ] GC(734)   Other: 0,4ms
[2024-06-01T18:48:06.120-0300][gc,heap       ] GC(734) Eden regions: 49->0(47)
[2024-06-01T18:48:06.120-0300][gc,heap       ] GC(734) Survivor regions: 5->4(7)
[2024-06-01T18:48:06.120-0300][gc,heap       ] GC(734) Old regions: 323->324
[2024-06-01T18:48:06.120-0300][gc,heap       ] GC(734) Humongous regions: 129->129
[2024-06-01T18:48:06.120-0300][gc,metaspace  ] GC(734) Metaspace: 45750K(48924K)->45750K(48924K) NonClass: 40011K(41680K)->40011K(41680K) Class: 5738K(7244K)->5738K(7244K)
[2024-06-01T18:48:06.120-0300][gc            ] GC(734) Pause Young (Normal) (G1 Evacuation Pause) 503M->454M(1024M) 20,072ms
[2024-06-01T18:48:06.120-0300][gc,cpu        ] GC(734) User=0,07s Sys=0,00s Real=0,02s
[2024-06-01T18:48:35.891-0300][gc,start      ] GC(735) Pause Young (Normal) (G1 Evacuation Pause)
[2024-06-01T18:48:35.891-0300][gc,task       ] GC(735) Using 4 workers of 4 for evacuation
[2024-06-01T18:48:35.911-0300][gc,phases     ] GC(735)   Pre Evacuate Collection Set: 0,1ms
[2024-06-01T18:48:35.911-0300][gc,phases     ] GC(735)   Evacuate Collection Set: 18,4ms
[2024-06-01T18:48:35.911-0300][gc,phases     ] GC(735)   Post Evacuate Collection Set: 1,0ms
[2024-06-01T18:48:35.911-0300][gc,phases     ] GC(735)   Other: 0,5ms
[2024-06-01T18:48:35.911-0300][gc,heap       ] GC(735) Eden regions: 47->0(48)
[2024-06-01T18:48:35.911-0300][gc,heap       ] GC(735) Survivor regions: 4->5(7)
[2024-06-01T18:48:35.911-0300][gc,heap       ] GC(735) Old regions: 324->325
[2024-06-01T18:48:35.911-0300][gc,heap       ] GC(735) Humongous regions: 129->129
[2024-06-01T18:48:35.911-0300][gc,metaspace  ] GC(735) Metaspace: 45750K(48924K)->45750K(48924K) NonClass: 40011K(41680K)->40011K(41680K) Class: 5738K(7244K)->5738K(7244K)
[2024-06-01T18:48:35.911-0300][gc            ] GC(735) Pause Young (Normal) (G1 Evacuation Pause) 501M->456M(1024M) 20,176ms
[2024-06-01T18:48:35.911-0300][gc,cpu        ] GC(735) User=0,08s Sys=0,00s Real=0,02s
[2024-06-01T18:49:06.707-0300][gc,start      ] GC(736) Pause Young (Normal) (G1 Evacuation Pause)
[2024-06-01T18:49:06.707-0300][gc,task       ] GC(736) Using 4 workers of 4 for evacuation
[2024-06-01T18:49:06.727-0300][gc,phases     ] GC(736)   Pre Evacuate Collection Set: 0,1ms
[2024-06-01T18:49:06.727-0300][gc,phases     ] GC(736)   Evacuate Collection Set: 18,4ms
[2024-06-01T18:49:06.727-0300][gc,phases     ] GC(736)   Post Evacuate Collection Set: 1,1ms
[2024-06-01T18:49:06.727-0300][gc,phases     ] GC(736)   Other: 0,5ms
[2024-06-01T18:49:06.727-0300][gc,heap       ] GC(736) Eden regions: 48->0(48)
[2024-06-01T18:49:06.727-0300][gc,heap       ] GC(736) Survivor regions: 5->5(7)
[2024-06-01T18:49:06.727-0300][gc,heap       ] GC(736) Old regions: 325->326
[2024-06-01T18:49:06.727-0300][gc,heap       ] GC(736) Humongous regions: 129->129
[2024-06-01T18:49:06.727-0300][gc,metaspace  ] GC(736) Metaspace: 45750K(48924K)->45750K(48924K) NonClass: 40011K(41680K)->40011K(41680K) Class: 5738K(7244K)->5738K(7244K)
[2024-06-01T18:49:06.727-0300][gc            ] GC(736) Pause Young (Normal) (G1 Evacuation Pause) 504M->457M(1024M) 20,261ms
[2024-06-01T18:49:06.727-0300][gc,cpu        ] GC(736) User=0,07s Sys=0,00s Real=0,02s
[2024-06-01T18:49:37.688-0300][gc,start      ] GC(737) Pause Young (Normal) (G1 Evacuation Pause)
[2024-06-01T18:49:37.688-0300][gc,task       ] GC(737) Using 4 workers of 4 for evacuation
[2024-06-01T18:49:37.707-0300][gc,phases     ] GC(737)   Pre Evacuate Collection Set: 0,1ms
[2024-06-01T18:49:37.707-0300][gc,phases     ] GC(737)   Evacuate Collection Set: 17,1ms
[2024-06-01T18:49:37.707-0300][gc,phases     ] GC(737)   Post Evacuate Collection Set: 1,1ms
[2024-06-01T18:49:37.707-0300][gc,phases     ] GC(737)   Other: 0,5ms
[2024-06-01T18:49:37.707-0300][gc,heap       ] GC(737) Eden regions: 48->0(48)
[2024-06-01T18:49:37.707-0300][gc,heap       ] GC(737) Survivor regions: 5->4(7)
[2024-06-01T18:49:37.707-0300][gc,heap       ] GC(737) Old regions: 326->327
[2024-06-01T18:49:37.707-0300][gc,heap       ] GC(737) Humongous regions: 129->129
[2024-06-01T18:49:37.707-0300][gc,metaspace  ] GC(737) Metaspace: 45750K(48924K)->45750K(48924K) NonClass: 40011K(41680K)->40011K(41680K) Class: 5738K(7244K)->5738K(7244K)
[2024-06-01T18:49:37.707-0300][gc            ] GC(737) Pause Young (Normal) (G1 Evacuation Pause) 505M->457M(1024M) 18,985ms
[2024-06-01T18:49:37.707-0300][gc,cpu        ] GC(737) User=0,07s Sys=0,00s Real=0,01s
[2024-06-01T18:50:08.238-0300][gc,start      ] GC(738) Pause Young (Normal) (G1 Evacuation Pause)
[2024-06-01T18:50:08.238-0300][gc,task       ] GC(738) Using 4 workers of 4 for evacuation
[2024-06-01T18:50:08.257-0300][gc,phases     ] GC(738)   Pre Evacuate Collection Set: 0,1ms
[2024-06-01T18:50:08.257-0300][gc,phases     ] GC(738)   Evacuate Collection Set: 16,9ms
[2024-06-01T18:50:08.257-0300][gc,phases     ] GC(738)   Post Evacuate Collection Set: 1,0ms
[2024-06-01T18:50:08.257-0300][gc,phases     ] GC(738)   Other: 0,4ms
[2024-06-01T18:50:08.257-0300][gc,heap       ] GC(738) Eden regions: 48->0(49)
[2024-06-01T18:50:08.257-0300][gc,heap       ] GC(738) Survivor regions: 4->5(7)
[2024-06-01T18:50:08.257-0300][gc,heap       ] GC(738) Old regions: 327->327
[2024-06-01T18:50:08.257-0300][gc,heap       ] GC(738) Humongous regions: 129->129
[2024-06-01T18:50:08.257-0300][gc,metaspace  ] GC(738) Metaspace: 45750K(48924K)->45750K(48924K) NonClass: 40011K(41680K)->40011K(41680K) Class: 5738K(7244K)->5738K(7244K)
[2024-06-01T18:50:08.257-0300][gc            ] GC(738) Pause Young (Normal) (G1 Evacuation Pause) 505M->458M(1024M) 18,655ms
[2024-06-01T18:50:08.257-0300][gc,cpu        ] GC(738) User=0,07s Sys=0,00s Real=0,02s
[2024-06-01T18:50:37.989-0300][gc,start      ] GC(739) Pause Young (Normal) (G1 Evacuation Pause)
[2024-06-01T18:50:37.989-0300][gc,task       ] GC(739) Using 4 workers of 4 for evacuation
[2024-06-01T18:50:38.011-0300][gc,mmu        ] GC(739) MMU target violated: 21,0ms (20,0ms/21,0ms)
[2024-06-01T18:50:38.011-0300][gc,phases     ] GC(739)   Pre Evacuate Collection Set: 0,1ms
[2024-06-01T18:50:38.011-0300][gc,phases     ] GC(739)   Evacuate Collection Set: 20,4ms
[2024-06-01T18:50:38.011-0300][gc,phases     ] GC(739)   Post Evacuate Collection Set: 1,0ms
[2024-06-01T18:50:38.011-0300][gc,phases     ] GC(739)   Other: 0,5ms
[2024-06-01T18:50:38.011-0300][gc,heap       ] GC(739) Eden regions: 46->0(47)
[2024-06-01T18:50:38.011-0300][gc,heap       ] GC(739) Survivor regions: 5->4(7)
[2024-06-01T18:50:38.011-0300][gc,heap       ] GC(739) Old regions: 327->328
[2024-06-01T18:50:38.011-0300][gc,heap       ] GC(739) Humongous regions: 129->129
[2024-06-01T18:50:38.011-0300][gc,metaspace  ] GC(739) Metaspace: 45750K(48924K)->45750K(48924K) NonClass: 40011K(41680K)->40011K(41680K) Class: 5738K(7244K)->5738K(7244K)
[2024-06-01T18:50:38.012-0300][gc            ] GC(739) Pause Young (Normal) (G1 Evacuation Pause) 504M->459M(1024M) 22,276ms
[2024-06-01T18:50:38.012-0300][gc,cpu        ] GC(739) User=0,08s Sys=0,00s Real=0,02s
[2024-06-01T18:51:08.089-0300][gc,start      ] GC(740) Pause Young (Normal) (G1 Evacuation Pause)
[2024-06-01T18:51:08.090-0300][gc,task       ] GC(740) Using 4 workers of 4 for evacuation
[2024-06-01T18:51:08.109-0300][gc,phases     ] GC(740)   Pre Evacuate Collection Set: 0,1ms
[2024-06-01T18:51:08.109-0300][gc,phases     ] GC(740)   Evacuate Collection Set: 18,2ms
[2024-06-01T18:51:08.109-0300][gc,phases     ] GC(740)   Post Evacuate Collection Set: 1,0ms
[2024-06-01T18:51:08.109-0300][gc,phases     ] GC(740)   Other: 0,5ms
[2024-06-01T18:51:08.109-0300][gc,heap       ] GC(740) Eden regions: 47->0(47)
[2024-06-01T18:51:08.109-0300][gc,heap       ] GC(740) Survivor regions: 4->4(7)
[2024-06-01T18:51:08.109-0300][gc,heap       ] GC(740) Old regions: 328->329
[2024-06-01T18:51:08.109-0300][gc,heap       ] GC(740) Humongous regions: 129->129
[2024-06-01T18:51:08.109-0300][gc,metaspace  ] GC(740) Metaspace: 45750K(48924K)->45750K(48924K) NonClass: 40011K(41680K)->40011K(41680K) Class: 5738K(7244K)->5738K(7244K)
[2024-06-01T18:51:08.110-0300][gc            ] GC(740) Pause Young (Normal) (G1 Evacuation Pause) 506M->460M(1024M) 20,052ms
[2024-06-01T18:51:08.110-0300][gc,cpu        ] GC(740) User=0,07s Sys=0,00s Real=0,02s
[2024-06-01T18:51:38.070-0300][gc,start      ] GC(741) Pause Young (Normal) (G1 Evacuation Pause)
[2024-06-01T18:51:38.070-0300][gc,task       ] GC(741) Using 4 workers of 4 for evacuation
[2024-06-01T18:51:38.090-0300][gc,phases     ] GC(741)   Pre Evacuate Collection Set: 0,1ms
[2024-06-01T18:51:38.090-0300][gc,phases     ] GC(741)   Evacuate Collection Set: 18,4ms
[2024-06-01T18:51:38.090-0300][gc,phases     ] GC(741)   Post Evacuate Collection Set: 1,0ms
[2024-06-01T18:51:38.090-0300][gc,phases     ] GC(741)   Other: 0,4ms
[2024-06-01T18:51:38.090-0300][gc,heap       ] GC(741) Eden regions: 47->0(47)
[2024-06-01T18:51:38.090-0300][gc,heap       ] GC(741) Survivor regions: 4->4(7)
[2024-06-01T18:51:38.090-0300][gc,heap       ] GC(741) Old regions: 329->330
[2024-06-01T18:51:38.090-0300][gc,heap       ] GC(741) Humongous regions: 129->129
[2024-06-01T18:51:38.090-0300][gc,metaspace  ] GC(741) Metaspace: 45750K(48924K)->45750K(48924K) NonClass: 40011K(41680K)->40011K(41680K) Class: 5738K(7244K)->5738K(7244K)
[2024-06-01T18:51:38.090-0300][gc            ] GC(741) Pause Young (Normal) (G1 Evacuation Pause) 507M->461M(1024M) 20,198ms
[2024-06-01T18:51:38.090-0300][gc,cpu        ] GC(741) User=0,07s Sys=0,00s Real=0,02s
[2024-06-01T18:52:08.442-0300][gc,start      ] GC(742) Pause Young (Normal) (G1 Evacuation Pause)
[2024-06-01T18:52:08.442-0300][gc,task       ] GC(742) Using 4 workers of 4 for evacuation
[2024-06-01T18:52:08.462-0300][gc,phases     ] GC(742)   Pre Evacuate Collection Set: 0,1ms
[2024-06-01T18:52:08.462-0300][gc,phases     ] GC(742)   Evacuate Collection Set: 18,2ms
[2024-06-01T18:52:08.462-0300][gc,phases     ] GC(742)   Post Evacuate Collection Set: 1,0ms
[2024-06-01T18:52:08.462-0300][gc,phases     ] GC(742)   Other: 0,4ms
[2024-06-01T18:52:08.462-0300][gc,heap       ] GC(742) Eden regions: 47->0(47)
[2024-06-01T18:52:08.462-0300][gc,heap       ] GC(742) Survivor regions: 4->4(7)
[2024-06-01T18:52:08.462-0300][gc,heap       ] GC(742) Old regions: 330->331
[2024-06-01T18:52:08.462-0300][gc,heap       ] GC(742) Humongous regions: 129->129
[2024-06-01T18:52:08.462-0300][gc,metaspace  ] GC(742) Metaspace: 45750K(48924K)->45750K(48924K) NonClass: 40011K(41680K)->40011K(41680K) Class: 5738K(7244K)->5738K(7244K)
[2024-06-01T18:52:08.462-0300][gc            ] GC(742) Pause Young (Normal) (G1 Evacuation Pause) 508M->462M(1024M) 20,017ms
[2024-06-01T18:52:08.462-0300][gc,cpu        ] GC(742) User=0,07s Sys=0,00s Real=0,02s
[2024-06-01T18:52:38.533-0300][gc,start      ] GC(743) Pause Young (Normal) (G1 Evacuation Pause)
[2024-06-01T18:52:38.533-0300][gc,task       ] GC(743) Using 4 workers of 4 for evacuation
[2024-06-01T18:52:38.553-0300][gc,phases     ] GC(743)   Pre Evacuate Collection Set: 0,1ms
[2024-06-01T18:52:38.553-0300][gc,phases     ] GC(743)   Evacuate Collection Set: 18,6ms
[2024-06-01T18:52:38.553-0300][gc,phases     ] GC(743)   Post Evacuate Collection Set: 1,0ms
[2024-06-01T18:52:38.553-0300][gc,phases     ] GC(743)   Other: 0,4ms
[2024-06-01T18:52:38.553-0300][gc,heap       ] GC(743) Eden regions: 47->0(47)
[2024-06-01T18:52:38.553-0300][gc,heap       ] GC(743) Survivor regions: 4->4(7)
[2024-06-01T18:52:38.553-0300][gc,heap       ] GC(743) Old regions: 331->332
[2024-06-01T18:52:38.553-0300][gc,heap       ] GC(743) Humongous regions: 129->129
[2024-06-01T18:52:38.553-0300][gc,metaspace  ] GC(743) Metaspace: 45750K(48924K)->45750K(48924K) NonClass: 40011K(41680K)->40011K(41680K) Class: 5738K(7244K)->5738K(7244K)
[2024-06-01T18:52:38.554-0300][gc            ] GC(743) Pause Young (Normal) (G1 Evacuation Pause) 509M->463M(1024M) 20,406ms
[2024-06-01T18:52:38.554-0300][gc,cpu        ] GC(743) User=0,06s Sys=0,01s Real=0,02s
[2024-06-01T18:53:08.365-0300][gc,start      ] GC(744) Pause Young (Normal) (G1 Evacuation Pause)
[2024-06-01T18:53:08.365-0300][gc,task       ] GC(744) Using 4 workers of 4 for evacuation
[2024-06-01T18:53:08.373-0300][gc,phases     ] GC(744)   Pre Evacuate Collection Set: 0,0ms
[2024-06-01T18:53:08.373-0300][gc,phases     ] GC(744)   Evacuate Collection Set: 6,7ms
[2024-06-01T18:53:08.373-0300][gc,phases     ] GC(744)   Post Evacuate Collection Set: 0,6ms
[2024-06-01T18:53:08.373-0300][gc,phases     ] GC(744)   Other: 0,2ms
[2024-06-01T18:53:08.373-0300][gc,heap       ] GC(744) Eden regions: 47->0(49)
[2024-06-01T18:53:08.373-0300][gc,heap       ] GC(744) Survivor regions: 4->5(7)
[2024-06-01T18:53:08.373-0300][gc,heap       ] GC(744) Old regions: 332->333
[2024-06-01T18:53:08.373-0300][gc,heap       ] GC(744) Humongous regions: 129->129
[2024-06-01T18:53:08.373-0300][gc,metaspace  ] GC(744) Metaspace: 45750K(48924K)->45750K(48924K) NonClass: 40011K(41680K)->40011K(41680K) Class: 5738K(7244K)->5738K(7244K)
[2024-06-01T18:53:08.373-0300][gc            ] GC(744) Pause Young (Normal) (G1 Evacuation Pause) 510M->464M(1024M) 7,615ms
[2024-06-01T18:53:08.373-0300][gc,cpu        ] GC(744) User=0,02s Sys=0,00s Real=0,01s
[2024-06-01T18:53:39.819-0300][gc,start      ] GC(745) Pause Young (Normal) (G1 Evacuation Pause)
[2024-06-01T18:53:39.819-0300][gc,task       ] GC(745) Using 4 workers of 4 for evacuation
[2024-06-01T18:53:39.837-0300][gc,phases     ] GC(745)   Pre Evacuate Collection Set: 0,1ms
[2024-06-01T18:53:39.838-0300][gc,phases     ] GC(745)   Evacuate Collection Set: 17,4ms
[2024-06-01T18:53:39.838-0300][gc,phases     ] GC(745)   Post Evacuate Collection Set: 1,0ms
[2024-06-01T18:53:39.838-0300][gc,phases     ] GC(745)   Other: 0,4ms
[2024-06-01T18:53:39.838-0300][gc,heap       ] GC(745) Eden regions: 49->0(48)
[2024-06-01T18:53:39.838-0300][gc,heap       ] GC(745) Survivor regions: 5->4(7)
[2024-06-01T18:53:39.838-0300][gc,heap       ] GC(745) Old regions: 333->334
[2024-06-01T18:53:39.838-0300][gc,heap       ] GC(745) Humongous regions: 129->129
[2024-06-01T18:53:39.838-0300][gc,metaspace  ] GC(745) Metaspace: 45750K(48924K)->45750K(48924K) NonClass: 40011K(41680K)->40011K(41680K) Class: 5738K(7244K)->5738K(7244K)
[2024-06-01T18:53:39.838-0300][gc            ] GC(745) Pause Young (Normal) (G1 Evacuation Pause) 513M->465M(1024M) 19,134ms
[2024-06-01T18:53:39.838-0300][gc,cpu        ] GC(745) User=0,07s Sys=0,00s Real=0,02s
[2024-06-01T18:54:10.006-0300][gc,start      ] GC(746) Pause Young (Normal) (G1 Evacuation Pause)
[2024-06-01T18:54:10.006-0300][gc,task       ] GC(746) Using 4 workers of 4 for evacuation
[2024-06-01T18:54:10.025-0300][gc,phases     ] GC(746)   Pre Evacuate Collection Set: 0,1ms
[2024-06-01T18:54:10.025-0300][gc,phases     ] GC(746)   Evacuate Collection Set: 17,1ms
[2024-06-01T18:54:10.025-0300][gc,phases     ] GC(746)   Post Evacuate Collection Set: 1,4ms
[2024-06-01T18:54:10.025-0300][gc,phases     ] GC(746)   Other: 0,4ms
[2024-06-01T18:54:10.025-0300][gc,heap       ] GC(746) Eden regions: 48->0(48)
[2024-06-01T18:54:10.025-0300][gc,heap       ] GC(746) Survivor regions: 4->5(7)
[2024-06-01T18:54:10.025-0300][gc,heap       ] GC(746) Old regions: 334->334
[2024-06-01T18:54:10.025-0300][gc,heap       ] GC(746) Humongous regions: 129->129
[2024-06-01T18:54:10.025-0300][gc,metaspace  ] GC(746) Metaspace: 45750K(48924K)->45750K(48924K) NonClass: 40011K(41680K)->40011K(41680K) Class: 5738K(7244K)->5738K(7244K)
[2024-06-01T18:54:10.025-0300][gc            ] GC(746) Pause Young (Normal) (G1 Evacuation Pause) 513M->466M(1024M) 19,196ms
[2024-06-01T18:54:10.025-0300][gc,cpu        ] GC(746) User=0,06s Sys=0,00s Real=0,02s
[2024-06-01T18:54:39.749-0300][gc,start      ] GC(747) Pause Young (Normal) (G1 Evacuation Pause)
[2024-06-01T18:54:39.749-0300][gc,task       ] GC(747) Using 4 workers of 4 for evacuation
[2024-06-01T18:54:39.769-0300][gc,mmu        ] GC(747) MMU target violated: 20,5ms (20,0ms/21,0ms)
[2024-06-01T18:54:39.769-0300][gc,phases     ] GC(747)   Pre Evacuate Collection Set: 0,1ms
[2024-06-01T18:54:39.769-0300][gc,phases     ] GC(747)   Evacuate Collection Set: 19,3ms
[2024-06-01T18:54:39.770-0300][gc,phases     ] GC(747)   Post Evacuate Collection Set: 1,0ms
[2024-06-01T18:54:39.770-0300][gc,phases     ] GC(747)   Other: 0,5ms
[2024-06-01T18:54:39.770-0300][gc,heap       ] GC(747) Eden regions: 46->0(47)
[2024-06-01T18:54:39.770-0300][gc,heap       ] GC(747) Survivor regions: 5->5(7)
[2024-06-01T18:54:39.770-0300][gc,heap       ] GC(747) Old regions: 334->335
[2024-06-01T18:54:39.770-0300][gc,heap       ] GC(747) Humongous regions: 129->129
[2024-06-01T18:54:39.770-0300][gc,metaspace  ] GC(747) Metaspace: 45750K(48924K)->45750K(48924K) NonClass: 40011K(41680K)->40011K(41680K) Class: 5738K(7244K)->5738K(7244K)
[2024-06-01T18:54:39.770-0300][gc            ] GC(747) Pause Young (Normal) (G1 Evacuation Pause) 512M->467M(1024M) 21,088ms
[2024-06-01T18:54:39.770-0300][gc,cpu        ] GC(747) User=0,07s Sys=0,00s Real=0,02s
[2024-06-01T18:55:09.365-0300][gc,start      ] GC(748) Pause Young (Normal) (G1 Evacuation Pause)
[2024-06-01T18:55:09.365-0300][gc,task       ] GC(748) Using 4 workers of 4 for evacuation
[2024-06-01T18:55:09.373-0300][gc,phases     ] GC(748)   Pre Evacuate Collection Set: 0,0ms
[2024-06-01T18:55:09.373-0300][gc,phases     ] GC(748)   Evacuate Collection Set: 7,2ms
[2024-06-01T18:55:09.373-0300][gc,phases     ] GC(748)   Post Evacuate Collection Set: 0,5ms
[2024-06-01T18:55:09.373-0300][gc,phases     ] GC(748)   Other: 0,2ms
[2024-06-01T18:55:09.373-0300][gc,heap       ] GC(748) Eden regions: 47->0(50)
[2024-06-01T18:55:09.373-0300][gc,heap       ] GC(748) Survivor regions: 5->4(7)
[2024-06-01T18:55:09.373-0300][gc,heap       ] GC(748) Old regions: 335->337
[2024-06-01T18:55:09.373-0300][gc,heap       ] GC(748) Humongous regions: 129->129
[2024-06-01T18:55:09.373-0300][gc,metaspace  ] GC(748) Metaspace: 45750K(48924K)->45750K(48924K) NonClass: 40011K(41680K)->40011K(41680K) Class: 5738K(7244K)->5738K(7244K)
[2024-06-01T18:55:09.373-0300][gc            ] GC(748) Pause Young (Normal) (G1 Evacuation Pause) 514M->467M(1024M) 8,055ms
[2024-06-01T18:55:09.373-0300][gc,cpu        ] GC(748) User=0,02s Sys=0,00s Real=0,01s
[2024-06-01T18:55:41.269-0300][gc,start      ] GC(749) Pause Young (Normal) (G1 Evacuation Pause)
[2024-06-01T18:55:41.270-0300][gc,task       ] GC(749) Using 4 workers of 4 for evacuation
[2024-06-01T18:55:41.289-0300][gc,phases     ] GC(749)   Pre Evacuate Collection Set: 0,1ms
[2024-06-01T18:55:41.289-0300][gc,phases     ] GC(749)   Evacuate Collection Set: 18,1ms
[2024-06-01T18:55:41.289-0300][gc,phases     ] GC(749)   Post Evacuate Collection Set: 1,0ms
[2024-06-01T18:55:41.289-0300][gc,phases     ] GC(749)   Other: 0,4ms
[2024-06-01T18:55:41.289-0300][gc,heap       ] GC(749) Eden regions: 50->0(51)
[2024-06-01T18:55:41.289-0300][gc,heap       ] GC(749) Survivor regions: 4->5(7)
[2024-06-01T18:55:41.289-0300][gc,heap       ] GC(749) Old regions: 337->338
[2024-06-01T18:55:41.289-0300][gc,heap       ] GC(749) Humongous regions: 129->129
[2024-06-01T18:55:41.289-0300][gc,metaspace  ] GC(749) Metaspace: 45750K(48924K)->45750K(48924K) NonClass: 40011K(41680K)->40011K(41680K) Class: 5738K(7244K)->5738K(7244K)
[2024-06-01T18:55:41.289-0300][gc            ] GC(749) Pause Young (Normal) (G1 Evacuation Pause) 517M->469M(1024M) 19,958ms
[2024-06-01T18:55:41.289-0300][gc,cpu        ] GC(749) User=0,07s Sys=0,00s Real=0,02s
[2024-06-01T18:56:14.369-0300][gc,start      ] GC(750) Pause Young (Normal) (G1 Evacuation Pause)
[2024-06-01T18:56:14.370-0300][gc,task       ] GC(750) Using 4 workers of 4 for evacuation
[2024-06-01T18:56:14.390-0300][gc,mmu        ] GC(750) MMU target violated: 20,1ms (20,0ms/21,0ms)
[2024-06-01T18:56:14.390-0300][gc,phases     ] GC(750)   Pre Evacuate Collection Set: 0,1ms
[2024-06-01T18:56:14.390-0300][gc,phases     ] GC(750)   Evacuate Collection Set: 18,8ms
[2024-06-01T18:56:14.390-0300][gc,phases     ] GC(750)   Post Evacuate Collection Set: 1,1ms
[2024-06-01T18:56:14.390-0300][gc,phases     ] GC(750)   Other: 0,5ms
[2024-06-01T18:56:14.390-0300][gc,heap       ] GC(750) Eden regions: 51->0(50)
[2024-06-01T18:56:14.390-0300][gc,heap       ] GC(750) Survivor regions: 5->5(7)
[2024-06-01T18:56:14.390-0300][gc,heap       ] GC(750) Old regions: 338->339
[2024-06-01T18:56:14.390-0300][gc,heap       ] GC(750) Humongous regions: 129->129
[2024-06-01T18:56:14.390-0300][gc,metaspace  ] GC(750) Metaspace: 45750K(48924K)->45750K(48924K) NonClass: 40011K(41680K)->40011K(41680K) Class: 5738K(7244K)->5738K(7244K)
[2024-06-01T18:56:14.390-0300][gc            ] GC(750) Pause Young (Normal) (G1 Evacuation Pause) 520M->470M(1024M) 20,679ms
[2024-06-01T18:56:14.390-0300][gc,cpu        ] GC(750) User=0,08s Sys=0,00s Real=0,02s
[2024-06-01T18:56:43.914-0300][gc,start      ] GC(751) Pause Young (Normal) (G1 Evacuation Pause)
[2024-06-01T18:56:43.914-0300][gc,task       ] GC(751) Using 4 workers of 4 for evacuation
[2024-06-01T18:56:43.934-0300][gc,phases     ] GC(751)   Pre Evacuate Collection Set: 0,1ms
[2024-06-01T18:56:43.934-0300][gc,phases     ] GC(751)   Evacuate Collection Set: 18,5ms
[2024-06-01T18:56:43.934-0300][gc,phases     ] GC(751)   Post Evacuate Collection Set: 1,0ms
[2024-06-01T18:56:43.934-0300][gc,phases     ] GC(751)   Other: 0,4ms
[2024-06-01T18:56:43.934-0300][gc,heap       ] GC(751) Eden regions: 46->0(51)
[2024-06-01T18:56:43.934-0300][gc,heap       ] GC(751) Survivor regions: 5->5(7)
[2024-06-01T18:56:43.934-0300][gc,heap       ] GC(751) Old regions: 339->340
[2024-06-01T18:56:43.934-0300][gc,heap       ] GC(751) Humongous regions: 129->129
[2024-06-01T18:56:43.934-0300][gc,metaspace  ] GC(751) Metaspace: 45750K(48924K)->45750K(48924K) NonClass: 40011K(41680K)->40011K(41680K) Class: 5738K(7244K)->5738K(7244K)
[2024-06-01T18:56:43.934-0300][gc            ] GC(751) Pause Young (Normal) (G1 Evacuation Pause) 516M->471M(1024M) 20,241ms
[2024-06-01T18:56:43.935-0300][gc,cpu        ] GC(751) User=0,08s Sys=0,00s Real=0,02s
[2024-06-01T18:57:16.373-0300][gc,start      ] GC(752) Pause Young (Normal) (G1 Evacuation Pause)
[2024-06-01T18:57:16.373-0300][gc,task       ] GC(752) Using 4 workers of 4 for evacuation
[2024-06-01T18:57:16.393-0300][gc,mmu        ] GC(752) MMU target violated: 20,4ms (20,0ms/21,0ms)
[2024-06-01T18:57:16.394-0300][gc,phases     ] GC(752)   Pre Evacuate Collection Set: 0,1ms
[2024-06-01T18:57:16.394-0300][gc,phases     ] GC(752)   Evacuate Collection Set: 19,1ms
[2024-06-01T18:57:16.394-0300][gc,phases     ] GC(752)   Post Evacuate Collection Set: 1,0ms
[2024-06-01T18:57:16.394-0300][gc,phases     ] GC(752)   Other: 0,6ms
[2024-06-01T18:57:16.394-0300][gc,heap       ] GC(752) Eden regions: 51->0(51)
[2024-06-01T18:57:16.394-0300][gc,heap       ] GC(752) Survivor regions: 5->5(7)
[2024-06-01T18:57:16.394-0300][gc,heap       ] GC(752) Old regions: 340->341
[2024-06-01T18:57:16.394-0300][gc,heap       ] GC(752) Humongous regions: 129->129
[2024-06-01T18:57:16.394-0300][gc,metaspace  ] GC(752) Metaspace: 45750K(48924K)->45750K(48924K) NonClass: 40011K(41680K)->40011K(41680K) Class: 5738K(7244K)->5738K(7244K)
[2024-06-01T18:57:16.394-0300][gc            ] GC(752) Pause Young (Normal) (G1 Evacuation Pause) 522M->472M(1024M) 20,977ms
[2024-06-01T18:57:16.394-0300][gc,cpu        ] GC(752) User=0,08s Sys=0,00s Real=0,02s
[2024-06-01T18:57:48.750-0300][gc,start      ] GC(753) Pause Young (Normal) (G1 Evacuation Pause)
[2024-06-01T18:57:48.750-0300][gc,task       ] GC(753) Using 4 workers of 4 for evacuation
[2024-06-01T18:57:48.769-0300][gc,phases     ] GC(753)   Pre Evacuate Collection Set: 0,1ms
[2024-06-01T18:57:48.769-0300][gc,phases     ] GC(753)   Evacuate Collection Set: 17,5ms
[2024-06-01T18:57:48.769-0300][gc,phases     ] GC(753)   Post Evacuate Collection Set: 1,1ms
[2024-06-01T18:57:48.769-0300][gc,phases     ] GC(753)   Other: 0,4ms
[2024-06-01T18:57:48.769-0300][gc,heap       ] GC(753) Eden regions: 51->0(50)
[2024-06-01T18:57:48.769-0300][gc,heap       ] GC(753) Survivor regions: 5->4(7)
[2024-06-01T18:57:48.769-0300][gc,heap       ] GC(753) Old regions: 341->342
[2024-06-01T18:57:48.769-0300][gc,heap       ] GC(753) Humongous regions: 129->129
[2024-06-01T18:57:48.770-0300][gc,metaspace  ] GC(753) Metaspace: 45750K(48924K)->45750K(48924K) NonClass: 40011K(41680K)->40011K(41680K) Class: 5738K(7244K)->5738K(7244K)
[2024-06-01T18:57:48.770-0300][gc            ] GC(753) Pause Young (Normal) (G1 Evacuation Pause) 523M->472M(1024M) 19,283ms
[2024-06-01T18:57:48.770-0300][gc,cpu        ] GC(753) User=0,08s Sys=0,00s Real=0,02s
[2024-06-01T18:58:20.440-0300][gc,start      ] GC(754) Pause Young (Normal) (G1 Evacuation Pause)
[2024-06-01T18:58:20.440-0300][gc,task       ] GC(754) Using 4 workers of 4 for evacuation
[2024-06-01T18:58:20.459-0300][gc,phases     ] GC(754)   Pre Evacuate Collection Set: 0,1ms
[2024-06-01T18:58:20.459-0300][gc,phases     ] GC(754)   Evacuate Collection Set: 17,4ms
[2024-06-01T18:58:20.459-0300][gc,phases     ] GC(754)   Post Evacuate Collection Set: 1,0ms
[2024-06-01T18:58:20.459-0300][gc,phases     ] GC(754)   Other: 0,4ms
[2024-06-01T18:58:20.459-0300][gc,heap       ] GC(754) Eden regions: 50->0(51)
[2024-06-01T18:58:20.459-0300][gc,heap       ] GC(754) Survivor regions: 4->5(7)
[2024-06-01T18:58:20.459-0300][gc,heap       ] GC(754) Old regions: 342->342
[2024-06-01T18:58:20.459-0300][gc,heap       ] GC(754) Humongous regions: 129->129
[2024-06-01T18:58:20.459-0300][gc,metaspace  ] GC(754) Metaspace: 45750K(48924K)->45750K(48924K) NonClass: 40011K(41680K)->40011K(41680K) Class: 5738K(7244K)->5738K(7244K)
[2024-06-01T18:58:20.459-0300][gc            ] GC(754) Pause Young (Normal) (G1 Evacuation Pause) 522M->473M(1024M) 19,131ms
[2024-06-01T18:58:20.459-0300][gc,cpu        ] GC(754) User=0,06s Sys=0,01s Real=0,02s
[2024-06-01T18:58:49.120-0300][gc,start      ] GC(755) Pause Young (Normal) (G1 Evacuation Pause)
[2024-06-01T18:58:49.120-0300][gc,task       ] GC(755) Using 4 workers of 4 for evacuation
[2024-06-01T18:58:49.142-0300][gc,mmu        ] GC(755) MMU target violated: 21,0ms (20,0ms/21,0ms)
[2024-06-01T18:58:49.142-0300][gc,phases     ] GC(755)   Pre Evacuate Collection Set: 0,1ms
[2024-06-01T18:58:49.142-0300][gc,phases     ] GC(755)   Evacuate Collection Set: 20,3ms
[2024-06-01T18:58:49.142-0300][gc,phases     ] GC(755)   Post Evacuate Collection Set: 1,0ms
[2024-06-01T18:58:49.142-0300][gc,phases     ] GC(755)   Other: 0,5ms
[2024-06-01T18:58:49.142-0300][gc,heap       ] GC(755) Eden regions: 46->0(47)
[2024-06-01T18:58:49.142-0300][gc,heap       ] GC(755) Survivor regions: 5->4(7)
[2024-06-01T18:58:49.142-0300][gc,heap       ] GC(755) Old regions: 342->344
[2024-06-01T18:58:49.142-0300][gc,heap       ] GC(755) Humongous regions: 129->129
[2024-06-01T18:58:49.143-0300][gc,metaspace  ] GC(755) Metaspace: 45750K(48924K)->45750K(48924K) NonClass: 40011K(41680K)->40011K(41680K) Class: 5738K(7244K)->5738K(7244K)
[2024-06-01T18:58:49.143-0300][gc            ] GC(755) Pause Young (Normal) (G1 Evacuation Pause) 519M->474M(1024M) 22,188ms
[2024-06-01T18:58:49.143-0300][gc,cpu        ] GC(755) User=0,08s Sys=0,00s Real=0,02s
[2024-06-01T18:59:18.841-0300][gc,start      ] GC(756) Pause Young (Normal) (G1 Evacuation Pause)
[2024-06-01T18:59:18.841-0300][gc,task       ] GC(756) Using 4 workers of 4 for evacuation
[2024-06-01T18:59:18.861-0300][gc,mmu        ] GC(756) MMU target violated: 20,2ms (20,0ms/21,0ms)
[2024-06-01T18:59:18.861-0300][gc,phases     ] GC(756)   Pre Evacuate Collection Set: 0,1ms
[2024-06-01T18:59:18.862-0300][gc,phases     ] GC(756)   Evacuate Collection Set: 18,9ms
[2024-06-01T18:59:18.862-0300][gc,phases     ] GC(756)   Post Evacuate Collection Set: 1,1ms
[2024-06-01T18:59:18.862-0300][gc,phases     ] GC(756)   Other: 0,5ms
[2024-06-01T18:59:18.862-0300][gc,heap       ] GC(756) Eden regions: 47->0(47)
[2024-06-01T18:59:18.862-0300][gc,heap       ] GC(756) Survivor regions: 4->4(7)
[2024-06-01T18:59:18.862-0300][gc,heap       ] GC(756) Old regions: 344->345
[2024-06-01T18:59:18.862-0300][gc,heap       ] GC(756) Humongous regions: 129->129
[2024-06-01T18:59:18.862-0300][gc,metaspace  ] GC(756) Metaspace: 45750K(48924K)->45750K(48924K) NonClass: 40011K(41680K)->40011K(41680K) Class: 5738K(7244K)->5738K(7244K)
[2024-06-01T18:59:18.862-0300][gc            ] GC(756) Pause Young (Normal) (G1 Evacuation Pause) 521M->475M(1024M) 20,712ms
[2024-06-01T18:59:18.862-0300][gc,cpu        ] GC(756) User=0,07s Sys=0,00s Real=0,02s
[2024-06-01T18:59:49.253-0300][gc,start      ] GC(757) Pause Young (Normal) (G1 Evacuation Pause)
[2024-06-01T18:59:49.253-0300][gc,task       ] GC(757) Using 4 workers of 4 for evacuation
[2024-06-01T18:59:49.273-0300][gc,phases     ] GC(757)   Pre Evacuate Collection Set: 0,1ms
[2024-06-01T18:59:49.273-0300][gc,phases     ] GC(757)   Evacuate Collection Set: 18,6ms
[2024-06-01T18:59:49.273-0300][gc,phases     ] GC(757)   Post Evacuate Collection Set: 1,1ms
[2024-06-01T18:59:49.273-0300][gc,phases     ] GC(757)   Other: 0,5ms
[2024-06-01T18:59:49.273-0300][gc,heap       ] GC(757) Eden regions: 47->0(47)
[2024-06-01T18:59:49.273-0300][gc,heap       ] GC(757) Survivor regions: 4->4(7)
[2024-06-01T18:59:49.273-0300][gc,heap       ] GC(757) Old regions: 345->346
[2024-06-01T18:59:49.273-0300][gc,heap       ] GC(757) Humongous regions: 129->129
[2024-06-01T18:59:49.273-0300][gc,metaspace  ] GC(757) Metaspace: 45750K(48924K)->45750K(48924K) NonClass: 40011K(41680K)->40011K(41680K) Class: 5738K(7244K)->5738K(7244K)
[2024-06-01T18:59:49.273-0300][gc            ] GC(757) Pause Young (Normal) (G1 Evacuation Pause) 522M->476M(1024M) 20,428ms
[2024-06-01T18:59:49.273-0300][gc,cpu        ] GC(757) User=0,07s Sys=0,00s Real=0,02s
[2024-06-01T19:00:19.214-0300][gc,start      ] GC(758) Pause Young (Normal) (G1 Evacuation Pause)
[2024-06-01T19:00:19.214-0300][gc,task       ] GC(758) Using 4 workers of 4 for evacuation
[2024-06-01T19:00:19.233-0300][gc,phases     ] GC(758)   Pre Evacuate Collection Set: 0,1ms
[2024-06-01T19:00:19.234-0300][gc,phases     ] GC(758)   Evacuate Collection Set: 18,0ms
[2024-06-01T19:00:19.234-0300][gc,phases     ] GC(758)   Post Evacuate Collection Set: 1,0ms
[2024-06-01T19:00:19.234-0300][gc,phases     ] GC(758)   Other: 0,4ms
[2024-06-01T19:00:19.234-0300][gc,heap       ] GC(758) Eden regions: 47->0(47)
[2024-06-01T19:00:19.234-0300][gc,heap       ] GC(758) Survivor regions: 4->4(7)
[2024-06-01T19:00:19.234-0300][gc,heap       ] GC(758) Old regions: 346->347
[2024-06-01T19:00:19.234-0300][gc,heap       ] GC(758) Humongous regions: 129->129
[2024-06-01T19:00:19.234-0300][gc,metaspace  ] GC(758) Metaspace: 45750K(48924K)->45750K(48924K) NonClass: 40011K(41680K)->40011K(41680K) Class: 5738K(7244K)->5738K(7244K)
[2024-06-01T19:00:19.234-0300][gc            ] GC(758) Pause Young (Normal) (G1 Evacuation Pause) 523M->477M(1024M) 19,786ms
[2024-06-01T19:00:19.234-0300][gc,cpu        ] GC(758) User=0,08s Sys=0,00s Real=0,02s
[2024-06-01T19:00:49.000-0300][gc,start      ] GC(759) Pause Young (Normal) (G1 Evacuation Pause)
[2024-06-01T19:00:49.000-0300][gc,task       ] GC(759) Using 4 workers of 4 for evacuation
[2024-06-01T19:00:49.020-0300][gc,phases     ] GC(759)   Pre Evacuate Collection Set: 0,1ms
[2024-06-01T19:00:49.020-0300][gc,phases     ] GC(759)   Evacuate Collection Set: 18,3ms
[2024-06-01T19:00:49.020-0300][gc,phases     ] GC(759)   Post Evacuate Collection Set: 1,0ms
[2024-06-01T19:00:49.020-0300][gc,phases     ] GC(759)   Other: 0,5ms
[2024-06-01T19:00:49.020-0300][gc,heap       ] GC(759) Eden regions: 47->0(47)
[2024-06-01T19:00:49.020-0300][gc,heap       ] GC(759) Survivor regions: 4->4(7)
[2024-06-01T19:00:49.020-0300][gc,heap       ] GC(759) Old regions: 347->348
[2024-06-01T19:00:49.020-0300][gc,heap       ] GC(759) Humongous regions: 129->129
[2024-06-01T19:00:49.020-0300][gc,metaspace  ] GC(759) Metaspace: 45750K(48924K)->45750K(48924K) NonClass: 40011K(41680K)->40011K(41680K) Class: 5738K(7244K)->5738K(7244K)
[2024-06-01T19:00:49.021-0300][gc            ] GC(759) Pause Young (Normal) (G1 Evacuation Pause) 524M->478M(1024M) 20,150ms
[2024-06-01T19:00:49.021-0300][gc,cpu        ] GC(759) User=0,07s Sys=0,00s Real=0,02s
[2024-06-01T19:01:19.059-0300][gc,start      ] GC(760) Pause Young (Normal) (G1 Evacuation Pause)
[2024-06-01T19:01:19.059-0300][gc,task       ] GC(760) Using 4 workers of 4 for evacuation
[2024-06-01T19:01:19.078-0300][gc,phases     ] GC(760)   Pre Evacuate Collection Set: 0,1ms
[2024-06-01T19:01:19.079-0300][gc,phases     ] GC(760)   Evacuate Collection Set: 18,0ms
[2024-06-01T19:01:19.079-0300][gc,phases     ] GC(760)   Post Evacuate Collection Set: 1,0ms
[2024-06-01T19:01:19.079-0300][gc,phases     ] GC(760)   Other: 0,5ms
[2024-06-01T19:01:19.079-0300][gc,heap       ] GC(760) Eden regions: 47->0(47)
[2024-06-01T19:01:19.079-0300][gc,heap       ] GC(760) Survivor regions: 4->4(7)
[2024-06-01T19:01:19.079-0300][gc,heap       ] GC(760) Old regions: 348->349
[2024-06-01T19:01:19.079-0300][gc,heap       ] GC(760) Humongous regions: 129->129
[2024-06-01T19:01:19.079-0300][gc,metaspace  ] GC(760) Metaspace: 45750K(48924K)->45750K(48924K) NonClass: 40011K(41680K)->40011K(41680K) Class: 5738K(7244K)->5738K(7244K)
[2024-06-01T19:01:19.079-0300][gc            ] GC(760) Pause Young (Normal) (G1 Evacuation Pause) 525M->479M(1024M) 19,773ms
[2024-06-01T19:01:19.079-0300][gc,cpu        ] GC(760) User=0,07s Sys=0,00s Real=0,02s
[2024-06-01T19:01:49.525-0300][gc,start      ] GC(761) Pause Young (Normal) (G1 Evacuation Pause)
[2024-06-01T19:01:49.525-0300][gc,task       ] GC(761) Using 4 workers of 4 for evacuation
[2024-06-01T19:01:49.544-0300][gc,phases     ] GC(761)   Pre Evacuate Collection Set: 0,1ms
[2024-06-01T19:01:49.544-0300][gc,phases     ] GC(761)   Evacuate Collection Set: 17,9ms
[2024-06-01T19:01:49.544-0300][gc,phases     ] GC(761)   Post Evacuate Collection Set: 1,1ms
[2024-06-01T19:01:49.544-0300][gc,phases     ] GC(761)   Other: 0,4ms
[2024-06-01T19:01:49.544-0300][gc,heap       ] GC(761) Eden regions: 47->0(47)
[2024-06-01T19:01:49.544-0300][gc,heap       ] GC(761) Survivor regions: 4->4(7)
[2024-06-01T19:01:49.544-0300][gc,heap       ] GC(761) Old regions: 349->350
[2024-06-01T19:01:49.544-0300][gc,heap       ] GC(761) Humongous regions: 129->129
[2024-06-01T19:01:49.544-0300][gc,metaspace  ] GC(761) Metaspace: 45750K(48924K)->45750K(48924K) NonClass: 40011K(41680K)->40011K(41680K) Class: 5738K(7244K)->5738K(7244K)
[2024-06-01T19:01:49.544-0300][gc            ] GC(761) Pause Young (Normal) (G1 Evacuation Pause) 526M->481M(1024M) 19,723ms
[2024-06-01T19:01:49.544-0300][gc,cpu        ] GC(761) User=0,07s Sys=0,00s Real=0,02s
[2024-06-01T19:02:19.164-0300][gc,start      ] GC(762) Pause Young (Normal) (G1 Evacuation Pause)
[2024-06-01T19:02:19.164-0300][gc,task       ] GC(762) Using 4 workers of 4 for evacuation
[2024-06-01T19:02:19.184-0300][gc,phases     ] GC(762)   Pre Evacuate Collection Set: 0,1ms
[2024-06-01T19:02:19.184-0300][gc,phases     ] GC(762)   Evacuate Collection Set: 18,4ms
[2024-06-01T19:02:19.184-0300][gc,phases     ] GC(762)   Post Evacuate Collection Set: 1,0ms
[2024-06-01T19:02:19.184-0300][gc,phases     ] GC(762)   Other: 0,4ms
[2024-06-01T19:02:19.184-0300][gc,heap       ] GC(762) Eden regions: 47->0(48)
[2024-06-01T19:02:19.184-0300][gc,heap       ] GC(762) Survivor regions: 4->4(7)
[2024-06-01T19:02:19.184-0300][gc,heap       ] GC(762) Old regions: 350->351
[2024-06-01T19:02:19.184-0300][gc,heap       ] GC(762) Humongous regions: 129->129
[2024-06-01T19:02:19.184-0300][gc,metaspace  ] GC(762) Metaspace: 45750K(48924K)->45750K(48924K) NonClass: 40011K(41680K)->40011K(41680K) Class: 5738K(7244K)->5738K(7244K)
[2024-06-01T19:02:19.185-0300][gc            ] GC(762) Pause Young (Normal) (G1 Evacuation Pause) 528M->481M(1024M) 20,185ms
[2024-06-01T19:02:19.185-0300][gc,cpu        ] GC(762) User=0,07s Sys=0,01s Real=0,02s
[2024-06-01T19:02:49.368-0300][gc,start      ] GC(763) Pause Young (Normal) (G1 Evacuation Pause)
[2024-06-01T19:02:49.368-0300][gc,task       ] GC(763) Using 4 workers of 4 for evacuation
[2024-06-01T19:02:49.386-0300][gc,phases     ] GC(763)   Pre Evacuate Collection Set: 0,1ms
[2024-06-01T19:02:49.386-0300][gc,phases     ] GC(763)   Evacuate Collection Set: 16,6ms
[2024-06-01T19:02:49.386-0300][gc,phases     ] GC(763)   Post Evacuate Collection Set: 1,0ms
[2024-06-01T19:02:49.386-0300][gc,phases     ] GC(763)   Other: 0,4ms
[2024-06-01T19:02:49.386-0300][gc,heap       ] GC(763) Eden regions: 47->0(48)
[2024-06-01T19:02:49.387-0300][gc,heap       ] GC(763) Survivor regions: 4->5(7)
[2024-06-01T19:02:49.387-0300][gc,heap       ] GC(763) Old regions: 351->351
[2024-06-01T19:02:49.387-0300][gc,heap       ] GC(763) Humongous regions: 129->129
[2024-06-01T19:02:49.387-0300][gc,metaspace  ] GC(763) Metaspace: 45750K(48924K)->45750K(48924K) NonClass: 40011K(41680K)->40011K(41680K) Class: 5738K(7244K)->5738K(7244K)
[2024-06-01T19:02:49.387-0300][gc            ] GC(763) Pause Young (Normal) (G1 Evacuation Pause) 528M->482M(1024M) 18,331ms
[2024-06-01T19:02:49.387-0300][gc,cpu        ] GC(763) User=0,07s Sys=0,00s Real=0,01s
[2024-06-01T19:03:19.939-0300][gc,start      ] GC(764) Pause Young (Normal) (G1 Evacuation Pause)
[2024-06-01T19:03:19.939-0300][gc,task       ] GC(764) Using 4 workers of 4 for evacuation
[2024-06-01T19:03:19.960-0300][gc,mmu        ] GC(764) MMU target violated: 20,8ms (20,0ms/21,0ms)
[2024-06-01T19:03:19.960-0300][gc,phases     ] GC(764)   Pre Evacuate Collection Set: 0,1ms
[2024-06-01T19:03:19.960-0300][gc,phases     ] GC(764)   Evacuate Collection Set: 19,5ms
[2024-06-01T19:03:19.960-0300][gc,phases     ] GC(764)   Post Evacuate Collection Set: 1,0ms
[2024-06-01T19:03:19.960-0300][gc,phases     ] GC(764)   Other: 0,6ms
[2024-06-01T19:03:19.960-0300][gc,heap       ] GC(764) Eden regions: 48->0(48)
[2024-06-01T19:03:19.960-0300][gc,heap       ] GC(764) Survivor regions: 5->5(7)
[2024-06-01T19:03:19.960-0300][gc,heap       ] GC(764) Old regions: 351->351
[2024-06-01T19:03:19.960-0300][gc,heap       ] GC(764) Humongous regions: 129->129
[2024-06-01T19:03:19.961-0300][gc,metaspace  ] GC(764) Metaspace: 45750K(48924K)->45750K(48924K) NonClass: 40011K(41680K)->40011K(41680K) Class: 5738K(7244K)->5738K(7244K)
[2024-06-01T19:03:19.961-0300][gc            ] GC(764) Pause Young (Normal) (G1 Evacuation Pause) 530M->483M(1024M) 21,329ms
[2024-06-01T19:03:19.961-0300][gc,cpu        ] GC(764) User=0,06s Sys=0,01s Real=0,02s
[2024-06-01T19:03:50.327-0300][gc,start      ] GC(765) Pause Young (Normal) (G1 Evacuation Pause)
[2024-06-01T19:03:50.327-0300][gc,task       ] GC(765) Using 4 workers of 4 for evacuation
[2024-06-01T19:03:50.349-0300][gc,mmu        ] GC(765) MMU target violated: 21,0ms (20,0ms/21,0ms)
[2024-06-01T19:03:50.349-0300][gc,phases     ] GC(765)   Pre Evacuate Collection Set: 0,1ms
[2024-06-01T19:03:50.349-0300][gc,phases     ] GC(765)   Evacuate Collection Set: 20,5ms
[2024-06-01T19:03:50.349-0300][gc,phases     ] GC(765)   Post Evacuate Collection Set: 1,0ms
[2024-06-01T19:03:50.349-0300][gc,phases     ] GC(765)   Other: 0,5ms
[2024-06-01T19:03:50.349-0300][gc,heap       ] GC(765) Eden regions: 48->0(49)
[2024-06-01T19:03:50.350-0300][gc,heap       ] GC(765) Survivor regions: 5->5(7)
[2024-06-01T19:03:50.350-0300][gc,heap       ] GC(765) Old regions: 351->353
[2024-06-01T19:03:50.350-0300][gc,heap       ] GC(765) Humongous regions: 129->129
[2024-06-01T19:03:50.350-0300][gc,metaspace  ] GC(765) Metaspace: 45750K(48924K)->45750K(48924K) NonClass: 40011K(41680K)->40011K(41680K) Class: 5738K(7244K)->5738K(7244K)
[2024-06-01T19:03:50.350-0300][gc            ] GC(765) Pause Young (Normal) (G1 Evacuation Pause) 531M->484M(1024M) 22,379ms
[2024-06-01T19:03:50.350-0300][gc,cpu        ] GC(765) User=0,09s Sys=0,00s Real=0,03s
[2024-06-01T19:04:21.394-0300][gc,start      ] GC(766) Pause Young (Normal) (G1 Evacuation Pause)
[2024-06-01T19:04:21.394-0300][gc,task       ] GC(766) Using 4 workers of 4 for evacuation
[2024-06-01T19:04:21.414-0300][gc,phases     ] GC(766)   Pre Evacuate Collection Set: 0,1ms
[2024-06-01T19:04:21.414-0300][gc,phases     ] GC(766)   Evacuate Collection Set: 18,4ms
[2024-06-01T19:04:21.414-0300][gc,phases     ] GC(766)   Post Evacuate Collection Set: 1,1ms
[2024-06-01T19:04:21.414-0300][gc,phases     ] GC(766)   Other: 0,4ms
[2024-06-01T19:04:21.414-0300][gc,heap       ] GC(766) Eden regions: 49->0(49)
[2024-06-01T19:04:21.414-0300][gc,heap       ] GC(766) Survivor regions: 5->5(7)
[2024-06-01T19:04:21.414-0300][gc,heap       ] GC(766) Old regions: 353->354
[2024-06-01T19:04:21.414-0300][gc,heap       ] GC(766) Humongous regions: 129->129
[2024-06-01T19:04:21.414-0300][gc,metaspace  ] GC(766) Metaspace: 45750K(48924K)->45750K(48924K) NonClass: 40011K(41680K)->40011K(41680K) Class: 5738K(7244K)->5738K(7244K)
[2024-06-01T19:04:21.414-0300][gc            ] GC(766) Pause Young (Normal) (G1 Evacuation Pause) 533M->485M(1024M) 20,170ms
[2024-06-01T19:04:21.414-0300][gc,cpu        ] GC(766) User=0,07s Sys=0,00s Real=0,02s
[2024-06-01T19:04:50.547-0300][gc,start      ] GC(767) Pause Young (Normal) (G1 Evacuation Pause)
[2024-06-01T19:04:50.547-0300][gc,task       ] GC(767) Using 4 workers of 4 for evacuation
[2024-06-01T19:04:50.567-0300][gc,mmu        ] GC(767) MMU target violated: 20,1ms (20,0ms/21,0ms)
[2024-06-01T19:04:50.567-0300][gc,phases     ] GC(767)   Pre Evacuate Collection Set: 0,1ms
[2024-06-01T19:04:50.567-0300][gc,phases     ] GC(767)   Evacuate Collection Set: 18,9ms
[2024-06-01T19:04:50.567-0300][gc,phases     ] GC(767)   Post Evacuate Collection Set: 1,0ms
[2024-06-01T19:04:50.567-0300][gc,phases     ] GC(767)   Other: 0,5ms
[2024-06-01T19:04:50.567-0300][gc,heap       ] GC(767) Eden regions: 46->0(49)
[2024-06-01T19:04:50.567-0300][gc,heap       ] GC(767) Survivor regions: 5->5(7)
[2024-06-01T19:04:50.567-0300][gc,heap       ] GC(767) Old regions: 354->355
[2024-06-01T19:04:50.567-0300][gc,heap       ] GC(767) Humongous regions: 129->129
[2024-06-01T19:04:50.567-0300][gc,metaspace  ] GC(767) Metaspace: 45750K(48924K)->45750K(48924K) NonClass: 40011K(41680K)->40011K(41680K) Class: 5738K(7244K)->5738K(7244K)
[2024-06-01T19:04:50.567-0300][gc            ] GC(767) Pause Young (Normal) (G1 Evacuation Pause) 531M->487M(1024M) 20,715ms
[2024-06-01T19:04:50.567-0300][gc,cpu        ] GC(767) User=0,08s Sys=0,00s Real=0,03s
[2024-06-01T19:05:22.095-0300][gc,start      ] GC(768) Pause Young (Normal) (G1 Evacuation Pause)
[2024-06-01T19:05:22.095-0300][gc,task       ] GC(768) Using 4 workers of 4 for evacuation
[2024-06-01T19:05:22.115-0300][gc,phases     ] GC(768)   Pre Evacuate Collection Set: 0,1ms
[2024-06-01T19:05:22.115-0300][gc,phases     ] GC(768)   Evacuate Collection Set: 18,6ms
[2024-06-01T19:05:22.115-0300][gc,phases     ] GC(768)   Post Evacuate Collection Set: 1,0ms
[2024-06-01T19:05:22.115-0300][gc,phases     ] GC(768)   Other: 0,5ms
[2024-06-01T19:05:22.115-0300][gc,heap       ] GC(768) Eden regions: 49->0(52)
[2024-06-01T19:05:22.116-0300][gc,heap       ] GC(768) Survivor regions: 5->5(7)
[2024-06-01T19:05:22.116-0300][gc,heap       ] GC(768) Old regions: 355->356
[2024-06-01T19:05:22.116-0300][gc,heap       ] GC(768) Humongous regions: 129->129
[2024-06-01T19:05:22.116-0300][gc,metaspace  ] GC(768) Metaspace: 45750K(48924K)->45750K(48924K) NonClass: 40011K(41680K)->40011K(41680K) Class: 5738K(7244K)->5738K(7244K)
[2024-06-01T19:05:22.116-0300][gc            ] GC(768) Pause Young (Normal) (G1 Evacuation Pause) 536M->487M(1024M) 20,495ms
[2024-06-01T19:05:22.116-0300][gc,cpu        ] GC(768) User=0,07s Sys=0,00s Real=0,03s
[2024-06-01T19:05:50.575-0300][gc,start      ] GC(769) Pause Young (Normal) (G1 Evacuation Pause)
[2024-06-01T19:05:50.575-0300][gc,task       ] GC(769) Using 4 workers of 4 for evacuation
[2024-06-01T19:05:50.594-0300][gc,phases     ] GC(769)   Pre Evacuate Collection Set: 0,1ms
[2024-06-01T19:05:50.594-0300][gc,phases     ] GC(769)   Evacuate Collection Set: 18,2ms
[2024-06-01T19:05:50.594-0300][gc,phases     ] GC(769)   Post Evacuate Collection Set: 1,0ms
[2024-06-01T19:05:50.595-0300][gc,phases     ] GC(769)   Other: 0,4ms
[2024-06-01T19:05:50.595-0300][gc,heap       ] GC(769) Eden regions: 46->0(53)
[2024-06-01T19:05:50.595-0300][gc,heap       ] GC(769) Survivor regions: 5->5(7)
[2024-06-01T19:05:50.595-0300][gc,heap       ] GC(769) Old regions: 356->357
[2024-06-01T19:05:50.595-0300][gc,heap       ] GC(769) Humongous regions: 129->129
[2024-06-01T19:05:50.595-0300][gc,metaspace  ] GC(769) Metaspace: 45750K(48924K)->45750K(48924K) NonClass: 40011K(41680K)->40011K(41680K) Class: 5738K(7244K)->5738K(7244K)
[2024-06-01T19:05:50.595-0300][gc            ] GC(769) Pause Young (Normal) (G1 Evacuation Pause) 533M->488M(1024M) 19,888ms
[2024-06-01T19:05:50.595-0300][gc,cpu        ] GC(769) User=0,08s Sys=0,00s Real=0,02s
[2024-06-01T19:06:24.414-0300][gc,start      ] GC(770) Pause Young (Normal) (G1 Evacuation Pause)
[2024-06-01T19:06:24.414-0300][gc,task       ] GC(770) Using 4 workers of 4 for evacuation
[2024-06-01T19:06:24.433-0300][gc,phases     ] GC(770)   Pre Evacuate Collection Set: 0,1ms
[2024-06-01T19:06:24.433-0300][gc,phases     ] GC(770)   Evacuate Collection Set: 17,6ms
[2024-06-01T19:06:24.433-0300][gc,phases     ] GC(770)   Post Evacuate Collection Set: 1,1ms
[2024-06-01T19:06:24.433-0300][gc,phases     ] GC(770)   Other: 0,4ms
[2024-06-01T19:06:24.433-0300][gc,heap       ] GC(770) Eden regions: 53->0(53)
[2024-06-01T19:06:24.433-0300][gc,heap       ] GC(770) Survivor regions: 5->5(8)
[2024-06-01T19:06:24.433-0300][gc,heap       ] GC(770) Old regions: 357->357
[2024-06-01T19:06:24.433-0300][gc,heap       ] GC(770) Humongous regions: 129->129
[2024-06-01T19:06:24.433-0300][gc,metaspace  ] GC(770) Metaspace: 45750K(48924K)->45750K(48924K) NonClass: 40011K(41680K)->40011K(41680K) Class: 5738K(7244K)->5738K(7244K)
[2024-06-01T19:06:24.433-0300][gc            ] GC(770) Pause Young (Normal) (G1 Evacuation Pause) 541M->489M(1024M) 19,426ms
[2024-06-01T19:06:24.433-0300][gc,cpu        ] GC(770) User=0,07s Sys=0,00s Real=0,02s
[2024-06-01T19:06:53.870-0300][gc,start      ] GC(771) Pause Young (Normal) (G1 Evacuation Pause)
[2024-06-01T19:06:53.870-0300][gc,task       ] GC(771) Using 4 workers of 4 for evacuation
[2024-06-01T19:06:53.879-0300][gc,phases     ] GC(771)   Pre Evacuate Collection Set: 0,0ms
[2024-06-01T19:06:53.879-0300][gc,phases     ] GC(771)   Evacuate Collection Set: 7,8ms
[2024-06-01T19:06:53.879-0300][gc,phases     ] GC(771)   Post Evacuate Collection Set: 0,4ms
[2024-06-01T19:06:53.879-0300][gc,phases     ] GC(771)   Other: 0,2ms
[2024-06-01T19:06:53.879-0300][gc,heap       ] GC(771) Eden regions: 46->0(53)
[2024-06-01T19:06:53.879-0300][gc,heap       ] GC(771) Survivor regions: 5->5(7)
[2024-06-01T19:06:53.879-0300][gc,heap       ] GC(771) Old regions: 357->358
[2024-06-01T19:06:53.879-0300][gc,heap       ] GC(771) Humongous regions: 129->129
[2024-06-01T19:06:53.879-0300][gc,metaspace  ] GC(771) Metaspace: 45750K(48924K)->45750K(48924K) NonClass: 40011K(41680K)->40011K(41680K) Class: 5738K(7244K)->5738K(7244K)
[2024-06-01T19:06:53.879-0300][gc            ] GC(771) Pause Young (Normal) (G1 Evacuation Pause) 535M->490M(1024M) 8,567ms
[2024-06-01T19:06:53.879-0300][gc,cpu        ] GC(771) User=0,03s Sys=0,00s Real=0,01s
[2024-06-01T19:07:27.554-0300][gc,start      ] GC(772) Pause Young (Normal) (G1 Evacuation Pause)
[2024-06-01T19:07:27.554-0300][gc,task       ] GC(772) Using 4 workers of 4 for evacuation
[2024-06-01T19:07:27.576-0300][gc,mmu        ] GC(772) MMU target violated: 21,0ms (20,0ms/21,0ms)
[2024-06-01T19:07:27.576-0300][gc,phases     ] GC(772)   Pre Evacuate Collection Set: 0,1ms
[2024-06-01T19:07:27.576-0300][gc,phases     ] GC(772)   Evacuate Collection Set: 20,3ms
[2024-06-01T19:07:27.576-0300][gc,phases     ] GC(772)   Post Evacuate Collection Set: 1,1ms
[2024-06-01T19:07:27.576-0300][gc,phases     ] GC(772)   Other: 0,6ms
[2024-06-01T19:07:27.576-0300][gc,heap       ] GC(772) Eden regions: 53->0(51)
[2024-06-01T19:07:27.576-0300][gc,heap       ] GC(772) Survivor regions: 5->5(8)
[2024-06-01T19:07:27.576-0300][gc,heap       ] GC(772) Old regions: 358->359
[2024-06-01T19:07:27.576-0300][gc,heap       ] GC(772) Humongous regions: 129->129
[2024-06-01T19:07:27.576-0300][gc,metaspace  ] GC(772) Metaspace: 45750K(48924K)->45750K(48924K) NonClass: 40011K(41680K)->40011K(41680K) Class: 5738K(7244K)->5738K(7244K)
[2024-06-01T19:07:27.576-0300][gc            ] GC(772) Pause Young (Normal) (G1 Evacuation Pause) 543M->491M(1024M) 22,199ms
[2024-06-01T19:07:27.576-0300][gc,cpu        ] GC(772) User=0,08s Sys=0,00s Real=0,03s
[2024-06-01T19:07:56.846-0300][gc,start      ] GC(773) Pause Young (Normal) (G1 Evacuation Pause)
[2024-06-01T19:07:56.846-0300][gc,task       ] GC(773) Using 4 workers of 4 for evacuation
[2024-06-01T19:07:56.868-0300][gc,mmu        ] GC(773) MMU target violated: 21,0ms (20,0ms/21,0ms)
[2024-06-01T19:07:56.868-0300][gc,phases     ] GC(773)   Pre Evacuate Collection Set: 0,1ms
[2024-06-01T19:07:56.869-0300][gc,phases     ] GC(773)   Evacuate Collection Set: 20,7ms
[2024-06-01T19:07:56.869-0300][gc,phases     ] GC(773)   Post Evacuate Collection Set: 1,1ms
[2024-06-01T19:07:56.869-0300][gc,phases     ] GC(773)   Other: 0,5ms
[2024-06-01T19:07:56.869-0300][gc,heap       ] GC(773) Eden regions: 46->0(48)
[2024-06-01T19:07:56.869-0300][gc,heap       ] GC(773) Survivor regions: 5->5(7)
[2024-06-01T19:07:56.869-0300][gc,heap       ] GC(773) Old regions: 359->361
[2024-06-01T19:07:56.869-0300][gc,heap       ] GC(773) Humongous regions: 129->129
[2024-06-01T19:07:56.869-0300][gc,metaspace  ] GC(773) Metaspace: 45750K(48924K)->45750K(48924K) NonClass: 40011K(41680K)->40011K(41680K) Class: 5738K(7244K)->5738K(7244K)
[2024-06-01T19:07:56.869-0300][gc            ] GC(773) Pause Young (Normal) (G1 Evacuation Pause) 537M->492M(1024M) 22,457ms
[2024-06-01T19:07:56.869-0300][gc,cpu        ] GC(773) User=0,08s Sys=0,00s Real=0,03s
[2024-06-01T19:08:27.884-0300][gc,start      ] GC(774) Pause Young (Normal) (G1 Evacuation Pause)
[2024-06-01T19:08:27.884-0300][gc,task       ] GC(774) Using 4 workers of 4 for evacuation
[2024-06-01T19:08:27.904-0300][gc,phases     ] GC(774)   Pre Evacuate Collection Set: 0,1ms
[2024-06-01T19:08:27.904-0300][gc,phases     ] GC(774)   Evacuate Collection Set: 18,6ms
[2024-06-01T19:08:27.904-0300][gc,phases     ] GC(774)   Post Evacuate Collection Set: 1,0ms
[2024-06-01T19:08:27.904-0300][gc,phases     ] GC(774)   Other: 0,4ms
[2024-06-01T19:08:27.904-0300][gc,heap       ] GC(774) Eden regions: 48->0(49)
[2024-06-01T19:08:27.904-0300][gc,heap       ] GC(774) Survivor regions: 5->5(7)
[2024-06-01T19:08:27.904-0300][gc,heap       ] GC(774) Old regions: 361->362
[2024-06-01T19:08:27.904-0300][gc,heap       ] GC(774) Humongous regions: 129->129
[2024-06-01T19:08:27.904-0300][gc,metaspace  ] GC(774) Metaspace: 45750K(48924K)->45750K(48924K) NonClass: 40011K(41680K)->40011K(41680K) Class: 5738K(7244K)->5738K(7244K)
[2024-06-01T19:08:27.904-0300][gc            ] GC(774) Pause Young (Normal) (G1 Evacuation Pause) 540M->493M(1024M) 20,354ms
[2024-06-01T19:08:27.904-0300][gc,cpu        ] GC(774) User=0,07s Sys=0,01s Real=0,02s
[2024-06-01T19:08:59.074-0300][gc,start      ] GC(775) Pause Young (Normal) (G1 Evacuation Pause)
[2024-06-01T19:08:59.074-0300][gc,task       ] GC(775) Using 4 workers of 4 for evacuation
[2024-06-01T19:08:59.094-0300][gc,mmu        ] GC(775) MMU target violated: 20,6ms (20,0ms/21,0ms)
[2024-06-01T19:08:59.095-0300][gc,phases     ] GC(775)   Pre Evacuate Collection Set: 0,1ms
[2024-06-01T19:08:59.095-0300][gc,phases     ] GC(775)   Evacuate Collection Set: 19,3ms
[2024-06-01T19:08:59.095-0300][gc,phases     ] GC(775)   Post Evacuate Collection Set: 1,1ms
[2024-06-01T19:08:59.095-0300][gc,phases     ] GC(775)   Other: 0,5ms
[2024-06-01T19:08:59.095-0300][gc,heap       ] GC(775) Eden regions: 49->0(49)
[2024-06-01T19:08:59.095-0300][gc,heap       ] GC(775) Survivor regions: 5->5(7)
[2024-06-01T19:08:59.095-0300][gc,heap       ] GC(775) Old regions: 362->363
[2024-06-01T19:08:59.095-0300][gc,heap       ] GC(775) Humongous regions: 129->129
[2024-06-01T19:08:59.095-0300][gc,metaspace  ] GC(775) Metaspace: 45750K(48924K)->45750K(48924K) NonClass: 40011K(41680K)->40011K(41680K) Class: 5738K(7244K)->5738K(7244K)
[2024-06-01T19:08:59.095-0300][gc            ] GC(775) Pause Young (Normal) (G1 Evacuation Pause) 542M->494M(1024M) 21,146ms
[2024-06-01T19:08:59.095-0300][gc,cpu        ] GC(775) User=0,08s Sys=0,00s Real=0,02s
[2024-06-01T19:09:30.391-0300][gc,start      ] GC(776) Pause Young (Normal) (G1 Evacuation Pause)
[2024-06-01T19:09:30.391-0300][gc,task       ] GC(776) Using 4 workers of 4 for evacuation
[2024-06-01T19:09:30.411-0300][gc,phases     ] GC(776)   Pre Evacuate Collection Set: 0,1ms
[2024-06-01T19:09:30.411-0300][gc,phases     ] GC(776)   Evacuate Collection Set: 18,7ms
[2024-06-01T19:09:30.411-0300][gc,phases     ] GC(776)   Post Evacuate Collection Set: 1,0ms
[2024-06-01T19:09:30.411-0300][gc,phases     ] GC(776)   Other: 0,4ms
[2024-06-01T19:09:30.411-0300][gc,heap       ] GC(776) Eden regions: 49->0(51)
[2024-06-01T19:09:30.411-0300][gc,heap       ] GC(776) Survivor regions: 5->5(7)
[2024-06-01T19:09:30.411-0300][gc,heap       ] GC(776) Old regions: 363->364
[2024-06-01T19:09:30.411-0300][gc,heap       ] GC(776) Humongous regions: 129->129
[2024-06-01T19:09:30.411-0300][gc,metaspace  ] GC(776) Metaspace: 45750K(48924K)->45750K(48924K) NonClass: 40011K(41680K)->40011K(41680K) Class: 5738K(7244K)->5738K(7244K)
[2024-06-01T19:09:30.411-0300][gc            ] GC(776) Pause Young (Normal) (G1 Evacuation Pause) 543M->495M(1024M) 20,470ms
[2024-06-01T19:09:30.411-0300][gc,cpu        ] GC(776) User=0,08s Sys=0,00s Real=0,02s
[2024-06-01T19:10:02.334-0300][gc,start      ] GC(777) Pause Young (Normal) (G1 Evacuation Pause)
[2024-06-01T19:10:02.334-0300][gc,task       ] GC(777) Using 4 workers of 4 for evacuation
[2024-06-01T19:10:02.355-0300][gc,mmu        ] GC(777) MMU target violated: 20,2ms (20,0ms/21,0ms)
[2024-06-01T19:10:02.355-0300][gc,phases     ] GC(777)   Pre Evacuate Collection Set: 0,1ms
[2024-06-01T19:10:02.355-0300][gc,phases     ] GC(777)   Evacuate Collection Set: 18,9ms
[2024-06-01T19:10:02.355-0300][gc,phases     ] GC(777)   Post Evacuate Collection Set: 1,1ms
[2024-06-01T19:10:02.355-0300][gc,phases     ] GC(777)   Other: 0,5ms
[2024-06-01T19:10:02.355-0300][gc,heap       ] GC(777) Eden regions: 51->0(52)
[2024-06-01T19:10:02.355-0300][gc,heap       ] GC(777) Survivor regions: 5->5(7)
[2024-06-01T19:10:02.355-0300][gc,heap       ] GC(777) Old regions: 364->365
[2024-06-01T19:10:02.355-0300][gc,heap       ] GC(777) Humongous regions: 129->129
[2024-06-01T19:10:02.355-0300][gc,metaspace  ] GC(777) Metaspace: 45750K(48924K)->45750K(48924K) NonClass: 40011K(41680K)->40011K(41680K) Class: 5738K(7244K)->5738K(7244K)
[2024-06-01T19:10:02.355-0300][gc            ] GC(777) Pause Young (Normal) (G1 Evacuation Pause) 546M->496M(1024M) 20,734ms
[2024-06-01T19:10:02.355-0300][gc,cpu        ] GC(777) User=0,08s Sys=0,00s Real=0,02s
[2024-06-01T19:10:34.796-0300][gc,start      ] GC(778) Pause Young (Normal) (G1 Evacuation Pause)
[2024-06-01T19:10:34.796-0300][gc,task       ] GC(778) Using 4 workers of 4 for evacuation
[2024-06-01T19:10:34.820-0300][gc,mmu        ] GC(778) MMU target violated: 21,0ms (20,0ms/21,0ms)
[2024-06-01T19:10:34.821-0300][gc,phases     ] GC(778)   Pre Evacuate Collection Set: 0,1ms
[2024-06-01T19:10:34.821-0300][gc,phases     ] GC(778)   Evacuate Collection Set: 23,3ms
[2024-06-01T19:10:34.821-0300][gc,phases     ] GC(778)   Post Evacuate Collection Set: 0,9ms
[2024-06-01T19:10:34.821-0300][gc,phases     ] GC(778)   Other: 0,5ms
[2024-06-01T19:10:34.821-0300][gc,heap       ] GC(778) Eden regions: 52->0(49)
[2024-06-01T19:10:34.821-0300][gc,heap       ] GC(778) Survivor regions: 5->5(8)
[2024-06-01T19:10:34.821-0300][gc,heap       ] GC(778) Old regions: 365->365
[2024-06-01T19:10:34.821-0300][gc,heap       ] GC(778) Humongous regions: 129->129
[2024-06-01T19:10:34.821-0300][gc,metaspace  ] GC(778) Metaspace: 45750K(48924K)->45750K(48924K) NonClass: 40011K(41680K)->40011K(41680K) Class: 5738K(7244K)->5738K(7244K)
[2024-06-01T19:10:34.821-0300][gc            ] GC(778) Pause Young (Normal) (G1 Evacuation Pause) 548M->497M(1024M) 24,922ms
[2024-06-01T19:10:34.821-0300][gc,cpu        ] GC(778) User=0,07s Sys=0,00s Real=0,02s
[2024-06-01T19:11:03.995-0300][gc,start      ] GC(779) Pause Young (Normal) (G1 Evacuation Pause)
[2024-06-01T19:11:03.995-0300][gc,task       ] GC(779) Using 4 workers of 4 for evacuation
[2024-06-01T19:11:04.016-0300][gc,mmu        ] GC(779) MMU target violated: 20,8ms (20,0ms/21,0ms)
[2024-06-01T19:11:04.016-0300][gc,phases     ] GC(779)   Pre Evacuate Collection Set: 0,1ms
[2024-06-01T19:11:04.016-0300][gc,phases     ] GC(779)   Evacuate Collection Set: 19,5ms
[2024-06-01T19:11:04.016-0300][gc,phases     ] GC(779)   Post Evacuate Collection Set: 1,0ms
[2024-06-01T19:11:04.016-0300][gc,phases     ] GC(779)   Other: 0,5ms
[2024-06-01T19:11:04.016-0300][gc,heap       ] GC(779) Eden regions: 46->0(48)
[2024-06-01T19:11:04.016-0300][gc,heap       ] GC(779) Survivor regions: 5->5(7)
[2024-06-01T19:11:04.016-0300][gc,heap       ] GC(779) Old regions: 365->366
[2024-06-01T19:11:04.016-0300][gc,heap       ] GC(779) Humongous regions: 129->129
[2024-06-01T19:11:04.016-0300][gc,metaspace  ] GC(779) Metaspace: 45750K(48924K)->45750K(48924K) NonClass: 40011K(41680K)->40011K(41680K) Class: 5738K(7244K)->5738K(7244K)
[2024-06-01T19:11:04.016-0300][gc            ] GC(779) Pause Young (Normal) (G1 Evacuation Pause) 543M->498M(1024M) 21,349ms
[2024-06-01T19:11:04.016-0300][gc,cpu        ] GC(779) User=0,07s Sys=0,02s Real=0,03s
[2024-06-01T19:11:34.400-0300][gc,start      ] GC(780) Pause Young (Normal) (G1 Evacuation Pause)
[2024-06-01T19:11:34.400-0300][gc,task       ] GC(780) Using 4 workers of 4 for evacuation
[2024-06-01T19:11:34.421-0300][gc,mmu        ] GC(780) MMU target violated: 21,0ms (20,0ms/21,0ms)
[2024-06-01T19:11:34.422-0300][gc,phases     ] GC(780)   Pre Evacuate Collection Set: 0,1ms
[2024-06-01T19:11:34.422-0300][gc,phases     ] GC(780)   Evacuate Collection Set: 20,3ms
[2024-06-01T19:11:34.422-0300][gc,phases     ] GC(780)   Post Evacuate Collection Set: 0,9ms
[2024-06-01T19:11:34.422-0300][gc,phases     ] GC(780)   Other: 0,5ms
[2024-06-01T19:11:34.422-0300][gc,heap       ] GC(780) Eden regions: 48->0(47)
[2024-06-01T19:11:34.422-0300][gc,heap       ] GC(780) Survivor regions: 5->4(7)
[2024-06-01T19:11:34.422-0300][gc,heap       ] GC(780) Old regions: 366->368
[2024-06-01T19:11:34.422-0300][gc,heap       ] GC(780) Humongous regions: 129->129
[2024-06-01T19:11:34.422-0300][gc,metaspace  ] GC(780) Metaspace: 45750K(48924K)->45750K(48924K) NonClass: 40011K(41680K)->40011K(41680K) Class: 5738K(7244K)->5738K(7244K)
[2024-06-01T19:11:34.422-0300][gc            ] GC(780) Pause Young (Normal) (G1 Evacuation Pause) 546M->498M(1024M) 21,967ms
[2024-06-01T19:11:34.422-0300][gc,cpu        ] GC(780) User=0,08s Sys=0,01s Real=0,02s
[2024-06-01T19:12:04.283-0300][gc,start      ] GC(781) Pause Young (Normal) (G1 Evacuation Pause)
[2024-06-01T19:12:04.284-0300][gc,task       ] GC(781) Using 4 workers of 4 for evacuation
[2024-06-01T19:12:04.310-0300][gc,mmu        ] GC(781) MMU target violated: 21,0ms (20,0ms/21,0ms)
[2024-06-01T19:12:04.310-0300][gc,phases     ] GC(781)   Pre Evacuate Collection Set: 0,1ms
[2024-06-01T19:12:04.310-0300][gc,phases     ] GC(781)   Evacuate Collection Set: 25,2ms
[2024-06-01T19:12:04.310-0300][gc,phases     ] GC(781)   Post Evacuate Collection Set: 1,0ms
[2024-06-01T19:12:04.310-0300][gc,phases     ] GC(781)   Other: 0,5ms
[2024-06-01T19:12:04.310-0300][gc,heap       ] GC(781) Eden regions: 47->0(46)
[2024-06-01T19:12:04.310-0300][gc,heap       ] GC(781) Survivor regions: 4->5(7)
[2024-06-01T19:12:04.310-0300][gc,heap       ] GC(781) Old regions: 368->369
[2024-06-01T19:12:04.310-0300][gc,heap       ] GC(781) Humongous regions: 129->129
[2024-06-01T19:12:04.310-0300][gc,metaspace  ] GC(781) Metaspace: 45750K(48924K)->45750K(48924K) NonClass: 40011K(41680K)->40011K(41680K) Class: 5738K(7244K)->5738K(7244K)
[2024-06-01T19:12:04.310-0300][gc            ] GC(781) Pause Young (Normal) (G1 Evacuation Pause) 545M->500M(1024M) 26,851ms
[2024-06-01T19:12:04.310-0300][gc,cpu        ] GC(781) User=0,08s Sys=0,00s Real=0,03s
[2024-06-01T19:12:33.879-0300][gc,start      ] GC(782) Pause Young (Normal) (G1 Evacuation Pause)
[2024-06-01T19:12:33.879-0300][gc,task       ] GC(782) Using 4 workers of 4 for evacuation
[2024-06-01T19:12:33.899-0300][gc,phases     ] GC(782)   Pre Evacuate Collection Set: 0,1ms
[2024-06-01T19:12:33.899-0300][gc,phases     ] GC(782)   Evacuate Collection Set: 18,5ms
[2024-06-01T19:12:33.899-0300][gc,phases     ] GC(782)   Post Evacuate Collection Set: 1,0ms
[2024-06-01T19:12:33.899-0300][gc,phases     ] GC(782)   Other: 0,4ms
[2024-06-01T19:12:33.899-0300][gc,heap       ] GC(782) Eden regions: 46->0(47)
[2024-06-01T19:12:33.899-0300][gc,heap       ] GC(782) Survivor regions: 5->4(7)
[2024-06-01T19:12:33.899-0300][gc,heap       ] GC(782) Old regions: 369->370
[2024-06-01T19:12:33.899-0300][gc,heap       ] GC(782) Humongous regions: 129->129
[2024-06-01T19:12:33.899-0300][gc,metaspace  ] GC(782) Metaspace: 45750K(48924K)->45750K(48924K) NonClass: 40011K(41680K)->40011K(41680K) Class: 5738K(7244K)->5738K(7244K)
[2024-06-01T19:12:33.899-0300][gc            ] GC(782) Pause Young (Normal) (G1 Evacuation Pause) 546M->500M(1024M) 20,204ms
[2024-06-01T19:12:33.899-0300][gc,cpu        ] GC(782) User=0,07s Sys=0,00s Real=0,02s
[2024-06-01T19:13:03.878-0300][gc,start      ] GC(783) Pause Young (Normal) (G1 Evacuation Pause)
[2024-06-01T19:13:03.878-0300][gc,task       ] GC(783) Using 4 workers of 4 for evacuation
[2024-06-01T19:13:03.898-0300][gc,phases     ] GC(783)   Pre Evacuate Collection Set: 0,1ms
[2024-06-01T19:13:03.898-0300][gc,phases     ] GC(783)   Evacuate Collection Set: 18,3ms
[2024-06-01T19:13:03.898-0300][gc,phases     ] GC(783)   Post Evacuate Collection Set: 1,1ms
[2024-06-01T19:13:03.898-0300][gc,phases     ] GC(783)   Other: 0,4ms
[2024-06-01T19:13:03.898-0300][gc,heap       ] GC(783) Eden regions: 47->0(47)
[2024-06-01T19:13:03.898-0300][gc,heap       ] GC(783) Survivor regions: 4->4(7)
[2024-06-01T19:13:03.898-0300][gc,heap       ] GC(783) Old regions: 370->371
[2024-06-01T19:13:03.898-0300][gc,heap       ] GC(783) Humongous regions: 129->129
[2024-06-01T19:13:03.898-0300][gc,metaspace  ] GC(783) Metaspace: 45750K(48924K)->45750K(48924K) NonClass: 40011K(41680K)->40011K(41680K) Class: 5738K(7244K)->5738K(7244K)
[2024-06-01T19:13:03.898-0300][gc            ] GC(783) Pause Young (Normal) (G1 Evacuation Pause) 547M->501M(1024M) 20,045ms
[2024-06-01T19:13:03.898-0300][gc,cpu        ] GC(783) User=0,07s Sys=0,00s Real=0,02s
[2024-06-01T19:13:33.999-0300][gc,start      ] GC(784) Pause Young (Normal) (G1 Evacuation Pause)
[2024-06-01T19:13:33.999-0300][gc,task       ] GC(784) Using 4 workers of 4 for evacuation
[2024-06-01T19:13:34.019-0300][gc,mmu        ] GC(784) MMU target violated: 20,0ms (20,0ms/21,0ms)
[2024-06-01T19:13:34.019-0300][gc,phases     ] GC(784)   Pre Evacuate Collection Set: 0,1ms
[2024-06-01T19:13:34.019-0300][gc,phases     ] GC(784)   Evacuate Collection Set: 18,8ms
[2024-06-01T19:13:34.019-0300][gc,phases     ] GC(784)   Post Evacuate Collection Set: 1,0ms
[2024-06-01T19:13:34.020-0300][gc,phases     ] GC(784)   Other: 0,6ms
[2024-06-01T19:13:34.020-0300][gc,heap       ] GC(784) Eden regions: 47->0(47)
[2024-06-01T19:13:34.020-0300][gc,heap       ] GC(784) Survivor regions: 4->4(7)
[2024-06-01T19:13:34.020-0300][gc,heap       ] GC(784) Old regions: 371->372
[2024-06-01T19:13:34.020-0300][gc,heap       ] GC(784) Humongous regions: 129->129
[2024-06-01T19:13:34.020-0300][gc,metaspace  ] GC(784) Metaspace: 45750K(48924K)->45750K(48924K) NonClass: 40011K(41680K)->40011K(41680K) Class: 5738K(7244K)->5738K(7244K)
[2024-06-01T19:13:34.020-0300][gc            ] GC(784) Pause Young (Normal) (G1 Evacuation Pause) 548M->503M(1024M) 20,635ms
[2024-06-01T19:13:34.020-0300][gc,cpu        ] GC(784) User=0,07s Sys=0,01s Real=0,02s
[2024-06-01T19:14:04.060-0300][gc,start      ] GC(785) Pause Young (Normal) (G1 Evacuation Pause)
[2024-06-01T19:14:04.060-0300][gc,task       ] GC(785) Using 4 workers of 4 for evacuation
[2024-06-01T19:14:04.080-0300][gc,phases     ] GC(785)   Pre Evacuate Collection Set: 0,1ms
[2024-06-01T19:14:04.080-0300][gc,phases     ] GC(785)   Evacuate Collection Set: 18,6ms
[2024-06-01T19:14:04.080-0300][gc,phases     ] GC(785)   Post Evacuate Collection Set: 1,1ms
[2024-06-01T19:14:04.080-0300][gc,phases     ] GC(785)   Other: 0,4ms
[2024-06-01T19:14:04.081-0300][gc,heap       ] GC(785) Eden regions: 47->0(48)
[2024-06-01T19:14:04.081-0300][gc,heap       ] GC(785) Survivor regions: 4->5(7)
[2024-06-01T19:14:04.081-0300][gc,heap       ] GC(785) Old regions: 372->373
[2024-06-01T19:14:04.081-0300][gc,heap       ] GC(785) Humongous regions: 129->129
[2024-06-01T19:14:04.081-0300][gc,metaspace  ] GC(785) Metaspace: 45750K(48924K)->45750K(48924K) NonClass: 40011K(41680K)->40011K(41680K) Class: 5738K(7244K)->5738K(7244K)
[2024-06-01T19:14:04.081-0300][gc            ] GC(785) Pause Young (Normal) (G1 Evacuation Pause) 550M->504M(1024M) 20,415ms
[2024-06-01T19:14:04.081-0300][gc,cpu        ] GC(785) User=0,07s Sys=0,00s Real=0,02s
[2024-06-01T19:14:34.525-0300][gc,start      ] GC(786) Pause Young (Normal) (G1 Evacuation Pause)
[2024-06-01T19:14:34.525-0300][gc,task       ] GC(786) Using 4 workers of 4 for evacuation
[2024-06-01T19:14:34.544-0300][gc,phases     ] GC(786)   Pre Evacuate Collection Set: 0,1ms
[2024-06-01T19:14:34.544-0300][gc,phases     ] GC(786)   Evacuate Collection Set: 17,6ms
[2024-06-01T19:14:34.544-0300][gc,phases     ] GC(786)   Post Evacuate Collection Set: 1,0ms
[2024-06-01T19:14:34.544-0300][gc,phases     ] GC(786)   Other: 0,5ms
[2024-06-01T19:14:34.544-0300][gc,heap       ] GC(786) Eden regions: 48->0(47)
[2024-06-01T19:14:34.544-0300][gc,heap       ] GC(786) Survivor regions: 5->4(7)
[2024-06-01T19:14:34.544-0300][gc,heap       ] GC(786) Old regions: 373->374
[2024-06-01T19:14:34.544-0300][gc,heap       ] GC(786) Humongous regions: 129->129
[2024-06-01T19:14:34.544-0300][gc,metaspace  ] GC(786) Metaspace: 45750K(48924K)->45750K(48924K) NonClass: 40011K(41680K)->40011K(41680K) Class: 5738K(7244K)->5738K(7244K)
[2024-06-01T19:14:34.544-0300][gc            ] GC(786) Pause Young (Normal) (G1 Evacuation Pause) 552M->504M(1024M) 19,407ms
[2024-06-01T19:14:34.544-0300][gc,cpu        ] GC(786) User=0,07s Sys=0,00s Real=0,02s
[2024-06-01T19:15:04.592-0300][gc,start      ] GC(787) Pause Young (Normal) (G1 Evacuation Pause)
[2024-06-01T19:15:04.592-0300][gc,task       ] GC(787) Using 4 workers of 4 for evacuation
[2024-06-01T19:15:04.611-0300][gc,phases     ] GC(787)   Pre Evacuate Collection Set: 0,1ms
[2024-06-01T19:15:04.611-0300][gc,phases     ] GC(787)   Evacuate Collection Set: 17,9ms
[2024-06-01T19:15:04.611-0300][gc,phases     ] GC(787)   Post Evacuate Collection Set: 0,9ms
[2024-06-01T19:15:04.611-0300][gc,phases     ] GC(787)   Other: 0,4ms
[2024-06-01T19:15:04.611-0300][gc,heap       ] GC(787) Eden regions: 47->0(48)
[2024-06-01T19:15:04.611-0300][gc,heap       ] GC(787) Survivor regions: 4->5(7)
[2024-06-01T19:15:04.611-0300][gc,heap       ] GC(787) Old regions: 374->374
[2024-06-01T19:15:04.611-0300][gc,heap       ] GC(787) Humongous regions: 129->129
[2024-06-01T19:15:04.611-0300][gc,metaspace  ] GC(787) Metaspace: 45750K(48924K)->45750K(48924K) NonClass: 40011K(41680K)->40011K(41680K) Class: 5738K(7244K)->5738K(7244K)
[2024-06-01T19:15:04.611-0300][gc            ] GC(787) Pause Young (Normal) (G1 Evacuation Pause) 551M->505M(1024M) 19,568ms
[2024-06-01T19:15:04.611-0300][gc,cpu        ] GC(787) User=0,07s Sys=0,00s Real=0,02s
[2024-06-01T19:15:33.704-0300][gc,start      ] GC(788) Pause Young (Normal) (G1 Evacuation Pause)
[2024-06-01T19:15:33.705-0300][gc,task       ] GC(788) Using 4 workers of 4 for evacuation
[2024-06-01T19:15:33.729-0300][gc,mmu        ] GC(788) MMU target violated: 21,0ms (20,0ms/21,0ms)
[2024-06-01T19:15:33.729-0300][gc,phases     ] GC(788)   Pre Evacuate Collection Set: 0,1ms
[2024-06-01T19:15:33.729-0300][gc,phases     ] GC(788)   Evacuate Collection Set: 23,3ms
[2024-06-01T19:15:33.729-0300][gc,phases     ] GC(788)   Post Evacuate Collection Set: 1,0ms
[2024-06-01T19:15:33.729-0300][gc,phases     ] GC(788)   Other: 0,5ms
[2024-06-01T19:15:33.729-0300][gc,heap       ] GC(788) Eden regions: 46->0(46)
[2024-06-01T19:15:33.729-0300][gc,heap       ] GC(788) Survivor regions: 5->6(7)
[2024-06-01T19:15:33.729-0300][gc,heap       ] GC(788) Old regions: 374->375
[2024-06-01T19:15:33.729-0300][gc,heap       ] GC(788) Humongous regions: 129->129
[2024-06-01T19:15:33.729-0300][gc,metaspace  ] GC(788) Metaspace: 45750K(48924K)->45750K(48924K) NonClass: 40011K(41680K)->40011K(41680K) Class: 5738K(7244K)->5738K(7244K)
[2024-06-01T19:15:33.729-0300][gc            ] GC(788) Pause Young (Normal) (G1 Evacuation Pause) 551M->507M(1024M) 25,009ms
[2024-06-01T19:15:33.730-0300][gc,cpu        ] GC(788) User=0,08s Sys=0,00s Real=0,03s
[2024-06-01T19:16:00.748-0300][gc,start      ] GC(789) Pause Young (Normal) (G1 Evacuation Pause)
[2024-06-01T19:16:00.748-0300][gc,task       ] GC(789) Using 4 workers of 4 for evacuation
[2024-06-01T19:16:00.776-0300][gc,mmu        ] GC(789) MMU target violated: 21,0ms (20,0ms/21,0ms)
[2024-06-01T19:16:00.776-0300][gc,phases     ] GC(789)   Pre Evacuate Collection Set: 0,1ms
[2024-06-01T19:16:00.776-0300][gc,phases     ] GC(789)   Evacuate Collection Set: 27,0ms
[2024-06-01T19:16:00.776-0300][gc,phases     ] GC(789)   Post Evacuate Collection Set: 1,1ms
[2024-06-01T19:16:00.776-0300][gc,phases     ] GC(789)   Other: 0,6ms
[2024-06-01T19:16:00.776-0300][gc,heap       ] GC(789) Eden regions: 45->0(44)
[2024-06-01T19:16:00.776-0300][gc,heap       ] GC(789) Survivor regions: 6->7(7)
[2024-06-01T19:16:00.776-0300][gc,heap       ] GC(789) Old regions: 375->376
[2024-06-01T19:16:00.776-0300][gc,heap       ] GC(789) Humongous regions: 129->129
[2024-06-01T19:16:00.776-0300][gc,metaspace  ] GC(789) Metaspace: 45750K(48924K)->45750K(48924K) NonClass: 40011K(41680K)->40011K(41680K) Class: 5738K(7244K)->5738K(7244K)
[2024-06-01T19:16:00.777-0300][gc            ] GC(789) Pause Young (Normal) (G1 Evacuation Pause) 552M->510M(1024M) 28,894ms
[2024-06-01T19:16:00.777-0300][gc,cpu        ] GC(789) User=0,11s Sys=0,00s Real=0,03s
[2024-06-01T19:16:29.069-0300][gc,start      ] GC(790) Pause Young (Normal) (G1 Evacuation Pause)
[2024-06-01T19:16:29.069-0300][gc,task       ] GC(790) Using 4 workers of 4 for evacuation
[2024-06-01T19:16:29.095-0300][gc,mmu        ] GC(790) MMU target violated: 21,0ms (20,0ms/21,0ms)
[2024-06-01T19:16:29.095-0300][gc,phases     ] GC(790)   Pre Evacuate Collection Set: 0,1ms
[2024-06-01T19:16:29.095-0300][gc,phases     ] GC(790)   Evacuate Collection Set: 24,5ms
[2024-06-01T19:16:29.095-0300][gc,phases     ] GC(790)   Post Evacuate Collection Set: 1,1ms
[2024-06-01T19:16:29.095-0300][gc,phases     ] GC(790)   Other: 0,5ms
[2024-06-01T19:16:29.095-0300][gc,heap       ] GC(790) Eden regions: 44->0(47)
[2024-06-01T19:16:29.095-0300][gc,heap       ] GC(790) Survivor regions: 7->4(7)
[2024-06-01T19:16:29.095-0300][gc,heap       ] GC(790) Old regions: 376->380
[2024-06-01T19:16:29.095-0300][gc,heap       ] GC(790) Humongous regions: 129->129
[2024-06-01T19:16:29.095-0300][gc,metaspace  ] GC(790) Metaspace: 45750K(48924K)->45750K(48924K) NonClass: 40011K(41680K)->40011K(41680K) Class: 5738K(7244K)->5738K(7244K)
[2024-06-01T19:16:29.095-0300][gc            ] GC(790) Pause Young (Normal) (G1 Evacuation Pause) 554M->510M(1024M) 26,295ms
[2024-06-01T19:16:29.095-0300][gc,cpu        ] GC(790) User=0,09s Sys=0,00s Real=0,02s
[2024-06-01T19:16:59.395-0300][gc,start      ] GC(791) Pause Young (Normal) (G1 Evacuation Pause)
[2024-06-01T19:16:59.395-0300][gc,task       ] GC(791) Using 4 workers of 4 for evacuation
[2024-06-01T19:16:59.412-0300][gc,phases     ] GC(791)   Pre Evacuate Collection Set: 0,1ms
[2024-06-01T19:16:59.412-0300][gc,phases     ] GC(791)   Evacuate Collection Set: 15,9ms
[2024-06-01T19:16:59.412-0300][gc,phases     ] GC(791)   Post Evacuate Collection Set: 1,0ms
[2024-06-01T19:16:59.412-0300][gc,phases     ] GC(791)   Other: 0,4ms
[2024-06-01T19:16:59.412-0300][gc,heap       ] GC(791) Eden regions: 47->0(47)
[2024-06-01T19:16:59.412-0300][gc,heap       ] GC(791) Survivor regions: 4->4(7)
[2024-06-01T19:16:59.412-0300][gc,heap       ] GC(791) Old regions: 380->380
[2024-06-01T19:16:59.412-0300][gc,heap       ] GC(791) Humongous regions: 129->129
[2024-06-01T19:16:59.412-0300][gc,metaspace  ] GC(791) Metaspace: 45750K(48924K)->45750K(48924K) NonClass: 40011K(41680K)->40011K(41680K) Class: 5738K(7244K)->5738K(7244K)
[2024-06-01T19:16:59.412-0300][gc            ] GC(791) Pause Young (Normal) (G1 Evacuation Pause) 557M->510M(1024M) 17,710ms
[2024-06-01T19:16:59.412-0300][gc,cpu        ] GC(791) User=0,06s Sys=0,00s Real=0,02s
[2024-06-01T19:17:29.152-0300][gc,start      ] GC(792) Pause Young (Normal) (G1 Evacuation Pause)
[2024-06-01T19:17:29.152-0300][gc,task       ] GC(792) Using 4 workers of 4 for evacuation
[2024-06-01T19:17:29.171-0300][gc,phases     ] GC(792)   Pre Evacuate Collection Set: 0,1ms
[2024-06-01T19:17:29.171-0300][gc,phases     ] GC(792)   Evacuate Collection Set: 17,6ms
[2024-06-01T19:17:29.171-0300][gc,phases     ] GC(792)   Post Evacuate Collection Set: 1,0ms
[2024-06-01T19:17:29.171-0300][gc,phases     ] GC(792)   Other: 0,4ms
[2024-06-01T19:17:29.171-0300][gc,heap       ] GC(792) Eden regions: 47->0(48)
[2024-06-01T19:17:29.171-0300][gc,heap       ] GC(792) Survivor regions: 4->3(7)
[2024-06-01T19:17:29.171-0300][gc,heap       ] GC(792) Old regions: 380->382
[2024-06-01T19:17:29.171-0300][gc,heap       ] GC(792) Humongous regions: 129->129
[2024-06-01T19:17:29.171-0300][gc,metaspace  ] GC(792) Metaspace: 45750K(48924K)->45750K(48924K) NonClass: 40011K(41680K)->40011K(41680K) Class: 5738K(7244K)->5738K(7244K)
[2024-06-01T19:17:29.171-0300][gc            ] GC(792) Pause Young (Normal) (G1 Evacuation Pause) 557M->511M(1024M) 19,337ms
[2024-06-01T19:17:29.171-0300][gc,cpu        ] GC(792) User=0,07s Sys=0,00s Real=0,02s
[2024-06-01T19:17:59.826-0300][gc,start      ] GC(793) Pause Young (Normal) (G1 Evacuation Pause)
[2024-06-01T19:17:59.826-0300][gc,task       ] GC(793) Using 4 workers of 4 for evacuation
[2024-06-01T19:17:59.838-0300][gc,phases     ] GC(793)   Pre Evacuate Collection Set: 0,1ms
[2024-06-01T19:17:59.838-0300][gc,phases     ] GC(793)   Evacuate Collection Set: 10,6ms
[2024-06-01T19:17:59.838-0300][gc,phases     ] GC(793)   Post Evacuate Collection Set: 0,9ms
[2024-06-01T19:17:59.838-0300][gc,phases     ] GC(793)   Other: 0,4ms
[2024-06-01T19:17:59.838-0300][gc,heap       ] GC(793) Eden regions: 48->0(49)
[2024-06-01T19:17:59.838-0300][gc,heap       ] GC(793) Survivor regions: 3->4(7)
[2024-06-01T19:17:59.838-0300][gc,heap       ] GC(793) Old regions: 382->382
[2024-06-01T19:17:59.838-0300][gc,heap       ] GC(793) Humongous regions: 129->129
[2024-06-01T19:17:59.838-0300][gc,metaspace  ] GC(793) Metaspace: 45750K(48924K)->45750K(48924K) NonClass: 40011K(41680K)->40011K(41680K) Class: 5738K(7244K)->5738K(7244K)
[2024-06-01T19:17:59.838-0300][gc            ] GC(793) Pause Young (Normal) (G1 Evacuation Pause) 559M->512M(1024M) 12,220ms
[2024-06-01T19:17:59.839-0300][gc,cpu        ] GC(793) User=0,04s Sys=0,00s Real=0,02s
[2024-06-01T19:18:31.285-0300][gc,start      ] GC(794) Pause Young (Normal) (G1 Evacuation Pause)
[2024-06-01T19:18:31.285-0300][gc,task       ] GC(794) Using 4 workers of 4 for evacuation
[2024-06-01T19:18:31.293-0300][gc,phases     ] GC(794)   Pre Evacuate Collection Set: 0,0ms
[2024-06-01T19:18:31.293-0300][gc,phases     ] GC(794)   Evacuate Collection Set: 7,5ms
[2024-06-01T19:18:31.293-0300][gc,phases     ] GC(794)   Post Evacuate Collection Set: 0,5ms
[2024-06-01T19:18:31.293-0300][gc,phases     ] GC(794)   Other: 0,3ms
[2024-06-01T19:18:31.293-0300][gc,heap       ] GC(794) Eden regions: 49->0(52)
[2024-06-01T19:18:31.293-0300][gc,heap       ] GC(794) Survivor regions: 4->5(7)
[2024-06-01T19:18:31.293-0300][gc,heap       ] GC(794) Old regions: 382->382
[2024-06-01T19:18:31.293-0300][gc,heap       ] GC(794) Humongous regions: 129->129
[2024-06-01T19:18:31.293-0300][gc,metaspace  ] GC(794) Metaspace: 45750K(48924K)->45750K(48924K) NonClass: 40011K(41680K)->40011K(41680K) Class: 5738K(7244K)->5738K(7244K)
[2024-06-01T19:18:31.293-0300][gc            ] GC(794) Pause Young (Normal) (G1 Evacuation Pause) 561M->513M(1024M) 8,523ms
[2024-06-01T19:18:31.293-0300][gc,cpu        ] GC(794) User=0,04s Sys=0,00s Real=0,01s
[2024-06-01T19:19:03.893-0300][gc,start      ] GC(795) Pause Young (Normal) (G1 Evacuation Pause)
[2024-06-01T19:19:03.893-0300][gc,task       ] GC(795) Using 4 workers of 4 for evacuation
[2024-06-01T19:19:03.904-0300][gc,phases     ] GC(795)   Pre Evacuate Collection Set: 0,0ms
[2024-06-01T19:19:03.904-0300][gc,phases     ] GC(795)   Evacuate Collection Set: 9,9ms
[2024-06-01T19:19:03.904-0300][gc,phases     ] GC(795)   Post Evacuate Collection Set: 0,8ms
[2024-06-01T19:19:03.904-0300][gc,phases     ] GC(795)   Other: 0,3ms
[2024-06-01T19:19:03.904-0300][gc,heap       ] GC(795) Eden regions: 52->0(55)
[2024-06-01T19:19:03.904-0300][gc,heap       ] GC(795) Survivor regions: 5->4(8)
[2024-06-01T19:19:03.904-0300][gc,heap       ] GC(795) Old regions: 382->382
[2024-06-01T19:19:03.904-0300][gc,heap       ] GC(795) Humongous regions: 129->129
[2024-06-01T19:19:03.904-0300][gc,metaspace  ] GC(795) Metaspace: 45750K(48924K)->45750K(48924K) NonClass: 40011K(41680K)->40011K(41680K) Class: 5738K(7244K)->5738K(7244K)
[2024-06-01T19:19:03.904-0300][gc            ] GC(795) Pause Young (Normal) (G1 Evacuation Pause) 565M->513M(1024M) 11,272ms
[2024-06-01T19:19:03.904-0300][gc,cpu        ] GC(795) User=0,04s Sys=0,00s Real=0,01s
[2024-06-01T19:19:39.087-0300][gc,start      ] GC(796) Pause Young (Normal) (G1 Evacuation Pause)
[2024-06-01T19:19:39.087-0300][gc,task       ] GC(796) Using 4 workers of 4 for evacuation
[2024-06-01T19:19:39.104-0300][gc,phases     ] GC(796)   Pre Evacuate Collection Set: 0,1ms
[2024-06-01T19:19:39.104-0300][gc,phases     ] GC(796)   Evacuate Collection Set: 15,2ms
[2024-06-01T19:19:39.104-0300][gc,phases     ] GC(796)   Post Evacuate Collection Set: 1,0ms
[2024-06-01T19:19:39.104-0300][gc,phases     ] GC(796)   Other: 0,4ms
[2024-06-01T19:19:39.104-0300][gc,heap       ] GC(796) Eden regions: 55->0(55)
[2024-06-01T19:19:39.104-0300][gc,heap       ] GC(796) Survivor regions: 4->6(8)
[2024-06-01T19:19:39.104-0300][gc,heap       ] GC(796) Old regions: 382->382
[2024-06-01T19:19:39.104-0300][gc,heap       ] GC(796) Humongous regions: 129->129
[2024-06-01T19:19:39.104-0300][gc,metaspace  ] GC(796) Metaspace: 45750K(48924K)->45750K(48924K) NonClass: 40011K(41680K)->40011K(41680K) Class: 5738K(7244K)->5738K(7244K)
[2024-06-01T19:19:39.104-0300][gc            ] GC(796) Pause Young (Normal) (G1 Evacuation Pause) 568M->515M(1024M) 16,872ms
[2024-06-01T19:19:39.104-0300][gc,cpu        ] GC(796) User=0,06s Sys=0,00s Real=0,02s
[2024-06-01T19:20:14.071-0300][gc,start      ] GC(797) Pause Young (Normal) (G1 Evacuation Pause)
[2024-06-01T19:20:14.071-0300][gc,task       ] GC(797) Using 4 workers of 4 for evacuation
[2024-06-01T19:20:14.091-0300][gc,mmu        ] GC(797) MMU target violated: 20,1ms (20,0ms/21,0ms)
[2024-06-01T19:20:14.091-0300][gc,phases     ] GC(797)   Pre Evacuate Collection Set: 0,1ms
[2024-06-01T19:20:14.091-0300][gc,phases     ] GC(797)   Evacuate Collection Set: 18,9ms
[2024-06-01T19:20:14.091-0300][gc,phases     ] GC(797)   Post Evacuate Collection Set: 1,0ms
[2024-06-01T19:20:14.091-0300][gc,phases     ] GC(797)   Other: 0,6ms
[2024-06-01T19:20:14.091-0300][gc,heap       ] GC(797) Eden regions: 55->0(55)
[2024-06-01T19:20:14.091-0300][gc,heap       ] GC(797) Survivor regions: 6->6(8)
[2024-06-01T19:20:14.091-0300][gc,heap       ] GC(797) Old regions: 382->384
[2024-06-01T19:20:14.091-0300][gc,heap       ] GC(797) Humongous regions: 129->129
[2024-06-01T19:20:14.091-0300][gc,metaspace  ] GC(797) Metaspace: 45750K(48924K)->45750K(48924K) NonClass: 40011K(41680K)->40011K(41680K) Class: 5738K(7244K)->5738K(7244K)
[2024-06-01T19:20:14.091-0300][gc            ] GC(797) Pause Young (Normal) (G1 Evacuation Pause) 570M->516M(1024M) 20,676ms
[2024-06-01T19:20:14.091-0300][gc,cpu        ] GC(797) User=0,07s Sys=0,00s Real=0,02s
[2024-06-01T19:20:49.098-0300][gc,start      ] GC(798) Pause Young (Normal) (G1 Evacuation Pause)
[2024-06-01T19:20:49.098-0300][gc,task       ] GC(798) Using 4 workers of 4 for evacuation
[2024-06-01T19:20:49.118-0300][gc,phases     ] GC(798)   Pre Evacuate Collection Set: 0,1ms
[2024-06-01T19:20:49.118-0300][gc,phases     ] GC(798)   Evacuate Collection Set: 18,4ms
[2024-06-01T19:20:49.118-0300][gc,phases     ] GC(798)   Post Evacuate Collection Set: 0,8ms
[2024-06-01T19:20:49.118-0300][gc,phases     ] GC(798)   Other: 0,5ms
[2024-06-01T19:20:49.118-0300][gc,heap       ] GC(798) Eden regions: 55->0(54)
[2024-06-01T19:20:49.118-0300][gc,heap       ] GC(798) Survivor regions: 6->5(8)
[2024-06-01T19:20:49.118-0300][gc,heap       ] GC(798) Old regions: 384->385
[2024-06-01T19:20:49.118-0300][gc,heap       ] GC(798) Humongous regions: 129->129
[2024-06-01T19:20:49.118-0300][gc,metaspace  ] GC(798) Metaspace: 45751K(48924K)->45751K(48924K) NonClass: 40012K(41680K)->40012K(41680K) Class: 5738K(7244K)->5738K(7244K)
[2024-06-01T19:20:49.118-0300][gc            ] GC(798) Pause Young (Normal) (G1 Evacuation Pause) 571M->517M(1024M) 20,007ms
[2024-06-01T19:20:49.118-0300][gc,cpu        ] GC(798) User=0,07s Sys=0,00s Real=0,02s
[2024-06-01T19:21:23.626-0300][gc,start      ] GC(799) Pause Young (Normal) (G1 Evacuation Pause)
[2024-06-01T19:21:23.626-0300][gc,task       ] GC(799) Using 4 workers of 4 for evacuation
[2024-06-01T19:21:23.645-0300][gc,phases     ] GC(799)   Pre Evacuate Collection Set: 0,1ms
[2024-06-01T19:21:23.645-0300][gc,phases     ] GC(799)   Evacuate Collection Set: 17,5ms
[2024-06-01T19:21:23.645-0300][gc,phases     ] GC(799)   Post Evacuate Collection Set: 1,0ms
[2024-06-01T19:21:23.645-0300][gc,phases     ] GC(799)   Other: 0,4ms
[2024-06-01T19:21:23.645-0300][gc,heap       ] GC(799) Eden regions: 54->0(54)
[2024-06-01T19:21:23.645-0300][gc,heap       ] GC(799) Survivor regions: 5->5(8)
[2024-06-01T19:21:23.645-0300][gc,heap       ] GC(799) Old regions: 385->386
[2024-06-01T19:21:23.645-0300][gc,heap       ] GC(799) Humongous regions: 129->129
[2024-06-01T19:21:23.645-0300][gc,metaspace  ] GC(799) Metaspace: 45751K(48924K)->45751K(48924K) NonClass: 40012K(41680K)->40012K(41680K) Class: 5738K(7244K)->5738K(7244K)
[2024-06-01T19:21:23.645-0300][gc            ] GC(799) Pause Young (Normal) (G1 Evacuation Pause) 571M->518M(1024M) 19,190ms
[2024-06-01T19:21:23.645-0300][gc,cpu        ] GC(799) User=0,07s Sys=0,00s Real=0,02s
[2024-06-01T19:21:53.342-0300][gc,start      ] GC(800) Pause Young (Normal) (G1 Evacuation Pause)
[2024-06-01T19:21:53.342-0300][gc,task       ] GC(800) Using 4 workers of 4 for evacuation
[2024-06-01T19:21:53.358-0300][gc,phases     ] GC(800)   Pre Evacuate Collection Set: 0,0ms
[2024-06-01T19:21:53.358-0300][gc,phases     ] GC(800)   Evacuate Collection Set: 14,7ms
[2024-06-01T19:21:53.358-0300][gc,phases     ] GC(800)   Post Evacuate Collection Set: 0,9ms
[2024-06-01T19:21:53.358-0300][gc,phases     ] GC(800)   Other: 0,4ms
[2024-06-01T19:21:53.358-0300][gc,heap       ] GC(800) Eden regions: 46->0(53)
[2024-06-01T19:21:53.358-0300][gc,heap       ] GC(800) Survivor regions: 5->5(7)
[2024-06-01T19:21:53.358-0300][gc,heap       ] GC(800) Old regions: 386->388
[2024-06-01T19:21:53.358-0300][gc,heap       ] GC(800) Humongous regions: 129->129
[2024-06-01T19:21:53.358-0300][gc,metaspace  ] GC(800) Metaspace: 45751K(48924K)->45751K(48924K) NonClass: 40012K(41680K)->40012K(41680K) Class: 5738K(7244K)->5738K(7244K)
[2024-06-01T19:21:53.358-0300][gc            ] GC(800) Pause Young (Normal) (G1 Evacuation Pause) 564M->519M(1024M) 16,180ms
[2024-06-01T19:21:53.358-0300][gc,cpu        ] GC(800) User=0,05s Sys=0,00s Real=0,02s
[2024-06-01T19:22:23.310-0300][gc,start      ] GC(801) Pause Young (Normal) (G1 Evacuation Pause)
[2024-06-01T19:22:23.310-0300][gc,task       ] GC(801) Using 4 workers of 4 for evacuation
[2024-06-01T19:22:23.329-0300][gc,phases     ] GC(801)   Pre Evacuate Collection Set: 0,1ms
[2024-06-01T19:22:23.329-0300][gc,phases     ] GC(801)   Evacuate Collection Set: 17,5ms
[2024-06-01T19:22:23.329-0300][gc,phases     ] GC(801)   Post Evacuate Collection Set: 1,0ms
[2024-06-01T19:22:23.329-0300][gc,phases     ] GC(801)   Other: 0,4ms
[2024-06-01T19:22:23.329-0300][gc,heap       ] GC(801) Eden regions: 47->0(52)
[2024-06-01T19:22:23.329-0300][gc,heap       ] GC(801) Survivor regions: 5->5(7)
[2024-06-01T19:22:23.329-0300][gc,heap       ] GC(801) Old regions: 388->389
[2024-06-01T19:22:23.329-0300][gc,heap       ] GC(801) Humongous regions: 129->129
[2024-06-01T19:22:23.329-0300][gc,metaspace  ] GC(801) Metaspace: 45751K(48924K)->45751K(48924K) NonClass: 40012K(41680K)->40012K(41680K) Class: 5738K(7244K)->5738K(7244K)
[2024-06-01T19:22:23.329-0300][gc            ] GC(801) Pause Young (Normal) (G1 Evacuation Pause) 566M->520M(1024M) 19,179ms
[2024-06-01T19:22:23.329-0300][gc,cpu        ] GC(801) User=0,07s Sys=0,00s Real=0,02s
[2024-06-01T19:22:56.410-0300][gc,start      ] GC(802) Pause Young (Normal) (G1 Evacuation Pause)
[2024-06-01T19:22:56.410-0300][gc,task       ] GC(802) Using 4 workers of 4 for evacuation
[2024-06-01T19:22:56.416-0300][gc,phases     ] GC(802)   Pre Evacuate Collection Set: 0,0ms
[2024-06-01T19:22:56.417-0300][gc,phases     ] GC(802)   Evacuate Collection Set: 5,9ms
[2024-06-01T19:22:56.417-0300][gc,phases     ] GC(802)   Post Evacuate Collection Set: 0,5ms
[2024-06-01T19:22:56.417-0300][gc,phases     ] GC(802)   Other: 0,2ms
[2024-06-01T19:22:56.417-0300][gc,heap       ] GC(802) Eden regions: 52->0(58)
[2024-06-01T19:22:56.417-0300][gc,heap       ] GC(802) Survivor regions: 5->4(8)
[2024-06-01T19:22:56.417-0300][gc,heap       ] GC(802) Old regions: 389->390
[2024-06-01T19:22:56.417-0300][gc,heap       ] GC(802) Humongous regions: 129->129
[2024-06-01T19:22:56.417-0300][gc,metaspace  ] GC(802) Metaspace: 45751K(48924K)->45751K(48924K) NonClass: 40012K(41680K)->40012K(41680K) Class: 5738K(7244K)->5738K(7244K)
[2024-06-01T19:22:56.417-0300][gc            ] GC(802) Pause Young (Normal) (G1 Evacuation Pause) 572M->520M(1024M) 6,702ms
[2024-06-01T19:22:56.417-0300][gc,cpu        ] GC(802) User=0,02s Sys=0,00s Real=0,01s
[2024-06-01T19:23:33.797-0300][gc,start      ] GC(803) Pause Young (Normal) (G1 Evacuation Pause)
[2024-06-01T19:23:33.798-0300][gc,task       ] GC(803) Using 4 workers of 4 for evacuation
[2024-06-01T19:23:33.815-0300][gc,phases     ] GC(803)   Pre Evacuate Collection Set: 0,1ms
[2024-06-01T19:23:33.815-0300][gc,phases     ] GC(803)   Evacuate Collection Set: 16,4ms
[2024-06-01T19:23:33.815-0300][gc,phases     ] GC(803)   Post Evacuate Collection Set: 0,9ms
[2024-06-01T19:23:33.816-0300][gc,phases     ] GC(803)   Other: 0,5ms
[2024-06-01T19:23:33.816-0300][gc,heap       ] GC(803) Eden regions: 58->0(57)
[2024-06-01T19:23:33.816-0300][gc,heap       ] GC(803) Survivor regions: 4->5(8)
[2024-06-01T19:23:33.816-0300][gc,heap       ] GC(803) Old regions: 390->390
[2024-06-01T19:23:33.816-0300][gc,heap       ] GC(803) Humongous regions: 129->129
[2024-06-01T19:23:33.816-0300][gc,metaspace  ] GC(803) Metaspace: 45751K(48924K)->45751K(48924K) NonClass: 40012K(41680K)->40012K(41680K) Class: 5738K(7244K)->5738K(7244K)
[2024-06-01T19:23:33.816-0300][gc            ] GC(803) Pause Young (Normal) (G1 Evacuation Pause) 578M->521M(1024M) 18,179ms
[2024-06-01T19:23:33.816-0300][gc,cpu        ] GC(803) User=0,06s Sys=0,00s Real=0,02s
[2024-06-01T19:24:06.594-0300][gc,start      ] GC(804) Pause Young (Normal) (G1 Evacuation Pause)
[2024-06-01T19:24:06.594-0300][gc,task       ] GC(804) Using 4 workers of 4 for evacuation
[2024-06-01T19:24:06.615-0300][gc,mmu        ] GC(804) MMU target violated: 21,0ms (20,0ms/21,0ms)
[2024-06-01T19:24:06.615-0300][gc,phases     ] GC(804)   Pre Evacuate Collection Set: 0,1ms
[2024-06-01T19:24:06.615-0300][gc,phases     ] GC(804)   Evacuate Collection Set: 19,9ms
[2024-06-01T19:24:06.615-0300][gc,phases     ] GC(804)   Post Evacuate Collection Set: 1,0ms
[2024-06-01T19:24:06.615-0300][gc,phases     ] GC(804)   Other: 0,5ms
[2024-06-01T19:24:06.615-0300][gc,heap       ] GC(804) Eden regions: 51->0(54)
[2024-06-01T19:24:06.615-0300][gc,heap       ] GC(804) Survivor regions: 5->5(7)
[2024-06-01T19:24:06.615-0300][gc,heap       ] GC(804) Old regions: 390->392
[2024-06-01T19:24:06.615-0300][gc,heap       ] GC(804) Humongous regions: 129->129
[2024-06-01T19:24:06.615-0300][gc,metaspace  ] GC(804) Metaspace: 45751K(48924K)->45751K(48924K) NonClass: 40012K(41680K)->40012K(41680K) Class: 5738K(7244K)->5738K(7244K)
[2024-06-01T19:24:06.615-0300][gc            ] GC(804) Pause Young (Normal) (G1 Evacuation Pause) 572M->523M(1024M) 21,619ms
[2024-06-01T19:24:06.615-0300][gc,cpu        ] GC(804) User=0,07s Sys=0,00s Real=0,02s
[2024-06-01T19:24:37.759-0300][gc,start      ] GC(805) Pause Young (Normal) (G1 Evacuation Pause)
[2024-06-01T19:24:37.759-0300][gc,task       ] GC(805) Using 4 workers of 4 for evacuation
[2024-06-01T19:24:37.766-0300][gc,phases     ] GC(805)   Pre Evacuate Collection Set: 0,0ms
[2024-06-01T19:24:37.766-0300][gc,phases     ] GC(805)   Evacuate Collection Set: 6,3ms
[2024-06-01T19:24:37.766-0300][gc,phases     ] GC(805)   Post Evacuate Collection Set: 0,4ms
[2024-06-01T19:24:37.766-0300][gc,phases     ] GC(805)   Other: 0,2ms
[2024-06-01T19:24:37.766-0300][gc,heap       ] GC(805) Eden regions: 49->0(58)
[2024-06-01T19:24:37.766-0300][gc,heap       ] GC(805) Survivor regions: 5->5(7)
[2024-06-01T19:24:37.766-0300][gc,heap       ] GC(805) Old regions: 392->392
[2024-06-01T19:24:37.766-0300][gc,heap       ] GC(805) Humongous regions: 129->129
[2024-06-01T19:24:37.766-0300][gc,metaspace  ] GC(805) Metaspace: 45751K(48924K)->45751K(48924K) NonClass: 40012K(41680K)->40012K(41680K) Class: 5738K(7244K)->5738K(7244K)
[2024-06-01T19:24:37.766-0300][gc            ] GC(805) Pause Young (Normal) (G1 Evacuation Pause) 572M->524M(1024M) 7,013ms
[2024-06-01T19:24:37.766-0300][gc,cpu        ] GC(805) User=0,03s Sys=0,00s Real=0,00s
[2024-06-01T19:25:11.781-0300][gc,start      ] GC(806) Pause Young (Normal) (G1 Evacuation Pause)
[2024-06-01T19:25:11.781-0300][gc,task       ] GC(806) Using 4 workers of 4 for evacuation
[2024-06-01T19:25:11.801-0300][gc,phases     ] GC(806)   Pre Evacuate Collection Set: 0,1ms
[2024-06-01T19:25:11.801-0300][gc,phases     ] GC(806)   Evacuate Collection Set: 18,5ms
[2024-06-01T19:25:11.801-0300][gc,phases     ] GC(806)   Post Evacuate Collection Set: 1,1ms
[2024-06-01T19:25:11.801-0300][gc,phases     ] GC(806)   Other: 0,4ms
[2024-06-01T19:25:11.801-0300][gc,heap       ] GC(806) Eden regions: 54->0(56)
[2024-06-01T19:25:11.801-0300][gc,heap       ] GC(806) Survivor regions: 5->5(8)
[2024-06-01T19:25:11.801-0300][gc,heap       ] GC(806) Old regions: 392->393
[2024-06-01T19:25:11.801-0300][gc,heap       ] GC(806) Humongous regions: 129->129
[2024-06-01T19:25:11.801-0300][gc,metaspace  ] GC(806) Metaspace: 45751K(48924K)->45751K(48924K) NonClass: 40012K(41680K)->40012K(41680K) Class: 5738K(7244K)->5738K(7244K)
[2024-06-01T19:25:11.801-0300][gc            ] GC(806) Pause Young (Normal) (G1 Evacuation Pause) 578M->525M(1024M) 20,350ms
[2024-06-01T19:25:11.801-0300][gc,cpu        ] GC(806) User=0,08s Sys=0,00s Real=0,02s
[2024-06-01T19:25:42.142-0300][gc,start      ] GC(807) Pause Young (Normal) (G1 Evacuation Pause)
[2024-06-01T19:25:42.142-0300][gc,task       ] GC(807) Using 4 workers of 4 for evacuation
[2024-06-01T19:25:42.162-0300][gc,mmu        ] GC(807) MMU target violated: 20,2ms (20,0ms/21,0ms)
[2024-06-01T19:25:42.163-0300][gc,phases     ] GC(807)   Pre Evacuate Collection Set: 0,1ms
[2024-06-01T19:25:42.163-0300][gc,phases     ] GC(807)   Evacuate Collection Set: 19,1ms
[2024-06-01T19:25:42.163-0300][gc,phases     ] GC(807)   Post Evacuate Collection Set: 0,9ms
[2024-06-01T19:25:42.163-0300][gc,phases     ] GC(807)   Other: 0,5ms
[2024-06-01T19:25:42.163-0300][gc,heap       ] GC(807) Eden regions: 48->0(54)
[2024-06-01T19:25:42.163-0300][gc,heap       ] GC(807) Survivor regions: 5->5(7)
[2024-06-01T19:25:42.163-0300][gc,heap       ] GC(807) Old regions: 393->395
[2024-06-01T19:25:42.163-0300][gc,heap       ] GC(807) Humongous regions: 129->129
[2024-06-01T19:25:42.163-0300][gc,metaspace  ] GC(807) Metaspace: 45751K(48924K)->45751K(48924K) NonClass: 40012K(41680K)->40012K(41680K) Class: 5738K(7244K)->5738K(7244K)
[2024-06-01T19:25:42.163-0300][gc            ] GC(807) Pause Young (Normal) (G1 Evacuation Pause) 573M->526M(1024M) 20,786ms
[2024-06-01T19:25:42.163-0300][gc,cpu        ] GC(807) User=0,07s Sys=0,00s Real=0,02s
[2024-06-01T19:26:12.265-0300][gc,start      ] GC(808) Pause Young (Normal) (G1 Evacuation Pause)
[2024-06-01T19:26:12.265-0300][gc,task       ] GC(808) Using 4 workers of 4 for evacuation
[2024-06-01T19:26:12.286-0300][gc,mmu        ] GC(808) MMU target violated: 20,2ms (20,0ms/21,0ms)
[2024-06-01T19:26:12.286-0300][gc,phases     ] GC(808)   Pre Evacuate Collection Set: 0,1ms
[2024-06-01T19:26:12.286-0300][gc,phases     ] GC(808)   Evacuate Collection Set: 18,9ms
[2024-06-01T19:26:12.286-0300][gc,phases     ] GC(808)   Post Evacuate Collection Set: 1,0ms
[2024-06-01T19:26:12.286-0300][gc,phases     ] GC(808)   Other: 0,5ms
[2024-06-01T19:26:12.286-0300][gc,heap       ] GC(808) Eden regions: 47->0(53)
[2024-06-01T19:26:12.286-0300][gc,heap       ] GC(808) Survivor regions: 5->5(7)
[2024-06-01T19:26:12.286-0300][gc,heap       ] GC(808) Old regions: 395->396
[2024-06-01T19:26:12.286-0300][gc,heap       ] GC(808) Humongous regions: 129->129
[2024-06-01T19:26:12.286-0300][gc,metaspace  ] GC(808) Metaspace: 45751K(48924K)->45751K(48924K) NonClass: 40012K(41680K)->40012K(41680K) Class: 5738K(7244K)->5738K(7244K)
[2024-06-01T19:26:12.286-0300][gc            ] GC(808) Pause Young (Normal) (G1 Evacuation Pause) 573M->527M(1024M) 20,700ms
[2024-06-01T19:26:12.286-0300][gc,cpu        ] GC(808) User=0,08s Sys=0,00s Real=0,02s
[2024-06-01T19:26:41.775-0300][gc,start      ] GC(809) Pause Young (Normal) (G1 Evacuation Pause)
[2024-06-01T19:26:41.775-0300][gc,task       ] GC(809) Using 4 workers of 4 for evacuation
[2024-06-01T19:26:41.795-0300][gc,phases     ] GC(809)   Pre Evacuate Collection Set: 0,1ms
[2024-06-01T19:26:41.795-0300][gc,phases     ] GC(809)   Evacuate Collection Set: 18,3ms
[2024-06-01T19:26:41.795-0300][gc,phases     ] GC(809)   Post Evacuate Collection Set: 1,0ms
[2024-06-01T19:26:41.795-0300][gc,phases     ] GC(809)   Other: 0,5ms
[2024-06-01T19:26:41.795-0300][gc,heap       ] GC(809) Eden regions: 46->0(53)
[2024-06-01T19:26:41.795-0300][gc,heap       ] GC(809) Survivor regions: 5->5(7)
[2024-06-01T19:26:41.795-0300][gc,heap       ] GC(809) Old regions: 396->397
[2024-06-01T19:26:41.795-0300][gc,heap       ] GC(809) Humongous regions: 129->129
[2024-06-01T19:26:41.795-0300][gc,metaspace  ] GC(809) Metaspace: 45751K(48924K)->45751K(48924K) NonClass: 40012K(41680K)->40012K(41680K) Class: 5738K(7244K)->5738K(7244K)
[2024-06-01T19:26:41.795-0300][gc            ] GC(809) Pause Young (Normal) (G1 Evacuation Pause) 573M->528M(1024M) 20,067ms
[2024-06-01T19:26:41.795-0300][gc,cpu        ] GC(809) User=0,07s Sys=0,00s Real=0,02s
[2024-06-01T19:27:10.990-0300][gc,start      ] GC(810) Pause Young (Normal) (G1 Evacuation Pause)
[2024-06-01T19:27:10.990-0300][gc,task       ] GC(810) Using 4 workers of 4 for evacuation
[2024-06-01T19:27:11.008-0300][gc,phases     ] GC(810)   Pre Evacuate Collection Set: 0,1ms
[2024-06-01T19:27:11.008-0300][gc,phases     ] GC(810)   Evacuate Collection Set: 17,0ms
[2024-06-01T19:27:11.008-0300][gc,phases     ] GC(810)   Post Evacuate Collection Set: 1,0ms
[2024-06-01T19:27:11.008-0300][gc,phases     ] GC(810)   Other: 0,4ms
[2024-06-01T19:27:11.008-0300][gc,heap       ] GC(810) Eden regions: 46->0(53)
[2024-06-01T19:27:11.008-0300][gc,heap       ] GC(810) Survivor regions: 5->4(7)
[2024-06-01T19:27:11.008-0300][gc,heap       ] GC(810) Old regions: 397->398
[2024-06-01T19:27:11.008-0300][gc,heap       ] GC(810) Humongous regions: 129->129
[2024-06-01T19:27:11.008-0300][gc,metaspace  ] GC(810) Metaspace: 45751K(48924K)->45751K(48924K) NonClass: 40012K(41680K)->40012K(41680K) Class: 5738K(7244K)->5738K(7244K)
[2024-06-01T19:27:11.008-0300][gc            ] GC(810) Pause Young (Normal) (G1 Evacuation Pause) 574M->528M(1024M) 18,777ms
[2024-06-01T19:27:11.008-0300][gc,cpu        ] GC(810) User=0,07s Sys=0,00s Real=0,02s
[2024-06-01T19:27:40.632-0300][gc,start      ] GC(811) Pause Young (Normal) (G1 Evacuation Pause)
[2024-06-01T19:27:40.632-0300][gc,task       ] GC(811) Using 4 workers of 4 for evacuation
[2024-06-01T19:27:40.651-0300][gc,phases     ] GC(811)   Pre Evacuate Collection Set: 0,1ms
[2024-06-01T19:27:40.651-0300][gc,phases     ] GC(811)   Evacuate Collection Set: 16,8ms
[2024-06-01T19:27:40.651-0300][gc,phases     ] GC(811)   Post Evacuate Collection Set: 1,0ms
[2024-06-01T19:27:40.651-0300][gc,phases     ] GC(811)   Other: 0,4ms
[2024-06-01T19:27:40.651-0300][gc,heap       ] GC(811) Eden regions: 47->0(52)
[2024-06-01T19:27:40.651-0300][gc,heap       ] GC(811) Survivor regions: 4->5(7)
[2024-06-01T19:27:40.651-0300][gc,heap       ] GC(811) Old regions: 398->398
[2024-06-01T19:27:40.651-0300][gc,heap       ] GC(811) Humongous regions: 129->129
[2024-06-01T19:27:40.651-0300][gc,metaspace  ] GC(811) Metaspace: 45751K(48924K)->45751K(48924K) NonClass: 40012K(41680K)->40012K(41680K) Class: 5738K(7244K)->5738K(7244K)
[2024-06-01T19:27:40.651-0300][gc            ] GC(811) Pause Young (Normal) (G1 Evacuation Pause) 575M->529M(1024M) 18,536ms
[2024-06-01T19:27:40.651-0300][gc,cpu        ] GC(811) User=0,07s Sys=0,00s Real=0,02s
[2024-06-01T19:28:09.730-0300][gc,start      ] GC(812) Pause Young (Normal) (G1 Evacuation Pause)
[2024-06-01T19:28:09.730-0300][gc,task       ] GC(812) Using 4 workers of 4 for evacuation
[2024-06-01T19:28:09.750-0300][gc,mmu        ] GC(812) MMU target violated: 20,2ms (20,0ms/21,0ms)
[2024-06-01T19:28:09.750-0300][gc,phases     ] GC(812)   Pre Evacuate Collection Set: 0,1ms
[2024-06-01T19:28:09.750-0300][gc,phases     ] GC(812)   Evacuate Collection Set: 18,9ms
[2024-06-01T19:28:09.750-0300][gc,phases     ] GC(812)   Post Evacuate Collection Set: 1,0ms
[2024-06-01T19:28:09.750-0300][gc,phases     ] GC(812)   Other: 0,5ms
[2024-06-01T19:28:09.750-0300][gc,heap       ] GC(812) Eden regions: 46->0(51)
[2024-06-01T19:28:09.750-0300][gc,heap       ] GC(812) Survivor regions: 5->5(7)
[2024-06-01T19:28:09.750-0300][gc,heap       ] GC(812) Old regions: 398->399
[2024-06-01T19:28:09.750-0300][gc,heap       ] GC(812) Humongous regions: 129->129
[2024-06-01T19:28:09.750-0300][gc,metaspace  ] GC(812) Metaspace: 45751K(48924K)->45751K(48924K) NonClass: 40012K(41680K)->40012K(41680K) Class: 5738K(7244K)->5738K(7244K)
[2024-06-01T19:28:09.751-0300][gc            ] GC(812) Pause Young (Normal) (G1 Evacuation Pause) 575M->530M(1024M) 20,715ms
[2024-06-01T19:28:09.751-0300][gc,cpu        ] GC(812) User=0,08s Sys=0,00s Real=0,02s
[2024-06-01T19:28:42.770-0300][gc,start      ] GC(813) Pause Young (Normal) (G1 Evacuation Pause)
[2024-06-01T19:28:42.770-0300][gc,task       ] GC(813) Using 4 workers of 4 for evacuation
[2024-06-01T19:28:42.791-0300][gc,mmu        ] GC(813) MMU target violated: 20,8ms (20,0ms/21,0ms)
[2024-06-01T19:28:42.791-0300][gc,phases     ] GC(813)   Pre Evacuate Collection Set: 0,1ms
[2024-06-01T19:28:42.791-0300][gc,phases     ] GC(813)   Evacuate Collection Set: 19,6ms
[2024-06-01T19:28:42.791-0300][gc,phases     ] GC(813)   Post Evacuate Collection Set: 1,0ms
[2024-06-01T19:28:42.791-0300][gc,phases     ] GC(813)   Other: 0,5ms
[2024-06-01T19:28:42.791-0300][gc,heap       ] GC(813) Eden regions: 51->0(49)
[2024-06-01T19:28:42.791-0300][gc,heap       ] GC(813) Survivor regions: 5->5(7)
[2024-06-01T19:28:42.791-0300][gc,heap       ] GC(813) Old regions: 399->400
[2024-06-01T19:28:42.791-0300][gc,heap       ] GC(813) Humongous regions: 129->129
[2024-06-01T19:28:42.791-0300][gc,metaspace  ] GC(813) Metaspace: 45751K(48924K)->45751K(48924K) NonClass: 40012K(41680K)->40012K(41680K) Class: 5738K(7244K)->5738K(7244K)
[2024-06-01T19:28:42.791-0300][gc            ] GC(813) Pause Young (Normal) (G1 Evacuation Pause) 581M->531M(1024M) 21,367ms
[2024-06-01T19:28:42.791-0300][gc,cpu        ] GC(813) User=0,07s Sys=0,00s Real=0,02s
[2024-06-01T19:29:12.526-0300][gc,start      ] GC(814) Pause Young (Normal) (G1 Evacuation Pause)
[2024-06-01T19:29:12.526-0300][gc,task       ] GC(814) Using 4 workers of 4 for evacuation
[2024-06-01T19:29:12.548-0300][gc,mmu        ] GC(814) MMU target violated: 21,0ms (20,0ms/21,0ms)
[2024-06-01T19:29:12.548-0300][gc,phases     ] GC(814)   Pre Evacuate Collection Set: 0,1ms
[2024-06-01T19:29:12.548-0300][gc,phases     ] GC(814)   Evacuate Collection Set: 20,4ms
[2024-06-01T19:29:12.548-0300][gc,phases     ] GC(814)   Post Evacuate Collection Set: 1,0ms
[2024-06-01T19:29:12.548-0300][gc,phases     ] GC(814)   Other: 0,5ms
[2024-06-01T19:29:12.548-0300][gc,heap       ] GC(814) Eden regions: 46->0(49)
[2024-06-01T19:29:12.548-0300][gc,heap       ] GC(814) Survivor regions: 5->5(7)
[2024-06-01T19:29:12.548-0300][gc,heap       ] GC(814) Old regions: 400->401
[2024-06-01T19:29:12.548-0300][gc,heap       ] GC(814) Humongous regions: 129->129
[2024-06-01T19:29:12.548-0300][gc,metaspace  ] GC(814) Metaspace: 45751K(48924K)->45751K(48924K) NonClass: 40012K(41680K)->40012K(41680K) Class: 5738K(7244K)->5738K(7244K)
[2024-06-01T19:29:12.548-0300][gc            ] GC(814) Pause Young (Normal) (G1 Evacuation Pause) 577M->532M(1024M) 22,164ms
[2024-06-01T19:29:12.548-0300][gc,cpu        ] GC(814) User=0,07s Sys=0,01s Real=0,03s
[2024-06-01T19:29:43.976-0300][gc,start      ] GC(815) Pause Young (Normal) (G1 Evacuation Pause)
[2024-06-01T19:29:43.976-0300][gc,task       ] GC(815) Using 4 workers of 4 for evacuation
[2024-06-01T19:29:43.995-0300][gc,phases     ] GC(815)   Pre Evacuate Collection Set: 0,1ms
[2024-06-01T19:29:43.996-0300][gc,phases     ] GC(815)   Evacuate Collection Set: 18,3ms
[2024-06-01T19:29:43.996-0300][gc,phases     ] GC(815)   Post Evacuate Collection Set: 1,0ms
[2024-06-01T19:29:43.996-0300][gc,phases     ] GC(815)   Other: 0,5ms
[2024-06-01T19:29:43.996-0300][gc,heap       ] GC(815) Eden regions: 49->0(50)
[2024-06-01T19:29:43.996-0300][gc,heap       ] GC(815) Survivor regions: 5->5(7)
[2024-06-01T19:29:43.996-0300][gc,heap       ] GC(815) Old regions: 401->402
[2024-06-01T19:29:43.996-0300][gc,heap       ] GC(815) Humongous regions: 129->129
[2024-06-01T19:29:43.996-0300][gc,metaspace  ] GC(815) Metaspace: 45751K(48924K)->45751K(48924K) NonClass: 40012K(41680K)->40012K(41680K) Class: 5738K(7244K)->5738K(7244K)
[2024-06-01T19:29:43.996-0300][gc            ] GC(815) Pause Young (Normal) (G1 Evacuation Pause) 581M->533M(1024M) 20,061ms
[2024-06-01T19:29:43.996-0300][gc,cpu        ] GC(815) User=0,07s Sys=0,00s Real=0,02s
[2024-06-01T19:30:15.579-0300][gc,start      ] GC(816) Pause Young (Normal) (G1 Evacuation Pause)
[2024-06-01T19:30:15.580-0300][gc,task       ] GC(816) Using 4 workers of 4 for evacuation
[2024-06-01T19:30:15.600-0300][gc,phases     ] GC(816)   Pre Evacuate Collection Set: 0,1ms
[2024-06-01T19:30:15.600-0300][gc,phases     ] GC(816)   Evacuate Collection Set: 18,7ms
[2024-06-01T19:30:15.600-0300][gc,phases     ] GC(816)   Post Evacuate Collection Set: 1,0ms
[2024-06-01T19:30:15.600-0300][gc,phases     ] GC(816)   Other: 0,4ms
[2024-06-01T19:30:15.600-0300][gc,heap       ] GC(816) Eden regions: 50->0(50)
[2024-06-01T19:30:15.600-0300][gc,heap       ] GC(816) Survivor regions: 5->5(7)
[2024-06-01T19:30:15.600-0300][gc,heap       ] GC(816) Old regions: 402->403
[2024-06-01T19:30:15.600-0300][gc,heap       ] GC(816) Humongous regions: 129->129
[2024-06-01T19:30:15.600-0300][gc,metaspace  ] GC(816) Metaspace: 45751K(48924K)->45751K(48924K) NonClass: 40012K(41680K)->40012K(41680K) Class: 5738K(7244K)->5738K(7244K)
[2024-06-01T19:30:15.600-0300][gc            ] GC(816) Pause Young (Normal) (G1 Evacuation Pause) 583M->534M(1024M) 20,455ms
[2024-06-01T19:30:15.600-0300][gc,cpu        ] GC(816) User=0,07s Sys=0,00s Real=0,02s
[2024-06-01T19:30:45.221-0300][gc,start      ] GC(817) Pause Young (Normal) (G1 Evacuation Pause)
[2024-06-01T19:30:45.222-0300][gc,task       ] GC(817) Using 4 workers of 4 for evacuation
[2024-06-01T19:30:45.241-0300][gc,phases     ] GC(817)   Pre Evacuate Collection Set: 0,1ms
[2024-06-01T19:30:45.241-0300][gc,phases     ] GC(817)   Evacuate Collection Set: 18,3ms
[2024-06-01T19:30:45.241-0300][gc,phases     ] GC(817)   Post Evacuate Collection Set: 1,0ms
[2024-06-01T19:30:45.241-0300][gc,phases     ] GC(817)   Other: 0,4ms
[2024-06-01T19:30:45.241-0300][gc,heap       ] GC(817) Eden regions: 46->0(48)
[2024-06-01T19:30:45.241-0300][gc,heap       ] GC(817) Survivor regions: 5->4(7)
[2024-06-01T19:30:45.241-0300][gc,heap       ] GC(817) Old regions: 403->404
[2024-06-01T19:30:45.241-0300][gc,heap       ] GC(817) Humongous regions: 129->129
[2024-06-01T19:30:45.241-0300][gc,metaspace  ] GC(817) Metaspace: 45751K(48924K)->45751K(48924K) NonClass: 40012K(41680K)->40012K(41680K) Class: 5738K(7244K)->5738K(7244K)
[2024-06-01T19:30:45.241-0300][gc            ] GC(817) Pause Young (Normal) (G1 Evacuation Pause) 580M->535M(1024M) 20,020ms
[2024-06-01T19:30:45.241-0300][gc,cpu        ] GC(817) User=0,08s Sys=0,00s Real=0,02s
[2024-06-01T19:31:15.964-0300][gc,start      ] GC(818) Pause Young (Normal) (G1 Evacuation Pause)
[2024-06-01T19:31:15.964-0300][gc,task       ] GC(818) Using 4 workers of 4 for evacuation
[2024-06-01T19:31:15.983-0300][gc,phases     ] GC(818)   Pre Evacuate Collection Set: 0,1ms
[2024-06-01T19:31:15.983-0300][gc,phases     ] GC(818)   Evacuate Collection Set: 16,7ms
[2024-06-01T19:31:15.983-0300][gc,phases     ] GC(818)   Post Evacuate Collection Set: 1,1ms
[2024-06-01T19:31:15.983-0300][gc,phases     ] GC(818)   Other: 0,4ms
[2024-06-01T19:31:15.983-0300][gc,heap       ] GC(818) Eden regions: 48->0(50)
[2024-06-01T19:31:15.983-0300][gc,heap       ] GC(818) Survivor regions: 4->4(7)
[2024-06-01T19:31:15.983-0300][gc,heap       ] GC(818) Old regions: 404->405
[2024-06-01T19:31:15.983-0300][gc,heap       ] GC(818) Humongous regions: 129->129
[2024-06-01T19:31:15.983-0300][gc,metaspace  ] GC(818) Metaspace: 45751K(48924K)->45751K(48924K) NonClass: 40012K(41680K)->40012K(41680K) Class: 5738K(7244K)->5738K(7244K)
[2024-06-01T19:31:15.983-0300][gc            ] GC(818) Pause Young (Normal) (G1 Evacuation Pause) 583M->536M(1024M) 18,527ms
[2024-06-01T19:31:15.983-0300][gc,cpu        ] GC(818) User=0,07s Sys=0,00s Real=0,02s
[2024-06-01T19:31:45.815-0300][gc,start      ] GC(819) Pause Young (Normal) (G1 Evacuation Pause)
[2024-06-01T19:31:45.815-0300][gc,task       ] GC(819) Using 4 workers of 4 for evacuation
[2024-06-01T19:31:45.833-0300][gc,phases     ] GC(819)   Pre Evacuate Collection Set: 0,1ms
[2024-06-01T19:31:45.833-0300][gc,phases     ] GC(819)   Evacuate Collection Set: 16,5ms
[2024-06-01T19:31:45.833-0300][gc,phases     ] GC(819)   Post Evacuate Collection Set: 1,0ms
[2024-06-01T19:31:45.833-0300][gc,phases     ] GC(819)   Other: 0,4ms
[2024-06-01T19:31:45.833-0300][gc,heap       ] GC(819) Eden regions: 47->0(50)
[2024-06-01T19:31:45.833-0300][gc,heap       ] GC(819) Survivor regions: 4->5(7)
[2024-06-01T19:31:45.833-0300][gc,heap       ] GC(819) Old regions: 405->405
[2024-06-01T19:31:45.833-0300][gc,heap       ] GC(819) Humongous regions: 129->129
[2024-06-01T19:31:45.833-0300][gc,metaspace  ] GC(819) Metaspace: 45751K(48924K)->45751K(48924K) NonClass: 40012K(41680K)->40012K(41680K) Class: 5738K(7244K)->5738K(7244K)
[2024-06-01T19:31:45.833-0300][gc            ] GC(819) Pause Young (Normal) (G1 Evacuation Pause) 583M->537M(1024M) 18,265ms
[2024-06-01T19:31:45.833-0300][gc,cpu        ] GC(819) User=0,07s Sys=0,00s Real=0,02s
[2024-06-01T19:32:17.437-0300][gc,start      ] GC(820) Pause Young (Normal) (G1 Evacuation Pause)
[2024-06-01T19:32:17.437-0300][gc,task       ] GC(820) Using 4 workers of 4 for evacuation
[2024-06-01T19:32:17.445-0300][gc,phases     ] GC(820)   Pre Evacuate Collection Set: 0,0ms
[2024-06-01T19:32:17.445-0300][gc,phases     ] GC(820)   Evacuate Collection Set: 7,4ms
[2024-06-01T19:32:17.445-0300][gc,phases     ] GC(820)   Post Evacuate Collection Set: 0,4ms
[2024-06-01T19:32:17.445-0300][gc,phases     ] GC(820)   Other: 0,2ms
[2024-06-01T19:32:17.445-0300][gc,heap       ] GC(820) Eden regions: 50->0(52)
[2024-06-01T19:32:17.445-0300][gc,heap       ] GC(820) Survivor regions: 5->5(7)
[2024-06-01T19:32:17.445-0300][gc,heap       ] GC(820) Old regions: 405->406
[2024-06-01T19:32:17.445-0300][gc,heap       ] GC(820) Humongous regions: 129->129
[2024-06-01T19:32:17.445-0300][gc,metaspace  ] GC(820) Metaspace: 45751K(48924K)->45751K(48924K) NonClass: 40012K(41680K)->40012K(41680K) Class: 5738K(7244K)->5738K(7244K)
[2024-06-01T19:32:17.445-0300][gc            ] GC(820) Pause Young (Normal) (G1 Evacuation Pause) 587M->538M(1024M) 8,087ms
[2024-06-01T19:32:17.445-0300][gc,cpu        ] GC(820) User=0,03s Sys=0,00s Real=0,00s
[2024-06-01T19:32:50.440-0300][gc,start      ] GC(821) Pause Young (Normal) (G1 Evacuation Pause)
[2024-06-01T19:32:50.440-0300][gc,task       ] GC(821) Using 4 workers of 4 for evacuation
[2024-06-01T19:32:50.462-0300][gc,mmu        ] GC(821) MMU target violated: 21,0ms (20,0ms/21,0ms)
[2024-06-01T19:32:50.462-0300][gc,phases     ] GC(821)   Pre Evacuate Collection Set: 0,1ms
[2024-06-01T19:32:50.462-0300][gc,phases     ] GC(821)   Evacuate Collection Set: 20,7ms
[2024-06-01T19:32:50.462-0300][gc,phases     ] GC(821)   Post Evacuate Collection Set: 1,1ms
[2024-06-01T19:32:50.462-0300][gc,phases     ] GC(821)   Other: 0,6ms
[2024-06-01T19:32:50.462-0300][gc,heap       ] GC(821) Eden regions: 52->0(50)
[2024-06-01T19:32:50.462-0300][gc,heap       ] GC(821) Survivor regions: 5->5(8)
[2024-06-01T19:32:50.462-0300][gc,heap       ] GC(821) Old regions: 406->407
[2024-06-01T19:32:50.462-0300][gc,heap       ] GC(821) Humongous regions: 129->129
[2024-06-01T19:32:50.462-0300][gc,metaspace  ] GC(821) Metaspace: 45751K(48924K)->45751K(48924K) NonClass: 40012K(41680K)->40012K(41680K) Class: 5738K(7244K)->5738K(7244K)
[2024-06-01T19:32:50.462-0300][gc            ] GC(821) Pause Young (Normal) (G1 Evacuation Pause) 590M->539M(1024M) 22,550ms
[2024-06-01T19:32:50.462-0300][gc,cpu        ] GC(821) User=0,07s Sys=0,01s Real=0,02s
[2024-06-01T19:33:19.901-0300][gc,start      ] GC(822) Pause Young (Normal) (G1 Evacuation Pause)
[2024-06-01T19:33:19.901-0300][gc,task       ] GC(822) Using 4 workers of 4 for evacuation
[2024-06-01T19:33:19.923-0300][gc,mmu        ] GC(822) MMU target violated: 21,0ms (20,0ms/21,0ms)
[2024-06-01T19:33:19.923-0300][gc,phases     ] GC(822)   Pre Evacuate Collection Set: 0,1ms
[2024-06-01T19:33:19.923-0300][gc,phases     ] GC(822)   Evacuate Collection Set: 20,3ms
[2024-06-01T19:33:19.923-0300][gc,phases     ] GC(822)   Post Evacuate Collection Set: 1,0ms
[2024-06-01T19:33:19.923-0300][gc,phases     ] GC(822)   Other: 0,5ms
[2024-06-01T19:33:19.923-0300][gc,heap       ] GC(822) Eden regions: 46->0(47)
[2024-06-01T19:33:19.923-0300][gc,heap       ] GC(822) Survivor regions: 5->4(7)
[2024-06-01T19:33:19.923-0300][gc,heap       ] GC(822) Old regions: 407->409
[2024-06-01T19:33:19.923-0300][gc,heap       ] GC(822) Humongous regions: 129->129
[2024-06-01T19:33:19.923-0300][gc,metaspace  ] GC(822) Metaspace: 45751K(48924K)->45751K(48924K) NonClass: 40012K(41680K)->40012K(41680K) Class: 5738K(7244K)->5738K(7244K)
[2024-06-01T19:33:19.923-0300][gc            ] GC(822) Pause Young (Normal) (G1 Evacuation Pause) 585M->539M(1024M) 21,998ms
[2024-06-01T19:33:19.923-0300][gc,cpu        ] GC(822) User=0,08s Sys=0,01s Real=0,02s
[2024-06-01T19:33:50.145-0300][gc,start      ] GC(823) Pause Young (Normal) (G1 Evacuation Pause)
[2024-06-01T19:33:50.145-0300][gc,task       ] GC(823) Using 4 workers of 4 for evacuation
[2024-06-01T19:33:50.166-0300][gc,mmu        ] GC(823) MMU target violated: 21,0ms (20,0ms/21,0ms)
[2024-06-01T19:33:50.166-0300][gc,phases     ] GC(823)   Pre Evacuate Collection Set: 0,1ms
[2024-06-01T19:33:50.166-0300][gc,phases     ] GC(823)   Evacuate Collection Set: 19,8ms
[2024-06-01T19:33:50.166-0300][gc,phases     ] GC(823)   Post Evacuate Collection Set: 1,0ms
[2024-06-01T19:33:50.166-0300][gc,phases     ] GC(823)   Other: 0,5ms
[2024-06-01T19:33:50.166-0300][gc,heap       ] GC(823) Eden regions: 47->0(47)
[2024-06-01T19:33:50.166-0300][gc,heap       ] GC(823) Survivor regions: 4->5(7)
[2024-06-01T19:33:50.166-0300][gc,heap       ] GC(823) Old regions: 409->410
[2024-06-01T19:33:50.166-0300][gc,heap       ] GC(823) Humongous regions: 129->129
[2024-06-01T19:33:50.166-0300][gc,metaspace  ] GC(823) Metaspace: 45751K(48924K)->45751K(48924K) NonClass: 40012K(41680K)->40012K(41680K) Class: 5738K(7244K)->5738K(7244K)
[2024-06-01T19:33:50.166-0300][gc            ] GC(823) Pause Young (Normal) (G1 Evacuation Pause) 586M->541M(1024M) 21,523ms
[2024-06-01T19:33:50.166-0300][gc,cpu        ] GC(823) User=0,07s Sys=0,00s Real=0,02s
[2024-06-01T19:34:19.718-0300][gc,start      ] GC(824) Pause Young (Normal) (G1 Evacuation Pause)
[2024-06-01T19:34:19.718-0300][gc,task       ] GC(824) Using 4 workers of 4 for evacuation
[2024-06-01T19:34:19.724-0300][gc,phases     ] GC(824)   Pre Evacuate Collection Set: 0,0ms
[2024-06-01T19:34:19.724-0300][gc,phases     ] GC(824)   Evacuate Collection Set: 6,0ms
[2024-06-01T19:34:19.724-0300][gc,phases     ] GC(824)   Post Evacuate Collection Set: 0,4ms
[2024-06-01T19:34:19.724-0300][gc,phases     ] GC(824)   Other: 0,2ms
[2024-06-01T19:34:19.724-0300][gc,heap       ] GC(824) Eden regions: 47->0(49)
[2024-06-01T19:34:19.724-0300][gc,heap       ] GC(824) Survivor regions: 5->4(7)
[2024-06-01T19:34:19.724-0300][gc,heap       ] GC(824) Old regions: 410->411
[2024-06-01T19:34:19.724-0300][gc,heap       ] GC(824) Humongous regions: 129->129
[2024-06-01T19:34:19.724-0300][gc,metaspace  ] GC(824) Metaspace: 45751K(48924K)->45751K(48924K) NonClass: 40012K(41680K)->40012K(41680K) Class: 5738K(7244K)->5738K(7244K)
[2024-06-01T19:34:19.725-0300][gc            ] GC(824) Pause Young (Normal) (G1 Evacuation Pause) 588M->542M(1024M) 6,711ms
[2024-06-01T19:34:19.725-0300][gc,cpu        ] GC(824) User=0,02s Sys=0,00s Real=0,00s
[2024-06-01T19:34:51.118-0300][gc,start      ] GC(825) Pause Young (Normal) (G1 Evacuation Pause)
[2024-06-01T19:34:51.118-0300][gc,task       ] GC(825) Using 4 workers of 4 for evacuation
[2024-06-01T19:34:51.138-0300][gc,phases     ] GC(825)   Pre Evacuate Collection Set: 0,1ms
[2024-06-01T19:34:51.138-0300][gc,phases     ] GC(825)   Evacuate Collection Set: 18,3ms
[2024-06-01T19:34:51.138-0300][gc,phases     ] GC(825)   Post Evacuate Collection Set: 1,0ms
[2024-06-01T19:34:51.138-0300][gc,phases     ] GC(825)   Other: 0,4ms
[2024-06-01T19:34:51.138-0300][gc,heap       ] GC(825) Eden regions: 49->0(50)
[2024-06-01T19:34:51.138-0300][gc,heap       ] GC(825) Survivor regions: 4->5(7)
[2024-06-01T19:34:51.138-0300][gc,heap       ] GC(825) Old regions: 411->412
[2024-06-01T19:34:51.138-0300][gc,heap       ] GC(825) Humongous regions: 129->129
[2024-06-01T19:34:51.138-0300][gc,metaspace  ] GC(825) Metaspace: 45751K(48924K)->45751K(48924K) NonClass: 40012K(41680K)->40012K(41680K) Class: 5738K(7244K)->5738K(7244K)
[2024-06-01T19:34:51.138-0300][gc            ] GC(825) Pause Young (Normal) (G1 Evacuation Pause) 591M->543M(1024M) 20,041ms
[2024-06-01T19:34:51.138-0300][gc,cpu        ] GC(825) User=0,07s Sys=0,00s Real=0,02s
[2024-06-01T19:35:22.382-0300][gc,start      ] GC(826) Pause Young (Normal) (G1 Evacuation Pause)
[2024-06-01T19:35:22.382-0300][gc,task       ] GC(826) Using 4 workers of 4 for evacuation
[2024-06-01T19:35:22.389-0300][gc,phases     ] GC(826)   Pre Evacuate Collection Set: 0,0ms
[2024-06-01T19:35:22.389-0300][gc,phases     ] GC(826)   Evacuate Collection Set: 6,0ms
[2024-06-01T19:35:22.389-0300][gc,phases     ] GC(826)   Post Evacuate Collection Set: 0,5ms
[2024-06-01T19:35:22.389-0300][gc,phases     ] GC(826)   Other: 0,2ms
[2024-06-01T19:35:22.389-0300][gc,heap       ] GC(826) Eden regions: 50->0(52)
[2024-06-01T19:35:22.389-0300][gc,heap       ] GC(826) Survivor regions: 5->4(7)
[2024-06-01T19:35:22.389-0300][gc,heap       ] GC(826) Old regions: 412->413
[2024-06-01T19:35:22.389-0300][gc,heap       ] GC(826) Humongous regions: 129->129
[2024-06-01T19:35:22.389-0300][gc,metaspace  ] GC(826) Metaspace: 45751K(48924K)->45751K(48924K) NonClass: 40012K(41680K)->40012K(41680K) Class: 5738K(7244K)->5738K(7244K)
[2024-06-01T19:35:22.389-0300][gc            ] GC(826) Pause Young (Normal) (G1 Evacuation Pause) 593M->543M(1024M) 6,917ms
[2024-06-01T19:35:22.389-0300][gc,cpu        ] GC(826) User=0,03s Sys=0,00s Real=0,01s
[2024-06-01T19:35:54.969-0300][gc,start      ] GC(827) Pause Young (Normal) (G1 Evacuation Pause)
[2024-06-01T19:35:54.969-0300][gc,task       ] GC(827) Using 4 workers of 4 for evacuation
[2024-06-01T19:35:54.987-0300][gc,phases     ] GC(827)   Pre Evacuate Collection Set: 0,1ms
[2024-06-01T19:35:54.987-0300][gc,phases     ] GC(827)   Evacuate Collection Set: 17,2ms
[2024-06-01T19:35:54.987-0300][gc,phases     ] GC(827)   Post Evacuate Collection Set: 1,0ms
[2024-06-01T19:35:54.988-0300][gc,phases     ] GC(827)   Other: 0,5ms
[2024-06-01T19:35:54.988-0300][gc,heap       ] GC(827) Eden regions: 52->0(51)
[2024-06-01T19:35:54.988-0300][gc,heap       ] GC(827) Survivor regions: 4->5(7)
[2024-06-01T19:35:54.988-0300][gc,heap       ] GC(827) Old regions: 413->413
[2024-06-01T19:35:54.988-0300][gc,heap       ] GC(827) Humongous regions: 129->129
[2024-06-01T19:35:54.988-0300][gc,metaspace  ] GC(827) Metaspace: 45751K(48924K)->45751K(48924K) NonClass: 40012K(41680K)->40012K(41680K) Class: 5738K(7244K)->5738K(7244K)
[2024-06-01T19:35:54.988-0300][gc            ] GC(827) Pause Young (Normal) (G1 Evacuation Pause) 595M->545M(1024M) 18,981ms
[2024-06-01T19:35:54.988-0300][gc,cpu        ] GC(827) User=0,07s Sys=0,00s Real=0,02s
[2024-06-01T19:36:27.829-0300][gc,start      ] GC(828) Pause Young (Normal) (G1 Evacuation Pause)
[2024-06-01T19:36:27.829-0300][gc,task       ] GC(828) Using 4 workers of 4 for evacuation
[2024-06-01T19:36:27.852-0300][gc,mmu        ] GC(828) MMU target violated: 21,0ms (20,0ms/21,0ms)
[2024-06-01T19:36:27.852-0300][gc,phases     ] GC(828)   Pre Evacuate Collection Set: 0,1ms
[2024-06-01T19:36:27.852-0300][gc,phases     ] GC(828)   Evacuate Collection Set: 22,2ms
[2024-06-01T19:36:27.852-0300][gc,phases     ] GC(828)   Post Evacuate Collection Set: 1,0ms
[2024-06-01T19:36:27.852-0300][gc,phases     ] GC(828)   Other: 0,5ms
[2024-06-01T19:36:27.852-0300][gc,heap       ] GC(828) Eden regions: 51->0(50)
[2024-06-01T19:36:27.852-0300][gc,heap       ] GC(828) Survivor regions: 5->5(7)
[2024-06-01T19:36:27.852-0300][gc,heap       ] GC(828) Old regions: 413->415
[2024-06-01T19:36:27.852-0300][gc,heap       ] GC(828) Humongous regions: 129->129
[2024-06-01T19:36:27.852-0300][gc,metaspace  ] GC(828) Metaspace: 45751K(48924K)->45751K(48924K) NonClass: 40012K(41680K)->40012K(41680K) Class: 5738K(7244K)->5738K(7244K)
[2024-06-01T19:36:27.852-0300][gc            ] GC(828) Pause Young (Normal) (G1 Evacuation Pause) 596M->546M(1024M) 23,938ms
[2024-06-01T19:36:27.852-0300][gc,cpu        ] GC(828) User=0,08s Sys=0,00s Real=0,02s
[2024-06-01T19:37:00.161-0300][gc,start      ] GC(829) Pause Young (Normal) (G1 Evacuation Pause)
[2024-06-01T19:37:00.161-0300][gc,task       ] GC(829) Using 4 workers of 4 for evacuation
[2024-06-01T19:37:00.180-0300][gc,phases     ] GC(829)   Pre Evacuate Collection Set: 0,0ms
[2024-06-01T19:37:00.180-0300][gc,phases     ] GC(829)   Evacuate Collection Set: 17,1ms
[2024-06-01T19:37:00.180-0300][gc,phases     ] GC(829)   Post Evacuate Collection Set: 1,0ms
[2024-06-01T19:37:00.180-0300][gc,phases     ] GC(829)   Other: 0,4ms
[2024-06-01T19:37:00.180-0300][gc,heap       ] GC(829) Eden regions: 50->0(49)
[2024-06-01T19:37:00.180-0300][gc,heap       ] GC(829) Survivor regions: 5->4(7)
[2024-06-01T19:37:00.180-0300][gc,heap       ] GC(829) Old regions: 415->416
[2024-06-01T19:37:00.180-0300][gc,heap       ] GC(829) Humongous regions: 129->129
[2024-06-01T19:37:00.180-0300][gc,metaspace  ] GC(829) Metaspace: 45751K(48924K)->45751K(48924K) NonClass: 40012K(41680K)->40012K(41680K) Class: 5738K(7244K)->5738K(7244K)
[2024-06-01T19:37:00.180-0300][gc            ] GC(829) Pause Young (Normal) (G1 Evacuation Pause) 596M->546M(1024M) 18,829ms
[2024-06-01T19:37:00.180-0300][gc,cpu        ] GC(829) User=0,07s Sys=0,01s Real=0,02s
[2024-06-01T19:37:31.728-0300][gc,start      ] GC(830) Pause Young (Normal) (G1 Evacuation Pause)
[2024-06-01T19:37:31.728-0300][gc,task       ] GC(830) Using 4 workers of 4 for evacuation
[2024-06-01T19:37:31.746-0300][gc,phases     ] GC(830)   Pre Evacuate Collection Set: 0,1ms
[2024-06-01T19:37:31.746-0300][gc,phases     ] GC(830)   Evacuate Collection Set: 17,0ms
[2024-06-01T19:37:31.746-0300][gc,phases     ] GC(830)   Post Evacuate Collection Set: 1,0ms
[2024-06-01T19:37:31.747-0300][gc,phases     ] GC(830)   Other: 0,4ms
[2024-06-01T19:37:31.747-0300][gc,heap       ] GC(830) Eden regions: 49->0(49)
[2024-06-01T19:37:31.747-0300][gc,heap       ] GC(830) Survivor regions: 4->4(7)
[2024-06-01T19:37:31.747-0300][gc,heap       ] GC(830) Old regions: 416->417
[2024-06-01T19:37:31.747-0300][gc,heap       ] GC(830) Humongous regions: 129->129
[2024-06-01T19:37:31.747-0300][gc,metaspace  ] GC(830) Metaspace: 45751K(48924K)->45751K(48924K) NonClass: 40012K(41680K)->40012K(41680K) Class: 5738K(7244K)->5738K(7244K)
[2024-06-01T19:37:31.747-0300][gc            ] GC(830) Pause Young (Normal) (G1 Evacuation Pause) 595M->547M(1024M) 18,763ms
[2024-06-01T19:37:31.747-0300][gc,cpu        ] GC(830) User=0,07s Sys=0,01s Real=0,01s
[2024-06-01T19:38:02.894-0300][gc,start      ] GC(831) Pause Young (Normal) (G1 Evacuation Pause)
[2024-06-01T19:38:02.894-0300][gc,task       ] GC(831) Using 4 workers of 4 for evacuation
[2024-06-01T19:38:02.912-0300][gc,phases     ] GC(831)   Pre Evacuate Collection Set: 0,1ms
[2024-06-01T19:38:02.912-0300][gc,phases     ] GC(831)   Evacuate Collection Set: 16,8ms
[2024-06-01T19:38:02.912-0300][gc,phases     ] GC(831)   Post Evacuate Collection Set: 1,0ms
[2024-06-01T19:38:02.912-0300][gc,phases     ] GC(831)   Other: 0,5ms
[2024-06-01T19:38:02.912-0300][gc,heap       ] GC(831) Eden regions: 49->0(50)
[2024-06-01T19:38:02.912-0300][gc,heap       ] GC(831) Survivor regions: 4->4(7)
[2024-06-01T19:38:02.912-0300][gc,heap       ] GC(831) Old regions: 417->418
[2024-06-01T19:38:02.913-0300][gc,heap       ] GC(831) Humongous regions: 129->129
[2024-06-01T19:38:02.913-0300][gc,metaspace  ] GC(831) Metaspace: 45751K(48924K)->45751K(48924K) NonClass: 40012K(41680K)->40012K(41680K) Class: 5738K(7244K)->5738K(7244K)
[2024-06-01T19:38:02.913-0300][gc            ] GC(831) Pause Young (Normal) (G1 Evacuation Pause) 596M->548M(1024M) 18,537ms
[2024-06-01T19:38:02.913-0300][gc,cpu        ] GC(831) User=0,05s Sys=0,02s Real=0,02s
[2024-06-01T19:38:34.893-0300][gc,start      ] GC(832) Pause Young (Normal) (G1 Evacuation Pause)
[2024-06-01T19:38:34.893-0300][gc,task       ] GC(832) Using 4 workers of 4 for evacuation
[2024-06-01T19:38:34.902-0300][gc,phases     ] GC(832)   Pre Evacuate Collection Set: 0,1ms
[2024-06-01T19:38:34.902-0300][gc,phases     ] GC(832)   Evacuate Collection Set: 8,0ms
[2024-06-01T19:38:34.902-0300][gc,phases     ] GC(832)   Post Evacuate Collection Set: 0,4ms
[2024-06-01T19:38:34.902-0300][gc,phases     ] GC(832)   Other: 0,4ms
[2024-06-01T19:38:34.902-0300][gc,heap       ] GC(832) Eden regions: 50->0(54)
[2024-06-01T19:38:34.902-0300][gc,heap       ] GC(832) Survivor regions: 4->5(7)
[2024-06-01T19:38:34.902-0300][gc,heap       ] GC(832) Old regions: 418->418
[2024-06-01T19:38:34.902-0300][gc,heap       ] GC(832) Humongous regions: 129->129
[2024-06-01T19:38:34.902-0300][gc,metaspace  ] GC(832) Metaspace: 45751K(48924K)->45751K(48924K) NonClass: 40012K(41680K)->40012K(41680K) Class: 5738K(7244K)->5738K(7244K)
[2024-06-01T19:38:34.902-0300][gc            ] GC(832) Pause Young (Normal) (G1 Evacuation Pause) 598M->549M(1024M) 8,929ms
[2024-06-01T19:38:34.902-0300][gc,cpu        ] GC(832) User=0,03s Sys=0,00s Real=0,01s
[2024-06-01T19:39:09.471-0300][gc,start      ] GC(833) Pause Young (Normal) (G1 Evacuation Pause)
[2024-06-01T19:39:09.471-0300][gc,task       ] GC(833) Using 4 workers of 4 for evacuation
[2024-06-01T19:39:09.478-0300][gc,phases     ] GC(833)   Pre Evacuate Collection Set: 0,0ms
[2024-06-01T19:39:09.478-0300][gc,phases     ] GC(833)   Evacuate Collection Set: 6,6ms
[2024-06-01T19:39:09.478-0300][gc,phases     ] GC(833)   Post Evacuate Collection Set: 0,5ms
[2024-06-01T19:39:09.478-0300][gc,phases     ] GC(833)   Other: 0,2ms
[2024-06-01T19:39:09.478-0300][gc,heap       ] GC(833) Eden regions: 54->0(57)
[2024-06-01T19:39:09.478-0300][gc,heap       ] GC(833) Survivor regions: 5->5(8)
[2024-06-01T19:39:09.478-0300][gc,heap       ] GC(833) Old regions: 418->418
[2024-06-01T19:39:09.478-0300][gc,heap       ] GC(833) Humongous regions: 129->129
[2024-06-01T19:39:09.478-0300][gc,metaspace  ] GC(833) Metaspace: 45751K(48924K)->45751K(48924K) NonClass: 40012K(41680K)->40012K(41680K) Class: 5738K(7244K)->5738K(7244K)
[2024-06-01T19:39:09.478-0300][gc            ] GC(833) Pause Young (Normal) (G1 Evacuation Pause) 603M->550M(1024M) 7,453ms
[2024-06-01T19:39:09.478-0300][gc,cpu        ] GC(833) User=0,02s Sys=0,00s Real=0,01s
[2024-06-01T19:39:45.449-0300][gc,start      ] GC(834) Pause Young (Normal) (G1 Evacuation Pause)
[2024-06-01T19:39:45.449-0300][gc,task       ] GC(834) Using 4 workers of 4 for evacuation
[2024-06-01T19:39:45.462-0300][gc,phases     ] GC(834)   Pre Evacuate Collection Set: 0,0ms
[2024-06-01T19:39:45.462-0300][gc,phases     ] GC(834)   Evacuate Collection Set: 11,9ms
[2024-06-01T19:39:45.462-0300][gc,phases     ] GC(834)   Post Evacuate Collection Set: 0,7ms
[2024-06-01T19:39:45.462-0300][gc,phases     ] GC(834)   Other: 0,3ms
[2024-06-01T19:39:45.462-0300][gc,heap       ] GC(834) Eden regions: 57->0(61)
[2024-06-01T19:39:45.462-0300][gc,heap       ] GC(834) Survivor regions: 5->5(8)
[2024-06-01T19:39:45.462-0300][gc,heap       ] GC(834) Old regions: 418->419
[2024-06-01T19:39:45.462-0300][gc,heap       ] GC(834) Humongous regions: 129->129
[2024-06-01T19:39:45.462-0300][gc,metaspace  ] GC(834) Metaspace: 45751K(48924K)->45751K(48924K) NonClass: 40012K(41680K)->40012K(41680K) Class: 5738K(7244K)->5738K(7244K)
[2024-06-01T19:39:45.462-0300][gc            ] GC(834) Pause Young (Normal) (G1 Evacuation Pause) 607M->551M(1024M) 13,142ms
[2024-06-01T19:39:45.462-0300][gc,cpu        ] GC(834) User=0,05s Sys=0,00s Real=0,01s
[2024-06-01T19:40:24.622-0300][gc,start      ] GC(835) Pause Young (Normal) (G1 Evacuation Pause)
[2024-06-01T19:40:24.622-0300][gc,task       ] GC(835) Using 4 workers of 4 for evacuation
[2024-06-01T19:40:24.641-0300][gc,phases     ] GC(835)   Pre Evacuate Collection Set: 0,1ms
[2024-06-01T19:40:24.641-0300][gc,phases     ] GC(835)   Evacuate Collection Set: 17,9ms
[2024-06-01T19:40:24.641-0300][gc,phases     ] GC(835)   Post Evacuate Collection Set: 1,0ms
[2024-06-01T19:40:24.641-0300][gc,phases     ] GC(835)   Other: 0,4ms
[2024-06-01T19:40:24.641-0300][gc,heap       ] GC(835) Eden regions: 61->0(59)
[2024-06-01T19:40:24.641-0300][gc,heap       ] GC(835) Survivor regions: 5->6(9)
[2024-06-01T19:40:24.641-0300][gc,heap       ] GC(835) Old regions: 419->419
[2024-06-01T19:40:24.641-0300][gc,heap       ] GC(835) Humongous regions: 129->129
[2024-06-01T19:40:24.641-0300][gc,metaspace  ] GC(835) Metaspace: 45751K(48924K)->45751K(48924K) NonClass: 40012K(41680K)->40012K(41680K) Class: 5738K(7244K)->5738K(7244K)
[2024-06-01T19:40:24.641-0300][gc            ] GC(835) Pause Young (Normal) (G1 Evacuation Pause) 612M->552M(1024M) 19,699ms
[2024-06-01T19:40:24.641-0300][gc,cpu        ] GC(835) User=0,07s Sys=0,00s Real=0,02s
[2024-06-01T19:41:02.776-0300][gc,start      ] GC(836) Pause Young (Normal) (G1 Evacuation Pause)
[2024-06-01T19:41:02.776-0300][gc,task       ] GC(836) Using 4 workers of 4 for evacuation
[2024-06-01T19:41:02.800-0300][gc,mmu        ] GC(836) MMU target violated: 21,0ms (20,0ms/21,0ms)
[2024-06-01T19:41:02.800-0300][gc,phases     ] GC(836)   Pre Evacuate Collection Set: 0,1ms
[2024-06-01T19:41:02.800-0300][gc,phases     ] GC(836)   Evacuate Collection Set: 22,6ms
[2024-06-01T19:41:02.800-0300][gc,phases     ] GC(836)   Post Evacuate Collection Set: 1,0ms
[2024-06-01T19:41:02.800-0300][gc,phases     ] GC(836)   Other: 0,5ms
[2024-06-01T19:41:02.800-0300][gc,heap       ] GC(836) Eden regions: 59->0(56)
[2024-06-01T19:41:02.800-0300][gc,heap       ] GC(836) Survivor regions: 6->6(9)
[2024-06-01T19:41:02.800-0300][gc,heap       ] GC(836) Old regions: 419->421
[2024-06-01T19:41:02.800-0300][gc,heap       ] GC(836) Humongous regions: 129->129
[2024-06-01T19:41:02.800-0300][gc,metaspace  ] GC(836) Metaspace: 45751K(48924K)->45751K(48924K) NonClass: 40013K(41680K)->40013K(41680K) Class: 5738K(7244K)->5738K(7244K)
[2024-06-01T19:41:02.800-0300][gc            ] GC(836) Pause Young (Normal) (G1 Evacuation Pause) 611M->553M(1024M) 24,413ms
[2024-06-01T19:41:02.800-0300][gc,cpu        ] GC(836) User=0,07s Sys=0,01s Real=0,02s
[2024-06-01T19:41:38.393-0300][gc,start      ] GC(837) Pause Young (Normal) (G1 Evacuation Pause)
[2024-06-01T19:41:38.394-0300][gc,task       ] GC(837) Using 4 workers of 4 for evacuation
[2024-06-01T19:41:38.417-0300][gc,mmu        ] GC(837) MMU target violated: 21,0ms (20,0ms/21,0ms)
[2024-06-01T19:41:38.417-0300][gc,phases     ] GC(837)   Pre Evacuate Collection Set: 0,1ms
[2024-06-01T19:41:38.417-0300][gc,phases     ] GC(837)   Evacuate Collection Set: 21,7ms
[2024-06-01T19:41:38.417-0300][gc,phases     ] GC(837)   Post Evacuate Collection Set: 1,1ms
[2024-06-01T19:41:38.417-0300][gc,phases     ] GC(837)   Other: 0,5ms
[2024-06-01T19:41:38.417-0300][gc,heap       ] GC(837) Eden regions: 56->0(52)
[2024-06-01T19:41:38.417-0300][gc,heap       ] GC(837) Survivor regions: 6->5(8)
[2024-06-01T19:41:38.417-0300][gc,heap       ] GC(837) Old regions: 421->422
[2024-06-01T19:41:38.417-0300][gc,heap       ] GC(837) Humongous regions: 129->129
[2024-06-01T19:41:38.417-0300][gc,metaspace  ] GC(837) Metaspace: 45751K(48924K)->45751K(48924K) NonClass: 40013K(41680K)->40013K(41680K) Class: 5738K(7244K)->5738K(7244K)
[2024-06-01T19:41:38.417-0300][gc            ] GC(837) Pause Young (Normal) (G1 Evacuation Pause) 609M->554M(1024M) 23,553ms
[2024-06-01T19:41:38.417-0300][gc,cpu        ] GC(837) User=0,08s Sys=0,00s Real=0,03s
[2024-06-01T19:42:11.141-0300][gc,start      ] GC(838) Pause Young (Normal) (G1 Evacuation Pause)
[2024-06-01T19:42:11.141-0300][gc,task       ] GC(838) Using 4 workers of 4 for evacuation
[2024-06-01T19:42:11.162-0300][gc,mmu        ] GC(838) MMU target violated: 20,5ms (20,0ms/21,0ms)
[2024-06-01T19:42:11.162-0300][gc,phases     ] GC(838)   Pre Evacuate Collection Set: 0,1ms
[2024-06-01T19:42:11.162-0300][gc,phases     ] GC(838)   Evacuate Collection Set: 19,3ms
[2024-06-01T19:42:11.162-0300][gc,phases     ] GC(838)   Post Evacuate Collection Set: 1,0ms
[2024-06-01T19:42:11.162-0300][gc,phases     ] GC(838)   Other: 0,6ms
[2024-06-01T19:42:11.162-0300][gc,heap       ] GC(838) Eden regions: 51->0(53)
[2024-06-01T19:42:11.162-0300][gc,heap       ] GC(838) Survivor regions: 5->4(7)
[2024-06-01T19:42:11.162-0300][gc,heap       ] GC(838) Old regions: 422->425
[2024-06-01T19:42:11.162-0300][gc,heap       ] GC(838) Humongous regions: 129->129
[2024-06-01T19:42:11.162-0300][gc,metaspace  ] GC(838) Metaspace: 45751K(48924K)->45751K(48924K) NonClass: 40013K(41680K)->40013K(41680K) Class: 5738K(7244K)->5738K(7244K)
[2024-06-01T19:42:11.162-0300][gc            ] GC(838) Pause Young (Normal) (G1 Evacuation Pause) 605M->555M(1024M) 21,083ms
[2024-06-01T19:42:11.162-0300][gc,cpu        ] GC(838) User=0,08s Sys=0,01s Real=0,02s
[2024-06-01T19:42:45.077-0300][gc,start      ] GC(839) Pause Young (Normal) (G1 Evacuation Pause)
[2024-06-01T19:42:45.077-0300][gc,task       ] GC(839) Using 4 workers of 4 for evacuation
[2024-06-01T19:42:45.094-0300][gc,phases     ] GC(839)   Pre Evacuate Collection Set: 0,1ms
[2024-06-01T19:42:45.094-0300][gc,phases     ] GC(839)   Evacuate Collection Set: 15,8ms
[2024-06-01T19:42:45.094-0300][gc,phases     ] GC(839)   Post Evacuate Collection Set: 1,0ms
[2024-06-01T19:42:45.094-0300][gc,phases     ] GC(839)   Other: 0,4ms
[2024-06-01T19:42:45.094-0300][gc,heap       ] GC(839) Eden regions: 53->0(52)
[2024-06-01T19:42:45.094-0300][gc,heap       ] GC(839) Survivor regions: 4->5(8)
[2024-06-01T19:42:45.094-0300][gc,heap       ] GC(839) Old regions: 425->425
[2024-06-01T19:42:45.094-0300][gc,heap       ] GC(839) Humongous regions: 129->129
[2024-06-01T19:42:45.094-0300][gc,metaspace  ] GC(839) Metaspace: 45751K(48924K)->45751K(48924K) NonClass: 40013K(41680K)->40013K(41680K) Class: 5738K(7244K)->5738K(7244K)
[2024-06-01T19:42:45.094-0300][gc            ] GC(839) Pause Young (Normal) (G1 Evacuation Pause) 608M->556M(1024M) 17,537ms
[2024-06-01T19:42:45.094-0300][gc,cpu        ] GC(839) User=0,07s Sys=0,00s Real=0,01s
[2024-06-01T19:43:18.182-0300][gc,start      ] GC(840) Pause Young (Normal) (G1 Evacuation Pause)
[2024-06-01T19:43:18.182-0300][gc,task       ] GC(840) Using 4 workers of 4 for evacuation
[2024-06-01T19:43:18.202-0300][gc,phases     ] GC(840)   Pre Evacuate Collection Set: 0,1ms
[2024-06-01T19:43:18.202-0300][gc,phases     ] GC(840)   Evacuate Collection Set: 18,5ms
[2024-06-01T19:43:18.202-0300][gc,phases     ] GC(840)   Post Evacuate Collection Set: 1,0ms
[2024-06-01T19:43:18.202-0300][gc,phases     ] GC(840)   Other: 0,5ms
[2024-06-01T19:43:18.202-0300][gc,heap       ] GC(840) Eden regions: 52->0(53)
[2024-06-01T19:43:18.202-0300][gc,heap       ] GC(840) Survivor regions: 5->5(8)
[2024-06-01T19:43:18.202-0300][gc,heap       ] GC(840) Old regions: 425->426
[2024-06-01T19:43:18.202-0300][gc,heap       ] GC(840) Humongous regions: 129->129
[2024-06-01T19:43:18.202-0300][gc,metaspace  ] GC(840) Metaspace: 45751K(48924K)->45751K(48924K) NonClass: 40013K(41680K)->40013K(41680K) Class: 5738K(7244K)->5738K(7244K)
[2024-06-01T19:43:18.202-0300][gc            ] GC(840) Pause Young (Normal) (G1 Evacuation Pause) 608M->557M(1024M) 20,257ms
[2024-06-01T19:43:18.202-0300][gc,cpu        ] GC(840) User=0,08s Sys=0,00s Real=0,02s
[2024-06-01T19:43:47.054-0300][gc,start      ] GC(841) Pause Young (Normal) (G1 Evacuation Pause)
[2024-06-01T19:43:47.054-0300][gc,task       ] GC(841) Using 4 workers of 4 for evacuation
[2024-06-01T19:43:47.072-0300][gc,phases     ] GC(841)   Pre Evacuate Collection Set: 0,1ms
[2024-06-01T19:43:47.072-0300][gc,phases     ] GC(841)   Evacuate Collection Set: 16,5ms
[2024-06-01T19:43:47.072-0300][gc,phases     ] GC(841)   Post Evacuate Collection Set: 1,0ms
[2024-06-01T19:43:47.072-0300][gc,phases     ] GC(841)   Other: 0,4ms
[2024-06-01T19:43:47.072-0300][gc,heap       ] GC(841) Eden regions: 46->0(52)
[2024-06-01T19:43:47.072-0300][gc,heap       ] GC(841) Survivor regions: 5->4(7)
[2024-06-01T19:43:47.072-0300][gc,heap       ] GC(841) Old regions: 426->427
[2024-06-01T19:43:47.072-0300][gc,heap       ] GC(841) Humongous regions: 129->129
[2024-06-01T19:43:47.072-0300][gc,metaspace  ] GC(841) Metaspace: 45751K(48924K)->45751K(48924K) NonClass: 40013K(41680K)->40013K(41680K) Class: 5738K(7244K)->5738K(7244K)
[2024-06-01T19:43:47.072-0300][gc            ] GC(841) Pause Young (Normal) (G1 Evacuation Pause) 603M->558M(1024M) 18,250ms
[2024-06-01T19:43:47.072-0300][gc,cpu        ] GC(841) User=0,06s Sys=0,00s Real=0,02s
[2024-06-01T19:44:20.298-0300][gc,start      ] GC(842) Pause Young (Normal) (G1 Evacuation Pause)
[2024-06-01T19:44:20.298-0300][gc,task       ] GC(842) Using 4 workers of 4 for evacuation
[2024-06-01T19:44:20.305-0300][gc,phases     ] GC(842)   Pre Evacuate Collection Set: 0,0ms
[2024-06-01T19:44:20.305-0300][gc,phases     ] GC(842)   Evacuate Collection Set: 6,2ms
[2024-06-01T19:44:20.305-0300][gc,phases     ] GC(842)   Post Evacuate Collection Set: 0,5ms
[2024-06-01T19:44:20.305-0300][gc,phases     ] GC(842)   Other: 0,2ms
[2024-06-01T19:44:20.305-0300][gc,heap       ] GC(842) Eden regions: 52->0(55)
[2024-06-01T19:44:20.305-0300][gc,heap       ] GC(842) Survivor regions: 4->5(7)
[2024-06-01T19:44:20.305-0300][gc,heap       ] GC(842) Old regions: 427->427
[2024-06-01T19:44:20.305-0300][gc,heap       ] GC(842) Humongous regions: 129->129
[2024-06-01T19:44:20.305-0300][gc,metaspace  ] GC(842) Metaspace: 45751K(48924K)->45751K(48924K) NonClass: 40013K(41680K)->40013K(41680K) Class: 5738K(7244K)->5738K(7244K)
[2024-06-01T19:44:20.305-0300][gc            ] GC(842) Pause Young (Normal) (G1 Evacuation Pause) 610M->559M(1024M) 7,037ms
[2024-06-01T19:44:20.306-0300][gc,cpu        ] GC(842) User=0,03s Sys=0,00s Real=0,00s
[2024-06-01T19:44:52.830-0300][gc,start      ] GC(843) Pause Young (Normal) (G1 Evacuation Pause)
[2024-06-01T19:44:52.830-0300][gc,task       ] GC(843) Using 4 workers of 4 for evacuation
[2024-06-01T19:44:52.851-0300][gc,mmu        ] GC(843) MMU target violated: 21,0ms (20,0ms/21,0ms)
[2024-06-01T19:44:52.851-0300][gc,phases     ] GC(843)   Pre Evacuate Collection Set: 0,1ms
[2024-06-01T19:44:52.851-0300][gc,phases     ] GC(843)   Evacuate Collection Set: 19,8ms
[2024-06-01T19:44:52.851-0300][gc,phases     ] GC(843)   Post Evacuate Collection Set: 1,0ms
[2024-06-01T19:44:52.851-0300][gc,phases     ] GC(843)   Other: 0,5ms
[2024-06-01T19:44:52.851-0300][gc,heap       ] GC(843) Eden regions: 51->0(52)
[2024-06-01T19:44:52.851-0300][gc,heap       ] GC(843) Survivor regions: 5->4(7)
[2024-06-01T19:44:52.851-0300][gc,heap       ] GC(843) Old regions: 427->429
[2024-06-01T19:44:52.851-0300][gc,heap       ] GC(843) Humongous regions: 129->129
[2024-06-01T19:44:52.851-0300][gc,metaspace  ] GC(843) Metaspace: 45751K(48924K)->45751K(48924K) NonClass: 40013K(41680K)->40013K(41680K) Class: 5738K(7244K)->5738K(7244K)
[2024-06-01T19:44:52.851-0300][gc            ] GC(843) Pause Young (Normal) (G1 Evacuation Pause) 610M->560M(1024M) 21,532ms
[2024-06-01T19:44:52.851-0300][gc,cpu        ] GC(843) User=0,08s Sys=0,00s Real=0,02s
[2024-06-01T19:45:25.445-0300][gc,start      ] GC(844) Pause Young (Normal) (G1 Evacuation Pause)
[2024-06-01T19:45:25.445-0300][gc,task       ] GC(844) Using 4 workers of 4 for evacuation
[2024-06-01T19:45:25.459-0300][gc,phases     ] GC(844)   Pre Evacuate Collection Set: 0,1ms
[2024-06-01T19:45:25.459-0300][gc,phases     ] GC(844)   Evacuate Collection Set: 13,0ms
[2024-06-01T19:45:25.459-0300][gc,phases     ] GC(844)   Post Evacuate Collection Set: 0,7ms
[2024-06-01T19:45:25.459-0300][gc,phases     ] GC(844)   Other: 0,4ms
[2024-06-01T19:45:25.459-0300][gc,heap       ] GC(844) Eden regions: 52->0(54)
[2024-06-01T19:45:25.459-0300][gc,heap       ] GC(844) Survivor regions: 4->5(7)
[2024-06-01T19:45:25.459-0300][gc,heap       ] GC(844) Old regions: 429->430
[2024-06-01T19:45:25.459-0300][gc,heap       ] GC(844) Humongous regions: 129->129
[2024-06-01T19:45:25.459-0300][gc,metaspace  ] GC(844) Metaspace: 45751K(48924K)->45751K(48924K) NonClass: 40013K(41680K)->40013K(41680K) Class: 5738K(7244K)->5738K(7244K)
[2024-06-01T19:45:25.459-0300][gc            ] GC(844) Pause Young (Normal) (G1 Evacuation Pause) 612M->561M(1024M) 14,311ms
[2024-06-01T19:45:25.459-0300][gc,cpu        ] GC(844) User=0,05s Sys=0,00s Real=0,02s
[2024-06-01T19:45:59.571-0300][gc,start      ] GC(845) Pause Young (Normal) (G1 Evacuation Pause)
[2024-06-01T19:45:59.571-0300][gc,task       ] GC(845) Using 4 workers of 4 for evacuation
[2024-06-01T19:45:59.583-0300][gc,phases     ] GC(845)   Pre Evacuate Collection Set: 0,0ms
[2024-06-01T19:45:59.584-0300][gc,phases     ] GC(845)   Evacuate Collection Set: 11,4ms
[2024-06-01T19:45:59.584-0300][gc,phases     ] GC(845)   Post Evacuate Collection Set: 0,6ms
[2024-06-01T19:45:59.584-0300][gc,phases     ] GC(845)   Other: 0,3ms
[2024-06-01T19:45:59.584-0300][gc,heap       ] GC(845) Eden regions: 54->0(57)
[2024-06-01T19:45:59.584-0300][gc,heap       ] GC(845) Survivor regions: 5->6(8)
[2024-06-01T19:45:59.584-0300][gc,heap       ] GC(845) Old regions: 430->430
[2024-06-01T19:45:59.584-0300][gc,heap       ] GC(845) Humongous regions: 129->129
[2024-06-01T19:45:59.584-0300][gc,metaspace  ] GC(845) Metaspace: 45751K(48924K)->45751K(48924K) NonClass: 40013K(41680K)->40013K(41680K) Class: 5738K(7244K)->5738K(7244K)
[2024-06-01T19:45:59.584-0300][gc            ] GC(845) Pause Young (Normal) (G1 Evacuation Pause) 615M->562M(1024M) 12,471ms
[2024-06-01T19:45:59.584-0300][gc,cpu        ] GC(845) User=0,04s Sys=0,00s Real=0,01s
[2024-06-01T19:46:33.797-0300][gc,start      ] GC(846) Pause Young (Normal) (G1 Evacuation Pause)
[2024-06-01T19:46:33.798-0300][gc,task       ] GC(846) Using 4 workers of 4 for evacuation
[2024-06-01T19:46:33.820-0300][gc,mmu        ] GC(846) MMU target violated: 21,0ms (20,0ms/21,0ms)
[2024-06-01T19:46:33.820-0300][gc,phases     ] GC(846)   Pre Evacuate Collection Set: 0,1ms
[2024-06-01T19:46:33.820-0300][gc,phases     ] GC(846)   Evacuate Collection Set: 20,8ms
[2024-06-01T19:46:33.820-0300][gc,phases     ] GC(846)   Post Evacuate Collection Set: 1,0ms
[2024-06-01T19:46:33.820-0300][gc,phases     ] GC(846)   Other: 0,6ms
[2024-06-01T19:46:33.820-0300][gc,heap       ] GC(846) Eden regions: 54->0(54)
[2024-06-01T19:46:33.820-0300][gc,heap       ] GC(846) Survivor regions: 6->5(8)
[2024-06-01T19:46:33.820-0300][gc,heap       ] GC(846) Old regions: 430->432
[2024-06-01T19:46:33.820-0300][gc,heap       ] GC(846) Humongous regions: 129->129
[2024-06-01T19:46:33.820-0300][gc,metaspace  ] GC(846) Metaspace: 45751K(48924K)->45751K(48924K) NonClass: 40013K(41680K)->40013K(41680K) Class: 5738K(7244K)->5738K(7244K)
[2024-06-01T19:46:33.820-0300][gc            ] GC(846) Pause Young (Normal) (G1 Evacuation Pause) 616M->564M(1024M) 22,541ms
[2024-06-01T19:46:33.820-0300][gc,cpu        ] GC(846) User=0,06s Sys=0,01s Real=0,02s
[2024-06-01T19:47:08.529-0300][gc,start      ] GC(847) Pause Young (Normal) (G1 Evacuation Pause)
[2024-06-01T19:47:08.529-0300][gc,task       ] GC(847) Using 4 workers of 4 for evacuation
[2024-06-01T19:47:08.549-0300][gc,mmu        ] GC(847) MMU target violated: 20,3ms (20,0ms/21,0ms)
[2024-06-01T19:47:08.549-0300][gc,phases     ] GC(847)   Pre Evacuate Collection Set: 0,1ms
[2024-06-01T19:47:08.549-0300][gc,phases     ] GC(847)   Evacuate Collection Set: 19,0ms
[2024-06-01T19:47:08.549-0300][gc,phases     ] GC(847)   Post Evacuate Collection Set: 1,0ms
[2024-06-01T19:47:08.550-0300][gc,phases     ] GC(847)   Other: 0,5ms
[2024-06-01T19:47:08.550-0300][gc,heap       ] GC(847) Eden regions: 54->0(54)
[2024-06-01T19:47:08.550-0300][gc,heap       ] GC(847) Survivor regions: 5->5(8)
[2024-06-01T19:47:08.550-0300][gc,heap       ] GC(847) Old regions: 432->433
[2024-06-01T19:47:08.550-0300][gc,heap       ] GC(847) Humongous regions: 129->129
[2024-06-01T19:47:08.550-0300][gc,metaspace  ] GC(847) Metaspace: 45751K(48924K)->45751K(48924K) NonClass: 40013K(41680K)->40013K(41680K) Class: 5738K(7244K)->5738K(7244K)
[2024-06-01T19:47:08.550-0300][gc            ] GC(847) Pause Young (Normal) (G1 Evacuation Pause) 618M->564M(1024M) 20,820ms
[2024-06-01T19:47:08.550-0300][gc,cpu        ] GC(847) User=0,08s Sys=0,00s Real=0,02s
[2024-06-01T19:47:37.591-0300][gc,start      ] GC(848) Pause Young (Normal) (G1 Evacuation Pause)
[2024-06-01T19:47:37.591-0300][gc,task       ] GC(848) Using 4 workers of 4 for evacuation
[2024-06-01T19:47:37.599-0300][gc,phases     ] GC(848)   Pre Evacuate Collection Set: 0,0ms
[2024-06-01T19:47:37.599-0300][gc,phases     ] GC(848)   Evacuate Collection Set: 6,5ms
[2024-06-01T19:47:37.599-0300][gc,phases     ] GC(848)   Post Evacuate Collection Set: 0,5ms
[2024-06-01T19:47:37.599-0300][gc,phases     ] GC(848)   Other: 0,2ms
[2024-06-01T19:47:37.599-0300][gc,heap       ] GC(848) Eden regions: 46->0(55)
[2024-06-01T19:47:37.599-0300][gc,heap       ] GC(848) Survivor regions: 5->5(7)
[2024-06-01T19:47:37.599-0300][gc,heap       ] GC(848) Old regions: 433->434
[2024-06-01T19:47:37.599-0300][gc,heap       ] GC(848) Humongous regions: 129->129
[2024-06-01T19:47:37.599-0300][gc,metaspace  ] GC(848) Metaspace: 45751K(48924K)->45751K(48924K) NonClass: 40013K(41680K)->40013K(41680K) Class: 5738K(7244K)->5738K(7244K)
[2024-06-01T19:47:37.599-0300][gc            ] GC(848) Pause Young (Normal) (G1 Evacuation Pause) 610M->565M(1024M) 7,305ms
[2024-06-01T19:47:37.599-0300][gc,cpu        ] GC(848) User=0,02s Sys=0,00s Real=0,01s
[2024-06-01T19:48:09.992-0300][gc,start      ] GC(849) Pause Young (Normal) (G1 Evacuation Pause)
[2024-06-01T19:48:09.992-0300][gc,task       ] GC(849) Using 4 workers of 4 for evacuation
[2024-06-01T19:48:10.011-0300][gc,phases     ] GC(849)   Pre Evacuate Collection Set: 0,1ms
[2024-06-01T19:48:10.011-0300][gc,phases     ] GC(849)   Evacuate Collection Set: 17,7ms
[2024-06-01T19:48:10.011-0300][gc,phases     ] GC(849)   Post Evacuate Collection Set: 1,0ms
[2024-06-01T19:48:10.011-0300][gc,phases     ] GC(849)   Other: 0,5ms
[2024-06-01T19:48:10.011-0300][gc,heap       ] GC(849) Eden regions: 51->0(54)
[2024-06-01T19:48:10.011-0300][gc,heap       ] GC(849) Survivor regions: 5->4(7)
[2024-06-01T19:48:10.011-0300][gc,heap       ] GC(849) Old regions: 434->435
[2024-06-01T19:48:10.011-0300][gc,heap       ] GC(849) Humongous regions: 129->129
[2024-06-01T19:48:10.011-0300][gc,metaspace  ] GC(849) Metaspace: 45751K(48924K)->45751K(48924K) NonClass: 40013K(41680K)->40013K(41680K) Class: 5738K(7244K)->5738K(7244K)
[2024-06-01T19:48:10.011-0300][gc            ] GC(849) Pause Young (Normal) (G1 Evacuation Pause) 616M->566M(1024M) 19,507ms
[2024-06-01T19:48:10.012-0300][gc,cpu        ] GC(849) User=0,07s Sys=0,00s Real=0,02s
[2024-06-01T19:48:43.981-0300][gc,start      ] GC(850) Pause Young (Normal) (G1 Evacuation Pause)
[2024-06-01T19:48:43.981-0300][gc,task       ] GC(850) Using 4 workers of 4 for evacuation
[2024-06-01T19:48:43.987-0300][gc,phases     ] GC(850)   Pre Evacuate Collection Set: 0,0ms
[2024-06-01T19:48:43.987-0300][gc,phases     ] GC(850)   Evacuate Collection Set: 6,1ms
[2024-06-01T19:48:43.987-0300][gc,phases     ] GC(850)   Post Evacuate Collection Set: 0,4ms
[2024-06-01T19:48:43.987-0300][gc,phases     ] GC(850)   Other: 0,2ms
[2024-06-01T19:48:43.987-0300][gc,heap       ] GC(850) Eden regions: 53->0(57)
[2024-06-01T19:48:43.987-0300][gc,heap       ] GC(850) Survivor regions: 4->5(8)
[2024-06-01T19:48:43.987-0300][gc,heap       ] GC(850) Old regions: 435->435
[2024-06-01T19:48:43.987-0300][gc,heap       ] GC(850) Humongous regions: 129->129
[2024-06-01T19:48:43.987-0300][gc,metaspace  ] GC(850) Metaspace: 45751K(48924K)->45751K(48924K) NonClass: 40013K(41680K)->40013K(41680K) Class: 5738K(7244K)->5738K(7244K)
[2024-06-01T19:48:43.987-0300][gc            ] GC(850) Pause Young (Normal) (G1 Evacuation Pause) 619M->567M(1024M) 6,739ms
[2024-06-01T19:48:43.987-0300][gc,cpu        ] GC(850) User=0,02s Sys=0,00s Real=0,01s
[2024-06-01T19:49:16.999-0300][gc,start      ] GC(851) Pause Young (Normal) (G1 Evacuation Pause)
[2024-06-01T19:49:16.999-0300][gc,task       ] GC(851) Using 4 workers of 4 for evacuation
[2024-06-01T19:49:17.007-0300][gc,phases     ] GC(851)   Pre Evacuate Collection Set: 0,0ms
[2024-06-01T19:49:17.007-0300][gc,phases     ] GC(851)   Evacuate Collection Set: 6,8ms
[2024-06-01T19:49:17.007-0300][gc,phases     ] GC(851)   Post Evacuate Collection Set: 0,4ms
[2024-06-01T19:49:17.007-0300][gc,phases     ] GC(851)   Other: 0,2ms
[2024-06-01T19:49:17.007-0300][gc,heap       ] GC(851) Eden regions: 52->0(60)
[2024-06-01T19:49:17.007-0300][gc,heap       ] GC(851) Survivor regions: 5->6(8)
[2024-06-01T19:49:17.007-0300][gc,heap       ] GC(851) Old regions: 435->436
[2024-06-01T19:49:17.007-0300][gc,heap       ] GC(851) Humongous regions: 129->129
[2024-06-01T19:49:17.007-0300][gc,metaspace  ] GC(851) Metaspace: 45751K(48924K)->45751K(48924K) NonClass: 40013K(41680K)->40013K(41680K) Class: 5738K(7244K)->5738K(7244K)
[2024-06-01T19:49:17.007-0300][gc            ] GC(851) Pause Young (Normal) (G1 Evacuation Pause) 619M->568M(1024M) 7,457ms
[2024-06-01T19:49:17.007-0300][gc,cpu        ] GC(851) User=0,02s Sys=0,01s Real=0,00s
[2024-06-01T19:49:55.362-0300][gc,start      ] GC(852) Pause Young (Normal) (G1 Evacuation Pause)
[2024-06-01T19:49:55.362-0300][gc,task       ] GC(852) Using 4 workers of 4 for evacuation
[2024-06-01T19:49:55.384-0300][gc,mmu        ] GC(852) MMU target violated: 21,0ms (20,0ms/21,0ms)
[2024-06-01T19:49:55.384-0300][gc,phases     ] GC(852)   Pre Evacuate Collection Set: 0,1ms
[2024-06-01T19:49:55.384-0300][gc,phases     ] GC(852)   Evacuate Collection Set: 20,9ms
[2024-06-01T19:49:55.384-0300][gc,phases     ] GC(852)   Post Evacuate Collection Set: 1,1ms
[2024-06-01T19:49:55.384-0300][gc,phases     ] GC(852)   Other: 0,5ms
[2024-06-01T19:49:55.384-0300][gc,heap       ] GC(852) Eden regions: 60->0(56)
[2024-06-01T19:49:55.385-0300][gc,heap       ] GC(852) Survivor regions: 6->6(9)
[2024-06-01T19:49:55.385-0300][gc,heap       ] GC(852) Old regions: 436->437
[2024-06-01T19:49:55.385-0300][gc,heap       ] GC(852) Humongous regions: 129->129
[2024-06-01T19:49:55.385-0300][gc,metaspace  ] GC(852) Metaspace: 45751K(48924K)->45751K(48924K) NonClass: 40013K(41680K)->40013K(41680K) Class: 5738K(7244K)->5738K(7244K)
[2024-06-01T19:49:55.385-0300][gc            ] GC(852) Pause Young (Normal) (G1 Evacuation Pause) 628M->569M(1024M) 22,808ms
[2024-06-01T19:49:55.385-0300][gc,cpu        ] GC(852) User=0,08s Sys=0,01s Real=0,02s
[2024-06-01T19:50:27.962-0300][gc,start      ] GC(853) Pause Young (Normal) (G1 Evacuation Pause)
[2024-06-01T19:50:27.962-0300][gc,task       ] GC(853) Using 4 workers of 4 for evacuation
[2024-06-01T19:50:27.985-0300][gc,mmu        ] GC(853) MMU target violated: 21,0ms (20,0ms/21,0ms)
[2024-06-01T19:50:27.985-0300][gc,phases     ] GC(853)   Pre Evacuate Collection Set: 0,1ms
[2024-06-01T19:50:27.985-0300][gc,phases     ] GC(853)   Evacuate Collection Set: 21,7ms
[2024-06-01T19:50:27.985-0300][gc,phases     ] GC(853)   Post Evacuate Collection Set: 1,0ms
[2024-06-01T19:50:27.985-0300][gc,phases     ] GC(853)   Other: 0,5ms
[2024-06-01T19:50:27.985-0300][gc,heap       ] GC(853) Eden regions: 51->0(52)
[2024-06-01T19:50:27.985-0300][gc,heap       ] GC(853) Survivor regions: 6->5(8)
[2024-06-01T19:50:27.985-0300][gc,heap       ] GC(853) Old regions: 437->439
[2024-06-01T19:50:27.985-0300][gc,heap       ] GC(853) Humongous regions: 129->129
[2024-06-01T19:50:27.985-0300][gc,metaspace  ] GC(853) Metaspace: 45751K(48924K)->45751K(48924K) NonClass: 40013K(41680K)->40013K(41680K) Class: 5738K(7244K)->5738K(7244K)
[2024-06-01T19:50:27.985-0300][gc            ] GC(853) Pause Young (Normal) (G1 Evacuation Pause) 620M->570M(1024M) 23,561ms
[2024-06-01T19:50:27.985-0300][gc,cpu        ] GC(853) User=0,09s Sys=0,00s Real=0,02s
[2024-06-01T19:50:57.259-0300][gc,start      ] GC(854) Pause Young (Normal) (G1 Evacuation Pause)
[2024-06-01T19:50:57.259-0300][gc,task       ] GC(854) Using 4 workers of 4 for evacuation
[2024-06-01T19:50:57.280-0300][gc,mmu        ] GC(854) MMU target violated: 20,6ms (20,0ms/21,0ms)
[2024-06-01T19:50:57.280-0300][gc,phases     ] GC(854)   Pre Evacuate Collection Set: 0,1ms
[2024-06-01T19:50:57.280-0300][gc,phases     ] GC(854)   Evacuate Collection Set: 19,4ms
[2024-06-01T19:50:57.280-0300][gc,phases     ] GC(854)   Post Evacuate Collection Set: 1,0ms
[2024-06-01T19:50:57.280-0300][gc,phases     ] GC(854)   Other: 0,5ms
[2024-06-01T19:50:57.280-0300][gc,heap       ] GC(854) Eden regions: 46->0(49)
[2024-06-01T19:50:57.280-0300][gc,heap       ] GC(854) Survivor regions: 5->5(7)
[2024-06-01T19:50:57.280-0300][gc,heap       ] GC(854) Old regions: 439->440
[2024-06-01T19:50:57.280-0300][gc,heap       ] GC(854) Humongous regions: 129->129
[2024-06-01T19:50:57.280-0300][gc,metaspace  ] GC(854) Metaspace: 45751K(48924K)->45751K(48924K) NonClass: 40013K(41680K)->40013K(41680K) Class: 5738K(7244K)->5738K(7244K)
[2024-06-01T19:50:57.280-0300][gc            ] GC(854) Pause Young (Normal) (G1 Evacuation Pause) 616M->571M(1024M) 21,184ms
[2024-06-01T19:50:57.280-0300][gc,cpu        ] GC(854) User=0,07s Sys=0,00s Real=0,02s
[2024-06-01T19:51:26.983-0300][gc,start      ] GC(855) Pause Young (Normal) (G1 Evacuation Pause)
[2024-06-01T19:51:26.984-0300][gc,task       ] GC(855) Using 4 workers of 4 for evacuation
[2024-06-01T19:51:27.004-0300][gc,mmu        ] GC(855) MMU target violated: 20,3ms (20,0ms/21,0ms)
[2024-06-01T19:51:27.004-0300][gc,phases     ] GC(855)   Pre Evacuate Collection Set: 0,1ms
[2024-06-01T19:51:27.004-0300][gc,phases     ] GC(855)   Evacuate Collection Set: 19,1ms
[2024-06-01T19:51:27.004-0300][gc,phases     ] GC(855)   Post Evacuate Collection Set: 1,0ms
[2024-06-01T19:51:27.004-0300][gc,phases     ] GC(855)   Other: 0,5ms
[2024-06-01T19:51:27.004-0300][gc,heap       ] GC(855) Eden regions: 46->0(48)
[2024-06-01T19:51:27.004-0300][gc,heap       ] GC(855) Survivor regions: 5->5(7)
[2024-06-01T19:51:27.004-0300][gc,heap       ] GC(855) Old regions: 440->441
[2024-06-01T19:51:27.004-0300][gc,heap       ] GC(855) Humongous regions: 129->129
[2024-06-01T19:51:27.004-0300][gc,metaspace  ] GC(855) Metaspace: 45751K(48924K)->45751K(48924K) NonClass: 40013K(41680K)->40013K(41680K) Class: 5738K(7244K)->5738K(7244K)
[2024-06-01T19:51:27.004-0300][gc            ] GC(855) Pause Young (Normal) (G1 Evacuation Pause) 617M->573M(1024M) 20,880ms
[2024-06-01T19:51:27.004-0300][gc,cpu        ] GC(855) User=0,07s Sys=0,00s Real=0,02s
[2024-06-01T19:51:56.231-0300][gc,start      ] GC(856) Pause Young (Normal) (G1 Evacuation Pause)
[2024-06-01T19:51:56.231-0300][gc,task       ] GC(856) Using 4 workers of 4 for evacuation
[2024-06-01T19:51:56.252-0300][gc,mmu        ] GC(856) MMU target violated: 20,5ms (20,0ms/21,0ms)
[2024-06-01T19:51:56.252-0300][gc,phases     ] GC(856)   Pre Evacuate Collection Set: 0,1ms
[2024-06-01T19:51:56.252-0300][gc,phases     ] GC(856)   Evacuate Collection Set: 19,3ms
[2024-06-01T19:51:56.252-0300][gc,phases     ] GC(856)   Post Evacuate Collection Set: 1,0ms
[2024-06-01T19:51:56.252-0300][gc,phases     ] GC(856)   Other: 0,6ms
[2024-06-01T19:51:56.252-0300][gc,heap       ] GC(856) Eden regions: 46->0(48)
[2024-06-01T19:51:56.252-0300][gc,heap       ] GC(856) Survivor regions: 5->5(7)
[2024-06-01T19:51:56.252-0300][gc,heap       ] GC(856) Old regions: 441->442
[2024-06-01T19:51:56.252-0300][gc,heap       ] GC(856) Humongous regions: 129->129
[2024-06-01T19:51:56.252-0300][gc,metaspace  ] GC(856) Metaspace: 45751K(48924K)->45751K(48924K) NonClass: 40013K(41680K)->40013K(41680K) Class: 5738K(7244K)->5738K(7244K)
[2024-06-01T19:51:56.252-0300][gc            ] GC(856) Pause Young (Normal) (G1 Evacuation Pause) 619M->574M(1024M) 21,078ms
[2024-06-01T19:51:56.252-0300][gc,cpu        ] GC(856) User=0,07s Sys=0,01s Real=0,02s
[2024-06-01T19:52:25.548-0300][gc,start      ] GC(857) Pause Young (Normal) (G1 Evacuation Pause)
[2024-06-01T19:52:25.548-0300][gc,task       ] GC(857) Using 4 workers of 4 for evacuation
[2024-06-01T19:52:25.566-0300][gc,phases     ] GC(857)   Pre Evacuate Collection Set: 0,1ms
[2024-06-01T19:52:25.566-0300][gc,phases     ] GC(857)   Evacuate Collection Set: 16,9ms
[2024-06-01T19:52:25.566-0300][gc,phases     ] GC(857)   Post Evacuate Collection Set: 1,0ms
[2024-06-01T19:52:25.567-0300][gc,phases     ] GC(857)   Other: 0,4ms
[2024-06-01T19:52:25.567-0300][gc,heap       ] GC(857) Eden regions: 46->0(50)
[2024-06-01T19:52:25.567-0300][gc,heap       ] GC(857) Survivor regions: 5->4(7)
[2024-06-01T19:52:25.567-0300][gc,heap       ] GC(857) Old regions: 442->443
[2024-06-01T19:52:25.567-0300][gc,heap       ] GC(857) Humongous regions: 129->129
[2024-06-01T19:52:25.567-0300][gc,metaspace  ] GC(857) Metaspace: 45751K(48924K)->45751K(48924K) NonClass: 40013K(41680K)->40013K(41680K) Class: 5738K(7244K)->5738K(7244K)
[2024-06-01T19:52:25.567-0300][gc            ] GC(857) Pause Young (Normal) (G1 Evacuation Pause) 620M->574M(1024M) 18,683ms
[2024-06-01T19:52:25.567-0300][gc,cpu        ] GC(857) User=0,07s Sys=0,00s Real=0,01s
[2024-06-01T19:52:56.097-0300][gc,start      ] GC(858) Pause Young (Normal) (G1 Evacuation Pause)
[2024-06-01T19:52:56.097-0300][gc,task       ] GC(858) Using 4 workers of 4 for evacuation
[2024-06-01T19:52:56.115-0300][gc,phases     ] GC(858)   Pre Evacuate Collection Set: 0,1ms
[2024-06-01T19:52:56.115-0300][gc,phases     ] GC(858)   Evacuate Collection Set: 16,9ms
[2024-06-01T19:52:56.115-0300][gc,phases     ] GC(858)   Post Evacuate Collection Set: 1,0ms
[2024-06-01T19:52:56.115-0300][gc,phases     ] GC(858)   Other: 0,4ms
[2024-06-01T19:52:56.115-0300][gc,heap       ] GC(858) Eden regions: 47->0(50)
[2024-06-01T19:52:56.115-0300][gc,heap       ] GC(858) Survivor regions: 4->5(7)
[2024-06-01T19:52:56.115-0300][gc,heap       ] GC(858) Old regions: 443->443
[2024-06-01T19:52:56.115-0300][gc,heap       ] GC(858) Humongous regions: 129->129
[2024-06-01T19:52:56.115-0300][gc,metaspace  ] GC(858) Metaspace: 45751K(48924K)->45751K(48924K) NonClass: 40013K(41680K)->40013K(41680K) Class: 5738K(7244K)->5738K(7244K)
[2024-06-01T19:52:56.115-0300][gc            ] GC(858) Pause Young (Normal) (G1 Evacuation Pause) 621M->574M(1024M) 18,671ms
[2024-06-01T19:52:56.115-0300][gc,cpu        ] GC(858) User=0,07s Sys=0,00s Real=0,02s
[2024-06-01T19:53:25.440-0300][gc,start      ] GC(859) Pause Young (Normal) (G1 Evacuation Pause)
[2024-06-01T19:53:25.440-0300][gc,task       ] GC(859) Using 4 workers of 4 for evacuation
[2024-06-01T19:53:25.460-0300][gc,phases     ] GC(859)   Pre Evacuate Collection Set: 0,1ms
[2024-06-01T19:53:25.460-0300][gc,phases     ] GC(859)   Evacuate Collection Set: 18,8ms
[2024-06-01T19:53:25.460-0300][gc,phases     ] GC(859)   Post Evacuate Collection Set: 1,0ms
[2024-06-01T19:53:25.460-0300][gc,phases     ] GC(859)   Other: 0,4ms
[2024-06-01T19:53:25.460-0300][gc,heap       ] GC(859) Eden regions: 46->0(47)
[2024-06-01T19:53:25.460-0300][gc,heap       ] GC(859) Survivor regions: 5->5(7)
[2024-06-01T19:53:25.460-0300][gc,heap       ] GC(859) Old regions: 443->444
[2024-06-01T19:53:25.460-0300][gc,heap       ] GC(859) Humongous regions: 129->129
[2024-06-01T19:53:25.460-0300][gc,metaspace  ] GC(859) Metaspace: 45751K(48924K)->45751K(48924K) NonClass: 40013K(41680K)->40013K(41680K) Class: 5738K(7244K)->5738K(7244K)
[2024-06-01T19:53:25.460-0300][gc            ] GC(859) Pause Young (Normal) (G1 Evacuation Pause) 620M->576M(1024M) 20,511ms
[2024-06-01T19:53:25.460-0300][gc,cpu        ] GC(859) User=0,08s Sys=0,00s Real=0,02s
[2024-06-01T19:53:54.788-0300][gc,start      ] GC(860) Pause Young (Normal) (G1 Evacuation Pause)
[2024-06-01T19:53:54.788-0300][gc,task       ] GC(860) Using 4 workers of 4 for evacuation
[2024-06-01T19:53:54.809-0300][gc,mmu        ] GC(860) MMU target violated: 20,9ms (20,0ms/21,0ms)
[2024-06-01T19:53:54.809-0300][gc,phases     ] GC(860)   Pre Evacuate Collection Set: 0,1ms
[2024-06-01T19:53:54.809-0300][gc,phases     ] GC(860)   Evacuate Collection Set: 19,6ms
[2024-06-01T19:53:54.810-0300][gc,phases     ] GC(860)   Post Evacuate Collection Set: 1,0ms
[2024-06-01T19:53:54.810-0300][gc,phases     ] GC(860)   Other: 0,6ms
[2024-06-01T19:53:54.810-0300][gc,heap       ] GC(860) Eden regions: 46->0(47)
[2024-06-01T19:53:54.810-0300][gc,heap       ] GC(860) Survivor regions: 5->4(7)
[2024-06-01T19:53:54.810-0300][gc,heap       ] GC(860) Old regions: 444->446
[2024-06-01T19:53:54.810-0300][gc,heap       ] GC(860) Humongous regions: 129->129
[2024-06-01T19:53:54.810-0300][gc,metaspace  ] GC(860) Metaspace: 45751K(48924K)->45751K(48924K) NonClass: 40013K(41680K)->40013K(41680K) Class: 5738K(7244K)->5738K(7244K)
[2024-06-01T19:53:54.810-0300][gc            ] GC(860) Pause Young (Normal) (G1 Evacuation Pause) 622M->577M(1024M) 21,397ms
[2024-06-01T19:53:54.810-0300][gc,cpu        ] GC(860) User=0,08s Sys=0,00s Real=0,02s
[2024-06-01T19:54:24.971-0300][gc,start      ] GC(861) Pause Young (Normal) (G1 Evacuation Pause)
[2024-06-01T19:54:24.971-0300][gc,task       ] GC(861) Using 4 workers of 4 for evacuation
[2024-06-01T19:54:24.991-0300][gc,phases     ] GC(861)   Pre Evacuate Collection Set: 0,1ms
[2024-06-01T19:54:24.991-0300][gc,phases     ] GC(861)   Evacuate Collection Set: 18,3ms
[2024-06-01T19:54:24.991-0300][gc,phases     ] GC(861)   Post Evacuate Collection Set: 1,0ms
[2024-06-01T19:54:24.991-0300][gc,phases     ] GC(861)   Other: 0,5ms
[2024-06-01T19:54:24.991-0300][gc,heap       ] GC(861) Eden regions: 47->0(48)
[2024-06-01T19:54:24.991-0300][gc,heap       ] GC(861) Survivor regions: 4->5(7)
[2024-06-01T19:54:24.991-0300][gc,heap       ] GC(861) Old regions: 446->447
[2024-06-01T19:54:24.991-0300][gc,heap       ] GC(861) Humongous regions: 129->129
[2024-06-01T19:54:24.991-0300][gc,metaspace  ] GC(861) Metaspace: 45751K(48924K)->45751K(48924K) NonClass: 40013K(41680K)->40013K(41680K) Class: 5738K(7244K)->5738K(7244K)
[2024-06-01T19:54:24.991-0300][gc            ] GC(861) Pause Young (Normal) (G1 Evacuation Pause) 624M->578M(1024M) 20,151ms
[2024-06-01T19:54:24.991-0300][gc,cpu        ] GC(861) User=0,07s Sys=0,01s Real=0,02s
[2024-06-01T19:54:55.647-0300][gc,start      ] GC(862) Pause Young (Normal) (G1 Evacuation Pause)
[2024-06-01T19:54:55.647-0300][gc,task       ] GC(862) Using 4 workers of 4 for evacuation
[2024-06-01T19:54:55.667-0300][gc,phases     ] GC(862)   Pre Evacuate Collection Set: 0,1ms
[2024-06-01T19:54:55.667-0300][gc,phases     ] GC(862)   Evacuate Collection Set: 18,5ms
[2024-06-01T19:54:55.667-0300][gc,phases     ] GC(862)   Post Evacuate Collection Set: 1,0ms
[2024-06-01T19:54:55.667-0300][gc,phases     ] GC(862)   Other: 0,5ms
[2024-06-01T19:54:55.667-0300][gc,heap       ] GC(862) Eden regions: 48->0(49)
[2024-06-01T19:54:55.667-0300][gc,heap       ] GC(862) Survivor regions: 5->5(7)
[2024-06-01T19:54:55.667-0300][gc,heap       ] GC(862) Old regions: 447->448
[2024-06-01T19:54:55.667-0300][gc,heap       ] GC(862) Humongous regions: 129->129
[2024-06-01T19:54:55.667-0300][gc,metaspace  ] GC(862) Metaspace: 45751K(48924K)->45751K(48924K) NonClass: 40013K(41680K)->40013K(41680K) Class: 5738K(7244K)->5738K(7244K)
[2024-06-01T19:54:55.667-0300][gc            ] GC(862) Pause Young (Normal) (G1 Evacuation Pause) 626M->579M(1024M) 20,253ms
[2024-06-01T19:54:55.667-0300][gc,cpu        ] GC(862) User=0,07s Sys=0,00s Real=0,02s
[2024-06-01T19:55:25.299-0300][gc,start      ] GC(863) Pause Young (Normal) (G1 Evacuation Pause)
[2024-06-01T19:55:25.299-0300][gc,task       ] GC(863) Using 4 workers of 4 for evacuation
[2024-06-01T19:55:25.318-0300][gc,phases     ] GC(863)   Pre Evacuate Collection Set: 0,1ms
[2024-06-01T19:55:25.318-0300][gc,phases     ] GC(863)   Evacuate Collection Set: 17,9ms
[2024-06-01T19:55:25.318-0300][gc,phases     ] GC(863)   Post Evacuate Collection Set: 1,0ms
[2024-06-01T19:55:25.318-0300][gc,phases     ] GC(863)   Other: 0,4ms
[2024-06-01T19:55:25.318-0300][gc,heap       ] GC(863) Eden regions: 46->0(50)
[2024-06-01T19:55:25.318-0300][gc,heap       ] GC(863) Survivor regions: 5->5(7)
[2024-06-01T19:55:25.318-0300][gc,heap       ] GC(863) Old regions: 448->449
[2024-06-01T19:55:25.318-0300][gc,heap       ] GC(863) Humongous regions: 129->129
[2024-06-01T19:55:25.318-0300][gc,metaspace  ] GC(863) Metaspace: 45751K(48924K)->45751K(48924K) NonClass: 40013K(41680K)->40013K(41680K) Class: 5738K(7244K)->5738K(7244K)
[2024-06-01T19:55:25.318-0300][gc            ] GC(863) Pause Young (Normal) (G1 Evacuation Pause) 625M->580M(1024M) 19,711ms
[2024-06-01T19:55:25.318-0300][gc,cpu        ] GC(863) User=0,07s Sys=0,00s Real=0,02s
[2024-06-01T19:55:57.635-0300][gc,start      ] GC(864) Pause Young (Normal) (G1 Evacuation Pause)
[2024-06-01T19:55:57.635-0300][gc,task       ] GC(864) Using 4 workers of 4 for evacuation
[2024-06-01T19:55:57.656-0300][gc,mmu        ] GC(864) MMU target violated: 20,8ms (20,0ms/21,0ms)
[2024-06-01T19:55:57.656-0300][gc,phases     ] GC(864)   Pre Evacuate Collection Set: 0,1ms
[2024-06-01T19:55:57.656-0300][gc,phases     ] GC(864)   Evacuate Collection Set: 19,6ms
[2024-06-01T19:55:57.656-0300][gc,phases     ] GC(864)   Post Evacuate Collection Set: 0,9ms
[2024-06-01T19:55:57.656-0300][gc,phases     ] GC(864)   Other: 0,5ms
[2024-06-01T19:55:57.656-0300][gc,heap       ] GC(864) Eden regions: 50->0(47)
[2024-06-01T19:55:57.656-0300][gc,heap       ] GC(864) Survivor regions: 5->4(7)
[2024-06-01T19:55:57.656-0300][gc,heap       ] GC(864) Old regions: 449->450
[2024-06-01T19:55:57.656-0300][gc,heap       ] GC(864) Humongous regions: 129->129
[2024-06-01T19:55:57.656-0300][gc,metaspace  ] GC(864) Metaspace: 45753K(48924K)->45753K(48924K) NonClass: 40014K(41680K)->40014K(41680K) Class: 5738K(7244K)->5738K(7244K)
[2024-06-01T19:55:57.656-0300][gc            ] GC(864) Pause Young (Normal) (G1 Evacuation Pause) 630M->581M(1024M) 21,262ms
[2024-06-01T19:55:57.656-0300][gc,cpu        ] GC(864) User=0,08s Sys=0,00s Real=0,03s
[2024-06-01T19:56:27.230-0300][gc,start      ] GC(865) Pause Young (Normal) (G1 Evacuation Pause)
[2024-06-01T19:56:27.230-0300][gc,task       ] GC(865) Using 4 workers of 4 for evacuation
[2024-06-01T19:56:27.249-0300][gc,phases     ] GC(865)   Pre Evacuate Collection Set: 0,1ms
[2024-06-01T19:56:27.249-0300][gc,phases     ] GC(865)   Evacuate Collection Set: 17,5ms
[2024-06-01T19:56:27.249-0300][gc,phases     ] GC(865)   Post Evacuate Collection Set: 1,1ms
[2024-06-01T19:56:27.249-0300][gc,phases     ] GC(865)   Other: 0,4ms
[2024-06-01T19:56:27.249-0300][gc,heap       ] GC(865) Eden regions: 47->0(48)
[2024-06-01T19:56:27.249-0300][gc,heap       ] GC(865) Survivor regions: 4->4(7)
[2024-06-01T19:56:27.249-0300][gc,heap       ] GC(865) Old regions: 450->451
[2024-06-01T19:56:27.249-0300][gc,heap       ] GC(865) Humongous regions: 129->129
[2024-06-01T19:56:27.249-0300][gc,metaspace  ] GC(865) Metaspace: 45753K(48924K)->45753K(48924K) NonClass: 40014K(41680K)->40014K(41680K) Class: 5738K(7244K)->5738K(7244K)
[2024-06-01T19:56:27.249-0300][gc            ] GC(865) Pause Young (Normal) (G1 Evacuation Pause) 628M->581M(1024M) 19,305ms
[2024-06-01T19:56:27.249-0300][gc,cpu        ] GC(865) User=0,07s Sys=0,00s Real=0,02s
[2024-06-01T19:56:57.193-0300][gc,start      ] GC(866) Pause Young (Normal) (G1 Evacuation Pause)
[2024-06-01T19:56:57.193-0300][gc,task       ] GC(866) Using 4 workers of 4 for evacuation
[2024-06-01T19:56:57.212-0300][gc,phases     ] GC(866)   Pre Evacuate Collection Set: 0,1ms
[2024-06-01T19:56:57.212-0300][gc,phases     ] GC(866)   Evacuate Collection Set: 17,2ms
[2024-06-01T19:56:57.212-0300][gc,phases     ] GC(866)   Post Evacuate Collection Set: 1,0ms
[2024-06-01T19:56:57.212-0300][gc,phases     ] GC(866)   Other: 0,4ms
[2024-06-01T19:56:57.212-0300][gc,heap       ] GC(866) Eden regions: 47->0(48)
[2024-06-01T19:56:57.212-0300][gc,heap       ] GC(866) Survivor regions: 4->5(7)
[2024-06-01T19:56:57.212-0300][gc,heap       ] GC(866) Old regions: 451->451
[2024-06-01T19:56:57.212-0300][gc,heap       ] GC(866) Humongous regions: 129->129
[2024-06-01T19:56:57.212-0300][gc,metaspace  ] GC(866) Metaspace: 45753K(48924K)->45753K(48924K) NonClass: 40014K(41680K)->40014K(41680K) Class: 5738K(7244K)->5738K(7244K)
[2024-06-01T19:56:57.212-0300][gc            ] GC(866) Pause Young (Normal) (G1 Evacuation Pause) 628M->582M(1024M) 18,980ms
[2024-06-01T19:56:57.212-0300][gc,cpu        ] GC(866) User=0,06s Sys=0,00s Real=0,02s
[2024-06-01T19:57:26.450-0300][gc,start      ] GC(867) Pause Young (Normal) (G1 Evacuation Pause)
[2024-06-01T19:57:26.450-0300][gc,task       ] GC(867) Using 4 workers of 4 for evacuation
[2024-06-01T19:57:26.458-0300][gc,phases     ] GC(867)   Pre Evacuate Collection Set: 0,0ms
[2024-06-01T19:57:26.458-0300][gc,phases     ] GC(867)   Evacuate Collection Set: 6,9ms
[2024-06-01T19:57:26.458-0300][gc,phases     ] GC(867)   Post Evacuate Collection Set: 0,6ms
[2024-06-01T19:57:26.458-0300][gc,phases     ] GC(867)   Other: 0,2ms
[2024-06-01T19:57:26.458-0300][gc,heap       ] GC(867) Eden regions: 46->0(51)
[2024-06-01T19:57:26.458-0300][gc,heap       ] GC(867) Survivor regions: 5->5(7)
[2024-06-01T19:57:26.458-0300][gc,heap       ] GC(867) Old regions: 451->452
[2024-06-01T19:57:26.458-0300][gc,heap       ] GC(867) Humongous regions: 129->129
[2024-06-01T19:57:26.458-0300][gc,metaspace  ] GC(867) Metaspace: 45753K(48924K)->45753K(48924K) NonClass: 40014K(41680K)->40014K(41680K) Class: 5738K(7244K)->5738K(7244K)
[2024-06-01T19:57:26.458-0300][gc            ] GC(867) Pause Young (Normal) (G1 Evacuation Pause) 628M->583M(1024M) 7,808ms
[2024-06-01T19:57:26.458-0300][gc,cpu        ] GC(867) User=0,02s Sys=0,00s Real=0,01s
[2024-06-01T19:57:59.133-0300][gc,start      ] GC(868) Pause Young (Normal) (G1 Evacuation Pause)
[2024-06-01T19:57:59.133-0300][gc,task       ] GC(868) Using 4 workers of 4 for evacuation
[2024-06-01T19:57:59.155-0300][gc,mmu        ] GC(868) MMU target violated: 21,0ms (20,0ms/21,0ms)
[2024-06-01T19:57:59.155-0300][gc,phases     ] GC(868)   Pre Evacuate Collection Set: 0,1ms
[2024-06-01T19:57:59.155-0300][gc,phases     ] GC(868)   Evacuate Collection Set: 20,9ms
[2024-06-01T19:57:59.155-0300][gc,phases     ] GC(868)   Post Evacuate Collection Set: 1,0ms
[2024-06-01T19:57:59.155-0300][gc,phases     ] GC(868)   Other: 0,5ms
[2024-06-01T19:57:59.155-0300][gc,heap       ] GC(868) Eden regions: 51->0(48)
[2024-06-01T19:57:59.155-0300][gc,heap       ] GC(868) Survivor regions: 5->4(7)
[2024-06-01T19:57:59.155-0300][gc,heap       ] GC(868) Old regions: 452->454
[2024-06-01T19:57:59.155-0300][gc,heap       ] GC(868) Humongous regions: 129->129
[2024-06-01T19:57:59.155-0300][gc,metaspace  ] GC(868) Metaspace: 45753K(48924K)->45753K(48924K) NonClass: 40014K(41680K)->40014K(41680K) Class: 5738K(7244K)->5738K(7244K)
[2024-06-01T19:57:59.155-0300][gc            ] GC(868) Pause Young (Normal) (G1 Evacuation Pause) 634M->584M(1024M) 22,743ms
[2024-06-01T19:57:59.155-0300][gc,cpu        ] GC(868) User=0,09s Sys=0,00s Real=0,03s
[2024-06-01T19:58:30.123-0300][gc,start      ] GC(869) Pause Young (Normal) (G1 Evacuation Pause)
[2024-06-01T19:58:30.123-0300][gc,task       ] GC(869) Using 4 workers of 4 for evacuation
[2024-06-01T19:58:30.143-0300][gc,mmu        ] GC(869) MMU target violated: 20,1ms (20,0ms/21,0ms)
[2024-06-01T19:58:30.143-0300][gc,phases     ] GC(869)   Pre Evacuate Collection Set: 0,1ms
[2024-06-01T19:58:30.143-0300][gc,phases     ] GC(869)   Evacuate Collection Set: 18,9ms
[2024-06-01T19:58:30.143-0300][gc,phases     ] GC(869)   Post Evacuate Collection Set: 1,0ms
[2024-06-01T19:58:30.143-0300][gc,phases     ] GC(869)   Other: 0,5ms
[2024-06-01T19:58:30.143-0300][gc,heap       ] GC(869) Eden regions: 48->0(49)
[2024-06-01T19:58:30.143-0300][gc,heap       ] GC(869) Survivor regions: 4->5(7)
[2024-06-01T19:58:30.143-0300][gc,heap       ] GC(869) Old regions: 454->454
[2024-06-01T19:58:30.143-0300][gc,heap       ] GC(869) Humongous regions: 129->129
[2024-06-01T19:58:30.143-0300][gc,metaspace  ] GC(869) Metaspace: 45753K(48924K)->45753K(48924K) NonClass: 40014K(41680K)->40014K(41680K) Class: 5738K(7244K)->5738K(7244K)
[2024-06-01T19:58:30.143-0300][gc            ] GC(869) Pause Young (Normal) (G1 Evacuation Pause) 632M->586M(1024M) 20,596ms
[2024-06-01T19:58:30.143-0300][gc,cpu        ] GC(869) User=0,07s Sys=0,00s Real=0,02s
[2024-06-01T19:58:59.412-0300][gc,start      ] GC(870) Pause Young (Normal) (G1 Evacuation Pause)
[2024-06-01T19:58:59.412-0300][gc,task       ] GC(870) Using 4 workers of 4 for evacuation
[2024-06-01T19:58:59.433-0300][gc,mmu        ] GC(870) MMU target violated: 20,8ms (20,0ms/21,0ms)
[2024-06-01T19:58:59.433-0300][gc,phases     ] GC(870)   Pre Evacuate Collection Set: 0,1ms
[2024-06-01T19:58:59.433-0300][gc,phases     ] GC(870)   Evacuate Collection Set: 19,5ms
[2024-06-01T19:58:59.434-0300][gc,phases     ] GC(870)   Post Evacuate Collection Set: 1,1ms
[2024-06-01T19:58:59.434-0300][gc,phases     ] GC(870)   Other: 0,5ms
[2024-06-01T19:58:59.434-0300][gc,heap       ] GC(870) Eden regions: 46->0(49)
[2024-06-01T19:58:59.434-0300][gc,heap       ] GC(870) Survivor regions: 5->5(7)
[2024-06-01T19:58:59.434-0300][gc,heap       ] GC(870) Old regions: 454->456
[2024-06-01T19:58:59.434-0300][gc,heap       ] GC(870) Humongous regions: 129->129
[2024-06-01T19:58:59.434-0300][gc,metaspace  ] GC(870) Metaspace: 45753K(48924K)->45753K(48924K) NonClass: 40014K(41680K)->40014K(41680K) Class: 5738K(7244K)->5738K(7244K)
[2024-06-01T19:58:59.434-0300][gc            ] GC(870) Pause Young (Normal) (G1 Evacuation Pause) 632M->587M(1024M) 21,386ms
[2024-06-01T19:58:59.434-0300][gc,cpu        ] GC(870) User=0,07s Sys=0,00s Real=0,02s
[2024-06-01T19:59:30.589-0300][gc,start      ] GC(871) Pause Young (Normal) (G1 Evacuation Pause)
[2024-06-01T19:59:30.589-0300][gc,task       ] GC(871) Using 4 workers of 4 for evacuation
[2024-06-01T19:59:30.609-0300][gc,phases     ] GC(871)   Pre Evacuate Collection Set: 0,1ms
[2024-06-01T19:59:30.609-0300][gc,phases     ] GC(871)   Evacuate Collection Set: 18,6ms
[2024-06-01T19:59:30.609-0300][gc,phases     ] GC(871)   Post Evacuate Collection Set: 1,1ms
[2024-06-01T19:59:30.609-0300][gc,phases     ] GC(871)   Other: 0,5ms
[2024-06-01T19:59:30.609-0300][gc,heap       ] GC(871) Eden regions: 49->0(50)
[2024-06-01T19:59:30.609-0300][gc,heap       ] GC(871) Survivor regions: 5->5(7)
[2024-06-01T19:59:30.609-0300][gc,heap       ] GC(871) Old regions: 456->457
[2024-06-01T19:59:30.609-0300][gc,heap       ] GC(871) Humongous regions: 129->129
[2024-06-01T19:59:30.609-0300][gc,metaspace  ] GC(871) Metaspace: 45753K(48924K)->45753K(48924K) NonClass: 40014K(41680K)->40014K(41680K) Class: 5738K(7244K)->5738K(7244K)
[2024-06-01T19:59:30.609-0300][gc            ] GC(871) Pause Young (Normal) (G1 Evacuation Pause) 636M->587M(1024M) 20,505ms
[2024-06-01T19:59:30.609-0300][gc,cpu        ] GC(871) User=0,07s Sys=0,00s Real=0,02s
[2024-06-01T20:00:02.451-0300][gc,start      ] GC(872) Pause Young (Normal) (G1 Evacuation Pause)
[2024-06-01T20:00:02.451-0300][gc,task       ] GC(872) Using 4 workers of 4 for evacuation
[2024-06-01T20:00:02.472-0300][gc,mmu        ] GC(872) MMU target violated: 20,2ms (20,0ms/21,0ms)
[2024-06-01T20:00:02.472-0300][gc,phases     ] GC(872)   Pre Evacuate Collection Set: 0,1ms
[2024-06-01T20:00:02.472-0300][gc,phases     ] GC(872)   Evacuate Collection Set: 19,0ms
[2024-06-01T20:00:02.472-0300][gc,phases     ] GC(872)   Post Evacuate Collection Set: 1,0ms
[2024-06-01T20:00:02.472-0300][gc,phases     ] GC(872)   Other: 0,6ms
[2024-06-01T20:00:02.472-0300][gc,heap       ] GC(872) Eden regions: 50->0(51)
[2024-06-01T20:00:02.472-0300][gc,heap       ] GC(872) Survivor regions: 5->5(7)
[2024-06-01T20:00:02.472-0300][gc,heap       ] GC(872) Old regions: 457->458
[2024-06-01T20:00:02.472-0300][gc,heap       ] GC(872) Humongous regions: 129->129
[2024-06-01T20:00:02.472-0300][gc,metaspace  ] GC(872) Metaspace: 45753K(48924K)->45753K(48924K) NonClass: 40014K(41680K)->40014K(41680K) Class: 5738K(7244K)->5738K(7244K)
[2024-06-01T20:00:02.472-0300][gc            ] GC(872) Pause Young (Normal) (G1 Evacuation Pause) 637M->589M(1024M) 20,788ms
[2024-06-01T20:00:02.472-0300][gc,cpu        ] GC(872) User=0,07s Sys=0,00s Real=0,02s
[2024-06-01T20:00:34.256-0300][gc,start      ] GC(873) Pause Young (Normal) (G1 Evacuation Pause)
[2024-06-01T20:00:34.256-0300][gc,task       ] GC(873) Using 4 workers of 4 for evacuation
[2024-06-01T20:00:34.274-0300][gc,phases     ] GC(873)   Pre Evacuate Collection Set: 0,1ms
[2024-06-01T20:00:34.274-0300][gc,phases     ] GC(873)   Evacuate Collection Set: 17,3ms
[2024-06-01T20:00:34.274-0300][gc,phases     ] GC(873)   Post Evacuate Collection Set: 1,0ms
[2024-06-01T20:00:34.275-0300][gc,phases     ] GC(873)   Other: 0,5ms
[2024-06-01T20:00:34.275-0300][gc,heap       ] GC(873) Eden regions: 51->0(50)
[2024-06-01T20:00:34.275-0300][gc,heap       ] GC(873) Survivor regions: 5->4(7)
[2024-06-01T20:00:34.275-0300][gc,heap       ] GC(873) Old regions: 458->459
[2024-06-01T20:00:34.275-0300][gc,heap       ] GC(873) Humongous regions: 129->129
[2024-06-01T20:00:34.275-0300][gc,metaspace  ] GC(873) Metaspace: 45753K(48924K)->45753K(48924K) NonClass: 40014K(41680K)->40014K(41680K) Class: 5738K(7244K)->5738K(7244K)
[2024-06-01T20:00:34.275-0300][gc            ] GC(873) Pause Young (Normal) (G1 Evacuation Pause) 640M->589M(1024M) 19,066ms
[2024-06-01T20:00:34.275-0300][gc,cpu        ] GC(873) User=0,07s Sys=0,01s Real=0,01s
[2024-06-01T20:01:05.894-0300][gc,start      ] GC(874) Pause Young (Normal) (G1 Evacuation Pause)
[2024-06-01T20:01:05.895-0300][gc,task       ] GC(874) Using 4 workers of 4 for evacuation
[2024-06-01T20:01:05.913-0300][gc,phases     ] GC(874)   Pre Evacuate Collection Set: 0,1ms
[2024-06-01T20:01:05.913-0300][gc,phases     ] GC(874)   Evacuate Collection Set: 17,2ms
[2024-06-01T20:01:05.913-0300][gc,phases     ] GC(874)   Post Evacuate Collection Set: 1,0ms
[2024-06-01T20:01:05.913-0300][gc,phases     ] GC(874)   Other: 0,4ms
[2024-06-01T20:01:05.913-0300][gc,heap       ] GC(874) Eden regions: 50->0(51)
[2024-06-01T20:01:05.913-0300][gc,heap       ] GC(874) Survivor regions: 4->5(7)
[2024-06-01T20:01:05.913-0300][gc,heap       ] GC(874) Old regions: 459->459
[2024-06-01T20:01:05.913-0300][gc,heap       ] GC(874) Humongous regions: 129->129
[2024-06-01T20:01:05.913-0300][gc,metaspace  ] GC(874) Metaspace: 45753K(48924K)->45753K(48924K) NonClass: 40014K(41680K)->40014K(41680K) Class: 5738K(7244K)->5738K(7244K)
[2024-06-01T20:01:05.913-0300][gc            ] GC(874) Pause Young (Normal) (G1 Evacuation Pause) 639M->590M(1024M) 18,885ms
[2024-06-01T20:01:05.913-0300][gc,cpu        ] GC(874) User=0,07s Sys=0,00s Real=0,02s
[2024-06-01T20:01:35.234-0300][gc,start      ] GC(875) Pause Young (Normal) (G1 Evacuation Pause)
[2024-06-01T20:01:35.234-0300][gc,task       ] GC(875) Using 4 workers of 4 for evacuation
[2024-06-01T20:01:35.255-0300][gc,mmu        ] GC(875) MMU target violated: 20,9ms (20,0ms/21,0ms)
[2024-06-01T20:01:35.255-0300][gc,phases     ] GC(875)   Pre Evacuate Collection Set: 0,1ms
[2024-06-01T20:01:35.255-0300][gc,phases     ] GC(875)   Evacuate Collection Set: 19,7ms
[2024-06-01T20:01:35.255-0300][gc,phases     ] GC(875)   Post Evacuate Collection Set: 0,9ms
[2024-06-01T20:01:35.255-0300][gc,phases     ] GC(875)   Other: 0,5ms
[2024-06-01T20:01:35.255-0300][gc,heap       ] GC(875) Eden regions: 46->0(48)
[2024-06-01T20:01:35.255-0300][gc,heap       ] GC(875) Survivor regions: 5->4(7)
[2024-06-01T20:01:35.255-0300][gc,heap       ] GC(875) Old regions: 459->460
[2024-06-01T20:01:35.255-0300][gc,heap       ] GC(875) Humongous regions: 129->129
[2024-06-01T20:01:35.255-0300][gc,metaspace  ] GC(875) Metaspace: 45753K(48924K)->45753K(48924K) NonClass: 40014K(41680K)->40014K(41680K) Class: 5738K(7244K)->5738K(7244K)
[2024-06-01T20:01:35.255-0300][gc            ] GC(875) Pause Young (Normal) (G1 Evacuation Pause) 636M->591M(1024M) 21,436ms
[2024-06-01T20:01:35.255-0300][gc,cpu        ] GC(875) User=0,08s Sys=0,00s Real=0,03s
[2024-06-01T20:02:06.091-0300][gc,start      ] GC(876) Pause Young (Normal) (G1 Evacuation Pause)
[2024-06-01T20:02:06.091-0300][gc,task       ] GC(876) Using 4 workers of 4 for evacuation
[2024-06-01T20:02:06.111-0300][gc,phases     ] GC(876)   Pre Evacuate Collection Set: 0,1ms
[2024-06-01T20:02:06.111-0300][gc,phases     ] GC(876)   Evacuate Collection Set: 18,4ms
[2024-06-01T20:02:06.111-0300][gc,phases     ] GC(876)   Post Evacuate Collection Set: 1,1ms
[2024-06-01T20:02:06.111-0300][gc,phases     ] GC(876)   Other: 0,4ms
[2024-06-01T20:02:06.111-0300][gc,heap       ] GC(876) Eden regions: 48->0(47)
[2024-06-01T20:02:06.111-0300][gc,heap       ] GC(876) Survivor regions: 4->4(7)
[2024-06-01T20:02:06.111-0300][gc,heap       ] GC(876) Old regions: 460->461
[2024-06-01T20:02:06.111-0300][gc,heap       ] GC(876) Humongous regions: 129->129
[2024-06-01T20:02:06.111-0300][gc,metaspace  ] GC(876) Metaspace: 45753K(48924K)->45753K(48924K) NonClass: 40014K(41680K)->40014K(41680K) Class: 5738K(7244K)->5738K(7244K)
[2024-06-01T20:02:06.111-0300][gc            ] GC(876) Pause Young (Normal) (G1 Evacuation Pause) 639M->592M(1024M) 20,200ms
[2024-06-01T20:02:06.111-0300][gc,cpu        ] GC(876) User=0,06s Sys=0,01s Real=0,02s
[2024-06-01T20:02:36.345-0300][gc,start      ] GC(877) Pause Young (Normal) (G1 Evacuation Pause)
[2024-06-01T20:02:36.345-0300][gc,task       ] GC(877) Using 4 workers of 4 for evacuation
[2024-06-01T20:02:36.365-0300][gc,phases     ] GC(877)   Pre Evacuate Collection Set: 0,1ms
[2024-06-01T20:02:36.365-0300][gc,phases     ] GC(877)   Evacuate Collection Set: 18,3ms
[2024-06-01T20:02:36.365-0300][gc,phases     ] GC(877)   Post Evacuate Collection Set: 1,1ms
[2024-06-01T20:02:36.365-0300][gc,phases     ] GC(877)   Other: 0,4ms
[2024-06-01T20:02:36.365-0300][gc,heap       ] GC(877) Eden regions: 47->0(49)
[2024-06-01T20:02:36.365-0300][gc,heap       ] GC(877) Survivor regions: 4->5(7)
[2024-06-01T20:02:36.365-0300][gc,heap       ] GC(877) Old regions: 461->462
[2024-06-01T20:02:36.365-0300][gc,heap       ] GC(877) Humongous regions: 129->129
[2024-06-01T20:02:36.365-0300][gc,metaspace  ] GC(877) Metaspace: 45753K(48924K)->45753K(48924K) NonClass: 40014K(41680K)->40014K(41680K) Class: 5738K(7244K)->5738K(7244K)
[2024-06-01T20:02:36.365-0300][gc            ] GC(877) Pause Young (Normal) (G1 Evacuation Pause) 639M->593M(1024M) 20,145ms
[2024-06-01T20:02:36.365-0300][gc,cpu        ] GC(877) User=0,08s Sys=0,00s Real=0,02s
[2024-06-01T20:03:08.022-0300][gc,start      ] GC(878) Pause Young (Normal) (G1 Evacuation Pause)
[2024-06-01T20:03:08.022-0300][gc,task       ] GC(878) Using 4 workers of 4 for evacuation
[2024-06-01T20:03:08.030-0300][gc,phases     ] GC(878)   Pre Evacuate Collection Set: 0,0ms
[2024-06-01T20:03:08.030-0300][gc,phases     ] GC(878)   Evacuate Collection Set: 6,8ms
[2024-06-01T20:03:08.030-0300][gc,phases     ] GC(878)   Post Evacuate Collection Set: 0,4ms
[2024-06-01T20:03:08.030-0300][gc,phases     ] GC(878)   Other: 0,2ms
[2024-06-01T20:03:08.030-0300][gc,heap       ] GC(878) Eden regions: 49->0(51)
[2024-06-01T20:03:08.030-0300][gc,heap       ] GC(878) Survivor regions: 5->5(7)
[2024-06-01T20:03:08.030-0300][gc,heap       ] GC(878) Old regions: 462->463
[2024-06-01T20:03:08.030-0300][gc,heap       ] GC(878) Humongous regions: 129->129
[2024-06-01T20:03:08.030-0300][gc,metaspace  ] GC(878) Metaspace: 45753K(48924K)->45753K(48924K) NonClass: 40014K(41680K)->40014K(41680K) Class: 5738K(7244K)->5738K(7244K)
[2024-06-01T20:03:08.030-0300][gc            ] GC(878) Pause Young (Normal) (G1 Evacuation Pause) 642M->594M(1024M) 7,574ms
[2024-06-01T20:03:08.030-0300][gc,cpu        ] GC(878) User=0,02s Sys=0,00s Real=0,01s
[2024-06-01T20:03:40.440-0300][gc,start      ] GC(879) Pause Young (Normal) (G1 Evacuation Pause)
[2024-06-01T20:03:40.440-0300][gc,task       ] GC(879) Using 4 workers of 4 for evacuation
[2024-06-01T20:03:40.460-0300][gc,phases     ] GC(879)   Pre Evacuate Collection Set: 0,1ms
[2024-06-01T20:03:40.460-0300][gc,phases     ] GC(879)   Evacuate Collection Set: 18,3ms
[2024-06-01T20:03:40.460-0300][gc,phases     ] GC(879)   Post Evacuate Collection Set: 1,0ms
[2024-06-01T20:03:40.460-0300][gc,phases     ] GC(879)   Other: 0,4ms
[2024-06-01T20:03:40.460-0300][gc,heap       ] GC(879) Eden regions: 51->0(51)
[2024-06-01T20:03:40.460-0300][gc,heap       ] GC(879) Survivor regions: 5->5(7)
[2024-06-01T20:03:40.460-0300][gc,heap       ] GC(879) Old regions: 463->464
[2024-06-01T20:03:40.460-0300][gc,heap       ] GC(879) Humongous regions: 129->129
[2024-06-01T20:03:40.460-0300][gc,metaspace  ] GC(879) Metaspace: 45753K(48924K)->45753K(48924K) NonClass: 40014K(41680K)->40014K(41680K) Class: 5738K(7244K)->5738K(7244K)
[2024-06-01T20:03:40.460-0300][gc            ] GC(879) Pause Young (Normal) (G1 Evacuation Pause) 645M->595M(1024M) 20,036ms
[2024-06-01T20:03:40.460-0300][gc,cpu        ] GC(879) User=0,07s Sys=0,01s Real=0,02s
[2024-06-01T20:04:12.611-0300][gc,start      ] GC(880) Pause Young (Normal) (G1 Evacuation Pause)
[2024-06-01T20:04:12.611-0300][gc,task       ] GC(880) Using 4 workers of 4 for evacuation
[2024-06-01T20:04:12.631-0300][gc,phases     ] GC(880)   Pre Evacuate Collection Set: 0,1ms
[2024-06-01T20:04:12.631-0300][gc,phases     ] GC(880)   Evacuate Collection Set: 18,6ms
[2024-06-01T20:04:12.631-0300][gc,phases     ] GC(880)   Post Evacuate Collection Set: 1,0ms
[2024-06-01T20:04:12.631-0300][gc,phases     ] GC(880)   Other: 0,5ms
[2024-06-01T20:04:12.631-0300][gc,heap       ] GC(880) Eden regions: 51->0(51)
[2024-06-01T20:04:12.631-0300][gc,heap       ] GC(880) Survivor regions: 5->5(7)
[2024-06-01T20:04:12.631-0300][gc,heap       ] GC(880) Old regions: 464->465
[2024-06-01T20:04:12.631-0300][gc,heap       ] GC(880) Humongous regions: 129->129
[2024-06-01T20:04:12.631-0300][gc,metaspace  ] GC(880) Metaspace: 45753K(48924K)->45753K(48924K) NonClass: 40014K(41680K)->40014K(41680K) Class: 5738K(7244K)->5738K(7244K)
[2024-06-01T20:04:12.631-0300][gc            ] GC(880) Pause Young (Normal) (G1 Evacuation Pause) 646M->596M(1024M) 20,438ms
[2024-06-01T20:04:12.631-0300][gc,cpu        ] GC(880) User=0,07s Sys=0,00s Real=0,02s
[2024-06-01T20:04:41.979-0300][gc,start      ] GC(881) Pause Young (Normal) (G1 Evacuation Pause)
[2024-06-01T20:04:41.979-0300][gc,task       ] GC(881) Using 4 workers of 4 for evacuation
[2024-06-01T20:04:41.998-0300][gc,phases     ] GC(881)   Pre Evacuate Collection Set: 0,1ms
[2024-06-01T20:04:41.998-0300][gc,phases     ] GC(881)   Evacuate Collection Set: 17,5ms
[2024-06-01T20:04:41.998-0300][gc,phases     ] GC(881)   Post Evacuate Collection Set: 1,1ms
[2024-06-01T20:04:41.998-0300][gc,phases     ] GC(881)   Other: 0,5ms
[2024-06-01T20:04:41.998-0300][gc,heap       ] GC(881) Eden regions: 46->0(50)
[2024-06-01T20:04:41.998-0300][gc,heap       ] GC(881) Survivor regions: 5->4(7)
[2024-06-01T20:04:41.998-0300][gc,heap       ] GC(881) Old regions: 465->466
[2024-06-01T20:04:41.998-0300][gc,heap       ] GC(881) Humongous regions: 129->129
[2024-06-01T20:04:41.998-0300][gc,metaspace  ] GC(881) Metaspace: 45753K(48924K)->45753K(48924K) NonClass: 40014K(41680K)->40014K(41680K) Class: 5738K(7244K)->5738K(7244K)
[2024-06-01T20:04:41.998-0300][gc            ] GC(881) Pause Young (Normal) (G1 Evacuation Pause) 642M->597M(1024M) 19,332ms
[2024-06-01T20:04:41.998-0300][gc,cpu        ] GC(881) User=0,07s Sys=0,00s Real=0,02s
[2024-06-01T20:05:14.451-0300][gc,start      ] GC(882) Pause Young (Normal) (G1 Evacuation Pause)
[2024-06-01T20:05:14.451-0300][gc,task       ] GC(882) Using 4 workers of 4 for evacuation
[2024-06-01T20:05:14.469-0300][gc,phases     ] GC(882)   Pre Evacuate Collection Set: 0,1ms
[2024-06-01T20:05:14.470-0300][gc,phases     ] GC(882)   Evacuate Collection Set: 17,1ms
[2024-06-01T20:05:14.470-0300][gc,phases     ] GC(882)   Post Evacuate Collection Set: 1,1ms
[2024-06-01T20:05:14.470-0300][gc,phases     ] GC(882)   Other: 0,4ms
[2024-06-01T20:05:14.470-0300][gc,heap       ] GC(882) Eden regions: 50->0(50)
[2024-06-01T20:05:14.470-0300][gc,heap       ] GC(882) Survivor regions: 4->5(7)
[2024-06-01T20:05:14.470-0300][gc,heap       ] GC(882) Old regions: 466->466
[2024-06-01T20:05:14.470-0300][gc,heap       ] GC(882) Humongous regions: 129->129
[2024-06-01T20:05:14.470-0300][gc,metaspace  ] GC(882) Metaspace: 45753K(48924K)->45753K(48924K) NonClass: 40014K(41680K)->40014K(41680K) Class: 5738K(7244K)->5738K(7244K)
[2024-06-01T20:05:14.470-0300][gc            ] GC(882) Pause Young (Normal) (G1 Evacuation Pause) 647M->598M(1024M) 18,966ms
[2024-06-01T20:05:14.470-0300][gc,cpu        ] GC(882) User=0,07s Sys=0,00s Real=0,02s
[2024-06-01T20:05:44.121-0300][gc,start      ] GC(883) Pause Young (Normal) (G1 Evacuation Pause)
[2024-06-01T20:05:44.121-0300][gc,task       ] GC(883) Using 4 workers of 4 for evacuation
[2024-06-01T20:05:44.143-0300][gc,mmu        ] GC(883) MMU target violated: 21,0ms (20,0ms/21,0ms)
[2024-06-01T20:05:44.143-0300][gc,phases     ] GC(883)   Pre Evacuate Collection Set: 0,1ms
[2024-06-01T20:05:44.143-0300][gc,phases     ] GC(883)   Evacuate Collection Set: 21,1ms
[2024-06-01T20:05:44.143-0300][gc,phases     ] GC(883)   Post Evacuate Collection Set: 0,9ms
[2024-06-01T20:05:44.144-0300][gc,phases     ] GC(883)   Other: 0,6ms
[2024-06-01T20:05:44.144-0300][gc,heap       ] GC(883) Eden regions: 46->0(47)
[2024-06-01T20:05:44.144-0300][gc,heap       ] GC(883) Survivor regions: 5->4(7)
[2024-06-01T20:05:44.144-0300][gc,heap       ] GC(883) Old regions: 466->468
[2024-06-01T20:05:44.144-0300][gc,heap       ] GC(883) Humongous regions: 129->129
[2024-06-01T20:05:44.144-0300][gc,metaspace  ] GC(883) Metaspace: 45753K(48924K)->45753K(48924K) NonClass: 40014K(41680K)->40014K(41680K) Class: 5738K(7244K)->5738K(7244K)
[2024-06-01T20:05:44.144-0300][gc            ] GC(883) Pause Young (Normal) (G1 Evacuation Pause) 644M->599M(1024M) 22,831ms
[2024-06-01T20:05:44.144-0300][gc,cpu        ] GC(883) User=0,07s Sys=0,01s Real=0,02s
[2024-06-01T20:06:14.079-0300][gc,start      ] GC(884) Pause Young (Normal) (G1 Evacuation Pause)
[2024-06-01T20:06:14.079-0300][gc,task       ] GC(884) Using 4 workers of 4 for evacuation
[2024-06-01T20:06:14.099-0300][gc,mmu        ] GC(884) MMU target violated: 20,3ms (20,0ms/21,0ms)
[2024-06-01T20:06:14.100-0300][gc,phases     ] GC(884)   Pre Evacuate Collection Set: 0,1ms
[2024-06-01T20:06:14.100-0300][gc,phases     ] GC(884)   Evacuate Collection Set: 19,1ms
[2024-06-01T20:06:14.100-0300][gc,phases     ] GC(884)   Post Evacuate Collection Set: 0,9ms
[2024-06-01T20:06:14.100-0300][gc,phases     ] GC(884)   Other: 0,6ms
[2024-06-01T20:06:14.100-0300][gc,heap       ] GC(884) Eden regions: 47->0(47)
[2024-06-01T20:06:14.100-0300][gc,heap       ] GC(884) Survivor regions: 4->4(7)
[2024-06-01T20:06:14.100-0300][gc,heap       ] GC(884) Old regions: 468->469
[2024-06-01T20:06:14.100-0300][gc,heap       ] GC(884) Humongous regions: 129->129
[2024-06-01T20:06:14.100-0300][gc,metaspace  ] GC(884) Metaspace: 45753K(48924K)->45753K(48924K) NonClass: 40014K(41680K)->40014K(41680K) Class: 5738K(7244K)->5738K(7244K)
[2024-06-01T20:06:14.100-0300][gc            ] GC(884) Pause Young (Normal) (G1 Evacuation Pause) 646M->600M(1024M) 20,901ms
[2024-06-01T20:06:14.100-0300][gc,cpu        ] GC(884) User=0,08s Sys=0,00s Real=0,02s
[2024-06-01T20:06:44.036-0300][gc,start      ] GC(885) Pause Young (Normal) (G1 Evacuation Pause)
[2024-06-01T20:06:44.036-0300][gc,task       ] GC(885) Using 4 workers of 4 for evacuation
[2024-06-01T20:06:44.056-0300][gc,mmu        ] GC(885) MMU target violated: 20,0ms (20,0ms/21,0ms)
[2024-06-01T20:06:44.056-0300][gc,phases     ] GC(885)   Pre Evacuate Collection Set: 0,1ms
[2024-06-01T20:06:44.056-0300][gc,phases     ] GC(885)   Evacuate Collection Set: 18,8ms
[2024-06-01T20:06:44.056-0300][gc,phases     ] GC(885)   Post Evacuate Collection Set: 1,0ms
[2024-06-01T20:06:44.056-0300][gc,phases     ] GC(885)   Other: 0,5ms
[2024-06-01T20:06:44.056-0300][gc,heap       ] GC(885) Eden regions: 47->0(48)
[2024-06-01T20:06:44.056-0300][gc,heap       ] GC(885) Survivor regions: 4->5(7)
[2024-06-01T20:06:44.056-0300][gc,heap       ] GC(885) Old regions: 469->470
[2024-06-01T20:06:44.056-0300][gc,heap       ] GC(885) Humongous regions: 129->129
[2024-06-01T20:06:44.056-0300][gc,metaspace  ] GC(885) Metaspace: 45753K(48924K)->45753K(48924K) NonClass: 40014K(41680K)->40014K(41680K) Class: 5738K(7244K)->5738K(7244K)
[2024-06-01T20:06:44.056-0300][gc            ] GC(885) Pause Young (Normal) (G1 Evacuation Pause) 647M->601M(1024M) 20,585ms
[2024-06-01T20:06:44.056-0300][gc,cpu        ] GC(885) User=0,07s Sys=0,00s Real=0,02s
[2024-06-01T20:07:13.272-0300][gc,start      ] GC(886) Pause Young (Normal) (G1 Evacuation Pause)
[2024-06-01T20:07:13.272-0300][gc,task       ] GC(886) Using 4 workers of 4 for evacuation
[2024-06-01T20:07:13.305-0300][gc,mmu        ] GC(886) MMU target violated: 21,0ms (20,0ms/21,0ms)
[2024-06-01T20:07:13.305-0300][gc,phases     ] GC(886)   Pre Evacuate Collection Set: 0,1ms
[2024-06-01T20:07:13.305-0300][gc,phases     ] GC(886)   Evacuate Collection Set: 31,6ms
[2024-06-01T20:07:13.305-0300][gc,phases     ] GC(886)   Post Evacuate Collection Set: 0,7ms
[2024-06-01T20:07:13.305-0300][gc,phases     ] GC(886)   Other: 0,5ms
[2024-06-01T20:07:13.305-0300][gc,heap       ] GC(886) Eden regions: 46->0(46)
[2024-06-01T20:07:13.305-0300][gc,heap       ] GC(886) Survivor regions: 5->5(7)
[2024-06-01T20:07:13.305-0300][gc,heap       ] GC(886) Old regions: 470->471
[2024-06-01T20:07:13.305-0300][gc,heap       ] GC(886) Humongous regions: 129->129
[2024-06-01T20:07:13.305-0300][gc,metaspace  ] GC(886) Metaspace: 45753K(48924K)->45753K(48924K) NonClass: 40014K(41680K)->40014K(41680K) Class: 5738K(7244K)->5738K(7244K)
[2024-06-01T20:07:13.305-0300][gc            ] GC(886) Pause Young (Normal) (G1 Evacuation Pause) 647M->602M(1024M) 32,889ms
[2024-06-01T20:07:13.305-0300][gc,cpu        ] GC(886) User=0,09s Sys=0,00s Real=0,03s
[2024-06-01T20:07:42.715-0300][gc,start      ] GC(887) Pause Young (Normal) (G1 Evacuation Pause)
[2024-06-01T20:07:42.715-0300][gc,task       ] GC(887) Using 4 workers of 4 for evacuation
[2024-06-01T20:07:42.734-0300][gc,phases     ] GC(887)   Pre Evacuate Collection Set: 0,1ms
[2024-06-01T20:07:42.734-0300][gc,phases     ] GC(887)   Evacuate Collection Set: 17,9ms
[2024-06-01T20:07:42.734-0300][gc,phases     ] GC(887)   Post Evacuate Collection Set: 1,0ms
[2024-06-01T20:07:42.734-0300][gc,phases     ] GC(887)   Other: 0,5ms
[2024-06-01T20:07:42.734-0300][gc,heap       ] GC(887) Eden regions: 46->0(47)
[2024-06-01T20:07:42.734-0300][gc,heap       ] GC(887) Survivor regions: 5->4(7)
[2024-06-01T20:07:42.734-0300][gc,heap       ] GC(887) Old regions: 471->472
[2024-06-01T20:07:42.734-0300][gc,heap       ] GC(887) Humongous regions: 129->129
[2024-06-01T20:07:42.734-0300][gc,metaspace  ] GC(887) Metaspace: 45753K(48924K)->45753K(48924K) NonClass: 40014K(41680K)->40014K(41680K) Class: 5738K(7244K)->5738K(7244K)
[2024-06-01T20:07:42.734-0300][gc            ] GC(887) Pause Young (Normal) (G1 Evacuation Pause) 648M->603M(1024M) 19,726ms
[2024-06-01T20:07:42.734-0300][gc,cpu        ] GC(887) User=0,08s Sys=0,00s Real=0,02s
[2024-06-01T20:08:12.790-0300][gc,start      ] GC(888) Pause Young (Normal) (G1 Evacuation Pause)
[2024-06-01T20:08:12.790-0300][gc,task       ] GC(888) Using 4 workers of 4 for evacuation
[2024-06-01T20:08:12.810-0300][gc,phases     ] GC(888)   Pre Evacuate Collection Set: 0,1ms
[2024-06-01T20:08:12.810-0300][gc,phases     ] GC(888)   Evacuate Collection Set: 18,1ms
[2024-06-01T20:08:12.810-0300][gc,phases     ] GC(888)   Post Evacuate Collection Set: 1,0ms
[2024-06-01T20:08:12.810-0300][gc,phases     ] GC(888)   Other: 0,5ms
[2024-06-01T20:08:12.810-0300][gc,heap       ] GC(888) Eden regions: 47->0(47)
[2024-06-01T20:08:12.810-0300][gc,heap       ] GC(888) Survivor regions: 4->4(7)
[2024-06-01T20:08:12.810-0300][gc,heap       ] GC(888) Old regions: 472->473
[2024-06-01T20:08:12.810-0300][gc,heap       ] GC(888) Humongous regions: 129->129
[2024-06-01T20:08:12.810-0300][gc,metaspace  ] GC(888) Metaspace: 45753K(48924K)->45753K(48924K) NonClass: 40014K(41680K)->40014K(41680K) Class: 5738K(7244K)->5738K(7244K)
[2024-06-01T20:08:12.810-0300][gc            ] GC(888) Pause Young (Normal) (G1 Evacuation Pause) 650M->604M(1024M) 19,890ms
[2024-06-01T20:08:12.810-0300][gc,cpu        ] GC(888) User=0,07s Sys=0,01s Real=0,02s
[2024-06-01T20:08:42.088-0300][gc,start      ] GC(889) Pause Young (Normal) (G1 Evacuation Pause)
[2024-06-01T20:08:42.088-0300][gc,task       ] GC(889) Using 4 workers of 4 for evacuation
[2024-06-01T20:08:42.108-0300][gc,phases     ] GC(889)   Pre Evacuate Collection Set: 0,1ms
[2024-06-01T20:08:42.108-0300][gc,phases     ] GC(889)   Evacuate Collection Set: 18,2ms
[2024-06-01T20:08:42.108-0300][gc,phases     ] GC(889)   Post Evacuate Collection Set: 1,0ms
[2024-06-01T20:08:42.108-0300][gc,phases     ] GC(889)   Other: 0,4ms
[2024-06-01T20:08:42.108-0300][gc,heap       ] GC(889) Eden regions: 47->0(47)
[2024-06-01T20:08:42.108-0300][gc,heap       ] GC(889) Survivor regions: 4->4(7)
[2024-06-01T20:08:42.108-0300][gc,heap       ] GC(889) Old regions: 473->474
[2024-06-01T20:08:42.108-0300][gc,heap       ] GC(889) Humongous regions: 129->129
[2024-06-01T20:08:42.108-0300][gc,metaspace  ] GC(889) Metaspace: 45753K(48924K)->45753K(48924K) NonClass: 40014K(41680K)->40014K(41680K) Class: 5738K(7244K)->5738K(7244K)
[2024-06-01T20:08:42.108-0300][gc            ] GC(889) Pause Young (Normal) (G1 Evacuation Pause) 651M->605M(1024M) 20,002ms
[2024-06-01T20:08:42.108-0300][gc,cpu        ] GC(889) User=0,06s Sys=0,01s Real=0,02s
[2024-06-01T20:09:11.879-0300][gc,start      ] GC(890) Pause Young (Normal) (G1 Evacuation Pause)
[2024-06-01T20:09:11.879-0300][gc,task       ] GC(890) Using 4 workers of 4 for evacuation
[2024-06-01T20:09:11.897-0300][gc,phases     ] GC(890)   Pre Evacuate Collection Set: 0,1ms
[2024-06-01T20:09:11.897-0300][gc,phases     ] GC(890)   Evacuate Collection Set: 16,9ms
[2024-06-01T20:09:11.897-0300][gc,phases     ] GC(890)   Post Evacuate Collection Set: 0,9ms
[2024-06-01T20:09:11.897-0300][gc,phases     ] GC(890)   Other: 0,5ms
[2024-06-01T20:09:11.897-0300][gc,heap       ] GC(890) Eden regions: 47->0(47)
[2024-06-01T20:09:11.897-0300][gc,heap       ] GC(890) Survivor regions: 4->4(7)
[2024-06-01T20:09:11.897-0300][gc,heap       ] GC(890) Old regions: 474->475
[2024-06-01T20:09:11.897-0300][gc,heap       ] GC(890) Humongous regions: 129->129
[2024-06-01T20:09:11.897-0300][gc,metaspace  ] GC(890) Metaspace: 45753K(48924K)->45753K(48924K) NonClass: 40014K(41680K)->40014K(41680K) Class: 5738K(7244K)->5738K(7244K)
[2024-06-01T20:09:11.897-0300][gc            ] GC(890) Pause Young (Normal) (G1 Evacuation Pause) 652M->606M(1024M) 18,629ms
[2024-06-01T20:09:11.897-0300][gc,cpu        ] GC(890) User=0,07s Sys=0,00s Real=0,02s
[2024-06-01T20:09:42.301-0300][gc,start      ] GC(891) Pause Young (Normal) (G1 Evacuation Pause)
[2024-06-01T20:09:42.301-0300][gc,task       ] GC(891) Using 4 workers of 4 for evacuation
[2024-06-01T20:09:42.319-0300][gc,phases     ] GC(891)   Pre Evacuate Collection Set: 0,1ms
[2024-06-01T20:09:42.319-0300][gc,phases     ] GC(891)   Evacuate Collection Set: 16,5ms
[2024-06-01T20:09:42.319-0300][gc,phases     ] GC(891)   Post Evacuate Collection Set: 1,0ms
[2024-06-01T20:09:42.319-0300][gc,phases     ] GC(891)   Other: 0,4ms
[2024-06-01T20:09:42.319-0300][gc,heap       ] GC(891) Eden regions: 47->0(48)
[2024-06-01T20:09:42.319-0300][gc,heap       ] GC(891) Survivor regions: 4->5(7)
[2024-06-01T20:09:42.319-0300][gc,heap       ] GC(891) Old regions: 475->475
[2024-06-01T20:09:42.319-0300][gc,heap       ] GC(891) Humongous regions: 129->129
[2024-06-01T20:09:42.319-0300][gc,metaspace  ] GC(891) Metaspace: 45753K(48924K)->45753K(48924K) NonClass: 40014K(41680K)->40014K(41680K) Class: 5738K(7244K)->5738K(7244K)
[2024-06-01T20:09:42.319-0300][gc            ] GC(891) Pause Young (Normal) (G1 Evacuation Pause) 653M->607M(1024M) 18,289ms
[2024-06-01T20:09:42.319-0300][gc,cpu        ] GC(891) User=0,07s Sys=0,00s Real=0,02s
[2024-06-01T20:10:11.810-0300][gc,start      ] GC(892) Pause Young (Normal) (G1 Evacuation Pause)
[2024-06-01T20:10:11.810-0300][gc,task       ] GC(892) Using 4 workers of 4 for evacuation
[2024-06-01T20:10:11.831-0300][gc,mmu        ] GC(892) MMU target violated: 20,7ms (20,0ms/21,0ms)
[2024-06-01T20:10:11.831-0300][gc,phases     ] GC(892)   Pre Evacuate Collection Set: 0,1ms
[2024-06-01T20:10:11.831-0300][gc,phases     ] GC(892)   Evacuate Collection Set: 19,4ms
[2024-06-01T20:10:11.831-0300][gc,phases     ] GC(892)   Post Evacuate Collection Set: 1,0ms
[2024-06-01T20:10:11.831-0300][gc,phases     ] GC(892)   Other: 0,5ms
[2024-06-01T20:10:11.831-0300][gc,heap       ] GC(892) Eden regions: 46->0(47)
[2024-06-01T20:10:11.831-0300][gc,heap       ] GC(892) Survivor regions: 5->5(7)
[2024-06-01T20:10:11.831-0300][gc,heap       ] GC(892) Old regions: 475->476
[2024-06-01T20:10:11.831-0300][gc,heap       ] GC(892) Humongous regions: 129->129
[2024-06-01T20:10:11.831-0300][gc,metaspace  ] GC(892) Metaspace: 45753K(48924K)->45753K(48924K) NonClass: 40014K(41680K)->40014K(41680K) Class: 5738K(7244K)->5738K(7244K)
[2024-06-01T20:10:11.831-0300][gc            ] GC(892) Pause Young (Normal) (G1 Evacuation Pause) 653M->607M(1024M) 21,224ms
[2024-06-01T20:10:11.831-0300][gc,cpu        ] GC(892) User=0,07s Sys=0,00s Real=0,02s
[2024-06-01T20:10:41.979-0300][gc,start      ] GC(893) Pause Young (Normal) (G1 Evacuation Pause)
[2024-06-01T20:10:41.979-0300][gc,task       ] GC(893) Using 4 workers of 4 for evacuation
[2024-06-01T20:10:42.000-0300][gc,mmu        ] GC(893) MMU target violated: 21,0ms (20,0ms/21,0ms)
[2024-06-01T20:10:42.000-0300][gc,phases     ] GC(893)   Pre Evacuate Collection Set: 0,1ms
[2024-06-01T20:10:42.000-0300][gc,phases     ] GC(893)   Evacuate Collection Set: 20,2ms
[2024-06-01T20:10:42.000-0300][gc,phases     ] GC(893)   Post Evacuate Collection Set: 1,1ms
[2024-06-01T20:10:42.001-0300][gc,phases     ] GC(893)   Other: 0,5ms
[2024-06-01T20:10:42.001-0300][gc,heap       ] GC(893) Eden regions: 47->0(48)
[2024-06-01T20:10:42.001-0300][gc,heap       ] GC(893) Survivor regions: 5->5(7)
[2024-06-01T20:10:42.001-0300][gc,heap       ] GC(893) Old regions: 476->478
[2024-06-01T20:10:42.001-0300][gc,heap       ] GC(893) Humongous regions: 129->129
[2024-06-01T20:10:42.001-0300][gc,metaspace  ] GC(893) Metaspace: 45753K(48924K)->45753K(48924K) NonClass: 40014K(41680K)->40014K(41680K) Class: 5738K(7244K)->5738K(7244K)
[2024-06-01T20:10:42.001-0300][gc            ] GC(893) Pause Young (Normal) (G1 Evacuation Pause) 654M->609M(1024M) 21,997ms
[2024-06-01T20:10:42.001-0300][gc,cpu        ] GC(893) User=0,07s Sys=0,01s Real=0,02s
[2024-06-01T20:11:12.592-0300][gc,start      ] GC(894) Pause Young (Normal) (G1 Evacuation Pause)
[2024-06-01T20:11:12.593-0300][gc,task       ] GC(894) Using 4 workers of 4 for evacuation
[2024-06-01T20:11:12.612-0300][gc,phases     ] GC(894)   Pre Evacuate Collection Set: 0,1ms
[2024-06-01T20:11:12.612-0300][gc,phases     ] GC(894)   Evacuate Collection Set: 18,3ms
[2024-06-01T20:11:12.612-0300][gc,phases     ] GC(894)   Post Evacuate Collection Set: 1,0ms
[2024-06-01T20:11:12.612-0300][gc,phases     ] GC(894)   Other: 0,5ms
[2024-06-01T20:11:12.612-0300][gc,heap       ] GC(894) Eden regions: 48->0(47)
[2024-06-01T20:11:12.612-0300][gc,heap       ] GC(894) Survivor regions: 5->4(7)
[2024-06-01T20:11:12.612-0300][gc,heap       ] GC(894) Old regions: 478->479
[2024-06-01T20:11:12.612-0300][gc,heap       ] GC(894) Humongous regions: 129->129
[2024-06-01T20:11:12.613-0300][gc,metaspace  ] GC(894) Metaspace: 45753K(48924K)->45753K(48924K) NonClass: 40014K(41680K)->40014K(41680K) Class: 5738K(7244K)->5738K(7244K)
[2024-06-01T20:11:12.613-0300][gc            ] GC(894) Pause Young (Normal) (G1 Evacuation Pause) 657M->609M(1024M) 20,074ms
[2024-06-01T20:11:12.613-0300][gc,cpu        ] GC(894) User=0,07s Sys=0,01s Real=0,02s
[2024-06-01T20:11:42.755-0300][gc,start      ] GC(895) Pause Young (Normal) (G1 Evacuation Pause)
[2024-06-01T20:11:42.755-0300][gc,task       ] GC(895) Using 4 workers of 4 for evacuation
[2024-06-01T20:11:42.776-0300][gc,mmu        ] GC(895) MMU target violated: 20,2ms (20,0ms/21,0ms)
[2024-06-01T20:11:42.776-0300][gc,phases     ] GC(895)   Pre Evacuate Collection Set: 0,1ms
[2024-06-01T20:11:42.776-0300][gc,phases     ] GC(895)   Evacuate Collection Set: 19,0ms
[2024-06-01T20:11:42.776-0300][gc,phases     ] GC(895)   Post Evacuate Collection Set: 1,0ms
[2024-06-01T20:11:42.776-0300][gc,phases     ] GC(895)   Other: 0,5ms
[2024-06-01T20:11:42.776-0300][gc,heap       ] GC(895) Eden regions: 47->0(48)
[2024-06-01T20:11:42.776-0300][gc,heap       ] GC(895) Survivor regions: 4->5(7)
[2024-06-01T20:11:42.776-0300][gc,heap       ] GC(895) Old regions: 479->480
[2024-06-01T20:11:42.776-0300][gc,heap       ] GC(895) Humongous regions: 129->129
[2024-06-01T20:11:42.776-0300][gc,metaspace  ] GC(895) Metaspace: 45753K(48924K)->45753K(48924K) NonClass: 40014K(41680K)->40014K(41680K) Class: 5738K(7244K)->5738K(7244K)
[2024-06-01T20:11:42.776-0300][gc            ] GC(895) Pause Young (Normal) (G1 Evacuation Pause) 656M->611M(1024M) 20,728ms
[2024-06-01T20:11:42.776-0300][gc,cpu        ] GC(895) User=0,08s Sys=0,00s Real=0,03s
[2024-06-01T20:12:12.028-0300][gc,start      ] GC(896) Pause Young (Normal) (G1 Evacuation Pause)
[2024-06-01T20:12:12.028-0300][gc,task       ] GC(896) Using 4 workers of 4 for evacuation
[2024-06-01T20:12:12.047-0300][gc,phases     ] GC(896)   Pre Evacuate Collection Set: 0,1ms
[2024-06-01T20:12:12.047-0300][gc,phases     ] GC(896)   Evacuate Collection Set: 18,2ms
[2024-06-01T20:12:12.047-0300][gc,phases     ] GC(896)   Post Evacuate Collection Set: 0,9ms
[2024-06-01T20:12:12.047-0300][gc,phases     ] GC(896)   Other: 0,5ms
[2024-06-01T20:12:12.048-0300][gc,heap       ] GC(896) Eden regions: 46->0(47)
[2024-06-01T20:12:12.048-0300][gc,heap       ] GC(896) Survivor regions: 5->4(7)
[2024-06-01T20:12:12.048-0300][gc,heap       ] GC(896) Old regions: 480->481
[2024-06-01T20:12:12.048-0300][gc,heap       ] GC(896) Humongous regions: 129->129
[2024-06-01T20:12:12.048-0300][gc,metaspace  ] GC(896) Metaspace: 45753K(48924K)->45753K(48924K) NonClass: 40014K(41680K)->40014K(41680K) Class: 5738K(7244K)->5738K(7244K)
[2024-06-01T20:12:12.048-0300][gc            ] GC(896) Pause Young (Normal) (G1 Evacuation Pause) 657M->612M(1024M) 19,846ms
[2024-06-01T20:12:12.048-0300][gc,cpu        ] GC(896) User=0,07s Sys=0,00s Real=0,02s
[2024-06-01T20:12:42.264-0300][gc,start      ] GC(897) Pause Young (Normal) (G1 Evacuation Pause)
[2024-06-01T20:12:42.264-0300][gc,task       ] GC(897) Using 4 workers of 4 for evacuation
[2024-06-01T20:12:42.285-0300][gc,mmu        ] GC(897) MMU target violated: 20,3ms (20,0ms/21,0ms)
[2024-06-01T20:12:42.285-0300][gc,phases     ] GC(897)   Pre Evacuate Collection Set: 0,1ms
[2024-06-01T20:12:42.285-0300][gc,phases     ] GC(897)   Evacuate Collection Set: 19,0ms
[2024-06-01T20:12:42.285-0300][gc,phases     ] GC(897)   Post Evacuate Collection Set: 1,1ms
[2024-06-01T20:12:42.285-0300][gc,phases     ] GC(897)   Other: 0,5ms
[2024-06-01T20:12:42.285-0300][gc,heap       ] GC(897) Eden regions: 47->0(48)
[2024-06-01T20:12:42.285-0300][gc,heap       ] GC(897) Survivor regions: 4->5(7)
[2024-06-01T20:12:42.285-0300][gc,heap       ] GC(897) Old regions: 481->482
[2024-06-01T20:12:42.285-0300][gc,heap       ] GC(897) Humongous regions: 129->129
[2024-06-01T20:12:42.285-0300][gc,metaspace  ] GC(897) Metaspace: 45753K(48924K)->45753K(48924K) NonClass: 40014K(41680K)->40014K(41680K) Class: 5738K(7244K)->5738K(7244K)
[2024-06-01T20:12:42.285-0300][gc            ] GC(897) Pause Young (Normal) (G1 Evacuation Pause) 659M->613M(1024M) 20,880ms
[2024-06-01T20:12:42.285-0300][gc,cpu        ] GC(897) User=0,07s Sys=0,00s Real=0,02s
[2024-06-01T20:13:12.657-0300][gc,start      ] GC(898) Pause Young (Normal) (G1 Evacuation Pause)
[2024-06-01T20:13:12.657-0300][gc,task       ] GC(898) Using 4 workers of 4 for evacuation
[2024-06-01T20:13:12.676-0300][gc,phases     ] GC(898)   Pre Evacuate Collection Set: 0,1ms
[2024-06-01T20:13:12.676-0300][gc,phases     ] GC(898)   Evacuate Collection Set: 17,2ms
[2024-06-01T20:13:12.676-0300][gc,phases     ] GC(898)   Post Evacuate Collection Set: 1,1ms
[2024-06-01T20:13:12.676-0300][gc,phases     ] GC(898)   Other: 0,4ms
[2024-06-01T20:13:12.676-0300][gc,heap       ] GC(898) Eden regions: 48->0(48)
[2024-06-01T20:13:12.676-0300][gc,heap       ] GC(898) Survivor regions: 5->4(7)
[2024-06-01T20:13:12.676-0300][gc,heap       ] GC(898) Old regions: 482->483
[2024-06-01T20:13:12.676-0300][gc,heap       ] GC(898) Humongous regions: 129->129
[2024-06-01T20:13:12.676-0300][gc,metaspace  ] GC(898) Metaspace: 45753K(48924K)->45753K(48924K) NonClass: 40014K(41680K)->40014K(41680K) Class: 5738K(7244K)->5738K(7244K)
[2024-06-01T20:13:12.676-0300][gc            ] GC(898) Pause Young (Normal) (G1 Evacuation Pause) 661M->613M(1024M) 19,030ms
[2024-06-01T20:13:12.676-0300][gc,cpu        ] GC(898) User=0,08s Sys=0,00s Real=0,02s
[2024-06-01T20:13:43.264-0300][gc,start      ] GC(899) Pause Young (Normal) (G1 Evacuation Pause)
[2024-06-01T20:13:43.264-0300][gc,task       ] GC(899) Using 4 workers of 4 for evacuation
[2024-06-01T20:13:43.283-0300][gc,phases     ] GC(899)   Pre Evacuate Collection Set: 0,1ms
[2024-06-01T20:13:43.283-0300][gc,phases     ] GC(899)   Evacuate Collection Set: 17,7ms
[2024-06-01T20:13:43.283-0300][gc,phases     ] GC(899)   Post Evacuate Collection Set: 1,1ms
[2024-06-01T20:13:43.283-0300][gc,phases     ] GC(899)   Other: 0,4ms
[2024-06-01T20:13:43.283-0300][gc,heap       ] GC(899) Eden regions: 48->0(48)
[2024-06-01T20:13:43.283-0300][gc,heap       ] GC(899) Survivor regions: 4->5(7)
[2024-06-01T20:13:43.283-0300][gc,heap       ] GC(899) Old regions: 483->483
[2024-06-01T20:13:43.283-0300][gc,heap       ] GC(899) Humongous regions: 129->129
[2024-06-01T20:13:43.283-0300][gc,metaspace  ] GC(899) Metaspace: 45753K(48924K)->45753K(48924K) NonClass: 40014K(41680K)->40014K(41680K) Class: 5738K(7244K)->5738K(7244K)
[2024-06-01T20:13:43.283-0300][gc            ] GC(899) Pause Young (Normal) (G1 Evacuation Pause) 661M->614M(1024M) 19,514ms
[2024-06-01T20:13:43.284-0300][gc,cpu        ] GC(899) User=0,06s Sys=0,01s Real=0,02s
[2024-06-01T20:14:12.525-0300][gc,start      ] GC(900) Pause Young (Normal) (G1 Evacuation Pause)
[2024-06-01T20:14:12.525-0300][gc,task       ] GC(900) Using 4 workers of 4 for evacuation
[2024-06-01T20:14:12.546-0300][gc,mmu        ] GC(900) MMU target violated: 21,0ms (20,0ms/21,0ms)
[2024-06-01T20:14:12.546-0300][gc,phases     ] GC(900)   Pre Evacuate Collection Set: 0,1ms
[2024-06-01T20:14:12.546-0300][gc,phases     ] GC(900)   Evacuate Collection Set: 19,9ms
[2024-06-01T20:14:12.546-0300][gc,phases     ] GC(900)   Post Evacuate Collection Set: 0,9ms
[2024-06-01T20:14:12.546-0300][gc,phases     ] GC(900)   Other: 0,5ms
[2024-06-01T20:14:12.546-0300][gc,heap       ] GC(900) Eden regions: 46->0(47)
[2024-06-01T20:14:12.546-0300][gc,heap       ] GC(900) Survivor regions: 5->5(7)
[2024-06-01T20:14:12.546-0300][gc,heap       ] GC(900) Old regions: 483->484
[2024-06-01T20:14:12.546-0300][gc,heap       ] GC(900) Humongous regions: 129->129
[2024-06-01T20:14:12.546-0300][gc,metaspace  ] GC(900) Metaspace: 45753K(48924K)->45753K(48924K) NonClass: 40014K(41680K)->40014K(41680K) Class: 5738K(7244K)->5738K(7244K)
[2024-06-01T20:14:12.546-0300][gc            ] GC(900) Pause Young (Normal) (G1 Evacuation Pause) 660M->615M(1024M) 21,628ms
[2024-06-01T20:14:12.547-0300][gc,cpu        ] GC(900) User=0,08s Sys=0,00s Real=0,02s
[2024-06-01T20:14:42.591-0300][gc,start      ] GC(901) Pause Young (Normal) (G1 Evacuation Pause)
[2024-06-01T20:14:42.591-0300][gc,task       ] GC(901) Using 4 workers of 4 for evacuation
[2024-06-01T20:14:42.613-0300][gc,mmu        ] GC(901) MMU target violated: 21,0ms (20,0ms/21,0ms)
[2024-06-01T20:14:42.613-0300][gc,phases     ] GC(901)   Pre Evacuate Collection Set: 0,1ms
[2024-06-01T20:14:42.613-0300][gc,phases     ] GC(901)   Evacuate Collection Set: 20,5ms
[2024-06-01T20:14:42.613-0300][gc,phases     ] GC(901)   Post Evacuate Collection Set: 1,0ms
[2024-06-01T20:14:42.613-0300][gc,phases     ] GC(901)   Other: 0,5ms
[2024-06-01T20:14:42.613-0300][gc,heap       ] GC(901) Eden regions: 47->0(47)
[2024-06-01T20:14:42.613-0300][gc,heap       ] GC(901) Survivor regions: 5->4(7)
[2024-06-01T20:14:42.613-0300][gc,heap       ] GC(901) Old regions: 484->485
[2024-06-01T20:14:42.613-0300][gc,heap       ] GC(901) Humongous regions: 129->129
[2024-06-01T20:14:42.613-0300][gc,metaspace  ] GC(901) Metaspace: 45753K(48924K)->45753K(48924K) NonClass: 40014K(41680K)->40014K(41680K) Class: 5738K(7244K)->5738K(7244K)
[2024-06-01T20:14:42.613-0300][gc            ] GC(901) Pause Young (Normal) (G1 Evacuation Pause) 662M->616M(1024M) 22,233ms
[2024-06-01T20:14:42.613-0300][gc,cpu        ] GC(901) User=0,08s Sys=0,00s Real=0,02s
[2024-06-01T20:15:12.836-0300][gc,start      ] GC(902) Pause Young (Normal) (G1 Evacuation Pause)
[2024-06-01T20:15:12.836-0300][gc,task       ] GC(902) Using 4 workers of 4 for evacuation
[2024-06-01T20:15:12.856-0300][gc,phases     ] GC(902)   Pre Evacuate Collection Set: 0,1ms
[2024-06-01T20:15:12.857-0300][gc,phases     ] GC(902)   Evacuate Collection Set: 18,7ms
[2024-06-01T20:15:12.857-0300][gc,phases     ] GC(902)   Post Evacuate Collection Set: 1,0ms
[2024-06-01T20:15:12.857-0300][gc,phases     ] GC(902)   Other: 0,4ms
[2024-06-01T20:15:12.857-0300][gc,heap       ] GC(902) Eden regions: 47->0(47)
[2024-06-01T20:15:12.857-0300][gc,heap       ] GC(902) Survivor regions: 4->4(7)
[2024-06-01T20:15:12.857-0300][gc,heap       ] GC(902) Old regions: 485->486
[2024-06-01T20:15:12.857-0300][gc,heap       ] GC(902) Humongous regions: 129->129
[2024-06-01T20:15:12.857-0300][gc,metaspace  ] GC(902) Metaspace: 45753K(48924K)->45753K(48924K) NonClass: 40014K(41680K)->40014K(41680K) Class: 5738K(7244K)->5738K(7244K)
[2024-06-01T20:15:12.857-0300][gc            ] GC(902) Pause Young (Normal) (G1 Evacuation Pause) 663M->617M(1024M) 20,415ms
[2024-06-01T20:15:12.857-0300][gc,cpu        ] GC(902) User=0,07s Sys=0,01s Real=0,02s
[2024-06-01T20:15:40.785-0300][gc,start      ] GC(903) Pause Young (Normal) (G1 Evacuation Pause)
[2024-06-01T20:15:40.785-0300][gc,task       ] GC(903) Using 4 workers of 4 for evacuation
[2024-06-01T20:15:40.812-0300][gc,mmu        ] GC(903) MMU target violated: 21,0ms (20,0ms/21,0ms)
[2024-06-01T20:15:40.812-0300][gc,phases     ] GC(903)   Pre Evacuate Collection Set: 0,1ms
[2024-06-01T20:15:40.812-0300][gc,phases     ] GC(903)   Evacuate Collection Set: 25,0ms
[2024-06-01T20:15:40.812-0300][gc,phases     ] GC(903)   Post Evacuate Collection Set: 1,2ms
[2024-06-01T20:15:40.812-0300][gc,phases     ] GC(903)   Other: 0,5ms
[2024-06-01T20:15:40.812-0300][gc,heap       ] GC(903) Eden regions: 47->0(44)
[2024-06-01T20:15:40.812-0300][gc,heap       ] GC(903) Survivor regions: 4->7(7)
[2024-06-01T20:15:40.812-0300][gc,heap       ] GC(903) Old regions: 486->487
[2024-06-01T20:15:40.812-0300][gc,heap       ] GC(903) Humongous regions: 129->129
[2024-06-01T20:15:40.812-0300][gc,metaspace  ] GC(903) Metaspace: 45753K(48924K)->45753K(48924K) NonClass: 40014K(41680K)->40014K(41680K) Class: 5738K(7244K)->5738K(7244K)
[2024-06-01T20:15:40.812-0300][gc            ] GC(903) Pause Young (Normal) (G1 Evacuation Pause) 664M->621M(1024M) 26,935ms
[2024-06-01T20:15:40.812-0300][gc,cpu        ] GC(903) User=0,10s Sys=0,00s Real=0,03s
[2024-06-01T20:16:08.852-0300][gc,start      ] GC(904) Pause Young (Normal) (G1 Evacuation Pause)
[2024-06-01T20:16:08.852-0300][gc,task       ] GC(904) Using 4 workers of 4 for evacuation
[2024-06-01T20:16:08.879-0300][gc,mmu        ] GC(904) MMU target violated: 21,0ms (20,0ms/21,0ms)
[2024-06-01T20:16:08.880-0300][gc,phases     ] GC(904)   Pre Evacuate Collection Set: 0,1ms
[2024-06-01T20:16:08.880-0300][gc,phases     ] GC(904)   Evacuate Collection Set: 25,9ms
[2024-06-01T20:16:08.880-0300][gc,phases     ] GC(904)   Post Evacuate Collection Set: 1,1ms
[2024-06-01T20:16:08.880-0300][gc,phases     ] GC(904)   Other: 0,5ms
[2024-06-01T20:16:08.880-0300][gc,heap       ] GC(904) Eden regions: 44->0(46)
[2024-06-01T20:16:08.880-0300][gc,heap       ] GC(904) Survivor regions: 7->5(7)
[2024-06-01T20:16:08.880-0300][gc,heap       ] GC(904) Old regions: 487->490
[2024-06-01T20:16:08.880-0300][gc,heap       ] GC(904) Humongous regions: 129->129
[2024-06-01T20:16:08.880-0300][gc,metaspace  ] GC(904) Metaspace: 45753K(48924K)->45753K(48924K) NonClass: 40014K(41680K)->40014K(41680K) Class: 5738K(7244K)->5738K(7244K)
[2024-06-01T20:16:08.880-0300][gc            ] GC(904) Pause Young (Normal) (G1 Evacuation Pause) 665M->622M(1024M) 27,723ms
[2024-06-01T20:16:08.880-0300][gc,cpu        ] GC(904) User=0,10s Sys=0,00s Real=0,03s
[2024-06-01T20:16:38.574-0300][gc,start      ] GC(905) Pause Young (Normal) (G1 Evacuation Pause)
[2024-06-01T20:16:38.574-0300][gc,task       ] GC(905) Using 4 workers of 4 for evacuation
[2024-06-01T20:16:38.579-0300][gc,phases     ] GC(905)   Pre Evacuate Collection Set: 0,0ms
[2024-06-01T20:16:38.580-0300][gc,phases     ] GC(905)   Evacuate Collection Set: 5,4ms
[2024-06-01T20:16:38.580-0300][gc,phases     ] GC(905)   Post Evacuate Collection Set: 0,4ms
[2024-06-01T20:16:38.580-0300][gc,phases     ] GC(905)   Other: 0,2ms
[2024-06-01T20:16:38.580-0300][gc,heap       ] GC(905) Eden regions: 46->0(49)
[2024-06-01T20:16:38.580-0300][gc,heap       ] GC(905) Survivor regions: 5->3(7)
[2024-06-01T20:16:38.580-0300][gc,heap       ] GC(905) Old regions: 490->493
[2024-06-01T20:16:38.580-0300][gc,heap       ] GC(905) Humongous regions: 129->129
[2024-06-01T20:16:38.580-0300][gc,metaspace  ] GC(905) Metaspace: 45753K(48924K)->45753K(48924K) NonClass: 40014K(41680K)->40014K(41680K) Class: 5738K(7244K)->5738K(7244K)
[2024-06-01T20:16:38.580-0300][gc            ] GC(905) Pause Young (Normal) (G1 Evacuation Pause) 668M->622M(1024M) 6,047ms
[2024-06-01T20:16:38.580-0300][gc,cpu        ] GC(905) User=0,02s Sys=0,00s Real=0,01s
[2024-06-01T20:17:09.937-0300][gc,start      ] GC(906) Pause Young (Normal) (G1 Evacuation Pause)
[2024-06-01T20:17:09.937-0300][gc,task       ] GC(906) Using 4 workers of 4 for evacuation
[2024-06-01T20:17:09.947-0300][gc,phases     ] GC(906)   Pre Evacuate Collection Set: 0,1ms
[2024-06-01T20:17:09.947-0300][gc,phases     ] GC(906)   Evacuate Collection Set: 8,8ms
[2024-06-01T20:17:09.947-0300][gc,phases     ] GC(906)   Post Evacuate Collection Set: 0,9ms
[2024-06-01T20:17:09.947-0300][gc,phases     ] GC(906)   Other: 0,4ms
[2024-06-01T20:17:09.947-0300][gc,heap       ] GC(906) Eden regions: 49->0(50)
[2024-06-01T20:17:09.947-0300][gc,heap       ] GC(906) Survivor regions: 3->3(7)
[2024-06-01T20:17:09.947-0300][gc,heap       ] GC(906) Old regions: 493->493
[2024-06-01T20:17:09.947-0300][gc,heap       ] GC(906) Humongous regions: 129->129
[2024-06-01T20:17:09.947-0300][gc,metaspace  ] GC(906) Metaspace: 45753K(48924K)->45753K(48924K) NonClass: 40014K(41680K)->40014K(41680K) Class: 5738K(7244K)->5738K(7244K)
[2024-06-01T20:17:09.947-0300][gc            ] GC(906) Pause Young (Normal) (G1 Evacuation Pause) 671M->623M(1024M) 10,432ms
[2024-06-01T20:17:09.947-0300][gc,cpu        ] GC(906) User=0,04s Sys=0,00s Real=0,01s
[2024-06-01T20:17:42.280-0300][gc,start      ] GC(907) Pause Young (Normal) (G1 Evacuation Pause)
[2024-06-01T20:17:42.280-0300][gc,task       ] GC(907) Using 4 workers of 4 for evacuation
[2024-06-01T20:17:42.293-0300][gc,phases     ] GC(907)   Pre Evacuate Collection Set: 0,1ms
[2024-06-01T20:17:42.293-0300][gc,phases     ] GC(907)   Evacuate Collection Set: 11,1ms
[2024-06-01T20:17:42.293-0300][gc,phases     ] GC(907)   Post Evacuate Collection Set: 0,9ms
[2024-06-01T20:17:42.293-0300][gc,phases     ] GC(907)   Other: 0,4ms
[2024-06-01T20:17:42.293-0300][gc,heap       ] GC(907) Eden regions: 50->0(52)
[2024-06-01T20:17:42.293-0300][gc,heap       ] GC(907) Survivor regions: 3->3(7)
[2024-06-01T20:17:42.293-0300][gc,heap       ] GC(907) Old regions: 493->493
[2024-06-01T20:17:42.293-0300][gc,heap       ] GC(907) Humongous regions: 129->129
[2024-06-01T20:17:42.293-0300][gc,metaspace  ] GC(907) Metaspace: 45753K(48924K)->45753K(48924K) NonClass: 40014K(41680K)->40014K(41680K) Class: 5738K(7244K)->5738K(7244K)
[2024-06-01T20:17:42.293-0300][gc            ] GC(907) Pause Young (Normal) (G1 Evacuation Pause) 673M->623M(1024M) 12,759ms
[2024-06-01T20:17:42.293-0300][gc,cpu        ] GC(907) User=0,04s Sys=0,00s Real=0,01s
[2024-06-01T20:18:15.292-0300][gc,start      ] GC(908) Pause Young (Normal) (G1 Evacuation Pause)
[2024-06-01T20:18:15.292-0300][gc,task       ] GC(908) Using 4 workers of 4 for evacuation
[2024-06-01T20:18:15.306-0300][gc,phases     ] GC(908)   Pre Evacuate Collection Set: 0,1ms
[2024-06-01T20:18:15.306-0300][gc,phases     ] GC(908)   Evacuate Collection Set: 12,1ms
[2024-06-01T20:18:15.306-0300][gc,phases     ] GC(908)   Post Evacuate Collection Set: 1,0ms
[2024-06-01T20:18:15.306-0300][gc,phases     ] GC(908)   Other: 0,4ms
[2024-06-01T20:18:15.306-0300][gc,heap       ] GC(908) Eden regions: 52->0(52)
[2024-06-01T20:18:15.306-0300][gc,heap       ] GC(908) Survivor regions: 3->4(7)
[2024-06-01T20:18:15.306-0300][gc,heap       ] GC(908) Old regions: 493->493
[2024-06-01T20:18:15.306-0300][gc,heap       ] GC(908) Humongous regions: 129->129
[2024-06-01T20:18:15.306-0300][gc,metaspace  ] GC(908) Metaspace: 45753K(48924K)->45753K(48924K) NonClass: 40014K(41680K)->40014K(41680K) Class: 5738K(7244K)->5738K(7244K)
[2024-06-01T20:18:15.306-0300][gc            ] GC(908) Pause Young (Normal) (G1 Evacuation Pause) 675M->624M(1024M) 13,765ms
[2024-06-01T20:18:15.306-0300][gc,cpu        ] GC(908) User=0,05s Sys=0,00s Real=0,01s
[2024-06-01T20:18:48.575-0300][gc,start      ] GC(909) Pause Young (Normal) (G1 Evacuation Pause)
[2024-06-01T20:18:48.575-0300][gc,task       ] GC(909) Using 4 workers of 4 for evacuation
[2024-06-01T20:18:48.582-0300][gc,phases     ] GC(909)   Pre Evacuate Collection Set: 0,0ms
[2024-06-01T20:18:48.582-0300][gc,phases     ] GC(909)   Evacuate Collection Set: 6,6ms
[2024-06-01T20:18:48.582-0300][gc,phases     ] GC(909)   Post Evacuate Collection Set: 0,5ms
[2024-06-01T20:18:48.582-0300][gc,phases     ] GC(909)   Other: 0,2ms
[2024-06-01T20:18:48.582-0300][gc,heap       ] GC(909) Eden regions: 52->0(55)
[2024-06-01T20:18:48.582-0300][gc,heap       ] GC(909) Survivor regions: 4->5(7)
[2024-06-01T20:18:48.582-0300][gc,heap       ] GC(909) Old regions: 493->494
[2024-06-01T20:18:48.582-0300][gc,heap       ] GC(909) Humongous regions: 129->129
[2024-06-01T20:18:48.582-0300][gc,metaspace  ] GC(909) Metaspace: 45753K(48924K)->45753K(48924K) NonClass: 40014K(41680K)->40014K(41680K) Class: 5738K(7244K)->5738K(7244K)
[2024-06-01T20:18:48.582-0300][gc            ] GC(909) Pause Young (Normal) (G1 Evacuation Pause) 676M->625M(1024M) 7,364ms
[2024-06-01T20:18:48.582-0300][gc,cpu        ] GC(909) User=0,02s Sys=0,00s Real=0,01s
[2024-06-01T20:19:23.469-0300][gc,start      ] GC(910) Pause Young (Normal) (G1 Evacuation Pause)
[2024-06-01T20:19:23.469-0300][gc,task       ] GC(910) Using 4 workers of 4 for evacuation
[2024-06-01T20:19:23.485-0300][gc,phases     ] GC(910)   Pre Evacuate Collection Set: 0,1ms
[2024-06-01T20:19:23.485-0300][gc,phases     ] GC(910)   Evacuate Collection Set: 14,9ms
[2024-06-01T20:19:23.485-0300][gc,phases     ] GC(910)   Post Evacuate Collection Set: 1,0ms
[2024-06-01T20:19:23.485-0300][gc,phases     ] GC(910)   Other: 0,4ms
[2024-06-01T20:19:23.485-0300][gc,heap       ] GC(910) Eden regions: 55->0(56)
[2024-06-01T20:19:23.485-0300][gc,heap       ] GC(910) Survivor regions: 5->6(8)
[2024-06-01T20:19:23.485-0300][gc,heap       ] GC(910) Old regions: 494->494
[2024-06-01T20:19:23.485-0300][gc,heap       ] GC(910) Humongous regions: 129->129
[2024-06-01T20:19:23.485-0300][gc,metaspace  ] GC(910) Metaspace: 45753K(48924K)->45753K(48924K) NonClass: 40014K(41680K)->40014K(41680K) Class: 5738K(7244K)->5738K(7244K)
[2024-06-01T20:19:23.485-0300][gc            ] GC(910) Pause Young (Normal) (G1 Evacuation Pause) 680M->626M(1024M) 16,683ms
[2024-06-01T20:19:23.485-0300][gc,cpu        ] GC(910) User=0,06s Sys=0,00s Real=0,01s
[2024-06-01T20:19:58.943-0300][gc,start      ] GC(911) Pause Young (Normal) (G1 Evacuation Pause)
[2024-06-01T20:19:58.943-0300][gc,task       ] GC(911) Using 4 workers of 4 for evacuation
[2024-06-01T20:19:58.950-0300][gc,phases     ] GC(911)   Pre Evacuate Collection Set: 0,0ms
[2024-06-01T20:19:58.950-0300][gc,phases     ] GC(911)   Evacuate Collection Set: 6,1ms
[2024-06-01T20:19:58.950-0300][gc,phases     ] GC(911)   Post Evacuate Collection Set: 0,4ms
[2024-06-01T20:19:58.950-0300][gc,phases     ] GC(911)   Other: 0,2ms
[2024-06-01T20:19:58.950-0300][gc,heap       ] GC(911) Eden regions: 56->0(60)
[2024-06-01T20:19:58.950-0300][gc,heap       ] GC(911) Survivor regions: 6->6(8)
[2024-06-01T20:19:58.950-0300][gc,heap       ] GC(911) Old regions: 494->495
[2024-06-01T20:19:58.950-0300][gc,heap       ] GC(911) Humongous regions: 129->129
[2024-06-01T20:19:58.950-0300][gc,metaspace  ] GC(911) Metaspace: 45753K(48924K)->45753K(48924K) NonClass: 40014K(41680K)->40014K(41680K) Class: 5738K(7244K)->5738K(7244K)
[2024-06-01T20:19:58.950-0300][gc            ] GC(911) Pause Young (Normal) (G1 Evacuation Pause) 682M->627M(1024M) 6,742ms
[2024-06-01T20:19:58.950-0300][gc,cpu        ] GC(911) User=0,03s Sys=0,00s Real=0,01s
[2024-06-01T20:20:37.094-0300][gc,start      ] GC(912) Pause Young (Normal) (G1 Evacuation Pause)
[2024-06-01T20:20:37.094-0300][gc,task       ] GC(912) Using 4 workers of 4 for evacuation
[2024-06-01T20:20:37.113-0300][gc,phases     ] GC(912)   Pre Evacuate Collection Set: 0,1ms
[2024-06-01T20:20:37.113-0300][gc,phases     ] GC(912)   Evacuate Collection Set: 17,9ms
[2024-06-01T20:20:37.113-0300][gc,phases     ] GC(912)   Post Evacuate Collection Set: 0,9ms
[2024-06-01T20:20:37.113-0300][gc,phases     ] GC(912)   Other: 0,5ms
[2024-06-01T20:20:37.113-0300][gc,heap       ] GC(912) Eden regions: 60->0(57)
[2024-06-01T20:20:37.113-0300][gc,heap       ] GC(912) Survivor regions: 6->6(9)
[2024-06-01T20:20:37.113-0300][gc,heap       ] GC(912) Old regions: 495->496
[2024-06-01T20:20:37.113-0300][gc,heap       ] GC(912) Humongous regions: 129->129
[2024-06-01T20:20:37.113-0300][gc,metaspace  ] GC(912) Metaspace: 45753K(48924K)->45753K(48924K) NonClass: 40014K(41680K)->40014K(41680K) Class: 5738K(7244K)->5738K(7244K)
[2024-06-01T20:20:37.113-0300][gc            ] GC(912) Pause Young (Normal) (G1 Evacuation Pause) 687M->629M(1024M) 19,581ms
[2024-06-01T20:20:37.113-0300][gc,cpu        ] GC(912) User=0,07s Sys=0,00s Real=0,02s
[2024-06-01T20:21:13.412-0300][gc,start      ] GC(913) Pause Young (Normal) (G1 Evacuation Pause)
[2024-06-01T20:21:13.412-0300][gc,task       ] GC(913) Using 4 workers of 4 for evacuation
[2024-06-01T20:21:13.432-0300][gc,mmu        ] GC(913) MMU target violated: 20,2ms (20,0ms/21,0ms)
[2024-06-01T20:21:13.432-0300][gc,phases     ] GC(913)   Pre Evacuate Collection Set: 0,1ms
[2024-06-01T20:21:13.432-0300][gc,phases     ] GC(913)   Evacuate Collection Set: 18,9ms
[2024-06-01T20:21:13.432-0300][gc,phases     ] GC(913)   Post Evacuate Collection Set: 1,0ms
[2024-06-01T20:21:13.432-0300][gc,phases     ] GC(913)   Other: 0,5ms
[2024-06-01T20:21:13.432-0300][gc,heap       ] GC(913) Eden regions: 57->0(56)
[2024-06-01T20:21:13.432-0300][gc,heap       ] GC(913) Survivor regions: 6->5(8)
[2024-06-01T20:21:13.432-0300][gc,heap       ] GC(913) Old regions: 496->498
[2024-06-01T20:21:13.432-0300][gc,heap       ] GC(913) Humongous regions: 129->129
[2024-06-01T20:21:13.432-0300][gc,metaspace  ] GC(913) Metaspace: 45755K(48924K)->45755K(48924K) NonClass: 40016K(41680K)->40016K(41680K) Class: 5738K(7244K)->5738K(7244K)
[2024-06-01T20:21:13.432-0300][gc            ] GC(913) Pause Young (Normal) (G1 Evacuation Pause) 686M->630M(1024M) 20,748ms
[2024-06-01T20:21:13.432-0300][gc,cpu        ] GC(913) User=0,07s Sys=0,00s Real=0,02s
[2024-06-01T20:21:45.872-0300][gc,start      ] GC(914) Pause Young (Normal) (G1 Evacuation Pause)
[2024-06-01T20:21:45.873-0300][gc,task       ] GC(914) Using 4 workers of 4 for evacuation
[2024-06-01T20:21:45.891-0300][gc,phases     ] GC(914)   Pre Evacuate Collection Set: 0,1ms
[2024-06-01T20:21:45.891-0300][gc,phases     ] GC(914)   Evacuate Collection Set: 17,0ms
[2024-06-01T20:21:45.891-0300][gc,phases     ] GC(914)   Post Evacuate Collection Set: 1,0ms
[2024-06-01T20:21:45.891-0300][gc,phases     ] GC(914)   Other: 0,4ms
[2024-06-01T20:21:45.891-0300][gc,heap       ] GC(914) Eden regions: 51->0(56)
[2024-06-01T20:21:45.891-0300][gc,heap       ] GC(914) Survivor regions: 5->5(7)
[2024-06-01T20:21:45.891-0300][gc,heap       ] GC(914) Old regions: 498->499
[2024-06-01T20:21:45.891-0300][gc,heap       ] GC(914) Humongous regions: 129->129
[2024-06-01T20:21:45.891-0300][gc,metaspace  ] GC(914) Metaspace: 45755K(48924K)->45755K(48924K) NonClass: 40016K(41680K)->40016K(41680K) Class: 5738K(7244K)->5738K(7244K)
[2024-06-01T20:21:45.891-0300][gc            ] GC(914) Pause Young (Normal) (G1 Evacuation Pause) 681M->630M(1024M) 18,687ms
[2024-06-01T20:21:45.891-0300][gc,cpu        ] GC(914) User=0,07s Sys=0,00s Real=0,02s
[2024-06-01T20:22:18.308-0300][gc,start      ] GC(915) Pause Young (Normal) (G1 Evacuation Pause)
[2024-06-01T20:22:18.308-0300][gc,task       ] GC(915) Using 4 workers of 4 for evacuation
[2024-06-01T20:22:18.327-0300][gc,phases     ] GC(915)   Pre Evacuate Collection Set: 0,1ms
[2024-06-01T20:22:18.327-0300][gc,phases     ] GC(915)   Evacuate Collection Set: 17,5ms
[2024-06-01T20:22:18.327-0300][gc,phases     ] GC(915)   Post Evacuate Collection Set: 0,9ms
[2024-06-01T20:22:18.327-0300][gc,phases     ] GC(915)   Other: 0,4ms
[2024-06-01T20:22:18.327-0300][gc,heap       ] GC(915) Eden regions: 51->0(56)
[2024-06-01T20:22:18.327-0300][gc,heap       ] GC(915) Survivor regions: 5->5(7)
[2024-06-01T20:22:18.327-0300][gc,heap       ] GC(915) Old regions: 499->500
[2024-06-01T20:22:18.327-0300][gc,heap       ] GC(915) Humongous regions: 129->129
[2024-06-01T20:22:18.327-0300][gc,metaspace  ] GC(915) Metaspace: 45755K(48924K)->45755K(48924K) NonClass: 40016K(41680K)->40016K(41680K) Class: 5738K(7244K)->5738K(7244K)
[2024-06-01T20:22:18.327-0300][gc            ] GC(915) Pause Young (Normal) (G1 Evacuation Pause) 681M->632M(1024M) 19,207ms
[2024-06-01T20:22:18.327-0300][gc,cpu        ] GC(915) User=0,06s Sys=0,00s Real=0,02s
[2024-06-01T20:22:49.076-0300][gc,start      ] GC(916) Pause Young (Normal) (G1 Evacuation Pause)
[2024-06-01T20:22:49.076-0300][gc,task       ] GC(916) Using 4 workers of 4 for evacuation
[2024-06-01T20:22:49.095-0300][gc,phases     ] GC(916)   Pre Evacuate Collection Set: 0,1ms
[2024-06-01T20:22:49.095-0300][gc,phases     ] GC(916)   Evacuate Collection Set: 17,8ms
[2024-06-01T20:22:49.095-0300][gc,phases     ] GC(916)   Post Evacuate Collection Set: 1,0ms
[2024-06-01T20:22:49.095-0300][gc,phases     ] GC(916)   Other: 0,4ms
[2024-06-01T20:22:49.095-0300][gc,heap       ] GC(916) Eden regions: 48->0(57)
[2024-06-01T20:22:49.095-0300][gc,heap       ] GC(916) Survivor regions: 5->5(7)
[2024-06-01T20:22:49.095-0300][gc,heap       ] GC(916) Old regions: 500->501
[2024-06-01T20:22:49.095-0300][gc,heap       ] GC(916) Humongous regions: 129->129
[2024-06-01T20:22:49.095-0300][gc,metaspace  ] GC(916) Metaspace: 45755K(48924K)->45755K(48924K) NonClass: 40016K(41680K)->40016K(41680K) Class: 5738K(7244K)->5738K(7244K)
[2024-06-01T20:22:49.095-0300][gc            ] GC(916) Pause Young (Normal) (G1 Evacuation Pause) 680M->632M(1024M) 19,506ms
[2024-06-01T20:22:49.095-0300][gc,cpu        ] GC(916) User=0,07s Sys=0,01s Real=0,01s
[2024-06-01T20:23:18.885-0300][gc,start      ] GC(917) Pause Young (Normal) (G1 Evacuation Pause)
[2024-06-01T20:23:18.885-0300][gc,task       ] GC(917) Using 4 workers of 4 for evacuation
[2024-06-01T20:23:18.890-0300][gc,phases     ] GC(917)   Pre Evacuate Collection Set: 0,0ms
[2024-06-01T20:23:18.890-0300][gc,phases     ] GC(917)   Evacuate Collection Set: 5,0ms
[2024-06-01T20:23:18.890-0300][gc,phases     ] GC(917)   Post Evacuate Collection Set: 0,4ms
[2024-06-01T20:23:18.890-0300][gc,phases     ] GC(917)   Other: 0,2ms
[2024-06-01T20:23:18.890-0300][gc,heap       ] GC(917) Eden regions: 48->0(67)
[2024-06-01T20:23:18.890-0300][gc,heap       ] GC(917) Survivor regions: 5->5(7)
[2024-06-01T20:23:18.891-0300][gc,heap       ] GC(917) Old regions: 501->502
[2024-06-01T20:23:18.891-0300][gc,heap       ] GC(917) Humongous regions: 129->129
[2024-06-01T20:23:18.891-0300][gc,metaspace  ] GC(917) Metaspace: 45755K(48924K)->45755K(48924K) NonClass: 40016K(41680K)->40016K(41680K) Class: 5738K(7244K)->5738K(7244K)
[2024-06-01T20:23:18.891-0300][gc            ] GC(917) Pause Young (Normal) (G1 Evacuation Pause) 680M->633M(1024M) 5,734ms
[2024-06-01T20:23:18.891-0300][gc,cpu        ] GC(917) User=0,02s Sys=0,00s Real=0,01s
[2024-06-01T20:23:57.573-0300][gc,start      ] GC(918) Pause Young (Normal) (G1 Evacuation Pause)
[2024-06-01T20:23:57.573-0300][gc,task       ] GC(918) Using 4 workers of 4 for evacuation
[2024-06-01T20:23:57.591-0300][gc,phases     ] GC(918)   Pre Evacuate Collection Set: 0,1ms
[2024-06-01T20:23:57.592-0300][gc,phases     ] GC(918)   Evacuate Collection Set: 17,3ms
[2024-06-01T20:23:57.592-0300][gc,phases     ] GC(918)   Post Evacuate Collection Set: 0,9ms
[2024-06-01T20:23:57.592-0300][gc,phases     ] GC(918)   Other: 0,4ms
[2024-06-01T20:23:57.592-0300][gc,heap       ] GC(918) Eden regions: 60->0(64)
[2024-06-01T20:23:57.592-0300][gc,heap       ] GC(918) Survivor regions: 5->6(9)
[2024-06-01T20:23:57.592-0300][gc,heap       ] GC(918) Old regions: 502->502
[2024-06-01T20:23:57.592-0300][gc,heap       ] GC(918) Humongous regions: 129->129
[2024-06-01T20:23:57.592-0300][gc,metaspace  ] GC(918) Metaspace: 45755K(48924K)->45755K(48924K) NonClass: 40016K(41680K)->40016K(41680K) Class: 5738K(7244K)->5738K(7244K)
[2024-06-01T20:23:57.592-0300][gc            ] GC(918) Pause Young (Normal) (G1 Evacuation Pause) 693M->635M(1024M) 19,009ms
[2024-06-01T20:23:57.592-0300][gc,cpu        ] GC(918) User=0,07s Sys=0,00s Real=0,02s
[2024-06-01T20:24:30.608-0300][gc,start      ] GC(919) Pause Young (Normal) (G1 Evacuation Pause)
[2024-06-01T20:24:30.608-0300][gc,task       ] GC(919) Using 4 workers of 4 for evacuation
[2024-06-01T20:24:30.617-0300][gc,phases     ] GC(919)   Pre Evacuate Collection Set: 0,0ms
[2024-06-01T20:24:30.617-0300][gc,phases     ] GC(919)   Evacuate Collection Set: 8,6ms
[2024-06-01T20:24:30.617-0300][gc,phases     ] GC(919)   Post Evacuate Collection Set: 0,5ms
[2024-06-01T20:24:30.617-0300][gc,phases     ] GC(919)   Other: 0,2ms
[2024-06-01T20:24:30.617-0300][gc,heap       ] GC(919) Eden regions: 52->0(65)
[2024-06-01T20:24:30.617-0300][gc,heap       ] GC(919) Survivor regions: 6->5(8)
[2024-06-01T20:24:30.617-0300][gc,heap       ] GC(919) Old regions: 502->504
[2024-06-01T20:24:30.617-0300][gc,heap       ] GC(919) Humongous regions: 129->129
[2024-06-01T20:24:30.617-0300][gc,metaspace  ] GC(919) Metaspace: 45755K(48924K)->45755K(48924K) NonClass: 40016K(41680K)->40016K(41680K) Class: 5738K(7244K)->5738K(7244K)
[2024-06-01T20:24:30.618-0300][gc            ] GC(919) Pause Young (Normal) (G1 Evacuation Pause) 687M->636M(1024M) 9,432ms
[2024-06-01T20:24:30.618-0300][gc,cpu        ] GC(919) User=0,03s Sys=0,00s Real=0,01s
[2024-06-01T20:25:12.213-0300][gc,start      ] GC(920) Pause Young (Normal) (G1 Evacuation Pause)
[2024-06-01T20:25:12.213-0300][gc,task       ] GC(920) Using 4 workers of 4 for evacuation
[2024-06-01T20:25:12.233-0300][gc,mmu        ] GC(920) MMU target violated: 20,3ms (20,0ms/21,0ms)
[2024-06-01T20:25:12.233-0300][gc,phases     ] GC(920)   Pre Evacuate Collection Set: 0,1ms
[2024-06-01T20:25:12.233-0300][gc,phases     ] GC(920)   Evacuate Collection Set: 19,1ms
[2024-06-01T20:25:12.234-0300][gc,phases     ] GC(920)   Post Evacuate Collection Set: 1,0ms
[2024-06-01T20:25:12.234-0300][gc,phases     ] GC(920)   Other: 0,5ms
[2024-06-01T20:25:12.234-0300][gc,heap       ] GC(920) Eden regions: 65->0(61)
[2024-06-01T20:25:12.234-0300][gc,heap       ] GC(920) Survivor regions: 5->6(9)
[2024-06-01T20:25:12.234-0300][gc,heap       ] GC(920) Old regions: 504->504
[2024-06-01T20:25:12.234-0300][gc,heap       ] GC(920) Humongous regions: 129->129
[2024-06-01T20:25:12.234-0300][gc,metaspace  ] GC(920) Metaspace: 45755K(48924K)->45755K(48924K) NonClass: 40016K(41680K)->40016K(41680K) Class: 5738K(7244K)->5738K(7244K)
[2024-06-01T20:25:12.234-0300][gc            ] GC(920) Pause Young (Normal) (G1 Evacuation Pause) 701M->637M(1024M) 20,914ms
[2024-06-01T20:25:12.234-0300][gc,cpu        ] GC(920) User=0,07s Sys=0,00s Real=0,02s
[2024-06-01T20:25:50.721-0300][gc,start      ] GC(921) Pause Young (Normal) (G1 Evacuation Pause)
[2024-06-01T20:25:50.721-0300][gc,task       ] GC(921) Using 4 workers of 4 for evacuation
[2024-06-01T20:25:50.743-0300][gc,mmu        ] GC(921) MMU target violated: 21,0ms (20,0ms/21,0ms)
[2024-06-01T20:25:50.743-0300][gc,phases     ] GC(921)   Pre Evacuate Collection Set: 0,1ms
[2024-06-01T20:25:50.743-0300][gc,phases     ] GC(921)   Evacuate Collection Set: 20,7ms
[2024-06-01T20:25:50.743-0300][gc,phases     ] GC(921)   Post Evacuate Collection Set: 1,0ms
[2024-06-01T20:25:50.743-0300][gc,phases     ] GC(921)   Other: 0,5ms
[2024-06-01T20:25:50.743-0300][gc,heap       ] GC(921) Eden regions: 61->0(57)
[2024-06-01T20:25:50.743-0300][gc,heap       ] GC(921) Survivor regions: 6->5(9)
[2024-06-01T20:25:50.743-0300][gc,heap       ] GC(921) Old regions: 504->506
[2024-06-01T20:25:50.743-0300][gc,heap       ] GC(921) Humongous regions: 129->129
[2024-06-01T20:25:50.743-0300][gc,metaspace  ] GC(921) Metaspace: 45755K(48924K)->45755K(48924K) NonClass: 40016K(41680K)->40016K(41680K) Class: 5738K(7244K)->5738K(7244K)
[2024-06-01T20:25:50.743-0300][gc            ] GC(921) Pause Young (Normal) (G1 Evacuation Pause) 698M->638M(1024M) 22,423ms
[2024-06-01T20:25:50.743-0300][gc,cpu        ] GC(921) User=0,08s Sys=0,00s Real=0,02s
[2024-06-01T20:26:27.459-0300][gc,start      ] GC(922) Pause Young (Normal) (G1 Evacuation Pause)
[2024-06-01T20:26:27.459-0300][gc,task       ] GC(922) Using 4 workers of 4 for evacuation
[2024-06-01T20:26:27.480-0300][gc,mmu        ] GC(922) MMU target violated: 21,0ms (20,0ms/21,0ms)
[2024-06-01T20:26:27.480-0300][gc,phases     ] GC(922)   Pre Evacuate Collection Set: 0,1ms
[2024-06-01T20:26:27.480-0300][gc,phases     ] GC(922)   Evacuate Collection Set: 19,8ms
[2024-06-01T20:26:27.480-0300][gc,phases     ] GC(922)   Post Evacuate Collection Set: 0,9ms
[2024-06-01T20:26:27.480-0300][gc,phases     ] GC(922)   Other: 0,5ms
[2024-06-01T20:26:27.480-0300][gc,heap       ] GC(922) Eden regions: 57->0(56)
[2024-06-01T20:26:27.480-0300][gc,heap       ] GC(922) Survivor regions: 5->5(8)
[2024-06-01T20:26:27.480-0300][gc,heap       ] GC(922) Old regions: 506->507
[2024-06-01T20:26:27.480-0300][gc,heap       ] GC(922) Humongous regions: 129->129
[2024-06-01T20:26:27.480-0300][gc,metaspace  ] GC(922) Metaspace: 45755K(48924K)->45755K(48924K) NonClass: 40016K(41680K)->40016K(41680K) Class: 5738K(7244K)->5738K(7244K)
[2024-06-01T20:26:27.480-0300][gc            ] GC(922) Pause Young (Normal) (G1 Evacuation Pause) 695M->639M(1024M) 21,563ms
[2024-06-01T20:26:27.480-0300][gc,cpu        ] GC(922) User=0,07s Sys=0,00s Real=0,02s
[2024-06-01T20:26:56.285-0300][gc,start      ] GC(923) Pause Young (Normal) (G1 Evacuation Pause)
[2024-06-01T20:26:56.285-0300][gc,task       ] GC(923) Using 4 workers of 4 for evacuation
[2024-06-01T20:26:56.306-0300][gc,mmu        ] GC(923) MMU target violated: 20,4ms (20,0ms/21,0ms)
[2024-06-01T20:26:56.306-0300][gc,phases     ] GC(923)   Pre Evacuate Collection Set: 0,1ms
[2024-06-01T20:26:56.306-0300][gc,phases     ] GC(923)   Evacuate Collection Set: 19,2ms
[2024-06-01T20:26:56.306-0300][gc,phases     ] GC(923)   Post Evacuate Collection Set: 1,0ms
[2024-06-01T20:26:56.306-0300][gc,phases     ] GC(923)   Other: 0,5ms
[2024-06-01T20:26:56.306-0300][gc,heap       ] GC(923) Eden regions: 46->0(50)
[2024-06-01T20:26:56.306-0300][gc,heap       ] GC(923) Survivor regions: 5->5(7)
[2024-06-01T20:26:56.306-0300][gc,heap       ] GC(923) Old regions: 507->508
[2024-06-01T20:26:56.306-0300][gc,heap       ] GC(923) Humongous regions: 129->129
[2024-06-01T20:26:56.306-0300][gc,metaspace  ] GC(923) Metaspace: 45755K(48924K)->45755K(48924K) NonClass: 40016K(41680K)->40016K(41680K) Class: 5738K(7244K)->5738K(7244K)
[2024-06-01T20:26:56.306-0300][gc            ] GC(923) Pause Young (Normal) (G1 Evacuation Pause) 685M->640M(1024M) 20,958ms
[2024-06-01T20:26:56.306-0300][gc,cpu        ] GC(923) User=0,08s Sys=0,00s Real=0,02s
[2024-06-01T20:27:25.440-0300][gc,start      ] GC(924) Pause Young (Normal) (G1 Evacuation Pause)
[2024-06-01T20:27:25.440-0300][gc,task       ] GC(924) Using 4 workers of 4 for evacuation
[2024-06-01T20:27:25.460-0300][gc,mmu        ] GC(924) MMU target violated: 20,1ms (20,0ms/21,0ms)
[2024-06-01T20:27:25.460-0300][gc,phases     ] GC(924)   Pre Evacuate Collection Set: 0,1ms
[2024-06-01T20:27:25.460-0300][gc,phases     ] GC(924)   Evacuate Collection Set: 18,9ms
[2024-06-01T20:27:25.460-0300][gc,phases     ] GC(924)   Post Evacuate Collection Set: 1,0ms
[2024-06-01T20:27:25.460-0300][gc,phases     ] GC(924)   Other: 0,5ms
[2024-06-01T20:27:25.460-0300][gc,heap       ] GC(924) Eden regions: 46->0(50)
[2024-06-01T20:27:25.460-0300][gc,heap       ] GC(924) Survivor regions: 5->5(7)
[2024-06-01T20:27:25.460-0300][gc,heap       ] GC(924) Old regions: 508->509
[2024-06-01T20:27:25.460-0300][gc,heap       ] GC(924) Humongous regions: 129->129
[2024-06-01T20:27:25.460-0300][gc,metaspace  ] GC(924) Metaspace: 45755K(48924K)->45755K(48924K) NonClass: 40016K(41680K)->40016K(41680K) Class: 5738K(7244K)->5738K(7244K)
[2024-06-01T20:27:25.461-0300][gc            ] GC(924) Pause Young (Normal) (G1 Evacuation Pause) 686M->640M(1024M) 20,616ms
[2024-06-01T20:27:25.461-0300][gc,cpu        ] GC(924) User=0,07s Sys=0,01s Real=0,02s
[2024-06-01T20:27:54.941-0300][gc,start      ] GC(925) Pause Young (Normal) (G1 Evacuation Pause)
[2024-06-01T20:27:54.941-0300][gc,task       ] GC(925) Using 4 workers of 4 for evacuation
[2024-06-01T20:27:54.961-0300][gc,phases     ] GC(925)   Pre Evacuate Collection Set: 0,1ms
[2024-06-01T20:27:54.961-0300][gc,phases     ] GC(925)   Evacuate Collection Set: 18,1ms
[2024-06-01T20:27:54.961-0300][gc,phases     ] GC(925)   Post Evacuate Collection Set: 1,0ms
[2024-06-01T20:27:54.961-0300][gc,phases     ] GC(925)   Other: 0,4ms
[2024-06-01T20:27:54.961-0300][gc,heap       ] GC(925) Eden regions: 46->0(51)
[2024-06-01T20:27:54.961-0300][gc,heap       ] GC(925) Survivor regions: 5->5(7)
[2024-06-01T20:27:54.961-0300][gc,heap       ] GC(925) Old regions: 509->511
[2024-06-01T20:27:54.961-0300][gc,heap       ] GC(925) Humongous regions: 129->129
[2024-06-01T20:27:54.961-0300][gc,metaspace  ] GC(925) Metaspace: 45755K(48924K)->45755K(48924K) NonClass: 40016K(41680K)->40016K(41680K) Class: 5738K(7244K)->5738K(7244K)
[2024-06-01T20:27:54.961-0300][gc            ] GC(925) Pause Young (Normal) (G1 Evacuation Pause) 686M->641M(1024M) 19,805ms
[2024-06-01T20:27:54.961-0300][gc,cpu        ] GC(925) User=0,07s Sys=0,00s Real=0,02s
[2024-06-01T20:28:27.483-0300][gc,start      ] GC(926) Pause Young (Normal) (G1 Evacuation Pause)
[2024-06-01T20:28:27.483-0300][gc,task       ] GC(926) Using 4 workers of 4 for evacuation
[2024-06-01T20:28:27.503-0300][gc,phases     ] GC(926)   Pre Evacuate Collection Set: 0,1ms
[2024-06-01T20:28:27.503-0300][gc,phases     ] GC(926)   Evacuate Collection Set: 18,5ms
[2024-06-01T20:28:27.503-0300][gc,phases     ] GC(926)   Post Evacuate Collection Set: 1,0ms
[2024-06-01T20:28:27.503-0300][gc,phases     ] GC(926)   Other: 0,4ms
[2024-06-01T20:28:27.503-0300][gc,heap       ] GC(926) Eden regions: 51->0(52)
[2024-06-01T20:28:27.503-0300][gc,heap       ] GC(926) Survivor regions: 5->5(7)
[2024-06-01T20:28:27.503-0300][gc,heap       ] GC(926) Old regions: 511->512
[2024-06-01T20:28:27.503-0300][gc,heap       ] GC(926) Humongous regions: 129->129
[2024-06-01T20:28:27.503-0300][gc,metaspace  ] GC(926) Metaspace: 45755K(48924K)->45755K(48924K) NonClass: 40016K(41680K)->40016K(41680K) Class: 5738K(7244K)->5738K(7244K)
[2024-06-01T20:28:27.503-0300][gc            ] GC(926) Pause Young (Normal) (G1 Evacuation Pause) 692M->643M(1024M) 20,205ms
[2024-06-01T20:28:27.503-0300][gc,cpu        ] GC(926) User=0,07s Sys=0,00s Real=0,02s
[2024-06-01T20:29:00.440-0300][gc,start      ] GC(927) Pause Young (Normal) (G1 Evacuation Pause)
[2024-06-01T20:29:00.440-0300][gc,task       ] GC(927) Using 4 workers of 4 for evacuation
[2024-06-01T20:29:00.458-0300][gc,phases     ] GC(927)   Pre Evacuate Collection Set: 0,1ms
[2024-06-01T20:29:00.458-0300][gc,phases     ] GC(927)   Evacuate Collection Set: 17,1ms
[2024-06-01T20:29:00.458-0300][gc,phases     ] GC(927)   Post Evacuate Collection Set: 1,1ms
[2024-06-01T20:29:00.458-0300][gc,phases     ] GC(927)   Other: 0,5ms
[2024-06-01T20:29:00.458-0300][gc,heap       ] GC(927) Eden regions: 52->0(55)
[2024-06-01T20:29:00.458-0300][gc,heap       ] GC(927) Survivor regions: 5->6(8)
[2024-06-01T20:29:00.458-0300][gc,heap       ] GC(927) Old regions: 512->512
[2024-06-01T20:29:00.458-0300][gc,heap       ] GC(927) Humongous regions: 129->129
[2024-06-01T20:29:00.458-0300][gc,metaspace  ] GC(927) Metaspace: 45755K(48924K)->45755K(48924K) NonClass: 40016K(41680K)->40016K(41680K) Class: 5738K(7244K)->5738K(7244K)
[2024-06-01T20:29:00.459-0300][gc            ] GC(927) Pause Young (Normal) (G1 Evacuation Pause) 695M->644M(1024M) 18,880ms
[2024-06-01T20:29:00.459-0300][gc,cpu        ] GC(927) User=0,06s Sys=0,00s Real=0,02s
[2024-06-01T20:29:29.119-0300][gc,start      ] GC(928) Pause Young (Normal) (G1 Evacuation Pause)
[2024-06-01T20:29:29.119-0300][gc,task       ] GC(928) Using 4 workers of 4 for evacuation
[2024-06-01T20:29:29.140-0300][gc,mmu        ] GC(928) MMU target violated: 21,0ms (20,0ms/21,0ms)
[2024-06-01T20:29:29.141-0300][gc,phases     ] GC(928)   Pre Evacuate Collection Set: 0,1ms
[2024-06-01T20:29:29.141-0300][gc,phases     ] GC(928)   Evacuate Collection Set: 20,2ms
[2024-06-01T20:29:29.141-0300][gc,phases     ] GC(928)   Post Evacuate Collection Set: 1,0ms
[2024-06-01T20:29:29.141-0300][gc,phases     ] GC(928)   Other: 0,5ms
[2024-06-01T20:29:29.141-0300][gc,heap       ] GC(928) Eden regions: 45->0(53)
[2024-06-01T20:29:29.141-0300][gc,heap       ] GC(928) Survivor regions: 6->5(7)
[2024-06-01T20:29:29.141-0300][gc,heap       ] GC(928) Old regions: 512->514
[2024-06-01T20:29:29.141-0300][gc,heap       ] GC(928) Humongous regions: 129->129
[2024-06-01T20:29:29.141-0300][gc,metaspace  ] GC(928) Metaspace: 45755K(48924K)->45755K(48924K) NonClass: 40016K(41680K)->40016K(41680K) Class: 5738K(7244K)->5738K(7244K)
[2024-06-01T20:29:29.141-0300][gc            ] GC(928) Pause Young (Normal) (G1 Evacuation Pause) 689M->645M(1024M) 21,949ms
[2024-06-01T20:29:29.141-0300][gc,cpu        ] GC(928) User=0,08s Sys=0,00s Real=0,02s
[2024-06-01T20:30:02.736-0300][gc,start      ] GC(929) Pause Young (Normal) (G1 Evacuation Pause)
[2024-06-01T20:30:02.736-0300][gc,task       ] GC(929) Using 4 workers of 4 for evacuation
[2024-06-01T20:30:02.754-0300][gc,phases     ] GC(929)   Pre Evacuate Collection Set: 0,1ms
[2024-06-01T20:30:02.754-0300][gc,phases     ] GC(929)   Evacuate Collection Set: 16,4ms
[2024-06-01T20:30:02.754-0300][gc,phases     ] GC(929)   Post Evacuate Collection Set: 1,0ms
[2024-06-01T20:30:02.754-0300][gc,phases     ] GC(929)   Other: 0,4ms
[2024-06-01T20:30:02.754-0300][gc,heap       ] GC(929) Eden regions: 53->0(53)
[2024-06-01T20:30:02.754-0300][gc,heap       ] GC(929) Survivor regions: 5->5(8)
[2024-06-01T20:30:02.754-0300][gc,heap       ] GC(929) Old regions: 514->514
[2024-06-01T20:30:02.754-0300][gc,heap       ] GC(929) Humongous regions: 129->129
[2024-06-01T20:30:02.754-0300][gc,metaspace  ] GC(929) Metaspace: 45755K(48924K)->45755K(48924K) NonClass: 40016K(41680K)->40016K(41680K) Class: 5738K(7244K)->5738K(7244K)
[2024-06-01T20:30:02.754-0300][gc            ] GC(929) Pause Young (Normal) (G1 Evacuation Pause) 698M->645M(1024M) 18,218ms
[2024-06-01T20:30:02.755-0300][gc,cpu        ] GC(929) User=0,07s Sys=0,00s Real=0,01s
[2024-06-01T20:30:31.799-0300][gc,start      ] GC(930) Pause Young (Normal) (G1 Evacuation Pause)
[2024-06-01T20:30:31.799-0300][gc,task       ] GC(930) Using 4 workers of 4 for evacuation
[2024-06-01T20:30:31.807-0300][gc,phases     ] GC(930)   Pre Evacuate Collection Set: 0,0ms
[2024-06-01T20:30:31.807-0300][gc,phases     ] GC(930)   Evacuate Collection Set: 7,3ms
[2024-06-01T20:30:31.807-0300][gc,phases     ] GC(930)   Post Evacuate Collection Set: 0,3ms
[2024-06-01T20:30:31.807-0300][gc,phases     ] GC(930)   Other: 0,2ms
[2024-06-01T20:30:31.807-0300][gc,heap       ] GC(930) Eden regions: 46->0(53)
[2024-06-01T20:30:31.807-0300][gc,heap       ] GC(930) Survivor regions: 5->5(7)
[2024-06-01T20:30:31.807-0300][gc,heap       ] GC(930) Old regions: 514->515
[2024-06-01T20:30:31.807-0300][gc,heap       ] GC(930) Humongous regions: 129->129
[2024-06-01T20:30:31.807-0300][gc,metaspace  ] GC(930) Metaspace: 45755K(48924K)->45755K(48924K) NonClass: 40016K(41680K)->40016K(41680K) Class: 5738K(7244K)->5738K(7244K)
[2024-06-01T20:30:31.807-0300][gc            ] GC(930) Pause Young (Normal) (G1 Evacuation Pause) 691M->646M(1024M) 7,982ms
[2024-06-01T20:30:31.807-0300][gc,cpu        ] GC(930) User=0,03s Sys=0,00s Real=0,00s
[2024-06-01T20:31:05.234-0300][gc,start      ] GC(931) Pause Young (Normal) (G1 Evacuation Pause)
[2024-06-01T20:31:05.234-0300][gc,task       ] GC(931) Using 4 workers of 4 for evacuation
[2024-06-01T20:31:05.255-0300][gc,mmu        ] GC(931) MMU target violated: 20,9ms (20,0ms/21,0ms)
[2024-06-01T20:31:05.255-0300][gc,phases     ] GC(931)   Pre Evacuate Collection Set: 0,1ms
[2024-06-01T20:31:05.256-0300][gc,phases     ] GC(931)   Evacuate Collection Set: 19,7ms
[2024-06-01T20:31:05.256-0300][gc,phases     ] GC(931)   Post Evacuate Collection Set: 1,0ms
[2024-06-01T20:31:05.256-0300][gc,phases     ] GC(931)   Other: 0,6ms
[2024-06-01T20:31:05.256-0300][gc,heap       ] GC(931) Eden regions: 53->0(51)
[2024-06-01T20:31:05.256-0300][gc,heap       ] GC(931) Survivor regions: 5->5(8)
[2024-06-01T20:31:05.256-0300][gc,heap       ] GC(931) Old regions: 515->515
[2024-06-01T20:31:05.256-0300][gc,heap       ] GC(931) Humongous regions: 129->129
[2024-06-01T20:31:05.256-0300][gc,metaspace  ] GC(931) Metaspace: 45755K(48924K)->45755K(48924K) NonClass: 40016K(41680K)->40016K(41680K) Class: 5738K(7244K)->5738K(7244K)
[2024-06-01T20:31:05.256-0300][gc            ] GC(931) Pause Young (Normal) (G1 Evacuation Pause) 699M->647M(1024M) 21,424ms
[2024-06-01T20:31:05.256-0300][gc,cpu        ] GC(931) User=0,08s Sys=0,00s Real=0,03s
[2024-06-01T20:31:34.131-0300][gc,start      ] GC(932) Pause Young (Normal) (G1 Evacuation Pause)
[2024-06-01T20:31:34.131-0300][gc,task       ] GC(932) Using 4 workers of 4 for evacuation
[2024-06-01T20:31:34.139-0300][gc,phases     ] GC(932)   Pre Evacuate Collection Set: 0,0ms
[2024-06-01T20:31:34.139-0300][gc,phases     ] GC(932)   Evacuate Collection Set: 7,2ms
[2024-06-01T20:31:34.139-0300][gc,phases     ] GC(932)   Post Evacuate Collection Set: 0,4ms
[2024-06-01T20:31:34.139-0300][gc,phases     ] GC(932)   Other: 0,2ms
[2024-06-01T20:31:34.139-0300][gc,heap       ] GC(932) Eden regions: 46->0(53)
[2024-06-01T20:31:34.139-0300][gc,heap       ] GC(932) Survivor regions: 5->5(7)
[2024-06-01T20:31:34.139-0300][gc,heap       ] GC(932) Old regions: 515->517
[2024-06-01T20:31:34.139-0300][gc,heap       ] GC(932) Humongous regions: 129->129
[2024-06-01T20:31:34.139-0300][gc,metaspace  ] GC(932) Metaspace: 45755K(48924K)->45755K(48924K) NonClass: 40016K(41680K)->40016K(41680K) Class: 5738K(7244K)->5738K(7244K)
[2024-06-01T20:31:34.139-0300][gc            ] GC(932) Pause Young (Normal) (G1 Evacuation Pause) 693M->648M(1024M) 7,924ms
[2024-06-01T20:31:34.139-0300][gc,cpu        ] GC(932) User=0,03s Sys=0,00s Real=0,01s
[2024-06-01T20:32:07.900-0300][gc,start      ] GC(933) Pause Young (Normal) (G1 Evacuation Pause)
[2024-06-01T20:32:07.900-0300][gc,task       ] GC(933) Using 4 workers of 4 for evacuation
[2024-06-01T20:32:07.919-0300][gc,phases     ] GC(933)   Pre Evacuate Collection Set: 0,1ms
[2024-06-01T20:32:07.919-0300][gc,phases     ] GC(933)   Evacuate Collection Set: 17,4ms
[2024-06-01T20:32:07.919-0300][gc,phases     ] GC(933)   Post Evacuate Collection Set: 1,0ms
[2024-06-01T20:32:07.919-0300][gc,phases     ] GC(933)   Other: 0,4ms
[2024-06-01T20:32:07.919-0300][gc,heap       ] GC(933) Eden regions: 53->0(52)
[2024-06-01T20:32:07.919-0300][gc,heap       ] GC(933) Survivor regions: 5->6(8)
[2024-06-01T20:32:07.919-0300][gc,heap       ] GC(933) Old regions: 517->517
[2024-06-01T20:32:07.919-0300][gc,heap       ] GC(933) Humongous regions: 129->129
[2024-06-01T20:32:07.919-0300][gc,metaspace  ] GC(933) Metaspace: 45755K(48924K)->45755K(48924K) NonClass: 40016K(41680K)->40016K(41680K) Class: 5738K(7244K)->5738K(7244K)
[2024-06-01T20:32:07.919-0300][gc            ] GC(933) Pause Young (Normal) (G1 Evacuation Pause) 701M->649M(1024M) 19,190ms
[2024-06-01T20:32:07.919-0300][gc,cpu        ] GC(933) User=0,07s Sys=0,00s Real=0,02s
[2024-06-01T20:32:36.628-0300][gc,start      ] GC(934) Pause Young (Normal) (G1 Evacuation Pause)
[2024-06-01T20:32:36.628-0300][gc,task       ] GC(934) Using 4 workers of 4 for evacuation
[2024-06-01T20:32:36.650-0300][gc,mmu        ] GC(934) MMU target violated: 21,0ms (20,0ms/21,0ms)
[2024-06-01T20:32:36.651-0300][gc,phases     ] GC(934)   Pre Evacuate Collection Set: 0,1ms
[2024-06-01T20:32:36.651-0300][gc,phases     ] GC(934)   Evacuate Collection Set: 21,5ms
[2024-06-01T20:32:36.651-0300][gc,phases     ] GC(934)   Post Evacuate Collection Set: 1,0ms
[2024-06-01T20:32:36.651-0300][gc,phases     ] GC(934)   Other: 0,5ms
[2024-06-01T20:32:36.651-0300][gc,heap       ] GC(934) Eden regions: 45->0(50)
[2024-06-01T20:32:36.651-0300][gc,heap       ] GC(934) Survivor regions: 6->5(7)
[2024-06-01T20:32:36.651-0300][gc,heap       ] GC(934) Old regions: 517->519
[2024-06-01T20:32:36.651-0300][gc,heap       ] GC(934) Humongous regions: 129->129
[2024-06-01T20:32:36.651-0300][gc,metaspace  ] GC(934) Metaspace: 45755K(48924K)->45755K(48924K) NonClass: 40016K(41680K)->40016K(41680K) Class: 5738K(7244K)->5738K(7244K)
[2024-06-01T20:32:36.651-0300][gc            ] GC(934) Pause Young (Normal) (G1 Evacuation Pause) 694M->650M(1024M) 23,171ms
[2024-06-01T20:32:36.651-0300][gc,cpu        ] GC(934) User=0,09s Sys=0,00s Real=0,02s
[2024-06-01T20:33:08.479-0300][gc,start      ] GC(935) Pause Young (Normal) (G1 Evacuation Pause)
[2024-06-01T20:33:08.479-0300][gc,task       ] GC(935) Using 4 workers of 4 for evacuation
[2024-06-01T20:33:08.499-0300][gc,phases     ] GC(935)   Pre Evacuate Collection Set: 0,1ms
[2024-06-01T20:33:08.499-0300][gc,phases     ] GC(935)   Evacuate Collection Set: 18,4ms
[2024-06-01T20:33:08.499-0300][gc,phases     ] GC(935)   Post Evacuate Collection Set: 1,0ms
[2024-06-01T20:33:08.499-0300][gc,phases     ] GC(935)   Other: 0,5ms
[2024-06-01T20:33:08.499-0300][gc,heap       ] GC(935) Eden regions: 50->0(51)
[2024-06-01T20:33:08.499-0300][gc,heap       ] GC(935) Survivor regions: 5->5(7)
[2024-06-01T20:33:08.499-0300][gc,heap       ] GC(935) Old regions: 519->520
[2024-06-01T20:33:08.499-0300][gc,heap       ] GC(935) Humongous regions: 129->129
[2024-06-01T20:33:08.499-0300][gc,metaspace  ] GC(935) Metaspace: 45755K(48924K)->45755K(48924K) NonClass: 40016K(41680K)->40016K(41680K) Class: 5738K(7244K)->5738K(7244K)
[2024-06-01T20:33:08.499-0300][gc            ] GC(935) Pause Young (Normal) (G1 Evacuation Pause) 700M->651M(1024M) 20,191ms
[2024-06-01T20:33:08.499-0300][gc,cpu        ] GC(935) User=0,07s Sys=0,00s Real=0,02s
[2024-06-01T20:33:40.817-0300][gc,start      ] GC(936) Pause Young (Normal) (G1 Evacuation Pause)
[2024-06-01T20:33:40.817-0300][gc,task       ] GC(936) Using 4 workers of 4 for evacuation
[2024-06-01T20:33:40.836-0300][gc,phases     ] GC(936)   Pre Evacuate Collection Set: 0,1ms
[2024-06-01T20:33:40.836-0300][gc,phases     ] GC(936)   Evacuate Collection Set: 18,2ms
[2024-06-01T20:33:40.836-0300][gc,phases     ] GC(936)   Post Evacuate Collection Set: 1,0ms
[2024-06-01T20:33:40.836-0300][gc,phases     ] GC(936)   Other: 0,5ms
[2024-06-01T20:33:40.836-0300][gc,heap       ] GC(936) Eden regions: 51->0(52)
[2024-06-01T20:33:40.836-0300][gc,heap       ] GC(936) Survivor regions: 5->5(7)
[2024-06-01T20:33:40.836-0300][gc,heap       ] GC(936) Old regions: 520->521
[2024-06-01T20:33:40.836-0300][gc,heap       ] GC(936) Humongous regions: 129->129
[2024-06-01T20:33:40.837-0300][gc,metaspace  ] GC(936) Metaspace: 45755K(48924K)->45755K(48924K) NonClass: 40016K(41680K)->40016K(41680K) Class: 5738K(7244K)->5738K(7244K)
[2024-06-01T20:33:40.837-0300][gc            ] GC(936) Pause Young (Normal) (G1 Evacuation Pause) 702M->653M(1024M) 19,909ms
[2024-06-01T20:33:40.837-0300][gc,cpu        ] GC(936) User=0,07s Sys=0,00s Real=0,02s
[2024-06-01T20:34:14.304-0300][gc,start      ] GC(937) Pause Young (Normal) (G1 Evacuation Pause)
[2024-06-01T20:34:14.304-0300][gc,task       ] GC(937) Using 4 workers of 4 for evacuation
[2024-06-01T20:34:14.322-0300][gc,phases     ] GC(937)   Pre Evacuate Collection Set: 0,1ms
[2024-06-01T20:34:14.322-0300][gc,phases     ] GC(937)   Evacuate Collection Set: 17,0ms
[2024-06-01T20:34:14.322-0300][gc,phases     ] GC(937)   Post Evacuate Collection Set: 1,0ms
[2024-06-01T20:34:14.322-0300][gc,phases     ] GC(937)   Other: 0,5ms
[2024-06-01T20:34:14.322-0300][gc,heap       ] GC(937) Eden regions: 52->0(53)
[2024-06-01T20:34:14.322-0300][gc,heap       ] GC(937) Survivor regions: 5->4(8)
[2024-06-01T20:34:14.322-0300][gc,heap       ] GC(937) Old regions: 521->522
[2024-06-01T20:34:14.322-0300][gc,heap       ] GC(937) Humongous regions: 129->129
[2024-06-01T20:34:14.322-0300][gc,metaspace  ] GC(937) Metaspace: 45755K(48924K)->45755K(48924K) NonClass: 40016K(41680K)->40016K(41680K) Class: 5738K(7244K)->5738K(7244K)
[2024-06-01T20:34:14.322-0300][gc            ] GC(937) Pause Young (Normal) (G1 Evacuation Pause) 705M->653M(1024M) 18,783ms
[2024-06-01T20:34:14.322-0300][gc,cpu        ] GC(937) User=0,06s Sys=0,00s Real=0,02s
[2024-06-01T20:34:44.221-0300][gc,start      ] GC(938) Pause Young (Normal) (G1 Evacuation Pause)
[2024-06-01T20:34:44.221-0300][gc,task       ] GC(938) Using 4 workers of 4 for evacuation
[2024-06-01T20:34:44.239-0300][gc,phases     ] GC(938)   Pre Evacuate Collection Set: 0,1ms
[2024-06-01T20:34:44.239-0300][gc,phases     ] GC(938)   Evacuate Collection Set: 16,4ms
[2024-06-01T20:34:44.239-0300][gc,phases     ] GC(938)   Post Evacuate Collection Set: 1,1ms
[2024-06-01T20:34:44.239-0300][gc,phases     ] GC(938)   Other: 0,5ms
[2024-06-01T20:34:44.239-0300][gc,heap       ] GC(938) Eden regions: 47->0(49)
[2024-06-01T20:34:44.239-0300][gc,heap       ] GC(938) Survivor regions: 4->5(7)
[2024-06-01T20:34:44.239-0300][gc,heap       ] GC(938) Old regions: 522->522
[2024-06-01T20:34:44.239-0300][gc,heap       ] GC(938) Humongous regions: 129->129
[2024-06-01T20:34:44.239-0300][gc,metaspace  ] GC(938) Metaspace: 45755K(48924K)->45755K(48924K) NonClass: 40016K(41680K)->40016K(41680K) Class: 5738K(7244K)->5738K(7244K)
[2024-06-01T20:34:44.239-0300][gc            ] GC(938) Pause Young (Normal) (G1 Evacuation Pause) 700M->654M(1024M) 18,222ms
[2024-06-01T20:34:44.239-0300][gc,cpu        ] GC(938) User=0,07s Sys=0,01s Real=0,02s
[2024-06-01T20:35:15.458-0300][gc,start      ] GC(939) Pause Young (Normal) (G1 Evacuation Pause)
[2024-06-01T20:35:15.458-0300][gc,task       ] GC(939) Using 4 workers of 4 for evacuation
[2024-06-01T20:35:15.479-0300][gc,mmu        ] GC(939) MMU target violated: 20,5ms (20,0ms/21,0ms)
[2024-06-01T20:35:15.479-0300][gc,phases     ] GC(939)   Pre Evacuate Collection Set: 0,1ms
[2024-06-01T20:35:15.479-0300][gc,phases     ] GC(939)   Evacuate Collection Set: 19,5ms
[2024-06-01T20:35:15.479-0300][gc,phases     ] GC(939)   Post Evacuate Collection Set: 0,8ms
[2024-06-01T20:35:15.479-0300][gc,phases     ] GC(939)   Other: 0,5ms
[2024-06-01T20:35:15.479-0300][gc,heap       ] GC(939) Eden regions: 49->0(50)
[2024-06-01T20:35:15.479-0300][gc,heap       ] GC(939) Survivor regions: 5->5(7)
[2024-06-01T20:35:15.479-0300][gc,heap       ] GC(939) Old regions: 522->524
[2024-06-01T20:35:15.479-0300][gc,heap       ] GC(939) Humongous regions: 129->129
[2024-06-01T20:35:15.479-0300][gc,metaspace  ] GC(939) Metaspace: 45755K(48924K)->45755K(48924K) NonClass: 40016K(41680K)->40016K(41680K) Class: 5738K(7244K)->5738K(7244K)
[2024-06-01T20:35:15.479-0300][gc            ] GC(939) Pause Young (Normal) (G1 Evacuation Pause) 703M->655M(1024M) 21,032ms
[2024-06-01T20:35:15.479-0300][gc,cpu        ] GC(939) User=0,08s Sys=0,00s Real=0,02s
[2024-06-01T20:35:47.321-0300][gc,start      ] GC(940) Pause Young (Normal) (G1 Evacuation Pause)
[2024-06-01T20:35:47.321-0300][gc,task       ] GC(940) Using 4 workers of 4 for evacuation
[2024-06-01T20:35:47.328-0300][gc,phases     ] GC(940)   Pre Evacuate Collection Set: 0,0ms
[2024-06-01T20:35:47.328-0300][gc,phases     ] GC(940)   Evacuate Collection Set: 6,4ms
[2024-06-01T20:35:47.328-0300][gc,phases     ] GC(940)   Post Evacuate Collection Set: 0,6ms
[2024-06-01T20:35:47.328-0300][gc,phases     ] GC(940)   Other: 0,2ms
[2024-06-01T20:35:47.328-0300][gc,heap       ] GC(940) Eden regions: 50->0(52)
[2024-06-01T20:35:47.328-0300][gc,heap       ] GC(940) Survivor regions: 5->5(7)
[2024-06-01T20:35:47.328-0300][gc,heap       ] GC(940) Old regions: 524->525
[2024-06-01T20:35:47.328-0300][gc,heap       ] GC(940) Humongous regions: 129->129
[2024-06-01T20:35:47.329-0300][gc,metaspace  ] GC(940) Metaspace: 45755K(48924K)->45755K(48924K) NonClass: 40016K(41680K)->40016K(41680K) Class: 5738K(7244K)->5738K(7244K)
[2024-06-01T20:35:47.329-0300][gc            ] GC(940) Pause Young (Normal) (G1 Evacuation Pause) 705M->657M(1024M) 7,257ms
[2024-06-01T20:35:47.329-0300][gc,cpu        ] GC(940) User=0,02s Sys=0,00s Real=0,01s
[2024-06-01T20:36:20.620-0300][gc,start      ] GC(941) Pause Young (Normal) (G1 Evacuation Pause)
[2024-06-01T20:36:20.620-0300][gc,task       ] GC(941) Using 4 workers of 4 for evacuation
[2024-06-01T20:36:20.641-0300][gc,mmu        ] GC(941) MMU target violated: 20,6ms (20,0ms/21,0ms)
[2024-06-01T20:36:20.641-0300][gc,phases     ] GC(941)   Pre Evacuate Collection Set: 0,1ms
[2024-06-01T20:36:20.641-0300][gc,phases     ] GC(941)   Evacuate Collection Set: 19,3ms
[2024-06-01T20:36:20.641-0300][gc,phases     ] GC(941)   Post Evacuate Collection Set: 1,0ms
[2024-06-01T20:36:20.641-0300][gc,phases     ] GC(941)   Other: 0,5ms
[2024-06-01T20:36:20.641-0300][gc,heap       ] GC(941) Eden regions: 52->0(52)
[2024-06-01T20:36:20.641-0300][gc,heap       ] GC(941) Survivor regions: 5->5(8)
[2024-06-01T20:36:20.641-0300][gc,heap       ] GC(941) Old regions: 525->526
[2024-06-01T20:36:20.641-0300][gc,heap       ] GC(941) Humongous regions: 129->129
[2024-06-01T20:36:20.641-0300][gc,metaspace  ] GC(941) Metaspace: 45755K(48924K)->45755K(48924K) NonClass: 40016K(41680K)->40016K(41680K) Class: 5738K(7244K)->5738K(7244K)
[2024-06-01T20:36:20.641-0300][gc            ] GC(941) Pause Young (Normal) (G1 Evacuation Pause) 709M->658M(1024M) 21,102ms
[2024-06-01T20:36:20.641-0300][gc,cpu        ] GC(941) User=0,07s Sys=0,00s Real=0,02s
[2024-06-01T20:36:53.814-0300][gc,start      ] GC(942) Pause Young (Normal) (G1 Evacuation Pause)
[2024-06-01T20:36:53.814-0300][gc,task       ] GC(942) Using 4 workers of 4 for evacuation
[2024-06-01T20:36:53.820-0300][gc,phases     ] GC(942)   Pre Evacuate Collection Set: 0,0ms
[2024-06-01T20:36:53.821-0300][gc,phases     ] GC(942)   Evacuate Collection Set: 6,0ms
[2024-06-01T20:36:53.821-0300][gc,phases     ] GC(942)   Post Evacuate Collection Set: 0,5ms
[2024-06-01T20:36:53.821-0300][gc,phases     ] GC(942)   Other: 0,2ms
[2024-06-01T20:36:53.821-0300][gc,heap       ] GC(942) Eden regions: 52->0(59)
[2024-06-01T20:36:53.821-0300][gc,heap       ] GC(942) Survivor regions: 5->5(8)
[2024-06-01T20:36:53.821-0300][gc,heap       ] GC(942) Old regions: 526->527
[2024-06-01T20:36:53.821-0300][gc,heap       ] GC(942) Humongous regions: 129->129
[2024-06-01T20:36:53.821-0300][gc,metaspace  ] GC(942) Metaspace: 45755K(48924K)->45755K(48924K) NonClass: 40016K(41680K)->40016K(41680K) Class: 5738K(7244K)->5738K(7244K)
[2024-06-01T20:36:53.821-0300][gc            ] GC(942) Pause Young (Normal) (G1 Evacuation Pause) 710M->658M(1024M) 6,843ms
[2024-06-01T20:36:53.821-0300][gc,cpu        ] GC(942) User=0,03s Sys=0,00s Real=0,01s
[2024-06-01T20:37:31.641-0300][gc,start      ] GC(943) Pause Young (Normal) (G1 Evacuation Pause)
[2024-06-01T20:37:31.641-0300][gc,task       ] GC(943) Using 4 workers of 4 for evacuation
[2024-06-01T20:37:31.659-0300][gc,phases     ] GC(943)   Pre Evacuate Collection Set: 0,1ms
[2024-06-01T20:37:31.659-0300][gc,phases     ] GC(943)   Evacuate Collection Set: 16,7ms
[2024-06-01T20:37:31.659-0300][gc,phases     ] GC(943)   Post Evacuate Collection Set: 1,0ms
[2024-06-01T20:37:31.659-0300][gc,phases     ] GC(943)   Other: 0,4ms
[2024-06-01T20:37:31.659-0300][gc,heap       ] GC(943) Eden regions: 59->0(56)
[2024-06-01T20:37:31.659-0300][gc,heap       ] GC(943) Survivor regions: 5->5(8)
[2024-06-01T20:37:31.659-0300][gc,heap       ] GC(943) Old regions: 527->527
[2024-06-01T20:37:31.659-0300][gc,heap       ] GC(943) Humongous regions: 129->129
[2024-06-01T20:37:31.659-0300][gc,metaspace  ] GC(943) Metaspace: 45755K(48924K)->45755K(48924K) NonClass: 40016K(41680K)->40016K(41680K) Class: 5738K(7244K)->5738K(7244K)
[2024-06-01T20:37:31.659-0300][gc            ] GC(943) Pause Young (Normal) (G1 Evacuation Pause) 717M->659M(1024M) 18,394ms
[2024-06-01T20:37:31.659-0300][gc,cpu        ] GC(943) User=0,06s Sys=0,00s Real=0,02s
[2024-06-01T20:38:00.986-0300][gc,start      ] GC(944) Pause Young (Normal) (G1 Evacuation Pause)
[2024-06-01T20:38:00.986-0300][gc,task       ] GC(944) Using 4 workers of 4 for evacuation
[2024-06-01T20:38:01.005-0300][gc,phases     ] GC(944)   Pre Evacuate Collection Set: 0,1ms
[2024-06-01T20:38:01.005-0300][gc,phases     ] GC(944)   Evacuate Collection Set: 17,8ms
[2024-06-01T20:38:01.005-0300][gc,phases     ] GC(944)   Post Evacuate Collection Set: 1,0ms
[2024-06-01T20:38:01.005-0300][gc,phases     ] GC(944)   Other: 0,5ms
[2024-06-01T20:38:01.005-0300][gc,heap       ] GC(944) Eden regions: 46->0(54)
[2024-06-01T20:38:01.005-0300][gc,heap       ] GC(944) Survivor regions: 5->3(7)
[2024-06-01T20:38:01.005-0300][gc,heap       ] GC(944) Old regions: 527->529
[2024-06-01T20:38:01.005-0300][gc,heap       ] GC(944) Humongous regions: 129->129
[2024-06-01T20:38:01.005-0300][gc,metaspace  ] GC(944) Metaspace: 45755K(48924K)->45755K(48924K) NonClass: 40016K(41680K)->40016K(41680K) Class: 5738K(7244K)->5738K(7244K)
[2024-06-01T20:38:01.005-0300][gc            ] GC(944) Pause Young (Normal) (G1 Evacuation Pause) 705M->659M(1024M) 19,611ms
[2024-06-01T20:38:01.005-0300][gc,cpu        ] GC(944) User=0,07s Sys=0,00s Real=0,02s
[2024-06-01T20:38:34.970-0300][gc,start      ] GC(945) Pause Young (Normal) (G1 Evacuation Pause)
[2024-06-01T20:38:34.970-0300][gc,task       ] GC(945) Using 4 workers of 4 for evacuation
[2024-06-01T20:38:34.978-0300][gc,phases     ] GC(945)   Pre Evacuate Collection Set: 0,0ms
[2024-06-01T20:38:34.978-0300][gc,phases     ] GC(945)   Evacuate Collection Set: 6,8ms
[2024-06-01T20:38:34.978-0300][gc,phases     ] GC(945)   Post Evacuate Collection Set: 0,6ms
[2024-06-01T20:38:34.978-0300][gc,phases     ] GC(945)   Other: 0,2ms
[2024-06-01T20:38:34.978-0300][gc,heap       ] GC(945) Eden regions: 54->0(55)
[2024-06-01T20:38:34.978-0300][gc,heap       ] GC(945) Survivor regions: 3->4(8)
[2024-06-01T20:38:34.978-0300][gc,heap       ] GC(945) Old regions: 529->529
[2024-06-01T20:38:34.978-0300][gc,heap       ] GC(945) Humongous regions: 129->129
[2024-06-01T20:38:34.978-0300][gc,metaspace  ] GC(945) Metaspace: 45755K(48924K)->45755K(48924K) NonClass: 40016K(41680K)->40016K(41680K) Class: 5738K(7244K)->5738K(7244K)
[2024-06-01T20:38:34.978-0300][gc            ] GC(945) Pause Young (Normal) (G1 Evacuation Pause) 713M->660M(1024M) 7,808ms
[2024-06-01T20:38:34.978-0300][gc,cpu        ] GC(945) User=0,03s Sys=0,00s Real=0,01s
[2024-06-01T20:39:09.575-0300][gc,start      ] GC(946) Pause Young (Normal) (G1 Evacuation Pause)
[2024-06-01T20:39:09.575-0300][gc,task       ] GC(946) Using 4 workers of 4 for evacuation
[2024-06-01T20:39:09.593-0300][gc,phases     ] GC(946)   Pre Evacuate Collection Set: 0,1ms
[2024-06-01T20:39:09.594-0300][gc,phases     ] GC(946)   Evacuate Collection Set: 16,8ms
[2024-06-01T20:39:09.594-0300][gc,phases     ] GC(946)   Post Evacuate Collection Set: 1,0ms
[2024-06-01T20:39:09.594-0300][gc,phases     ] GC(946)   Other: 0,4ms
[2024-06-01T20:39:09.594-0300][gc,heap       ] GC(946) Eden regions: 55->0(55)
[2024-06-01T20:39:09.594-0300][gc,heap       ] GC(946) Survivor regions: 4->5(8)
[2024-06-01T20:39:09.594-0300][gc,heap       ] GC(946) Old regions: 529->529
[2024-06-01T20:39:09.594-0300][gc,heap       ] GC(946) Humongous regions: 129->129
[2024-06-01T20:39:09.594-0300][gc,metaspace  ] GC(946) Metaspace: 45755K(48924K)->45755K(48924K) NonClass: 40016K(41680K)->40016K(41680K) Class: 5738K(7244K)->5738K(7244K)
[2024-06-01T20:39:09.594-0300][gc            ] GC(946) Pause Young (Normal) (G1 Evacuation Pause) 715M->661M(1024M) 18,494ms
[2024-06-01T20:39:09.594-0300][gc,cpu        ] GC(946) User=0,07s Sys=0,00s Real=0,02s
[2024-06-01T20:39:44.759-0300][gc,start      ] GC(947) Pause Young (Normal) (G1 Evacuation Pause)
[2024-06-01T20:39:44.759-0300][gc,task       ] GC(947) Using 4 workers of 4 for evacuation
[2024-06-01T20:39:44.780-0300][gc,mmu        ] GC(947) MMU target violated: 21,0ms (20,0ms/21,0ms)
[2024-06-01T20:39:44.780-0300][gc,phases     ] GC(947)   Pre Evacuate Collection Set: 0,1ms
[2024-06-01T20:39:44.780-0300][gc,phases     ] GC(947)   Evacuate Collection Set: 20,2ms
[2024-06-01T20:39:44.780-0300][gc,phases     ] GC(947)   Post Evacuate Collection Set: 1,0ms
[2024-06-01T20:39:44.780-0300][gc,phases     ] GC(947)   Other: 0,5ms
[2024-06-01T20:39:44.780-0300][gc,heap       ] GC(947) Eden regions: 55->0(54)
[2024-06-01T20:39:44.780-0300][gc,heap       ] GC(947) Survivor regions: 5->5(8)
[2024-06-01T20:39:44.780-0300][gc,heap       ] GC(947) Old regions: 529->530
[2024-06-01T20:39:44.780-0300][gc,heap       ] GC(947) Humongous regions: 129->129
[2024-06-01T20:39:44.780-0300][gc,metaspace  ] GC(947) Metaspace: 45755K(48924K)->45755K(48924K) NonClass: 40016K(41680K)->40016K(41680K) Class: 5738K(7244K)->5738K(7244K)
[2024-06-01T20:39:44.780-0300][gc            ] GC(947) Pause Young (Normal) (G1 Evacuation Pause) 716M->662M(1024M) 21,914ms
[2024-06-01T20:39:44.781-0300][gc,cpu        ] GC(947) User=0,08s Sys=0,00s Real=0,02s
[2024-06-01T20:40:19.222-0300][gc,start      ] GC(948) Pause Young (Normal) (G1 Evacuation Pause)
[2024-06-01T20:40:19.222-0300][gc,task       ] GC(948) Using 4 workers of 4 for evacuation
[2024-06-01T20:40:19.242-0300][gc,phases     ] GC(948)   Pre Evacuate Collection Set: 0,1ms
[2024-06-01T20:40:19.242-0300][gc,phases     ] GC(948)   Evacuate Collection Set: 18,7ms
[2024-06-01T20:40:19.242-0300][gc,phases     ] GC(948)   Post Evacuate Collection Set: 0,9ms
[2024-06-01T20:40:19.242-0300][gc,phases     ] GC(948)   Other: 0,5ms
[2024-06-01T20:40:19.242-0300][gc,heap       ] GC(948) Eden regions: 54->0(54)
[2024-06-01T20:40:19.242-0300][gc,heap       ] GC(948) Survivor regions: 5->6(8)
[2024-06-01T20:40:19.242-0300][gc,heap       ] GC(948) Old regions: 530->531
[2024-06-01T20:40:19.242-0300][gc,heap       ] GC(948) Humongous regions: 129->129
[2024-06-01T20:40:19.242-0300][gc,metaspace  ] GC(948) Metaspace: 45755K(48924K)->45755K(48924K) NonClass: 40016K(41680K)->40016K(41680K) Class: 5738K(7244K)->5738K(7244K)
[2024-06-01T20:40:19.242-0300][gc            ] GC(948) Pause Young (Normal) (G1 Evacuation Pause) 716M->663M(1024M) 20,451ms
[2024-06-01T20:40:19.242-0300][gc,cpu        ] GC(948) User=0,08s Sys=0,00s Real=0,02s
[2024-06-01T20:40:53.352-0300][gc,start      ] GC(949) Pause Young (Normal) (G1 Evacuation Pause)
[2024-06-01T20:40:53.352-0300][gc,task       ] GC(949) Using 4 workers of 4 for evacuation
[2024-06-01T20:40:53.374-0300][gc,mmu        ] GC(949) MMU target violated: 21,0ms (20,0ms/21,0ms)
[2024-06-01T20:40:53.375-0300][gc,phases     ] GC(949)   Pre Evacuate Collection Set: 0,1ms
[2024-06-01T20:40:53.375-0300][gc,phases     ] GC(949)   Evacuate Collection Set: 21,0ms
[2024-06-01T20:40:53.375-0300][gc,phases     ] GC(949)   Post Evacuate Collection Set: 1,0ms
[2024-06-01T20:40:53.375-0300][gc,phases     ] GC(949)   Other: 0,6ms
[2024-06-01T20:40:53.375-0300][gc,heap       ] GC(949) Eden regions: 54->0(52)
[2024-06-01T20:40:53.375-0300][gc,heap       ] GC(949) Survivor regions: 6->5(8)
[2024-06-01T20:40:53.375-0300][gc,heap       ] GC(949) Old regions: 531->533
[2024-06-01T20:40:53.375-0300][gc,heap       ] GC(949) Humongous regions: 129->129
[2024-06-01T20:40:53.375-0300][gc,metaspace  ] GC(949) Metaspace: 45755K(48924K)->45755K(48924K) NonClass: 40016K(41680K)->40016K(41680K) Class: 5738K(7244K)->5738K(7244K)
[2024-06-01T20:40:53.375-0300][gc            ] GC(949) Pause Young (Normal) (G1 Evacuation Pause) 717M->665M(1024M) 22,778ms
[2024-06-01T20:40:53.375-0300][gc,cpu        ] GC(949) User=0,08s Sys=0,00s Real=0,02s
[2024-06-01T20:41:26.514-0300][gc,start      ] GC(950) Pause Young (Normal) (G1 Evacuation Pause)
[2024-06-01T20:41:26.514-0300][gc,task       ] GC(950) Using 4 workers of 4 for evacuation
[2024-06-01T20:41:26.534-0300][gc,mmu        ] GC(950) MMU target violated: 20,1ms (20,0ms/21,0ms)
[2024-06-01T20:41:26.534-0300][gc,phases     ] GC(950)   Pre Evacuate Collection Set: 0,1ms
[2024-06-01T20:41:26.534-0300][gc,phases     ] GC(950)   Evacuate Collection Set: 18,9ms
[2024-06-01T20:41:26.534-0300][gc,phases     ] GC(950)   Post Evacuate Collection Set: 0,9ms
[2024-06-01T20:41:26.534-0300][gc,phases     ] GC(950)   Other: 0,6ms
[2024-06-01T20:41:26.534-0300][gc,heap       ] GC(950) Eden regions: 52->0(52)
[2024-06-01T20:41:26.535-0300][gc,heap       ] GC(950) Survivor regions: 5->5(8)
[2024-06-01T20:41:26.535-0300][gc,heap       ] GC(950) Old regions: 533->534
[2024-06-01T20:41:26.535-0300][gc,heap       ] GC(950) Humongous regions: 129->129
[2024-06-01T20:41:26.535-0300][gc,metaspace  ] GC(950) Metaspace: 45755K(48924K)->45755K(48924K) NonClass: 40016K(41680K)->40016K(41680K) Class: 5738K(7244K)->5738K(7244K)
[2024-06-01T20:41:26.535-0300][gc            ] GC(950) Pause Young (Normal) (G1 Evacuation Pause) 717M->666M(1024M) 20,606ms
[2024-06-01T20:41:26.535-0300][gc,cpu        ] GC(950) User=0,07s Sys=0,00s Real=0,02s
[2024-06-01T20:41:55.947-0300][gc,start      ] GC(951) Pause Young (Normal) (G1 Evacuation Pause)
[2024-06-01T20:41:55.948-0300][gc,task       ] GC(951) Using 4 workers of 4 for evacuation
[2024-06-01T20:41:55.968-0300][gc,phases     ] GC(951)   Pre Evacuate Collection Set: 0,1ms
[2024-06-01T20:41:55.968-0300][gc,phases     ] GC(951)   Evacuate Collection Set: 18,8ms
[2024-06-01T20:41:55.968-0300][gc,phases     ] GC(951)   Post Evacuate Collection Set: 0,9ms
[2024-06-01T20:41:55.968-0300][gc,phases     ] GC(951)   Other: 0,4ms
[2024-06-01T20:41:55.968-0300][gc,heap       ] GC(951) Eden regions: 46->0(50)
[2024-06-01T20:41:55.968-0300][gc,heap       ] GC(951) Survivor regions: 5->5(7)
[2024-06-01T20:41:55.968-0300][gc,heap       ] GC(951) Old regions: 534->535
[2024-06-01T20:41:55.968-0300][gc,heap       ] GC(951) Humongous regions: 129->129
[2024-06-01T20:41:55.968-0300][gc,metaspace  ] GC(951) Metaspace: 45755K(48924K)->45755K(48924K) NonClass: 40016K(41680K)->40016K(41680K) Class: 5738K(7244K)->5738K(7244K)
[2024-06-01T20:41:55.968-0300][gc            ] GC(951) Pause Young (Normal) (G1 Evacuation Pause) 712M->667M(1024M) 20,485ms
[2024-06-01T20:41:55.968-0300][gc,cpu        ] GC(951) User=0,07s Sys=0,00s Real=0,02s
[2024-06-01T20:42:25.181-0300][gc,start      ] GC(952) Pause Young (Normal) (G1 Evacuation Pause)
[2024-06-01T20:42:25.181-0300][gc,task       ] GC(952) Using 4 workers of 4 for evacuation
[2024-06-01T20:42:25.198-0300][gc,phases     ] GC(952)   Pre Evacuate Collection Set: 0,1ms
[2024-06-01T20:42:25.198-0300][gc,phases     ] GC(952)   Evacuate Collection Set: 16,9ms
[2024-06-01T20:42:25.198-0300][gc,phases     ] GC(952)   Post Evacuate Collection Set: 0,4ms
[2024-06-01T20:42:25.198-0300][gc,phases     ] GC(952)   Other: 0,4ms
[2024-06-01T20:42:25.198-0300][gc,heap       ] GC(952) Eden regions: 46->0(51)
[2024-06-01T20:42:25.198-0300][gc,heap       ] GC(952) Survivor regions: 5->4(7)
[2024-06-01T20:42:25.198-0300][gc,heap       ] GC(952) Old regions: 535->536
[2024-06-01T20:42:25.198-0300][gc,heap       ] GC(952) Humongous regions: 129->129
[2024-06-01T20:42:25.198-0300][gc,metaspace  ] GC(952) Metaspace: 45755K(48924K)->45755K(48924K) NonClass: 40016K(41680K)->40016K(41680K) Class: 5738K(7244K)->5738K(7244K)
[2024-06-01T20:42:25.198-0300][gc            ] GC(952) Pause Young (Normal) (G1 Evacuation Pause) 713M->667M(1024M) 17,754ms
[2024-06-01T20:42:25.198-0300][gc,cpu        ] GC(952) User=0,06s Sys=0,00s Real=0,02s
[2024-06-01T20:42:55.141-0300][gc,start      ] GC(953) Pause Young (Normal) (G1 Evacuation Pause)
[2024-06-01T20:42:55.141-0300][gc,task       ] GC(953) Using 4 workers of 4 for evacuation
[2024-06-01T20:42:55.158-0300][gc,phases     ] GC(953)   Pre Evacuate Collection Set: 0,1ms
[2024-06-01T20:42:55.158-0300][gc,phases     ] GC(953)   Evacuate Collection Set: 16,0ms
[2024-06-01T20:42:55.158-0300][gc,phases     ] GC(953)   Post Evacuate Collection Set: 1,0ms
[2024-06-01T20:42:55.158-0300][gc,phases     ] GC(953)   Other: 0,4ms
[2024-06-01T20:42:55.158-0300][gc,heap       ] GC(953) Eden regions: 47->0(49)
[2024-06-01T20:42:55.158-0300][gc,heap       ] GC(953) Survivor regions: 4->5(7)
[2024-06-01T20:42:55.158-0300][gc,heap       ] GC(953) Old regions: 536->536
[2024-06-01T20:42:55.158-0300][gc,heap       ] GC(953) Humongous regions: 129->129
[2024-06-01T20:42:55.158-0300][gc,metaspace  ] GC(953) Metaspace: 45755K(48924K)->45755K(48924K) NonClass: 40016K(41680K)->40016K(41680K) Class: 5738K(7244K)->5738K(7244K)
[2024-06-01T20:42:55.158-0300][gc            ] GC(953) Pause Young (Normal) (G1 Evacuation Pause) 714M->668M(1024M) 17,706ms
[2024-06-01T20:42:55.158-0300][gc,cpu        ] GC(953) User=0,07s Sys=0,00s Real=0,02s
[2024-06-01T20:43:24.347-0300][gc,start      ] GC(954) Pause Young (Normal) (G1 Evacuation Pause)
[2024-06-01T20:43:24.347-0300][gc,task       ] GC(954) Using 4 workers of 4 for evacuation
[2024-06-01T20:43:24.367-0300][gc,phases     ] GC(954)   Pre Evacuate Collection Set: 0,1ms
[2024-06-01T20:43:24.367-0300][gc,phases     ] GC(954)   Evacuate Collection Set: 18,6ms
[2024-06-01T20:43:24.367-0300][gc,phases     ] GC(954)   Post Evacuate Collection Set: 0,9ms
[2024-06-01T20:43:24.367-0300][gc,phases     ] GC(954)   Other: 0,4ms
[2024-06-01T20:43:24.367-0300][gc,heap       ] GC(954) Eden regions: 46->0(50)
[2024-06-01T20:43:24.367-0300][gc,heap       ] GC(954) Survivor regions: 5->5(7)
[2024-06-01T20:43:24.367-0300][gc,heap       ] GC(954) Old regions: 536->537
[2024-06-01T20:43:24.367-0300][gc,heap       ] GC(954) Humongous regions: 129->129
[2024-06-01T20:43:24.367-0300][gc,metaspace  ] GC(954) Metaspace: 45755K(48924K)->45755K(48924K) NonClass: 40016K(41680K)->40016K(41680K) Class: 5738K(7244K)->5738K(7244K)
[2024-06-01T20:43:24.367-0300][gc            ] GC(954) Pause Young (Normal) (G1 Evacuation Pause) 714M->669M(1024M) 20,251ms
[2024-06-01T20:43:24.367-0300][gc,cpu        ] GC(954) User=0,08s Sys=0,01s Real=0,02s
[2024-06-01T20:43:53.849-0300][gc,start      ] GC(955) Pause Young (Normal) (G1 Evacuation Pause)
[2024-06-01T20:43:53.849-0300][gc,task       ] GC(955) Using 4 workers of 4 for evacuation
[2024-06-01T20:43:53.860-0300][gc,phases     ] GC(955)   Pre Evacuate Collection Set: 0,0ms
[2024-06-01T20:43:53.860-0300][gc,phases     ] GC(955)   Evacuate Collection Set: 10,0ms
[2024-06-01T20:43:53.860-0300][gc,phases     ] GC(955)   Post Evacuate Collection Set: 0,5ms
[2024-06-01T20:43:53.860-0300][gc,phases     ] GC(955)   Other: 0,2ms
[2024-06-01T20:43:53.860-0300][gc,heap       ] GC(955) Eden regions: 46->0(50)
[2024-06-01T20:43:53.860-0300][gc,heap       ] GC(955) Survivor regions: 5->4(7)
[2024-06-01T20:43:53.860-0300][gc,heap       ] GC(955) Old regions: 537->539
[2024-06-01T20:43:53.860-0300][gc,heap       ] GC(955) Humongous regions: 129->129
[2024-06-01T20:43:53.860-0300][gc,metaspace  ] GC(955) Metaspace: 45755K(48924K)->45755K(48924K) NonClass: 40016K(41680K)->40016K(41680K) Class: 5738K(7244K)->5738K(7244K)
[2024-06-01T20:43:53.860-0300][gc            ] GC(955) Pause Young (Normal) (G1 Evacuation Pause) 715M->670M(1024M) 10,912ms
[2024-06-01T20:43:53.860-0300][gc,cpu        ] GC(955) User=0,04s Sys=0,00s Real=0,01s
[2024-06-01T20:44:23.454-0300][gc,start      ] GC(956) Pause Young (Normal) (G1 Evacuation Pause)
[2024-06-01T20:44:23.454-0300][gc,task       ] GC(956) Using 4 workers of 4 for evacuation
[2024-06-01T20:44:23.473-0300][gc,phases     ] GC(956)   Pre Evacuate Collection Set: 0,1ms
[2024-06-01T20:44:23.473-0300][gc,phases     ] GC(956)   Evacuate Collection Set: 17,6ms
[2024-06-01T20:44:23.473-0300][gc,phases     ] GC(956)   Post Evacuate Collection Set: 1,1ms
[2024-06-01T20:44:23.473-0300][gc,phases     ] GC(956)   Other: 0,4ms
[2024-06-01T20:44:23.473-0300][gc,heap       ] GC(956) Eden regions: 47->0(48)
[2024-06-01T20:44:23.473-0300][gc,heap       ] GC(956) Survivor regions: 4->4(7)
[2024-06-01T20:44:23.473-0300][gc,heap       ] GC(956) Old regions: 539->540
[2024-06-01T20:44:23.473-0300][gc,heap       ] GC(956) Humongous regions: 129->129
[2024-06-01T20:44:23.473-0300][gc,metaspace  ] GC(956) Metaspace: 45755K(48924K)->45755K(48924K) NonClass: 40016K(41680K)->40016K(41680K) Class: 5738K(7244K)->5738K(7244K)
[2024-06-01T20:44:23.473-0300][gc            ] GC(956) Pause Young (Normal) (G1 Evacuation Pause) 717M->671M(1024M) 19,384ms
[2024-06-01T20:44:23.473-0300][gc,cpu        ] GC(956) User=0,07s Sys=0,00s Real=0,02s
[2024-06-01T20:44:54.603-0300][gc,start      ] GC(957) Pause Young (Normal) (G1 Evacuation Pause)
[2024-06-01T20:44:54.603-0300][gc,task       ] GC(957) Using 4 workers of 4 for evacuation
[2024-06-01T20:44:54.622-0300][gc,phases     ] GC(957)   Pre Evacuate Collection Set: 0,1ms
[2024-06-01T20:44:54.622-0300][gc,phases     ] GC(957)   Evacuate Collection Set: 17,6ms
[2024-06-01T20:44:54.622-0300][gc,phases     ] GC(957)   Post Evacuate Collection Set: 1,0ms
[2024-06-01T20:44:54.622-0300][gc,phases     ] GC(957)   Other: 0,4ms
[2024-06-01T20:44:54.622-0300][gc,heap       ] GC(957) Eden regions: 48->0(49)
[2024-06-01T20:44:54.622-0300][gc,heap       ] GC(957) Survivor regions: 4->5(7)
[2024-06-01T20:44:54.622-0300][gc,heap       ] GC(957) Old regions: 540->541
[2024-06-01T20:44:54.622-0300][gc,heap       ] GC(957) Humongous regions: 129->129
[2024-06-01T20:44:54.622-0300][gc,metaspace  ] GC(957) Metaspace: 45755K(48924K)->45755K(48924K) NonClass: 40016K(41680K)->40016K(41680K) Class: 5738K(7244K)->5738K(7244K)
[2024-06-01T20:44:54.622-0300][gc            ] GC(957) Pause Young (Normal) (G1 Evacuation Pause) 719M->672M(1024M) 19,326ms
[2024-06-01T20:44:54.622-0300][gc,cpu        ] GC(957) User=0,07s Sys=0,00s Real=0,02s
[2024-06-01T20:45:24.336-0300][gc,start      ] GC(958) Pause Young (Normal) (G1 Evacuation Pause)
[2024-06-01T20:45:24.336-0300][gc,task       ] GC(958) Using 4 workers of 4 for evacuation
[2024-06-01T20:45:24.356-0300][gc,phases     ] GC(958)   Pre Evacuate Collection Set: 0,1ms
[2024-06-01T20:45:24.356-0300][gc,phases     ] GC(958)   Evacuate Collection Set: 18,3ms
[2024-06-01T20:45:24.356-0300][gc,phases     ] GC(958)   Post Evacuate Collection Set: 1,0ms
[2024-06-01T20:45:24.356-0300][gc,phases     ] GC(958)   Other: 0,5ms
[2024-06-01T20:45:24.356-0300][gc,heap       ] GC(958) Eden regions: 46->0(48)
[2024-06-01T20:45:24.356-0300][gc,heap       ] GC(958) Survivor regions: 5->4(7)
[2024-06-01T20:45:24.356-0300][gc,heap       ] GC(958) Old regions: 541->542
[2024-06-01T20:45:24.356-0300][gc,heap       ] GC(958) Humongous regions: 129->129
[2024-06-01T20:45:24.356-0300][gc,metaspace  ] GC(958) Metaspace: 45755K(48924K)->45755K(48924K) NonClass: 40016K(41680K)->40016K(41680K) Class: 5738K(7244K)->5738K(7244K)
[2024-06-01T20:45:24.356-0300][gc            ] GC(958) Pause Young (Normal) (G1 Evacuation Pause) 718M->673M(1024M) 20,127ms
[2024-06-01T20:45:24.356-0300][gc,cpu        ] GC(958) User=0,07s Sys=0,00s Real=0,02s
[2024-06-01T20:45:55.282-0300][gc,start      ] GC(959) Pause Young (Normal) (G1 Evacuation Pause)
[2024-06-01T20:45:55.282-0300][gc,task       ] GC(959) Using 4 workers of 4 for evacuation
[2024-06-01T20:45:55.302-0300][gc,phases     ] GC(959)   Pre Evacuate Collection Set: 0,1ms
[2024-06-01T20:45:55.302-0300][gc,phases     ] GC(959)   Evacuate Collection Set: 17,8ms
[2024-06-01T20:45:55.302-0300][gc,phases     ] GC(959)   Post Evacuate Collection Set: 1,0ms
[2024-06-01T20:45:55.302-0300][gc,phases     ] GC(959)   Other: 0,4ms
[2024-06-01T20:45:55.302-0300][gc,heap       ] GC(959) Eden regions: 48->0(49)
[2024-06-01T20:45:55.302-0300][gc,heap       ] GC(959) Survivor regions: 4->5(7)
[2024-06-01T20:45:55.302-0300][gc,heap       ] GC(959) Old regions: 542->543
[2024-06-01T20:45:55.302-0300][gc,heap       ] GC(959) Humongous regions: 129->129
[2024-06-01T20:45:55.302-0300][gc,metaspace  ] GC(959) Metaspace: 45755K(48924K)->45755K(48924K) NonClass: 40016K(41680K)->40016K(41680K) Class: 5738K(7244K)->5738K(7244K)
[2024-06-01T20:45:55.302-0300][gc            ] GC(959) Pause Young (Normal) (G1 Evacuation Pause) 721M->674M(1024M) 19,589ms
[2024-06-01T20:45:55.302-0300][gc,cpu        ] GC(959) User=0,07s Sys=0,00s Real=0,02s
[2024-06-01T20:46:24.822-0300][gc,start      ] GC(960) Pause Young (Normal) (G1 Evacuation Pause)
[2024-06-01T20:46:24.822-0300][gc,task       ] GC(960) Using 4 workers of 4 for evacuation
[2024-06-01T20:46:24.841-0300][gc,phases     ] GC(960)   Pre Evacuate Collection Set: 0,1ms
[2024-06-01T20:46:24.841-0300][gc,phases     ] GC(960)   Evacuate Collection Set: 17,3ms
[2024-06-01T20:46:24.841-0300][gc,phases     ] GC(960)   Post Evacuate Collection Set: 1,0ms
[2024-06-01T20:46:24.841-0300][gc,phases     ] GC(960)   Other: 0,4ms
[2024-06-01T20:46:24.841-0300][gc,heap       ] GC(960) Eden regions: 46->0(49)
[2024-06-01T20:46:24.841-0300][gc,heap       ] GC(960) Survivor regions: 5->4(7)
[2024-06-01T20:46:24.841-0300][gc,heap       ] GC(960) Old regions: 543->544
[2024-06-01T20:46:24.841-0300][gc,heap       ] GC(960) Humongous regions: 129->129
[2024-06-01T20:46:24.841-0300][gc,metaspace  ] GC(960) Metaspace: 45755K(48924K)->45755K(48924K) NonClass: 40016K(41680K)->40016K(41680K) Class: 5738K(7244K)->5738K(7244K)
[2024-06-01T20:46:24.841-0300][gc            ] GC(960) Pause Young (Normal) (G1 Evacuation Pause) 720M->674M(1024M) 19,070ms
[2024-06-01T20:46:24.841-0300][gc,cpu        ] GC(960) User=0,07s Sys=0,00s Real=0,02s
[2024-06-01T20:46:55.028-0300][gc,start      ] GC(961) Pause Young (Normal) (G1 Evacuation Pause)
[2024-06-01T20:46:55.028-0300][gc,task       ] GC(961) Using 4 workers of 4 for evacuation
[2024-06-01T20:46:55.047-0300][gc,phases     ] GC(961)   Pre Evacuate Collection Set: 0,1ms
[2024-06-01T20:46:55.047-0300][gc,phases     ] GC(961)   Evacuate Collection Set: 17,3ms
[2024-06-01T20:46:55.047-0300][gc,phases     ] GC(961)   Post Evacuate Collection Set: 1,0ms
[2024-06-01T20:46:55.047-0300][gc,phases     ] GC(961)   Other: 0,5ms
[2024-06-01T20:46:55.047-0300][gc,heap       ] GC(961) Eden regions: 47->0(49)
[2024-06-01T20:46:55.047-0300][gc,heap       ] GC(961) Survivor regions: 4->5(7)
[2024-06-01T20:46:55.047-0300][gc,heap       ] GC(961) Old regions: 544->544
[2024-06-01T20:46:55.047-0300][gc,heap       ] GC(961) Humongous regions: 129->129
[2024-06-01T20:46:55.047-0300][gc,metaspace  ] GC(961) Metaspace: 45755K(48924K)->45755K(48924K) NonClass: 40016K(41680K)->40016K(41680K) Class: 5738K(7244K)->5738K(7244K)
[2024-06-01T20:46:55.047-0300][gc            ] GC(961) Pause Young (Normal) (G1 Evacuation Pause) 721M->675M(1024M) 19,050ms
[2024-06-01T20:46:55.047-0300][gc,cpu        ] GC(961) User=0,07s Sys=0,00s Real=0,01s
[2024-06-01T20:47:24.532-0300][gc,start      ] GC(962) Pause Young (Normal) (G1 Evacuation Pause)
[2024-06-01T20:47:24.532-0300][gc,task       ] GC(962) Using 4 workers of 4 for evacuation
[2024-06-01T20:47:24.553-0300][gc,mmu        ] GC(962) MMU target violated: 21,0ms (20,0ms/21,0ms)
[2024-06-01T20:47:24.553-0300][gc,phases     ] GC(962)   Pre Evacuate Collection Set: 0,1ms
[2024-06-01T20:47:24.553-0300][gc,phases     ] GC(962)   Evacuate Collection Set: 20,2ms
[2024-06-01T20:47:24.553-0300][gc,phases     ] GC(962)   Post Evacuate Collection Set: 1,0ms
[2024-06-01T20:47:24.554-0300][gc,phases     ] GC(962)   Other: 0,6ms
[2024-06-01T20:47:24.554-0300][gc,heap       ] GC(962) Eden regions: 46->0(48)
[2024-06-01T20:47:24.554-0300][gc,heap       ] GC(962) Survivor regions: 5->5(7)
[2024-06-01T20:47:24.554-0300][gc,heap       ] GC(962) Old regions: 544->545
[2024-06-01T20:47:24.554-0300][gc,heap       ] GC(962) Humongous regions: 129->129
[2024-06-01T20:47:24.554-0300][gc,metaspace  ] GC(962) Metaspace: 45755K(48924K)->45755K(48924K) NonClass: 40016K(41680K)->40016K(41680K) Class: 5738K(7244K)->5738K(7244K)
[2024-06-01T20:47:24.554-0300][gc            ] GC(962) Pause Young (Normal) (G1 Evacuation Pause) 721M->676M(1024M) 22,045ms
[2024-06-01T20:47:24.554-0300][gc,cpu        ] GC(962) User=0,08s Sys=0,00s Real=0,02s
[2024-06-01T20:47:54.191-0300][gc,start      ] GC(963) Pause Young (Normal) (G1 Evacuation Pause)
[2024-06-01T20:47:54.191-0300][gc,task       ] GC(963) Using 4 workers of 4 for evacuation
[2024-06-01T20:47:54.199-0300][gc,phases     ] GC(963)   Pre Evacuate Collection Set: 0,0ms
[2024-06-01T20:47:54.199-0300][gc,phases     ] GC(963)   Evacuate Collection Set: 7,7ms
[2024-06-01T20:47:54.199-0300][gc,phases     ] GC(963)   Post Evacuate Collection Set: 0,6ms
[2024-06-01T20:47:54.199-0300][gc,phases     ] GC(963)   Other: 0,2ms
[2024-06-01T20:47:54.199-0300][gc,heap       ] GC(963) Eden regions: 46->0(49)
[2024-06-01T20:47:54.199-0300][gc,heap       ] GC(963) Survivor regions: 5->4(7)
[2024-06-01T20:47:54.199-0300][gc,heap       ] GC(963) Old regions: 545->547
[2024-06-01T20:47:54.199-0300][gc,heap       ] GC(963) Humongous regions: 129->129
[2024-06-01T20:47:54.199-0300][gc,metaspace  ] GC(963) Metaspace: 45755K(48924K)->45755K(48924K) NonClass: 40016K(41680K)->40016K(41680K) Class: 5738K(7244K)->5738K(7244K)
[2024-06-01T20:47:54.199-0300][gc            ] GC(963) Pause Young (Normal) (G1 Evacuation Pause) 722M->677M(1024M) 8,578ms
[2024-06-01T20:47:54.199-0300][gc,cpu        ] GC(963) User=0,03s Sys=0,00s Real=0,01s
[2024-06-01T20:48:25.579-0300][gc,start      ] GC(964) Pause Young (Normal) (G1 Evacuation Pause)
[2024-06-01T20:48:25.579-0300][gc,task       ] GC(964) Using 4 workers of 4 for evacuation
[2024-06-01T20:48:25.598-0300][gc,phases     ] GC(964)   Pre Evacuate Collection Set: 0,1ms
[2024-06-01T20:48:25.598-0300][gc,phases     ] GC(964)   Evacuate Collection Set: 18,1ms
[2024-06-01T20:48:25.598-0300][gc,phases     ] GC(964)   Post Evacuate Collection Set: 1,0ms
[2024-06-01T20:48:25.598-0300][gc,phases     ] GC(964)   Other: 0,4ms
[2024-06-01T20:48:25.598-0300][gc,heap       ] GC(964) Eden regions: 49->0(50)
[2024-06-01T20:48:25.598-0300][gc,heap       ] GC(964) Survivor regions: 4->5(7)
[2024-06-01T20:48:25.598-0300][gc,heap       ] GC(964) Old regions: 547->548
[2024-06-01T20:48:25.598-0300][gc,heap       ] GC(964) Humongous regions: 129->129
[2024-06-01T20:48:25.598-0300][gc,metaspace  ] GC(964) Metaspace: 45755K(48924K)->45755K(48924K) NonClass: 40016K(41680K)->40016K(41680K) Class: 5738K(7244K)->5738K(7244K)
[2024-06-01T20:48:25.598-0300][gc            ] GC(964) Pause Young (Normal) (G1 Evacuation Pause) 726M->679M(1024M) 19,870ms
[2024-06-01T20:48:25.598-0300][gc,cpu        ] GC(964) User=0,07s Sys=0,00s Real=0,02s
[2024-06-01T20:48:57.107-0300][gc,start      ] GC(965) Pause Young (Normal) (G1 Evacuation Pause)
[2024-06-01T20:48:57.107-0300][gc,task       ] GC(965) Using 4 workers of 4 for evacuation
[2024-06-01T20:48:57.113-0300][gc,phases     ] GC(965)   Pre Evacuate Collection Set: 0,0ms
[2024-06-01T20:48:57.113-0300][gc,phases     ] GC(965)   Evacuate Collection Set: 5,1ms
[2024-06-01T20:48:57.113-0300][gc,phases     ] GC(965)   Post Evacuate Collection Set: 0,3ms
[2024-06-01T20:48:57.113-0300][gc,phases     ] GC(965)   Other: 0,2ms
[2024-06-01T20:48:57.113-0300][gc,heap       ] GC(965) Eden regions: 50->0(55)
[2024-06-01T20:48:57.113-0300][gc,heap       ] GC(965) Survivor regions: 5->5(7)
[2024-06-01T20:48:57.113-0300][gc,heap       ] GC(965) Old regions: 548->549
[2024-06-01T20:48:57.113-0300][gc,heap       ] GC(965) Humongous regions: 129->129
[2024-06-01T20:48:57.113-0300][gc,metaspace  ] GC(965) Metaspace: 45755K(48924K)->45755K(48924K) NonClass: 40016K(41680K)->40016K(41680K) Class: 5738K(7244K)->5738K(7244K)
[2024-06-01T20:48:57.113-0300][gc            ] GC(965) Pause Young (Normal) (G1 Evacuation Pause) 729M->680M(1024M) 5,717ms
[2024-06-01T20:48:57.113-0300][gc,cpu        ] GC(965) User=0,02s Sys=0,01s Real=0,00s
[2024-06-01T20:49:31.942-0300][gc,start      ] GC(966) Pause Young (Normal) (G1 Evacuation Pause)
[2024-06-01T20:49:31.942-0300][gc,task       ] GC(966) Using 4 workers of 4 for evacuation
[2024-06-01T20:49:31.962-0300][gc,phases     ] GC(966)   Pre Evacuate Collection Set: 0,1ms
[2024-06-01T20:49:31.962-0300][gc,phases     ] GC(966)   Evacuate Collection Set: 17,9ms
[2024-06-01T20:49:31.962-0300][gc,phases     ] GC(966)   Post Evacuate Collection Set: 1,0ms
[2024-06-01T20:49:31.962-0300][gc,phases     ] GC(966)   Other: 0,4ms
[2024-06-01T20:49:31.962-0300][gc,heap       ] GC(966) Eden regions: 55->0(54)
[2024-06-01T20:49:31.962-0300][gc,heap       ] GC(966) Survivor regions: 5->6(8)
[2024-06-01T20:49:31.962-0300][gc,heap       ] GC(966) Old regions: 549->549
[2024-06-01T20:49:31.962-0300][gc,heap       ] GC(966) Humongous regions: 129->129
[2024-06-01T20:49:31.962-0300][gc,metaspace  ] GC(966) Metaspace: 45755K(48924K)->45755K(48924K) NonClass: 40016K(41680K)->40016K(41680K) Class: 5738K(7244K)->5738K(7244K)
[2024-06-01T20:49:31.962-0300][gc            ] GC(966) Pause Young (Normal) (G1 Evacuation Pause) 735M->681M(1024M) 19,675ms
[2024-06-01T20:49:31.962-0300][gc,cpu        ] GC(966) User=0,08s Sys=0,00s Real=0,02s
[2024-06-01T20:50:00.780-0300][gc,start      ] GC(967) Pause Young (Normal) (G1 Evacuation Pause)
[2024-06-01T20:50:00.780-0300][gc,task       ] GC(967) Using 4 workers of 4 for evacuation
[2024-06-01T20:50:00.803-0300][gc,mmu        ] GC(967) MMU target violated: 21,0ms (20,0ms/21,0ms)
[2024-06-01T20:50:00.803-0300][gc,phases     ] GC(967)   Pre Evacuate Collection Set: 0,1ms
[2024-06-01T20:50:00.803-0300][gc,phases     ] GC(967)   Evacuate Collection Set: 21,7ms
[2024-06-01T20:50:00.803-0300][gc,phases     ] GC(967)   Post Evacuate Collection Set: 1,0ms
[2024-06-01T20:50:00.803-0300][gc,phases     ] GC(967)   Other: 0,5ms
[2024-06-01T20:50:00.803-0300][gc,heap       ] GC(967) Eden regions: 45->0(50)
[2024-06-01T20:50:00.803-0300][gc,heap       ] GC(967) Survivor regions: 6->5(7)
[2024-06-01T20:50:00.803-0300][gc,heap       ] GC(967) Old regions: 549->551
[2024-06-01T20:50:00.803-0300][gc,heap       ] GC(967) Humongous regions: 129->129
[2024-06-01T20:50:00.803-0300][gc,metaspace  ] GC(967) Metaspace: 45755K(48924K)->45755K(48924K) NonClass: 40016K(41680K)->40016K(41680K) Class: 5738K(7244K)->5738K(7244K)
[2024-06-01T20:50:00.803-0300][gc            ] GC(967) Pause Young (Normal) (G1 Evacuation Pause) 726M->682M(1024M) 23,546ms
[2024-06-01T20:50:00.804-0300][gc,cpu        ] GC(967) User=0,09s Sys=0,00s Real=0,02s
[2024-06-01T20:50:32.797-0300][gc,start      ] GC(968) Pause Young (Normal) (G1 Evacuation Pause)
[2024-06-01T20:50:32.797-0300][gc,task       ] GC(968) Using 4 workers of 4 for evacuation
[2024-06-01T20:50:32.818-0300][gc,mmu        ] GC(968) MMU target violated: 20,3ms (20,0ms/21,0ms)
[2024-06-01T20:50:32.818-0300][gc,phases     ] GC(968)   Pre Evacuate Collection Set: 0,1ms
[2024-06-01T20:50:32.818-0300][gc,phases     ] GC(968)   Evacuate Collection Set: 19,0ms
[2024-06-01T20:50:32.818-0300][gc,phases     ] GC(968)   Post Evacuate Collection Set: 1,0ms
[2024-06-01T20:50:32.818-0300][gc,phases     ] GC(968)   Other: 0,5ms
[2024-06-01T20:50:32.818-0300][gc,heap       ] GC(968) Eden regions: 50->0(51)
[2024-06-01T20:50:32.818-0300][gc,heap       ] GC(968) Survivor regions: 5->5(7)
[2024-06-01T20:50:32.818-0300][gc,heap       ] GC(968) Old regions: 551->552
[2024-06-01T20:50:32.818-0300][gc,heap       ] GC(968) Humongous regions: 129->129
[2024-06-01T20:50:32.818-0300][gc,metaspace  ] GC(968) Metaspace: 45755K(48924K)->45755K(48924K) NonClass: 40016K(41680K)->40016K(41680K) Class: 5738K(7244K)->5738K(7244K)
[2024-06-01T20:50:32.818-0300][gc            ] GC(968) Pause Young (Normal) (G1 Evacuation Pause) 732M->683M(1024M) 20,870ms
[2024-06-01T20:50:32.818-0300][gc,cpu        ] GC(968) User=0,07s Sys=0,00s Real=0,02s
[2024-06-01T20:51:05.440-0300][gc,start      ] GC(969) Pause Young (Normal) (G1 Evacuation Pause)
[2024-06-01T20:51:05.440-0300][gc,task       ] GC(969) Using 4 workers of 4 for evacuation
[2024-06-01T20:51:05.460-0300][gc,mmu        ] GC(969) MMU target violated: 20,0ms (20,0ms/21,0ms)
[2024-06-01T20:51:05.460-0300][gc,phases     ] GC(969)   Pre Evacuate Collection Set: 0,1ms
[2024-06-01T20:51:05.460-0300][gc,phases     ] GC(969)   Evacuate Collection Set: 18,7ms
[2024-06-01T20:51:05.460-0300][gc,phases     ] GC(969)   Post Evacuate Collection Set: 1,1ms
[2024-06-01T20:51:05.460-0300][gc,phases     ] GC(969)   Other: 0,5ms
[2024-06-01T20:51:05.460-0300][gc,heap       ] GC(969) Eden regions: 51->0(50)
[2024-06-01T20:51:05.460-0300][gc,heap       ] GC(969) Survivor regions: 5->4(7)
[2024-06-01T20:51:05.460-0300][gc,heap       ] GC(969) Old regions: 552->553
[2024-06-01T20:51:05.460-0300][gc,heap       ] GC(969) Humongous regions: 129->129
[2024-06-01T20:51:05.460-0300][gc,metaspace  ] GC(969) Metaspace: 45755K(48924K)->45755K(48924K) NonClass: 40016K(41680K)->40016K(41680K) Class: 5738K(7244K)->5738K(7244K)
[2024-06-01T20:51:05.460-0300][gc            ] GC(969) Pause Young (Normal) (G1 Evacuation Pause) 734M->683M(1024M) 20,560ms
[2024-06-01T20:51:05.460-0300][gc,cpu        ] GC(969) User=0,06s Sys=0,00s Real=0,02s
[2024-06-01T20:51:37.812-0300][gc,start      ] GC(970) Pause Young (Normal) (G1 Evacuation Pause)
[2024-06-01T20:51:37.812-0300][gc,task       ] GC(970) Using 4 workers of 4 for evacuation
[2024-06-01T20:51:37.832-0300][gc,phases     ] GC(970)   Pre Evacuate Collection Set: 0,1ms
[2024-06-01T20:51:37.832-0300][gc,phases     ] GC(970)   Evacuate Collection Set: 18,0ms
[2024-06-01T20:51:37.832-0300][gc,phases     ] GC(970)   Post Evacuate Collection Set: 1,0ms
[2024-06-01T20:51:37.832-0300][gc,phases     ] GC(970)   Other: 0,4ms
[2024-06-01T20:51:37.832-0300][gc,heap       ] GC(970) Eden regions: 50->0(50)
[2024-06-01T20:51:37.832-0300][gc,heap       ] GC(970) Survivor regions: 4->4(7)
[2024-06-01T20:51:37.832-0300][gc,heap       ] GC(970) Old regions: 553->554
[2024-06-01T20:51:37.832-0300][gc,heap       ] GC(970) Humongous regions: 129->129
[2024-06-01T20:51:37.832-0300][gc,metaspace  ] GC(970) Metaspace: 45755K(48924K)->45755K(48924K) NonClass: 40016K(41680K)->40016K(41680K) Class: 5738K(7244K)->5738K(7244K)
[2024-06-01T20:51:37.832-0300][gc            ] GC(970) Pause Young (Normal) (G1 Evacuation Pause) 733M->684M(1024M) 19,784ms
[2024-06-01T20:51:37.832-0300][gc,cpu        ] GC(970) User=0,07s Sys=0,00s Real=0,02s
[2024-06-01T20:52:09.474-0300][gc,start      ] GC(971) Pause Young (Normal) (G1 Evacuation Pause)
[2024-06-01T20:52:09.474-0300][gc,task       ] GC(971) Using 4 workers of 4 for evacuation
[2024-06-01T20:52:09.483-0300][gc,phases     ] GC(971)   Pre Evacuate Collection Set: 0,0ms
[2024-06-01T20:52:09.484-0300][gc,phases     ] GC(971)   Evacuate Collection Set: 8,4ms
[2024-06-01T20:52:09.484-0300][gc,phases     ] GC(971)   Post Evacuate Collection Set: 0,4ms
[2024-06-01T20:52:09.484-0300][gc,phases     ] GC(971)   Other: 0,2ms
[2024-06-01T20:52:09.484-0300][gc,heap       ] GC(971) Eden regions: 50->0(53)
[2024-06-01T20:52:09.484-0300][gc,heap       ] GC(971) Survivor regions: 4->5(7)
[2024-06-01T20:52:09.484-0300][gc,heap       ] GC(971) Old regions: 554->555
[2024-06-01T20:52:09.484-0300][gc,heap       ] GC(971) Humongous regions: 129->129
[2024-06-01T20:52:09.484-0300][gc,metaspace  ] GC(971) Metaspace: 45755K(48924K)->45755K(48924K) NonClass: 40016K(41680K)->40016K(41680K) Class: 5738K(7244K)->5738K(7244K)
[2024-06-01T20:52:09.484-0300][gc            ] GC(971) Pause Young (Normal) (G1 Evacuation Pause) 734M->686M(1024M) 9,210ms
[2024-06-01T20:52:09.484-0300][gc,cpu        ] GC(971) User=0,03s Sys=0,00s Real=0,01s
[2024-06-01T20:52:42.787-0300][gc,start      ] GC(972) Pause Young (Normal) (G1 Evacuation Pause)
[2024-06-01T20:52:42.787-0300][gc,task       ] GC(972) Using 4 workers of 4 for evacuation
[2024-06-01T20:52:42.806-0300][gc,phases     ] GC(972)   Pre Evacuate Collection Set: 0,1ms
[2024-06-01T20:52:42.806-0300][gc,phases     ] GC(972)   Evacuate Collection Set: 18,0ms
[2024-06-01T20:52:42.806-0300][gc,phases     ] GC(972)   Post Evacuate Collection Set: 1,0ms
[2024-06-01T20:52:42.806-0300][gc,phases     ] GC(972)   Other: 0,4ms
[2024-06-01T20:52:42.806-0300][gc,heap       ] GC(972) Eden regions: 53->0(52)
[2024-06-01T20:52:42.806-0300][gc,heap       ] GC(972) Survivor regions: 5->6(8)
[2024-06-01T20:52:42.806-0300][gc,heap       ] GC(972) Old regions: 555->555
[2024-06-01T20:52:42.806-0300][gc,heap       ] GC(972) Humongous regions: 129->129
[2024-06-01T20:52:42.806-0300][gc,metaspace  ] GC(972) Metaspace: 45755K(48924K)->45755K(48924K) NonClass: 40016K(41680K)->40016K(41680K) Class: 5738K(7244K)->5738K(7244K)
[2024-06-01T20:52:42.807-0300][gc            ] GC(972) Pause Young (Normal) (G1 Evacuation Pause) 739M->687M(1024M) 19,724ms
[2024-06-01T20:52:42.807-0300][gc,cpu        ] GC(972) User=0,07s Sys=0,00s Real=0,02s
[2024-06-01T20:53:13.205-0300][gc,start      ] GC(973) Pause Young (Normal) (G1 Evacuation Pause)
[2024-06-01T20:53:13.206-0300][gc,task       ] GC(973) Using 4 workers of 4 for evacuation
[2024-06-01T20:53:13.228-0300][gc,mmu        ] GC(973) MMU target violated: 21,0ms (20,0ms/21,0ms)
[2024-06-01T20:53:13.228-0300][gc,phases     ] GC(973)   Pre Evacuate Collection Set: 0,1ms
[2024-06-01T20:53:13.228-0300][gc,phases     ] GC(973)   Evacuate Collection Set: 21,6ms
[2024-06-01T20:53:13.229-0300][gc,phases     ] GC(973)   Post Evacuate Collection Set: 0,9ms
[2024-06-01T20:53:13.229-0300][gc,phases     ] GC(973)   Other: 0,5ms
[2024-06-01T20:53:13.229-0300][gc,heap       ] GC(973) Eden regions: 48->0(50)
[2024-06-01T20:53:13.229-0300][gc,heap       ] GC(973) Survivor regions: 6->5(7)
[2024-06-01T20:53:13.229-0300][gc,heap       ] GC(973) Old regions: 555->556
[2024-06-01T20:53:13.229-0300][gc,heap       ] GC(973) Humongous regions: 129->129
[2024-06-01T20:53:13.229-0300][gc,metaspace  ] GC(973) Metaspace: 45755K(48924K)->45755K(48924K) NonClass: 40016K(41680K)->40016K(41680K) Class: 5738K(7244K)->5738K(7244K)
[2024-06-01T20:53:13.229-0300][gc            ] GC(973) Pause Young (Normal) (G1 Evacuation Pause) 735M->688M(1024M) 23,255ms
[2024-06-01T20:53:13.229-0300][gc,cpu        ] GC(973) User=0,08s Sys=0,01s Real=0,03s
[2024-06-01T20:53:45.405-0300][gc,start      ] GC(974) Pause Young (Normal) (G1 Evacuation Pause)
[2024-06-01T20:53:45.405-0300][gc,task       ] GC(974) Using 4 workers of 4 for evacuation
[2024-06-01T20:53:45.426-0300][gc,mmu        ] GC(974) MMU target violated: 20,9ms (20,0ms/21,0ms)
[2024-06-01T20:53:45.426-0300][gc,phases     ] GC(974)   Pre Evacuate Collection Set: 0,1ms
[2024-06-01T20:53:45.426-0300][gc,phases     ] GC(974)   Evacuate Collection Set: 19,6ms
[2024-06-01T20:53:45.426-0300][gc,phases     ] GC(974)   Post Evacuate Collection Set: 1,0ms
[2024-06-01T20:53:45.426-0300][gc,phases     ] GC(974)   Other: 0,5ms
[2024-06-01T20:53:45.426-0300][gc,heap       ] GC(974) Eden regions: 50->0(51)
[2024-06-01T20:53:45.426-0300][gc,heap       ] GC(974) Survivor regions: 5->5(7)
[2024-06-01T20:53:45.426-0300][gc,heap       ] GC(974) Old regions: 556->558
[2024-06-01T20:53:45.426-0300][gc,heap       ] GC(974) Humongous regions: 129->129
[2024-06-01T20:53:45.426-0300][gc,metaspace  ] GC(974) Metaspace: 45755K(48924K)->45755K(48924K) NonClass: 40016K(41680K)->40016K(41680K) Class: 5738K(7244K)->5738K(7244K)
[2024-06-01T20:53:45.426-0300][gc            ] GC(974) Pause Young (Normal) (G1 Evacuation Pause) 738M->689M(1024M) 21,421ms
[2024-06-01T20:53:45.426-0300][gc,cpu        ] GC(974) User=0,08s Sys=0,00s Real=0,02s
[2024-06-01T20:54:17.885-0300][gc,start      ] GC(975) Pause Young (Normal) (G1 Evacuation Pause)
[2024-06-01T20:54:17.885-0300][gc,task       ] GC(975) Using 4 workers of 4 for evacuation
[2024-06-01T20:54:17.907-0300][gc,mmu        ] GC(975) MMU target violated: 21,0ms (20,0ms/21,0ms)
[2024-06-01T20:54:17.907-0300][gc,phases     ] GC(975)   Pre Evacuate Collection Set: 0,1ms
[2024-06-01T20:54:17.907-0300][gc,phases     ] GC(975)   Evacuate Collection Set: 20,6ms
[2024-06-01T20:54:17.907-0300][gc,phases     ] GC(975)   Post Evacuate Collection Set: 1,0ms
[2024-06-01T20:54:17.907-0300][gc,phases     ] GC(975)   Other: 0,5ms
[2024-06-01T20:54:17.907-0300][gc,heap       ] GC(975) Eden regions: 51->0(51)
[2024-06-01T20:54:17.907-0300][gc,heap       ] GC(975) Survivor regions: 5->5(7)
[2024-06-01T20:54:17.907-0300][gc,heap       ] GC(975) Old regions: 558->559
[2024-06-01T20:54:17.907-0300][gc,heap       ] GC(975) Humongous regions: 129->129
[2024-06-01T20:54:17.908-0300][gc,metaspace  ] GC(975) Metaspace: 45755K(48924K)->45755K(48924K) NonClass: 40016K(41680K)->40016K(41680K) Class: 5738K(7244K)->5738K(7244K)
[2024-06-01T20:54:17.908-0300][gc            ] GC(975) Pause Young (Normal) (G1 Evacuation Pause) 740M->690M(1024M) 22,464ms
[2024-06-01T20:54:17.908-0300][gc,cpu        ] GC(975) User=0,07s Sys=0,00s Real=0,03s
[2024-06-01T20:54:46.641-0300][gc,start      ] GC(976) Pause Young (Normal) (G1 Evacuation Pause)
[2024-06-01T20:54:46.641-0300][gc,task       ] GC(976) Using 4 workers of 4 for evacuation
[2024-06-01T20:54:46.660-0300][gc,phases     ] GC(976)   Pre Evacuate Collection Set: 0,1ms
[2024-06-01T20:54:46.660-0300][gc,phases     ] GC(976)   Evacuate Collection Set: 17,9ms
[2024-06-01T20:54:46.660-0300][gc,phases     ] GC(976)   Post Evacuate Collection Set: 1,0ms
[2024-06-01T20:54:46.660-0300][gc,phases     ] GC(976)   Other: 0,4ms
[2024-06-01T20:54:46.660-0300][gc,heap       ] GC(976) Eden regions: 46->0(51)
[2024-06-01T20:54:46.660-0300][gc,heap       ] GC(976) Survivor regions: 5->4(7)
[2024-06-01T20:54:46.660-0300][gc,heap       ] GC(976) Old regions: 559->560
[2024-06-01T20:54:46.660-0300][gc,heap       ] GC(976) Humongous regions: 129->129
[2024-06-01T20:54:46.660-0300][gc,metaspace  ] GC(976) Metaspace: 45755K(48924K)->45755K(48924K) NonClass: 40016K(41680K)->40016K(41680K) Class: 5738K(7244K)->5738K(7244K)
[2024-06-01T20:54:46.660-0300][gc            ] GC(976) Pause Young (Normal) (G1 Evacuation Pause) 736M->690M(1024M) 19,596ms
[2024-06-01T20:54:46.660-0300][gc,cpu        ] GC(976) User=0,07s Sys=0,00s Real=0,02s
[2024-06-01T20:55:19.198-0300][gc,start      ] GC(977) Pause Young (Normal) (G1 Evacuation Pause)
[2024-06-01T20:55:19.198-0300][gc,task       ] GC(977) Using 4 workers of 4 for evacuation
[2024-06-01T20:55:19.217-0300][gc,phases     ] GC(977)   Pre Evacuate Collection Set: 0,1ms
[2024-06-01T20:55:19.217-0300][gc,phases     ] GC(977)   Evacuate Collection Set: 17,3ms
[2024-06-01T20:55:19.217-0300][gc,phases     ] GC(977)   Post Evacuate Collection Set: 1,0ms
[2024-06-01T20:55:19.217-0300][gc,phases     ] GC(977)   Other: 0,4ms
[2024-06-01T20:55:19.217-0300][gc,heap       ] GC(977) Eden regions: 51->0(51)
[2024-06-01T20:55:19.217-0300][gc,heap       ] GC(977) Survivor regions: 4->5(7)
[2024-06-01T20:55:19.217-0300][gc,heap       ] GC(977) Old regions: 560->560
[2024-06-01T20:55:19.217-0300][gc,heap       ] GC(977) Humongous regions: 129->129
[2024-06-01T20:55:19.217-0300][gc,metaspace  ] GC(977) Metaspace: 45755K(48924K)->45755K(48924K) NonClass: 40016K(41680K)->40016K(41680K) Class: 5738K(7244K)->5738K(7244K)
[2024-06-01T20:55:19.217-0300][gc            ] GC(977) Pause Young (Normal) (G1 Evacuation Pause) 741M->691M(1024M) 19,074ms
[2024-06-01T20:55:19.217-0300][gc,cpu        ] GC(977) User=0,06s Sys=0,00s Real=0,02s
[2024-06-01T20:55:51.804-0300][gc,start      ] GC(978) Pause Young (Normal) (G1 Evacuation Pause)
[2024-06-01T20:55:51.804-0300][gc,task       ] GC(978) Using 4 workers of 4 for evacuation
[2024-06-01T20:55:51.826-0300][gc,mmu        ] GC(978) MMU target violated: 21,0ms (20,0ms/21,0ms)
[2024-06-01T20:55:51.826-0300][gc,phases     ] GC(978)   Pre Evacuate Collection Set: 0,1ms
[2024-06-01T20:55:51.826-0300][gc,phases     ] GC(978)   Evacuate Collection Set: 19,8ms
[2024-06-01T20:55:51.826-0300][gc,phases     ] GC(978)   Post Evacuate Collection Set: 0,9ms
[2024-06-01T20:55:51.826-0300][gc,phases     ] GC(978)   Other: 0,6ms
[2024-06-01T20:55:51.826-0300][gc,heap       ] GC(978) Eden regions: 51->0(50)
[2024-06-01T20:55:51.826-0300][gc,heap       ] GC(978) Survivor regions: 5->5(7)
[2024-06-01T20:55:51.826-0300][gc,heap       ] GC(978) Old regions: 560->561
[2024-06-01T20:55:51.826-0300][gc,heap       ] GC(978) Humongous regions: 129->129
[2024-06-01T20:55:51.826-0300][gc,metaspace  ] GC(978) Metaspace: 45755K(48924K)->45755K(48924K) NonClass: 40016K(41680K)->40016K(41680K) Class: 5738K(7244K)->5738K(7244K)
[2024-06-01T20:55:51.826-0300][gc            ] GC(978) Pause Young (Normal) (G1 Evacuation Pause) 742M->692M(1024M) 21,555ms
[2024-06-01T20:55:51.826-0300][gc,cpu        ] GC(978) User=0,08s Sys=0,00s Real=0,02s
[2024-06-01T20:56:23.781-0300][gc,start      ] GC(979) Pause Young (Normal) (G1 Evacuation Pause)
[2024-06-01T20:56:23.781-0300][gc,task       ] GC(979) Using 4 workers of 4 for evacuation
[2024-06-01T20:56:23.803-0300][gc,mmu        ] GC(979) MMU target violated: 21,0ms (20,0ms/21,0ms)
[2024-06-01T20:56:23.803-0300][gc,phases     ] GC(979)   Pre Evacuate Collection Set: 0,1ms
[2024-06-01T20:56:23.803-0300][gc,phases     ] GC(979)   Evacuate Collection Set: 20,4ms
[2024-06-01T20:56:23.803-0300][gc,phases     ] GC(979)   Post Evacuate Collection Set: 0,9ms
[2024-06-01T20:56:23.803-0300][gc,phases     ] GC(979)   Other: 0,5ms
[2024-06-01T20:56:23.803-0300][gc,heap       ] GC(979) Eden regions: 50->0(51)
[2024-06-01T20:56:23.803-0300][gc,heap       ] GC(979) Survivor regions: 5->5(7)
[2024-06-01T20:56:23.803-0300][gc,heap       ] GC(979) Old regions: 561->562
[2024-06-01T20:56:23.803-0300][gc,heap       ] GC(979) Humongous regions: 129->129
[2024-06-01T20:56:23.803-0300][gc,metaspace  ] GC(979) Metaspace: 45755K(48924K)->45755K(48924K) NonClass: 40016K(41680K)->40016K(41680K) Class: 5738K(7244K)->5738K(7244K)
[2024-06-01T20:56:23.803-0300][gc            ] GC(979) Pause Young (Normal) (G1 Evacuation Pause) 742M->693M(1024M) 22,134ms
[2024-06-01T20:56:23.803-0300][gc,cpu        ] GC(979) User=0,08s Sys=0,01s Real=0,02s
[2024-06-01T20:56:55.986-0300][gc,start      ] GC(980) Pause Young (Normal) (G1 Evacuation Pause)
[2024-06-01T20:56:55.986-0300][gc,task       ] GC(980) Using 4 workers of 4 for evacuation
[2024-06-01T20:56:56.007-0300][gc,mmu        ] GC(980) MMU target violated: 21,0ms (20,0ms/21,0ms)
[2024-06-01T20:56:56.007-0300][gc,phases     ] GC(980)   Pre Evacuate Collection Set: 0,1ms
[2024-06-01T20:56:56.007-0300][gc,phases     ] GC(980)   Evacuate Collection Set: 20,3ms
[2024-06-01T20:56:56.008-0300][gc,phases     ] GC(980)   Post Evacuate Collection Set: 1,0ms
[2024-06-01T20:56:56.008-0300][gc,phases     ] GC(980)   Other: 0,6ms
[2024-06-01T20:56:56.008-0300][gc,heap       ] GC(980) Eden regions: 51->0(50)
[2024-06-01T20:56:56.008-0300][gc,heap       ] GC(980) Survivor regions: 5->5(7)
[2024-06-01T20:56:56.008-0300][gc,heap       ] GC(980) Old regions: 562->563
[2024-06-01T20:56:56.008-0300][gc,heap       ] GC(980) Humongous regions: 129->129
[2024-06-01T20:56:56.008-0300][gc,metaspace  ] GC(980) Metaspace: 45755K(48924K)->45755K(48924K) NonClass: 40016K(41680K)->40016K(41680K) Class: 5738K(7244K)->5738K(7244K)
[2024-06-01T20:56:56.008-0300][gc            ] GC(980) Pause Young (Normal) (G1 Evacuation Pause) 744M->694M(1024M) 22,195ms
[2024-06-01T20:56:56.008-0300][gc,cpu        ] GC(980) User=0,08s Sys=0,00s Real=0,03s
[2024-06-01T20:57:25.321-0300][gc,start      ] GC(981) Pause Young (Normal) (G1 Evacuation Pause)
[2024-06-01T20:57:25.321-0300][gc,task       ] GC(981) Using 4 workers of 4 for evacuation
[2024-06-01T20:57:25.342-0300][gc,mmu        ] GC(981) MMU target violated: 20,2ms (20,0ms/21,0ms)
[2024-06-01T20:57:25.342-0300][gc,phases     ] GC(981)   Pre Evacuate Collection Set: 0,1ms
[2024-06-01T20:57:25.342-0300][gc,phases     ] GC(981)   Evacuate Collection Set: 18,9ms
[2024-06-01T20:57:25.342-0300][gc,phases     ] GC(981)   Post Evacuate Collection Set: 1,1ms
[2024-06-01T20:57:25.342-0300][gc,phases     ] GC(981)   Other: 0,6ms
[2024-06-01T20:57:25.342-0300][gc,heap       ] GC(981) Eden regions: 46->0(51)
[2024-06-01T20:57:25.342-0300][gc,heap       ] GC(981) Survivor regions: 5->5(7)
[2024-06-01T20:57:25.342-0300][gc,heap       ] GC(981) Old regions: 563->564
[2024-06-01T20:57:25.342-0300][gc,heap       ] GC(981) Humongous regions: 129->129
[2024-06-01T20:57:25.342-0300][gc,metaspace  ] GC(981) Metaspace: 45755K(48924K)->45755K(48924K) NonClass: 40016K(41680K)->40016K(41680K) Class: 5738K(7244K)->5738K(7244K)
[2024-06-01T20:57:25.342-0300][gc            ] GC(981) Pause Young (Normal) (G1 Evacuation Pause) 740M->695M(1024M) 20,748ms
[2024-06-01T20:57:25.342-0300][gc,cpu        ] GC(981) User=0,07s Sys=0,00s Real=0,02s
[2024-06-01T20:57:58.017-0300][gc,start      ] GC(982) Pause Young (Normal) (G1 Evacuation Pause)
[2024-06-01T20:57:58.017-0300][gc,task       ] GC(982) Using 4 workers of 4 for evacuation
[2024-06-01T20:57:58.024-0300][gc,phases     ] GC(982)   Pre Evacuate Collection Set: 0,0ms
[2024-06-01T20:57:58.024-0300][gc,phases     ] GC(982)   Evacuate Collection Set: 6,5ms
[2024-06-01T20:57:58.024-0300][gc,phases     ] GC(982)   Post Evacuate Collection Set: 0,4ms
[2024-06-01T20:57:58.024-0300][gc,phases     ] GC(982)   Other: 0,2ms
[2024-06-01T20:57:58.024-0300][gc,heap       ] GC(982) Eden regions: 51->0(55)
[2024-06-01T20:57:58.024-0300][gc,heap       ] GC(982) Survivor regions: 5->5(7)
[2024-06-01T20:57:58.024-0300][gc,heap       ] GC(982) Old regions: 564->565
[2024-06-01T20:57:58.024-0300][gc,heap       ] GC(982) Humongous regions: 129->129
[2024-06-01T20:57:58.024-0300][gc,metaspace  ] GC(982) Metaspace: 45755K(48924K)->45755K(48924K) NonClass: 40016K(41680K)->40016K(41680K) Class: 5738K(7244K)->5738K(7244K)
[2024-06-01T20:57:58.024-0300][gc            ] GC(982) Pause Young (Normal) (G1 Evacuation Pause) 746M->697M(1024M) 7,276ms
[2024-06-01T20:57:58.024-0300][gc,cpu        ] GC(982) User=0,03s Sys=0,00s Real=0,00s
[2024-06-01T20:58:33.434-0300][gc,start      ] GC(983) Pause Young (Normal) (G1 Evacuation Pause)
[2024-06-01T20:58:33.434-0300][gc,task       ] GC(983) Using 4 workers of 4 for evacuation
[2024-06-01T20:58:33.454-0300][gc,phases     ] GC(983)   Pre Evacuate Collection Set: 0,1ms
[2024-06-01T20:58:33.454-0300][gc,phases     ] GC(983)   Evacuate Collection Set: 18,4ms
[2024-06-01T20:58:33.454-0300][gc,phases     ] GC(983)   Post Evacuate Collection Set: 1,0ms
[2024-06-01T20:58:33.454-0300][gc,phases     ] GC(983)   Other: 0,4ms
[2024-06-01T20:58:33.454-0300][gc,heap       ] GC(983) Eden regions: 55->0(55)
[2024-06-01T20:58:33.454-0300][gc,heap       ] GC(983) Survivor regions: 5->6(8)
[2024-06-01T20:58:33.454-0300][gc,heap       ] GC(983) Old regions: 565->565
[2024-06-01T20:58:33.454-0300][gc,heap       ] GC(983) Humongous regions: 129->129
[2024-06-01T20:58:33.454-0300][gc,metaspace  ] GC(983) Metaspace: 45755K(48924K)->45755K(48924K) NonClass: 40016K(41680K)->40016K(41680K) Class: 5738K(7244K)->5738K(7244K)
[2024-06-01T20:58:33.454-0300][gc            ] GC(983) Pause Young (Normal) (G1 Evacuation Pause) 752M->698M(1024M) 20,136ms
[2024-06-01T20:58:33.454-0300][gc,cpu        ] GC(983) User=0,07s Sys=0,00s Real=0,02s
[2024-06-01T20:59:05.833-0300][gc,start      ] GC(984) Pause Young (Normal) (G1 Evacuation Pause)
[2024-06-01T20:59:05.833-0300][gc,task       ] GC(984) Using 4 workers of 4 for evacuation
[2024-06-01T20:59:05.855-0300][gc,mmu        ] GC(984) MMU target violated: 21,0ms (20,0ms/21,0ms)
[2024-06-01T20:59:05.855-0300][gc,phases     ] GC(984)   Pre Evacuate Collection Set: 0,1ms
[2024-06-01T20:59:05.855-0300][gc,phases     ] GC(984)   Evacuate Collection Set: 20,2ms
[2024-06-01T20:59:05.855-0300][gc,phases     ] GC(984)   Post Evacuate Collection Set: 1,0ms
[2024-06-01T20:59:05.855-0300][gc,phases     ] GC(984)   Other: 0,5ms
[2024-06-01T20:59:05.855-0300][gc,heap       ] GC(984) Eden regions: 51->0(52)
[2024-06-01T20:59:05.855-0300][gc,heap       ] GC(984) Survivor regions: 6->4(8)
[2024-06-01T20:59:05.855-0300][gc,heap       ] GC(984) Old regions: 565->567
[2024-06-01T20:59:05.855-0300][gc,heap       ] GC(984) Humongous regions: 129->129
[2024-06-01T20:59:05.855-0300][gc,metaspace  ] GC(984) Metaspace: 45755K(48924K)->45755K(48924K) NonClass: 40016K(41680K)->40016K(41680K) Class: 5738K(7244K)->5738K(7244K)
[2024-06-01T20:59:05.855-0300][gc            ] GC(984) Pause Young (Normal) (G1 Evacuation Pause) 749M->698M(1024M) 22,106ms
[2024-06-01T20:59:05.855-0300][gc,cpu        ] GC(984) User=0,08s Sys=0,00s Real=0,03s
[2024-06-01T20:59:38.948-0300][gc,start      ] GC(985) Pause Young (Normal) (G1 Evacuation Pause)
[2024-06-01T20:59:38.948-0300][gc,task       ] GC(985) Using 4 workers of 4 for evacuation
[2024-06-01T20:59:38.955-0300][gc,phases     ] GC(985)   Pre Evacuate Collection Set: 0,0ms
[2024-06-01T20:59:38.955-0300][gc,phases     ] GC(985)   Evacuate Collection Set: 6,4ms
[2024-06-01T20:59:38.955-0300][gc,phases     ] GC(985)   Post Evacuate Collection Set: 0,5ms
[2024-06-01T20:59:38.955-0300][gc,phases     ] GC(985)   Other: 0,2ms
[2024-06-01T20:59:38.955-0300][gc,heap       ] GC(985) Eden regions: 52->0(55)
[2024-06-01T20:59:38.955-0300][gc,heap       ] GC(985) Survivor regions: 4->5(7)
[2024-06-01T20:59:38.955-0300][gc,heap       ] GC(985) Old regions: 567->567
[2024-06-01T20:59:38.955-0300][gc,heap       ] GC(985) Humongous regions: 129->129
[2024-06-01T20:59:38.955-0300][gc,metaspace  ] GC(985) Metaspace: 45755K(48924K)->45755K(48924K) NonClass: 40016K(41680K)->40016K(41680K) Class: 5738K(7244K)->5738K(7244K)
[2024-06-01T20:59:38.955-0300][gc            ] GC(985) Pause Young (Normal) (G1 Evacuation Pause) 750M->699M(1024M) 7,202ms
[2024-06-01T20:59:38.955-0300][gc,cpu        ] GC(985) User=0,02s Sys=0,00s Real=0,00s
[2024-06-01T21:00:13.963-0300][gc,start      ] GC(986) Pause Young (Normal) (G1 Evacuation Pause)
[2024-06-01T21:00:13.963-0300][gc,task       ] GC(986) Using 4 workers of 4 for evacuation
[2024-06-01T21:00:13.969-0300][gc,phases     ] GC(986)   Pre Evacuate Collection Set: 0,0ms
[2024-06-01T21:00:13.969-0300][gc,phases     ] GC(986)   Evacuate Collection Set: 5,7ms
[2024-06-01T21:00:13.969-0300][gc,phases     ] GC(986)   Post Evacuate Collection Set: 0,5ms
[2024-06-01T21:00:13.969-0300][gc,phases     ] GC(986)   Other: 0,2ms
[2024-06-01T21:00:13.969-0300][gc,heap       ] GC(986) Eden regions: 55->0(59)
[2024-06-01T21:00:13.969-0300][gc,heap       ] GC(986) Survivor regions: 5->5(8)
[2024-06-01T21:00:13.969-0300][gc,heap       ] GC(986) Old regions: 567->568
[2024-06-01T21:00:13.969-0300][gc,heap       ] GC(986) Humongous regions: 129->129
[2024-06-01T21:00:13.969-0300][gc,metaspace  ] GC(986) Metaspace: 45755K(48924K)->45755K(48924K) NonClass: 40016K(41680K)->40016K(41680K) Class: 5738K(7244K)->5738K(7244K)
[2024-06-01T21:00:13.969-0300][gc            ] GC(986) Pause Young (Normal) (G1 Evacuation Pause) 754M->700M(1024M) 6,427ms
[2024-06-01T21:00:13.969-0300][gc,cpu        ] GC(986) User=0,03s Sys=0,00s Real=0,01s
[2024-06-01T21:00:51.366-0300][gc,start      ] GC(987) Pause Young (Normal) (G1 Evacuation Pause)
[2024-06-01T21:00:51.366-0300][gc,task       ] GC(987) Using 4 workers of 4 for evacuation
[2024-06-01T21:00:51.388-0300][gc,mmu        ] GC(987) MMU target violated: 21,0ms (20,0ms/21,0ms)
[2024-06-01T21:00:51.389-0300][gc,phases     ] GC(987)   Pre Evacuate Collection Set: 0,1ms
[2024-06-01T21:00:51.389-0300][gc,phases     ] GC(987)   Evacuate Collection Set: 21,4ms
[2024-06-01T21:00:51.389-0300][gc,phases     ] GC(987)   Post Evacuate Collection Set: 0,8ms
[2024-06-01T21:00:51.389-0300][gc,phases     ] GC(987)   Other: 0,5ms
[2024-06-01T21:00:51.389-0300][gc,heap       ] GC(987) Eden regions: 59->0(57)
[2024-06-01T21:00:51.389-0300][gc,heap       ] GC(987) Survivor regions: 5->6(8)
[2024-06-01T21:00:51.389-0300][gc,heap       ] GC(987) Old regions: 568->569
[2024-06-01T21:00:51.389-0300][gc,heap       ] GC(987) Humongous regions: 129->129
[2024-06-01T21:00:51.389-0300][gc,metaspace  ] GC(987) Metaspace: 45755K(48924K)->45755K(48924K) NonClass: 40016K(41680K)->40016K(41680K) Class: 5738K(7244K)->5738K(7244K)
[2024-06-01T21:00:51.389-0300][gc            ] GC(987) Pause Young (Normal) (G1 Evacuation Pause) 759M->702M(1024M) 23,103ms
[2024-06-01T21:00:51.389-0300][gc,cpu        ] GC(987) User=0,09s Sys=0,00s Real=0,03s
[2024-06-01T21:01:27.972-0300][gc,start      ] GC(988) Pause Young (Normal) (G1 Evacuation Pause)
[2024-06-01T21:01:27.972-0300][gc,task       ] GC(988) Using 4 workers of 4 for evacuation
[2024-06-01T21:01:27.995-0300][gc,mmu        ] GC(988) MMU target violated: 21,0ms (20,0ms/21,0ms)
[2024-06-01T21:01:27.995-0300][gc,phases     ] GC(988)   Pre Evacuate Collection Set: 0,1ms
[2024-06-01T21:01:27.995-0300][gc,phases     ] GC(988)   Evacuate Collection Set: 21,9ms
[2024-06-01T21:01:27.995-0300][gc,phases     ] GC(988)   Post Evacuate Collection Set: 1,0ms
[2024-06-01T21:01:27.995-0300][gc,phases     ] GC(988)   Other: 0,5ms
[2024-06-01T21:01:27.995-0300][gc,heap       ] GC(988) Eden regions: 57->0(55)
[2024-06-01T21:01:27.995-0300][gc,heap       ] GC(988) Survivor regions: 6->5(8)
[2024-06-01T21:01:27.995-0300][gc,heap       ] GC(988) Old regions: 569->571
[2024-06-01T21:01:27.995-0300][gc,heap       ] GC(988) Humongous regions: 129->129
[2024-06-01T21:01:27.995-0300][gc,metaspace  ] GC(988) Metaspace: 45755K(48924K)->45755K(48924K) NonClass: 40016K(41680K)->40016K(41680K) Class: 5738K(7244K)->5738K(7244K)
[2024-06-01T21:01:27.995-0300][gc            ] GC(988) Pause Young (Normal) (G1 Evacuation Pause) 759M->702M(1024M) 23,664ms
[2024-06-01T21:01:27.995-0300][gc,cpu        ] GC(988) User=0,07s Sys=0,01s Real=0,02s
[2024-06-01T21:02:03.318-0300][gc,start      ] GC(989) Pause Young (Normal) (G1 Evacuation Pause)
[2024-06-01T21:02:03.318-0300][gc,task       ] GC(989) Using 4 workers of 4 for evacuation
[2024-06-01T21:02:03.339-0300][gc,mmu        ] GC(989) MMU target violated: 21,0ms (20,0ms/21,0ms)
[2024-06-01T21:02:03.340-0300][gc,phases     ] GC(989)   Pre Evacuate Collection Set: 0,1ms
[2024-06-01T21:02:03.340-0300][gc,phases     ] GC(989)   Evacuate Collection Set: 19,9ms
[2024-06-01T21:02:03.340-0300][gc,phases     ] GC(989)   Post Evacuate Collection Set: 1,0ms
[2024-06-01T21:02:03.340-0300][gc,phases     ] GC(989)   Other: 0,5ms
[2024-06-01T21:02:03.340-0300][gc,heap       ] GC(989) Eden regions: 55->0(53)
[2024-06-01T21:02:03.340-0300][gc,heap       ] GC(989) Survivor regions: 5->5(8)
[2024-06-01T21:02:03.340-0300][gc,heap       ] GC(989) Old regions: 571->572
[2024-06-01T21:02:03.340-0300][gc,heap       ] GC(989) Humongous regions: 129->129
[2024-06-01T21:02:03.340-0300][gc,metaspace  ] GC(989) Metaspace: 45755K(48924K)->45755K(48924K) NonClass: 40016K(41680K)->40016K(41680K) Class: 5738K(7244K)->5738K(7244K)
[2024-06-01T21:02:03.340-0300][gc            ] GC(989) Pause Young (Normal) (G1 Evacuation Pause) 757M->704M(1024M) 21,711ms
[2024-06-01T21:02:03.340-0300][gc,cpu        ] GC(989) User=0,08s Sys=0,00s Real=0,02s
[2024-06-01T21:02:34.925-0300][gc,start      ] GC(990) Pause Young (Normal) (G1 Evacuation Pause)
[2024-06-01T21:02:34.925-0300][gc,task       ] GC(990) Using 4 workers of 4 for evacuation
[2024-06-01T21:02:34.946-0300][gc,mmu        ] GC(990) MMU target violated: 21,0ms (20,0ms/21,0ms)
[2024-06-01T21:02:34.946-0300][gc,phases     ] GC(990)   Pre Evacuate Collection Set: 0,1ms
[2024-06-01T21:02:34.946-0300][gc,phases     ] GC(990)   Evacuate Collection Set: 20,0ms
[2024-06-01T21:02:34.946-0300][gc,phases     ] GC(990)   Post Evacuate Collection Set: 1,0ms
[2024-06-01T21:02:34.946-0300][gc,phases     ] GC(990)   Other: 0,5ms
[2024-06-01T21:02:34.946-0300][gc,heap       ] GC(990) Eden regions: 49->0(49)
[2024-06-01T21:02:34.946-0300][gc,heap       ] GC(990) Survivor regions: 5->5(7)
[2024-06-01T21:02:34.946-0300][gc,heap       ] GC(990) Old regions: 572->573
[2024-06-01T21:02:34.946-0300][gc,heap       ] GC(990) Humongous regions: 129->129
[2024-06-01T21:02:34.947-0300][gc,metaspace  ] GC(990) Metaspace: 45755K(48924K)->45755K(48924K) NonClass: 40016K(41680K)->40016K(41680K) Class: 5738K(7244K)->5738K(7244K)
[2024-06-01T21:02:34.947-0300][gc            ] GC(990) Pause Young (Normal) (G1 Evacuation Pause) 753M->705M(1024M) 21,784ms
[2024-06-01T21:02:34.947-0300][gc,cpu        ] GC(990) User=0,07s Sys=0,00s Real=0,02s
[2024-06-01T21:03:05.905-0300][gc,start      ] GC(991) Pause Young (Normal) (G1 Evacuation Pause)
[2024-06-01T21:03:05.905-0300][gc,task       ] GC(991) Using 4 workers of 4 for evacuation
[2024-06-01T21:03:05.924-0300][gc,phases     ] GC(991)   Pre Evacuate Collection Set: 0,1ms
[2024-06-01T21:03:05.924-0300][gc,phases     ] GC(991)   Evacuate Collection Set: 17,5ms
[2024-06-01T21:03:05.924-0300][gc,phases     ] GC(991)   Post Evacuate Collection Set: 1,0ms
[2024-06-01T21:03:05.924-0300][gc,phases     ] GC(991)   Other: 0,4ms
[2024-06-01T21:03:05.924-0300][gc,heap       ] GC(991) Eden regions: 49->0(51)
[2024-06-01T21:03:05.924-0300][gc,heap       ] GC(991) Survivor regions: 5->4(7)
[2024-06-01T21:03:05.924-0300][gc,heap       ] GC(991) Old regions: 573->574
[2024-06-01T21:03:05.924-0300][gc,heap       ] GC(991) Humongous regions: 129->129
[2024-06-01T21:03:05.924-0300][gc,metaspace  ] GC(991) Metaspace: 45755K(48924K)->45755K(48924K) NonClass: 40016K(41680K)->40016K(41680K) Class: 5738K(7244K)->5738K(7244K)
[2024-06-01T21:03:05.924-0300][gc            ] GC(991) Pause Young (Normal) (G1 Evacuation Pause) 754M->705M(1024M) 19,220ms
[2024-06-01T21:03:05.924-0300][gc,cpu        ] GC(991) User=0,06s Sys=0,00s Real=0,02s
[2024-06-01T21:03:35.999-0300][gc,start      ] GC(992) Pause Young (Normal) (G1 Evacuation Pause)
[2024-06-01T21:03:35.999-0300][gc,task       ] GC(992) Using 4 workers of 4 for evacuation
[2024-06-01T21:03:36.018-0300][gc,phases     ] GC(992)   Pre Evacuate Collection Set: 0,1ms
[2024-06-01T21:03:36.018-0300][gc,phases     ] GC(992)   Evacuate Collection Set: 17,5ms
[2024-06-01T21:03:36.018-0300][gc,phases     ] GC(992)   Post Evacuate Collection Set: 1,0ms
[2024-06-01T21:03:36.018-0300][gc,phases     ] GC(992)   Other: 0,4ms
[2024-06-01T21:03:36.018-0300][gc,heap       ] GC(992) Eden regions: 47->0(48)
[2024-06-01T21:03:36.018-0300][gc,heap       ] GC(992) Survivor regions: 4->4(7)
[2024-06-01T21:03:36.018-0300][gc,heap       ] GC(992) Old regions: 574->575
[2024-06-01T21:03:36.018-0300][gc,heap       ] GC(992) Humongous regions: 129->129
[2024-06-01T21:03:36.018-0300][gc,metaspace  ] GC(992) Metaspace: 45755K(48924K)->45755K(48924K) NonClass: 40016K(41680K)->40016K(41680K) Class: 5738K(7244K)->5738K(7244K)
[2024-06-01T21:03:36.018-0300][gc            ] GC(992) Pause Young (Normal) (G1 Evacuation Pause) 752M->706M(1024M) 19,248ms
[2024-06-01T21:03:36.018-0300][gc,cpu        ] GC(992) User=0,06s Sys=0,01s Real=0,02s
[2024-06-01T21:04:06.472-0300][gc,start      ] GC(993) Pause Young (Normal) (G1 Evacuation Pause)
[2024-06-01T21:04:06.472-0300][gc,task       ] GC(993) Using 4 workers of 4 for evacuation
[2024-06-01T21:04:06.491-0300][gc,phases     ] GC(993)   Pre Evacuate Collection Set: 0,1ms
[2024-06-01T21:04:06.491-0300][gc,phases     ] GC(993)   Evacuate Collection Set: 17,3ms
[2024-06-01T21:04:06.491-0300][gc,phases     ] GC(993)   Post Evacuate Collection Set: 0,9ms
[2024-06-01T21:04:06.491-0300][gc,phases     ] GC(993)   Other: 0,4ms
[2024-06-01T21:04:06.491-0300][gc,heap       ] GC(993) Eden regions: 48->0(48)
[2024-06-01T21:04:06.491-0300][gc,heap       ] GC(993) Survivor regions: 4->4(7)
[2024-06-01T21:04:06.491-0300][gc,heap       ] GC(993) Old regions: 575->576
[2024-06-01T21:04:06.491-0300][gc,heap       ] GC(993) Humongous regions: 129->129
[2024-06-01T21:04:06.491-0300][gc,metaspace  ] GC(993) Metaspace: 45755K(48924K)->45755K(48924K) NonClass: 40016K(41680K)->40016K(41680K) Class: 5738K(7244K)->5738K(7244K)
[2024-06-01T21:04:06.491-0300][gc            ] GC(993) Pause Young (Normal) (G1 Evacuation Pause) 754M->707M(1024M) 18,943ms
[2024-06-01T21:04:06.491-0300][gc,cpu        ] GC(993) User=0,07s Sys=0,00s Real=0,02s
[2024-06-01T21:04:36.572-0300][gc,start      ] GC(994) Pause Young (Normal) (G1 Evacuation Pause)
[2024-06-01T21:04:36.572-0300][gc,task       ] GC(994) Using 4 workers of 4 for evacuation
[2024-06-01T21:04:36.591-0300][gc,phases     ] GC(994)   Pre Evacuate Collection Set: 0,1ms
[2024-06-01T21:04:36.591-0300][gc,phases     ] GC(994)   Evacuate Collection Set: 18,4ms
[2024-06-01T21:04:36.591-0300][gc,phases     ] GC(994)   Post Evacuate Collection Set: 0,9ms
[2024-06-01T21:04:36.592-0300][gc,phases     ] GC(994)   Other: 0,5ms
[2024-06-01T21:04:36.592-0300][gc,heap       ] GC(994) Eden regions: 47->0(48)
[2024-06-01T21:04:36.592-0300][gc,heap       ] GC(994) Survivor regions: 4->4(7)
[2024-06-01T21:04:36.592-0300][gc,heap       ] GC(994) Old regions: 576->577
[2024-06-01T21:04:36.592-0300][gc,heap       ] GC(994) Humongous regions: 129->129
[2024-06-01T21:04:36.592-0300][gc,metaspace  ] GC(994) Metaspace: 45755K(48924K)->45755K(48924K) NonClass: 40016K(41680K)->40016K(41680K) Class: 5738K(7244K)->5738K(7244K)
[2024-06-01T21:04:36.592-0300][gc            ] GC(994) Pause Young (Normal) (G1 Evacuation Pause) 754M->708M(1024M) 20,035ms
[2024-06-01T21:04:36.592-0300][gc,cpu        ] GC(994) User=0,07s Sys=0,00s Real=0,02s
[2024-06-01T21:05:06.623-0300][gc,start      ] GC(995) Pause Young (Normal) (G1 Evacuation Pause)
[2024-06-01T21:05:06.623-0300][gc,task       ] GC(995) Using 4 workers of 4 for evacuation
[2024-06-01T21:05:06.643-0300][gc,phases     ] GC(995)   Pre Evacuate Collection Set: 0,1ms
[2024-06-01T21:05:06.643-0300][gc,phases     ] GC(995)   Evacuate Collection Set: 18,3ms
[2024-06-01T21:05:06.643-0300][gc,phases     ] GC(995)   Post Evacuate Collection Set: 1,0ms
[2024-06-01T21:05:06.643-0300][gc,phases     ] GC(995)   Other: 0,5ms
[2024-06-01T21:05:06.643-0300][gc,heap       ] GC(995) Eden regions: 47->0(48)
[2024-06-01T21:05:06.643-0300][gc,heap       ] GC(995) Survivor regions: 4->4(7)
[2024-06-01T21:05:06.643-0300][gc,heap       ] GC(995) Old regions: 577->578
[2024-06-01T21:05:06.643-0300][gc,heap       ] GC(995) Humongous regions: 129->129
[2024-06-01T21:05:06.643-0300][gc,metaspace  ] GC(995) Metaspace: 45755K(48924K)->45755K(48924K) NonClass: 40016K(41680K)->40016K(41680K) Class: 5738K(7244K)->5738K(7244K)
[2024-06-01T21:05:06.643-0300][gc            ] GC(995) Pause Young (Normal) (G1 Evacuation Pause) 755M->709M(1024M) 20,161ms
[2024-06-01T21:05:06.643-0300][gc,cpu        ] GC(995) User=0,07s Sys=0,00s Real=0,02s
[2024-06-01T21:05:37.155-0300][gc,start      ] GC(996) Pause Young (Normal) (G1 Evacuation Pause)
[2024-06-01T21:05:37.155-0300][gc,task       ] GC(996) Using 4 workers of 4 for evacuation
[2024-06-01T21:05:37.175-0300][gc,phases     ] GC(996)   Pre Evacuate Collection Set: 0,1ms
[2024-06-01T21:05:37.175-0300][gc,phases     ] GC(996)   Evacuate Collection Set: 18,0ms
[2024-06-01T21:05:37.175-0300][gc,phases     ] GC(996)   Post Evacuate Collection Set: 1,0ms
[2024-06-01T21:05:37.175-0300][gc,phases     ] GC(996)   Other: 0,5ms
[2024-06-01T21:05:37.175-0300][gc,heap       ] GC(996) Eden regions: 48->0(48)
[2024-06-01T21:05:37.175-0300][gc,heap       ] GC(996) Survivor regions: 4->4(7)
[2024-06-01T21:05:37.175-0300][gc,heap       ] GC(996) Old regions: 578->579
[2024-06-01T21:05:37.175-0300][gc,heap       ] GC(996) Humongous regions: 129->129
[2024-06-01T21:05:37.175-0300][gc,metaspace  ] GC(996) Metaspace: 45755K(48924K)->45755K(48924K) NonClass: 40016K(41680K)->40016K(41680K) Class: 5738K(7244K)->5738K(7244K)
[2024-06-01T21:05:37.175-0300][gc            ] GC(996) Pause Young (Normal) (G1 Evacuation Pause) 757M->710M(1024M) 19,849ms
[2024-06-01T21:05:37.175-0300][gc,cpu        ] GC(996) User=0,07s Sys=0,01s Real=0,02s
[2024-06-01T21:06:07.331-0300][gc,start      ] GC(997) Pause Young (Normal) (G1 Evacuation Pause)
[2024-06-01T21:06:07.331-0300][gc,task       ] GC(997) Using 4 workers of 4 for evacuation
[2024-06-01T21:06:07.350-0300][gc,phases     ] GC(997)   Pre Evacuate Collection Set: 0,1ms
[2024-06-01T21:06:07.350-0300][gc,phases     ] GC(997)   Evacuate Collection Set: 18,2ms
[2024-06-01T21:06:07.350-0300][gc,phases     ] GC(997)   Post Evacuate Collection Set: 1,0ms
[2024-06-01T21:06:07.350-0300][gc,phases     ] GC(997)   Other: 0,5ms
[2024-06-01T21:06:07.350-0300][gc,heap       ] GC(997) Eden regions: 47->0(47)
[2024-06-01T21:06:07.350-0300][gc,heap       ] GC(997) Survivor regions: 4->4(7)
[2024-06-01T21:06:07.350-0300][gc,heap       ] GC(997) Old regions: 579->580
[2024-06-01T21:06:07.350-0300][gc,heap       ] GC(997) Humongous regions: 129->129
[2024-06-01T21:06:07.350-0300][gc,metaspace  ] GC(997) Metaspace: 45755K(48924K)->45755K(48924K) NonClass: 40016K(41680K)->40016K(41680K) Class: 5738K(7244K)->5738K(7244K)
[2024-06-01T21:06:07.351-0300][gc            ] GC(997) Pause Young (Normal) (G1 Evacuation Pause) 757M->711M(1024M) 20,018ms
[2024-06-01T21:06:07.351-0300][gc,cpu        ] GC(997) User=0,07s Sys=0,00s Real=0,02s
[2024-06-01T21:06:37.322-0300][gc,start      ] GC(998) Pause Young (Normal) (G1 Evacuation Pause)
[2024-06-01T21:06:37.322-0300][gc,task       ] GC(998) Using 4 workers of 4 for evacuation
[2024-06-01T21:06:37.342-0300][gc,phases     ] GC(998)   Pre Evacuate Collection Set: 0,1ms
[2024-06-01T21:06:37.342-0300][gc,phases     ] GC(998)   Evacuate Collection Set: 18,2ms
[2024-06-01T21:06:37.342-0300][gc,phases     ] GC(998)   Post Evacuate Collection Set: 1,1ms
[2024-06-01T21:06:37.342-0300][gc,phases     ] GC(998)   Other: 0,4ms
[2024-06-01T21:06:37.342-0300][gc,heap       ] GC(998) Eden regions: 47->0(48)
[2024-06-01T21:06:37.342-0300][gc,heap       ] GC(998) Survivor regions: 4->5(7)
[2024-06-01T21:06:37.342-0300][gc,heap       ] GC(998) Old regions: 580->581
[2024-06-01T21:06:37.342-0300][gc,heap       ] GC(998) Humongous regions: 129->129
[2024-06-01T21:06:37.342-0300][gc,metaspace  ] GC(998) Metaspace: 45755K(48924K)->45755K(48924K) NonClass: 40016K(41680K)->40016K(41680K) Class: 5738K(7244K)->5738K(7244K)
[2024-06-01T21:06:37.342-0300][gc            ] GC(998) Pause Young (Normal) (G1 Evacuation Pause) 758M->712M(1024M) 20,016ms
[2024-06-01T21:06:37.342-0300][gc,cpu        ] GC(998) User=0,07s Sys=0,00s Real=0,02s
[2024-06-01T21:07:06.941-0300][gc,start      ] GC(999) Pause Young (Normal) (G1 Evacuation Pause)
[2024-06-01T21:07:06.941-0300][gc,task       ] GC(999) Using 4 workers of 4 for evacuation
[2024-06-01T21:07:06.960-0300][gc,phases     ] GC(999)   Pre Evacuate Collection Set: 0,1ms
[2024-06-01T21:07:06.961-0300][gc,phases     ] GC(999)   Evacuate Collection Set: 18,0ms
[2024-06-01T21:07:06.961-0300][gc,phases     ] GC(999)   Post Evacuate Collection Set: 1,0ms
[2024-06-01T21:07:06.961-0300][gc,phases     ] GC(999)   Other: 0,4ms
[2024-06-01T21:07:06.961-0300][gc,heap       ] GC(999) Eden regions: 46->0(47)
[2024-06-01T21:07:06.961-0300][gc,heap       ] GC(999) Survivor regions: 5->4(7)
[2024-06-01T21:07:06.961-0300][gc,heap       ] GC(999) Old regions: 581->582
[2024-06-01T21:07:06.961-0300][gc,heap       ] GC(999) Humongous regions: 129->129
[2024-06-01T21:07:06.961-0300][gc,metaspace  ] GC(999) Metaspace: 45755K(48924K)->45755K(48924K) NonClass: 40016K(41680K)->40016K(41680K) Class: 5738K(7244K)->5738K(7244K)
[2024-06-01T21:07:06.961-0300][gc            ] GC(999) Pause Young (Normal) (G1 Evacuation Pause) 758M->713M(1024M) 19,700ms
[2024-06-01T21:07:06.961-0300][gc,cpu        ] GC(999) User=0,06s Sys=0,00s Real=0,02s
[2024-06-01T21:07:37.338-0300][gc,start      ] GC(1000) Pause Young (Normal) (G1 Evacuation Pause)
[2024-06-01T21:07:37.339-0300][gc,task       ] GC(1000) Using 4 workers of 4 for evacuation
[2024-06-01T21:07:37.357-0300][gc,phases     ] GC(1000)   Pre Evacuate Collection Set: 0,1ms
[2024-06-01T21:07:37.357-0300][gc,phases     ] GC(1000)   Evacuate Collection Set: 17,2ms
[2024-06-01T21:07:37.357-0300][gc,phases     ] GC(1000)   Post Evacuate Collection Set: 1,0ms
[2024-06-01T21:07:37.357-0300][gc,phases     ] GC(1000)   Other: 0,4ms
[2024-06-01T21:07:37.357-0300][gc,heap       ] GC(1000) Eden regions: 47->0(48)
[2024-06-01T21:07:37.357-0300][gc,heap       ] GC(1000) Survivor regions: 4->4(7)
[2024-06-01T21:07:37.357-0300][gc,heap       ] GC(1000) Old regions: 582->583
[2024-06-01T21:07:37.357-0300][gc,heap       ] GC(1000) Humongous regions: 129->129
[2024-06-01T21:07:37.357-0300][gc,metaspace  ] GC(1000) Metaspace: 45755K(48924K)->45755K(48924K) NonClass: 40016K(41680K)->40016K(41680K) Class: 5738K(7244K)->5738K(7244K)
[2024-06-01T21:07:37.357-0300][gc            ] GC(1000) Pause Young (Normal) (G1 Evacuation Pause) 760M->714M(1024M) 19,058ms
[2024-06-01T21:07:37.358-0300][gc,cpu        ] GC(1000) User=0,07s Sys=0,00s Real=0,02s
[2024-06-01T21:08:07.054-0300][gc,start      ] GC(1001) Pause Young (Normal) (G1 Evacuation Pause)
[2024-06-01T21:08:07.054-0300][gc,task       ] GC(1001) Using 4 workers of 4 for evacuation
[2024-06-01T21:08:07.072-0300][gc,phases     ] GC(1001)   Pre Evacuate Collection Set: 0,1ms
[2024-06-01T21:08:07.072-0300][gc,phases     ] GC(1001)   Evacuate Collection Set: 16,9ms
[2024-06-01T21:08:07.072-0300][gc,phases     ] GC(1001)   Post Evacuate Collection Set: 1,0ms
[2024-06-01T21:08:07.072-0300][gc,phases     ] GC(1001)   Other: 0,4ms
[2024-06-01T21:08:07.072-0300][gc,heap       ] GC(1001) Eden regions: 47->0(48)
[2024-06-01T21:08:07.072-0300][gc,heap       ] GC(1001) Survivor regions: 4->5(7)
[2024-06-01T21:08:07.072-0300][gc,heap       ] GC(1001) Old regions: 583->583
[2024-06-01T21:08:07.072-0300][gc,heap       ] GC(1001) Humongous regions: 129->129
[2024-06-01T21:08:07.072-0300][gc,metaspace  ] GC(1001) Metaspace: 45755K(48924K)->45755K(48924K) NonClass: 40016K(41680K)->40016K(41680K) Class: 5738K(7244K)->5738K(7244K)
[2024-06-01T21:08:07.072-0300][gc            ] GC(1001) Pause Young (Normal) (G1 Evacuation Pause) 761M->715M(1024M) 18,659ms
[2024-06-01T21:08:07.072-0300][gc,cpu        ] GC(1001) User=0,07s Sys=0,00s Real=0,02s
[2024-06-01T21:08:36.449-0300][gc,start      ] GC(1002) Pause Young (Normal) (G1 Evacuation Pause)
[2024-06-01T21:08:36.449-0300][gc,task       ] GC(1002) Using 4 workers of 4 for evacuation
[2024-06-01T21:08:36.470-0300][gc,mmu        ] GC(1002) MMU target violated: 20,6ms (20,0ms/21,0ms)
[2024-06-01T21:08:36.470-0300][gc,phases     ] GC(1002)   Pre Evacuate Collection Set: 0,1ms
[2024-06-01T21:08:36.470-0300][gc,phases     ] GC(1002)   Evacuate Collection Set: 19,4ms
[2024-06-01T21:08:36.470-0300][gc,phases     ] GC(1002)   Post Evacuate Collection Set: 1,0ms
[2024-06-01T21:08:36.470-0300][gc,phases     ] GC(1002)   Other: 0,5ms
[2024-06-01T21:08:36.470-0300][gc,heap       ] GC(1002) Eden regions: 46->0(48)
[2024-06-01T21:08:36.470-0300][gc,heap       ] GC(1002) Survivor regions: 5->5(7)
[2024-06-01T21:08:36.470-0300][gc,heap       ] GC(1002) Old regions: 583->584
[2024-06-01T21:08:36.470-0300][gc,heap       ] GC(1002) Humongous regions: 129->129
[2024-06-01T21:08:36.470-0300][gc,metaspace  ] GC(1002) Metaspace: 45755K(48924K)->45755K(48924K) NonClass: 40016K(41680K)->40016K(41680K) Class: 5738K(7244K)->5738K(7244K)
[2024-06-01T21:08:36.470-0300][gc            ] GC(1002) Pause Young (Normal) (G1 Evacuation Pause) 761M->716M(1024M) 21,192ms
[2024-06-01T21:08:36.470-0300][gc,cpu        ] GC(1002) User=0,07s Sys=0,00s Real=0,02s
[2024-06-01T21:09:06.582-0300][gc,start      ] GC(1003) Pause Young (Normal) (G1 Evacuation Pause)
[2024-06-01T21:09:06.582-0300][gc,task       ] GC(1003) Using 4 workers of 4 for evacuation
[2024-06-01T21:09:06.604-0300][gc,mmu        ] GC(1003) MMU target violated: 21,0ms (20,0ms/21,0ms)
[2024-06-01T21:09:06.604-0300][gc,phases     ] GC(1003)   Pre Evacuate Collection Set: 0,1ms
[2024-06-01T21:09:06.604-0300][gc,phases     ] GC(1003)   Evacuate Collection Set: 20,7ms
[2024-06-01T21:09:06.604-0300][gc,phases     ] GC(1003)   Post Evacuate Collection Set: 1,0ms
[2024-06-01T21:09:06.604-0300][gc,phases     ] GC(1003)   Other: 0,5ms
[2024-06-01T21:09:06.604-0300][gc,heap       ] GC(1003) Eden regions: 48->0(49)
[2024-06-01T21:09:06.604-0300][gc,heap       ] GC(1003) Survivor regions: 5->5(7)
[2024-06-01T21:09:06.604-0300][gc,heap       ] GC(1003) Old regions: 584->586
[2024-06-01T21:09:06.604-0300][gc,heap       ] GC(1003) Humongous regions: 129->129
[2024-06-01T21:09:06.604-0300][gc,metaspace  ] GC(1003) Metaspace: 45755K(48924K)->45755K(48924K) NonClass: 40016K(41680K)->40016K(41680K) Class: 5738K(7244K)->5738K(7244K)
[2024-06-01T21:09:06.604-0300][gc            ] GC(1003) Pause Young (Normal) (G1 Evacuation Pause) 764M->717M(1024M) 22,485ms
[2024-06-01T21:09:06.604-0300][gc,cpu        ] GC(1003) User=0,07s Sys=0,00s Real=0,02s
[2024-06-01T21:09:37.791-0300][gc,start      ] GC(1004) Pause Young (Normal) (G1 Evacuation Pause)
[2024-06-01T21:09:37.791-0300][gc,task       ] GC(1004) Using 4 workers of 4 for evacuation
[2024-06-01T21:09:37.811-0300][gc,phases     ] GC(1004)   Pre Evacuate Collection Set: 0,1ms
[2024-06-01T21:09:37.811-0300][gc,phases     ] GC(1004)   Evacuate Collection Set: 18,3ms
[2024-06-01T21:09:37.811-0300][gc,phases     ] GC(1004)   Post Evacuate Collection Set: 1,0ms
[2024-06-01T21:09:37.811-0300][gc,phases     ] GC(1004)   Other: 0,5ms
[2024-06-01T21:09:37.811-0300][gc,heap       ] GC(1004) Eden regions: 49->0(49)
[2024-06-01T21:09:37.811-0300][gc,heap       ] GC(1004) Survivor regions: 5->5(7)
[2024-06-01T21:09:37.811-0300][gc,heap       ] GC(1004) Old regions: 586->587
[2024-06-01T21:09:37.811-0300][gc,heap       ] GC(1004) Humongous regions: 129->129
[2024-06-01T21:09:37.811-0300][gc,metaspace  ] GC(1004) Metaspace: 45755K(48924K)->45755K(48924K) NonClass: 40016K(41680K)->40016K(41680K) Class: 5738K(7244K)->5738K(7244K)
[2024-06-01T21:09:37.811-0300][gc            ] GC(1004) Pause Young (Normal) (G1 Evacuation Pause) 766M->718M(1024M) 20,112ms
[2024-06-01T21:09:37.811-0300][gc,cpu        ] GC(1004) User=0,07s Sys=0,00s Real=0,02s
[2024-06-01T21:10:07.346-0300][gc,start      ] GC(1005) Pause Young (Normal) (G1 Evacuation Pause)
[2024-06-01T21:10:07.346-0300][gc,task       ] GC(1005) Using 4 workers of 4 for evacuation
[2024-06-01T21:10:07.365-0300][gc,phases     ] GC(1005)   Pre Evacuate Collection Set: 0,1ms
[2024-06-01T21:10:07.366-0300][gc,phases     ] GC(1005)   Evacuate Collection Set: 18,3ms
[2024-06-01T21:10:07.366-0300][gc,phases     ] GC(1005)   Post Evacuate Collection Set: 1,1ms
[2024-06-01T21:10:07.366-0300][gc,phases     ] GC(1005)   Other: 0,4ms
[2024-06-01T21:10:07.366-0300][gc,heap       ] GC(1005) Eden regions: 46->0(48)
[2024-06-01T21:10:07.366-0300][gc,heap       ] GC(1005) Survivor regions: 5->4(7)
[2024-06-01T21:10:07.366-0300][gc,heap       ] GC(1005) Old regions: 587->588
[2024-06-01T21:10:07.366-0300][gc,heap       ] GC(1005) Humongous regions: 129->129
[2024-06-01T21:10:07.366-0300][gc,metaspace  ] GC(1005) Metaspace: 45755K(48924K)->45755K(48924K) NonClass: 40016K(41680K)->40016K(41680K) Class: 5738K(7244K)->5738K(7244K)
[2024-06-01T21:10:07.366-0300][gc            ] GC(1005) Pause Young (Normal) (G1 Evacuation Pause) 764M->719M(1024M) 20,068ms
[2024-06-01T21:10:07.366-0300][gc,cpu        ] GC(1005) User=0,08s Sys=0,00s Real=0,02s
[2024-06-01T21:10:37.839-0300][gc,start      ] GC(1006) Pause Young (Normal) (G1 Evacuation Pause)
[2024-06-01T21:10:37.839-0300][gc,task       ] GC(1006) Using 4 workers of 4 for evacuation
[2024-06-01T21:10:37.859-0300][gc,phases     ] GC(1006)   Pre Evacuate Collection Set: 0,1ms
[2024-06-01T21:10:37.859-0300][gc,phases     ] GC(1006)   Evacuate Collection Set: 18,2ms
[2024-06-01T21:10:37.859-0300][gc,phases     ] GC(1006)   Post Evacuate Collection Set: 1,0ms
[2024-06-01T21:10:37.859-0300][gc,phases     ] GC(1006)   Other: 0,5ms
[2024-06-01T21:10:37.859-0300][gc,heap       ] GC(1006) Eden regions: 48->0(48)
[2024-06-01T21:10:37.859-0300][gc,heap       ] GC(1006) Survivor regions: 4->4(7)
[2024-06-01T21:10:37.859-0300][gc,heap       ] GC(1006) Old regions: 588->589
[2024-06-01T21:10:37.859-0300][gc,heap       ] GC(1006) Humongous regions: 129->129
[2024-06-01T21:10:37.859-0300][gc,metaspace  ] GC(1006) Metaspace: 45755K(48924K)->45755K(48924K) NonClass: 40016K(41680K)->40016K(41680K) Class: 5738K(7244K)->5738K(7244K)
[2024-06-01T21:10:37.859-0300][gc            ] GC(1006) Pause Young (Normal) (G1 Evacuation Pause) 767M->720M(1024M) 19,953ms
[2024-06-01T21:10:37.859-0300][gc,cpu        ] GC(1006) User=0,07s Sys=0,00s Real=0,02s
[2024-06-01T21:11:07.789-0300][gc,start      ] GC(1007) Pause Young (Normal) (G1 Evacuation Pause)
[2024-06-01T21:11:07.789-0300][gc,task       ] GC(1007) Using 4 workers of 4 for evacuation
[2024-06-01T21:11:07.809-0300][gc,phases     ] GC(1007)   Pre Evacuate Collection Set: 0,1ms
[2024-06-01T21:11:07.809-0300][gc,phases     ] GC(1007)   Evacuate Collection Set: 18,2ms
[2024-06-01T21:11:07.809-0300][gc,phases     ] GC(1007)   Post Evacuate Collection Set: 0,9ms
[2024-06-01T21:11:07.809-0300][gc,phases     ] GC(1007)   Other: 0,4ms
[2024-06-01T21:11:07.809-0300][gc,heap       ] GC(1007) Eden regions: 47->0(48)
[2024-06-01T21:11:07.809-0300][gc,heap       ] GC(1007) Survivor regions: 4->5(7)
[2024-06-01T21:11:07.809-0300][gc,heap       ] GC(1007) Old regions: 589->590
[2024-06-01T21:11:07.809-0300][gc,heap       ] GC(1007) Humongous regions: 129->129
[2024-06-01T21:11:07.809-0300][gc,metaspace  ] GC(1007) Metaspace: 45755K(48924K)->45755K(48924K) NonClass: 40016K(41680K)->40016K(41680K) Class: 5738K(7244K)->5738K(7244K)
[2024-06-01T21:11:07.809-0300][gc            ] GC(1007) Pause Young (Normal) (G1 Evacuation Pause) 767M->721M(1024M) 19,843ms
[2024-06-01T21:11:07.809-0300][gc,cpu        ] GC(1007) User=0,07s Sys=0,00s Real=0,02s
[2024-06-01T21:11:38.595-0300][gc,start      ] GC(1008) Pause Young (Normal) (G1 Evacuation Pause)
[2024-06-01T21:11:38.595-0300][gc,task       ] GC(1008) Using 4 workers of 4 for evacuation
[2024-06-01T21:11:38.613-0300][gc,phases     ] GC(1008)   Pre Evacuate Collection Set: 0,1ms
[2024-06-01T21:11:38.613-0300][gc,phases     ] GC(1008)   Evacuate Collection Set: 17,1ms
[2024-06-01T21:11:38.613-0300][gc,phases     ] GC(1008)   Post Evacuate Collection Set: 1,1ms
[2024-06-01T21:11:38.613-0300][gc,phases     ] GC(1008)   Other: 0,4ms
[2024-06-01T21:11:38.613-0300][gc,heap       ] GC(1008) Eden regions: 48->0(48)
[2024-06-01T21:11:38.613-0300][gc,heap       ] GC(1008) Survivor regions: 5->4(7)
[2024-06-01T21:11:38.613-0300][gc,heap       ] GC(1008) Old regions: 590->591
[2024-06-01T21:11:38.613-0300][gc,heap       ] GC(1008) Humongous regions: 129->129
[2024-06-01T21:11:38.614-0300][gc,metaspace  ] GC(1008) Metaspace: 45755K(48924K)->45755K(48924K) NonClass: 40016K(41680K)->40016K(41680K) Class: 5738K(7244K)->5738K(7244K)
[2024-06-01T21:11:38.614-0300][gc            ] GC(1008) Pause Young (Normal) (G1 Evacuation Pause) 769M->721M(1024M) 18,944ms
[2024-06-01T21:11:38.614-0300][gc,cpu        ] GC(1008) User=0,07s Sys=0,00s Real=0,02s
[2024-06-01T21:12:08.743-0300][gc,start      ] GC(1009) Pause Young (Normal) (G1 Evacuation Pause)
[2024-06-01T21:12:08.743-0300][gc,task       ] GC(1009) Using 4 workers of 4 for evacuation
[2024-06-01T21:12:08.762-0300][gc,phases     ] GC(1009)   Pre Evacuate Collection Set: 0,1ms
[2024-06-01T21:12:08.762-0300][gc,phases     ] GC(1009)   Evacuate Collection Set: 17,4ms
[2024-06-01T21:12:08.762-0300][gc,phases     ] GC(1009)   Post Evacuate Collection Set: 1,0ms
[2024-06-01T21:12:08.762-0300][gc,phases     ] GC(1009)   Other: 0,5ms
[2024-06-01T21:12:08.762-0300][gc,heap       ] GC(1009) Eden regions: 47->0(49)
[2024-06-01T21:12:08.762-0300][gc,heap       ] GC(1009) Survivor regions: 4->5(7)
[2024-06-01T21:12:08.762-0300][gc,heap       ] GC(1009) Old regions: 591->591
[2024-06-01T21:12:08.762-0300][gc,heap       ] GC(1009) Humongous regions: 129->129
[2024-06-01T21:12:08.762-0300][gc,metaspace  ] GC(1009) Metaspace: 45755K(48924K)->45755K(48924K) NonClass: 40016K(41680K)->40016K(41680K) Class: 5738K(7244K)->5738K(7244K)
[2024-06-01T21:12:08.762-0300][gc            ] GC(1009) Pause Young (Normal) (G1 Evacuation Pause) 768M->722M(1024M) 19,163ms
[2024-06-01T21:12:08.762-0300][gc,cpu        ] GC(1009) User=0,07s Sys=0,00s Real=0,02s
[2024-06-01T21:12:40.382-0300][gc,start      ] GC(1010) Pause Young (Normal) (G1 Evacuation Pause)
[2024-06-01T21:12:40.382-0300][gc,task       ] GC(1010) Using 4 workers of 4 for evacuation
[2024-06-01T21:12:40.390-0300][gc,phases     ] GC(1010)   Pre Evacuate Collection Set: 0,0ms
[2024-06-01T21:12:40.390-0300][gc,phases     ] GC(1010)   Evacuate Collection Set: 7,4ms
[2024-06-01T21:12:40.390-0300][gc,phases     ] GC(1010)   Post Evacuate Collection Set: 0,4ms
[2024-06-01T21:12:40.390-0300][gc,phases     ] GC(1010)   Other: 0,2ms
[2024-06-01T21:12:40.390-0300][gc,heap       ] GC(1010) Eden regions: 49->0(49)
[2024-06-01T21:12:40.390-0300][gc,heap       ] GC(1010) Survivor regions: 5->5(7)
[2024-06-01T21:12:40.390-0300][gc,heap       ] GC(1010) Old regions: 591->592
[2024-06-01T21:12:40.390-0300][gc,heap       ] GC(1010) Humongous regions: 129->129
[2024-06-01T21:12:40.390-0300][gc,metaspace  ] GC(1010) Metaspace: 45755K(48924K)->45755K(48924K) NonClass: 40016K(41680K)->40016K(41680K) Class: 5738K(7244K)->5738K(7244K)
[2024-06-01T21:12:40.390-0300][gc            ] GC(1010) Pause Young (Normal) (G1 Evacuation Pause) 771M->724M(1024M) 8,156ms
[2024-06-01T21:12:40.390-0300][gc,cpu        ] GC(1010) User=0,02s Sys=0,01s Real=0,01s
[2024-06-01T21:13:12.161-0300][gc,start      ] GC(1011) Pause Young (Normal) (G1 Evacuation Pause)
[2024-06-01T21:13:12.162-0300][gc,task       ] GC(1011) Using 4 workers of 4 for evacuation
[2024-06-01T21:13:12.184-0300][gc,mmu        ] GC(1011) MMU target violated: 21,0ms (20,0ms/21,0ms)
[2024-06-01T21:13:12.184-0300][gc,phases     ] GC(1011)   Pre Evacuate Collection Set: 0,1ms
[2024-06-01T21:13:12.184-0300][gc,phases     ] GC(1011)   Evacuate Collection Set: 20,9ms
[2024-06-01T21:13:12.184-0300][gc,phases     ] GC(1011)   Post Evacuate Collection Set: 0,9ms
[2024-06-01T21:13:12.184-0300][gc,phases     ] GC(1011)   Other: 0,5ms
[2024-06-01T21:13:12.184-0300][gc,heap       ] GC(1011) Eden regions: 49->0(50)
[2024-06-01T21:13:12.184-0300][gc,heap       ] GC(1011) Survivor regions: 5->5(7)
[2024-06-01T21:13:12.184-0300][gc,heap       ] GC(1011) Old regions: 592->593
[2024-06-01T21:13:12.184-0300][gc,heap       ] GC(1011) Humongous regions: 129->129
[2024-06-01T21:13:12.184-0300][gc,metaspace  ] GC(1011) Metaspace: 45755K(48924K)->45755K(48924K) NonClass: 40016K(41680K)->40016K(41680K) Class: 5738K(7244K)->5738K(7244K)
[2024-06-01T21:13:12.184-0300][gc            ] GC(1011) Pause Young (Normal) (G1 Evacuation Pause) 773M->725M(1024M) 22,636ms
[2024-06-01T21:13:12.184-0300][gc,cpu        ] GC(1011) User=0,08s Sys=0,00s Real=0,02s
[2024-06-01T21:13:44.658-0300][gc,start      ] GC(1012) Pause Young (Normal) (G1 Evacuation Pause)
[2024-06-01T21:13:44.658-0300][gc,task       ] GC(1012) Using 4 workers of 4 for evacuation
[2024-06-01T21:13:44.678-0300][gc,mmu        ] GC(1012) MMU target violated: 20,1ms (20,0ms/21,0ms)
[2024-06-01T21:13:44.678-0300][gc,phases     ] GC(1012)   Pre Evacuate Collection Set: 0,1ms
[2024-06-01T21:13:44.678-0300][gc,phases     ] GC(1012)   Evacuate Collection Set: 18,9ms
[2024-06-01T21:13:44.678-0300][gc,phases     ] GC(1012)   Post Evacuate Collection Set: 1,0ms
[2024-06-01T21:13:44.678-0300][gc,phases     ] GC(1012)   Other: 0,5ms
[2024-06-01T21:13:44.679-0300][gc,heap       ] GC(1012) Eden regions: 50->0(50)
[2024-06-01T21:13:44.679-0300][gc,heap       ] GC(1012) Survivor regions: 5->5(7)
[2024-06-01T21:13:44.679-0300][gc,heap       ] GC(1012) Old regions: 593->594
[2024-06-01T21:13:44.679-0300][gc,heap       ] GC(1012) Humongous regions: 129->129
[2024-06-01T21:13:44.679-0300][gc,metaspace  ] GC(1012) Metaspace: 45755K(48924K)->45755K(48924K) NonClass: 40016K(41680K)->40016K(41680K) Class: 5738K(7244K)->5738K(7244K)
[2024-06-01T21:13:44.679-0300][gc            ] GC(1012) Pause Young (Normal) (G1 Evacuation Pause) 775M->726M(1024M) 20,676ms
[2024-06-01T21:13:44.679-0300][gc,cpu        ] GC(1012) User=0,08s Sys=0,01s Real=0,02s
[2024-06-01T21:14:13.853-0300][gc,start      ] GC(1013) Pause Young (Normal) (G1 Evacuation Pause)
[2024-06-01T21:14:13.853-0300][gc,task       ] GC(1013) Using 4 workers of 4 for evacuation
[2024-06-01T21:14:13.874-0300][gc,mmu        ] GC(1013) MMU target violated: 20,4ms (20,0ms/21,0ms)
[2024-06-01T21:14:13.874-0300][gc,phases     ] GC(1013)   Pre Evacuate Collection Set: 0,1ms
[2024-06-01T21:14:13.874-0300][gc,phases     ] GC(1013)   Evacuate Collection Set: 19,1ms
[2024-06-01T21:14:13.874-0300][gc,phases     ] GC(1013)   Post Evacuate Collection Set: 1,1ms
[2024-06-01T21:14:13.874-0300][gc,phases     ] GC(1013)   Other: 0,5ms
[2024-06-01T21:14:13.874-0300][gc,heap       ] GC(1013) Eden regions: 46->0(50)
[2024-06-01T21:14:13.874-0300][gc,heap       ] GC(1013) Survivor regions: 5->5(7)
[2024-06-01T21:14:13.874-0300][gc,heap       ] GC(1013) Old regions: 594->596
[2024-06-01T21:14:13.874-0300][gc,heap       ] GC(1013) Humongous regions: 129->129
[2024-06-01T21:14:13.874-0300][gc,metaspace  ] GC(1013) Metaspace: 45755K(48924K)->45755K(48924K) NonClass: 40016K(41680K)->40016K(41680K) Class: 5738K(7244K)->5738K(7244K)
[2024-06-01T21:14:13.874-0300][gc            ] GC(1013) Pause Young (Normal) (G1 Evacuation Pause) 772M->727M(1024M) 20,950ms
[2024-06-01T21:14:13.874-0300][gc,cpu        ] GC(1013) User=0,07s Sys=0,00s Real=0,02s
[2024-06-01T21:14:46.137-0300][gc,start      ] GC(1014) Pause Young (Normal) (G1 Evacuation Pause)
[2024-06-01T21:14:46.137-0300][gc,task       ] GC(1014) Using 4 workers of 4 for evacuation
[2024-06-01T21:14:46.150-0300][gc,phases     ] GC(1014)   Pre Evacuate Collection Set: 0,0ms
[2024-06-01T21:14:46.150-0300][gc,phases     ] GC(1014)   Evacuate Collection Set: 11,6ms
[2024-06-01T21:14:46.150-0300][gc,phases     ] GC(1014)   Post Evacuate Collection Set: 0,9ms
[2024-06-01T21:14:46.150-0300][gc,phases     ] GC(1014)   Other: 0,3ms
[2024-06-01T21:14:46.150-0300][gc,heap       ] GC(1014) Eden regions: 50->0(55)
[2024-06-01T21:14:46.150-0300][gc,heap       ] GC(1014) Survivor regions: 5->5(7)
[2024-06-01T21:14:46.150-0300][gc,heap       ] GC(1014) Old regions: 596->597
[2024-06-01T21:14:46.150-0300][gc,heap       ] GC(1014) Humongous regions: 129->129
[2024-06-01T21:14:46.150-0300][gc,metaspace  ] GC(1014) Metaspace: 45755K(48924K)->45755K(48924K) NonClass: 40016K(41680K)->40016K(41680K) Class: 5738K(7244K)->5738K(7244K)
[2024-06-01T21:14:46.151-0300][gc            ] GC(1014) Pause Young (Normal) (G1 Evacuation Pause) 777M->728M(1024M) 13,128ms
[2024-06-01T21:14:46.151-0300][gc,cpu        ] GC(1014) User=0,05s Sys=0,00s Real=0,01s
[2024-06-01T21:15:21.533-0300][gc,start      ] GC(1015) Pause Young (Normal) (G1 Evacuation Pause)
[2024-06-01T21:15:21.533-0300][gc,task       ] GC(1015) Using 4 workers of 4 for evacuation
[2024-06-01T21:15:21.553-0300][gc,phases     ] GC(1015)   Pre Evacuate Collection Set: 0,1ms
[2024-06-01T21:15:21.553-0300][gc,phases     ] GC(1015)   Evacuate Collection Set: 18,2ms
[2024-06-01T21:15:21.553-0300][gc,phases     ] GC(1015)   Post Evacuate Collection Set: 1,0ms
[2024-06-01T21:15:21.553-0300][gc,phases     ] GC(1015)   Other: 0,4ms
[2024-06-01T21:15:21.553-0300][gc,heap       ] GC(1015) Eden regions: 55->0(55)
[2024-06-01T21:15:21.553-0300][gc,heap       ] GC(1015) Survivor regions: 5->6(8)
[2024-06-01T21:15:21.553-0300][gc,heap       ] GC(1015) Old regions: 597->597
[2024-06-01T21:15:21.553-0300][gc,heap       ] GC(1015) Humongous regions: 129->129
[2024-06-01T21:15:21.553-0300][gc,metaspace  ] GC(1015) Metaspace: 45755K(48924K)->45755K(48924K) NonClass: 40016K(41680K)->40016K(41680K) Class: 5738K(7244K)->5738K(7244K)
[2024-06-01T21:15:21.553-0300][gc            ] GC(1015) Pause Young (Normal) (G1 Evacuation Pause) 783M->729M(1024M) 20,041ms
[2024-06-01T21:15:21.553-0300][gc,cpu        ] GC(1015) User=0,07s Sys=0,00s Real=0,02s
[2024-06-01T21:15:47.386-0300][gc,start      ] GC(1016) Pause Young (Normal) (G1 Evacuation Pause)
[2024-06-01T21:15:47.386-0300][gc,task       ] GC(1016) Using 4 workers of 4 for evacuation
[2024-06-01T21:15:47.396-0300][gc,phases     ] GC(1016)   Pre Evacuate Collection Set: 0,0ms
[2024-06-01T21:15:47.396-0300][gc,phases     ] GC(1016)   Evacuate Collection Set: 9,9ms
[2024-06-01T21:15:47.396-0300][gc,phases     ] GC(1016)   Post Evacuate Collection Set: 0,5ms
[2024-06-01T21:15:47.396-0300][gc,phases     ] GC(1016)   Other: 0,2ms
[2024-06-01T21:15:47.396-0300][gc,heap       ] GC(1016) Eden regions: 45->0(49)
[2024-06-01T21:15:47.396-0300][gc,heap       ] GC(1016) Survivor regions: 6->7(7)
[2024-06-01T21:15:47.396-0300][gc,heap       ] GC(1016) Old regions: 597->598
[2024-06-01T21:15:47.396-0300][gc,heap       ] GC(1016) Humongous regions: 129->129
[2024-06-01T21:15:47.396-0300][gc,metaspace  ] GC(1016) Metaspace: 45755K(48924K)->45755K(48924K) NonClass: 40016K(41680K)->40016K(41680K) Class: 5738K(7244K)->5738K(7244K)
[2024-06-01T21:15:47.396-0300][gc            ] GC(1016) Pause Young (Normal) (G1 Evacuation Pause) 774M->732M(1024M) 10,716ms
[2024-06-01T21:15:47.397-0300][gc,cpu        ] GC(1016) User=0,04s Sys=0,00s Real=0,02s
[2024-06-01T21:16:18.736-0300][gc,start      ] GC(1017) Pause Young (Normal) (G1 Evacuation Pause)
[2024-06-01T21:16:18.736-0300][gc,task       ] GC(1017) Using 4 workers of 4 for evacuation
[2024-06-01T21:16:18.763-0300][gc,mmu        ] GC(1017) MMU target violated: 21,0ms (20,0ms/21,0ms)
[2024-06-01T21:16:18.763-0300][gc,phases     ] GC(1017)   Pre Evacuate Collection Set: 0,1ms
[2024-06-01T21:16:18.763-0300][gc,phases     ] GC(1017)   Evacuate Collection Set: 24,8ms
[2024-06-01T21:16:18.763-0300][gc,phases     ] GC(1017)   Post Evacuate Collection Set: 1,0ms
[2024-06-01T21:16:18.763-0300][gc,phases     ] GC(1017)   Other: 0,5ms
[2024-06-01T21:16:18.763-0300][gc,heap       ] GC(1017) Eden regions: 49->0(46)
[2024-06-01T21:16:18.763-0300][gc,heap       ] GC(1017) Survivor regions: 7->5(7)
[2024-06-01T21:16:18.763-0300][gc,heap       ] GC(1017) Old regions: 598->601
[2024-06-01T21:16:18.763-0300][gc,heap       ] GC(1017) Humongous regions: 129->129
[2024-06-01T21:16:18.763-0300][gc,metaspace  ] GC(1017) Metaspace: 45755K(48924K)->45755K(48924K) NonClass: 40016K(41680K)->40016K(41680K) Class: 5738K(7244K)->5738K(7244K)
[2024-06-01T21:16:18.763-0300][gc            ] GC(1017) Pause Young (Normal) (G1 Evacuation Pause) 781M->732M(1024M) 26,638ms
[2024-06-01T21:16:18.763-0300][gc,cpu        ] GC(1017) User=0,09s Sys=0,00s Real=0,02s
[2024-06-01T21:16:48.569-0300][gc,start      ] GC(1018) Pause Young (Normal) (G1 Evacuation Pause)
[2024-06-01T21:16:48.570-0300][gc,task       ] GC(1018) Using 4 workers of 4 for evacuation
[2024-06-01T21:16:48.589-0300][gc,phases     ] GC(1018)   Pre Evacuate Collection Set: 0,1ms
[2024-06-01T21:16:48.589-0300][gc,phases     ] GC(1018)   Evacuate Collection Set: 18,2ms
[2024-06-01T21:16:48.589-0300][gc,phases     ] GC(1018)   Post Evacuate Collection Set: 0,9ms
[2024-06-01T21:16:48.589-0300][gc,phases     ] GC(1018)   Other: 0,4ms
[2024-06-01T21:16:48.589-0300][gc,heap       ] GC(1018) Eden regions: 46->0(60)
[2024-06-01T21:16:48.589-0300][gc,heap       ] GC(1018) Survivor regions: 5->2(7)
[2024-06-01T21:16:48.589-0300][gc,heap       ] GC(1018) Old regions: 601->604
[2024-06-01T21:16:48.589-0300][gc,heap       ] GC(1018) Humongous regions: 129->129
[2024-06-01T21:16:48.589-0300][gc,metaspace  ] GC(1018) Metaspace: 45755K(48924K)->45755K(48924K) NonClass: 40016K(41680K)->40016K(41680K) Class: 5738K(7244K)->5738K(7244K)
[2024-06-01T21:16:48.589-0300][gc            ] GC(1018) Pause Young (Normal) (G1 Evacuation Pause) 778M->733M(1024M) 19,846ms
[2024-06-01T21:16:48.589-0300][gc,cpu        ] GC(1018) User=0,07s Sys=0,00s Real=0,02s
[2024-06-01T21:17:27.069-0300][gc,start      ] GC(1019) Pause Young (Normal) (G1 Evacuation Pause)
[2024-06-01T21:17:27.069-0300][gc,task       ] GC(1019) Using 4 workers of 4 for evacuation
[2024-06-01T21:17:27.080-0300][gc,phases     ] GC(1019)   Pre Evacuate Collection Set: 0,1ms
[2024-06-01T21:17:27.080-0300][gc,phases     ] GC(1019)   Evacuate Collection Set: 9,9ms
[2024-06-01T21:17:27.080-0300][gc,phases     ] GC(1019)   Post Evacuate Collection Set: 0,9ms
[2024-06-01T21:17:27.081-0300][gc,phases     ] GC(1019)   Other: 0,4ms
[2024-06-01T21:17:27.081-0300][gc,heap       ] GC(1019) Eden regions: 60->0(59)
[2024-06-01T21:17:27.081-0300][gc,heap       ] GC(1019) Survivor regions: 2->3(8)
[2024-06-01T21:17:27.081-0300][gc,heap       ] GC(1019) Old regions: 604->604
[2024-06-01T21:17:27.081-0300][gc,heap       ] GC(1019) Humongous regions: 129->129
[2024-06-01T21:17:27.081-0300][gc,metaspace  ] GC(1019) Metaspace: 45755K(48924K)->45755K(48924K) NonClass: 40016K(41680K)->40016K(41680K) Class: 5738K(7244K)->5738K(7244K)
[2024-06-01T21:17:27.081-0300][gc            ] GC(1019) Pause Young (Normal) (G1 Evacuation Pause) 793M->734M(1024M) 11,505ms
[2024-06-01T21:17:27.081-0300][gc,cpu        ] GC(1019) User=0,04s Sys=0,00s Real=0,01s
[2024-06-01T21:18:04.865-0300][gc,start      ] GC(1020) Pause Young (Normal) (G1 Evacuation Pause)
[2024-06-01T21:18:04.865-0300][gc,task       ] GC(1020) Using 4 workers of 4 for evacuation
[2024-06-01T21:18:04.879-0300][gc,phases     ] GC(1020)   Pre Evacuate Collection Set: 0,1ms
[2024-06-01T21:18:04.879-0300][gc,phases     ] GC(1020)   Evacuate Collection Set: 12,5ms
[2024-06-01T21:18:04.879-0300][gc,phases     ] GC(1020)   Post Evacuate Collection Set: 0,9ms
[2024-06-01T21:18:04.879-0300][gc,phases     ] GC(1020)   Other: 0,4ms
[2024-06-01T21:18:04.879-0300][gc,heap       ] GC(1020) Eden regions: 59->0(58)
[2024-06-01T21:18:04.879-0300][gc,heap       ] GC(1020) Survivor regions: 3->4(8)
[2024-06-01T21:18:04.879-0300][gc,heap       ] GC(1020) Old regions: 604->604
[2024-06-01T21:18:04.879-0300][gc,heap       ] GC(1020) Humongous regions: 129->129
[2024-06-01T21:18:04.879-0300][gc,metaspace  ] GC(1020) Metaspace: 45755K(48924K)->45755K(48924K) NonClass: 40016K(41680K)->40016K(41680K) Class: 5738K(7244K)->5738K(7244K)
[2024-06-01T21:18:04.879-0300][gc            ] GC(1020) Pause Young (Normal) (G1 Evacuation Pause) 793M->735M(1024M) 14,182ms
[2024-06-01T21:18:04.879-0300][gc,cpu        ] GC(1020) User=0,05s Sys=0,00s Real=0,02s
[2024-06-01T21:18:41.908-0300][gc,start      ] GC(1021) Pause Young (Normal) (G1 Evacuation Pause)
[2024-06-01T21:18:41.908-0300][gc,task       ] GC(1021) Using 4 workers of 4 for evacuation
[2024-06-01T21:18:41.923-0300][gc,phases     ] GC(1021)   Pre Evacuate Collection Set: 0,1ms
[2024-06-01T21:18:41.923-0300][gc,phases     ] GC(1021)   Evacuate Collection Set: 14,4ms
[2024-06-01T21:18:41.923-0300][gc,phases     ] GC(1021)   Post Evacuate Collection Set: 0,9ms
[2024-06-01T21:18:41.923-0300][gc,phases     ] GC(1021)   Other: 0,4ms
[2024-06-01T21:18:41.923-0300][gc,heap       ] GC(1021) Eden regions: 58->0(58)
[2024-06-01T21:18:41.924-0300][gc,heap       ] GC(1021) Survivor regions: 4->6(8)
[2024-06-01T21:18:41.924-0300][gc,heap       ] GC(1021) Old regions: 604->604
[2024-06-01T21:18:41.924-0300][gc,heap       ] GC(1021) Humongous regions: 129->129
[2024-06-01T21:18:41.924-0300][gc,metaspace  ] GC(1021) Metaspace: 45755K(48924K)->45755K(48924K) NonClass: 40016K(41680K)->40016K(41680K) Class: 5738K(7244K)->5738K(7244K)
[2024-06-01T21:18:41.924-0300][gc            ] GC(1021) Pause Young (Normal) (G1 Evacuation Pause) 793M->736M(1024M) 16,005ms
[2024-06-01T21:18:41.924-0300][gc,cpu        ] GC(1021) User=0,05s Sys=0,00s Real=0,01s
[2024-06-01T21:19:19.119-0300][gc,start      ] GC(1022) Pause Young (Normal) (G1 Evacuation Pause)
[2024-06-01T21:19:19.119-0300][gc,task       ] GC(1022) Using 4 workers of 4 for evacuation
[2024-06-01T21:19:19.124-0300][gc,phases     ] GC(1022)   Pre Evacuate Collection Set: 0,0ms
[2024-06-01T21:19:19.124-0300][gc,phases     ] GC(1022)   Evacuate Collection Set: 4,8ms
[2024-06-01T21:19:19.124-0300][gc,phases     ] GC(1022)   Post Evacuate Collection Set: 0,6ms
[2024-06-01T21:19:19.124-0300][gc,phases     ] GC(1022)   Other: 0,2ms
[2024-06-01T21:19:19.124-0300][gc,heap       ] GC(1022) Eden regions: 58->0(61)
[2024-06-01T21:19:19.124-0300][gc,heap       ] GC(1022) Survivor regions: 6->6(8)
[2024-06-01T21:19:19.124-0300][gc,heap       ] GC(1022) Old regions: 604->606
[2024-06-01T21:19:19.124-0300][gc,heap       ] GC(1022) Humongous regions: 129->129
[2024-06-01T21:19:19.124-0300][gc,metaspace  ] GC(1022) Metaspace: 45755K(48924K)->45755K(48924K) NonClass: 40016K(41680K)->40016K(41680K) Class: 5738K(7244K)->5738K(7244K)
[2024-06-01T21:19:19.124-0300][gc            ] GC(1022) Pause Young (Normal) (G1 Evacuation Pause) 794M->738M(1024M) 5,845ms
[2024-06-01T21:19:19.125-0300][gc,cpu        ] GC(1022) User=0,02s Sys=0,01s Real=0,00s
[2024-06-01T21:19:57.869-0300][gc,start      ] GC(1023) Pause Young (Normal) (G1 Evacuation Pause)
[2024-06-01T21:19:57.869-0300][gc,task       ] GC(1023) Using 4 workers of 4 for evacuation
[2024-06-01T21:19:57.887-0300][gc,phases     ] GC(1023)   Pre Evacuate Collection Set: 0,1ms
[2024-06-01T21:19:57.887-0300][gc,phases     ] GC(1023)   Evacuate Collection Set: 16,1ms
[2024-06-01T21:19:57.887-0300][gc,phases     ] GC(1023)   Post Evacuate Collection Set: 0,9ms
[2024-06-01T21:19:57.887-0300][gc,phases     ] GC(1023)   Other: 0,5ms
[2024-06-01T21:19:57.887-0300][gc,heap       ] GC(1023) Eden regions: 61->0(60)
[2024-06-01T21:19:57.887-0300][gc,heap       ] GC(1023) Survivor regions: 6->5(9)
[2024-06-01T21:19:57.887-0300][gc,heap       ] GC(1023) Old regions: 606->607
[2024-06-01T21:19:57.887-0300][gc,heap       ] GC(1023) Humongous regions: 129->129
[2024-06-01T21:19:57.887-0300][gc,metaspace  ] GC(1023) Metaspace: 45755K(48924K)->45755K(48924K) NonClass: 40016K(41680K)->40016K(41680K) Class: 5738K(7244K)->5738K(7244K)
[2024-06-01T21:19:57.887-0300][gc            ] GC(1023) Pause Young (Normal) (G1 Evacuation Pause) 799M->738M(1024M) 17,807ms
[2024-06-01T21:19:57.887-0300][gc,cpu        ] GC(1023) User=0,06s Sys=0,00s Real=0,01s
[2024-06-01T21:20:36.263-0300][gc,start      ] GC(1024) Pause Young (Normal) (G1 Evacuation Pause)
[2024-06-01T21:20:36.263-0300][gc,task       ] GC(1024) Using 4 workers of 4 for evacuation
[2024-06-01T21:20:36.269-0300][gc,phases     ] GC(1024)   Pre Evacuate Collection Set: 0,0ms
[2024-06-01T21:20:36.269-0300][gc,phases     ] GC(1024)   Evacuate Collection Set: 5,8ms
[2024-06-01T21:20:36.269-0300][gc,phases     ] GC(1024)   Post Evacuate Collection Set: 0,4ms
[2024-06-01T21:20:36.269-0300][gc,phases     ] GC(1024)   Other: 0,2ms
[2024-06-01T21:20:36.269-0300][gc,heap       ] GC(1024) Eden regions: 60->0(66)
[2024-06-01T21:20:36.269-0300][gc,heap       ] GC(1024) Survivor regions: 5->6(9)
[2024-06-01T21:20:36.269-0300][gc,heap       ] GC(1024) Old regions: 607->607
[2024-06-01T21:20:36.269-0300][gc,heap       ] GC(1024) Humongous regions: 129->129
[2024-06-01T21:20:36.269-0300][gc,metaspace  ] GC(1024) Metaspace: 45755K(48924K)->45755K(48924K) NonClass: 40016K(41680K)->40016K(41680K) Class: 5738K(7244K)->5738K(7244K)
[2024-06-01T21:20:36.269-0300][gc            ] GC(1024) Pause Young (Normal) (G1 Evacuation Pause) 798M->739M(1024M) 6,474ms
[2024-06-01T21:20:36.269-0300][gc,cpu        ] GC(1024) User=0,03s Sys=0,00s Real=0,01s
[2024-06-01T21:21:18.199-0300][gc,start      ] GC(1025) Pause Young (Normal) (G1 Evacuation Pause)
[2024-06-01T21:21:18.199-0300][gc,task       ] GC(1025) Using 4 workers of 4 for evacuation
[2024-06-01T21:21:18.220-0300][gc,mmu        ] GC(1025) MMU target violated: 20,6ms (20,0ms/21,0ms)
[2024-06-01T21:21:18.220-0300][gc,phases     ] GC(1025)   Pre Evacuate Collection Set: 0,1ms
[2024-06-01T21:21:18.220-0300][gc,phases     ] GC(1025)   Evacuate Collection Set: 19,4ms
[2024-06-01T21:21:18.220-0300][gc,phases     ] GC(1025)   Post Evacuate Collection Set: 1,0ms
[2024-06-01T21:21:18.220-0300][gc,phases     ] GC(1025)   Other: 0,5ms
[2024-06-01T21:21:18.220-0300][gc,heap       ] GC(1025) Eden regions: 66->0(65)
[2024-06-01T21:21:18.220-0300][gc,heap       ] GC(1025) Survivor regions: 6->7(9)
[2024-06-01T21:21:18.220-0300][gc,heap       ] GC(1025) Old regions: 607->608
[2024-06-01T21:21:18.220-0300][gc,heap       ] GC(1025) Humongous regions: 129->129
[2024-06-01T21:21:18.220-0300][gc,metaspace  ] GC(1025) Metaspace: 45755K(48924K)->45755K(48924K) NonClass: 40016K(41680K)->40016K(41680K) Class: 5738K(7244K)->5738K(7244K)
[2024-06-01T21:21:18.220-0300][gc            ] GC(1025) Pause Young (Normal) (G1 Evacuation Pause) 805M->741M(1024M) 21,113ms
[2024-06-01T21:21:18.220-0300][gc,cpu        ] GC(1025) User=0,08s Sys=0,00s Real=0,02s
[2024-06-01T21:21:58.240-0300][gc,start      ] GC(1026) Pause Young (Normal) (G1 Evacuation Pause)
[2024-06-01T21:21:58.240-0300][gc,task       ] GC(1026) Using 4 workers of 4 for evacuation
[2024-06-01T21:21:58.264-0300][gc,mmu        ] GC(1026) MMU target violated: 21,0ms (20,0ms/21,0ms)
[2024-06-01T21:21:58.264-0300][gc,phases     ] GC(1026)   Pre Evacuate Collection Set: 0,1ms
[2024-06-01T21:21:58.264-0300][gc,phases     ] GC(1026)   Evacuate Collection Set: 22,4ms
[2024-06-01T21:21:58.264-0300][gc,phases     ] GC(1026)   Post Evacuate Collection Set: 0,9ms
[2024-06-01T21:21:58.264-0300][gc,phases     ] GC(1026)   Other: 0,5ms
[2024-06-01T21:21:58.264-0300][gc,heap       ] GC(1026) Eden regions: 63->0(60)
[2024-06-01T21:21:58.264-0300][gc,heap       ] GC(1026) Survivor regions: 7->5(9)
[2024-06-01T21:21:58.264-0300][gc,heap       ] GC(1026) Old regions: 608->610
[2024-06-01T21:21:58.264-0300][gc,heap       ] GC(1026) Humongous regions: 129->129
[2024-06-01T21:21:58.264-0300][gc,metaspace  ] GC(1026) Metaspace: 45755K(48924K)->45755K(48924K) NonClass: 40016K(41680K)->40016K(41680K) Class: 5738K(7244K)->5738K(7244K)
[2024-06-01T21:21:58.264-0300][gc            ] GC(1026) Pause Young (Normal) (G1 Evacuation Pause) 804M->742M(1024M) 24,116ms
[2024-06-01T21:21:58.264-0300][gc,cpu        ] GC(1026) User=0,08s Sys=0,01s Real=0,02s
[2024-06-01T21:22:36.469-0300][gc,start      ] GC(1027) Pause Young (Normal) (G1 Evacuation Pause)
[2024-06-01T21:22:36.469-0300][gc,task       ] GC(1027) Using 4 workers of 4 for evacuation
[2024-06-01T21:22:36.490-0300][gc,mmu        ] GC(1027) MMU target violated: 21,0ms (20,0ms/21,0ms)
[2024-06-01T21:22:36.490-0300][gc,phases     ] GC(1027)   Pre Evacuate Collection Set: 0,1ms
[2024-06-01T21:22:36.490-0300][gc,phases     ] GC(1027)   Evacuate Collection Set: 19,9ms
[2024-06-01T21:22:36.490-0300][gc,phases     ] GC(1027)   Post Evacuate Collection Set: 0,9ms
[2024-06-01T21:22:36.490-0300][gc,phases     ] GC(1027)   Other: 0,5ms
[2024-06-01T21:22:36.490-0300][gc,heap       ] GC(1027) Eden regions: 60->0(59)
[2024-06-01T21:22:36.490-0300][gc,heap       ] GC(1027) Survivor regions: 5->6(9)
[2024-06-01T21:22:36.490-0300][gc,heap       ] GC(1027) Old regions: 610->611
[2024-06-01T21:22:36.490-0300][gc,heap       ] GC(1027) Humongous regions: 129->129
[2024-06-01T21:22:36.490-0300][gc,metaspace  ] GC(1027) Metaspace: 45755K(48924K)->45755K(48924K) NonClass: 40016K(41680K)->40016K(41680K) Class: 5738K(7244K)->5738K(7244K)
[2024-06-01T21:22:36.490-0300][gc            ] GC(1027) Pause Young (Normal) (G1 Evacuation Pause) 802M->743M(1024M) 21,567ms
[2024-06-01T21:22:36.490-0300][gc,cpu        ] GC(1027) User=0,07s Sys=0,00s Real=0,02s
[2024-06-01T21:23:05.141-0300][gc,start      ] GC(1028) Pause Young (Normal) (G1 Evacuation Pause)
[2024-06-01T21:23:05.141-0300][gc,task       ] GC(1028) Using 4 workers of 4 for evacuation
[2024-06-01T21:23:05.149-0300][gc,phases     ] GC(1028)   Pre Evacuate Collection Set: 0,0ms
[2024-06-01T21:23:05.149-0300][gc,phases     ] GC(1028)   Evacuate Collection Set: 7,3ms
[2024-06-01T21:23:05.149-0300][gc,phases     ] GC(1028)   Post Evacuate Collection Set: 0,5ms
[2024-06-01T21:23:05.149-0300][gc,phases     ] GC(1028)   Other: 0,2ms
[2024-06-01T21:23:05.149-0300][gc,heap       ] GC(1028) Eden regions: 45->0(62)
[2024-06-01T21:23:05.149-0300][gc,heap       ] GC(1028) Survivor regions: 6->4(7)
[2024-06-01T21:23:05.149-0300][gc,heap       ] GC(1028) Old regions: 611->614
[2024-06-01T21:23:05.149-0300][gc,heap       ] GC(1028) Humongous regions: 129->129
[2024-06-01T21:23:05.149-0300][gc,metaspace  ] GC(1028) Metaspace: 45755K(48924K)->45755K(48924K) NonClass: 40016K(41680K)->40016K(41680K) Class: 5738K(7244K)->5738K(7244K)
[2024-06-01T21:23:05.149-0300][gc            ] GC(1028) Pause Young (Normal) (G1 Evacuation Pause) 788M->744M(1024M) 8,168ms
[2024-06-01T21:23:05.149-0300][gc,cpu        ] GC(1028) User=0,02s Sys=0,00s Real=0,01s
[2024-06-01T21:23:43.093-0300][gc,start      ] GC(1029) Pause Young (Normal) (G1 Evacuation Pause)
[2024-06-01T21:23:43.093-0300][gc,task       ] GC(1029) Using 4 workers of 4 for evacuation
[2024-06-01T21:23:43.110-0300][gc,phases     ] GC(1029)   Pre Evacuate Collection Set: 0,1ms
[2024-06-01T21:23:43.110-0300][gc,phases     ] GC(1029)   Evacuate Collection Set: 16,2ms
[2024-06-01T21:23:43.110-0300][gc,phases     ] GC(1029)   Post Evacuate Collection Set: 1,0ms
[2024-06-01T21:23:43.110-0300][gc,phases     ] GC(1029)   Other: 0,4ms
[2024-06-01T21:23:43.110-0300][gc,heap       ] GC(1029) Eden regions: 59->0(60)
[2024-06-01T21:23:43.110-0300][gc,heap       ] GC(1029) Survivor regions: 4->5(8)
[2024-06-01T21:23:43.110-0300][gc,heap       ] GC(1029) Old regions: 614->614
[2024-06-01T21:23:43.110-0300][gc,heap       ] GC(1029) Humongous regions: 129->129
[2024-06-01T21:23:43.110-0300][gc,metaspace  ] GC(1029) Metaspace: 45755K(48924K)->45755K(48924K) NonClass: 40016K(41680K)->40016K(41680K) Class: 5738K(7244K)->5738K(7244K)
[2024-06-01T21:23:43.111-0300][gc            ] GC(1029) Pause Young (Normal) (G1 Evacuation Pause) 803M->745M(1024M) 17,965ms
[2024-06-01T21:23:43.111-0300][gc,cpu        ] GC(1029) User=0,07s Sys=0,00s Real=0,02s
[2024-06-01T21:24:20.651-0300][gc,start      ] GC(1030) Pause Young (Normal) (G1 Evacuation Pause)
[2024-06-01T21:24:20.651-0300][gc,task       ] GC(1030) Using 4 workers of 4 for evacuation
[2024-06-01T21:24:20.670-0300][gc,phases     ] GC(1030)   Pre Evacuate Collection Set: 0,1ms
[2024-06-01T21:24:20.670-0300][gc,phases     ] GC(1030)   Evacuate Collection Set: 17,3ms
[2024-06-01T21:24:20.670-0300][gc,phases     ] GC(1030)   Post Evacuate Collection Set: 0,9ms
[2024-06-01T21:24:20.670-0300][gc,phases     ] GC(1030)   Other: 0,4ms
[2024-06-01T21:24:20.670-0300][gc,heap       ] GC(1030) Eden regions: 59->0(60)
[2024-06-01T21:24:20.670-0300][gc,heap       ] GC(1030) Survivor regions: 5->5(8)
[2024-06-01T21:24:20.670-0300][gc,heap       ] GC(1030) Old regions: 614->615
[2024-06-01T21:24:20.670-0300][gc,heap       ] GC(1030) Humongous regions: 129->129
[2024-06-01T21:24:20.670-0300][gc,metaspace  ] GC(1030) Metaspace: 45755K(48924K)->45755K(48924K) NonClass: 40016K(41680K)->40016K(41680K) Class: 5738K(7244K)->5738K(7244K)
[2024-06-01T21:24:20.670-0300][gc            ] GC(1030) Pause Young (Normal) (G1 Evacuation Pause) 804M->746M(1024M) 19,042ms
[2024-06-01T21:24:20.670-0300][gc,cpu        ] GC(1030) User=0,08s Sys=0,00s Real=0,02s
[2024-06-01T21:24:58.688-0300][gc,start      ] GC(1031) Pause Young (Normal) (G1 Evacuation Pause)
[2024-06-01T21:24:58.688-0300][gc,task       ] GC(1031) Using 4 workers of 4 for evacuation
[2024-06-01T21:24:58.707-0300][gc,phases     ] GC(1031)   Pre Evacuate Collection Set: 0,1ms
[2024-06-01T21:24:58.707-0300][gc,phases     ] GC(1031)   Evacuate Collection Set: 17,2ms
[2024-06-01T21:24:58.707-0300][gc,phases     ] GC(1031)   Post Evacuate Collection Set: 1,0ms
[2024-06-01T21:24:58.707-0300][gc,phases     ] GC(1031)   Other: 0,4ms
[2024-06-01T21:24:58.707-0300][gc,heap       ] GC(1031) Eden regions: 60->0(59)
[2024-06-01T21:24:58.707-0300][gc,heap       ] GC(1031) Survivor regions: 5->6(9)
[2024-06-01T21:24:58.707-0300][gc,heap       ] GC(1031) Old regions: 615->615
[2024-06-01T21:24:58.707-0300][gc,heap       ] GC(1031) Humongous regions: 129->129
[2024-06-01T21:24:58.707-0300][gc,metaspace  ] GC(1031) Metaspace: 45755K(48924K)->45755K(48924K) NonClass: 40016K(41680K)->40016K(41680K) Class: 5738K(7244K)->5738K(7244K)
[2024-06-01T21:24:58.707-0300][gc            ] GC(1031) Pause Young (Normal) (G1 Evacuation Pause) 806M->747M(1024M) 18,906ms
[2024-06-01T21:24:58.707-0300][gc,cpu        ] GC(1031) User=0,07s Sys=0,00s Real=0,01s
[2024-06-01T21:25:26.889-0300][gc,start      ] GC(1032) Pause Young (Normal) (G1 Evacuation Pause)
[2024-06-01T21:25:26.889-0300][gc,task       ] GC(1032) Using 4 workers of 4 for evacuation
[2024-06-01T21:25:26.911-0300][gc,mmu        ] GC(1032) MMU target violated: 21,0ms (20,0ms/21,0ms)
[2024-06-01T21:25:26.911-0300][gc,phases     ] GC(1032)   Pre Evacuate Collection Set: 0,1ms
[2024-06-01T21:25:26.911-0300][gc,phases     ] GC(1032)   Evacuate Collection Set: 21,0ms
[2024-06-01T21:25:26.911-0300][gc,phases     ] GC(1032)   Post Evacuate Collection Set: 0,9ms
[2024-06-01T21:25:26.911-0300][gc,phases     ] GC(1032)   Other: 0,5ms
[2024-06-01T21:25:26.911-0300][gc,heap       ] GC(1032) Eden regions: 45->0(58)
[2024-06-01T21:25:26.911-0300][gc,heap       ] GC(1032) Survivor regions: 6->5(7)
[2024-06-01T21:25:26.911-0300][gc,heap       ] GC(1032) Old regions: 615->617
[2024-06-01T21:25:26.911-0300][gc,heap       ] GC(1032) Humongous regions: 129->129
[2024-06-01T21:25:26.911-0300][gc,metaspace  ] GC(1032) Metaspace: 45755K(48924K)->45755K(48924K) NonClass: 40016K(41680K)->40016K(41680K) Class: 5738K(7244K)->5738K(7244K)
[2024-06-01T21:25:26.911-0300][gc            ] GC(1032) Pause Young (Normal) (G1 Evacuation Pause) 792M->748M(1024M) 22,709ms
[2024-06-01T21:25:26.911-0300][gc,cpu        ] GC(1032) User=0,07s Sys=0,01s Real=0,02s
[2024-06-01T21:26:03.936-0300][gc,start      ] GC(1033) Pause Young (Normal) (G1 Evacuation Pause)
[2024-06-01T21:26:03.936-0300][gc,task       ] GC(1033) Using 4 workers of 4 for evacuation
[2024-06-01T21:26:03.956-0300][gc,mmu        ] GC(1033) MMU target violated: 20,1ms (20,0ms/21,0ms)
[2024-06-01T21:26:03.956-0300][gc,phases     ] GC(1033)   Pre Evacuate Collection Set: 0,1ms
[2024-06-01T21:26:03.956-0300][gc,phases     ] GC(1033)   Evacuate Collection Set: 19,0ms
[2024-06-01T21:26:03.956-0300][gc,phases     ] GC(1033)   Post Evacuate Collection Set: 0,9ms
[2024-06-01T21:26:03.956-0300][gc,phases     ] GC(1033)   Other: 0,5ms
[2024-06-01T21:26:03.956-0300][gc,heap       ] GC(1033) Eden regions: 58->0(58)
[2024-06-01T21:26:03.956-0300][gc,heap       ] GC(1033) Survivor regions: 5->5(8)
[2024-06-01T21:26:03.956-0300][gc,heap       ] GC(1033) Old regions: 617->618
[2024-06-01T21:26:03.956-0300][gc,heap       ] GC(1033) Humongous regions: 129->129
[2024-06-01T21:26:03.956-0300][gc,metaspace  ] GC(1033) Metaspace: 45755K(48924K)->45755K(48924K) NonClass: 40016K(41680K)->40016K(41680K) Class: 5738K(7244K)->5738K(7244K)
[2024-06-01T21:26:03.956-0300][gc            ] GC(1033) Pause Young (Normal) (G1 Evacuation Pause) 806M->749M(1024M) 20,667ms
[2024-06-01T21:26:03.957-0300][gc,cpu        ] GC(1033) User=0,07s Sys=0,01s Real=0,02s
[2024-06-01T21:26:40.684-0300][gc,start      ] GC(1034) Pause Young (Normal) (G1 Evacuation Pause)
[2024-06-01T21:26:40.684-0300][gc,task       ] GC(1034) Using 4 workers of 4 for evacuation
[2024-06-01T21:26:40.705-0300][gc,mmu        ] GC(1034) MMU target violated: 20,1ms (20,0ms/21,0ms)
[2024-06-01T21:26:40.705-0300][gc,phases     ] GC(1034)   Pre Evacuate Collection Set: 0,1ms
[2024-06-01T21:26:40.705-0300][gc,phases     ] GC(1034)   Evacuate Collection Set: 19,0ms
[2024-06-01T21:26:40.705-0300][gc,phases     ] GC(1034)   Post Evacuate Collection Set: 0,9ms
[2024-06-01T21:26:40.705-0300][gc,phases     ] GC(1034)   Other: 0,5ms
[2024-06-01T21:26:40.705-0300][gc,heap       ] GC(1034) Eden regions: 58->0(58)
[2024-06-01T21:26:40.705-0300][gc,heap       ] GC(1034) Survivor regions: 5->5(8)
[2024-06-01T21:26:40.705-0300][gc,heap       ] GC(1034) Old regions: 618->619
[2024-06-01T21:26:40.705-0300][gc,heap       ] GC(1034) Humongous regions: 129->129
[2024-06-01T21:26:40.705-0300][gc,metaspace  ] GC(1034) Metaspace: 45755K(48924K)->45755K(48924K) NonClass: 40016K(41680K)->40016K(41680K) Class: 5738K(7244K)->5738K(7244K)
[2024-06-01T21:26:40.705-0300][gc            ] GC(1034) Pause Young (Normal) (G1 Evacuation Pause) 807M->750M(1024M) 20,630ms
[2024-06-01T21:26:40.705-0300][gc,cpu        ] GC(1034) User=0,08s Sys=0,00s Real=0,02s
[2024-06-01T21:27:17.620-0300][gc,start      ] GC(1035) Pause Young (Normal) (G1 Evacuation Pause)
[2024-06-01T21:27:17.620-0300][gc,task       ] GC(1035) Using 4 workers of 4 for evacuation
[2024-06-01T21:27:17.641-0300][gc,mmu        ] GC(1035) MMU target violated: 21,0ms (20,0ms/21,0ms)
[2024-06-01T21:27:17.641-0300][gc,phases     ] GC(1035)   Pre Evacuate Collection Set: 0,1ms
[2024-06-01T21:27:17.641-0300][gc,phases     ] GC(1035)   Evacuate Collection Set: 19,9ms
[2024-06-01T21:27:17.641-0300][gc,phases     ] GC(1035)   Post Evacuate Collection Set: 1,0ms
[2024-06-01T21:27:17.641-0300][gc,phases     ] GC(1035)   Other: 0,5ms
[2024-06-01T21:27:17.641-0300][gc,heap       ] GC(1035) Eden regions: 58->0(58)
[2024-06-01T21:27:17.641-0300][gc,heap       ] GC(1035) Survivor regions: 5->5(8)
[2024-06-01T21:27:17.641-0300][gc,heap       ] GC(1035) Old regions: 619->620
[2024-06-01T21:27:17.641-0300][gc,heap       ] GC(1035) Humongous regions: 129->129
[2024-06-01T21:27:17.641-0300][gc,metaspace  ] GC(1035) Metaspace: 45755K(48924K)->45755K(48924K) NonClass: 40016K(41680K)->40016K(41680K) Class: 5738K(7244K)->5738K(7244K)
[2024-06-01T21:27:17.641-0300][gc            ] GC(1035) Pause Young (Normal) (G1 Evacuation Pause) 808M->752M(1024M) 21,756ms
[2024-06-01T21:27:17.641-0300][gc,cpu        ] GC(1035) User=0,08s Sys=0,00s Real=0,02s
[2024-06-01T21:27:46.514-0300][gc,start      ] GC(1036) Pause Young (Normal) (G1 Evacuation Pause)
[2024-06-01T21:27:46.514-0300][gc,task       ] GC(1036) Using 4 workers of 4 for evacuation
[2024-06-01T21:27:46.534-0300][gc,phases     ] GC(1036)   Pre Evacuate Collection Set: 0,1ms
[2024-06-01T21:27:46.534-0300][gc,phases     ] GC(1036)   Evacuate Collection Set: 18,2ms
[2024-06-01T21:27:46.534-0300][gc,phases     ] GC(1036)   Post Evacuate Collection Set: 1,0ms
[2024-06-01T21:27:46.534-0300][gc,phases     ] GC(1036)   Other: 0,4ms
[2024-06-01T21:27:46.534-0300][gc,heap       ] GC(1036) Eden regions: 46->0(49)
[2024-06-01T21:27:46.534-0300][gc,heap       ] GC(1036) Survivor regions: 5->5(7)
[2024-06-01T21:27:46.534-0300][gc,heap       ] GC(1036) Old regions: 620->621
[2024-06-01T21:27:46.534-0300][gc,heap       ] GC(1036) Humongous regions: 129->129
[2024-06-01T21:27:46.534-0300][gc,metaspace  ] GC(1036) Metaspace: 45755K(48924K)->45755K(48924K) NonClass: 40016K(41680K)->40016K(41680K) Class: 5738K(7244K)->5738K(7244K)
[2024-06-01T21:27:46.534-0300][gc            ] GC(1036) Pause Young (Normal) (G1 Evacuation Pause) 798M->753M(1024M) 19,888ms
[2024-06-01T21:27:46.534-0300][gc,cpu        ] GC(1036) User=0,07s Sys=0,00s Real=0,02s
[2024-06-01T21:28:16.099-0300][gc,start      ] GC(1037) Pause Young (Normal) (G1 Evacuation Pause)
[2024-06-01T21:28:16.099-0300][gc,task       ] GC(1037) Using 4 workers of 4 for evacuation
[2024-06-01T21:28:16.117-0300][gc,phases     ] GC(1037)   Pre Evacuate Collection Set: 0,1ms
[2024-06-01T21:28:16.117-0300][gc,phases     ] GC(1037)   Evacuate Collection Set: 17,1ms
[2024-06-01T21:28:16.117-0300][gc,phases     ] GC(1037)   Post Evacuate Collection Set: 0,9ms
[2024-06-01T21:28:16.117-0300][gc,phases     ] GC(1037)   Other: 0,4ms
[2024-06-01T21:28:16.117-0300][gc,heap       ] GC(1037) Eden regions: 46->0(51)
[2024-06-01T21:28:16.117-0300][gc,heap       ] GC(1037) Survivor regions: 5->4(7)
[2024-06-01T21:28:16.117-0300][gc,heap       ] GC(1037) Old regions: 621->622
[2024-06-01T21:28:16.117-0300][gc,heap       ] GC(1037) Humongous regions: 129->129
[2024-06-01T21:28:16.117-0300][gc,metaspace  ] GC(1037) Metaspace: 45755K(48924K)->45755K(48924K) NonClass: 40016K(41680K)->40016K(41680K) Class: 5738K(7244K)->5738K(7244K)
[2024-06-01T21:28:16.118-0300][gc            ] GC(1037) Pause Young (Normal) (G1 Evacuation Pause) 799M->753M(1024M) 18,747ms
[2024-06-01T21:28:16.118-0300][gc,cpu        ] GC(1037) User=0,07s Sys=0,00s Real=0,02s
[2024-06-01T21:28:45.594-0300][gc,start      ] GC(1038) Pause Young (Normal) (G1 Evacuation Pause)
[2024-06-01T21:28:45.594-0300][gc,task       ] GC(1038) Using 4 workers of 4 for evacuation
[2024-06-01T21:28:45.612-0300][gc,phases     ] GC(1038)   Pre Evacuate Collection Set: 0,1ms
[2024-06-01T21:28:45.612-0300][gc,phases     ] GC(1038)   Evacuate Collection Set: 16,8ms
[2024-06-01T21:28:45.612-0300][gc,phases     ] GC(1038)   Post Evacuate Collection Set: 1,0ms
[2024-06-01T21:28:45.612-0300][gc,phases     ] GC(1038)   Other: 0,4ms
[2024-06-01T21:28:45.612-0300][gc,heap       ] GC(1038) Eden regions: 47->0(49)
[2024-06-01T21:28:45.612-0300][gc,heap       ] GC(1038) Survivor regions: 4->5(7)
[2024-06-01T21:28:45.612-0300][gc,heap       ] GC(1038) Old regions: 622->622
[2024-06-01T21:28:45.612-0300][gc,heap       ] GC(1038) Humongous regions: 129->129
[2024-06-01T21:28:45.612-0300][gc,metaspace  ] GC(1038) Metaspace: 45755K(48924K)->45755K(48924K) NonClass: 40016K(41680K)->40016K(41680K) Class: 5738K(7244K)->5738K(7244K)
[2024-06-01T21:28:45.612-0300][gc            ] GC(1038) Pause Young (Normal) (G1 Evacuation Pause) 800M->754M(1024M) 18,528ms
[2024-06-01T21:28:45.613-0300][gc,cpu        ] GC(1038) User=0,07s Sys=0,01s Real=0,02s
[2024-06-01T21:29:15.244-0300][gc,start      ] GC(1039) Pause Young (Normal) (G1 Evacuation Pause)
[2024-06-01T21:29:15.244-0300][gc,task       ] GC(1039) Using 4 workers of 4 for evacuation
[2024-06-01T21:29:15.265-0300][gc,mmu        ] GC(1039) MMU target violated: 20,4ms (20,0ms/21,0ms)
[2024-06-01T21:29:15.265-0300][gc,phases     ] GC(1039)   Pre Evacuate Collection Set: 0,1ms
[2024-06-01T21:29:15.265-0300][gc,phases     ] GC(1039)   Evacuate Collection Set: 19,2ms
[2024-06-01T21:29:15.265-0300][gc,phases     ] GC(1039)   Post Evacuate Collection Set: 1,0ms
[2024-06-01T21:29:15.265-0300][gc,phases     ] GC(1039)   Other: 0,5ms
[2024-06-01T21:29:15.265-0300][gc,heap       ] GC(1039) Eden regions: 46->0(47)
[2024-06-01T21:29:15.265-0300][gc,heap       ] GC(1039) Survivor regions: 5->5(7)
[2024-06-01T21:29:15.265-0300][gc,heap       ] GC(1039) Old regions: 622->623
[2024-06-01T21:29:15.265-0300][gc,heap       ] GC(1039) Humongous regions: 129->129
[2024-06-01T21:29:15.265-0300][gc,metaspace  ] GC(1039) Metaspace: 45755K(48924K)->45755K(48924K) NonClass: 40016K(41680K)->40016K(41680K) Class: 5738K(7244K)->5738K(7244K)
[2024-06-01T21:29:15.265-0300][gc            ] GC(1039) Pause Young (Normal) (G1 Evacuation Pause) 800M->755M(1024M) 20,930ms
[2024-06-01T21:29:15.265-0300][gc,cpu        ] GC(1039) User=0,08s Sys=0,00s Real=0,02s
[2024-06-01T21:29:44.638-0300][gc,start      ] GC(1040) Pause Young (Normal) (G1 Evacuation Pause)
[2024-06-01T21:29:44.638-0300][gc,task       ] GC(1040) Using 4 workers of 4 for evacuation
[2024-06-01T21:29:44.660-0300][gc,mmu        ] GC(1040) MMU target violated: 21,0ms (20,0ms/21,0ms)
[2024-06-01T21:29:44.660-0300][gc,phases     ] GC(1040)   Pre Evacuate Collection Set: 0,1ms
[2024-06-01T21:29:44.660-0300][gc,phases     ] GC(1040)   Evacuate Collection Set: 20,6ms
[2024-06-01T21:29:44.660-0300][gc,phases     ] GC(1040)   Post Evacuate Collection Set: 0,9ms
[2024-06-01T21:29:44.660-0300][gc,phases     ] GC(1040)   Other: 0,5ms
[2024-06-01T21:29:44.660-0300][gc,heap       ] GC(1040) Eden regions: 46->0(46)
[2024-06-01T21:29:44.660-0300][gc,heap       ] GC(1040) Survivor regions: 5->5(7)
[2024-06-01T21:29:44.660-0300][gc,heap       ] GC(1040) Old regions: 623->624
[2024-06-01T21:29:44.660-0300][gc,heap       ] GC(1040) Humongous regions: 129->129
[2024-06-01T21:29:44.660-0300][gc,metaspace  ] GC(1040) Metaspace: 45755K(48924K)->45755K(48924K) NonClass: 40016K(41680K)->40016K(41680K) Class: 5738K(7244K)->5738K(7244K)
[2024-06-01T21:29:44.660-0300][gc            ] GC(1040) Pause Young (Normal) (G1 Evacuation Pause) 801M->756M(1024M) 22,360ms
[2024-06-01T21:29:44.660-0300][gc,cpu        ] GC(1040) User=0,08s Sys=0,00s Real=0,02s
[2024-06-01T21:30:14.240-0300][gc,start      ] GC(1041) Pause Young (Normal) (G1 Evacuation Pause)
[2024-06-01T21:30:14.240-0300][gc,task       ] GC(1041) Using 4 workers of 4 for evacuation
[2024-06-01T21:30:14.261-0300][gc,mmu        ] GC(1041) MMU target violated: 21,0ms (20,0ms/21,0ms)
[2024-06-01T21:30:14.261-0300][gc,phases     ] GC(1041)   Pre Evacuate Collection Set: 0,1ms
[2024-06-01T21:30:14.261-0300][gc,phases     ] GC(1041)   Evacuate Collection Set: 20,0ms
[2024-06-01T21:30:14.261-0300][gc,phases     ] GC(1041)   Post Evacuate Collection Set: 1,0ms
[2024-06-01T21:30:14.261-0300][gc,phases     ] GC(1041)   Other: 0,5ms
[2024-06-01T21:30:14.261-0300][gc,heap       ] GC(1041) Eden regions: 46->0(47)
[2024-06-01T21:30:14.262-0300][gc,heap       ] GC(1041) Survivor regions: 5->4(7)
[2024-06-01T21:30:14.262-0300][gc,heap       ] GC(1041) Old regions: 624->626
[2024-06-01T21:30:14.262-0300][gc,heap       ] GC(1041) Humongous regions: 129->129
[2024-06-01T21:30:14.262-0300][gc,metaspace  ] GC(1041) Metaspace: 45755K(48924K)->45755K(48924K) NonClass: 40016K(41680K)->40016K(41680K) Class: 5738K(7244K)->5738K(7244K)
[2024-06-01T21:30:14.262-0300][gc            ] GC(1041) Pause Young (Normal) (G1 Evacuation Pause) 802M->757M(1024M) 21,702ms
[2024-06-01T21:30:14.262-0300][gc,cpu        ] GC(1041) User=0,07s Sys=0,00s Real=0,02s
[2024-06-01T21:30:44.052-0300][gc,start      ] GC(1042) Pause Young (Normal) (G1 Evacuation Pause)
[2024-06-01T21:30:44.053-0300][gc,task       ] GC(1042) Using 4 workers of 4 for evacuation
[2024-06-01T21:30:44.072-0300][gc,phases     ] GC(1042)   Pre Evacuate Collection Set: 0,1ms
[2024-06-01T21:30:44.072-0300][gc,phases     ] GC(1042)   Evacuate Collection Set: 18,1ms
[2024-06-01T21:30:44.072-0300][gc,phases     ] GC(1042)   Post Evacuate Collection Set: 1,0ms
[2024-06-01T21:30:44.072-0300][gc,phases     ] GC(1042)   Other: 0,4ms
[2024-06-01T21:30:44.072-0300][gc,heap       ] GC(1042) Eden regions: 47->0(47)
[2024-06-01T21:30:44.072-0300][gc,heap       ] GC(1042) Survivor regions: 4->4(7)
[2024-06-01T21:30:44.072-0300][gc,heap       ] GC(1042) Old regions: 626->627
[2024-06-01T21:30:44.072-0300][gc,heap       ] GC(1042) Humongous regions: 129->129
[2024-06-01T21:30:44.072-0300][gc,metaspace  ] GC(1042) Metaspace: 45755K(48924K)->45755K(48924K) NonClass: 40017K(41680K)->40017K(41680K) Class: 5738K(7244K)->5738K(7244K)
[2024-06-01T21:30:44.072-0300][gc            ] GC(1042) Pause Young (Normal) (G1 Evacuation Pause) 804M->758M(1024M) 19,850ms
[2024-06-01T21:30:44.072-0300][gc,cpu        ] GC(1042) User=0,06s Sys=0,01s Real=0,02s
[2024-06-01T21:31:14.353-0300][gc,start      ] GC(1043) Pause Young (Normal) (G1 Evacuation Pause)
[2024-06-01T21:31:14.353-0300][gc,task       ] GC(1043) Using 4 workers of 4 for evacuation
[2024-06-01T21:31:14.372-0300][gc,phases     ] GC(1043)   Pre Evacuate Collection Set: 0,1ms
[2024-06-01T21:31:14.372-0300][gc,phases     ] GC(1043)   Evacuate Collection Set: 17,8ms
[2024-06-01T21:31:14.372-0300][gc,phases     ] GC(1043)   Post Evacuate Collection Set: 1,0ms
[2024-06-01T21:31:14.372-0300][gc,phases     ] GC(1043)   Other: 0,4ms
[2024-06-01T21:31:14.372-0300][gc,heap       ] GC(1043) Eden regions: 47->0(47)
[2024-06-01T21:31:14.372-0300][gc,heap       ] GC(1043) Survivor regions: 4->4(7)
[2024-06-01T21:31:14.372-0300][gc,heap       ] GC(1043) Old regions: 627->628
[2024-06-01T21:31:14.372-0300][gc,heap       ] GC(1043) Humongous regions: 129->129
[2024-06-01T21:31:14.372-0300][gc,metaspace  ] GC(1043) Metaspace: 45755K(48924K)->45755K(48924K) NonClass: 40017K(41680K)->40017K(41680K) Class: 5738K(7244K)->5738K(7244K)
[2024-06-01T21:31:14.373-0300][gc            ] GC(1043) Pause Young (Normal) (G1 Evacuation Pause) 805M->759M(1024M) 19,480ms
[2024-06-01T21:31:14.373-0300][gc,cpu        ] GC(1043) User=0,07s Sys=0,00s Real=0,02s
[2024-06-01T21:31:44.644-0300][gc,start      ] GC(1044) Pause Young (Normal) (G1 Evacuation Pause)
[2024-06-01T21:31:44.644-0300][gc,task       ] GC(1044) Using 4 workers of 4 for evacuation
[2024-06-01T21:31:44.664-0300][gc,phases     ] GC(1044)   Pre Evacuate Collection Set: 0,1ms
[2024-06-01T21:31:44.664-0300][gc,phases     ] GC(1044)   Evacuate Collection Set: 18,4ms
[2024-06-01T21:31:44.664-0300][gc,phases     ] GC(1044)   Post Evacuate Collection Set: 1,0ms
[2024-06-01T21:31:44.664-0300][gc,phases     ] GC(1044)   Other: 0,5ms
[2024-06-01T21:31:44.664-0300][gc,heap       ] GC(1044) Eden regions: 47->0(47)
[2024-06-01T21:31:44.664-0300][gc,heap       ] GC(1044) Survivor regions: 4->4(7)
[2024-06-01T21:31:44.664-0300][gc,heap       ] GC(1044) Old regions: 628->629
[2024-06-01T21:31:44.664-0300][gc,heap       ] GC(1044) Humongous regions: 129->129
[2024-06-01T21:31:44.664-0300][gc,metaspace  ] GC(1044) Metaspace: 45755K(48924K)->45755K(48924K) NonClass: 40017K(41680K)->40017K(41680K) Class: 5738K(7244K)->5738K(7244K)
[2024-06-01T21:31:44.664-0300][gc            ] GC(1044) Pause Young (Normal) (G1 Evacuation Pause) 806M->760M(1024M) 20,211ms
[2024-06-01T21:31:44.664-0300][gc,cpu        ] GC(1044) User=0,06s Sys=0,01s Real=0,02s
[2024-06-01T21:32:14.629-0300][gc,start      ] GC(1045) Pause Young (Normal) (G1 Evacuation Pause)
[2024-06-01T21:32:14.629-0300][gc,task       ] GC(1045) Using 4 workers of 4 for evacuation
[2024-06-01T21:32:14.649-0300][gc,phases     ] GC(1045)   Pre Evacuate Collection Set: 0,1ms
[2024-06-01T21:32:14.649-0300][gc,phases     ] GC(1045)   Evacuate Collection Set: 18,4ms
[2024-06-01T21:32:14.649-0300][gc,phases     ] GC(1045)   Post Evacuate Collection Set: 1,0ms
[2024-06-01T21:32:14.649-0300][gc,phases     ] GC(1045)   Other: 0,4ms
[2024-06-01T21:32:14.649-0300][gc,heap       ] GC(1045) Eden regions: 47->0(47)
[2024-06-01T21:32:14.649-0300][gc,heap       ] GC(1045) Survivor regions: 4->4(7)
[2024-06-01T21:32:14.649-0300][gc,heap       ] GC(1045) Old regions: 629->630
[2024-06-01T21:32:14.649-0300][gc,heap       ] GC(1045) Humongous regions: 129->129
[2024-06-01T21:32:14.649-0300][gc,metaspace  ] GC(1045) Metaspace: 45755K(48924K)->45755K(48924K) NonClass: 40017K(41680K)->40017K(41680K) Class: 5738K(7244K)->5738K(7244K)
[2024-06-01T21:32:14.649-0300][gc            ] GC(1045) Pause Young (Normal) (G1 Evacuation Pause) 807M->761M(1024M) 20,212ms
[2024-06-01T21:32:14.649-0300][gc,cpu        ] GC(1045) User=0,07s Sys=0,00s Real=0,02s
[2024-06-01T21:32:44.924-0300][gc,start      ] GC(1046) Pause Young (Normal) (G1 Evacuation Pause)
[2024-06-01T21:32:44.924-0300][gc,task       ] GC(1046) Using 4 workers of 4 for evacuation
[2024-06-01T21:32:44.942-0300][gc,phases     ] GC(1046)   Pre Evacuate Collection Set: 0,1ms
[2024-06-01T21:32:44.942-0300][gc,phases     ] GC(1046)   Evacuate Collection Set: 16,7ms
[2024-06-01T21:32:44.942-0300][gc,phases     ] GC(1046)   Post Evacuate Collection Set: 1,0ms
[2024-06-01T21:32:44.942-0300][gc,phases     ] GC(1046)   Other: 0,5ms
[2024-06-01T21:32:44.942-0300][gc,heap       ] GC(1046) Eden regions: 47->0(48)
[2024-06-01T21:32:44.942-0300][gc,heap       ] GC(1046) Survivor regions: 4->4(7)
[2024-06-01T21:32:44.942-0300][gc,heap       ] GC(1046) Old regions: 630->631
[2024-06-01T21:32:44.942-0300][gc,heap       ] GC(1046) Humongous regions: 129->129
[2024-06-01T21:32:44.942-0300][gc,metaspace  ] GC(1046) Metaspace: 45755K(48924K)->45755K(48924K) NonClass: 40017K(41680K)->40017K(41680K) Class: 5738K(7244K)->5738K(7244K)
[2024-06-01T21:32:44.942-0300][gc            ] GC(1046) Pause Young (Normal) (G1 Evacuation Pause) 808M->762M(1024M) 18,504ms
[2024-06-01T21:32:44.942-0300][gc,cpu        ] GC(1046) User=0,07s Sys=0,00s Real=0,02s
[2024-06-01T21:33:15.136-0300][gc,start      ] GC(1047) Pause Young (Normal) (G1 Evacuation Pause)
[2024-06-01T21:33:15.136-0300][gc,task       ] GC(1047) Using 4 workers of 4 for evacuation
[2024-06-01T21:33:15.154-0300][gc,phases     ] GC(1047)   Pre Evacuate Collection Set: 0,1ms
[2024-06-01T21:33:15.155-0300][gc,phases     ] GC(1047)   Evacuate Collection Set: 16,7ms
[2024-06-01T21:33:15.155-0300][gc,phases     ] GC(1047)   Post Evacuate Collection Set: 1,0ms
[2024-06-01T21:33:15.155-0300][gc,phases     ] GC(1047)   Other: 0,4ms
[2024-06-01T21:33:15.155-0300][gc,heap       ] GC(1047) Eden regions: 47->0(48)
[2024-06-01T21:33:15.155-0300][gc,heap       ] GC(1047) Survivor regions: 4->5(7)
[2024-06-01T21:33:15.155-0300][gc,heap       ] GC(1047) Old regions: 631->631
[2024-06-01T21:33:15.155-0300][gc,heap       ] GC(1047) Humongous regions: 129->129
[2024-06-01T21:33:15.155-0300][gc,metaspace  ] GC(1047) Metaspace: 45755K(48924K)->45755K(48924K) NonClass: 40017K(41680K)->40017K(41680K) Class: 5738K(7244K)->5738K(7244K)
[2024-06-01T21:33:15.155-0300][gc            ] GC(1047) Pause Young (Normal) (G1 Evacuation Pause) 809M->763M(1024M) 18,458ms
[2024-06-01T21:33:15.155-0300][gc,cpu        ] GC(1047) User=0,07s Sys=0,00s Real=0,01s
[2024-06-01T21:33:44.660-0300][gc,start      ] GC(1048) Pause Young (Normal) (G1 Evacuation Pause)
[2024-06-01T21:33:44.660-0300][gc,task       ] GC(1048) Using 4 workers of 4 for evacuation
[2024-06-01T21:33:44.680-0300][gc,mmu        ] GC(1048) MMU target violated: 20,3ms (20,0ms/21,0ms)
[2024-06-01T21:33:44.680-0300][gc,phases     ] GC(1048)   Pre Evacuate Collection Set: 0,1ms
[2024-06-01T21:33:44.680-0300][gc,phases     ] GC(1048)   Evacuate Collection Set: 19,2ms
[2024-06-01T21:33:44.680-0300][gc,phases     ] GC(1048)   Post Evacuate Collection Set: 0,9ms
[2024-06-01T21:33:44.680-0300][gc,phases     ] GC(1048)   Other: 0,5ms
[2024-06-01T21:33:44.680-0300][gc,heap       ] GC(1048) Eden regions: 46->0(48)
[2024-06-01T21:33:44.680-0300][gc,heap       ] GC(1048) Survivor regions: 5->5(7)
[2024-06-01T21:33:44.680-0300][gc,heap       ] GC(1048) Old regions: 631->632
[2024-06-01T21:33:44.680-0300][gc,heap       ] GC(1048) Humongous regions: 129->129
[2024-06-01T21:33:44.680-0300][gc,metaspace  ] GC(1048) Metaspace: 45755K(48924K)->45755K(48924K) NonClass: 40017K(41680K)->40017K(41680K) Class: 5738K(7244K)->5738K(7244K)
[2024-06-01T21:33:44.680-0300][gc            ] GC(1048) Pause Young (Normal) (G1 Evacuation Pause) 809M->764M(1024M) 20,889ms
[2024-06-01T21:33:44.680-0300][gc,cpu        ] GC(1048) User=0,07s Sys=0,00s Real=0,02s
[2024-06-01T21:34:15.370-0300][gc,start      ] GC(1049) Pause Young (Normal) (G1 Evacuation Pause)
[2024-06-01T21:34:15.370-0300][gc,task       ] GC(1049) Using 4 workers of 4 for evacuation
[2024-06-01T21:34:15.391-0300][gc,mmu        ] GC(1049) MMU target violated: 21,0ms (20,0ms/21,0ms)
[2024-06-01T21:34:15.391-0300][gc,phases     ] GC(1049)   Pre Evacuate Collection Set: 0,1ms
[2024-06-01T21:34:15.391-0300][gc,phases     ] GC(1049)   Evacuate Collection Set: 20,1ms
[2024-06-01T21:34:15.391-0300][gc,phases     ] GC(1049)   Post Evacuate Collection Set: 1,0ms
[2024-06-01T21:34:15.391-0300][gc,phases     ] GC(1049)   Other: 0,5ms
[2024-06-01T21:34:15.391-0300][gc,heap       ] GC(1049) Eden regions: 48->0(47)
[2024-06-01T21:34:15.391-0300][gc,heap       ] GC(1049) Survivor regions: 5->4(7)
[2024-06-01T21:34:15.391-0300][gc,heap       ] GC(1049) Old regions: 632->634
[2024-06-01T21:34:15.391-0300][gc,heap       ] GC(1049) Humongous regions: 129->129
[2024-06-01T21:34:15.391-0300][gc,metaspace  ] GC(1049) Metaspace: 45755K(48924K)->45755K(48924K) NonClass: 40017K(41680K)->40017K(41680K) Class: 5738K(7244K)->5738K(7244K)
[2024-06-01T21:34:15.391-0300][gc            ] GC(1049) Pause Young (Normal) (G1 Evacuation Pause) 812M->764M(1024M) 21,873ms
[2024-06-01T21:34:15.391-0300][gc,cpu        ] GC(1049) User=0,08s Sys=0,00s Real=0,02s
[2024-06-01T21:34:45.662-0300][gc,start      ] GC(1050) Pause Young (Normal) (G1 Evacuation Pause)
[2024-06-01T21:34:45.662-0300][gc,task       ] GC(1050) Using 4 workers of 4 for evacuation
[2024-06-01T21:34:45.683-0300][gc,mmu        ] GC(1050) MMU target violated: 20,4ms (20,0ms/21,0ms)
[2024-06-01T21:34:45.683-0300][gc,phases     ] GC(1050)   Pre Evacuate Collection Set: 0,1ms
[2024-06-01T21:34:45.683-0300][gc,phases     ] GC(1050)   Evacuate Collection Set: 19,1ms
[2024-06-01T21:34:45.683-0300][gc,phases     ] GC(1050)   Post Evacuate Collection Set: 1,0ms
[2024-06-01T21:34:45.683-0300][gc,phases     ] GC(1050)   Other: 0,5ms
[2024-06-01T21:34:45.683-0300][gc,heap       ] GC(1050) Eden regions: 47->0(48)
[2024-06-01T21:34:45.683-0300][gc,heap       ] GC(1050) Survivor regions: 4->5(7)
[2024-06-01T21:34:45.683-0300][gc,heap       ] GC(1050) Old regions: 634->635
[2024-06-01T21:34:45.683-0300][gc,heap       ] GC(1050) Humongous regions: 129->129
[2024-06-01T21:34:45.683-0300][gc,metaspace  ] GC(1050) Metaspace: 45755K(48924K)->45755K(48924K) NonClass: 40017K(41680K)->40017K(41680K) Class: 5738K(7244K)->5738K(7244K)
[2024-06-01T21:34:45.683-0300][gc            ] GC(1050) Pause Young (Normal) (G1 Evacuation Pause) 811M->766M(1024M) 20,915ms
[2024-06-01T21:34:45.683-0300][gc,cpu        ] GC(1050) User=0,07s Sys=0,00s Real=0,02s
[2024-06-01T21:35:15.008-0300][gc,start      ] GC(1051) Pause Young (Normal) (G1 Evacuation Pause)
[2024-06-01T21:35:15.008-0300][gc,task       ] GC(1051) Using 4 workers of 4 for evacuation
[2024-06-01T21:35:15.028-0300][gc,phases     ] GC(1051)   Pre Evacuate Collection Set: 0,1ms
[2024-06-01T21:35:15.028-0300][gc,phases     ] GC(1051)   Evacuate Collection Set: 18,7ms
[2024-06-01T21:35:15.028-0300][gc,phases     ] GC(1051)   Post Evacuate Collection Set: 1,0ms
[2024-06-01T21:35:15.028-0300][gc,phases     ] GC(1051)   Other: 0,5ms
[2024-06-01T21:35:15.028-0300][gc,heap       ] GC(1051) Eden regions: 46->0(47)
[2024-06-01T21:35:15.028-0300][gc,heap       ] GC(1051) Survivor regions: 5->4(7)
[2024-06-01T21:35:15.028-0300][gc,heap       ] GC(1051) Old regions: 635->636
[2024-06-01T21:35:15.028-0300][gc,heap       ] GC(1051) Humongous regions: 129->129
[2024-06-01T21:35:15.028-0300][gc,metaspace  ] GC(1051) Metaspace: 45755K(48924K)->45755K(48924K) NonClass: 40017K(41680K)->40017K(41680K) Class: 5738K(7244K)->5738K(7244K)
[2024-06-01T21:35:15.028-0300][gc            ] GC(1051) Pause Young (Normal) (G1 Evacuation Pause) 812M->766M(1024M) 20,463ms
[2024-06-01T21:35:15.028-0300][gc,cpu        ] GC(1051) User=0,07s Sys=0,01s Real=0,02s
[2024-06-01T21:35:44.462-0300][gc,start      ] GC(1052) Pause Young (Normal) (G1 Evacuation Pause)
[2024-06-01T21:35:44.462-0300][gc,task       ] GC(1052) Using 4 workers of 4 for evacuation
[2024-06-01T21:35:44.482-0300][gc,phases     ] GC(1052)   Pre Evacuate Collection Set: 0,1ms
[2024-06-01T21:35:44.482-0300][gc,phases     ] GC(1052)   Evacuate Collection Set: 18,8ms
[2024-06-01T21:35:44.482-0300][gc,phases     ] GC(1052)   Post Evacuate Collection Set: 1,0ms
[2024-06-01T21:35:44.482-0300][gc,phases     ] GC(1052)   Other: 0,4ms
[2024-06-01T21:35:44.482-0300][gc,heap       ] GC(1052) Eden regions: 47->0(47)
[2024-06-01T21:35:44.482-0300][gc,heap       ] GC(1052) Survivor regions: 4->5(7)
[2024-06-01T21:35:44.482-0300][gc,heap       ] GC(1052) Old regions: 636->637
[2024-06-01T21:35:44.482-0300][gc,heap       ] GC(1052) Humongous regions: 129->129
[2024-06-01T21:35:44.482-0300][gc,metaspace  ] GC(1052) Metaspace: 45755K(48924K)->45755K(48924K) NonClass: 40017K(41680K)->40017K(41680K) Class: 5738K(7244K)->5738K(7244K)
[2024-06-01T21:35:44.482-0300][gc            ] GC(1052) Pause Young (Normal) (G1 Evacuation Pause) 813M->768M(1024M) 20,501ms
[2024-06-01T21:35:44.482-0300][gc,cpu        ] GC(1052) User=0,08s Sys=0,00s Real=0,02s
[2024-06-01T21:36:13.782-0300][gc,start      ] GC(1053) Pause Young (Normal) (G1 Evacuation Pause)
[2024-06-01T21:36:13.782-0300][gc,task       ] GC(1053) Using 4 workers of 4 for evacuation
[2024-06-01T21:36:13.802-0300][gc,phases     ] GC(1053)   Pre Evacuate Collection Set: 0,1ms
[2024-06-01T21:36:13.802-0300][gc,phases     ] GC(1053)   Evacuate Collection Set: 18,5ms
[2024-06-01T21:36:13.802-0300][gc,phases     ] GC(1053)   Post Evacuate Collection Set: 1,0ms
[2024-06-01T21:36:13.802-0300][gc,phases     ] GC(1053)   Other: 0,4ms
[2024-06-01T21:36:13.802-0300][gc,heap       ] GC(1053) Eden regions: 46->0(48)
[2024-06-01T21:36:13.802-0300][gc,heap       ] GC(1053) Survivor regions: 5->5(7)
[2024-06-01T21:36:13.802-0300][gc,heap       ] GC(1053) Old regions: 637->638
[2024-06-01T21:36:13.802-0300][gc,heap       ] GC(1053) Humongous regions: 129->129
[2024-06-01T21:36:13.802-0300][gc,metaspace  ] GC(1053) Metaspace: 45755K(48924K)->45755K(48924K) NonClass: 40017K(41680K)->40017K(41680K) Class: 5738K(7244K)->5738K(7244K)
[2024-06-01T21:36:13.803-0300][gc            ] GC(1053) Pause Young (Normal) (G1 Evacuation Pause) 814M->769M(1024M) 20,238ms
[2024-06-01T21:36:13.803-0300][gc,cpu        ] GC(1053) User=0,07s Sys=0,00s Real=0,02s
[2024-06-01T21:36:44.285-0300][gc,start      ] GC(1054) Pause Young (Normal) (G1 Evacuation Pause)
[2024-06-01T21:36:44.285-0300][gc,task       ] GC(1054) Using 4 workers of 4 for evacuation
[2024-06-01T21:36:44.303-0300][gc,phases     ] GC(1054)   Pre Evacuate Collection Set: 0,1ms
[2024-06-01T21:36:44.303-0300][gc,phases     ] GC(1054)   Evacuate Collection Set: 16,5ms
[2024-06-01T21:36:44.303-0300][gc,phases     ] GC(1054)   Post Evacuate Collection Set: 1,0ms
[2024-06-01T21:36:44.303-0300][gc,phases     ] GC(1054)   Other: 0,5ms
[2024-06-01T21:36:44.303-0300][gc,heap       ] GC(1054) Eden regions: 48->0(48)
[2024-06-01T21:36:44.303-0300][gc,heap       ] GC(1054) Survivor regions: 5->4(7)
[2024-06-01T21:36:44.303-0300][gc,heap       ] GC(1054) Old regions: 638->639
[2024-06-01T21:36:44.303-0300][gc,heap       ] GC(1054) Humongous regions: 129->129
[2024-06-01T21:36:44.303-0300][gc,metaspace  ] GC(1054) Metaspace: 45755K(48924K)->45755K(48924K) NonClass: 40017K(41680K)->40017K(41680K) Class: 5738K(7244K)->5738K(7244K)
[2024-06-01T21:36:44.304-0300][gc            ] GC(1054) Pause Young (Normal) (G1 Evacuation Pause) 817M->769M(1024M) 18,370ms
[2024-06-01T21:36:44.304-0300][gc,cpu        ] GC(1054) User=0,07s Sys=0,00s Real=0,02s
[2024-06-01T21:37:15.075-0300][gc,start      ] GC(1055) Pause Young (Normal) (G1 Evacuation Pause)
[2024-06-01T21:37:15.075-0300][gc,task       ] GC(1055) Using 4 workers of 4 for evacuation
[2024-06-01T21:37:15.081-0300][gc,phases     ] GC(1055)   Pre Evacuate Collection Set: 0,0ms
[2024-06-01T21:37:15.081-0300][gc,phases     ] GC(1055)   Evacuate Collection Set: 5,5ms
[2024-06-01T21:37:15.081-0300][gc,phases     ] GC(1055)   Post Evacuate Collection Set: 0,4ms
[2024-06-01T21:37:15.081-0300][gc,phases     ] GC(1055)   Other: 0,2ms
[2024-06-01T21:37:15.081-0300][gc,heap       ] GC(1055) Eden regions: 48->0(53)
[2024-06-01T21:37:15.081-0300][gc,heap       ] GC(1055) Survivor regions: 4->5(7)
[2024-06-01T21:37:15.081-0300][gc,heap       ] GC(1055) Old regions: 639->639
[2024-06-01T21:37:15.081-0300][gc,heap       ] GC(1055) Humongous regions: 129->129
[2024-06-01T21:37:15.081-0300][gc,metaspace  ] GC(1055) Metaspace: 45755K(48924K)->45755K(48924K) NonClass: 40017K(41680K)->40017K(41680K) Class: 5738K(7244K)->5738K(7244K)
[2024-06-01T21:37:15.081-0300][gc            ] GC(1055) Pause Young (Normal) (G1 Evacuation Pause) 817M->770M(1024M) 6,305ms
[2024-06-01T21:37:15.081-0300][gc,cpu        ] GC(1055) User=0,02s Sys=0,00s Real=0,01s
[2024-06-01T21:37:48.822-0300][gc,start      ] GC(1056) Pause Young (Normal) (G1 Evacuation Pause)
[2024-06-01T21:37:48.822-0300][gc,task       ] GC(1056) Using 4 workers of 4 for evacuation
[2024-06-01T21:37:48.841-0300][gc,phases     ] GC(1056)   Pre Evacuate Collection Set: 0,1ms
[2024-06-01T21:37:48.841-0300][gc,phases     ] GC(1056)   Evacuate Collection Set: 17,5ms
[2024-06-01T21:37:48.841-0300][gc,phases     ] GC(1056)   Post Evacuate Collection Set: 1,0ms
[2024-06-01T21:37:48.841-0300][gc,phases     ] GC(1056)   Other: 0,4ms
[2024-06-01T21:37:48.841-0300][gc,heap       ] GC(1056) Eden regions: 53->0(51)
[2024-06-01T21:37:48.841-0300][gc,heap       ] GC(1056) Survivor regions: 5->5(8)
[2024-06-01T21:37:48.841-0300][gc,heap       ] GC(1056) Old regions: 639->639
[2024-06-01T21:37:48.841-0300][gc,heap       ] GC(1056) Humongous regions: 129->129
[2024-06-01T21:37:48.842-0300][gc,metaspace  ] GC(1056) Metaspace: 45755K(48924K)->45755K(48924K) NonClass: 40017K(41680K)->40017K(41680K) Class: 5738K(7244K)->5738K(7244K)
[2024-06-01T21:37:48.842-0300][gc            ] GC(1056) Pause Young (Normal) (G1 Evacuation Pause) 823M->770M(1024M) 19,299ms
[2024-06-01T21:37:48.842-0300][gc,cpu        ] GC(1056) User=0,07s Sys=0,00s Real=0,02s
[2024-06-01T21:38:18.518-0300][gc,start      ] GC(1057) Pause Young (Normal) (G1 Evacuation Pause)
[2024-06-01T21:38:18.518-0300][gc,task       ] GC(1057) Using 4 workers of 4 for evacuation
[2024-06-01T21:38:18.539-0300][gc,mmu        ] GC(1057) MMU target violated: 21,0ms (20,0ms/21,0ms)
[2024-06-01T21:38:18.539-0300][gc,phases     ] GC(1057)   Pre Evacuate Collection Set: 0,1ms
[2024-06-01T21:38:18.539-0300][gc,phases     ] GC(1057)   Evacuate Collection Set: 19,9ms
[2024-06-01T21:38:18.539-0300][gc,phases     ] GC(1057)   Post Evacuate Collection Set: 1,0ms
[2024-06-01T21:38:18.539-0300][gc,phases     ] GC(1057)   Other: 0,5ms
[2024-06-01T21:38:18.539-0300][gc,heap       ] GC(1057) Eden regions: 46->0(47)
[2024-06-01T21:38:18.539-0300][gc,heap       ] GC(1057) Survivor regions: 5->4(7)
[2024-06-01T21:38:18.539-0300][gc,heap       ] GC(1057) Old regions: 639->640
[2024-06-01T21:38:18.539-0300][gc,heap       ] GC(1057) Humongous regions: 129->129
[2024-06-01T21:38:18.539-0300][gc,metaspace  ] GC(1057) Metaspace: 45755K(48924K)->45755K(48924K) NonClass: 40017K(41680K)->40017K(41680K) Class: 5738K(7244K)->5738K(7244K)
[2024-06-01T21:38:18.539-0300][gc            ] GC(1057) Pause Young (Normal) (G1 Evacuation Pause) 816M->771M(1024M) 21,687ms
[2024-06-01T21:38:18.539-0300][gc,cpu        ] GC(1057) User=0,07s Sys=0,01s Real=0,02s
[2024-06-01T21:38:48.568-0300][gc,start      ] GC(1058) Pause Young (Normal) (G1 Evacuation Pause)
[2024-06-01T21:38:48.568-0300][gc,task       ] GC(1058) Using 4 workers of 4 for evacuation
[2024-06-01T21:38:48.585-0300][gc,phases     ] GC(1058)   Pre Evacuate Collection Set: 0,1ms
[2024-06-01T21:38:48.585-0300][gc,phases     ] GC(1058)   Evacuate Collection Set: 16,1ms
[2024-06-01T21:38:48.585-0300][gc,phases     ] GC(1058)   Post Evacuate Collection Set: 1,0ms
[2024-06-01T21:38:48.585-0300][gc,phases     ] GC(1058)   Other: 0,5ms
[2024-06-01T21:38:48.585-0300][gc,heap       ] GC(1058) Eden regions: 47->0(49)
[2024-06-01T21:38:48.585-0300][gc,heap       ] GC(1058) Survivor regions: 4->5(7)
[2024-06-01T21:38:48.586-0300][gc,heap       ] GC(1058) Old regions: 640->641
[2024-06-01T21:38:48.586-0300][gc,heap       ] GC(1058) Humongous regions: 129->129
[2024-06-01T21:38:48.586-0300][gc,metaspace  ] GC(1058) Metaspace: 45755K(48924K)->45755K(48924K) NonClass: 40017K(41680K)->40017K(41680K) Class: 5738K(7244K)->5738K(7244K)
[2024-06-01T21:38:48.586-0300][gc            ] GC(1058) Pause Young (Normal) (G1 Evacuation Pause) 818M->772M(1024M) 17,882ms
[2024-06-01T21:38:48.586-0300][gc,cpu        ] GC(1058) User=0,07s Sys=0,00s Real=0,01s
[2024-06-01T21:39:19.700-0300][gc,start      ] GC(1059) Pause Young (Normal) (G1 Evacuation Pause)
[2024-06-01T21:39:19.700-0300][gc,task       ] GC(1059) Using 4 workers of 4 for evacuation
[2024-06-01T21:39:19.719-0300][gc,phases     ] GC(1059)   Pre Evacuate Collection Set: 0,1ms
[2024-06-01T21:39:19.719-0300][gc,phases     ] GC(1059)   Evacuate Collection Set: 17,5ms
[2024-06-01T21:39:19.719-0300][gc,phases     ] GC(1059)   Post Evacuate Collection Set: 0,7ms
[2024-06-01T21:39:19.719-0300][gc,phases     ] GC(1059)   Other: 0,4ms
[2024-06-01T21:39:19.719-0300][gc,heap       ] GC(1059) Eden regions: 49->0(49)
[2024-06-01T21:39:19.719-0300][gc,heap       ] GC(1059) Survivor regions: 5->5(7)
[2024-06-01T21:39:19.719-0300][gc,heap       ] GC(1059) Old regions: 641->642
[2024-06-01T21:39:19.719-0300][gc,heap       ] GC(1059) Humongous regions: 129->129
[2024-06-01T21:39:19.719-0300][gc,metaspace  ] GC(1059) Metaspace: 45755K(48924K)->45755K(48924K) NonClass: 40017K(41680K)->40017K(41680K) Class: 5738K(7244K)->5738K(7244K)
[2024-06-01T21:39:19.719-0300][gc            ] GC(1059) Pause Young (Normal) (G1 Evacuation Pause) 821M->773M(1024M) 18,926ms
[2024-06-01T21:39:19.719-0300][gc,cpu        ] GC(1059) User=0,06s Sys=0,01s Real=0,02s
[2024-06-01T21:39:51.288-0300][gc,start      ] GC(1060) Pause Young (Normal) (G1 Evacuation Pause)
[2024-06-01T21:39:51.288-0300][gc,task       ] GC(1060) Using 4 workers of 4 for evacuation
[2024-06-01T21:39:51.309-0300][gc,mmu        ] GC(1060) MMU target violated: 20,9ms (20,0ms/21,0ms)
[2024-06-01T21:39:51.309-0300][gc,phases     ] GC(1060)   Pre Evacuate Collection Set: 0,1ms
[2024-06-01T21:39:51.309-0300][gc,phases     ] GC(1060)   Evacuate Collection Set: 19,6ms
[2024-06-01T21:39:51.309-0300][gc,phases     ] GC(1060)   Post Evacuate Collection Set: 1,0ms
[2024-06-01T21:39:51.309-0300][gc,phases     ] GC(1060)   Other: 0,5ms
[2024-06-01T21:39:51.309-0300][gc,heap       ] GC(1060) Eden regions: 49->0(48)
[2024-06-01T21:39:51.309-0300][gc,heap       ] GC(1060) Survivor regions: 5->4(7)
[2024-06-01T21:39:51.309-0300][gc,heap       ] GC(1060) Old regions: 642->643
[2024-06-01T21:39:51.309-0300][gc,heap       ] GC(1060) Humongous regions: 129->129
[2024-06-01T21:39:51.309-0300][gc,metaspace  ] GC(1060) Metaspace: 45755K(48924K)->45755K(48924K) NonClass: 40017K(41680K)->40017K(41680K) Class: 5738K(7244K)->5738K(7244K)
[2024-06-01T21:39:51.309-0300][gc            ] GC(1060) Pause Young (Normal) (G1 Evacuation Pause) 822M->774M(1024M) 21,395ms
[2024-06-01T21:39:51.309-0300][gc,cpu        ] GC(1060) User=0,08s Sys=0,00s Real=0,02s
[2024-06-01T21:40:21.617-0300][gc,start      ] GC(1061) Pause Young (Normal) (G1 Evacuation Pause)
[2024-06-01T21:40:21.617-0300][gc,task       ] GC(1061) Using 4 workers of 4 for evacuation
[2024-06-01T21:40:21.635-0300][gc,phases     ] GC(1061)   Pre Evacuate Collection Set: 0,1ms
[2024-06-01T21:40:21.635-0300][gc,phases     ] GC(1061)   Evacuate Collection Set: 16,8ms
[2024-06-01T21:40:21.635-0300][gc,phases     ] GC(1061)   Post Evacuate Collection Set: 0,8ms
[2024-06-01T21:40:21.635-0300][gc,phases     ] GC(1061)   Other: 0,5ms
[2024-06-01T21:40:21.635-0300][gc,heap       ] GC(1061) Eden regions: 48->0(50)
[2024-06-01T21:40:21.635-0300][gc,heap       ] GC(1061) Survivor regions: 4->5(7)
[2024-06-01T21:40:21.635-0300][gc,heap       ] GC(1061) Old regions: 643->644
[2024-06-01T21:40:21.635-0300][gc,heap       ] GC(1061) Humongous regions: 129->129
[2024-06-01T21:40:21.635-0300][gc,metaspace  ] GC(1061) Metaspace: 45755K(48924K)->45755K(48924K) NonClass: 40017K(41680K)->40017K(41680K) Class: 5738K(7244K)->5738K(7244K)
[2024-06-01T21:40:21.635-0300][gc            ] GC(1061) Pause Young (Normal) (G1 Evacuation Pause) 822M->775M(1024M) 18,451ms
[2024-06-01T21:40:21.635-0300][gc,cpu        ] GC(1061) User=0,07s Sys=0,00s Real=0,02s
[2024-06-01T21:40:53.923-0300][gc,start      ] GC(1062) Pause Young (Normal) (G1 Evacuation Pause)
[2024-06-01T21:40:53.923-0300][gc,task       ] GC(1062) Using 4 workers of 4 for evacuation
[2024-06-01T21:40:53.933-0300][gc,phases     ] GC(1062)   Pre Evacuate Collection Set: 0,0ms
[2024-06-01T21:40:53.933-0300][gc,phases     ] GC(1062)   Evacuate Collection Set: 9,8ms
[2024-06-01T21:40:53.933-0300][gc,phases     ] GC(1062)   Post Evacuate Collection Set: 0,5ms
[2024-06-01T21:40:53.933-0300][gc,phases     ] GC(1062)   Other: 0,3ms
[2024-06-01T21:40:53.933-0300][gc,heap       ] GC(1062) Eden regions: 50->0(51)
[2024-06-01T21:40:53.933-0300][gc,heap       ] GC(1062) Survivor regions: 5->4(7)
[2024-06-01T21:40:53.933-0300][gc,heap       ] GC(1062) Old regions: 644->645
[2024-06-01T21:40:53.933-0300][gc,heap       ] GC(1062) Humongous regions: 129->129
[2024-06-01T21:40:53.933-0300][gc,metaspace  ] GC(1062) Metaspace: 45755K(48924K)->45755K(48924K) NonClass: 40017K(41680K)->40017K(41680K) Class: 5738K(7244K)->5738K(7244K)
[2024-06-01T21:40:53.933-0300][gc            ] GC(1062) Pause Young (Normal) (G1 Evacuation Pause) 825M->776M(1024M) 10,812ms
[2024-06-01T21:40:53.934-0300][gc,cpu        ] GC(1062) User=0,04s Sys=0,00s Real=0,01s
[2024-06-01T21:41:26.720-0300][gc,start      ] GC(1063) Pause Young (Normal) (G1 Evacuation Pause)
[2024-06-01T21:41:26.720-0300][gc,task       ] GC(1063) Using 4 workers of 4 for evacuation
[2024-06-01T21:41:26.738-0300][gc,phases     ] GC(1063)   Pre Evacuate Collection Set: 0,1ms
[2024-06-01T21:41:26.738-0300][gc,phases     ] GC(1063)   Evacuate Collection Set: 17,0ms
[2024-06-01T21:41:26.738-0300][gc,phases     ] GC(1063)   Post Evacuate Collection Set: 0,9ms
[2024-06-01T21:41:26.738-0300][gc,phases     ] GC(1063)   Other: 0,4ms
[2024-06-01T21:41:26.738-0300][gc,heap       ] GC(1063) Eden regions: 51->0(51)
[2024-06-01T21:41:26.738-0300][gc,heap       ] GC(1063) Survivor regions: 4->5(7)
[2024-06-01T21:41:26.738-0300][gc,heap       ] GC(1063) Old regions: 645->645
[2024-06-01T21:41:26.738-0300][gc,heap       ] GC(1063) Humongous regions: 129->129
[2024-06-01T21:41:26.738-0300][gc,metaspace  ] GC(1063) Metaspace: 45755K(48924K)->45755K(48924K) NonClass: 40017K(41680K)->40017K(41680K) Class: 5738K(7244K)->5738K(7244K)
[2024-06-01T21:41:26.738-0300][gc            ] GC(1063) Pause Young (Normal) (G1 Evacuation Pause) 827M->777M(1024M) 18,627ms
[2024-06-01T21:41:26.738-0300][gc,cpu        ] GC(1063) User=0,06s Sys=0,00s Real=0,02s
[2024-06-01T21:41:59.609-0300][gc,start      ] GC(1064) Pause Young (Normal) (G1 Evacuation Pause)
[2024-06-01T21:41:59.609-0300][gc,task       ] GC(1064) Using 4 workers of 4 for evacuation
[2024-06-01T21:41:59.631-0300][gc,mmu        ] GC(1064) MMU target violated: 21,0ms (20,0ms/21,0ms)
[2024-06-01T21:41:59.631-0300][gc,phases     ] GC(1064)   Pre Evacuate Collection Set: 0,1ms
[2024-06-01T21:41:59.631-0300][gc,phases     ] GC(1064)   Evacuate Collection Set: 20,5ms
[2024-06-01T21:41:59.631-0300][gc,phases     ] GC(1064)   Post Evacuate Collection Set: 0,9ms
[2024-06-01T21:41:59.631-0300][gc,phases     ] GC(1064)   Other: 0,5ms
[2024-06-01T21:41:59.631-0300][gc,heap       ] GC(1064) Eden regions: 51->0(52)
[2024-06-01T21:41:59.631-0300][gc,heap       ] GC(1064) Survivor regions: 5->5(7)
[2024-06-01T21:41:59.631-0300][gc,heap       ] GC(1064) Old regions: 645->647
[2024-06-01T21:41:59.631-0300][gc,heap       ] GC(1064) Humongous regions: 129->129
[2024-06-01T21:41:59.631-0300][gc,metaspace  ] GC(1064) Metaspace: 45755K(48924K)->45755K(48924K) NonClass: 40017K(41680K)->40017K(41680K) Class: 5738K(7244K)->5738K(7244K)
[2024-06-01T21:41:59.631-0300][gc            ] GC(1064) Pause Young (Normal) (G1 Evacuation Pause) 828M->778M(1024M) 22,288ms
[2024-06-01T21:41:59.631-0300][gc,cpu        ] GC(1064) User=0,07s Sys=0,01s Real=0,02s
[2024-06-01T21:42:32.440-0300][gc,start      ] GC(1065) Pause Young (Normal) (G1 Evacuation Pause)
[2024-06-01T21:42:32.440-0300][gc,task       ] GC(1065) Using 4 workers of 4 for evacuation
[2024-06-01T21:42:32.459-0300][gc,phases     ] GC(1065)   Pre Evacuate Collection Set: 0,1ms
[2024-06-01T21:42:32.459-0300][gc,phases     ] GC(1065)   Evacuate Collection Set: 18,3ms
[2024-06-01T21:42:32.459-0300][gc,phases     ] GC(1065)   Post Evacuate Collection Set: 0,9ms
[2024-06-01T21:42:32.459-0300][gc,phases     ] GC(1065)   Other: 0,5ms
[2024-06-01T21:42:32.460-0300][gc,heap       ] GC(1065) Eden regions: 51->0(52)
[2024-06-01T21:42:32.460-0300][gc,heap       ] GC(1065) Survivor regions: 5->5(7)
[2024-06-01T21:42:32.460-0300][gc,heap       ] GC(1065) Old regions: 647->648
[2024-06-01T21:42:32.460-0300][gc,heap       ] GC(1065) Humongous regions: 129->129
[2024-06-01T21:42:32.460-0300][gc,metaspace  ] GC(1065) Metaspace: 45755K(48924K)->45755K(48924K) NonClass: 40017K(41680K)->40017K(41680K) Class: 5738K(7244K)->5738K(7244K)
[2024-06-01T21:42:32.460-0300][gc            ] GC(1065) Pause Young (Normal) (G1 Evacuation Pause) 829M->779M(1024M) 20,033ms
[2024-06-01T21:42:32.460-0300][gc,cpu        ] GC(1065) User=0,07s Sys=0,01s Real=0,02s
[2024-06-01T21:43:01.701-0300][gc,start      ] GC(1066) Pause Young (Normal) (G1 Evacuation Pause)
[2024-06-01T21:43:01.701-0300][gc,task       ] GC(1066) Using 4 workers of 4 for evacuation
[2024-06-01T21:43:01.721-0300][gc,phases     ] GC(1066)   Pre Evacuate Collection Set: 0,1ms
[2024-06-01T21:43:01.721-0300][gc,phases     ] GC(1066)   Evacuate Collection Set: 18,3ms
[2024-06-01T21:43:01.721-0300][gc,phases     ] GC(1066)   Post Evacuate Collection Set: 1,0ms
[2024-06-01T21:43:01.721-0300][gc,phases     ] GC(1066)   Other: 0,5ms
[2024-06-01T21:43:01.721-0300][gc,heap       ] GC(1066) Eden regions: 46->0(52)
[2024-06-01T21:43:01.721-0300][gc,heap       ] GC(1066) Survivor regions: 5->5(7)
[2024-06-01T21:43:01.721-0300][gc,heap       ] GC(1066) Old regions: 648->649
[2024-06-01T21:43:01.721-0300][gc,heap       ] GC(1066) Humongous regions: 129->129
[2024-06-01T21:43:01.721-0300][gc,metaspace  ] GC(1066) Metaspace: 45755K(48924K)->45755K(48924K) NonClass: 40017K(41680K)->40017K(41680K) Class: 5738K(7244K)->5738K(7244K)
[2024-06-01T21:43:01.721-0300][gc            ] GC(1066) Pause Young (Normal) (G1 Evacuation Pause) 825M->780M(1024M) 20,136ms
[2024-06-01T21:43:01.721-0300][gc,cpu        ] GC(1066) User=0,07s Sys=0,00s Real=0,02s
[2024-06-01T21:43:30.870-0300][gc,start      ] GC(1067) Pause Young (Normal) (G1 Evacuation Pause)
[2024-06-01T21:43:30.870-0300][gc,task       ] GC(1067) Using 4 workers of 4 for evacuation
[2024-06-01T21:43:30.890-0300][gc,phases     ] GC(1067)   Pre Evacuate Collection Set: 0,1ms
[2024-06-01T21:43:30.890-0300][gc,phases     ] GC(1067)   Evacuate Collection Set: 18,4ms
[2024-06-01T21:43:30.890-0300][gc,phases     ] GC(1067)   Post Evacuate Collection Set: 1,0ms
[2024-06-01T21:43:30.890-0300][gc,phases     ] GC(1067)   Other: 0,4ms
[2024-06-01T21:43:30.890-0300][gc,heap       ] GC(1067) Eden regions: 46->0(52)
[2024-06-01T21:43:30.890-0300][gc,heap       ] GC(1067) Survivor regions: 5->5(7)
[2024-06-01T21:43:30.890-0300][gc,heap       ] GC(1067) Old regions: 649->650
[2024-06-01T21:43:30.890-0300][gc,heap       ] GC(1067) Humongous regions: 129->129
[2024-06-01T21:43:30.890-0300][gc,metaspace  ] GC(1067) Metaspace: 45755K(48924K)->45755K(48924K) NonClass: 40017K(41680K)->40017K(41680K) Class: 5738K(7244K)->5738K(7244K)
[2024-06-01T21:43:30.890-0300][gc            ] GC(1067) Pause Young (Normal) (G1 Evacuation Pause) 826M->781M(1024M) 20,158ms
[2024-06-01T21:43:30.890-0300][gc,cpu        ] GC(1067) User=0,08s Sys=0,00s Real=0,02s
[2024-06-01T21:43:59.938-0300][gc,start      ] GC(1068) Pause Young (Normal) (G1 Evacuation Pause)
[2024-06-01T21:43:59.938-0300][gc,task       ] GC(1068) Using 4 workers of 4 for evacuation
[2024-06-01T21:43:59.957-0300][gc,phases     ] GC(1068)   Pre Evacuate Collection Set: 0,1ms
[2024-06-01T21:43:59.957-0300][gc,phases     ] GC(1068)   Evacuate Collection Set: 18,0ms
[2024-06-01T21:43:59.957-0300][gc,phases     ] GC(1068)   Post Evacuate Collection Set: 1,0ms
[2024-06-01T21:43:59.957-0300][gc,phases     ] GC(1068)   Other: 0,4ms
[2024-06-01T21:43:59.957-0300][gc,heap       ] GC(1068) Eden regions: 46->0(50)
[2024-06-01T21:43:59.957-0300][gc,heap       ] GC(1068) Survivor regions: 5->4(7)
[2024-06-01T21:43:59.957-0300][gc,heap       ] GC(1068) Old regions: 650->651
[2024-06-01T21:43:59.957-0300][gc,heap       ] GC(1068) Humongous regions: 129->129
[2024-06-01T21:43:59.957-0300][gc,metaspace  ] GC(1068) Metaspace: 45755K(48924K)->45755K(48924K) NonClass: 40017K(41680K)->40017K(41680K) Class: 5738K(7244K)->5738K(7244K)
[2024-06-01T21:43:59.957-0300][gc            ] GC(1068) Pause Young (Normal) (G1 Evacuation Pause) 827M->782M(1024M) 19,789ms
[2024-06-01T21:43:59.957-0300][gc,cpu        ] GC(1068) User=0,07s Sys=0,00s Real=0,02s
[2024-06-01T21:44:30.230-0300][gc,start      ] GC(1069) Pause Young (Normal) (G1 Evacuation Pause)
[2024-06-01T21:44:30.231-0300][gc,task       ] GC(1069) Using 4 workers of 4 for evacuation
[2024-06-01T21:44:30.250-0300][gc,phases     ] GC(1069)   Pre Evacuate Collection Set: 0,1ms
[2024-06-01T21:44:30.250-0300][gc,phases     ] GC(1069)   Evacuate Collection Set: 17,8ms
[2024-06-01T21:44:30.250-0300][gc,phases     ] GC(1069)   Post Evacuate Collection Set: 0,9ms
[2024-06-01T21:44:30.250-0300][gc,phases     ] GC(1069)   Other: 0,4ms
[2024-06-01T21:44:30.250-0300][gc,heap       ] GC(1069) Eden regions: 47->0(47)
[2024-06-01T21:44:30.250-0300][gc,heap       ] GC(1069) Survivor regions: 4->4(7)
[2024-06-01T21:44:30.250-0300][gc,heap       ] GC(1069) Old regions: 651->652
[2024-06-01T21:44:30.250-0300][gc,heap       ] GC(1069) Humongous regions: 129->129
[2024-06-01T21:44:30.250-0300][gc,metaspace  ] GC(1069) Metaspace: 45755K(48924K)->45755K(48924K) NonClass: 40017K(41680K)->40017K(41680K) Class: 5738K(7244K)->5738K(7244K)
[2024-06-01T21:44:30.250-0300][gc            ] GC(1069) Pause Young (Normal) (G1 Evacuation Pause) 829M->783M(1024M) 19,522ms
[2024-06-01T21:44:30.250-0300][gc,cpu        ] GC(1069) User=0,07s Sys=0,00s Real=0,02s
[2024-06-01T21:45:00.330-0300][gc,start      ] GC(1070) Pause Young (Normal) (G1 Evacuation Pause)
[2024-06-01T21:45:00.330-0300][gc,task       ] GC(1070) Using 4 workers of 4 for evacuation
[2024-06-01T21:45:00.348-0300][gc,phases     ] GC(1070)   Pre Evacuate Collection Set: 0,1ms
[2024-06-01T21:45:00.348-0300][gc,phases     ] GC(1070)   Evacuate Collection Set: 16,4ms
[2024-06-01T21:45:00.348-0300][gc,phases     ] GC(1070)   Post Evacuate Collection Set: 1,0ms
[2024-06-01T21:45:00.348-0300][gc,phases     ] GC(1070)   Other: 0,5ms
[2024-06-01T21:45:00.348-0300][gc,heap       ] GC(1070) Eden regions: 47->0(49)
[2024-06-01T21:45:00.348-0300][gc,heap       ] GC(1070) Survivor regions: 4->4(7)
[2024-06-01T21:45:00.348-0300][gc,heap       ] GC(1070) Old regions: 652->653
[2024-06-01T21:45:00.348-0300][gc,heap       ] GC(1070) Humongous regions: 129->129
[2024-06-01T21:45:00.348-0300][gc,metaspace  ] GC(1070) Metaspace: 45755K(48924K)->45755K(48924K) NonClass: 40017K(41680K)->40017K(41680K) Class: 5738K(7244K)->5738K(7244K)
[2024-06-01T21:45:00.348-0300][gc            ] GC(1070) Pause Young (Normal) (G1 Evacuation Pause) 830M->783M(1024M) 18,192ms
[2024-06-01T21:45:00.348-0300][gc,cpu        ] GC(1070) User=0,06s Sys=0,01s Real=0,02s
[2024-06-01T21:45:31.089-0300][gc,start      ] GC(1071) Pause Young (Normal) (G1 Evacuation Pause)
[2024-06-01T21:45:31.090-0300][gc,task       ] GC(1071) Using 4 workers of 4 for evacuation
[2024-06-01T21:45:31.107-0300][gc,phases     ] GC(1071)   Pre Evacuate Collection Set: 0,1ms
[2024-06-01T21:45:31.107-0300][gc,phases     ] GC(1071)   Evacuate Collection Set: 16,4ms
[2024-06-01T21:45:31.107-0300][gc,phases     ] GC(1071)   Post Evacuate Collection Set: 1,0ms
[2024-06-01T21:45:31.107-0300][gc,phases     ] GC(1071)   Other: 0,5ms
[2024-06-01T21:45:31.108-0300][gc,heap       ] GC(1071) Eden regions: 48->0(50)
[2024-06-01T21:45:31.108-0300][gc,heap       ] GC(1071) Survivor regions: 4->5(7)
[2024-06-01T21:45:31.108-0300][gc,heap       ] GC(1071) Old regions: 653->653
[2024-06-01T21:45:31.108-0300][gc,heap       ] GC(1071) Humongous regions: 129->129
[2024-06-01T21:45:31.108-0300][gc,metaspace  ] GC(1071) Metaspace: 45755K(48924K)->45755K(48924K) NonClass: 40017K(41680K)->40017K(41680K) Class: 5738K(7244K)->5738K(7244K)
[2024-06-01T21:45:31.108-0300][gc            ] GC(1071) Pause Young (Normal) (G1 Evacuation Pause) 831M->784M(1024M) 18,155ms
[2024-06-01T21:45:31.108-0300][gc,cpu        ] GC(1071) User=0,06s Sys=0,00s Real=0,02s
[2024-06-01T21:46:03.226-0300][gc,start      ] GC(1072) Pause Young (Normal) (G1 Evacuation Pause)
[2024-06-01T21:46:03.226-0300][gc,task       ] GC(1072) Using 4 workers of 4 for evacuation
[2024-06-01T21:46:03.232-0300][gc,phases     ] GC(1072)   Pre Evacuate Collection Set: 0,0ms
[2024-06-01T21:46:03.232-0300][gc,phases     ] GC(1072)   Evacuate Collection Set: 5,4ms
[2024-06-01T21:46:03.232-0300][gc,phases     ] GC(1072)   Post Evacuate Collection Set: 0,4ms
[2024-06-01T21:46:03.232-0300][gc,phases     ] GC(1072)   Other: 0,2ms
[2024-06-01T21:46:03.232-0300][gc,heap       ] GC(1072) Eden regions: 50->0(52)
[2024-06-01T21:46:03.232-0300][gc,heap       ] GC(1072) Survivor regions: 5->5(7)
[2024-06-01T21:46:03.232-0300][gc,heap       ] GC(1072) Old regions: 653->654
[2024-06-01T21:46:03.232-0300][gc,heap       ] GC(1072) Humongous regions: 129->129
[2024-06-01T21:46:03.232-0300][gc,metaspace  ] GC(1072) Metaspace: 45755K(48924K)->45755K(48924K) NonClass: 40017K(41680K)->40017K(41680K) Class: 5738K(7244K)->5738K(7244K)
[2024-06-01T21:46:03.232-0300][gc            ] GC(1072) Pause Young (Normal) (G1 Evacuation Pause) 834M->785M(1024M) 6,053ms
[2024-06-01T21:46:03.232-0300][gc,cpu        ] GC(1072) User=0,02s Sys=0,00s Real=0,01s
[2024-06-01T21:46:36.087-0300][gc,start      ] GC(1073) Pause Young (Normal) (G1 Evacuation Pause)
[2024-06-01T21:46:36.087-0300][gc,task       ] GC(1073) Using 4 workers of 4 for evacuation
[2024-06-01T21:46:36.109-0300][gc,mmu        ] GC(1073) MMU target violated: 21,0ms (20,0ms/21,0ms)
[2024-06-01T21:46:36.109-0300][gc,phases     ] GC(1073)   Pre Evacuate Collection Set: 0,1ms
[2024-06-01T21:46:36.109-0300][gc,phases     ] GC(1073)   Evacuate Collection Set: 20,0ms
[2024-06-01T21:46:36.109-0300][gc,phases     ] GC(1073)   Post Evacuate Collection Set: 1,0ms
[2024-06-01T21:46:36.109-0300][gc,phases     ] GC(1073)   Other: 0,6ms
[2024-06-01T21:46:36.109-0300][gc,heap       ] GC(1073) Eden regions: 52->0(50)
[2024-06-01T21:46:36.109-0300][gc,heap       ] GC(1073) Survivor regions: 5->5(8)
[2024-06-01T21:46:36.109-0300][gc,heap       ] GC(1073) Old regions: 654->655
[2024-06-01T21:46:36.109-0300][gc,heap       ] GC(1073) Humongous regions: 129->129
[2024-06-01T21:46:36.109-0300][gc,metaspace  ] GC(1073) Metaspace: 45755K(48924K)->45755K(48924K) NonClass: 40017K(41680K)->40017K(41680K) Class: 5738K(7244K)->5738K(7244K)
[2024-06-01T21:46:36.109-0300][gc            ] GC(1073) Pause Young (Normal) (G1 Evacuation Pause) 837M->786M(1024M) 21,877ms
[2024-06-01T21:46:36.109-0300][gc,cpu        ] GC(1073) User=0,08s Sys=0,00s Real=0,03s
[2024-06-01T21:47:05.153-0300][gc,start      ] GC(1074) Pause Young (Normal) (G1 Evacuation Pause)
[2024-06-01T21:47:05.154-0300][gc,task       ] GC(1074) Using 4 workers of 4 for evacuation
[2024-06-01T21:47:05.176-0300][gc,mmu        ] GC(1074) MMU target violated: 21,0ms (20,0ms/21,0ms)
[2024-06-01T21:47:05.176-0300][gc,phases     ] GC(1074)   Pre Evacuate Collection Set: 0,1ms
[2024-06-01T21:47:05.176-0300][gc,phases     ] GC(1074)   Evacuate Collection Set: 20,7ms
[2024-06-01T21:47:05.176-0300][gc,phases     ] GC(1074)   Post Evacuate Collection Set: 1,0ms
[2024-06-01T21:47:05.176-0300][gc,phases     ] GC(1074)   Other: 0,6ms
[2024-06-01T21:47:05.176-0300][gc,heap       ] GC(1074) Eden regions: 46->0(48)
[2024-06-01T21:47:05.176-0300][gc,heap       ] GC(1074) Survivor regions: 5->5(7)
[2024-06-01T21:47:05.176-0300][gc,heap       ] GC(1074) Old regions: 655->656
[2024-06-01T21:47:05.176-0300][gc,heap       ] GC(1074) Humongous regions: 129->129
[2024-06-01T21:47:05.176-0300][gc,metaspace  ] GC(1074) Metaspace: 45755K(48924K)->45755K(48924K) NonClass: 40017K(41680K)->40017K(41680K) Class: 5738K(7244K)->5738K(7244K)
[2024-06-01T21:47:05.176-0300][gc            ] GC(1074) Pause Young (Normal) (G1 Evacuation Pause) 832M->788M(1024M) 22,443ms
[2024-06-01T21:47:05.176-0300][gc,cpu        ] GC(1074) User=0,08s Sys=0,01s Real=0,03s
[2024-06-01T21:47:35.743-0300][gc,start      ] GC(1075) Pause Young (Normal) (G1 Evacuation Pause)
[2024-06-01T21:47:35.743-0300][gc,task       ] GC(1075) Using 4 workers of 4 for evacuation
[2024-06-01T21:47:35.765-0300][gc,mmu        ] GC(1075) MMU target violated: 21,0ms (20,0ms/21,0ms)
[2024-06-01T21:47:35.765-0300][gc,phases     ] GC(1075)   Pre Evacuate Collection Set: 0,1ms
[2024-06-01T21:47:35.765-0300][gc,phases     ] GC(1075)   Evacuate Collection Set: 20,0ms
[2024-06-01T21:47:35.765-0300][gc,phases     ] GC(1075)   Post Evacuate Collection Set: 1,0ms
[2024-06-01T21:47:35.765-0300][gc,phases     ] GC(1075)   Other: 0,6ms
[2024-06-01T21:47:35.765-0300][gc,heap       ] GC(1075) Eden regions: 48->0(48)
[2024-06-01T21:47:35.765-0300][gc,heap       ] GC(1075) Survivor regions: 5->5(7)
[2024-06-01T21:47:35.765-0300][gc,heap       ] GC(1075) Old regions: 656->658
[2024-06-01T21:47:35.765-0300][gc,heap       ] GC(1075) Humongous regions: 129->129
[2024-06-01T21:47:35.765-0300][gc,metaspace  ] GC(1075) Metaspace: 45755K(48924K)->45755K(48924K) NonClass: 40017K(41680K)->40017K(41680K) Class: 5738K(7244K)->5738K(7244K)
[2024-06-01T21:47:35.765-0300][gc            ] GC(1075) Pause Young (Normal) (G1 Evacuation Pause) 836M->789M(1024M) 21,771ms
[2024-06-01T21:47:35.765-0300][gc,cpu        ] GC(1075) User=0,08s Sys=0,00s Real=0,02s
[2024-06-01T21:48:06.228-0300][gc,start      ] GC(1076) Pause Young (Normal) (G1 Evacuation Pause)
[2024-06-01T21:48:06.228-0300][gc,task       ] GC(1076) Using 4 workers of 4 for evacuation
[2024-06-01T21:48:06.248-0300][gc,phases     ] GC(1076)   Pre Evacuate Collection Set: 0,1ms
[2024-06-01T21:48:06.248-0300][gc,phases     ] GC(1076)   Evacuate Collection Set: 18,3ms
[2024-06-01T21:48:06.248-0300][gc,phases     ] GC(1076)   Post Evacuate Collection Set: 1,0ms
[2024-06-01T21:48:06.248-0300][gc,phases     ] GC(1076)   Other: 0,4ms
[2024-06-01T21:48:06.248-0300][gc,heap       ] GC(1076) Eden regions: 48->0(50)
[2024-06-01T21:48:06.248-0300][gc,heap       ] GC(1076) Survivor regions: 5->5(7)
[2024-06-01T21:48:06.248-0300][gc,heap       ] GC(1076) Old regions: 658->659
[2024-06-01T21:48:06.248-0300][gc,heap       ] GC(1076) Humongous regions: 129->129
[2024-06-01T21:48:06.248-0300][gc,metaspace  ] GC(1076) Metaspace: 45755K(48924K)->45755K(48924K) NonClass: 40017K(41680K)->40017K(41680K) Class: 5738K(7244K)->5738K(7244K)
[2024-06-01T21:48:06.248-0300][gc            ] GC(1076) Pause Young (Normal) (G1 Evacuation Pause) 837M->790M(1024M) 19,985ms
[2024-06-01T21:48:06.248-0300][gc,cpu        ] GC(1076) User=0,07s Sys=0,00s Real=0,02s
[2024-06-01T21:48:35.621-0300][gc,start      ] GC(1077) Pause Young (Normal) (G1 Evacuation Pause)
[2024-06-01T21:48:35.621-0300][gc,task       ] GC(1077) Using 4 workers of 4 for evacuation
[2024-06-01T21:48:35.641-0300][gc,phases     ] GC(1077)   Pre Evacuate Collection Set: 0,1ms
[2024-06-01T21:48:35.641-0300][gc,phases     ] GC(1077)   Evacuate Collection Set: 18,2ms
[2024-06-01T21:48:35.641-0300][gc,phases     ] GC(1077)   Post Evacuate Collection Set: 1,0ms
[2024-06-01T21:48:35.641-0300][gc,phases     ] GC(1077)   Other: 0,4ms
[2024-06-01T21:48:35.641-0300][gc,heap       ] GC(1077) Eden regions: 46->0(47)
[2024-06-01T21:48:35.641-0300][gc,heap       ] GC(1077) Survivor regions: 5->4(7)
[2024-06-01T21:48:35.641-0300][gc,heap       ] GC(1077) Old regions: 659->660
[2024-06-01T21:48:35.641-0300][gc,heap       ] GC(1077) Humongous regions: 129->129
[2024-06-01T21:48:35.641-0300][gc,metaspace  ] GC(1077) Metaspace: 45755K(48924K)->45755K(48924K) NonClass: 40017K(41680K)->40017K(41680K) Class: 5738K(7244K)->5738K(7244K)
[2024-06-01T21:48:35.641-0300][gc            ] GC(1077) Pause Young (Normal) (G1 Evacuation Pause) 836M->790M(1024M) 20,017ms
[2024-06-01T21:48:35.641-0300][gc,cpu        ] GC(1077) User=0,07s Sys=0,00s Real=0,02s
[2024-06-01T21:49:05.414-0300][gc,start      ] GC(1078) Pause Young (Normal) (G1 Evacuation Pause)
[2024-06-01T21:49:05.414-0300][gc,task       ] GC(1078) Using 4 workers of 4 for evacuation
[2024-06-01T21:49:05.419-0300][gc,phases     ] GC(1078)   Pre Evacuate Collection Set: 0,0ms
[2024-06-01T21:49:05.419-0300][gc,phases     ] GC(1078)   Evacuate Collection Set: 4,7ms
[2024-06-01T21:49:05.419-0300][gc,phases     ] GC(1078)   Post Evacuate Collection Set: 0,3ms
[2024-06-01T21:49:05.419-0300][gc,phases     ] GC(1078)   Other: 0,2ms
[2024-06-01T21:49:05.419-0300][gc,heap       ] GC(1078) Eden regions: 47->0(55)
[2024-06-01T21:49:05.419-0300][gc,heap       ] GC(1078) Survivor regions: 4->4(7)
[2024-06-01T21:49:05.419-0300][gc,heap       ] GC(1078) Old regions: 660->661
[2024-06-01T21:49:05.419-0300][gc,heap       ] GC(1078) Humongous regions: 129->129
[2024-06-01T21:49:05.419-0300][gc,metaspace  ] GC(1078) Metaspace: 45755K(48924K)->45755K(48924K) NonClass: 40017K(41680K)->40017K(41680K) Class: 5738K(7244K)->5738K(7244K)
[2024-06-01T21:49:05.419-0300][gc            ] GC(1078) Pause Young (Normal) (G1 Evacuation Pause) 837M->791M(1024M) 5,264ms
[2024-06-01T21:49:05.419-0300][gc,cpu        ] GC(1078) User=0,01s Sys=0,00s Real=0,01s
[2024-06-01T21:49:41.033-0300][gc,start      ] GC(1079) Pause Young (Normal) (G1 Evacuation Pause)
[2024-06-01T21:49:41.033-0300][gc,task       ] GC(1079) Using 4 workers of 4 for evacuation
[2024-06-01T21:49:41.053-0300][gc,phases     ] GC(1079)   Pre Evacuate Collection Set: 0,1ms
[2024-06-01T21:49:41.053-0300][gc,phases     ] GC(1079)   Evacuate Collection Set: 18,3ms
[2024-06-01T21:49:41.053-0300][gc,phases     ] GC(1079)   Post Evacuate Collection Set: 1,0ms
[2024-06-01T21:49:41.053-0300][gc,phases     ] GC(1079)   Other: 0,4ms
[2024-06-01T21:49:41.053-0300][gc,heap       ] GC(1079) Eden regions: 55->0(55)
[2024-06-01T21:49:41.053-0300][gc,heap       ] GC(1079) Survivor regions: 4->5(8)
[2024-06-01T21:49:41.053-0300][gc,heap       ] GC(1079) Old regions: 661->661
[2024-06-01T21:49:41.053-0300][gc,heap       ] GC(1079) Humongous regions: 129->129
[2024-06-01T21:49:41.053-0300][gc,metaspace  ] GC(1079) Metaspace: 45755K(48924K)->45755K(48924K) NonClass: 40017K(41680K)->40017K(41680K) Class: 5738K(7244K)->5738K(7244K)
[2024-06-01T21:49:41.053-0300][gc            ] GC(1079) Pause Young (Normal) (G1 Evacuation Pause) 846M->792M(1024M) 20,070ms
[2024-06-01T21:49:41.053-0300][gc,cpu        ] GC(1079) User=0,07s Sys=0,00s Real=0,02s
[2024-06-01T21:50:10.378-0300][gc,start      ] GC(1080) Pause Young (Normal) (G1 Evacuation Pause)
[2024-06-01T21:50:10.378-0300][gc,task       ] GC(1080) Using 4 workers of 4 for evacuation
[2024-06-01T21:50:10.386-0300][gc,phases     ] GC(1080)   Pre Evacuate Collection Set: 0,0ms
[2024-06-01T21:50:10.386-0300][gc,phases     ] GC(1080)   Evacuate Collection Set: 7,0ms
[2024-06-01T21:50:10.386-0300][gc,phases     ] GC(1080)   Post Evacuate Collection Set: 0,4ms
[2024-06-01T21:50:10.386-0300][gc,phases     ] GC(1080)   Other: 0,2ms
[2024-06-01T21:50:10.386-0300][gc,heap       ] GC(1080) Eden regions: 46->0(57)
[2024-06-01T21:50:10.386-0300][gc,heap       ] GC(1080) Survivor regions: 5->5(7)
[2024-06-01T21:50:10.386-0300][gc,heap       ] GC(1080) Old regions: 661->662
[2024-06-01T21:50:10.386-0300][gc,heap       ] GC(1080) Humongous regions: 129->129
[2024-06-01T21:50:10.386-0300][gc,metaspace  ] GC(1080) Metaspace: 45755K(48924K)->45755K(48924K) NonClass: 40017K(41680K)->40017K(41680K) Class: 5738K(7244K)->5738K(7244K)
[2024-06-01T21:50:10.386-0300][gc            ] GC(1080) Pause Young (Normal) (G1 Evacuation Pause) 838M->793M(1024M) 7,732ms
[2024-06-01T21:50:10.386-0300][gc,cpu        ] GC(1080) User=0,03s Sys=0,00s Real=0,00s
[2024-06-01T21:50:46.506-0300][gc,start      ] GC(1081) Pause Young (Normal) (G1 Evacuation Pause)
[2024-06-01T21:50:46.506-0300][gc,task       ] GC(1081) Using 4 workers of 4 for evacuation
[2024-06-01T21:50:46.527-0300][gc,mmu        ] GC(1081) MMU target violated: 21,0ms (20,0ms/21,0ms)
[2024-06-01T21:50:46.528-0300][gc,phases     ] GC(1081)   Pre Evacuate Collection Set: 0,1ms
[2024-06-01T21:50:46.528-0300][gc,phases     ] GC(1081)   Evacuate Collection Set: 20,3ms
[2024-06-01T21:50:46.528-0300][gc,phases     ] GC(1081)   Post Evacuate Collection Set: 1,0ms
[2024-06-01T21:50:46.528-0300][gc,phases     ] GC(1081)   Other: 0,5ms
[2024-06-01T21:50:46.528-0300][gc,heap       ] GC(1081) Eden regions: 57->0(57)
[2024-06-01T21:50:46.528-0300][gc,heap       ] GC(1081) Survivor regions: 5->6(8)
[2024-06-01T21:50:46.528-0300][gc,heap       ] GC(1081) Old regions: 662->662
[2024-06-01T21:50:46.528-0300][gc,heap       ] GC(1081) Humongous regions: 129->129
[2024-06-01T21:50:46.528-0300][gc,metaspace  ] GC(1081) Metaspace: 45755K(48924K)->45755K(48924K) NonClass: 40017K(41680K)->40017K(41680K) Class: 5738K(7244K)->5738K(7244K)
[2024-06-01T21:50:46.528-0300][gc            ] GC(1081) Pause Young (Normal) (G1 Evacuation Pause) 850M->794M(1024M) 22,103ms
[2024-06-01T21:50:46.528-0300][gc,cpu        ] GC(1081) User=0,08s Sys=0,00s Real=0,03s
[2024-06-01T21:51:15.069-0300][gc,start      ] GC(1082) Pause Young (Normal) (G1 Evacuation Pause)
[2024-06-01T21:51:15.069-0300][gc,task       ] GC(1082) Using 4 workers of 4 for evacuation
[2024-06-01T21:51:15.078-0300][gc,phases     ] GC(1082)   Pre Evacuate Collection Set: 0,0ms
[2024-06-01T21:51:15.078-0300][gc,phases     ] GC(1082)   Evacuate Collection Set: 7,9ms
[2024-06-01T21:51:15.078-0300][gc,phases     ] GC(1082)   Post Evacuate Collection Set: 0,6ms
[2024-06-01T21:51:15.078-0300][gc,phases     ] GC(1082)   Other: 0,2ms
[2024-06-01T21:51:15.078-0300][gc,heap       ] GC(1082) Eden regions: 45->0(60)
[2024-06-01T21:51:15.078-0300][gc,heap       ] GC(1082) Survivor regions: 6->5(7)
[2024-06-01T21:51:15.078-0300][gc,heap       ] GC(1082) Old regions: 662->664
[2024-06-01T21:51:15.078-0300][gc,heap       ] GC(1082) Humongous regions: 129->129
[2024-06-01T21:51:15.078-0300][gc,metaspace  ] GC(1082) Metaspace: 45755K(48924K)->45755K(48924K) NonClass: 40017K(41680K)->40017K(41680K) Class: 5738K(7244K)->5738K(7244K)
[2024-06-01T21:51:15.078-0300][gc            ] GC(1082) Pause Young (Normal) (G1 Evacuation Pause) 839M->796M(1024M) 8,749ms
[2024-06-01T21:51:15.078-0300][gc,cpu        ] GC(1082) User=0,03s Sys=0,00s Real=0,01s
[2024-06-01T21:51:53.301-0300][gc,start      ] GC(1083) Pause Young (Normal) (G1 Evacuation Pause)
[2024-06-01T21:51:53.301-0300][gc,task       ] GC(1083) Using 4 workers of 4 for evacuation
[2024-06-01T21:51:53.308-0300][gc,phases     ] GC(1083)   Pre Evacuate Collection Set: 0,0ms
[2024-06-01T21:51:53.308-0300][gc,phases     ] GC(1083)   Evacuate Collection Set: 6,9ms
[2024-06-01T21:51:53.308-0300][gc,phases     ] GC(1083)   Post Evacuate Collection Set: 0,5ms
[2024-06-01T21:51:53.308-0300][gc,phases     ] GC(1083)   Other: 0,2ms
[2024-06-01T21:51:53.308-0300][gc,heap       ] GC(1083) Eden regions: 60->0(71)
[2024-06-01T21:51:53.308-0300][gc,heap       ] GC(1083) Survivor regions: 5->6(9)
[2024-06-01T21:51:53.308-0300][gc,heap       ] GC(1083) Old regions: 664->664
[2024-06-01T21:51:53.308-0300][gc,heap       ] GC(1083) Humongous regions: 129->129
[2024-06-01T21:51:53.308-0300][gc,metaspace  ] GC(1083) Metaspace: 45755K(48924K)->45755K(48924K) NonClass: 40017K(41680K)->40017K(41680K) Class: 5738K(7244K)->5738K(7244K)
[2024-06-01T21:51:53.308-0300][gc            ] GC(1083) Pause Young (Normal) (G1 Evacuation Pause) 856M->797M(1024M) 7,755ms
[2024-06-01T21:51:53.308-0300][gc,cpu        ] GC(1083) User=0,03s Sys=0,00s Real=0,01s
[2024-06-01T21:52:38.520-0300][gc,start      ] GC(1084) Pause Young (Normal) (G1 Evacuation Pause)
[2024-06-01T21:52:38.520-0300][gc,task       ] GC(1084) Using 4 workers of 4 for evacuation
[2024-06-01T21:52:38.544-0300][gc,mmu        ] GC(1084) MMU target violated: 21,0ms (20,0ms/21,0ms)
[2024-06-01T21:52:38.544-0300][gc,phases     ] GC(1084)   Pre Evacuate Collection Set: 0,1ms
[2024-06-01T21:52:38.544-0300][gc,phases     ] GC(1084)   Evacuate Collection Set: 22,8ms
[2024-06-01T21:52:38.544-0300][gc,phases     ] GC(1084)   Post Evacuate Collection Set: 0,9ms
[2024-06-01T21:52:38.544-0300][gc,phases     ] GC(1084)   Other: 0,5ms
[2024-06-01T21:52:38.544-0300][gc,heap       ] GC(1084) Eden regions: 71->0(60)
[2024-06-01T21:52:38.544-0300][gc,heap       ] GC(1084) Survivor regions: 6->6(10)
[2024-06-01T21:52:38.544-0300][gc,heap       ] GC(1084) Old regions: 664->665
[2024-06-01T21:52:38.544-0300][gc,heap       ] GC(1084) Humongous regions: 129->129
[2024-06-01T21:52:38.544-0300][gc,metaspace  ] GC(1084) Metaspace: 45755K(48924K)->45755K(48924K) NonClass: 40017K(41680K)->40017K(41680K) Class: 5738K(7244K)->5738K(7244K)
[2024-06-01T21:52:38.544-0300][gc            ] GC(1084) Pause Young (Normal) (G1 Evacuation Pause) 868M->798M(1024M) 24,473ms
[2024-06-01T21:52:38.544-0300][gc,cpu        ] GC(1084) User=0,08s Sys=0,01s Real=0,02s
[2024-06-01T21:53:16.298-0300][gc,start      ] GC(1085) Pause Young (Concurrent Start) (G1 Evacuation Pause)
[2024-06-01T21:53:16.298-0300][gc,task       ] GC(1085) Using 4 workers of 4 for evacuation
[2024-06-01T21:53:16.307-0300][gc,phases     ] GC(1085)   Pre Evacuate Collection Set: 0,2ms
[2024-06-01T21:53:16.307-0300][gc,phases     ] GC(1085)   Evacuate Collection Set: 8,1ms
[2024-06-01T21:53:16.307-0300][gc,phases     ] GC(1085)   Post Evacuate Collection Set: 0,4ms
[2024-06-01T21:53:16.307-0300][gc,phases     ] GC(1085)   Other: 0,2ms
[2024-06-01T21:53:16.307-0300][gc,heap       ] GC(1085) Eden regions: 60->0(67)
[2024-06-01T21:53:16.307-0300][gc,heap       ] GC(1085) Survivor regions: 6->5(9)
[2024-06-01T21:53:16.307-0300][gc,heap       ] GC(1085) Old regions: 665->667
[2024-06-01T21:53:16.307-0300][gc,heap       ] GC(1085) Humongous regions: 129->129
[2024-06-01T21:53:16.307-0300][gc,metaspace  ] GC(1085) Metaspace: 45755K(48924K)->45755K(48924K) NonClass: 40017K(41680K)->40017K(41680K) Class: 5738K(7244K)->5738K(7244K)
[2024-06-01T21:53:16.307-0300][gc            ] GC(1085) Pause Young (Concurrent Start) (G1 Evacuation Pause) 858M->798M(1024M) 9,079ms
[2024-06-01T21:53:16.307-0300][gc,cpu        ] GC(1085) User=0,03s Sys=0,00s Real=0,01s
[2024-06-01T21:53:16.307-0300][gc            ] GC(1086) Concurrent Cycle
[2024-06-01T21:53:16.307-0300][gc,marking    ] GC(1086) Concurrent Clear Claimed Marks
[2024-06-01T21:53:16.308-0300][gc,marking    ] GC(1086) Concurrent Clear Claimed Marks 0,193ms
[2024-06-01T21:53:16.308-0300][gc,marking    ] GC(1086) Concurrent Scan Root Regions
[2024-06-01T21:53:16.313-0300][gc,marking    ] GC(1086) Concurrent Scan Root Regions 4,888ms
[2024-06-01T21:53:16.313-0300][gc,marking    ] GC(1086) Concurrent Mark (45466,597s)
[2024-06-01T21:53:16.313-0300][gc,marking    ] GC(1086) Concurrent Mark From Roots
[2024-06-01T21:53:16.313-0300][gc,task       ] GC(1086) Using 1 workers of 1 for marking
[2024-06-01T21:53:16.352-0300][gc,marking    ] GC(1086) Concurrent Mark From Roots 39,386ms
[2024-06-01T21:53:16.352-0300][gc,marking    ] GC(1086) Concurrent Preclean
[2024-06-01T21:53:16.352-0300][gc,marking    ] GC(1086) Concurrent Preclean 0,165ms
[2024-06-01T21:53:16.352-0300][gc,marking    ] GC(1086) Concurrent Mark (45466,597s, 45466,637s) 39,606ms
[2024-06-01T21:53:16.352-0300][gc,start      ] GC(1086) Pause Remark
[2024-06-01T21:53:16.357-0300][gc,stringtable] GC(1086) Cleaned string and symbol table, strings: 14894 processed, 2 removed, symbols: 99038 processed, 1 removed
[2024-06-01T21:53:16.358-0300][gc            ] GC(1086) Pause Remark 799M->342M(1024M) 5,361ms
[2024-06-01T21:53:16.358-0300][gc,cpu        ] GC(1086) User=0,01s Sys=0,00s Real=0,01s
[2024-06-01T21:53:16.358-0300][gc,marking    ] GC(1086) Concurrent Rebuild Remembered Sets
[2024-06-01T21:53:16.380-0300][gc,marking    ] GC(1086) Concurrent Rebuild Remembered Sets 21,855ms
[2024-06-01T21:53:16.380-0300][gc,start      ] GC(1086) Pause Cleanup
[2024-06-01T21:53:16.380-0300][gc            ] GC(1086) Pause Cleanup 342M->342M(1024M) 0,228ms
[2024-06-01T21:53:16.380-0300][gc,cpu        ] GC(1086) User=0,00s Sys=0,00s Real=0,00s
[2024-06-01T21:53:16.380-0300][gc,marking    ] GC(1086) Concurrent Cleanup for Next Mark
[2024-06-01T21:53:16.382-0300][gc,marking    ] GC(1086) Concurrent Cleanup for Next Mark 2,153ms
[2024-06-01T21:53:16.382-0300][gc            ] GC(1086) Concurrent Cycle 74,980ms
[2024-06-01T21:53:54.511-0300][gc,start      ] GC(1087) Pause Young (Prepare Mixed) (G1 Evacuation Pause)
[2024-06-01T21:53:54.511-0300][gc,task       ] GC(1087) Using 4 workers of 4 for evacuation
[2024-06-01T21:53:54.531-0300][gc,phases     ] GC(1087)   Pre Evacuate Collection Set: 0,1ms
[2024-06-01T21:53:54.531-0300][gc,phases     ] GC(1087)   Evacuate Collection Set: 18,6ms
[2024-06-01T21:53:54.531-0300][gc,phases     ] GC(1087)   Post Evacuate Collection Set: 1,1ms
[2024-06-01T21:53:54.531-0300][gc,phases     ] GC(1087)   Other: 0,5ms
[2024-06-01T21:53:54.531-0300][gc,heap       ] GC(1087) Eden regions: 60->0(45)
[2024-06-01T21:53:54.531-0300][gc,heap       ] GC(1087) Survivor regions: 5->6(9)
[2024-06-01T21:53:54.531-0300][gc,heap       ] GC(1087) Old regions: 210->210
[2024-06-01T21:53:54.531-0300][gc,heap       ] GC(1087) Humongous regions: 129->129
[2024-06-01T21:53:54.531-0300][gc,metaspace  ] GC(1087) Metaspace: 45755K(48924K)->45755K(48924K) NonClass: 40017K(41680K)->40017K(41680K) Class: 5738K(7244K)->5738K(7244K)
[2024-06-01T21:53:54.531-0300][gc            ] GC(1087) Pause Young (Prepare Mixed) (G1 Evacuation Pause) 401M->342M(1024M) 20,457ms
[2024-06-01T21:53:54.531-0300][gc,cpu        ] GC(1087) User=0,07s Sys=0,01s Real=0,02s
[2024-06-01T21:54:23.170-0300][gc,start      ] GC(1088) Pause Young (Mixed) (G1 Evacuation Pause)
[2024-06-01T21:54:23.170-0300][gc,task       ] GC(1088) Using 4 workers of 4 for evacuation
[2024-06-01T21:54:23.192-0300][gc,mmu        ] GC(1088) MMU target violated: 21,0ms (20,0ms/21,0ms)
[2024-06-01T21:54:23.192-0300][gc,phases     ] GC(1088)   Pre Evacuate Collection Set: 0,1ms
[2024-06-01T21:54:23.192-0300][gc,phases     ] GC(1088)   Evacuate Collection Set: 20,4ms
[2024-06-01T21:54:23.192-0300][gc,phases     ] GC(1088)   Post Evacuate Collection Set: 1,2ms
[2024-06-01T21:54:23.192-0300][gc,phases     ] GC(1088)   Other: 0,5ms
[2024-06-01T21:54:23.192-0300][gc,heap       ] GC(1088) Eden regions: 45->0(46)
[2024-06-01T21:54:23.192-0300][gc,heap       ] GC(1088) Survivor regions: 6->5(7)
[2024-06-01T21:54:23.192-0300][gc,heap       ] GC(1088) Old regions: 210->187
[2024-06-01T21:54:23.192-0300][gc,heap       ] GC(1088) Humongous regions: 129->129
[2024-06-01T21:54:23.192-0300][gc,metaspace  ] GC(1088) Metaspace: 45755K(48924K)->45755K(48924K) NonClass: 40017K(41680K)->40017K(41680K) Class: 5738K(7244K)->5738K(7244K)
[2024-06-01T21:54:23.192-0300][gc            ] GC(1088) Pause Young (Mixed) (G1 Evacuation Pause) 387M->318M(1024M) 22,323ms
[2024-06-01T21:54:23.193-0300][gc,cpu        ] GC(1088) User=0,08s Sys=0,00s Real=0,02s
[2024-06-01T21:54:52.522-0300][gc,start      ] GC(1089) Pause Young (Mixed) (G1 Evacuation Pause)
[2024-06-01T21:54:52.522-0300][gc,task       ] GC(1089) Using 4 workers of 4 for evacuation
[2024-06-01T21:54:52.542-0300][gc,mmu        ] GC(1089) MMU target violated: 20,3ms (20,0ms/21,0ms)
[2024-06-01T21:54:52.542-0300][gc,phases     ] GC(1089)   Pre Evacuate Collection Set: 0,1ms
[2024-06-01T21:54:52.542-0300][gc,phases     ] GC(1089)   Evacuate Collection Set: 18,9ms
[2024-06-01T21:54:52.542-0300][gc,phases     ] GC(1089)   Post Evacuate Collection Set: 1,1ms
[2024-06-01T21:54:52.542-0300][gc,phases     ] GC(1089)   Other: 0,5ms
[2024-06-01T21:54:52.542-0300][gc,heap       ] GC(1089) Eden regions: 46->0(46)
[2024-06-01T21:54:52.542-0300][gc,heap       ] GC(1089) Survivor regions: 5->5(7)
[2024-06-01T21:54:52.542-0300][gc,heap       ] GC(1089) Old regions: 187->163
[2024-06-01T21:54:52.542-0300][gc,heap       ] GC(1089) Humongous regions: 129->129
[2024-06-01T21:54:52.542-0300][gc,metaspace  ] GC(1089) Metaspace: 45755K(48924K)->45755K(48924K) NonClass: 40017K(41680K)->40017K(41680K) Class: 5738K(7244K)->5738K(7244K)
[2024-06-01T21:54:52.542-0300][gc            ] GC(1089) Pause Young (Mixed) (G1 Evacuation Pause) 364M->295M(1024M) 20,840ms
[2024-06-01T21:54:52.542-0300][gc,cpu        ] GC(1089) User=0,08s Sys=0,00s Real=0,02s
[2024-06-01T21:55:22.024-0300][gc,start      ] GC(1090) Pause Young (Mixed) (G1 Evacuation Pause)
[2024-06-01T21:55:22.025-0300][gc,task       ] GC(1090) Using 4 workers of 4 for evacuation
[2024-06-01T21:55:22.044-0300][gc,phases     ] GC(1090)   Pre Evacuate Collection Set: 0,1ms
[2024-06-01T21:55:22.044-0300][gc,phases     ] GC(1090)   Evacuate Collection Set: 18,3ms
[2024-06-01T21:55:22.044-0300][gc,phases     ] GC(1090)   Post Evacuate Collection Set: 1,0ms
[2024-06-01T21:55:22.044-0300][gc,phases     ] GC(1090)   Other: 0,4ms
[2024-06-01T21:55:22.044-0300][gc,heap       ] GC(1090) Eden regions: 46->0(46)
[2024-06-01T21:55:22.044-0300][gc,heap       ] GC(1090) Survivor regions: 5->5(7)
[2024-06-01T21:55:22.044-0300][gc,heap       ] GC(1090) Old regions: 163->139
[2024-06-01T21:55:22.045-0300][gc,heap       ] GC(1090) Humongous regions: 129->129
[2024-06-01T21:55:22.045-0300][gc,metaspace  ] GC(1090) Metaspace: 45755K(48924K)->45755K(48924K) NonClass: 40017K(41680K)->40017K(41680K) Class: 5738K(7244K)->5738K(7244K)
[2024-06-01T21:55:22.045-0300][gc            ] GC(1090) Pause Young (Mixed) (G1 Evacuation Pause) 341M->270M(1024M) 20,107ms
[2024-06-01T21:55:22.045-0300][gc,cpu        ] GC(1090) User=0,07s Sys=0,00s Real=0,02s
[2024-06-01T21:55:51.727-0300][gc,start      ] GC(1091) Pause Young (Mixed) (G1 Evacuation Pause)
[2024-06-01T21:55:51.727-0300][gc,task       ] GC(1091) Using 4 workers of 4 for evacuation
[2024-06-01T21:55:51.746-0300][gc,phases     ] GC(1091)   Pre Evacuate Collection Set: 0,1ms
[2024-06-01T21:55:51.746-0300][gc,phases     ] GC(1091)   Evacuate Collection Set: 17,7ms
[2024-06-01T21:55:51.747-0300][gc,phases     ] GC(1091)   Post Evacuate Collection Set: 1,0ms
[2024-06-01T21:55:51.747-0300][gc,phases     ] GC(1091)   Other: 0,5ms
[2024-06-01T21:55:51.747-0300][gc,heap       ] GC(1091) Eden regions: 46->0(47)
[2024-06-01T21:55:51.747-0300][gc,heap       ] GC(1091) Survivor regions: 5->4(7)
[2024-06-01T21:55:51.747-0300][gc,heap       ] GC(1091) Old regions: 139->116
[2024-06-01T21:55:51.747-0300][gc,heap       ] GC(1091) Humongous regions: 129->129
[2024-06-01T21:55:51.747-0300][gc,metaspace  ] GC(1091) Metaspace: 45755K(48924K)->45755K(48924K) NonClass: 40017K(41680K)->40017K(41680K) Class: 5738K(7244K)->5738K(7244K)
[2024-06-01T21:55:51.747-0300][gc            ] GC(1091) Pause Young (Mixed) (G1 Evacuation Pause) 316M->246M(1024M) 19,470ms
[2024-06-01T21:55:51.747-0300][gc,cpu        ] GC(1091) User=0,07s Sys=0,00s Real=0,02s
[2024-06-01T21:56:21.580-0300][gc,start      ] GC(1092) Pause Young (Mixed) (G1 Evacuation Pause)
[2024-06-01T21:56:21.580-0300][gc,task       ] GC(1092) Using 4 workers of 4 for evacuation
[2024-06-01T21:56:21.588-0300][gc,phases     ] GC(1092)   Pre Evacuate Collection Set: 0,0ms
[2024-06-01T21:56:21.588-0300][gc,phases     ] GC(1092)   Evacuate Collection Set: 6,7ms
[2024-06-01T21:56:21.588-0300][gc,phases     ] GC(1092)   Post Evacuate Collection Set: 0,4ms
[2024-06-01T21:56:21.588-0300][gc,phases     ] GC(1092)   Other: 0,2ms
[2024-06-01T21:56:21.588-0300][gc,heap       ] GC(1092) Eden regions: 47->0(47)
[2024-06-01T21:56:21.588-0300][gc,heap       ] GC(1092) Survivor regions: 4->4(7)
[2024-06-01T21:56:21.588-0300][gc,heap       ] GC(1092) Old regions: 116->92
[2024-06-01T21:56:21.588-0300][gc,heap       ] GC(1092) Humongous regions: 129->129
[2024-06-01T21:56:21.588-0300][gc,metaspace  ] GC(1092) Metaspace: 45755K(48924K)->45755K(48924K) NonClass: 40017K(41680K)->40017K(41680K) Class: 5738K(7244K)->5738K(7244K)
[2024-06-01T21:56:21.588-0300][gc            ] GC(1092) Pause Young (Mixed) (G1 Evacuation Pause) 293M->222M(1024M) 7,511ms
[2024-06-01T21:56:21.588-0300][gc,cpu        ] GC(1092) User=0,02s Sys=0,01s Real=0,01s
[2024-06-01T21:56:51.669-0300][gc,start      ] GC(1093) Pause Young (Mixed) (G1 Evacuation Pause)
[2024-06-01T21:56:51.669-0300][gc,task       ] GC(1093) Using 4 workers of 4 for evacuation
[2024-06-01T21:56:51.689-0300][gc,phases     ] GC(1093)   Pre Evacuate Collection Set: 0,1ms
[2024-06-01T21:56:51.689-0300][gc,phases     ] GC(1093)   Evacuate Collection Set: 18,3ms
[2024-06-01T21:56:51.689-0300][gc,phases     ] GC(1093)   Post Evacuate Collection Set: 1,1ms
[2024-06-01T21:56:51.689-0300][gc,phases     ] GC(1093)   Other: 0,6ms
[2024-06-01T21:56:51.689-0300][gc,heap       ] GC(1093) Eden regions: 47->0(63)
[2024-06-01T21:56:51.689-0300][gc,heap       ] GC(1093) Survivor regions: 4->5(7)
[2024-06-01T21:56:51.689-0300][gc,heap       ] GC(1093) Old regions: 92->80
[2024-06-01T21:56:51.689-0300][gc,heap       ] GC(1093) Humongous regions: 129->129
[2024-06-01T21:56:51.689-0300][gc,metaspace  ] GC(1093) Metaspace: 45755K(48924K)->45755K(48924K) NonClass: 40017K(41680K)->40017K(41680K) Class: 5738K(7244K)->5738K(7244K)
[2024-06-01T21:56:51.689-0300][gc            ] GC(1093) Pause Young (Mixed) (G1 Evacuation Pause) 269M->211M(1024M) 20,301ms
[2024-06-01T21:56:51.689-0300][gc,cpu        ] GC(1093) User=0,07s Sys=0,00s Real=0,02s
[2024-06-01T21:57:31.511-0300][gc,start      ] GC(1094) Pause Young (Normal) (G1 Evacuation Pause)
[2024-06-01T21:57:31.511-0300][gc,task       ] GC(1094) Using 4 workers of 4 for evacuation
[2024-06-01T21:57:31.529-0300][gc,phases     ] GC(1094)   Pre Evacuate Collection Set: 0,1ms
[2024-06-01T21:57:31.529-0300][gc,phases     ] GC(1094)   Evacuate Collection Set: 16,5ms
[2024-06-01T21:57:31.529-0300][gc,phases     ] GC(1094)   Post Evacuate Collection Set: 1,0ms
[2024-06-01T21:57:31.529-0300][gc,phases     ] GC(1094)   Other: 0,4ms
[2024-06-01T21:57:31.529-0300][gc,heap       ] GC(1094) Eden regions: 63->0(59)
[2024-06-01T21:57:31.529-0300][gc,heap       ] GC(1094) Survivor regions: 5->5(9)
[2024-06-01T21:57:31.529-0300][gc,heap       ] GC(1094) Old regions: 80->80
[2024-06-01T21:57:31.529-0300][gc,heap       ] GC(1094) Humongous regions: 129->129
[2024-06-01T21:57:31.529-0300][gc,metaspace  ] GC(1094) Metaspace: 45755K(48924K)->45755K(48924K) NonClass: 40017K(41680K)->40017K(41680K) Class: 5738K(7244K)->5738K(7244K)
[2024-06-01T21:57:31.529-0300][gc            ] GC(1094) Pause Young (Normal) (G1 Evacuation Pause) 274M->211M(1024M) 18,208ms
[2024-06-01T21:57:31.529-0300][gc,cpu        ] GC(1094) User=0,07s Sys=0,00s Real=0,02s
[2024-06-01T21:58:09.081-0300][gc,start      ] GC(1095) Pause Young (Normal) (G1 Evacuation Pause)
[2024-06-01T21:58:09.081-0300][gc,task       ] GC(1095) Using 4 workers of 4 for evacuation
[2024-06-01T21:58:09.089-0300][gc,phases     ] GC(1095)   Pre Evacuate Collection Set: 0,0ms
[2024-06-01T21:58:09.089-0300][gc,phases     ] GC(1095)   Evacuate Collection Set: 7,5ms
[2024-06-01T21:58:09.089-0300][gc,phases     ] GC(1095)   Post Evacuate Collection Set: 0,5ms
[2024-06-01T21:58:09.089-0300][gc,phases     ] GC(1095)   Other: 0,2ms
[2024-06-01T21:58:09.089-0300][gc,heap       ] GC(1095) Eden regions: 59->0(66)
[2024-06-01T21:58:09.089-0300][gc,heap       ] GC(1095) Survivor regions: 5->5(8)
[2024-06-01T21:58:09.089-0300][gc,heap       ] GC(1095) Old regions: 80->80
[2024-06-01T21:58:09.089-0300][gc,heap       ] GC(1095) Humongous regions: 129->129
[2024-06-01T21:58:09.089-0300][gc,metaspace  ] GC(1095) Metaspace: 45755K(48924K)->45755K(48924K) NonClass: 40017K(41680K)->40017K(41680K) Class: 5738K(7244K)->5738K(7244K)
[2024-06-01T21:58:09.089-0300][gc            ] GC(1095) Pause Young (Normal) (G1 Evacuation Pause) 270M->212M(1024M) 8,348ms
[2024-06-01T21:58:09.089-0300][gc,cpu        ] GC(1095) User=0,03s Sys=0,00s Real=0,01s
[2024-06-01T21:58:51.322-0300][gc,start      ] GC(1096) Pause Young (Normal) (G1 Evacuation Pause)
[2024-06-01T21:58:51.322-0300][gc,task       ] GC(1096) Using 4 workers of 4 for evacuation
[2024-06-01T21:58:51.344-0300][gc,mmu        ] GC(1096) MMU target violated: 21,0ms (20,0ms/21,0ms)
[2024-06-01T21:58:51.345-0300][gc,phases     ] GC(1096)   Pre Evacuate Collection Set: 0,1ms
[2024-06-01T21:58:51.345-0300][gc,phases     ] GC(1096)   Evacuate Collection Set: 20,7ms
[2024-06-01T21:58:51.345-0300][gc,phases     ] GC(1096)   Post Evacuate Collection Set: 1,0ms
[2024-06-01T21:58:51.345-0300][gc,phases     ] GC(1096)   Other: 0,5ms
[2024-06-01T21:58:51.345-0300][gc,heap       ] GC(1096) Eden regions: 66->0(65)
[2024-06-01T21:58:51.345-0300][gc,heap       ] GC(1096) Survivor regions: 5->6(9)
[2024-06-01T21:58:51.345-0300][gc,heap       ] GC(1096) Old regions: 80->81
[2024-06-01T21:58:51.345-0300][gc,heap       ] GC(1096) Humongous regions: 129->129
[2024-06-01T21:58:51.345-0300][gc,metaspace  ] GC(1096) Metaspace: 45755K(48924K)->45755K(48924K) NonClass: 40017K(41680K)->40017K(41680K) Class: 5738K(7244K)->5738K(7244K)
[2024-06-01T21:58:51.345-0300][gc            ] GC(1096) Pause Young (Normal) (G1 Evacuation Pause) 278M->214M(1024M) 22,338ms
[2024-06-01T21:58:51.345-0300][gc,cpu        ] GC(1096) User=0,08s Sys=0,00s Real=0,02s
[2024-06-01T21:59:24.813-0300][gc,start      ] GC(1097) Pause Young (Normal) (G1 Evacuation Pause)
[2024-06-01T21:59:24.813-0300][gc,task       ] GC(1097) Using 4 workers of 4 for evacuation
[2024-06-01T21:59:24.835-0300][gc,mmu        ] GC(1097) MMU target violated: 21,0ms (20,0ms/21,0ms)
[2024-06-01T21:59:24.835-0300][gc,phases     ] GC(1097)   Pre Evacuate Collection Set: 0,1ms
[2024-06-01T21:59:24.835-0300][gc,phases     ] GC(1097)   Evacuate Collection Set: 20,7ms
[2024-06-01T21:59:24.835-0300][gc,phases     ] GC(1097)   Post Evacuate Collection Set: 1,1ms
[2024-06-01T21:59:24.835-0300][gc,phases     ] GC(1097)   Other: 0,6ms
[2024-06-01T21:59:24.835-0300][gc,heap       ] GC(1097) Eden regions: 52->0(58)
[2024-06-01T21:59:24.835-0300][gc,heap       ] GC(1097) Survivor regions: 6->6(8)
[2024-06-01T21:59:24.835-0300][gc,heap       ] GC(1097) Old regions: 81->83
[2024-06-01T21:59:24.836-0300][gc,heap       ] GC(1097) Humongous regions: 129->129
[2024-06-01T21:59:24.836-0300][gc,metaspace  ] GC(1097) Metaspace: 45755K(48924K)->45755K(48924K) NonClass: 40017K(41680K)->40017K(41680K) Class: 5738K(7244K)->5738K(7244K)
[2024-06-01T21:59:24.836-0300][gc            ] GC(1097) Pause Young (Normal) (G1 Evacuation Pause) 266M->215M(1024M) 22,652ms
[2024-06-01T21:59:24.836-0300][gc,cpu        ] GC(1097) User=0,09s Sys=0,00s Real=0,03s
[2024-06-01T22:00:01.793-0300][gc,start      ] GC(1098) Pause Young (Normal) (G1 Evacuation Pause)
[2024-06-01T22:00:01.793-0300][gc,task       ] GC(1098) Using 4 workers of 4 for evacuation
[2024-06-01T22:00:01.801-0300][gc,phases     ] GC(1098)   Pre Evacuate Collection Set: 0,0ms
[2024-06-01T22:00:01.801-0300][gc,phases     ] GC(1098)   Evacuate Collection Set: 7,0ms
[2024-06-01T22:00:01.801-0300][gc,phases     ] GC(1098)   Post Evacuate Collection Set: 0,5ms
[2024-06-01T22:00:01.801-0300][gc,phases     ] GC(1098)   Other: 0,2ms
[2024-06-01T22:00:01.801-0300][gc,heap       ] GC(1098) Eden regions: 58->0(64)
[2024-06-01T22:00:01.801-0300][gc,heap       ] GC(1098) Survivor regions: 6->5(8)
[2024-06-01T22:00:01.801-0300][gc,heap       ] GC(1098) Old regions: 83->84
[2024-06-01T22:00:01.801-0300][gc,heap       ] GC(1098) Humongous regions: 129->129
[2024-06-01T22:00:01.801-0300][gc,metaspace  ] GC(1098) Metaspace: 45755K(48924K)->45755K(48924K) NonClass: 40017K(41680K)->40017K(41680K) Class: 5738K(7244K)->5738K(7244K)
[2024-06-01T22:00:01.801-0300][gc            ] GC(1098) Pause Young (Normal) (G1 Evacuation Pause) 273M->216M(1024M) 7,823ms
[2024-06-01T22:00:01.801-0300][gc,cpu        ] GC(1098) User=0,03s Sys=0,00s Real=0,01s
[2024-06-01T22:00:42.948-0300][gc,start      ] GC(1099) Pause Young (Normal) (G1 Evacuation Pause)
[2024-06-01T22:00:42.948-0300][gc,task       ] GC(1099) Using 4 workers of 4 for evacuation
[2024-06-01T22:00:42.970-0300][gc,mmu        ] GC(1099) MMU target violated: 21,0ms (20,0ms/21,0ms)
[2024-06-01T22:00:42.970-0300][gc,phases     ] GC(1099)   Pre Evacuate Collection Set: 0,1ms
[2024-06-01T22:00:42.970-0300][gc,phases     ] GC(1099)   Evacuate Collection Set: 20,2ms
[2024-06-01T22:00:42.970-0300][gc,phases     ] GC(1099)   Post Evacuate Collection Set: 1,1ms
[2024-06-01T22:00:42.970-0300][gc,phases     ] GC(1099)   Other: 0,5ms
[2024-06-01T22:00:42.970-0300][gc,heap       ] GC(1099) Eden regions: 64->0(63)
[2024-06-01T22:00:42.970-0300][gc,heap       ] GC(1099) Survivor regions: 5->6(9)
[2024-06-01T22:00:42.970-0300][gc,heap       ] GC(1099) Old regions: 84->86
[2024-06-01T22:00:42.970-0300][gc,heap       ] GC(1099) Humongous regions: 129->129
[2024-06-01T22:00:42.970-0300][gc,metaspace  ] GC(1099) Metaspace: 45755K(48924K)->45755K(48924K) NonClass: 40017K(41680K)->40017K(41680K) Class: 5738K(7244K)->5738K(7244K)
[2024-06-01T22:00:42.970-0300][gc            ] GC(1099) Pause Young (Normal) (G1 Evacuation Pause) 280M->218M(1024M) 22,092ms
[2024-06-01T22:00:42.970-0300][gc,cpu        ] GC(1099) User=0,08s Sys=0,00s Real=0,02s
[2024-06-01T22:01:23.201-0300][gc,start      ] GC(1100) Pause Young (Normal) (G1 Evacuation Pause)
[2024-06-01T22:01:23.201-0300][gc,task       ] GC(1100) Using 4 workers of 4 for evacuation
[2024-06-01T22:01:23.223-0300][gc,mmu        ] GC(1100) MMU target violated: 21,0ms (20,0ms/21,0ms)
[2024-06-01T22:01:23.223-0300][gc,phases     ] GC(1100)   Pre Evacuate Collection Set: 0,1ms
[2024-06-01T22:01:23.223-0300][gc,phases     ] GC(1100)   Evacuate Collection Set: 20,7ms
[2024-06-01T22:01:23.223-0300][gc,phases     ] GC(1100)   Post Evacuate Collection Set: 1,0ms
[2024-06-01T22:01:23.223-0300][gc,phases     ] GC(1100)   Other: 0,5ms
[2024-06-01T22:01:23.223-0300][gc,heap       ] GC(1100) Eden regions: 63->0(63)
[2024-06-01T22:01:23.223-0300][gc,heap       ] GC(1100) Survivor regions: 6->6(9)
[2024-06-01T22:01:23.223-0300][gc,heap       ] GC(1100) Old regions: 86->87
[2024-06-01T22:01:23.223-0300][gc,heap       ] GC(1100) Humongous regions: 129->129
[2024-06-01T22:01:23.223-0300][gc,metaspace  ] GC(1100) Metaspace: 45755K(48924K)->45755K(48924K) NonClass: 40017K(41680K)->40017K(41680K) Class: 5738K(7244K)->5738K(7244K)
[2024-06-01T22:01:23.223-0300][gc            ] GC(1100) Pause Young (Normal) (G1 Evacuation Pause) 281M->219M(1024M) 22,460ms
[2024-06-01T22:01:23.223-0300][gc,cpu        ] GC(1100) User=0,08s Sys=0,00s Real=0,02s
[2024-06-01T22:01:51.765-0300][gc,start      ] GC(1101) Pause Young (Normal) (G1 Evacuation Pause)
[2024-06-01T22:01:51.765-0300][gc,task       ] GC(1101) Using 4 workers of 4 for evacuation
[2024-06-01T22:01:51.784-0300][gc,phases     ] GC(1101)   Pre Evacuate Collection Set: 0,1ms
[2024-06-01T22:01:51.785-0300][gc,phases     ] GC(1101)   Evacuate Collection Set: 18,4ms
[2024-06-01T22:01:51.785-0300][gc,phases     ] GC(1101)   Post Evacuate Collection Set: 1,1ms
[2024-06-01T22:01:51.785-0300][gc,phases     ] GC(1101)   Other: 0,4ms
[2024-06-01T22:01:51.785-0300][gc,heap       ] GC(1101) Eden regions: 45->0(65)
[2024-06-01T22:01:51.785-0300][gc,heap       ] GC(1101) Survivor regions: 6->4(7)
[2024-06-01T22:01:51.785-0300][gc,heap       ] GC(1101) Old regions: 87->89
[2024-06-01T22:01:51.785-0300][gc,heap       ] GC(1101) Humongous regions: 129->129
[2024-06-01T22:01:51.785-0300][gc,metaspace  ] GC(1101) Metaspace: 45755K(48924K)->45755K(48924K) NonClass: 40017K(41680K)->40017K(41680K) Class: 5738K(7244K)->5738K(7244K)
[2024-06-01T22:01:51.785-0300][gc            ] GC(1101) Pause Young (Normal) (G1 Evacuation Pause) 264M->219M(1024M) 20,196ms
[2024-06-01T22:01:51.785-0300][gc,cpu        ] GC(1101) User=0,07s Sys=0,00s Real=0,02s
[2024-06-01T22:02:33.252-0300][gc,start      ] GC(1102) Pause Young (Normal) (G1 Evacuation Pause)
[2024-06-01T22:02:33.252-0300][gc,task       ] GC(1102) Using 4 workers of 4 for evacuation
[2024-06-01T22:02:33.270-0300][gc,phases     ] GC(1102)   Pre Evacuate Collection Set: 0,1ms
[2024-06-01T22:02:33.270-0300][gc,phases     ] GC(1102)   Evacuate Collection Set: 16,4ms
[2024-06-01T22:02:33.270-0300][gc,phases     ] GC(1102)   Post Evacuate Collection Set: 0,9ms
[2024-06-01T22:02:33.270-0300][gc,phases     ] GC(1102)   Other: 0,5ms
[2024-06-01T22:02:33.270-0300][gc,heap       ] GC(1102) Eden regions: 65->0(62)
[2024-06-01T22:02:33.270-0300][gc,heap       ] GC(1102) Survivor regions: 4->5(9)
[2024-06-01T22:02:33.270-0300][gc,heap       ] GC(1102) Old regions: 89->89
[2024-06-01T22:02:33.270-0300][gc,heap       ] GC(1102) Humongous regions: 129->129
[2024-06-01T22:02:33.270-0300][gc,metaspace  ] GC(1102) Metaspace: 45755K(48924K)->45755K(48924K) NonClass: 40017K(41680K)->40017K(41680K) Class: 5738K(7244K)->5738K(7244K)
[2024-06-01T22:02:33.270-0300][gc            ] GC(1102) Pause Young (Normal) (G1 Evacuation Pause) 284M->220M(1024M) 18,154ms
[2024-06-01T22:02:33.270-0300][gc,cpu        ] GC(1102) User=0,07s Sys=0,00s Real=0,02s
[2024-06-01T22:03:08.494-0300][gc,start      ] GC(1103) Pause Young (Normal) (G1 Evacuation Pause)
[2024-06-01T22:03:08.494-0300][gc,task       ] GC(1103) Using 4 workers of 4 for evacuation
[2024-06-01T22:03:08.501-0300][gc,phases     ] GC(1103)   Pre Evacuate Collection Set: 0,0ms
[2024-06-01T22:03:08.501-0300][gc,phases     ] GC(1103)   Evacuate Collection Set: 7,0ms
[2024-06-01T22:03:08.501-0300][gc,phases     ] GC(1103)   Post Evacuate Collection Set: 0,5ms
[2024-06-01T22:03:08.501-0300][gc,phases     ] GC(1103)   Other: 0,2ms
[2024-06-01T22:03:08.501-0300][gc,heap       ] GC(1103) Eden regions: 55->0(64)
[2024-06-01T22:03:08.501-0300][gc,heap       ] GC(1103) Survivor regions: 5->5(8)
[2024-06-01T22:03:08.501-0300][gc,heap       ] GC(1103) Old regions: 89->90
[2024-06-01T22:03:08.501-0300][gc,heap       ] GC(1103) Humongous regions: 129->129
[2024-06-01T22:03:08.501-0300][gc,metaspace  ] GC(1103) Metaspace: 45755K(48924K)->45755K(48924K) NonClass: 40017K(41680K)->40017K(41680K) Class: 5738K(7244K)->5738K(7244K)
[2024-06-01T22:03:08.501-0300][gc            ] GC(1103) Pause Young (Normal) (G1 Evacuation Pause) 275M->222M(1024M) 7,771ms
[2024-06-01T22:03:08.501-0300][gc,cpu        ] GC(1103) User=0,02s Sys=0,00s Real=0,01s
[2024-06-01T22:03:49.069-0300][gc,start      ] GC(1104) Pause Young (Normal) (G1 Evacuation Pause)
[2024-06-01T22:03:49.069-0300][gc,task       ] GC(1104) Using 4 workers of 4 for evacuation
[2024-06-01T22:03:49.089-0300][gc,phases     ] GC(1104)   Pre Evacuate Collection Set: 0,1ms
[2024-06-01T22:03:49.089-0300][gc,phases     ] GC(1104)   Evacuate Collection Set: 18,8ms
[2024-06-01T22:03:49.089-0300][gc,phases     ] GC(1104)   Post Evacuate Collection Set: 1,0ms
[2024-06-01T22:03:49.089-0300][gc,phases     ] GC(1104)   Other: 0,4ms
[2024-06-01T22:03:49.089-0300][gc,heap       ] GC(1104) Eden regions: 64->0(63)
[2024-06-01T22:03:49.089-0300][gc,heap       ] GC(1104) Survivor regions: 5->6(9)
[2024-06-01T22:03:49.089-0300][gc,heap       ] GC(1104) Old regions: 90->90
[2024-06-01T22:03:49.089-0300][gc,heap       ] GC(1104) Humongous regions: 129->129
[2024-06-01T22:03:49.089-0300][gc,metaspace  ] GC(1104) Metaspace: 45755K(48924K)->45755K(48924K) NonClass: 40017K(41680K)->40017K(41680K) Class: 5738K(7244K)->5738K(7244K)
[2024-06-01T22:03:49.089-0300][gc            ] GC(1104) Pause Young (Normal) (G1 Evacuation Pause) 286M->223M(1024M) 20,522ms
[2024-06-01T22:03:49.089-0300][gc,cpu        ] GC(1104) User=0,08s Sys=0,00s Real=0,02s
[2024-06-01T22:04:29.534-0300][gc,start      ] GC(1105) Pause Young (Normal) (G1 Evacuation Pause)
[2024-06-01T22:04:29.534-0300][gc,task       ] GC(1105) Using 4 workers of 4 for evacuation
[2024-06-01T22:04:29.544-0300][gc,phases     ] GC(1105)   Pre Evacuate Collection Set: 0,0ms
[2024-06-01T22:04:29.545-0300][gc,phases     ] GC(1105)   Evacuate Collection Set: 9,5ms
[2024-06-01T22:04:29.545-0300][gc,phases     ] GC(1105)   Post Evacuate Collection Set: 0,5ms
[2024-06-01T22:04:29.545-0300][gc,phases     ] GC(1105)   Other: 0,2ms
[2024-06-01T22:04:29.545-0300][gc,heap       ] GC(1105) Eden regions: 63->0(65)
[2024-06-01T22:04:29.545-0300][gc,heap       ] GC(1105) Survivor regions: 6->6(9)
[2024-06-01T22:04:29.545-0300][gc,heap       ] GC(1105) Old regions: 90->92
[2024-06-01T22:04:29.545-0300][gc,heap       ] GC(1105) Humongous regions: 129->129
[2024-06-01T22:04:29.545-0300][gc,metaspace  ] GC(1105) Metaspace: 45755K(48924K)->45755K(48924K) NonClass: 40017K(41680K)->40017K(41680K) Class: 5738K(7244K)->5738K(7244K)
[2024-06-01T22:04:29.545-0300][gc            ] GC(1105) Pause Young (Normal) (G1 Evacuation Pause) 286M->225M(1024M) 10,393ms
[2024-06-01T22:04:29.545-0300][gc,cpu        ] GC(1105) User=0,04s Sys=0,00s Real=0,01s
[2024-06-01T22:05:10.898-0300][gc,start      ] GC(1106) Pause Young (Normal) (G1 Evacuation Pause)
[2024-06-01T22:05:10.898-0300][gc,task       ] GC(1106) Using 4 workers of 4 for evacuation
[2024-06-01T22:05:10.920-0300][gc,mmu        ] GC(1106) MMU target violated: 21,0ms (20,0ms/21,0ms)
[2024-06-01T22:05:10.921-0300][gc,phases     ] GC(1106)   Pre Evacuate Collection Set: 0,1ms
[2024-06-01T22:05:10.921-0300][gc,phases     ] GC(1106)   Evacuate Collection Set: 20,6ms
[2024-06-01T22:05:10.921-0300][gc,phases     ] GC(1106)   Post Evacuate Collection Set: 1,0ms
[2024-06-01T22:05:10.921-0300][gc,phases     ] GC(1106)   Other: 0,5ms
[2024-06-01T22:05:10.921-0300][gc,heap       ] GC(1106) Eden regions: 65->0(64)
[2024-06-01T22:05:10.921-0300][gc,heap       ] GC(1106) Survivor regions: 6->6(9)
[2024-06-01T22:05:10.921-0300][gc,heap       ] GC(1106) Old regions: 92->93
[2024-06-01T22:05:10.921-0300][gc,heap       ] GC(1106) Humongous regions: 129->129
[2024-06-01T22:05:10.921-0300][gc,metaspace  ] GC(1106) Metaspace: 45755K(48924K)->45755K(48924K) NonClass: 40017K(41680K)->40017K(41680K) Class: 5738K(7244K)->5738K(7244K)
[2024-06-01T22:05:10.921-0300][gc            ] GC(1106) Pause Young (Normal) (G1 Evacuation Pause) 290M->226M(1024M) 22,365ms
[2024-06-01T22:05:10.921-0300][gc,cpu        ] GC(1106) User=0,08s Sys=0,01s Real=0,02s
[2024-06-01T22:05:45.999-0300][gc,start      ] GC(1107) Pause Young (Normal) (G1 Evacuation Pause)
[2024-06-01T22:05:45.999-0300][gc,task       ] GC(1107) Using 4 workers of 4 for evacuation
[2024-06-01T22:05:46.021-0300][gc,mmu        ] GC(1107) MMU target violated: 21,0ms (20,0ms/21,0ms)
[2024-06-01T22:05:46.021-0300][gc,phases     ] GC(1107)   Pre Evacuate Collection Set: 0,1ms
[2024-06-01T22:05:46.021-0300][gc,phases     ] GC(1107)   Evacuate Collection Set: 20,8ms
[2024-06-01T22:05:46.021-0300][gc,phases     ] GC(1107)   Post Evacuate Collection Set: 1,1ms
[2024-06-01T22:05:46.021-0300][gc,phases     ] GC(1107)   Other: 0,5ms
[2024-06-01T22:05:46.021-0300][gc,heap       ] GC(1107) Eden regions: 56->0(62)
[2024-06-01T22:05:46.021-0300][gc,heap       ] GC(1107) Survivor regions: 6->6(8)
[2024-06-01T22:05:46.021-0300][gc,heap       ] GC(1107) Old regions: 93->95
[2024-06-01T22:05:46.021-0300][gc,heap       ] GC(1107) Humongous regions: 129->129
[2024-06-01T22:05:46.021-0300][gc,metaspace  ] GC(1107) Metaspace: 45755K(48924K)->45755K(48924K) NonClass: 40017K(41680K)->40017K(41680K) Class: 5738K(7244K)->5738K(7244K)
[2024-06-01T22:05:46.022-0300][gc            ] GC(1107) Pause Young (Normal) (G1 Evacuation Pause) 282M->227M(1024M) 22,677ms
[2024-06-01T22:05:46.022-0300][gc,cpu        ] GC(1107) User=0,08s Sys=0,00s Real=0,02s
[2024-06-01T22:06:25.317-0300][gc,start      ] GC(1108) Pause Young (Normal) (G1 Evacuation Pause)
[2024-06-01T22:06:25.317-0300][gc,task       ] GC(1108) Using 4 workers of 4 for evacuation
[2024-06-01T22:06:25.338-0300][gc,mmu        ] GC(1108) MMU target violated: 20,5ms (20,0ms/21,0ms)
[2024-06-01T22:06:25.338-0300][gc,phases     ] GC(1108)   Pre Evacuate Collection Set: 0,1ms
[2024-06-01T22:06:25.338-0300][gc,phases     ] GC(1108)   Evacuate Collection Set: 19,2ms
[2024-06-01T22:06:25.338-0300][gc,phases     ] GC(1108)   Post Evacuate Collection Set: 1,1ms
[2024-06-01T22:06:25.338-0300][gc,phases     ] GC(1108)   Other: 0,5ms
[2024-06-01T22:06:25.338-0300][gc,heap       ] GC(1108) Eden regions: 62->0(59)
[2024-06-01T22:06:25.338-0300][gc,heap       ] GC(1108) Survivor regions: 6->5(9)
[2024-06-01T22:06:25.338-0300][gc,heap       ] GC(1108) Old regions: 95->96
[2024-06-01T22:06:25.338-0300][gc,heap       ] GC(1108) Humongous regions: 129->129
[2024-06-01T22:06:25.338-0300][gc,metaspace  ] GC(1108) Metaspace: 45755K(48924K)->45755K(48924K) NonClass: 40017K(41680K)->40017K(41680K) Class: 5738K(7244K)->5738K(7244K)
[2024-06-01T22:06:25.338-0300][gc            ] GC(1108) Pause Young (Normal) (G1 Evacuation Pause) 289M->227M(1024M) 21,051ms
[2024-06-01T22:06:25.338-0300][gc,cpu        ] GC(1108) User=0,08s Sys=0,00s Real=0,02s
[2024-06-01T22:07:02.938-0300][gc,start      ] GC(1109) Pause Young (Normal) (G1 Evacuation Pause)
[2024-06-01T22:07:02.938-0300][gc,task       ] GC(1109) Using 4 workers of 4 for evacuation
[2024-06-01T22:07:02.959-0300][gc,mmu        ] GC(1109) MMU target violated: 20,5ms (20,0ms/21,0ms)
[2024-06-01T22:07:02.959-0300][gc,phases     ] GC(1109)   Pre Evacuate Collection Set: 0,1ms
[2024-06-01T22:07:02.959-0300][gc,phases     ] GC(1109)   Evacuate Collection Set: 19,3ms
[2024-06-01T22:07:02.959-0300][gc,phases     ] GC(1109)   Post Evacuate Collection Set: 1,0ms
[2024-06-01T22:07:02.959-0300][gc,phases     ] GC(1109)   Other: 0,5ms
[2024-06-01T22:07:02.959-0300][gc,heap       ] GC(1109) Eden regions: 59->0(57)
[2024-06-01T22:07:02.959-0300][gc,heap       ] GC(1109) Survivor regions: 5->5(8)
[2024-06-01T22:07:02.959-0300][gc,heap       ] GC(1109) Old regions: 96->97
[2024-06-01T22:07:02.959-0300][gc,heap       ] GC(1109) Humongous regions: 129->129
[2024-06-01T22:07:02.959-0300][gc,metaspace  ] GC(1109) Metaspace: 45755K(48924K)->45755K(48924K) NonClass: 40017K(41680K)->40017K(41680K) Class: 5738K(7244K)->5738K(7244K)
[2024-06-01T22:07:02.959-0300][gc            ] GC(1109) Pause Young (Normal) (G1 Evacuation Pause) 286M->229M(1024M) 21,078ms
[2024-06-01T22:07:02.959-0300][gc,cpu        ] GC(1109) User=0,07s Sys=0,00s Real=0,02s
[2024-06-01T22:07:32.101-0300][gc,start      ] GC(1110) Pause Young (Normal) (G1 Evacuation Pause)
[2024-06-01T22:07:32.101-0300][gc,task       ] GC(1110) Using 4 workers of 4 for evacuation
[2024-06-01T22:07:32.121-0300][gc,phases     ] GC(1110)   Pre Evacuate Collection Set: 0,1ms
[2024-06-01T22:07:32.121-0300][gc,phases     ] GC(1110)   Evacuate Collection Set: 18,4ms
[2024-06-01T22:07:32.121-0300][gc,phases     ] GC(1110)   Post Evacuate Collection Set: 1,0ms
[2024-06-01T22:07:32.121-0300][gc,phases     ] GC(1110)   Other: 0,4ms
[2024-06-01T22:07:32.121-0300][gc,heap       ] GC(1110) Eden regions: 46->0(47)
[2024-06-01T22:07:32.121-0300][gc,heap       ] GC(1110) Survivor regions: 5->5(7)
[2024-06-01T22:07:32.121-0300][gc,heap       ] GC(1110) Old regions: 97->98
[2024-06-01T22:07:32.121-0300][gc,heap       ] GC(1110) Humongous regions: 129->129
[2024-06-01T22:07:32.121-0300][gc,metaspace  ] GC(1110) Metaspace: 45755K(48924K)->45755K(48924K) NonClass: 40017K(41680K)->40017K(41680K) Class: 5738K(7244K)->5738K(7244K)
[2024-06-01T22:07:32.121-0300][gc            ] GC(1110) Pause Young (Normal) (G1 Evacuation Pause) 275M->230M(1024M) 20,090ms
[2024-06-01T22:07:32.121-0300][gc,cpu        ] GC(1110) User=0,07s Sys=0,00s Real=0,02s
[2024-06-01T22:08:02.276-0300][gc,start      ] GC(1111) Pause Young (Normal) (G1 Evacuation Pause)
[2024-06-01T22:08:02.276-0300][gc,task       ] GC(1111) Using 4 workers of 4 for evacuation
[2024-06-01T22:08:02.283-0300][gc,phases     ] GC(1111)   Pre Evacuate Collection Set: 0,0ms
[2024-06-01T22:08:02.283-0300][gc,phases     ] GC(1111)   Evacuate Collection Set: 6,6ms
[2024-06-01T22:08:02.283-0300][gc,phases     ] GC(1111)   Post Evacuate Collection Set: 0,5ms
[2024-06-01T22:08:02.284-0300][gc,phases     ] GC(1111)   Other: 0,2ms
[2024-06-01T22:08:02.284-0300][gc,heap       ] GC(1111) Eden regions: 47->0(52)
[2024-06-01T22:08:02.284-0300][gc,heap       ] GC(1111) Survivor regions: 5->5(7)
[2024-06-01T22:08:02.284-0300][gc,heap       ] GC(1111) Old regions: 98->99
[2024-06-01T22:08:02.284-0300][gc,heap       ] GC(1111) Humongous regions: 129->129
[2024-06-01T22:08:02.284-0300][gc,metaspace  ] GC(1111) Metaspace: 45755K(48924K)->45755K(48924K) NonClass: 40017K(41680K)->40017K(41680K) Class: 5738K(7244K)->5738K(7244K)
[2024-06-01T22:08:02.284-0300][gc            ] GC(1111) Pause Young (Normal) (G1 Evacuation Pause) 277M->231M(1024M) 7,382ms
[2024-06-01T22:08:02.284-0300][gc,cpu        ] GC(1111) User=0,03s Sys=0,00s Real=0,00s
[2024-06-01T22:08:35.432-0300][gc,start      ] GC(1112) Pause Young (Normal) (G1 Evacuation Pause)
[2024-06-01T22:08:35.432-0300][gc,task       ] GC(1112) Using 4 workers of 4 for evacuation
[2024-06-01T22:08:35.452-0300][gc,phases     ] GC(1112)   Pre Evacuate Collection Set: 0,1ms
[2024-06-01T22:08:35.452-0300][gc,phases     ] GC(1112)   Evacuate Collection Set: 18,4ms
[2024-06-01T22:08:35.452-0300][gc,phases     ] GC(1112)   Post Evacuate Collection Set: 1,1ms
[2024-06-01T22:08:35.452-0300][gc,phases     ] GC(1112)   Other: 0,4ms
[2024-06-01T22:08:35.452-0300][gc,heap       ] GC(1112) Eden regions: 52->0(52)
[2024-06-01T22:08:35.452-0300][gc,heap       ] GC(1112) Survivor regions: 5->5(8)
[2024-06-01T22:08:35.452-0300][gc,heap       ] GC(1112) Old regions: 99->101
[2024-06-01T22:08:35.452-0300][gc,heap       ] GC(1112) Humongous regions: 129->129
[2024-06-01T22:08:35.452-0300][gc,metaspace  ] GC(1112) Metaspace: 45755K(48924K)->45755K(48924K) NonClass: 40017K(41680K)->40017K(41680K) Class: 5738K(7244K)->5738K(7244K)
[2024-06-01T22:08:35.452-0300][gc            ] GC(1112) Pause Young (Normal) (G1 Evacuation Pause) 283M->232M(1024M) 20,330ms
[2024-06-01T22:08:35.452-0300][gc,cpu        ] GC(1112) User=0,08s Sys=0,00s Real=0,02s
[2024-06-01T22:09:07.496-0300][gc,start      ] GC(1113) Pause Young (Normal) (G1 Evacuation Pause)
[2024-06-01T22:09:07.496-0300][gc,task       ] GC(1113) Using 4 workers of 4 for evacuation
[2024-06-01T22:09:07.517-0300][gc,mmu        ] GC(1113) MMU target violated: 20,3ms (20,0ms/21,0ms)
[2024-06-01T22:09:07.517-0300][gc,phases     ] GC(1113)   Pre Evacuate Collection Set: 0,1ms
[2024-06-01T22:09:07.517-0300][gc,phases     ] GC(1113)   Evacuate Collection Set: 19,0ms
[2024-06-01T22:09:07.517-0300][gc,phases     ] GC(1113)   Post Evacuate Collection Set: 1,1ms
[2024-06-01T22:09:07.517-0300][gc,phases     ] GC(1113)   Other: 0,5ms
[2024-06-01T22:09:07.517-0300][gc,heap       ] GC(1113) Eden regions: 51->0(53)
[2024-06-01T22:09:07.517-0300][gc,heap       ] GC(1113) Survivor regions: 5->5(7)
[2024-06-01T22:09:07.517-0300][gc,heap       ] GC(1113) Old regions: 101->102
[2024-06-01T22:09:07.517-0300][gc,heap       ] GC(1113) Humongous regions: 129->129
[2024-06-01T22:09:07.517-0300][gc,metaspace  ] GC(1113) Metaspace: 45755K(48924K)->45755K(48924K) NonClass: 40017K(41680K)->40017K(41680K) Class: 5738K(7244K)->5738K(7244K)
[2024-06-01T22:09:07.517-0300][gc            ] GC(1113) Pause Young (Normal) (G1 Evacuation Pause) 283M->233M(1024M) 20,813ms
[2024-06-01T22:09:07.517-0300][gc,cpu        ] GC(1113) User=0,08s Sys=0,00s Real=0,02s
[2024-06-01T22:09:41.104-0300][gc,start      ] GC(1114) Pause Young (Normal) (G1 Evacuation Pause)
[2024-06-01T22:09:41.104-0300][gc,task       ] GC(1114) Using 4 workers of 4 for evacuation
[2024-06-01T22:09:41.123-0300][gc,phases     ] GC(1114)   Pre Evacuate Collection Set: 0,1ms
[2024-06-01T22:09:41.123-0300][gc,phases     ] GC(1114)   Evacuate Collection Set: 17,6ms
[2024-06-01T22:09:41.123-0300][gc,phases     ] GC(1114)   Post Evacuate Collection Set: 1,1ms
[2024-06-01T22:09:41.123-0300][gc,phases     ] GC(1114)   Other: 0,4ms
[2024-06-01T22:09:41.123-0300][gc,heap       ] GC(1114) Eden regions: 53->0(54)
[2024-06-01T22:09:41.123-0300][gc,heap       ] GC(1114) Survivor regions: 5->6(8)
[2024-06-01T22:09:41.123-0300][gc,heap       ] GC(1114) Old regions: 102->102
[2024-06-01T22:09:41.123-0300][gc,heap       ] GC(1114) Humongous regions: 129->129
[2024-06-01T22:09:41.123-0300][gc,metaspace  ] GC(1114) Metaspace: 45755K(48924K)->45755K(48924K) NonClass: 40017K(41680K)->40017K(41680K) Class: 5738K(7244K)->5738K(7244K)
[2024-06-01T22:09:41.123-0300][gc            ] GC(1114) Pause Young (Normal) (G1 Evacuation Pause) 286M->234M(1024M) 19,529ms
[2024-06-01T22:09:41.123-0300][gc,cpu        ] GC(1114) User=0,07s Sys=0,00s Real=0,02s
[2024-06-01T22:10:09.695-0300][gc,start      ] GC(1115) Pause Young (Normal) (G1 Evacuation Pause)
[2024-06-01T22:10:09.695-0300][gc,task       ] GC(1115) Using 4 workers of 4 for evacuation
[2024-06-01T22:10:09.714-0300][gc,phases     ] GC(1115)   Pre Evacuate Collection Set: 0,1ms
[2024-06-01T22:10:09.714-0300][gc,phases     ] GC(1115)   Evacuate Collection Set: 17,8ms
[2024-06-01T22:10:09.714-0300][gc,phases     ] GC(1115)   Post Evacuate Collection Set: 0,9ms
[2024-06-01T22:10:09.714-0300][gc,phases     ] GC(1115)   Other: 0,4ms
[2024-06-01T22:10:09.714-0300][gc,heap       ] GC(1115) Eden regions: 45->0(53)
[2024-06-01T22:10:09.714-0300][gc,heap       ] GC(1115) Survivor regions: 6->4(7)
[2024-06-01T22:10:09.714-0300][gc,heap       ] GC(1115) Old regions: 102->104
[2024-06-01T22:10:09.714-0300][gc,heap       ] GC(1115) Humongous regions: 129->129
[2024-06-01T22:10:09.714-0300][gc,metaspace  ] GC(1115) Metaspace: 45755K(48924K)->45755K(48924K) NonClass: 40017K(41680K)->40017K(41680K) Class: 5738K(7244K)->5738K(7244K)
[2024-06-01T22:10:09.714-0300][gc            ] GC(1115) Pause Young (Normal) (G1 Evacuation Pause) 279M->234M(1024M) 19,342ms
[2024-06-01T22:10:09.714-0300][gc,cpu        ] GC(1115) User=0,07s Sys=0,00s Real=0,02s
[2024-06-01T22:10:43.808-0300][gc,start      ] GC(1116) Pause Young (Normal) (G1 Evacuation Pause)
[2024-06-01T22:10:43.809-0300][gc,task       ] GC(1116) Using 4 workers of 4 for evacuation
[2024-06-01T22:10:43.829-0300][gc,phases     ] GC(1116)   Pre Evacuate Collection Set: 0,1ms
[2024-06-01T22:10:43.829-0300][gc,phases     ] GC(1116)   Evacuate Collection Set: 18,6ms
[2024-06-01T22:10:43.829-0300][gc,phases     ] GC(1116)   Post Evacuate Collection Set: 1,1ms
[2024-06-01T22:10:43.829-0300][gc,phases     ] GC(1116)   Other: 0,4ms
[2024-06-01T22:10:43.829-0300][gc,heap       ] GC(1116) Eden regions: 53->0(50)
[2024-06-01T22:10:43.829-0300][gc,heap       ] GC(1116) Survivor regions: 4->5(8)
[2024-06-01T22:10:43.829-0300][gc,heap       ] GC(1116) Old regions: 104->104
[2024-06-01T22:10:43.829-0300][gc,heap       ] GC(1116) Humongous regions: 129->129
[2024-06-01T22:10:43.829-0300][gc,metaspace  ] GC(1116) Metaspace: 45755K(48924K)->45755K(48924K) NonClass: 40017K(41680K)->40017K(41680K) Class: 5738K(7244K)->5738K(7244K)
[2024-06-01T22:10:43.829-0300][gc            ] GC(1116) Pause Young (Normal) (G1 Evacuation Pause) 287M->235M(1024M) 20,389ms
[2024-06-01T22:10:43.829-0300][gc,cpu        ] GC(1116) User=0,07s Sys=0,00s Real=0,02s
[2024-06-01T22:11:15.654-0300][gc,start      ] GC(1117) Pause Young (Normal) (G1 Evacuation Pause)
[2024-06-01T22:11:15.654-0300][gc,task       ] GC(1117) Using 4 workers of 4 for evacuation
[2024-06-01T22:11:15.674-0300][gc,mmu        ] GC(1117) MMU target violated: 20,1ms (20,0ms/21,0ms)
[2024-06-01T22:11:15.674-0300][gc,phases     ] GC(1117)   Pre Evacuate Collection Set: 0,1ms
[2024-06-01T22:11:15.674-0300][gc,phases     ] GC(1117)   Evacuate Collection Set: 19,0ms
[2024-06-01T22:11:15.674-0300][gc,phases     ] GC(1117)   Post Evacuate Collection Set: 0,9ms
[2024-06-01T22:11:15.674-0300][gc,phases     ] GC(1117)   Other: 0,5ms
[2024-06-01T22:11:15.674-0300][gc,heap       ] GC(1117) Eden regions: 50->0(51)
[2024-06-01T22:11:15.674-0300][gc,heap       ] GC(1117) Survivor regions: 5->5(7)
[2024-06-01T22:11:15.674-0300][gc,heap       ] GC(1117) Old regions: 104->105
[2024-06-01T22:11:15.674-0300][gc,heap       ] GC(1117) Humongous regions: 129->129
[2024-06-01T22:11:15.674-0300][gc,metaspace  ] GC(1117) Metaspace: 45755K(48924K)->45755K(48924K) NonClass: 40017K(41680K)->40017K(41680K) Class: 5738K(7244K)->5738K(7244K)
[2024-06-01T22:11:15.674-0300][gc            ] GC(1117) Pause Young (Normal) (G1 Evacuation Pause) 285M->237M(1024M) 20,649ms
[2024-06-01T22:11:15.674-0300][gc,cpu        ] GC(1117) User=0,08s Sys=0,00s Real=0,02s
[2024-06-01T22:11:48.466-0300][gc,start      ] GC(1118) Pause Young (Normal) (G1 Evacuation Pause)
[2024-06-01T22:11:48.466-0300][gc,task       ] GC(1118) Using 4 workers of 4 for evacuation
[2024-06-01T22:11:48.485-0300][gc,phases     ] GC(1118)   Pre Evacuate Collection Set: 0,1ms
[2024-06-01T22:11:48.485-0300][gc,phases     ] GC(1118)   Evacuate Collection Set: 17,8ms
[2024-06-01T22:11:48.485-0300][gc,phases     ] GC(1118)   Post Evacuate Collection Set: 1,1ms
[2024-06-01T22:11:48.486-0300][gc,phases     ] GC(1118)   Other: 0,4ms
[2024-06-01T22:11:48.486-0300][gc,heap       ] GC(1118) Eden regions: 51->0(53)
[2024-06-01T22:11:48.486-0300][gc,heap       ] GC(1118) Survivor regions: 5->5(7)
[2024-06-01T22:11:48.486-0300][gc,heap       ] GC(1118) Old regions: 105->106
[2024-06-01T22:11:48.486-0300][gc,heap       ] GC(1118) Humongous regions: 129->129
[2024-06-01T22:11:48.486-0300][gc,metaspace  ] GC(1118) Metaspace: 45755K(48924K)->45755K(48924K) NonClass: 40017K(41680K)->40017K(41680K) Class: 5738K(7244K)->5738K(7244K)
[2024-06-01T22:11:48.486-0300][gc            ] GC(1118) Pause Young (Normal) (G1 Evacuation Pause) 288M->237M(1024M) 19,584ms
[2024-06-01T22:11:48.486-0300][gc,cpu        ] GC(1118) User=0,08s Sys=0,00s Real=0,02s
[2024-06-01T22:12:22.255-0300][gc,start      ] GC(1119) Pause Young (Normal) (G1 Evacuation Pause)
[2024-06-01T22:12:22.255-0300][gc,task       ] GC(1119) Using 4 workers of 4 for evacuation
[2024-06-01T22:12:22.277-0300][gc,mmu        ] GC(1119) MMU target violated: 21,0ms (20,0ms/21,0ms)
[2024-06-01T22:12:22.277-0300][gc,phases     ] GC(1119)   Pre Evacuate Collection Set: 0,1ms
[2024-06-01T22:12:22.277-0300][gc,phases     ] GC(1119)   Evacuate Collection Set: 20,1ms
[2024-06-01T22:12:22.277-0300][gc,phases     ] GC(1119)   Post Evacuate Collection Set: 1,1ms
[2024-06-01T22:12:22.277-0300][gc,phases     ] GC(1119)   Other: 0,6ms
[2024-06-01T22:12:22.277-0300][gc,heap       ] GC(1119) Eden regions: 53->0(52)
[2024-06-01T22:12:22.277-0300][gc,heap       ] GC(1119) Survivor regions: 5->6(8)
[2024-06-01T22:12:22.277-0300][gc,heap       ] GC(1119) Old regions: 106->106
[2024-06-01T22:12:22.277-0300][gc,heap       ] GC(1119) Humongous regions: 129->129
[2024-06-01T22:12:22.277-0300][gc,metaspace  ] GC(1119) Metaspace: 45755K(48924K)->45755K(48924K) NonClass: 40017K(41680K)->40017K(41680K) Class: 5738K(7244K)->5738K(7244K)
[2024-06-01T22:12:22.277-0300][gc            ] GC(1119) Pause Young (Normal) (G1 Evacuation Pause) 290M->239M(1024M) 22,031ms
[2024-06-01T22:12:22.277-0300][gc,cpu        ] GC(1119) User=0,07s Sys=0,00s Real=0,03s
[2024-06-01T22:12:55.144-0300][gc,start      ] GC(1120) Pause Young (Normal) (G1 Evacuation Pause)
[2024-06-01T22:12:55.144-0300][gc,task       ] GC(1120) Using 4 workers of 4 for evacuation
[2024-06-01T22:12:55.167-0300][gc,mmu        ] GC(1120) MMU target violated: 21,0ms (20,0ms/21,0ms)
[2024-06-01T22:12:55.167-0300][gc,phases     ] GC(1120)   Pre Evacuate Collection Set: 0,1ms
[2024-06-01T22:12:55.167-0300][gc,phases     ] GC(1120)   Evacuate Collection Set: 20,8ms
[2024-06-01T22:12:55.167-0300][gc,phases     ] GC(1120)   Post Evacuate Collection Set: 1,1ms
[2024-06-01T22:12:55.167-0300][gc,phases     ] GC(1120)   Other: 0,5ms
[2024-06-01T22:12:55.167-0300][gc,heap       ] GC(1120) Eden regions: 52->0(50)
[2024-06-01T22:12:55.167-0300][gc,heap       ] GC(1120) Survivor regions: 6->5(8)
[2024-06-01T22:12:55.167-0300][gc,heap       ] GC(1120) Old regions: 106->108
[2024-06-01T22:12:55.167-0300][gc,heap       ] GC(1120) Humongous regions: 129->129
[2024-06-01T22:12:55.167-0300][gc,metaspace  ] GC(1120) Metaspace: 45755K(48924K)->45755K(48924K) NonClass: 40017K(41680K)->40017K(41680K) Class: 5738K(7244K)->5738K(7244K)
[2024-06-01T22:12:55.167-0300][gc            ] GC(1120) Pause Young (Normal) (G1 Evacuation Pause) 291M->240M(1024M) 22,594ms
[2024-06-01T22:12:55.167-0300][gc,cpu        ] GC(1120) User=0,08s Sys=0,00s Real=0,02s
[2024-06-01T22:13:26.541-0300][gc,start      ] GC(1121) Pause Young (Normal) (G1 Evacuation Pause)
[2024-06-01T22:13:26.541-0300][gc,task       ] GC(1121) Using 4 workers of 4 for evacuation
[2024-06-01T22:13:26.561-0300][gc,phases     ] GC(1121)   Pre Evacuate Collection Set: 0,1ms
[2024-06-01T22:13:26.561-0300][gc,phases     ] GC(1121)   Evacuate Collection Set: 18,8ms
[2024-06-01T22:13:26.561-0300][gc,phases     ] GC(1121)   Post Evacuate Collection Set: 0,7ms
[2024-06-01T22:13:26.561-0300][gc,phases     ] GC(1121)   Other: 0,4ms
[2024-06-01T22:13:26.561-0300][gc,heap       ] GC(1121) Eden regions: 50->0(51)
[2024-06-01T22:13:26.561-0300][gc,heap       ] GC(1121) Survivor regions: 5->5(7)
[2024-06-01T22:13:26.561-0300][gc,heap       ] GC(1121) Old regions: 108->110
[2024-06-01T22:13:26.561-0300][gc,heap       ] GC(1121) Humongous regions: 129->129
[2024-06-01T22:13:26.561-0300][gc,metaspace  ] GC(1121) Metaspace: 45755K(48924K)->45755K(48924K) NonClass: 40017K(41680K)->40017K(41680K) Class: 5738K(7244K)->5738K(7244K)
[2024-06-01T22:13:26.561-0300][gc            ] GC(1121) Pause Young (Normal) (G1 Evacuation Pause) 290M->241M(1024M) 20,201ms
[2024-06-01T22:13:26.561-0300][gc,cpu        ] GC(1121) User=0,06s Sys=0,00s Real=0,02s
[2024-06-01T22:13:59.063-0300][gc,start      ] GC(1122) Pause Young (Normal) (G1 Evacuation Pause)
[2024-06-01T22:13:59.063-0300][gc,task       ] GC(1122) Using 4 workers of 4 for evacuation
[2024-06-01T22:13:59.082-0300][gc,phases     ] GC(1122)   Pre Evacuate Collection Set: 0,1ms
[2024-06-01T22:13:59.082-0300][gc,phases     ] GC(1122)   Evacuate Collection Set: 18,1ms
[2024-06-01T22:13:59.082-0300][gc,phases     ] GC(1122)   Post Evacuate Collection Set: 1,1ms
[2024-06-01T22:13:59.082-0300][gc,phases     ] GC(1122)   Other: 0,4ms
[2024-06-01T22:13:59.082-0300][gc,heap       ] GC(1122) Eden regions: 51->0(52)
[2024-06-01T22:13:59.082-0300][gc,heap       ] GC(1122) Survivor regions: 5->5(7)
[2024-06-01T22:13:59.082-0300][gc,heap       ] GC(1122) Old regions: 110->111
[2024-06-01T22:13:59.082-0300][gc,heap       ] GC(1122) Humongous regions: 129->129
[2024-06-01T22:13:59.082-0300][gc,metaspace  ] GC(1122) Metaspace: 45755K(48924K)->45755K(48924K) NonClass: 40017K(41680K)->40017K(41680K) Class: 5738K(7244K)->5738K(7244K)
[2024-06-01T22:13:59.083-0300][gc            ] GC(1122) Pause Young (Normal) (G1 Evacuation Pause) 292M->242M(1024M) 19,957ms
[2024-06-01T22:13:59.083-0300][gc,cpu        ] GC(1122) User=0,08s Sys=0,00s Real=0,02s
[2024-06-01T22:14:38.568-0300][gc,start      ] GC(1123) Pause Young (Normal) (G1 Evacuation Pause)
[2024-06-01T22:14:38.568-0300][gc,task       ] GC(1123) Using 4 workers of 4 for evacuation
[2024-06-01T22:14:38.576-0300][gc,phases     ] GC(1123)   Pre Evacuate Collection Set: 0,0ms
[2024-06-01T22:14:38.576-0300][gc,phases     ] GC(1123)   Evacuate Collection Set: 7,0ms
[2024-06-01T22:14:38.576-0300][gc,phases     ] GC(1123)   Post Evacuate Collection Set: 0,4ms
[2024-06-01T22:14:38.576-0300][gc,phases     ] GC(1123)   Other: 0,2ms
[2024-06-01T22:14:38.576-0300][gc,heap       ] GC(1123) Eden regions: 50->0(56)
[2024-06-01T22:14:38.576-0300][gc,heap       ] GC(1123) Survivor regions: 5->4(7)
[2024-06-01T22:14:38.576-0300][gc,heap       ] GC(1123) Old regions: 111->112
[2024-06-01T22:14:38.576-0300][gc,heap       ] GC(1123) Humongous regions: 129->129
[2024-06-01T22:14:38.576-0300][gc,metaspace  ] GC(1123) Metaspace: 45757K(48924K)->45757K(48924K) NonClass: 40018K(41680K)->40018K(41680K) Class: 5738K(7244K)->5738K(7244K)
[2024-06-01T22:14:38.576-0300][gc            ] GC(1123) Pause Young (Normal) (G1 Evacuation Pause) 292M->242M(1024M) 7,634ms
[2024-06-01T22:14:38.576-0300][gc,cpu        ] GC(1123) User=0,03s Sys=0,00s Real=0,01s
[2024-06-01T22:15:16.927-0300][gc,start      ] GC(1124) Pause Young (Normal) (G1 Evacuation Pause)
[2024-06-01T22:15:16.927-0300][gc,task       ] GC(1124) Using 4 workers of 4 for evacuation
[2024-06-01T22:15:16.947-0300][gc,mmu        ] GC(1124) MMU target violated: 20,5ms (20,0ms/21,0ms)
[2024-06-01T22:15:16.947-0300][gc,phases     ] GC(1124)   Pre Evacuate Collection Set: 0,1ms
[2024-06-01T22:15:16.947-0300][gc,phases     ] GC(1124)   Evacuate Collection Set: 19,4ms
[2024-06-01T22:15:16.947-0300][gc,phases     ] GC(1124)   Post Evacuate Collection Set: 0,8ms
[2024-06-01T22:15:16.948-0300][gc,phases     ] GC(1124)   Other: 0,5ms
[2024-06-01T22:15:16.948-0300][gc,heap       ] GC(1124) Eden regions: 56->0(53)
[2024-06-01T22:15:16.948-0300][gc,heap       ] GC(1124) Survivor regions: 4->5(8)
[2024-06-01T22:15:16.948-0300][gc,heap       ] GC(1124) Old regions: 112->112
[2024-06-01T22:15:16.948-0300][gc,heap       ] GC(1124) Humongous regions: 129->129
[2024-06-01T22:15:16.948-0300][gc,metaspace  ] GC(1124) Metaspace: 45760K(48924K)->45760K(48924K) NonClass: 40022K(41680K)->40022K(41680K) Class: 5738K(7244K)->5738K(7244K)
[2024-06-01T22:15:16.948-0300][gc            ] GC(1124) Pause Young (Normal) (G1 Evacuation Pause) 298M->243M(1024M) 21,018ms
[2024-06-01T22:15:16.948-0300][gc,cpu        ] GC(1124) User=0,07s Sys=0,00s Real=0,03s
[2024-06-01T22:15:43.703-0300][gc,start      ] GC(1125) Pause Young (Normal) (G1 Evacuation Pause)
[2024-06-01T22:15:43.703-0300][gc,task       ] GC(1125) Using 4 workers of 4 for evacuation
[2024-06-01T22:15:43.731-0300][gc,mmu        ] GC(1125) MMU target violated: 21,0ms (20,0ms/21,0ms)
[2024-06-01T22:15:43.731-0300][gc,phases     ] GC(1125)   Pre Evacuate Collection Set: 0,1ms
[2024-06-01T22:15:43.731-0300][gc,phases     ] GC(1125)   Evacuate Collection Set: 26,9ms
[2024-06-01T22:15:43.731-0300][gc,phases     ] GC(1125)   Post Evacuate Collection Set: 0,8ms
[2024-06-01T22:15:43.732-0300][gc,phases     ] GC(1125)   Other: 0,5ms
[2024-06-01T22:15:43.732-0300][gc,heap       ] GC(1125) Eden regions: 46->0(44)
[2024-06-01T22:15:43.732-0300][gc,heap       ] GC(1125) Survivor regions: 5->7(7)
[2024-06-01T22:15:43.732-0300][gc,heap       ] GC(1125) Old regions: 112->113
[2024-06-01T22:15:43.732-0300][gc,heap       ] GC(1125) Humongous regions: 129->129
[2024-06-01T22:15:43.732-0300][gc,metaspace  ] GC(1125) Metaspace: 45760K(48924K)->45760K(48924K) NonClass: 40022K(41680K)->40022K(41680K) Class: 5738K(7244K)->5738K(7244K)
[2024-06-01T22:15:43.732-0300][gc            ] GC(1125) Pause Young (Normal) (G1 Evacuation Pause) 289M->247M(1024M) 28,388ms
[2024-06-01T22:15:43.732-0300][gc,cpu        ] GC(1125) User=0,10s Sys=0,00s Real=0,03s
[2024-06-01T22:16:10.999-0300][gc,start      ] GC(1126) Pause Young (Normal) (G1 Evacuation Pause)
[2024-06-01T22:16:10.999-0300][gc,task       ] GC(1126) Using 4 workers of 4 for evacuation
[2024-06-01T22:16:11.023-0300][gc,mmu        ] GC(1126) MMU target violated: 21,0ms (20,0ms/21,0ms)
[2024-06-01T22:16:11.023-0300][gc,phases     ] GC(1126)   Pre Evacuate Collection Set: 0,0ms
[2024-06-01T22:16:11.023-0300][gc,phases     ] GC(1126)   Evacuate Collection Set: 23,2ms
[2024-06-01T22:16:11.023-0300][gc,phases     ] GC(1126)   Post Evacuate Collection Set: 0,6ms
[2024-06-01T22:16:11.023-0300][gc,phases     ] GC(1126)   Other: 0,4ms
[2024-06-01T22:16:11.023-0300][gc,heap       ] GC(1126) Eden regions: 44->0(49)
[2024-06-01T22:16:11.023-0300][gc,heap       ] GC(1126) Survivor regions: 7->2(7)
[2024-06-01T22:16:11.023-0300][gc,heap       ] GC(1126) Old regions: 113->120
[2024-06-01T22:16:11.023-0300][gc,heap       ] GC(1126) Humongous regions: 129->129
[2024-06-01T22:16:11.023-0300][gc,metaspace  ] GC(1126) Metaspace: 45760K(48924K)->45760K(48924K) NonClass: 40022K(41680K)->40022K(41680K) Class: 5738K(7244K)->5738K(7244K)
[2024-06-01T22:16:11.023-0300][gc            ] GC(1126) Pause Young (Normal) (G1 Evacuation Pause) 291M->248M(1024M) 24,313ms
[2024-06-01T22:16:11.023-0300][gc,cpu        ] GC(1126) User=0,08s Sys=0,00s Real=0,02s
[2024-06-01T22:16:41.983-0300][gc,start      ] GC(1127) Pause Young (Normal) (G1 Evacuation Pause)
[2024-06-01T22:16:41.983-0300][gc,task       ] GC(1127) Using 4 workers of 4 for evacuation
[2024-06-01T22:16:41.997-0300][gc,phases     ] GC(1127)   Pre Evacuate Collection Set: 0,1ms
[2024-06-01T22:16:41.997-0300][gc,phases     ] GC(1127)   Evacuate Collection Set: 12,6ms
[2024-06-01T22:16:41.997-0300][gc,phases     ] GC(1127)   Post Evacuate Collection Set: 1,0ms
[2024-06-01T22:16:41.997-0300][gc,phases     ] GC(1127)   Other: 0,4ms
[2024-06-01T22:16:41.997-0300][gc,heap       ] GC(1127) Eden regions: 49->0(49)
[2024-06-01T22:16:41.997-0300][gc,heap       ] GC(1127) Survivor regions: 2->2(7)
[2024-06-01T22:16:41.997-0300][gc,heap       ] GC(1127) Old regions: 120->120
[2024-06-01T22:16:41.997-0300][gc,heap       ] GC(1127) Humongous regions: 129->129
[2024-06-01T22:16:41.997-0300][gc,metaspace  ] GC(1127) Metaspace: 45760K(48924K)->45760K(48924K) NonClass: 40022K(41680K)->40022K(41680K) Class: 5738K(7244K)->5738K(7244K)
[2024-06-01T22:16:41.997-0300][gc            ] GC(1127) Pause Young (Normal) (G1 Evacuation Pause) 297M->249M(1024M) 14,348ms
[2024-06-01T22:16:41.998-0300][gc,cpu        ] GC(1127) User=0,05s Sys=0,00s Real=0,02s
[2024-06-01T22:20:21.512-0300][gc,start      ] GC(1128) Pause Young (Normal) (G1 Evacuation Pause)
[2024-06-01T22:20:21.512-0300][gc,task       ] GC(1128) Using 4 workers of 4 for evacuation
[2024-06-01T22:20:21.518-0300][gc,phases     ] GC(1128)   Pre Evacuate Collection Set: 0,0ms
[2024-06-01T22:20:21.518-0300][gc,phases     ] GC(1128)   Evacuate Collection Set: 5,1ms
[2024-06-01T22:20:21.518-0300][gc,phases     ] GC(1128)   Post Evacuate Collection Set: 0,4ms
[2024-06-01T22:20:21.518-0300][gc,phases     ] GC(1128)   Other: 0,2ms
[2024-06-01T22:20:21.518-0300][gc,heap       ] GC(1128) Eden regions: 49->0(48)
[2024-06-01T22:20:21.518-0300][gc,heap       ] GC(1128) Survivor regions: 2->5(7)
[2024-06-01T22:20:21.518-0300][gc,heap       ] GC(1128) Old regions: 120->120
[2024-06-01T22:20:21.518-0300][gc,heap       ] GC(1128) Humongous regions: 129->129
[2024-06-01T22:20:21.518-0300][gc,metaspace  ] GC(1128) Metaspace: 45760K(48924K)->45760K(48924K) NonClass: 40022K(41680K)->40022K(41680K) Class: 5738K(7244K)->5738K(7244K)
[2024-06-01T22:20:21.518-0300][gc            ] GC(1128) Pause Young (Normal) (G1 Evacuation Pause) 298M->251M(1024M) 5,878ms
[2024-06-01T22:20:21.518-0300][gc,cpu        ] GC(1128) User=0,02s Sys=0,00s Real=0,01s
[2024-06-01T22:21:58.639-0300][gc,start      ] GC(1129) Pause Young (Normal) (G1 Evacuation Pause)
[2024-06-01T22:21:58.639-0300][gc,task       ] GC(1129) Using 4 workers of 4 for evacuation
[2024-06-01T22:21:58.654-0300][gc,phases     ] GC(1129)   Pre Evacuate Collection Set: 0,0ms
[2024-06-01T22:21:58.654-0300][gc,phases     ] GC(1129)   Evacuate Collection Set: 13,9ms
[2024-06-01T22:21:58.654-0300][gc,phases     ] GC(1129)   Post Evacuate Collection Set: 0,8ms
[2024-06-01T22:21:58.654-0300][gc,phases     ] GC(1129)   Other: 0,3ms
[2024-06-01T22:21:58.654-0300][gc,heap       ] GC(1129) Eden regions: 48->0(45)
[2024-06-01T22:21:58.654-0300][gc,heap       ] GC(1129) Survivor regions: 5->7(7)
[2024-06-01T22:21:58.654-0300][gc,heap       ] GC(1129) Old regions: 120->121
[2024-06-01T22:21:58.654-0300][gc,heap       ] GC(1129) Humongous regions: 129->129
[2024-06-01T22:21:58.654-0300][gc,metaspace  ] GC(1129) Metaspace: 45761K(48924K)->45761K(48924K) NonClass: 40022K(41680K)->40022K(41680K) Class: 5738K(7244K)->5738K(7244K)
[2024-06-01T22:21:58.654-0300][gc            ] GC(1129) Pause Young (Normal) (G1 Evacuation Pause) 299M->254M(1024M) 15,198ms
[2024-06-01T22:21:58.654-0300][gc,cpu        ] GC(1129) User=0,04s Sys=0,01s Real=0,01s
[2024-06-01T22:22:26.761-0300][gc,start      ] GC(1130) Pause Young (Normal) (G1 Evacuation Pause)
[2024-06-01T22:22:26.762-0300][gc,task       ] GC(1130) Using 4 workers of 4 for evacuation
[2024-06-01T22:22:26.785-0300][gc,mmu        ] GC(1130) MMU target violated: 21,0ms (20,0ms/21,0ms)
[2024-06-01T22:22:26.785-0300][gc,phases     ] GC(1130)   Pre Evacuate Collection Set: 0,1ms
[2024-06-01T22:22:26.785-0300][gc,phases     ] GC(1130)   Evacuate Collection Set: 22,1ms
[2024-06-01T22:22:26.785-0300][gc,phases     ] GC(1130)   Post Evacuate Collection Set: 1,0ms
[2024-06-01T22:22:26.785-0300][gc,phases     ] GC(1130)   Other: 0,5ms
[2024-06-01T22:22:26.785-0300][gc,heap       ] GC(1130) Eden regions: 45->0(48)
[2024-06-01T22:22:26.785-0300][gc,heap       ] GC(1130) Survivor regions: 7->3(7)
[2024-06-01T22:22:26.785-0300][gc,heap       ] GC(1130) Old regions: 121->127
[2024-06-01T22:22:26.785-0300][gc,heap       ] GC(1130) Humongous regions: 129->129
[2024-06-01T22:22:26.785-0300][gc,metaspace  ] GC(1130) Metaspace: 45761K(48924K)->45761K(48924K) NonClass: 40022K(41680K)->40022K(41680K) Class: 5738K(7244K)->5738K(7244K)
[2024-06-01T22:22:26.785-0300][gc            ] GC(1130) Pause Young (Normal) (G1 Evacuation Pause) 299M->256M(1024M) 23,860ms
[2024-06-01T22:22:26.785-0300][gc,cpu        ] GC(1130) User=0,09s Sys=0,00s Real=0,02s
[2024-06-01T22:22:57.436-0300][gc,start      ] GC(1131) Pause Young (Normal) (G1 Evacuation Pause)
[2024-06-01T22:22:57.436-0300][gc,task       ] GC(1131) Using 4 workers of 4 for evacuation
[2024-06-01T22:22:57.442-0300][gc,phases     ] GC(1131)   Pre Evacuate Collection Set: 0,0ms
[2024-06-01T22:22:57.442-0300][gc,phases     ] GC(1131)   Evacuate Collection Set: 5,7ms
[2024-06-01T22:22:57.442-0300][gc,phases     ] GC(1131)   Post Evacuate Collection Set: 0,5ms
[2024-06-01T22:22:57.442-0300][gc,phases     ] GC(1131)   Other: 0,3ms
[2024-06-01T22:22:57.442-0300][gc,heap       ] GC(1131) Eden regions: 48->0(52)
[2024-06-01T22:22:57.442-0300][gc,heap       ] GC(1131) Survivor regions: 3->3(7)
[2024-06-01T22:22:57.442-0300][gc,heap       ] GC(1131) Old regions: 127->127
[2024-06-01T22:22:57.442-0300][gc,heap       ] GC(1131) Humongous regions: 129->129
[2024-06-01T22:22:57.442-0300][gc,metaspace  ] GC(1131) Metaspace: 45761K(48924K)->45761K(48924K) NonClass: 40022K(41680K)->40022K(41680K) Class: 5738K(7244K)->5738K(7244K)
[2024-06-01T22:22:57.442-0300][gc            ] GC(1131) Pause Young (Normal) (G1 Evacuation Pause) 304M->257M(1024M) 6,614ms
[2024-06-01T22:22:57.443-0300][gc,cpu        ] GC(1131) User=0,02s Sys=0,01s Real=0,00s
[2024-06-01T22:23:30.130-0300][gc,start      ] GC(1132) Pause Young (Normal) (G1 Evacuation Pause)
[2024-06-01T22:23:30.130-0300][gc,task       ] GC(1132) Using 4 workers of 4 for evacuation
[2024-06-01T22:23:30.138-0300][gc,phases     ] GC(1132)   Pre Evacuate Collection Set: 0,0ms
[2024-06-01T22:23:30.138-0300][gc,phases     ] GC(1132)   Evacuate Collection Set: 6,8ms
[2024-06-01T22:23:30.138-0300][gc,phases     ] GC(1132)   Post Evacuate Collection Set: 0,3ms
[2024-06-01T22:23:30.138-0300][gc,phases     ] GC(1132)   Other: 0,2ms
[2024-06-01T22:23:30.138-0300][gc,heap       ] GC(1132) Eden regions: 52->0(56)
[2024-06-01T22:23:30.138-0300][gc,heap       ] GC(1132) Survivor regions: 3->5(7)
[2024-06-01T22:23:30.138-0300][gc,heap       ] GC(1132) Old regions: 127->127
[2024-06-01T22:23:30.138-0300][gc,heap       ] GC(1132) Humongous regions: 129->129
[2024-06-01T22:23:30.138-0300][gc,metaspace  ] GC(1132) Metaspace: 45761K(48924K)->45761K(48924K) NonClass: 40022K(41680K)->40022K(41680K) Class: 5738K(7244K)->5738K(7244K)
[2024-06-01T22:23:30.138-0300][gc            ] GC(1132) Pause Young (Normal) (G1 Evacuation Pause) 309M->258M(1024M) 7,356ms
[2024-06-01T22:23:30.138-0300][gc,cpu        ] GC(1132) User=0,02s Sys=0,00s Real=0,01s
[2024-06-01T22:24:04.017-0300][gc,start      ] GC(1133) Pause Young (Normal) (G1 Evacuation Pause)
[2024-06-01T22:24:04.017-0300][gc,task       ] GC(1133) Using 4 workers of 4 for evacuation
[2024-06-01T22:24:04.027-0300][gc,phases     ] GC(1133)   Pre Evacuate Collection Set: 0,0ms
[2024-06-01T22:24:04.027-0300][gc,phases     ] GC(1133)   Evacuate Collection Set: 9,7ms
[2024-06-01T22:24:04.027-0300][gc,phases     ] GC(1133)   Post Evacuate Collection Set: 0,6ms
[2024-06-01T22:24:04.027-0300][gc,phases     ] GC(1133)   Other: 0,3ms
[2024-06-01T22:24:04.027-0300][gc,heap       ] GC(1133) Eden regions: 56->0(58)
[2024-06-01T22:24:04.027-0300][gc,heap       ] GC(1133) Survivor regions: 5->6(8)
[2024-06-01T22:24:04.028-0300][gc,heap       ] GC(1133) Old regions: 127->127
[2024-06-01T22:24:04.028-0300][gc,heap       ] GC(1133) Humongous regions: 129->129
[2024-06-01T22:24:04.028-0300][gc,metaspace  ] GC(1133) Metaspace: 45761K(48924K)->45761K(48924K) NonClass: 40022K(41680K)->40022K(41680K) Class: 5738K(7244K)->5738K(7244K)
[2024-06-01T22:24:04.028-0300][gc            ] GC(1133) Pause Young (Normal) (G1 Evacuation Pause) 314M->260M(1024M) 10,723ms
[2024-06-01T22:24:04.028-0300][gc,cpu        ] GC(1133) User=0,03s Sys=0,00s Real=0,01s
[2024-06-01T22:24:46.857-0300][gc,start      ] GC(1134) Pause Young (Normal) (G1 Evacuation Pause)
[2024-06-01T22:24:46.857-0300][gc,task       ] GC(1134) Using 4 workers of 4 for evacuation
[2024-06-01T22:24:46.864-0300][gc,phases     ] GC(1134)   Pre Evacuate Collection Set: 0,0ms
[2024-06-01T22:24:46.864-0300][gc,phases     ] GC(1134)   Evacuate Collection Set: 6,3ms
[2024-06-01T22:24:46.864-0300][gc,phases     ] GC(1134)   Post Evacuate Collection Set: 0,4ms
[2024-06-01T22:24:46.864-0300][gc,phases     ] GC(1134)   Other: 0,2ms
[2024-06-01T22:24:46.864-0300][gc,heap       ] GC(1134) Eden regions: 58->0(66)
[2024-06-01T22:24:46.864-0300][gc,heap       ] GC(1134) Survivor regions: 6->6(8)
[2024-06-01T22:24:46.864-0300][gc,heap       ] GC(1134) Old regions: 127->129
[2024-06-01T22:24:46.864-0300][gc,heap       ] GC(1134) Humongous regions: 129->129
[2024-06-01T22:24:46.864-0300][gc,metaspace  ] GC(1134) Metaspace: 45763K(48924K)->45763K(48924K) NonClass: 40024K(41680K)->40024K(41680K) Class: 5738K(7244K)->5738K(7244K)
[2024-06-01T22:24:46.864-0300][gc            ] GC(1134) Pause Young (Normal) (G1 Evacuation Pause) 318M->261M(1024M) 7,068ms
[2024-06-01T22:24:46.864-0300][gc,cpu        ] GC(1134) User=0,03s Sys=0,00s Real=0,00s
[2024-06-01T22:25:28.670-0300][gc,start      ] GC(1135) Pause Young (Normal) (G1 Evacuation Pause)
[2024-06-01T22:25:28.671-0300][gc,task       ] GC(1135) Using 4 workers of 4 for evacuation
[2024-06-01T22:25:28.678-0300][gc,phases     ] GC(1135)   Pre Evacuate Collection Set: 0,0ms
[2024-06-01T22:25:28.678-0300][gc,phases     ] GC(1135)   Evacuate Collection Set: 7,2ms
[2024-06-01T22:25:28.678-0300][gc,phases     ] GC(1135)   Post Evacuate Collection Set: 0,5ms
[2024-06-01T22:25:28.678-0300][gc,phases     ] GC(1135)   Other: 0,2ms
[2024-06-01T22:25:28.678-0300][gc,heap       ] GC(1135) Eden regions: 66->0(75)
[2024-06-01T22:25:28.678-0300][gc,heap       ] GC(1135) Survivor regions: 6->6(9)
[2024-06-01T22:25:28.678-0300][gc,heap       ] GC(1135) Old regions: 129->130
[2024-06-01T22:25:28.678-0300][gc,heap       ] GC(1135) Humongous regions: 129->129
[2024-06-01T22:25:28.678-0300][gc,metaspace  ] GC(1135) Metaspace: 45763K(48924K)->45763K(48924K) NonClass: 40024K(41680K)->40024K(41680K) Class: 5738K(7244K)->5738K(7244K)
[2024-06-01T22:25:28.678-0300][gc            ] GC(1135) Pause Young (Normal) (G1 Evacuation Pause) 327M->262M(1024M) 8,015ms
[2024-06-01T22:25:28.679-0300][gc,cpu        ] GC(1135) User=0,03s Sys=0,00s Real=0,01s
[2024-06-01T22:26:16.082-0300][gc,start      ] GC(1136) Pause Young (Normal) (G1 Evacuation Pause)
[2024-06-01T22:26:16.082-0300][gc,task       ] GC(1136) Using 4 workers of 4 for evacuation
[2024-06-01T22:26:16.104-0300][gc,mmu        ] GC(1136) MMU target violated: 21,0ms (20,0ms/21,0ms)
[2024-06-01T22:26:16.104-0300][gc,phases     ] GC(1136)   Pre Evacuate Collection Set: 0,0ms
[2024-06-01T22:26:16.104-0300][gc,phases     ] GC(1136)   Evacuate Collection Set: 20,4ms
[2024-06-01T22:26:16.104-0300][gc,phases     ] GC(1136)   Post Evacuate Collection Set: 0,7ms
[2024-06-01T22:26:16.104-0300][gc,phases     ] GC(1136)   Other: 0,4ms
[2024-06-01T22:26:16.104-0300][gc,heap       ] GC(1136) Eden regions: 75->0(61)
[2024-06-01T22:26:16.104-0300][gc,heap       ] GC(1136) Survivor regions: 6->7(11)
[2024-06-01T22:26:16.104-0300][gc,heap       ] GC(1136) Old regions: 130->130
[2024-06-01T22:26:16.104-0300][gc,heap       ] GC(1136) Humongous regions: 129->129
[2024-06-01T22:26:16.104-0300][gc,metaspace  ] GC(1136) Metaspace: 45763K(48924K)->45763K(48924K) NonClass: 40024K(41680K)->40024K(41680K) Class: 5738K(7244K)->5738K(7244K)
[2024-06-01T22:26:16.104-0300][gc            ] GC(1136) Pause Young (Normal) (G1 Evacuation Pause) 337M->264M(1024M) 21,751ms
[2024-06-01T22:26:16.104-0300][gc,cpu        ] GC(1136) User=0,07s Sys=0,00s Real=0,02s
[2024-06-01T22:26:54.758-0300][gc,start      ] GC(1137) Pause Young (Normal) (G1 Evacuation Pause)
[2024-06-01T22:26:54.758-0300][gc,task       ] GC(1137) Using 4 workers of 4 for evacuation
[2024-06-01T22:26:54.779-0300][gc,mmu        ] GC(1137) MMU target violated: 21,0ms (20,0ms/21,0ms)
[2024-06-01T22:26:54.779-0300][gc,phases     ] GC(1137)   Pre Evacuate Collection Set: 0,1ms
[2024-06-01T22:26:54.779-0300][gc,phases     ] GC(1137)   Evacuate Collection Set: 20,0ms
[2024-06-01T22:26:54.779-0300][gc,phases     ] GC(1137)   Post Evacuate Collection Set: 0,9ms
[2024-06-01T22:26:54.779-0300][gc,phases     ] GC(1137)   Other: 0,5ms
[2024-06-01T22:26:54.779-0300][gc,heap       ] GC(1137) Eden regions: 61->0(59)
[2024-06-01T22:26:54.779-0300][gc,heap       ] GC(1137) Survivor regions: 7->5(9)
[2024-06-01T22:26:54.779-0300][gc,heap       ] GC(1137) Old regions: 130->132
[2024-06-01T22:26:54.779-0300][gc,heap       ] GC(1137) Humongous regions: 129->129
[2024-06-01T22:26:54.779-0300][gc,metaspace  ] GC(1137) Metaspace: 45763K(48924K)->45763K(48924K) NonClass: 40024K(41680K)->40024K(41680K) Class: 5738K(7244K)->5738K(7244K)
[2024-06-01T22:26:54.779-0300][gc            ] GC(1137) Pause Young (Normal) (G1 Evacuation Pause) 325M->264M(1024M) 21,722ms
[2024-06-01T22:26:54.779-0300][gc,cpu        ] GC(1137) User=0,08s Sys=0,00s Real=0,02s
[2024-06-01T22:27:53.693-0300][gc,start      ] GC(1138) Pause Young (Normal) (G1 Evacuation Pause)
[2024-06-01T22:27:53.693-0300][gc,task       ] GC(1138) Using 4 workers of 4 for evacuation
[2024-06-01T22:27:53.710-0300][gc,phases     ] GC(1138)   Pre Evacuate Collection Set: 0,0ms
[2024-06-01T22:27:53.710-0300][gc,phases     ] GC(1138)   Evacuate Collection Set: 16,8ms
[2024-06-01T22:27:53.710-0300][gc,phases     ] GC(1138)   Post Evacuate Collection Set: 0,5ms
[2024-06-01T22:27:53.710-0300][gc,phases     ] GC(1138)   Other: 0,3ms
[2024-06-01T22:27:53.710-0300][gc,heap       ] GC(1138) Eden regions: 54->0(56)
[2024-06-01T22:27:53.710-0300][gc,heap       ] GC(1138) Survivor regions: 5->6(8)
[2024-06-01T22:27:53.710-0300][gc,heap       ] GC(1138) Old regions: 132->133
[2024-06-01T22:27:53.710-0300][gc,heap       ] GC(1138) Humongous regions: 129->129
[2024-06-01T22:27:53.710-0300][gc,metaspace  ] GC(1138) Metaspace: 45763K(48924K)->45763K(48924K) NonClass: 40024K(41680K)->40024K(41680K) Class: 5738K(7244K)->5738K(7244K)
[2024-06-01T22:27:53.710-0300][gc            ] GC(1138) Pause Young (Normal) (G1 Evacuation Pause) 318M->265M(1024M) 17,772ms
[2024-06-01T22:27:53.710-0300][gc,cpu        ] GC(1138) User=0,05s Sys=0,00s Real=0,02s
[2024-06-01T22:28:39.848-0300][gc,start      ] GC(1139) Pause Young (Normal) (G1 Evacuation Pause)
[2024-06-01T22:28:39.848-0300][gc,task       ] GC(1139) Using 4 workers of 4 for evacuation
[2024-06-01T22:28:39.859-0300][gc,phases     ] GC(1139)   Pre Evacuate Collection Set: 0,0ms
[2024-06-01T22:28:39.859-0300][gc,phases     ] GC(1139)   Evacuate Collection Set: 9,9ms
[2024-06-01T22:28:39.859-0300][gc,phases     ] GC(1139)   Post Evacuate Collection Set: 0,3ms
[2024-06-01T22:28:39.859-0300][gc,phases     ] GC(1139)   Other: 0,2ms
[2024-06-01T22:28:39.859-0300][gc,heap       ] GC(1139) Eden regions: 53->0(61)
[2024-06-01T22:28:39.859-0300][gc,heap       ] GC(1139) Survivor regions: 6->6(8)
[2024-06-01T22:28:39.859-0300][gc,heap       ] GC(1139) Old regions: 133->135
[2024-06-01T22:28:39.859-0300][gc,heap       ] GC(1139) Humongous regions: 129->129
[2024-06-01T22:28:39.859-0300][gc,metaspace  ] GC(1139) Metaspace: 45764K(48924K)->45764K(48924K) NonClass: 40025K(41680K)->40025K(41680K) Class: 5738K(7244K)->5738K(7244K)
[2024-06-01T22:28:39.859-0300][gc            ] GC(1139) Pause Young (Normal) (G1 Evacuation Pause) 318M->267M(1024M) 10,554ms
[2024-06-01T22:28:39.859-0300][gc,cpu        ] GC(1139) User=0,02s Sys=0,00s Real=0,01s
[2024-06-01T22:29:16.051-0300][gc,start      ] GC(1140) Pause Young (Normal) (G1 Evacuation Pause)
[2024-06-01T22:29:16.051-0300][gc,task       ] GC(1140) Using 4 workers of 4 for evacuation
[2024-06-01T22:29:16.057-0300][gc,phases     ] GC(1140)   Pre Evacuate Collection Set: 0,0ms
[2024-06-01T22:29:16.057-0300][gc,phases     ] GC(1140)   Evacuate Collection Set: 5,8ms
[2024-06-01T22:29:16.057-0300][gc,phases     ] GC(1140)   Post Evacuate Collection Set: 0,5ms
[2024-06-01T22:29:16.057-0300][gc,phases     ] GC(1140)   Other: 0,2ms
[2024-06-01T22:29:16.057-0300][gc,heap       ] GC(1140) Eden regions: 57->0(66)
[2024-06-01T22:29:16.057-0300][gc,heap       ] GC(1140) Survivor regions: 6->6(8)
[2024-06-01T22:29:16.057-0300][gc,heap       ] GC(1140) Old regions: 135->136
[2024-06-01T22:29:16.057-0300][gc,heap       ] GC(1140) Humongous regions: 129->129
[2024-06-01T22:29:16.057-0300][gc,metaspace  ] GC(1140) Metaspace: 45764K(48924K)->45764K(48924K) NonClass: 40025K(41680K)->40025K(41680K) Class: 5738K(7244K)->5738K(7244K)
[2024-06-01T22:29:16.057-0300][gc            ] GC(1140) Pause Young (Normal) (G1 Evacuation Pause) 324M->269M(1024M) 6,598ms
[2024-06-01T22:29:16.057-0300][gc,cpu        ] GC(1140) User=0,02s Sys=0,00s Real=0,01s
[2024-06-01T22:29:56.089-0300][gc,start      ] GC(1141) Pause Young (Normal) (G1 Evacuation Pause)
[2024-06-01T22:29:56.089-0300][gc,task       ] GC(1141) Using 4 workers of 4 for evacuation
[2024-06-01T22:29:56.111-0300][gc,mmu        ] GC(1141) MMU target violated: 21,0ms (20,0ms/21,0ms)
[2024-06-01T22:29:56.111-0300][gc,phases     ] GC(1141)   Pre Evacuate Collection Set: 0,0ms
[2024-06-01T22:29:56.111-0300][gc,phases     ] GC(1141)   Evacuate Collection Set: 21,3ms
[2024-06-01T22:29:56.111-0300][gc,phases     ] GC(1141)   Post Evacuate Collection Set: 0,6ms
[2024-06-01T22:29:56.111-0300][gc,phases     ] GC(1141)   Other: 0,4ms
[2024-06-01T22:29:56.111-0300][gc,heap       ] GC(1141) Eden regions: 63->0(61)
[2024-06-01T22:29:56.111-0300][gc,heap       ] GC(1141) Survivor regions: 6->6(9)
[2024-06-01T22:29:56.111-0300][gc,heap       ] GC(1141) Old regions: 136->137
[2024-06-01T22:29:56.111-0300][gc,heap       ] GC(1141) Humongous regions: 129->129
[2024-06-01T22:29:56.111-0300][gc,metaspace  ] GC(1141) Metaspace: 45764K(48924K)->45764K(48924K) NonClass: 40025K(41680K)->40025K(41680K) Class: 5738K(7244K)->5738K(7244K)
[2024-06-01T22:29:56.111-0300][gc            ] GC(1141) Pause Young (Normal) (G1 Evacuation Pause) 332M->270M(1024M) 22,369ms
[2024-06-01T22:29:56.111-0300][gc,cpu        ] GC(1141) User=0,07s Sys=0,00s Real=0,02s
[2024-06-01T22:32:50.345-0300][gc,start      ] GC(1142) Pause Young (Normal) (G1 Evacuation Pause)
[2024-06-01T22:32:50.345-0300][gc,task       ] GC(1142) Using 4 workers of 4 for evacuation
[2024-06-01T22:32:50.354-0300][gc,phases     ] GC(1142)   Pre Evacuate Collection Set: 0,0ms
[2024-06-01T22:32:50.354-0300][gc,phases     ] GC(1142)   Evacuate Collection Set: 7,5ms
[2024-06-01T22:32:50.354-0300][gc,phases     ] GC(1142)   Post Evacuate Collection Set: 0,6ms
[2024-06-01T22:32:50.354-0300][gc,phases     ] GC(1142)   Other: 0,2ms
[2024-06-01T22:32:50.354-0300][gc,heap       ] GC(1142) Eden regions: 55->0(64)
[2024-06-01T22:32:50.354-0300][gc,heap       ] GC(1142) Survivor regions: 6->6(8)
[2024-06-01T22:32:50.354-0300][gc,heap       ] GC(1142) Old regions: 137->140
[2024-06-01T22:32:50.354-0300][gc,heap       ] GC(1142) Humongous regions: 129->129
[2024-06-01T22:32:50.354-0300][gc,metaspace  ] GC(1142) Metaspace: 45764K(48924K)->45764K(48924K) NonClass: 40025K(41680K)->40025K(41680K) Class: 5738K(7244K)->5738K(7244K)
[2024-06-01T22:32:50.354-0300][gc            ] GC(1142) Pause Young (Normal) (G1 Evacuation Pause) 325M->272M(1024M) 8,395ms
[2024-06-01T22:32:50.354-0300][gc,cpu        ] GC(1142) User=0,02s Sys=0,00s Real=0,01s
[2024-06-01T22:33:42.338-0300][gc,start      ] GC(1143) Pause Young (Normal) (G1 Evacuation Pause)
[2024-06-01T22:33:42.338-0300][gc,task       ] GC(1143) Using 4 workers of 4 for evacuation
[2024-06-01T22:33:42.351-0300][gc,phases     ] GC(1143)   Pre Evacuate Collection Set: 0,0ms
[2024-06-01T22:33:42.351-0300][gc,phases     ] GC(1143)   Evacuate Collection Set: 12,0ms
[2024-06-01T22:33:42.351-0300][gc,phases     ] GC(1143)   Post Evacuate Collection Set: 0,6ms
[2024-06-01T22:33:42.351-0300][gc,phases     ] GC(1143)   Other: 0,2ms
[2024-06-01T22:33:42.351-0300][gc,heap       ] GC(1143) Eden regions: 64->0(66)
[2024-06-01T22:33:42.351-0300][gc,heap       ] GC(1143) Survivor regions: 6->7(9)
[2024-06-01T22:33:42.351-0300][gc,heap       ] GC(1143) Old regions: 140->141
[2024-06-01T22:33:42.351-0300][gc,heap       ] GC(1143) Humongous regions: 129->129
[2024-06-01T22:33:42.351-0300][gc,metaspace  ] GC(1143) Metaspace: 45766K(48924K)->45766K(48924K) NonClass: 40027K(41680K)->40027K(41680K) Class: 5738K(7244K)->5738K(7244K)
[2024-06-01T22:33:42.351-0300][gc            ] GC(1143) Pause Young (Normal) (G1 Evacuation Pause) 336M->275M(1024M) 13,011ms
[2024-06-01T22:33:42.351-0300][gc,cpu        ] GC(1143) User=0,05s Sys=0,00s Real=0,01s
[2024-06-01T22:34:23.795-0300][gc,start      ] GC(1144) Pause Young (Normal) (G1 Evacuation Pause)
[2024-06-01T22:34:23.795-0300][gc,task       ] GC(1144) Using 4 workers of 4 for evacuation
[2024-06-01T22:34:23.807-0300][gc,phases     ] GC(1144)   Pre Evacuate Collection Set: 0,0ms
[2024-06-01T22:34:23.808-0300][gc,phases     ] GC(1144)   Evacuate Collection Set: 11,7ms
[2024-06-01T22:34:23.808-0300][gc,phases     ] GC(1144)   Post Evacuate Collection Set: 0,5ms
[2024-06-01T22:34:23.808-0300][gc,phases     ] GC(1144)   Other: 0,2ms
[2024-06-01T22:34:23.808-0300][gc,heap       ] GC(1144) Eden regions: 66->0(69)
[2024-06-01T22:34:23.808-0300][gc,heap       ] GC(1144) Survivor regions: 7->6(10)
[2024-06-01T22:34:23.808-0300][gc,heap       ] GC(1144) Old regions: 141->145
[2024-06-01T22:34:23.808-0300][gc,heap       ] GC(1144) Humongous regions: 129->129
[2024-06-01T22:34:23.808-0300][gc,metaspace  ] GC(1144) Metaspace: 45766K(48924K)->45766K(48924K) NonClass: 40027K(41680K)->40027K(41680K) Class: 5738K(7244K)->5738K(7244K)
[2024-06-01T22:34:23.808-0300][gc            ] GC(1144) Pause Young (Normal) (G1 Evacuation Pause) 341M->277M(1024M) 12,521ms
[2024-06-01T22:34:23.808-0300][gc,cpu        ] GC(1144) User=0,04s Sys=0,00s Real=0,02s
[2024-06-01T22:35:07.238-0300][gc,start      ] GC(1145) Pause Young (Normal) (G1 Evacuation Pause)
[2024-06-01T22:35:07.238-0300][gc,task       ] GC(1145) Using 4 workers of 4 for evacuation
[2024-06-01T22:35:07.246-0300][gc,phases     ] GC(1145)   Pre Evacuate Collection Set: 0,0ms
[2024-06-01T22:35:07.246-0300][gc,phases     ] GC(1145)   Evacuate Collection Set: 6,9ms
[2024-06-01T22:35:07.246-0300][gc,phases     ] GC(1145)   Post Evacuate Collection Set: 0,4ms
[2024-06-01T22:35:07.246-0300][gc,phases     ] GC(1145)   Other: 0,2ms
[2024-06-01T22:35:07.246-0300][gc,heap       ] GC(1145) Eden regions: 69->0(79)
[2024-06-01T22:35:07.246-0300][gc,heap       ] GC(1145) Survivor regions: 6->4(10)
[2024-06-01T22:35:07.246-0300][gc,heap       ] GC(1145) Old regions: 145->148
[2024-06-01T22:35:07.246-0300][gc,heap       ] GC(1145) Humongous regions: 129->129
[2024-06-01T22:35:07.246-0300][gc,metaspace  ] GC(1145) Metaspace: 45766K(48924K)->45766K(48924K) NonClass: 40027K(41680K)->40027K(41680K) Class: 5738K(7244K)->5738K(7244K)
[2024-06-01T22:35:07.246-0300][gc            ] GC(1145) Pause Young (Normal) (G1 Evacuation Pause) 346M->278M(1024M) 7,630ms
[2024-06-01T22:35:07.246-0300][gc,cpu        ] GC(1145) User=0,02s Sys=0,00s Real=0,00s
[2024-06-01T22:35:56.965-0300][gc,start      ] GC(1146) Pause Young (Normal) (G1 Evacuation Pause)
[2024-06-01T22:35:56.965-0300][gc,task       ] GC(1146) Using 4 workers of 4 for evacuation
[2024-06-01T22:35:56.984-0300][gc,phases     ] GC(1146)   Pre Evacuate Collection Set: 0,1ms
[2024-06-01T22:35:56.984-0300][gc,phases     ] GC(1146)   Evacuate Collection Set: 17,3ms
[2024-06-01T22:35:56.984-0300][gc,phases     ] GC(1146)   Post Evacuate Collection Set: 0,8ms
[2024-06-01T22:35:56.984-0300][gc,phases     ] GC(1146)   Other: 0,4ms
[2024-06-01T22:35:56.984-0300][gc,heap       ] GC(1146) Eden regions: 79->0(70)
[2024-06-01T22:35:56.984-0300][gc,heap       ] GC(1146) Survivor regions: 4->6(11)
[2024-06-01T22:35:56.984-0300][gc,heap       ] GC(1146) Old regions: 148->148
[2024-06-01T22:35:56.984-0300][gc,heap       ] GC(1146) Humongous regions: 129->129
[2024-06-01T22:35:56.984-0300][gc,metaspace  ] GC(1146) Metaspace: 45766K(48924K)->45766K(48924K) NonClass: 40027K(41680K)->40027K(41680K) Class: 5738K(7244K)->5738K(7244K)
[2024-06-01T22:35:56.984-0300][gc            ] GC(1146) Pause Young (Normal) (G1 Evacuation Pause) 357M->280M(1024M) 18,746ms
[2024-06-01T22:35:56.984-0300][gc,cpu        ] GC(1146) User=0,06s Sys=0,00s Real=0,02s
[2024-06-01T22:44:05.440-0300][gc,start      ] GC(1147) Pause Young (Normal) (G1 Evacuation Pause)
[2024-06-01T22:44:05.440-0300][gc,task       ] GC(1147) Using 4 workers of 4 for evacuation
[2024-06-01T22:44:05.468-0300][gc,mmu        ] GC(1147) MMU target violated: 21,0ms (20,0ms/21,0ms)
[2024-06-01T22:44:05.468-0300][gc,phases     ] GC(1147)   Pre Evacuate Collection Set: 0,0ms
[2024-06-01T22:44:05.468-0300][gc,phases     ] GC(1147)   Evacuate Collection Set: 27,3ms
[2024-06-01T22:44:05.468-0300][gc,phases     ] GC(1147)   Post Evacuate Collection Set: 0,7ms
[2024-06-01T22:44:05.468-0300][gc,phases     ] GC(1147)   Other: 0,4ms
[2024-06-01T22:44:05.468-0300][gc,heap       ] GC(1147) Eden regions: 70->0(53)
[2024-06-01T22:44:05.468-0300][gc,heap       ] GC(1147) Survivor regions: 6->7(10)
[2024-06-01T22:44:05.468-0300][gc,heap       ] GC(1147) Old regions: 148->150
[2024-06-01T22:44:05.468-0300][gc,heap       ] GC(1147) Humongous regions: 129->129
[2024-06-01T22:44:05.468-0300][gc,metaspace  ] GC(1147) Metaspace: 45766K(48924K)->45766K(48924K) NonClass: 40027K(41680K)->40027K(41680K) Class: 5738K(7244K)->5738K(7244K)
[2024-06-01T22:44:05.468-0300][gc            ] GC(1147) Pause Young (Normal) (G1 Evacuation Pause) 350M->283M(1024M) 28,573ms
[2024-06-01T22:44:05.468-0300][gc,cpu        ] GC(1147) User=0,09s Sys=0,01s Real=0,03s
[2024-06-01T22:52:04.039-0300][gc,start      ] GC(1148) Pause Young (Normal) (G1 Evacuation Pause)
[2024-06-01T22:52:04.039-0300][gc,task       ] GC(1148) Using 4 workers of 4 for evacuation
[2024-06-01T22:52:04.056-0300][gc,phases     ] GC(1148)   Pre Evacuate Collection Set: 0,0ms
[2024-06-01T22:52:04.057-0300][gc,phases     ] GC(1148)   Evacuate Collection Set: 16,2ms
[2024-06-01T22:52:04.057-0300][gc,phases     ] GC(1148)   Post Evacuate Collection Set: 0,6ms
[2024-06-01T22:52:04.057-0300][gc,phases     ] GC(1148)   Other: 0,3ms
[2024-06-01T22:52:04.057-0300][gc,heap       ] GC(1148) Eden regions: 44->0(49)
[2024-06-01T22:52:04.057-0300][gc,heap       ] GC(1148) Survivor regions: 7->4(7)
[2024-06-01T22:52:04.057-0300][gc,heap       ] GC(1148) Old regions: 150->156
[2024-06-01T22:52:04.057-0300][gc,heap       ] GC(1148) Humongous regions: 129->129
[2024-06-01T22:52:04.057-0300][gc,metaspace  ] GC(1148) Metaspace: 45766K(48924K)->45766K(48924K) NonClass: 40027K(41680K)->40027K(41680K) Class: 5738K(7244K)->5738K(7244K)
[2024-06-01T22:52:04.057-0300][gc            ] GC(1148) Pause Young (Normal) (G1 Evacuation Pause) 327M->287M(1024M) 17,261ms
[2024-06-01T22:52:04.057-0300][gc,cpu        ] GC(1148) User=0,06s Sys=0,00s Real=0,02s
[2024-06-01T23:01:04.531-0300][gc,start      ] GC(1149) Pause Young (Normal) (G1 Evacuation Pause)
[2024-06-01T23:01:04.531-0300][gc,task       ] GC(1149) Using 4 workers of 4 for evacuation
[2024-06-01T23:01:04.552-0300][gc,mmu        ] GC(1149) MMU target violated: 20,8ms (20,0ms/21,0ms)
[2024-06-01T23:01:04.552-0300][gc,phases     ] GC(1149)   Pre Evacuate Collection Set: 0,1ms
[2024-06-01T23:01:04.552-0300][gc,phases     ] GC(1149)   Evacuate Collection Set: 19,6ms
[2024-06-01T23:01:04.552-0300][gc,phases     ] GC(1149)   Post Evacuate Collection Set: 1,0ms
[2024-06-01T23:01:04.552-0300][gc,phases     ] GC(1149)   Other: 0,5ms
[2024-06-01T23:01:04.552-0300][gc,heap       ] GC(1149) Eden regions: 49->0(44)
[2024-06-01T23:01:04.552-0300][gc,heap       ] GC(1149) Survivor regions: 4->7(7)
[2024-06-01T23:01:04.552-0300][gc,heap       ] GC(1149) Old regions: 156->156
[2024-06-01T23:01:04.552-0300][gc,heap       ] GC(1149) Humongous regions: 129->129
[2024-06-01T23:01:04.552-0300][gc,metaspace  ] GC(1149) Metaspace: 45766K(48924K)->45766K(48924K) NonClass: 40027K(41680K)->40027K(41680K) Class: 5738K(7244K)->5738K(7244K)
[2024-06-01T23:01:04.552-0300][gc            ] GC(1149) Pause Young (Normal) (G1 Evacuation Pause) 336M->290M(1024M) 21,350ms
[2024-06-01T23:01:04.552-0300][gc,cpu        ] GC(1149) User=0,07s Sys=0,00s Real=0,02s
[2024-06-01T23:08:55.544-0300][gc,start      ] GC(1150) Pause Young (Normal) (G1 Evacuation Pause)
[2024-06-01T23:08:55.544-0300][gc,task       ] GC(1150) Using 4 workers of 4 for evacuation
[2024-06-01T23:08:55.569-0300][gc,mmu        ] GC(1150) MMU target violated: 21,0ms (20,0ms/21,0ms)
[2024-06-01T23:08:55.570-0300][gc,phases     ] GC(1150)   Pre Evacuate Collection Set: 0,1ms
[2024-06-01T23:08:55.570-0300][gc,phases     ] GC(1150)   Evacuate Collection Set: 24,2ms
[2024-06-01T23:08:55.570-0300][gc,phases     ] GC(1150)   Post Evacuate Collection Set: 0,9ms
[2024-06-01T23:08:55.570-0300][gc,phases     ] GC(1150)   Other: 0,5ms
[2024-06-01T23:08:55.570-0300][gc,heap       ] GC(1150) Eden regions: 44->0(47)
[2024-06-01T23:08:55.570-0300][gc,heap       ] GC(1150) Survivor regions: 7->4(7)
[2024-06-01T23:08:55.570-0300][gc,heap       ] GC(1150) Old regions: 156->163
[2024-06-01T23:08:55.570-0300][gc,heap       ] GC(1150) Humongous regions: 129->129
[2024-06-01T23:08:55.570-0300][gc,metaspace  ] GC(1150) Metaspace: 45766K(48924K)->45766K(48924K) NonClass: 40027K(41680K)->40027K(41680K) Class: 5738K(7244K)->5738K(7244K)
[2024-06-01T23:08:55.570-0300][gc            ] GC(1150) Pause Young (Normal) (G1 Evacuation Pause) 334M->293M(1024M) 25,768ms
[2024-06-01T23:08:55.570-0300][gc,cpu        ] GC(1150) User=0,10s Sys=0,00s Real=0,03s
[2024-06-01T23:09:35.130-0300][gc,start      ] GC(1151) Pause Young (Normal) (G1 Evacuation Pause)
[2024-06-01T23:09:35.130-0300][gc,task       ] GC(1151) Using 4 workers of 4 for evacuation
[2024-06-01T23:09:35.150-0300][gc,mmu        ] GC(1151) MMU target violated: 20,5ms (20,0ms/21,0ms)
[2024-06-01T23:09:35.150-0300][gc,phases     ] GC(1151)   Pre Evacuate Collection Set: 0,1ms
[2024-06-01T23:09:35.150-0300][gc,phases     ] GC(1151)   Evacuate Collection Set: 19,4ms
[2024-06-01T23:09:35.150-0300][gc,phases     ] GC(1151)   Post Evacuate Collection Set: 1,0ms
[2024-06-01T23:09:35.150-0300][gc,phases     ] GC(1151)   Other: 0,5ms
[2024-06-01T23:09:35.150-0300][gc,heap       ] GC(1151) Eden regions: 47->0(44)
[2024-06-01T23:09:35.150-0300][gc,heap       ] GC(1151) Survivor regions: 4->7(7)
[2024-06-01T23:09:35.150-0300][gc,heap       ] GC(1151) Old regions: 163->163
[2024-06-01T23:09:35.151-0300][gc,heap       ] GC(1151) Humongous regions: 129->129
[2024-06-01T23:09:35.151-0300][gc,metaspace  ] GC(1151) Metaspace: 45767K(48924K)->45767K(48924K) NonClass: 40028K(41680K)->40028K(41680K) Class: 5738K(7244K)->5738K(7244K)
[2024-06-01T23:09:35.151-0300][gc            ] GC(1151) Pause Young (Normal) (G1 Evacuation Pause) 340M->297M(1024M) 21,077ms
[2024-06-01T23:09:35.151-0300][gc,cpu        ] GC(1151) User=0,07s Sys=0,00s Real=0,02s
[2024-06-01T23:10:07.436-0300][gc,start      ] GC(1152) Pause Young (Normal) (G1 Evacuation Pause)
[2024-06-01T23:10:07.436-0300][gc,task       ] GC(1152) Using 4 workers of 4 for evacuation
[2024-06-01T23:10:07.459-0300][gc,mmu        ] GC(1152) MMU target violated: 21,0ms (20,0ms/21,0ms)
[2024-06-01T23:10:07.459-0300][gc,phases     ] GC(1152)   Pre Evacuate Collection Set: 0,1ms
[2024-06-01T23:10:07.459-0300][gc,phases     ] GC(1152)   Evacuate Collection Set: 22,3ms
[2024-06-01T23:10:07.459-0300][gc,phases     ] GC(1152)   Post Evacuate Collection Set: 0,8ms
[2024-06-01T23:10:07.459-0300][gc,phases     ] GC(1152)   Other: 0,4ms
[2024-06-01T23:10:07.459-0300][gc,heap       ] GC(1152) Eden regions: 44->0(45)
[2024-06-01T23:10:07.459-0300][gc,heap       ] GC(1152) Survivor regions: 7->6(7)
[2024-06-01T23:10:07.459-0300][gc,heap       ] GC(1152) Old regions: 163->166
[2024-06-01T23:10:07.459-0300][gc,heap       ] GC(1152) Humongous regions: 129->129
[2024-06-01T23:10:07.459-0300][gc,metaspace  ] GC(1152) Metaspace: 45768K(48924K)->45768K(48924K) NonClass: 40029K(41680K)->40029K(41680K) Class: 5738K(7244K)->5738K(7244K)
[2024-06-01T23:10:07.459-0300][gc            ] GC(1152) Pause Young (Normal) (G1 Evacuation Pause) 341M->298M(1024M) 23,692ms
[2024-06-01T23:10:07.459-0300][gc,cpu        ] GC(1152) User=0,08s Sys=0,00s Real=0,02s
[2024-06-01T23:10:35.647-0300][gc,start      ] GC(1153) Pause Young (Normal) (G1 Evacuation Pause)
[2024-06-01T23:10:35.647-0300][gc,task       ] GC(1153) Using 4 workers of 4 for evacuation
[2024-06-01T23:10:35.654-0300][gc,phases     ] GC(1153)   Pre Evacuate Collection Set: 0,0ms
[2024-06-01T23:10:35.654-0300][gc,phases     ] GC(1153)   Evacuate Collection Set: 6,4ms
[2024-06-01T23:10:35.654-0300][gc,phases     ] GC(1153)   Post Evacuate Collection Set: 0,4ms
[2024-06-01T23:10:35.654-0300][gc,phases     ] GC(1153)   Other: 0,2ms
[2024-06-01T23:10:35.654-0300][gc,heap       ] GC(1153) Eden regions: 45->0(49)
[2024-06-01T23:10:35.654-0300][gc,heap       ] GC(1153) Survivor regions: 6->4(7)
[2024-06-01T23:10:35.654-0300][gc,heap       ] GC(1153) Old regions: 166->170
[2024-06-01T23:10:35.654-0300][gc,heap       ] GC(1153) Humongous regions: 129->129
[2024-06-01T23:10:35.654-0300][gc,metaspace  ] GC(1153) Metaspace: 45768K(48924K)->45768K(48924K) NonClass: 40029K(41680K)->40029K(41680K) Class: 5738K(7244K)->5738K(7244K)
[2024-06-01T23:10:35.654-0300][gc            ] GC(1153) Pause Young (Normal) (G1 Evacuation Pause) 343M->300M(1024M) 7,077ms
[2024-06-01T23:10:35.654-0300][gc,cpu        ] GC(1153) User=0,02s Sys=0,01s Real=0,01s
[2024-06-01T23:11:06.933-0300][gc,start      ] GC(1154) Pause Young (Normal) (G1 Evacuation Pause)
[2024-06-01T23:11:06.933-0300][gc,task       ] GC(1154) Using 4 workers of 4 for evacuation
[2024-06-01T23:11:06.948-0300][gc,phases     ] GC(1154)   Pre Evacuate Collection Set: 0,1ms
[2024-06-01T23:11:06.948-0300][gc,phases     ] GC(1154)   Evacuate Collection Set: 13,7ms
[2024-06-01T23:11:06.948-0300][gc,phases     ] GC(1154)   Post Evacuate Collection Set: 1,0ms
[2024-06-01T23:11:06.948-0300][gc,phases     ] GC(1154)   Other: 0,4ms
[2024-06-01T23:11:06.948-0300][gc,heap       ] GC(1154) Eden regions: 49->0(48)
[2024-06-01T23:11:06.948-0300][gc,heap       ] GC(1154) Survivor regions: 4->5(7)
[2024-06-01T23:11:06.948-0300][gc,heap       ] GC(1154) Old regions: 170->170
[2024-06-01T23:11:06.948-0300][gc,heap       ] GC(1154) Humongous regions: 129->129
[2024-06-01T23:11:06.948-0300][gc,metaspace  ] GC(1154) Metaspace: 45768K(48924K)->45768K(48924K) NonClass: 40029K(41680K)->40029K(41680K) Class: 5738K(7244K)->5738K(7244K)
[2024-06-01T23:11:06.948-0300][gc            ] GC(1154) Pause Young (Normal) (G1 Evacuation Pause) 349M->301M(1024M) 15,423ms
[2024-06-01T23:11:06.948-0300][gc,cpu        ] GC(1154) User=0,06s Sys=0,00s Real=0,02s
[2024-06-01T23:12:25.394-0300][gc,start      ] GC(1155) Pause Young (Normal) (G1 Evacuation Pause)
[2024-06-01T23:12:25.394-0300][gc,task       ] GC(1155) Using 4 workers of 4 for evacuation
[2024-06-01T23:12:25.408-0300][gc,phases     ] GC(1155)   Pre Evacuate Collection Set: 0,0ms
[2024-06-01T23:12:25.408-0300][gc,phases     ] GC(1155)   Evacuate Collection Set: 13,0ms
[2024-06-01T23:12:25.408-0300][gc,phases     ] GC(1155)   Post Evacuate Collection Set: 0,7ms
[2024-06-01T23:12:25.408-0300][gc,phases     ] GC(1155)   Other: 0,3ms
[2024-06-01T23:12:25.408-0300][gc,heap       ] GC(1155) Eden regions: 46->0(50)
[2024-06-01T23:12:25.408-0300][gc,heap       ] GC(1155) Survivor regions: 5->5(7)
[2024-06-01T23:12:25.408-0300][gc,heap       ] GC(1155) Old regions: 170->171
[2024-06-01T23:12:25.408-0300][gc,heap       ] GC(1155) Humongous regions: 129->129
[2024-06-01T23:12:25.408-0300][gc,metaspace  ] GC(1155) Metaspace: 45768K(48924K)->45768K(48924K) NonClass: 40029K(41680K)->40029K(41680K) Class: 5738K(7244K)->5738K(7244K)
[2024-06-01T23:12:25.408-0300][gc            ] GC(1155) Pause Young (Normal) (G1 Evacuation Pause) 347M->302M(1024M) 14,169ms
[2024-06-01T23:12:25.408-0300][gc,cpu        ] GC(1155) User=0,05s Sys=0,00s Real=0,02s
[2024-06-01T23:13:02.063-0300][gc,start      ] GC(1156) Pause Young (Normal) (G1 Evacuation Pause)
[2024-06-01T23:13:02.063-0300][gc,task       ] GC(1156) Using 4 workers of 4 for evacuation
[2024-06-01T23:13:02.079-0300][gc,phases     ] GC(1156)   Pre Evacuate Collection Set: 0,0ms
[2024-06-01T23:13:02.079-0300][gc,phases     ] GC(1156)   Evacuate Collection Set: 14,8ms
[2024-06-01T23:13:02.079-0300][gc,phases     ] GC(1156)   Post Evacuate Collection Set: 0,6ms
[2024-06-01T23:13:02.079-0300][gc,phases     ] GC(1156)   Other: 0,3ms
[2024-06-01T23:13:02.079-0300][gc,heap       ] GC(1156) Eden regions: 50->0(55)
[2024-06-01T23:13:02.079-0300][gc,heap       ] GC(1156) Survivor regions: 5->5(7)
[2024-06-01T23:13:02.079-0300][gc,heap       ] GC(1156) Old regions: 171->173
[2024-06-01T23:13:02.079-0300][gc,heap       ] GC(1156) Humongous regions: 129->129
[2024-06-01T23:13:02.079-0300][gc,metaspace  ] GC(1156) Metaspace: 45774K(48924K)->45774K(48924K) NonClass: 40036K(41680K)->40036K(41680K) Class: 5738K(7244K)->5738K(7244K)
[2024-06-01T23:13:02.079-0300][gc            ] GC(1156) Pause Young (Normal) (G1 Evacuation Pause) 352M->303M(1024M) 15,996ms
[2024-06-01T23:13:02.079-0300][gc,cpu        ] GC(1156) User=0,05s Sys=0,00s Real=0,02s
[2024-06-01T23:13:34.115-0300][gc,start      ] GC(1157) Pause Young (Normal) (G1 Evacuation Pause)
[2024-06-01T23:13:34.115-0300][gc,task       ] GC(1157) Using 4 workers of 4 for evacuation
[2024-06-01T23:13:34.120-0300][gc,phases     ] GC(1157)   Pre Evacuate Collection Set: 0,0ms
[2024-06-01T23:13:34.120-0300][gc,phases     ] GC(1157)   Evacuate Collection Set: 4,3ms
[2024-06-01T23:13:34.120-0300][gc,phases     ] GC(1157)   Post Evacuate Collection Set: 0,5ms
[2024-06-01T23:13:34.120-0300][gc,phases     ] GC(1157)   Other: 0,2ms
[2024-06-01T23:13:34.120-0300][gc,heap       ] GC(1157) Eden regions: 51->0(66)
[2024-06-01T23:13:34.120-0300][gc,heap       ] GC(1157) Survivor regions: 5->5(7)
[2024-06-01T23:13:34.120-0300][gc,heap       ] GC(1157) Old regions: 173->174
[2024-06-01T23:13:34.120-0300][gc,heap       ] GC(1157) Humongous regions: 129->129
[2024-06-01T23:13:34.120-0300][gc,metaspace  ] GC(1157) Metaspace: 45774K(48924K)->45774K(48924K) NonClass: 40036K(41680K)->40036K(41680K) Class: 5738K(7244K)->5738K(7244K)
[2024-06-01T23:13:34.120-0300][gc            ] GC(1157) Pause Young (Normal) (G1 Evacuation Pause) 354M->305M(1024M) 5,080ms
[2024-06-01T23:13:34.120-0300][gc,cpu        ] GC(1157) User=0,02s Sys=0,00s Real=0,01s
[2024-06-01T23:14:12.797-0300][gc,start      ] GC(1158) Pause Young (Normal) (G1 Evacuation Pause)
[2024-06-01T23:14:12.797-0300][gc,task       ] GC(1158) Using 4 workers of 4 for evacuation
[2024-06-01T23:14:12.802-0300][gc,phases     ] GC(1158)   Pre Evacuate Collection Set: 0,0ms
[2024-06-01T23:14:12.802-0300][gc,phases     ] GC(1158)   Evacuate Collection Set: 4,9ms
[2024-06-01T23:14:12.802-0300][gc,phases     ] GC(1158)   Post Evacuate Collection Set: 0,5ms
[2024-06-01T23:14:12.802-0300][gc,phases     ] GC(1158)   Other: 0,2ms
[2024-06-01T23:14:12.802-0300][gc,heap       ] GC(1158) Eden regions: 61->0(78)
[2024-06-01T23:14:12.802-0300][gc,heap       ] GC(1158) Survivor regions: 5->6(9)
[2024-06-01T23:14:12.802-0300][gc,heap       ] GC(1158) Old regions: 174->174
[2024-06-01T23:14:12.802-0300][gc,heap       ] GC(1158) Humongous regions: 129->129
[2024-06-01T23:14:12.802-0300][gc,metaspace  ] GC(1158) Metaspace: 45774K(48924K)->45774K(48924K) NonClass: 40036K(41680K)->40036K(41680K) Class: 5738K(7244K)->5738K(7244K)
[2024-06-01T23:14:12.802-0300][gc            ] GC(1158) Pause Young (Normal) (G1 Evacuation Pause) 366M->306M(1024M) 5,644ms
[2024-06-01T23:14:12.802-0300][gc,cpu        ] GC(1158) User=0,02s Sys=0,00s Real=0,00s
[2024-06-01T23:15:20.967-0300][gc,start      ] GC(1159) Pause Young (Normal) (G1 Evacuation Pause)
[2024-06-01T23:15:20.967-0300][gc,task       ] GC(1159) Using 4 workers of 4 for evacuation
[2024-06-01T23:15:20.990-0300][gc,mmu        ] GC(1159) MMU target violated: 21,0ms (20,0ms/21,0ms)
[2024-06-01T23:15:20.990-0300][gc,phases     ] GC(1159)   Pre Evacuate Collection Set: 0,1ms
[2024-06-01T23:15:20.990-0300][gc,phases     ] GC(1159)   Evacuate Collection Set: 21,5ms
[2024-06-01T23:15:20.990-0300][gc,phases     ] GC(1159)   Post Evacuate Collection Set: 1,0ms
[2024-06-01T23:15:20.990-0300][gc,phases     ] GC(1159)   Other: 0,5ms
[2024-06-01T23:15:20.990-0300][gc,heap       ] GC(1159) Eden regions: 78->0(68)
[2024-06-01T23:15:20.991-0300][gc,heap       ] GC(1159) Survivor regions: 6->7(11)
[2024-06-01T23:15:20.991-0300][gc,heap       ] GC(1159) Old regions: 174->175
[2024-06-01T23:15:20.991-0300][gc,heap       ] GC(1159) Humongous regions: 129->129
[2024-06-01T23:15:20.991-0300][gc,metaspace  ] GC(1159) Metaspace: 45774K(48924K)->45774K(48924K) NonClass: 40036K(41680K)->40036K(41680K) Class: 5738K(7244K)->5738K(7244K)
[2024-06-01T23:15:20.991-0300][gc            ] GC(1159) Pause Young (Normal) (G1 Evacuation Pause) 384M->309M(1024M) 23,266ms
[2024-06-01T23:15:20.991-0300][gc,cpu        ] GC(1159) User=0,09s Sys=0,00s Real=0,02s
[2024-06-01T23:16:02.802-0300][gc,start      ] GC(1160) Pause Young (Normal) (G1 Evacuation Pause)
[2024-06-01T23:16:02.802-0300][gc,task       ] GC(1160) Using 4 workers of 4 for evacuation
[2024-06-01T23:16:02.823-0300][gc,mmu        ] GC(1160) MMU target violated: 21,0ms (20,0ms/21,0ms)
[2024-06-01T23:16:02.823-0300][gc,phases     ] GC(1160)   Pre Evacuate Collection Set: 0,0ms
[2024-06-01T23:16:02.823-0300][gc,phases     ] GC(1160)   Evacuate Collection Set: 20,6ms
[2024-06-01T23:16:02.823-0300][gc,phases     ] GC(1160)   Post Evacuate Collection Set: 0,4ms
[2024-06-01T23:16:02.823-0300][gc,phases     ] GC(1160)   Other: 0,4ms
[2024-06-01T23:16:02.823-0300][gc,heap       ] GC(1160) Eden regions: 54->0(57)
[2024-06-01T23:16:02.823-0300][gc,heap       ] GC(1160) Survivor regions: 7->8(8)
[2024-06-01T23:16:02.823-0300][gc,heap       ] GC(1160) Old regions: 175->178
[2024-06-01T23:16:02.823-0300][gc,heap       ] GC(1160) Humongous regions: 129->129
[2024-06-01T23:16:02.823-0300][gc,metaspace  ] GC(1160) Metaspace: 45776K(48924K)->45776K(48924K) NonClass: 40037K(41680K)->40037K(41680K) Class: 5738K(7244K)->5738K(7244K)
[2024-06-01T23:16:02.823-0300][gc            ] GC(1160) Pause Young (Normal) (G1 Evacuation Pause) 363M->312M(1024M) 21,497ms
[2024-06-01T23:16:02.823-0300][gc,cpu        ] GC(1160) User=0,07s Sys=0,00s Real=0,02s
[2024-06-01T23:16:33.140-0300][gc,start      ] GC(1161) Pause Young (Normal) (G1 Evacuation Pause)
[2024-06-01T23:16:33.140-0300][gc,task       ] GC(1161) Using 4 workers of 4 for evacuation
[2024-06-01T23:16:33.148-0300][gc,phases     ] GC(1161)   Pre Evacuate Collection Set: 0,0ms
[2024-06-01T23:16:33.148-0300][gc,phases     ] GC(1161)   Evacuate Collection Set: 7,2ms
[2024-06-01T23:16:33.148-0300][gc,phases     ] GC(1161)   Post Evacuate Collection Set: 0,4ms
[2024-06-01T23:16:33.148-0300][gc,phases     ] GC(1161)   Other: 0,2ms
[2024-06-01T23:16:33.148-0300][gc,heap       ] GC(1161) Eden regions: 49->0(72)
[2024-06-01T23:16:33.148-0300][gc,heap       ] GC(1161) Survivor regions: 8->5(8)
[2024-06-01T23:16:33.148-0300][gc,heap       ] GC(1161) Old regions: 178->181
[2024-06-01T23:16:33.148-0300][gc,heap       ] GC(1161) Humongous regions: 129->129
[2024-06-01T23:16:33.148-0300][gc,metaspace  ] GC(1161) Metaspace: 45776K(48924K)->45776K(48924K) NonClass: 40037K(41680K)->40037K(41680K) Class: 5738K(7244K)->5738K(7244K)
[2024-06-01T23:16:33.148-0300][gc            ] GC(1161) Pause Young (Normal) (G1 Evacuation Pause) 361M->313M(1024M) 7,830ms
[2024-06-01T23:16:33.148-0300][gc,cpu        ] GC(1161) User=0,03s Sys=0,00s Real=0,01s
[2024-06-01T23:17:19.129-0300][gc,start      ] GC(1162) Pause Young (Normal) (G1 Evacuation Pause)
[2024-06-01T23:17:19.129-0300][gc,task       ] GC(1162) Using 4 workers of 4 for evacuation
[2024-06-01T23:17:19.148-0300][gc,phases     ] GC(1162)   Pre Evacuate Collection Set: 0,1ms
[2024-06-01T23:17:19.148-0300][gc,phases     ] GC(1162)   Evacuate Collection Set: 17,9ms
[2024-06-01T23:17:19.148-0300][gc,phases     ] GC(1162)   Post Evacuate Collection Set: 0,8ms
[2024-06-01T23:17:19.148-0300][gc,phases     ] GC(1162)   Other: 0,4ms
[2024-06-01T23:17:19.148-0300][gc,heap       ] GC(1162) Eden regions: 72->0(61)
[2024-06-01T23:17:19.148-0300][gc,heap       ] GC(1162) Survivor regions: 5->5(10)
[2024-06-01T23:17:19.148-0300][gc,heap       ] GC(1162) Old regions: 181->181
[2024-06-01T23:17:19.148-0300][gc,heap       ] GC(1162) Humongous regions: 129->129
[2024-06-01T23:17:19.148-0300][gc,metaspace  ] GC(1162) Metaspace: 45776K(48924K)->45776K(48924K) NonClass: 40037K(41680K)->40037K(41680K) Class: 5738K(7244K)->5738K(7244K)
[2024-06-01T23:17:19.148-0300][gc            ] GC(1162) Pause Young (Normal) (G1 Evacuation Pause) 385M->313M(1024M) 19,427ms
[2024-06-01T23:17:19.148-0300][gc,cpu        ] GC(1162) User=0,06s Sys=0,01s Real=0,02s
[2024-06-01T23:17:57.425-0300][gc,start      ] GC(1163) Pause Young (Normal) (G1 Evacuation Pause)
[2024-06-01T23:17:57.425-0300][gc,task       ] GC(1163) Using 4 workers of 4 for evacuation
[2024-06-01T23:17:57.443-0300][gc,phases     ] GC(1163)   Pre Evacuate Collection Set: 0,1ms
[2024-06-01T23:17:57.443-0300][gc,phases     ] GC(1163)   Evacuate Collection Set: 16,8ms
[2024-06-01T23:17:57.443-0300][gc,phases     ] GC(1163)   Post Evacuate Collection Set: 0,9ms
[2024-06-01T23:17:57.443-0300][gc,phases     ] GC(1163)   Other: 0,4ms
[2024-06-01T23:17:57.443-0300][gc,heap       ] GC(1163) Eden regions: 61->0(64)
[2024-06-01T23:17:57.443-0300][gc,heap       ] GC(1163) Survivor regions: 5->3(9)
[2024-06-01T23:17:57.443-0300][gc,heap       ] GC(1163) Old regions: 181->184
[2024-06-01T23:17:57.444-0300][gc,heap       ] GC(1163) Humongous regions: 129->129
[2024-06-01T23:17:57.444-0300][gc,metaspace  ] GC(1163) Metaspace: 45776K(48924K)->45776K(48924K) NonClass: 40037K(41680K)->40037K(41680K) Class: 5738K(7244K)->5738K(7244K)
[2024-06-01T23:17:57.444-0300][gc            ] GC(1163) Pause Young (Normal) (G1 Evacuation Pause) 374M->314M(1024M) 18,552ms
[2024-06-01T23:17:57.444-0300][gc,cpu        ] GC(1163) User=0,06s Sys=0,01s Real=0,02s
[2024-06-01T23:18:37.874-0300][gc,start      ] GC(1164) Pause Young (Normal) (G1 Evacuation Pause)
[2024-06-01T23:18:37.874-0300][gc,task       ] GC(1164) Using 4 workers of 4 for evacuation
[2024-06-01T23:18:37.887-0300][gc,phases     ] GC(1164)   Pre Evacuate Collection Set: 0,1ms
[2024-06-01T23:18:37.887-0300][gc,phases     ] GC(1164)   Evacuate Collection Set: 11,8ms
[2024-06-01T23:18:37.887-0300][gc,phases     ] GC(1164)   Post Evacuate Collection Set: 0,9ms
[2024-06-01T23:18:37.887-0300][gc,phases     ] GC(1164)   Other: 0,4ms
[2024-06-01T23:18:37.887-0300][gc,heap       ] GC(1164) Eden regions: 64->0(64)
[2024-06-01T23:18:37.887-0300][gc,heap       ] GC(1164) Survivor regions: 3->5(9)
[2024-06-01T23:18:37.887-0300][gc,heap       ] GC(1164) Old regions: 184->184
[2024-06-01T23:18:37.887-0300][gc,heap       ] GC(1164) Humongous regions: 129->129
[2024-06-01T23:18:37.887-0300][gc,metaspace  ] GC(1164) Metaspace: 45776K(48924K)->45776K(48924K) NonClass: 40037K(41680K)->40037K(41680K) Class: 5738K(7244K)->5738K(7244K)
[2024-06-01T23:18:37.887-0300][gc            ] GC(1164) Pause Young (Normal) (G1 Evacuation Pause) 378M->315M(1024M) 13,405ms
[2024-06-01T23:18:37.887-0300][gc,cpu        ] GC(1164) User=0,04s Sys=0,00s Real=0,01s
[2024-06-01T23:26:20.440-0300][gc,start      ] GC(1165) Pause Young (Normal) (G1 Evacuation Pause)
[2024-06-01T23:26:20.440-0300][gc,task       ] GC(1165) Using 4 workers of 4 for evacuation
[2024-06-01T23:26:20.463-0300][gc,mmu        ] GC(1165) MMU target violated: 21,0ms (20,0ms/21,0ms)
[2024-06-01T23:26:20.463-0300][gc,phases     ] GC(1165)   Pre Evacuate Collection Set: 0,1ms
[2024-06-01T23:26:20.463-0300][gc,phases     ] GC(1165)   Evacuate Collection Set: 21,8ms
[2024-06-01T23:26:20.463-0300][gc,phases     ] GC(1165)   Post Evacuate Collection Set: 1,5ms
[2024-06-01T23:26:20.464-0300][gc,phases     ] GC(1165)   Other: 0,4ms
[2024-06-01T23:26:20.464-0300][gc,heap       ] GC(1165) Eden regions: 64->0(57)
[2024-06-01T23:26:20.464-0300][gc,heap       ] GC(1165) Survivor regions: 5->8(9)
[2024-06-01T23:26:20.464-0300][gc,heap       ] GC(1165) Old regions: 184->184
[2024-06-01T23:26:20.464-0300][gc,heap       ] GC(1165) Humongous regions: 129->129
[2024-06-01T23:26:20.464-0300][gc,metaspace  ] GC(1165) Metaspace: 45776K(48924K)->45776K(48924K) NonClass: 40037K(41680K)->40037K(41680K) Class: 5738K(7244K)->5738K(7244K)
[2024-06-01T23:26:20.464-0300][gc            ] GC(1165) Pause Young (Normal) (G1 Evacuation Pause) 379M->318M(1024M) 23,941ms
[2024-06-01T23:26:20.464-0300][gc,cpu        ] GC(1165) User=0,07s Sys=0,00s Real=0,02s
[2024-06-01T23:36:41.697-0300][gc,start      ] GC(1166) Pause Young (Normal) (G1 Evacuation Pause)
[2024-06-01T23:36:41.697-0300][gc,task       ] GC(1166) Using 4 workers of 4 for evacuation
[2024-06-01T23:36:41.728-0300][gc,mmu        ] GC(1166) MMU target violated: 21,0ms (20,0ms/21,0ms)
[2024-06-01T23:36:41.728-0300][gc,phases     ] GC(1166)   Pre Evacuate Collection Set: 0,1ms
[2024-06-01T23:36:41.728-0300][gc,phases     ] GC(1166)   Evacuate Collection Set: 30,2ms
[2024-06-01T23:36:41.728-0300][gc,phases     ] GC(1166)   Post Evacuate Collection Set: 0,7ms
[2024-06-01T23:36:41.728-0300][gc,phases     ] GC(1166)   Other: 0,5ms
[2024-06-01T23:36:41.728-0300][gc,heap       ] GC(1166) Eden regions: 57->0(42)
[2024-06-01T23:36:41.728-0300][gc,heap       ] GC(1166) Survivor regions: 8->9(9)
[2024-06-01T23:36:41.728-0300][gc,heap       ] GC(1166) Old regions: 184->187
[2024-06-01T23:36:41.728-0300][gc,heap       ] GC(1166) Humongous regions: 129->129
[2024-06-01T23:36:41.728-0300][gc,metaspace  ] GC(1166) Metaspace: 45776K(48924K)->45776K(48924K) NonClass: 40037K(41680K)->40037K(41680K) Class: 5738K(7244K)->5738K(7244K)
[2024-06-01T23:36:41.728-0300][gc            ] GC(1166) Pause Young (Normal) (G1 Evacuation Pause) 375M->323M(1024M) 31,477ms
[2024-06-01T23:36:41.728-0300][gc,cpu        ] GC(1166) User=0,11s Sys=0,00s Real=0,03s
[2024-06-01T23:40:35.439-0300][gc,start      ] GC(1167) Pause Young (Normal) (G1 Evacuation Pause)
[2024-06-01T23:40:35.439-0300][gc,task       ] GC(1167) Using 4 workers of 4 for evacuation
[2024-06-01T23:40:35.463-0300][gc,mmu        ] GC(1167) MMU target violated: 21,0ms (20,0ms/21,0ms)
[2024-06-01T23:40:35.463-0300][gc,phases     ] GC(1167)   Pre Evacuate Collection Set: 0,0ms
[2024-06-01T23:40:35.463-0300][gc,phases     ] GC(1167)   Evacuate Collection Set: 23,0ms
[2024-06-01T23:40:35.463-0300][gc,phases     ] GC(1167)   Post Evacuate Collection Set: 0,3ms
[2024-06-01T23:40:35.463-0300][gc,phases     ] GC(1167)   Other: 0,2ms
[2024-06-01T23:40:35.463-0300][gc,heap       ] GC(1167) Eden regions: 42->0(46)
[2024-06-01T23:40:35.463-0300][gc,heap       ] GC(1167) Survivor regions: 9->5(7)
[2024-06-01T23:40:35.463-0300][gc,heap       ] GC(1167) Old regions: 187->194
[2024-06-01T23:40:35.463-0300][gc,heap       ] GC(1167) Humongous regions: 129->129
[2024-06-01T23:40:35.463-0300][gc,metaspace  ] GC(1167) Metaspace: 45780K(48924K)->45780K(48924K) NonClass: 40041K(41680K)->40041K(41680K) Class: 5738K(7244K)->5738K(7244K)
[2024-06-01T23:40:35.463-0300][gc            ] GC(1167) Pause Young (Normal) (G1 Evacuation Pause) 365M->326M(1024M) 23,592ms
[2024-06-01T23:40:35.463-0300][gc,cpu        ] GC(1167) User=0,04s Sys=0,00s Real=0,02s
[2024-06-01T23:41:13.761-0300][gc,start      ] GC(1168) Pause Young (Normal) (G1 Evacuation Pause)
[2024-06-01T23:41:13.761-0300][gc,task       ] GC(1168) Using 4 workers of 4 for evacuation
[2024-06-01T23:41:13.768-0300][gc,phases     ] GC(1168)   Pre Evacuate Collection Set: 0,0ms
[2024-06-01T23:41:13.769-0300][gc,phases     ] GC(1168)   Evacuate Collection Set: 7,1ms
[2024-06-01T23:41:13.769-0300][gc,phases     ] GC(1168)   Post Evacuate Collection Set: 0,4ms
[2024-06-01T23:41:13.769-0300][gc,phases     ] GC(1168)   Other: 0,2ms
[2024-06-01T23:41:13.769-0300][gc,heap       ] GC(1168) Eden regions: 46->0(76)
[2024-06-01T23:41:13.769-0300][gc,heap       ] GC(1168) Survivor regions: 5->3(7)
[2024-06-01T23:41:13.769-0300][gc,heap       ] GC(1168) Old regions: 194->198
[2024-06-01T23:41:13.769-0300][gc,heap       ] GC(1168) Humongous regions: 129->129
[2024-06-01T23:41:13.769-0300][gc,metaspace  ] GC(1168) Metaspace: 45781K(48924K)->45781K(48924K) NonClass: 40042K(41680K)->40042K(41680K) Class: 5738K(7244K)->5738K(7244K)
[2024-06-01T23:41:13.769-0300][gc            ] GC(1168) Pause Young (Normal) (G1 Evacuation Pause) 372M->328M(1024M) 7,724ms
[2024-06-01T23:41:13.769-0300][gc,cpu        ] GC(1168) User=0,02s Sys=0,00s Real=0,01s
[2024-06-01T23:42:04.616-0300][gc,start      ] GC(1169) Pause Young (Normal) (G1 Evacuation Pause)
[2024-06-01T23:42:04.616-0300][gc,task       ] GC(1169) Using 4 workers of 4 for evacuation
[2024-06-01T23:42:04.630-0300][gc,phases     ] GC(1169)   Pre Evacuate Collection Set: 0,1ms
[2024-06-01T23:42:04.630-0300][gc,phases     ] GC(1169)   Evacuate Collection Set: 12,7ms
[2024-06-01T23:42:04.630-0300][gc,phases     ] GC(1169)   Post Evacuate Collection Set: 0,9ms
[2024-06-01T23:42:04.631-0300][gc,phases     ] GC(1169)   Other: 0,4ms
[2024-06-01T23:42:04.631-0300][gc,heap       ] GC(1169) Eden regions: 76->0(69)
[2024-06-01T23:42:04.631-0300][gc,heap       ] GC(1169) Survivor regions: 3->5(10)
[2024-06-01T23:42:04.631-0300][gc,heap       ] GC(1169) Old regions: 198->198
[2024-06-01T23:42:04.631-0300][gc,heap       ] GC(1169) Humongous regions: 129->129
[2024-06-01T23:42:04.631-0300][gc,metaspace  ] GC(1169) Metaspace: 45781K(48924K)->45781K(48924K) NonClass: 40042K(41680K)->40042K(41680K) Class: 5738K(7244K)->5738K(7244K)
[2024-06-01T23:42:04.631-0300][gc            ] GC(1169) Pause Young (Normal) (G1 Evacuation Pause) 404M->329M(1024M) 14,368ms
[2024-06-01T23:42:04.631-0300][gc,cpu        ] GC(1169) User=0,05s Sys=0,00s Real=0,01s
[2024-06-01T23:43:25.800-0300][gc,start      ] GC(1170) Pause Young (Normal) (G1 Evacuation Pause)
[2024-06-01T23:43:25.800-0300][gc,task       ] GC(1170) Using 4 workers of 4 for evacuation
[2024-06-01T23:43:25.807-0300][gc,phases     ] GC(1170)   Pre Evacuate Collection Set: 0,0ms
[2024-06-01T23:43:25.807-0300][gc,phases     ] GC(1170)   Evacuate Collection Set: 6,7ms
[2024-06-01T23:43:25.807-0300][gc,phases     ] GC(1170)   Post Evacuate Collection Set: 0,4ms
[2024-06-01T23:43:25.808-0300][gc,phases     ] GC(1170)   Other: 0,2ms
[2024-06-01T23:43:25.808-0300][gc,heap       ] GC(1170) Eden regions: 69->0(78)
[2024-06-01T23:43:25.808-0300][gc,heap       ] GC(1170) Survivor regions: 5->6(10)
[2024-06-01T23:43:25.808-0300][gc,heap       ] GC(1170) Old regions: 198->198
[2024-06-01T23:43:25.808-0300][gc,heap       ] GC(1170) Humongous regions: 129->129
[2024-06-01T23:43:25.808-0300][gc,metaspace  ] GC(1170) Metaspace: 45782K(48924K)->45782K(48924K) NonClass: 40044K(41680K)->40044K(41680K) Class: 5738K(7244K)->5738K(7244K)
[2024-06-01T23:43:25.808-0300][gc            ] GC(1170) Pause Young (Normal) (G1 Evacuation Pause) 398M->331M(1024M) 7,336ms
[2024-06-01T23:43:25.808-0300][gc,cpu        ] GC(1170) User=0,02s Sys=0,00s Real=0,01s
[2024-06-01T23:44:23.941-0300][gc,start      ] GC(1171) Pause Young (Normal) (G1 Evacuation Pause)
[2024-06-01T23:44:23.941-0300][gc,task       ] GC(1171) Using 4 workers of 4 for evacuation
[2024-06-01T23:44:23.964-0300][gc,mmu        ] GC(1171) MMU target violated: 21,0ms (20,0ms/21,0ms)
[2024-06-01T23:44:23.964-0300][gc,phases     ] GC(1171)   Pre Evacuate Collection Set: 0,1ms
[2024-06-01T23:44:23.964-0300][gc,phases     ] GC(1171)   Evacuate Collection Set: 21,9ms
[2024-06-01T23:44:23.964-0300][gc,phases     ] GC(1171)   Post Evacuate Collection Set: 0,8ms
[2024-06-01T23:44:23.964-0300][gc,phases     ] GC(1171)   Other: 0,5ms
[2024-06-01T23:44:23.964-0300][gc,heap       ] GC(1171) Eden regions: 78->0(71)
[2024-06-01T23:44:23.964-0300][gc,heap       ] GC(1171) Survivor regions: 6->7(11)
[2024-06-01T23:44:23.964-0300][gc,heap       ] GC(1171) Old regions: 198->200
[2024-06-01T23:44:23.964-0300][gc,heap       ] GC(1171) Humongous regions: 129->129
[2024-06-01T23:44:23.964-0300][gc,metaspace  ] GC(1171) Metaspace: 45786K(48924K)->45786K(48924K) NonClass: 40047K(41680K)->40047K(41680K) Class: 5738K(7244K)->5738K(7244K)
[2024-06-01T23:44:23.964-0300][gc            ] GC(1171) Pause Young (Normal) (G1 Evacuation Pause) 409M->334M(1024M) 23,404ms
[2024-06-01T23:44:23.964-0300][gc,cpu        ] GC(1171) User=0,08s Sys=0,00s Real=0,02s
[2024-06-01T23:44:59.464-0300][gc,start      ] GC(1172) Pause Young (Normal) (G1 Evacuation Pause)
[2024-06-01T23:44:59.464-0300][gc,task       ] GC(1172) Using 4 workers of 4 for evacuation
[2024-06-01T23:44:59.486-0300][gc,mmu        ] GC(1172) MMU target violated: 21,0ms (20,0ms/21,0ms)
[2024-06-01T23:44:59.487-0300][gc,phases     ] GC(1172)   Pre Evacuate Collection Set: 0,1ms
[2024-06-01T23:44:59.487-0300][gc,phases     ] GC(1172)   Evacuate Collection Set: 20,8ms
[2024-06-01T23:44:59.487-0300][gc,phases     ] GC(1172)   Post Evacuate Collection Set: 0,9ms
[2024-06-01T23:44:59.487-0300][gc,phases     ] GC(1172)   Other: 0,5ms
[2024-06-01T23:44:59.487-0300][gc,heap       ] GC(1172) Eden regions: 56->0(69)
[2024-06-01T23:44:59.487-0300][gc,heap       ] GC(1172) Survivor regions: 7->4(8)
[2024-06-01T23:44:59.487-0300][gc,heap       ] GC(1172) Old regions: 200->204
[2024-06-01T23:44:59.487-0300][gc,heap       ] GC(1172) Humongous regions: 129->129
[2024-06-01T23:44:59.487-0300][gc,metaspace  ] GC(1172) Metaspace: 45786K(48924K)->45786K(48924K) NonClass: 40047K(41680K)->40047K(41680K) Class: 5738K(7244K)->5738K(7244K)
[2024-06-01T23:44:59.487-0300][gc            ] GC(1172) Pause Young (Normal) (G1 Evacuation Pause) 390M->335M(1024M) 22,495ms
[2024-06-01T23:44:59.487-0300][gc,cpu        ] GC(1172) User=0,08s Sys=0,00s Real=0,02s
[2024-06-01T23:45:38.836-0300][gc,start      ] GC(1173) Pause Young (Normal) (G1 Evacuation Pause)
[2024-06-01T23:45:38.836-0300][gc,task       ] GC(1173) Using 4 workers of 4 for evacuation
[2024-06-01T23:45:38.854-0300][gc,phases     ] GC(1173)   Pre Evacuate Collection Set: 0,1ms
[2024-06-01T23:45:38.854-0300][gc,phases     ] GC(1173)   Evacuate Collection Set: 17,0ms
[2024-06-01T23:45:38.854-0300][gc,phases     ] GC(1173)   Post Evacuate Collection Set: 1,0ms
[2024-06-01T23:45:38.854-0300][gc,phases     ] GC(1173)   Other: 0,4ms
[2024-06-01T23:45:38.854-0300][gc,heap       ] GC(1173) Eden regions: 62->0(62)
[2024-06-01T23:45:38.854-0300][gc,heap       ] GC(1173) Survivor regions: 4->6(9)
[2024-06-01T23:45:38.854-0300][gc,heap       ] GC(1173) Old regions: 204->204
[2024-06-01T23:45:38.854-0300][gc,heap       ] GC(1173) Humongous regions: 129->129
[2024-06-01T23:45:38.854-0300][gc,metaspace  ] GC(1173) Metaspace: 45787K(48924K)->45787K(48924K) NonClass: 40048K(41680K)->40048K(41680K) Class: 5738K(7244K)->5738K(7244K)
[2024-06-01T23:45:38.855-0300][gc            ] GC(1173) Pause Young (Normal) (G1 Evacuation Pause) 397M->336M(1024M) 18,700ms
[2024-06-01T23:45:38.855-0300][gc,cpu        ] GC(1173) User=0,06s Sys=0,00s Real=0,01s
[2024-06-01T23:47:07.827-0300][gc,start      ] GC(1174) Pause Young (Normal) (G1 Evacuation Pause)
[2024-06-01T23:47:07.827-0300][gc,task       ] GC(1174) Using 4 workers of 4 for evacuation
[2024-06-01T23:47:07.839-0300][gc,phases     ] GC(1174)   Pre Evacuate Collection Set: 0,0ms
[2024-06-01T23:47:07.839-0300][gc,phases     ] GC(1174)   Evacuate Collection Set: 11,4ms
[2024-06-01T23:47:07.839-0300][gc,phases     ] GC(1174)   Post Evacuate Collection Set: 0,7ms
[2024-06-01T23:47:07.839-0300][gc,phases     ] GC(1174)   Other: 0,3ms
[2024-06-01T23:47:07.839-0300][gc,heap       ] GC(1174) Eden regions: 45->0(66)
[2024-06-01T23:47:07.839-0300][gc,heap       ] GC(1174) Survivor regions: 6->5(7)
[2024-06-01T23:47:07.839-0300][gc,heap       ] GC(1174) Old regions: 204->206
[2024-06-01T23:47:07.839-0300][gc,heap       ] GC(1174) Humongous regions: 129->129
[2024-06-01T23:47:07.839-0300][gc,metaspace  ] GC(1174) Metaspace: 45788K(48924K)->45788K(48924K) NonClass: 40049K(41680K)->40049K(41680K) Class: 5738K(7244K)->5738K(7244K)
[2024-06-01T23:47:07.839-0300][gc            ] GC(1174) Pause Young (Normal) (G1 Evacuation Pause) 381M->337M(1024M) 12,600ms
[2024-06-01T23:47:07.839-0300][gc,cpu        ] GC(1174) User=0,05s Sys=0,00s Real=0,02s
[2024-06-01T23:47:46.831-0300][gc,start      ] GC(1175) Pause Young (Normal) (G1 Evacuation Pause)
[2024-06-01T23:47:46.831-0300][gc,task       ] GC(1175) Using 4 workers of 4 for evacuation
[2024-06-01T23:47:46.838-0300][gc,phases     ] GC(1175)   Pre Evacuate Collection Set: 0,0ms
[2024-06-01T23:47:46.838-0300][gc,phases     ] GC(1175)   Evacuate Collection Set: 5,8ms
[2024-06-01T23:47:46.838-0300][gc,phases     ] GC(1175)   Post Evacuate Collection Set: 0,4ms
[2024-06-01T23:47:46.838-0300][gc,phases     ] GC(1175)   Other: 0,2ms
[2024-06-01T23:47:46.838-0300][gc,heap       ] GC(1175) Eden regions: 61->0(72)
[2024-06-01T23:47:46.838-0300][gc,heap       ] GC(1175) Survivor regions: 5->6(9)
[2024-06-01T23:47:46.838-0300][gc,heap       ] GC(1175) Old regions: 206->206
[2024-06-01T23:47:46.838-0300][gc,heap       ] GC(1175) Humongous regions: 129->129
[2024-06-01T23:47:46.838-0300][gc,metaspace  ] GC(1175) Metaspace: 45788K(48924K)->45788K(48924K) NonClass: 40049K(41680K)->40049K(41680K) Class: 5738K(7244K)->5738K(7244K)
[2024-06-01T23:47:46.838-0300][gc            ] GC(1175) Pause Young (Normal) (G1 Evacuation Pause) 398M->339M(1024M) 6,513ms
[2024-06-01T23:47:46.838-0300][gc,cpu        ] GC(1175) User=0,02s Sys=0,01s Real=0,01s
[2024-06-01T23:48:32.176-0300][gc,start      ] GC(1176) Pause Young (Normal) (G1 Evacuation Pause)
[2024-06-01T23:48:32.176-0300][gc,task       ] GC(1176) Using 4 workers of 4 for evacuation
[2024-06-01T23:48:32.199-0300][gc,mmu        ] GC(1176) MMU target violated: 21,0ms (20,0ms/21,0ms)
[2024-06-01T23:48:32.199-0300][gc,phases     ] GC(1176)   Pre Evacuate Collection Set: 0,1ms
[2024-06-01T23:48:32.200-0300][gc,phases     ] GC(1176)   Evacuate Collection Set: 21,7ms
[2024-06-01T23:48:32.200-0300][gc,phases     ] GC(1176)   Post Evacuate Collection Set: 0,9ms
[2024-06-01T23:48:32.200-0300][gc,phases     ] GC(1176)   Other: 0,5ms
[2024-06-01T23:48:32.200-0300][gc,heap       ] GC(1176) Eden regions: 72->0(67)
[2024-06-01T23:48:32.200-0300][gc,heap       ] GC(1176) Survivor regions: 6->7(10)
[2024-06-01T23:48:32.200-0300][gc,heap       ] GC(1176) Old regions: 206->207
[2024-06-01T23:48:32.200-0300][gc,heap       ] GC(1176) Humongous regions: 129->129
[2024-06-01T23:48:32.200-0300][gc,metaspace  ] GC(1176) Metaspace: 45788K(48924K)->45788K(48924K) NonClass: 40049K(41680K)->40049K(41680K) Class: 5738K(7244K)->5738K(7244K)
[2024-06-01T23:48:32.200-0300][gc            ] GC(1176) Pause Young (Normal) (G1 Evacuation Pause) 411M->341M(1024M) 23,408ms
[2024-06-01T23:48:32.200-0300][gc,cpu        ] GC(1176) User=0,09s Sys=0,00s Real=0,02s
[2024-06-01T23:49:21.716-0300][gc,start      ] GC(1177) Pause Young (Normal) (G1 Evacuation Pause)
[2024-06-01T23:49:21.716-0300][gc,task       ] GC(1177) Using 4 workers of 4 for evacuation
[2024-06-01T23:49:21.742-0300][gc,mmu        ] GC(1177) MMU target violated: 21,0ms (20,0ms/21,0ms)
[2024-06-01T23:49:21.742-0300][gc,phases     ] GC(1177)   Pre Evacuate Collection Set: 0,1ms
[2024-06-01T23:49:21.742-0300][gc,phases     ] GC(1177)   Evacuate Collection Set: 23,9ms
[2024-06-01T23:49:21.742-0300][gc,phases     ] GC(1177)   Post Evacuate Collection Set: 1,0ms
[2024-06-01T23:49:21.742-0300][gc,phases     ] GC(1177)   Other: 0,5ms
[2024-06-01T23:49:21.742-0300][gc,heap       ] GC(1177) Eden regions: 61->0(60)
[2024-06-01T23:49:21.742-0300][gc,heap       ] GC(1177) Survivor regions: 7->6(9)
[2024-06-01T23:49:21.742-0300][gc,heap       ] GC(1177) Old regions: 207->210
[2024-06-01T23:49:21.742-0300][gc,heap       ] GC(1177) Humongous regions: 129->129
[2024-06-01T23:49:21.742-0300][gc,metaspace  ] GC(1177) Metaspace: 45790K(48924K)->45790K(48924K) NonClass: 40051K(41680K)->40051K(41680K) Class: 5738K(7244K)->5738K(7244K)
[2024-06-01T23:49:21.742-0300][gc            ] GC(1177) Pause Young (Normal) (G1 Evacuation Pause) 402M->342M(1024M) 25,616ms
[2024-06-01T23:49:21.742-0300][gc,cpu        ] GC(1177) User=0,09s Sys=0,00s Real=0,02s
[2024-06-01T23:50:23.580-0300][gc,start      ] GC(1178) Pause Young (Normal) (G1 Evacuation Pause)
[2024-06-01T23:50:23.580-0300][gc,task       ] GC(1178) Using 4 workers of 4 for evacuation
[2024-06-01T23:50:23.590-0300][gc,phases     ] GC(1178)   Pre Evacuate Collection Set: 0,0ms
[2024-06-01T23:50:23.590-0300][gc,phases     ] GC(1178)   Evacuate Collection Set: 9,3ms
[2024-06-01T23:50:23.590-0300][gc,phases     ] GC(1178)   Post Evacuate Collection Set: 0,7ms
[2024-06-01T23:50:23.590-0300][gc,phases     ] GC(1178)   Other: 0,2ms
[2024-06-01T23:50:23.590-0300][gc,heap       ] GC(1178) Eden regions: 57->0(66)
[2024-06-01T23:50:23.590-0300][gc,heap       ] GC(1178) Survivor regions: 6->5(8)
[2024-06-01T23:50:23.590-0300][gc,heap       ] GC(1178) Old regions: 210->212
[2024-06-01T23:50:23.590-0300][gc,heap       ] GC(1178) Humongous regions: 129->129
[2024-06-01T23:50:23.590-0300][gc,metaspace  ] GC(1178) Metaspace: 45790K(48924K)->45790K(48924K) NonClass: 40051K(41680K)->40051K(41680K) Class: 5738K(7244K)->5738K(7244K)
[2024-06-01T23:50:23.590-0300][gc            ] GC(1178) Pause Young (Normal) (G1 Evacuation Pause) 399M->343M(1024M) 10,442ms
[2024-06-01T23:50:23.590-0300][gc,cpu        ] GC(1178) User=0,04s Sys=0,00s Real=0,01s
[2024-06-01T23:51:36.911-0300][gc,start      ] GC(1179) Pause Young (Normal) (G1 Evacuation Pause)
[2024-06-01T23:51:36.911-0300][gc,task       ] GC(1179) Using 4 workers of 4 for evacuation
[2024-06-01T23:51:36.932-0300][gc,mmu        ] GC(1179) MMU target violated: 20,8ms (20,0ms/21,0ms)
[2024-06-01T23:51:36.932-0300][gc,phases     ] GC(1179)   Pre Evacuate Collection Set: 0,1ms
[2024-06-01T23:51:36.932-0300][gc,phases     ] GC(1179)   Evacuate Collection Set: 19,8ms
[2024-06-01T23:51:36.932-0300][gc,phases     ] GC(1179)   Post Evacuate Collection Set: 0,7ms
[2024-06-01T23:51:36.932-0300][gc,phases     ] GC(1179)   Other: 0,5ms
[2024-06-01T23:51:36.932-0300][gc,heap       ] GC(1179) Eden regions: 66->0(62)
[2024-06-01T23:51:36.932-0300][gc,heap       ] GC(1179) Survivor regions: 5->7(9)
[2024-06-01T23:51:36.932-0300][gc,heap       ] GC(1179) Old regions: 212->212
[2024-06-01T23:51:36.932-0300][gc,heap       ] GC(1179) Humongous regions: 129->129
[2024-06-01T23:51:36.932-0300][gc,metaspace  ] GC(1179) Metaspace: 45795K(48924K)->45795K(48924K) NonClass: 40057K(41680K)->40057K(41680K) Class: 5738K(7244K)->5738K(7244K)
[2024-06-01T23:51:36.932-0300][gc            ] GC(1179) Pause Young (Normal) (G1 Evacuation Pause) 409M->345M(1024M) 21,213ms
[2024-06-01T23:51:36.932-0300][gc,cpu        ] GC(1179) User=0,08s Sys=0,00s Real=0,02s
[2024-06-01T23:52:06.626-0300][gc,start      ] GC(1180) Pause Young (Normal) (G1 Evacuation Pause)
[2024-06-01T23:52:06.626-0300][gc,task       ] GC(1180) Using 4 workers of 4 for evacuation
[2024-06-01T23:52:06.642-0300][gc,phases     ] GC(1180)   Pre Evacuate Collection Set: 0,0ms
[2024-06-01T23:52:06.642-0300][gc,phases     ] GC(1180)   Evacuate Collection Set: 15,7ms
[2024-06-01T23:52:06.642-0300][gc,phases     ] GC(1180)   Post Evacuate Collection Set: 0,4ms
[2024-06-01T23:52:06.642-0300][gc,phases     ] GC(1180)   Other: 0,2ms
[2024-06-01T23:52:06.642-0300][gc,heap       ] GC(1180) Eden regions: 47->0(64)
[2024-06-01T23:52:06.642-0300][gc,heap       ] GC(1180) Survivor regions: 7->6(7)
[2024-06-01T23:52:06.642-0300][gc,heap       ] GC(1180) Old regions: 212->215
[2024-06-01T23:52:06.642-0300][gc,heap       ] GC(1180) Humongous regions: 129->129
[2024-06-01T23:52:06.642-0300][gc,metaspace  ] GC(1180) Metaspace: 45795K(48924K)->45795K(48924K) NonClass: 40057K(41680K)->40057K(41680K) Class: 5738K(7244K)->5738K(7244K)
[2024-06-01T23:52:06.642-0300][gc            ] GC(1180) Pause Young (Normal) (G1 Evacuation Pause) 392M->347M(1024M) 16,460ms
[2024-06-01T23:52:06.642-0300][gc,cpu        ] GC(1180) User=0,05s Sys=0,00s Real=0,02s
[2024-06-01T23:52:41.232-0300][gc,start      ] GC(1181) Pause Young (Normal) (G1 Evacuation Pause)
[2024-06-01T23:52:41.232-0300][gc,task       ] GC(1181) Using 4 workers of 4 for evacuation
[2024-06-01T23:52:41.250-0300][gc,phases     ] GC(1181)   Pre Evacuate Collection Set: 0,0ms
[2024-06-01T23:52:41.251-0300][gc,phases     ] GC(1181)   Evacuate Collection Set: 17,7ms
[2024-06-01T23:52:41.251-0300][gc,phases     ] GC(1181)   Post Evacuate Collection Set: 0,7ms
[2024-06-01T23:52:41.251-0300][gc,phases     ] GC(1181)   Other: 0,3ms
[2024-06-01T23:52:41.251-0300][gc,heap       ] GC(1181) Eden regions: 60->0(68)
[2024-06-01T23:52:41.251-0300][gc,heap       ] GC(1181) Survivor regions: 6->5(9)
[2024-06-01T23:52:41.251-0300][gc,heap       ] GC(1181) Old regions: 215->216
[2024-06-01T23:52:41.251-0300][gc,heap       ] GC(1181) Humongous regions: 129->129
[2024-06-01T23:52:41.251-0300][gc,metaspace  ] GC(1181) Metaspace: 46128K(49180K)->46128K(49180K) NonClass: 40300K(41936K)->40300K(41936K) Class: 5828K(7244K)->5828K(7244K)
[2024-06-01T23:52:41.251-0300][gc            ] GC(1181) Pause Young (Normal) (G1 Evacuation Pause) 407M->348M(1024M) 18,784ms
[2024-06-01T23:52:41.251-0300][gc,cpu        ] GC(1181) User=0,04s Sys=0,01s Real=0,02s
[2024-06-01T23:52:41.653-0300][gc,heap,exit  ] Heap
[2024-06-01T23:52:41.653-0300][gc,heap,exit  ]  garbage-first heap   total 1048576K, used 366144K [0x00000000c0000000, 0x0000000100000000)
[2024-06-01T23:52:41.653-0300][gc,heap,exit  ]   region size 1024K, 15 young (15360K), 5 survivors (5120K)
[2024-06-01T23:52:41.653-0300][gc,heap,exit  ]  Metaspace       used 46940K, capacity 49976K, committed 50204K, reserved 1091584K
[2024-06-01T23:52:41.653-0300][gc,heap,exit  ]   class space    used 6013K, capacity 7445K, committed 7500K, reserved 1048576K
