[2024-06-02T22:32:06.324-0300][gc,heap] Heap region size: 1M
[2024-06-02T22:32:06.336-0300][gc     ] Using G1
[2024-06-02T22:32:06.336-0300][gc,heap,coops] Heap address: 0x00000000c0000000, size: 1024 MB, Compressed Oops mode: 32-bit
[2024-06-02T22:32:06.336-0300][gc,cds       ] Mark closed archive regions in map: [0x00000000fff00000, 0x00000000fff6bff8]
[2024-06-02T22:32:06.336-0300][gc,cds       ] Mark open archive regions in map: [0x00000000ffe00000, 0x00000000ffe47ff8]
[2024-06-02T22:32:07.124-0300][gc,start     ] GC(0) Pause Young (Normal) (G1 Evacuation Pause)
[2024-06-02T22:32:07.125-0300][gc,task      ] GC(0) Using 4 workers of 4 for evacuation
[2024-06-02T22:32:07.132-0300][gc,phases    ] GC(0)   Pre Evacuate Collection Set: 0,0ms
[2024-06-02T22:32:07.132-0300][gc,phases    ] GC(0)   Evacuate Collection Set: 6,0ms
[2024-06-02T22:32:07.132-0300][gc,phases    ] GC(0)   Post Evacuate Collection Set: 0,5ms
[2024-06-02T22:32:07.132-0300][gc,phases    ] GC(0)   Other: 0,7ms
[2024-06-02T22:32:07.132-0300][gc,heap      ] GC(0) Eden regions: 51->0(44)
[2024-06-02T22:32:07.132-0300][gc,heap      ] GC(0) Survivor regions: 0->7(7)
[2024-06-02T22:32:07.132-0300][gc,heap      ] GC(0) Old regions: 2->3
[2024-06-02T22:32:07.132-0300][gc,heap      ] GC(0) Humongous regions: 0->0
[2024-06-02T22:32:07.132-0300][gc,metaspace ] GC(0) Metaspace: 14153K(14848K)->14153K(14848K) NonClass: 12410K(12800K)->12410K(12800K) Class: 1742K(2048K)->1742K(2048K)
[2024-06-02T22:32:07.132-0300][gc           ] GC(0) Pause Young (Normal) (G1 Evacuation Pause) 51M->8M(1024M) 7,297ms
[2024-06-02T22:32:07.132-0300][gc,cpu       ] GC(0) User=0,02s Sys=0,01s Real=0,01s
[2024-06-02T22:32:07.517-0300][gc,start     ] GC(1) Pause Young (Concurrent Start) (Metadata GC Threshold)
[2024-06-02T22:32:07.517-0300][gc,task      ] GC(1) Using 4 workers of 4 for evacuation
[2024-06-02T22:32:07.526-0300][gc,phases    ] GC(1)   Pre Evacuate Collection Set: 0,0ms
[2024-06-02T22:32:07.526-0300][gc,phases    ] GC(1)   Evacuate Collection Set: 7,6ms
[2024-06-02T22:32:07.526-0300][gc,phases    ] GC(1)   Post Evacuate Collection Set: 0,6ms
[2024-06-02T22:32:07.526-0300][gc,phases    ] GC(1)   Other: 0,2ms
[2024-06-02T22:32:07.526-0300][gc,heap      ] GC(1) Eden regions: 29->0(49)
[2024-06-02T22:32:07.526-0300][gc,heap      ] GC(1) Survivor regions: 7->2(7)
[2024-06-02T22:32:07.526-0300][gc,heap      ] GC(1) Old regions: 3->10
[2024-06-02T22:32:07.526-0300][gc,heap      ] GC(1) Humongous regions: 0->0
[2024-06-02T22:32:07.526-0300][gc,metaspace ] GC(1) Metaspace: 20466K(21296K)->20466K(21296K) NonClass: 18008K(18608K)->18008K(18608K) Class: 2457K(2688K)->2457K(2688K)
[2024-06-02T22:32:07.526-0300][gc           ] GC(1) Pause Young (Concurrent Start) (Metadata GC Threshold) 36M->9M(1024M) 8,527ms
[2024-06-02T22:32:07.526-0300][gc,cpu       ] GC(1) User=0,02s Sys=0,00s Real=0,01s
[2024-06-02T22:32:07.526-0300][gc           ] GC(2) Concurrent Cycle
[2024-06-02T22:32:07.526-0300][gc,marking   ] GC(2) Concurrent Clear Claimed Marks
[2024-06-02T22:32:07.526-0300][gc,marking   ] GC(2) Concurrent Clear Claimed Marks 0,043ms
[2024-06-02T22:32:07.526-0300][gc,marking   ] GC(2) Concurrent Scan Root Regions
[2024-06-02T22:32:07.527-0300][gc,marking   ] GC(2) Concurrent Scan Root Regions 1,179ms
[2024-06-02T22:32:07.527-0300][gc,marking   ] GC(2) Concurrent Mark (1,206s)
[2024-06-02T22:32:07.527-0300][gc,marking   ] GC(2) Concurrent Mark From Roots
[2024-06-02T22:32:07.527-0300][gc,task      ] GC(2) Using 1 workers of 1 for marking
[2024-06-02T22:32:07.541-0300][gc,marking   ] GC(2) Concurrent Mark From Roots 13,236ms
[2024-06-02T22:32:07.541-0300][gc,marking   ] GC(2) Concurrent Preclean
[2024-06-02T22:32:07.541-0300][gc,marking   ] GC(2) Concurrent Preclean 0,089ms
[2024-06-02T22:32:07.541-0300][gc,marking   ] GC(2) Concurrent Mark (1,206s, 1,220s) 13,380ms
[2024-06-02T22:32:07.541-0300][gc,start     ] GC(2) Pause Remark
[2024-06-02T22:32:07.543-0300][gc,stringtable] GC(2) Cleaned string and symbol table, strings: 5799 processed, 0 removed, symbols: 53936 processed, 43 removed
[2024-06-02T22:32:07.544-0300][gc            ] GC(2) Pause Remark 10M->10M(1024M) 2,561ms
[2024-06-02T22:32:07.544-0300][gc,cpu        ] GC(2) User=0,01s Sys=0,00s Real=0,00s
[2024-06-02T22:32:07.544-0300][gc,marking    ] GC(2) Concurrent Rebuild Remembered Sets
[2024-06-02T22:32:07.548-0300][gc,marking    ] GC(2) Concurrent Rebuild Remembered Sets 4,526ms
[2024-06-02T22:32:07.549-0300][gc,start      ] GC(2) Pause Cleanup
[2024-06-02T22:32:07.549-0300][gc            ] GC(2) Pause Cleanup 10M->10M(1024M) 0,307ms
[2024-06-02T22:32:07.549-0300][gc,cpu        ] GC(2) User=0,00s Sys=0,00s Real=0,00s
[2024-06-02T22:32:07.549-0300][gc,marking    ] GC(2) Concurrent Cleanup for Next Mark
[2024-06-02T22:32:07.558-0300][gc,marking    ] GC(2) Concurrent Cleanup for Next Mark 8,662ms
[2024-06-02T22:32:07.558-0300][gc            ] GC(2) Concurrent Cycle 31,510ms
[2024-06-02T22:32:08.112-0300][gc,start      ] GC(3) Pause Young (Normal) (G1 Evacuation Pause)
[2024-06-02T22:32:08.112-0300][gc,task       ] GC(3) Using 4 workers of 4 for evacuation
[2024-06-02T22:32:08.118-0300][gc,phases     ] GC(3)   Pre Evacuate Collection Set: 0,0ms
[2024-06-02T22:32:08.118-0300][gc,phases     ] GC(3)   Evacuate Collection Set: 5,9ms
[2024-06-02T22:32:08.118-0300][gc,phases     ] GC(3)   Post Evacuate Collection Set: 0,3ms
[2024-06-02T22:32:08.118-0300][gc,phases     ] GC(3)   Other: 0,1ms
[2024-06-02T22:32:08.118-0300][gc,heap       ] GC(3) Eden regions: 49->0(47)
[2024-06-02T22:32:08.118-0300][gc,heap       ] GC(3) Survivor regions: 2->4(7)
[2024-06-02T22:32:08.118-0300][gc,heap       ] GC(3) Old regions: 10->10
[2024-06-02T22:32:08.118-0300][gc,heap       ] GC(3) Humongous regions: 129->129
[2024-06-02T22:32:08.118-0300][gc,metaspace  ] GC(3) Metaspace: 28854K(29952K)->28854K(29952K) NonClass: 25493K(26112K)->25493K(26112K) Class: 3360K(3840K)->3360K(3840K)
[2024-06-02T22:32:08.118-0300][gc            ] GC(3) Pause Young (Normal) (G1 Evacuation Pause) 187M->140M(1024M) 6,465ms
[2024-06-02T22:32:08.118-0300][gc,cpu        ] GC(3) User=0,01s Sys=0,00s Real=0,00s
[2024-06-02T22:32:08.532-0300][gc,start      ] GC(4) Pause Young (Concurrent Start) (Metadata GC Threshold)
[2024-06-02T22:32:08.532-0300][gc,task       ] GC(4) Using 4 workers of 4 for evacuation
[2024-06-02T22:32:08.539-0300][gc,phases     ] GC(4)   Pre Evacuate Collection Set: 0,1ms
[2024-06-02T22:32:08.539-0300][gc,phases     ] GC(4)   Evacuate Collection Set: 6,5ms
[2024-06-02T22:32:08.539-0300][gc,phases     ] GC(4)   Post Evacuate Collection Set: 0,5ms
[2024-06-02T22:32:08.539-0300][gc,phases     ] GC(4)   Other: 0,3ms
[2024-06-02T22:32:08.539-0300][gc,heap       ] GC(4) Eden regions: 35->0(44)
[2024-06-02T22:32:08.539-0300][gc,heap       ] GC(4) Survivor regions: 4->7(7)
[2024-06-02T22:32:08.539-0300][gc,heap       ] GC(4) Old regions: 10->11
[2024-06-02T22:32:08.539-0300][gc,heap       ] GC(4) Humongous regions: 129->129
[2024-06-02T22:32:08.539-0300][gc,metaspace  ] GC(4) Metaspace: 34733K(36048K)->34733K(36048K) NonClass: 30762K(31440K)->30762K(31440K) Class: 3970K(4608K)->3970K(4608K)
[2024-06-02T22:32:08.539-0300][gc            ] GC(4) Pause Young (Concurrent Start) (Metadata GC Threshold) 175M->144M(1024M) 7,534ms
[2024-06-02T22:32:08.539-0300][gc,cpu        ] GC(4) User=0,02s Sys=0,00s Real=0,01s
[2024-06-02T22:32:08.539-0300][gc            ] GC(5) Concurrent Cycle
[2024-06-02T22:32:08.539-0300][gc,marking    ] GC(5) Concurrent Clear Claimed Marks
[2024-06-02T22:32:08.539-0300][gc,marking    ] GC(5) Concurrent Clear Claimed Marks 0,127ms
[2024-06-02T22:32:08.539-0300][gc,marking    ] GC(5) Concurrent Scan Root Regions
[2024-06-02T22:32:08.543-0300][gc,marking    ] GC(5) Concurrent Scan Root Regions 3,769ms
[2024-06-02T22:32:08.543-0300][gc,marking    ] GC(5) Concurrent Mark (2,222s)
[2024-06-02T22:32:08.543-0300][gc,marking    ] GC(5) Concurrent Mark From Roots
[2024-06-02T22:32:08.543-0300][gc,task       ] GC(5) Using 1 workers of 1 for marking
[2024-06-02T22:32:08.554-0300][gc,marking    ] GC(5) Concurrent Mark From Roots 11,107ms
[2024-06-02T22:32:08.554-0300][gc,marking    ] GC(5) Concurrent Preclean
[2024-06-02T22:32:08.555-0300][gc,marking    ] GC(5) Concurrent Preclean 0,099ms
[2024-06-02T22:32:08.555-0300][gc,marking    ] GC(5) Concurrent Mark (2,222s, 2,233s) 11,253ms
[2024-06-02T22:32:08.555-0300][gc,start      ] GC(5) Pause Remark
[2024-06-02T22:32:08.559-0300][gc,stringtable] GC(5) Cleaned string and symbol table, strings: 11679 processed, 23 removed, symbols: 88940 processed, 19 removed
[2024-06-02T22:32:08.559-0300][gc            ] GC(5) Pause Remark 144M->144M(1024M) 4,698ms
[2024-06-02T22:32:08.559-0300][gc,cpu        ] GC(5) User=0,01s Sys=0,00s Real=0,01s
[2024-06-02T22:32:08.560-0300][gc,marking    ] GC(5) Concurrent Rebuild Remembered Sets
[2024-06-02T22:32:08.565-0300][gc,marking    ] GC(5) Concurrent Rebuild Remembered Sets 5,276ms
[2024-06-02T22:32:08.568-0300][gc,start      ] GC(5) Pause Cleanup
[2024-06-02T22:32:08.568-0300][gc            ] GC(5) Pause Cleanup 145M->145M(1024M) 0,189ms
[2024-06-02T22:32:08.568-0300][gc,cpu        ] GC(5) User=0,00s Sys=0,00s Real=0,00s
[2024-06-02T22:32:08.568-0300][gc,marking    ] GC(5) Concurrent Cleanup for Next Mark
[2024-06-02T22:32:08.578-0300][gc,marking    ] GC(5) Concurrent Cleanup for Next Mark 10,012ms
[2024-06-02T22:32:08.578-0300][gc            ] GC(5) Concurrent Cycle 39,067ms
[2024-06-02T22:33:19.021-0300][gc,start      ] GC(6) Pause Young (Normal) (G1 Evacuation Pause)
[2024-06-02T22:33:19.021-0300][gc,task       ] GC(6) Using 4 workers of 4 for evacuation
[2024-06-02T22:33:19.027-0300][gc,phases     ] GC(6)   Pre Evacuate Collection Set: 0,0ms
[2024-06-02T22:33:19.027-0300][gc,phases     ] GC(6)   Evacuate Collection Set: 5,4ms
[2024-06-02T22:33:19.027-0300][gc,phases     ] GC(6)   Post Evacuate Collection Set: 0,5ms
[2024-06-02T22:33:19.027-0300][gc,phases     ] GC(6)   Other: 0,2ms
[2024-06-02T22:33:19.027-0300][gc,heap       ] GC(6) Eden regions: 44->0(45)
[2024-06-02T22:33:19.027-0300][gc,heap       ] GC(6) Survivor regions: 7->6(7)
[2024-06-02T22:33:19.027-0300][gc,heap       ] GC(6) Old regions: 11->14
[2024-06-02T22:33:19.027-0300][gc,heap       ] GC(6) Humongous regions: 129->129
[2024-06-02T22:33:19.027-0300][gc,metaspace  ] GC(6) Metaspace: 41198K(43728K)->41198K(43728K) NonClass: 35946K(37328K)->35946K(37328K) Class: 5252K(6400K)->5252K(6400K)
[2024-06-02T22:33:19.027-0300][gc            ] GC(6) Pause Young (Normal) (G1 Evacuation Pause) 188M->146M(1024M) 6,162ms
[2024-06-02T22:33:19.027-0300][gc,cpu        ] GC(6) User=0,02s Sys=0,00s Real=0,00s
[2024-06-02T22:40:42.203-0300][gc,start      ] GC(7) Pause Young (Normal) (G1 Evacuation Pause)
[2024-06-02T22:40:42.203-0300][gc,task       ] GC(7) Using 4 workers of 4 for evacuation
[2024-06-02T22:40:42.212-0300][gc,phases     ] GC(7)   Pre Evacuate Collection Set: 0,0ms
[2024-06-02T22:40:42.212-0300][gc,phases     ] GC(7)   Evacuate Collection Set: 7,5ms
[2024-06-02T22:40:42.212-0300][gc,phases     ] GC(7)   Post Evacuate Collection Set: 0,7ms
[2024-06-02T22:40:42.212-0300][gc,phases     ] GC(7)   Other: 0,2ms
[2024-06-02T22:40:42.212-0300][gc,heap       ] GC(7) Eden regions: 45->0(45)
[2024-06-02T22:40:42.212-0300][gc,heap       ] GC(7) Survivor regions: 6->6(7)
[2024-06-02T22:40:42.212-0300][gc,heap       ] GC(7) Old regions: 14->17
[2024-06-02T22:40:42.212-0300][gc,heap       ] GC(7) Humongous regions: 129->129
[2024-06-02T22:40:42.212-0300][gc,metaspace  ] GC(7) Metaspace: 45048K(47824K)->45048K(47824K) NonClass: 39237K(40656K)->39237K(40656K) Class: 5810K(7168K)->5810K(7168K)
[2024-06-02T22:40:42.212-0300][gc            ] GC(7) Pause Young (Normal) (G1 Evacuation Pause) 191M->149M(1024M) 8,402ms
[2024-06-02T22:40:42.212-0300][gc,cpu        ] GC(7) User=0,03s Sys=0,00s Real=0,01s
[2024-06-02T22:52:01.997-0300][gc,start      ] GC(8) Pause Young (Normal) (G1 Evacuation Pause)
[2024-06-02T22:52:01.997-0300][gc,task       ] GC(8) Using 4 workers of 4 for evacuation
[2024-06-02T22:52:02.013-0300][gc,phases     ] GC(8)   Pre Evacuate Collection Set: 0,1ms
[2024-06-02T22:52:02.013-0300][gc,phases     ] GC(8)   Evacuate Collection Set: 14,2ms
[2024-06-02T22:52:02.013-0300][gc,phases     ] GC(8)   Post Evacuate Collection Set: 1,0ms
[2024-06-02T22:52:02.013-0300][gc,phases     ] GC(8)   Other: 0,4ms
[2024-06-02T22:52:02.013-0300][gc,heap       ] GC(8) Eden regions: 45->0(48)
[2024-06-02T22:52:02.013-0300][gc,heap       ] GC(8) Survivor regions: 6->3(7)
[2024-06-02T22:52:02.013-0300][gc,heap       ] GC(8) Old regions: 17->19
[2024-06-02T22:52:02.013-0300][gc,heap       ] GC(8) Humongous regions: 129->129
[2024-06-02T22:52:02.013-0300][gc,metaspace  ] GC(8) Metaspace: 45366K(48464K)->45366K(48464K) NonClass: 39513K(41168K)->39513K(41168K) Class: 5852K(7296K)->5852K(7296K)
[2024-06-02T22:52:02.013-0300][gc            ] GC(8) Pause Young (Normal) (G1 Evacuation Pause) 194M->149M(1024M) 15,841ms
[2024-06-02T22:52:02.013-0300][gc,cpu        ] GC(8) User=0,05s Sys=0,00s Real=0,02s
[2024-06-02T23:02:43.113-0300][gc,start      ] GC(9) Pause Young (Normal) (G1 Evacuation Pause)
[2024-06-02T23:02:43.113-0300][gc,task       ] GC(9) Using 4 workers of 4 for evacuation
[2024-06-02T23:02:43.120-0300][gc,phases     ] GC(9)   Pre Evacuate Collection Set: 0,0ms
[2024-06-02T23:02:43.120-0300][gc,phases     ] GC(9)   Evacuate Collection Set: 6,1ms
[2024-06-02T23:02:43.120-0300][gc,phases     ] GC(9)   Post Evacuate Collection Set: 0,7ms
[2024-06-02T23:02:43.120-0300][gc,phases     ] GC(9)   Other: 0,2ms
[2024-06-02T23:02:43.120-0300][gc,heap       ] GC(9) Eden regions: 48->0(47)
[2024-06-02T23:02:43.120-0300][gc,heap       ] GC(9) Survivor regions: 3->4(7)
[2024-06-02T23:02:43.120-0300][gc,heap       ] GC(9) Old regions: 19->19
[2024-06-02T23:02:43.120-0300][gc,heap       ] GC(9) Humongous regions: 129->129
[2024-06-02T23:02:43.120-0300][gc,metaspace  ] GC(9) Metaspace: 46573K(49872K)->46573K(49872K) NonClass: 40466K(42192K)->40466K(42192K) Class: 6107K(7680K)->6107K(7680K)
[2024-06-02T23:02:43.120-0300][gc            ] GC(9) Pause Young (Normal) (G1 Evacuation Pause) 197M->149M(1024M) 7,098ms
[2024-06-02T23:02:43.120-0300][gc,cpu        ] GC(9) User=0,02s Sys=0,00s Real=0,01s
[2024-06-02T23:02:43.129-0300][gc,heap,exit  ] Heap
[2024-06-02T23:02:43.129-0300][gc,heap,exit  ]  garbage-first heap   total 1048576K, used 153471K [0x00000000c0000000, 0x0000000100000000)
[2024-06-02T23:02:43.129-0300][gc,heap,exit  ]   region size 1024K, 5 young (5120K), 4 survivors (4096K)
[2024-06-02T23:02:43.129-0300][gc,heap,exit  ]  Metaspace       used 46602K, capacity 49715K, committed 49872K, reserved 1091584K
[2024-06-02T23:02:43.129-0300][gc,heap,exit  ]   class space    used 6117K, capacity 7630K, committed 7680K, reserved 1048576K
