[2024-05-31T12:31:42.455-0300][gc,heap] Heap region size: 1M
[2024-05-31T12:31:42.467-0300][gc     ] Using G1
[2024-05-31T12:31:42.467-0300][gc,heap,coops] Heap address: 0x00000000c0000000, size: 1024 MB, Compressed Oops mode: 32-bit
[2024-05-31T12:31:42.467-0300][gc,cds       ] Mark closed archive regions in map: [0x00000000fff00000, 0x00000000fff6bff8]
[2024-05-31T12:31:42.467-0300][gc,cds       ] Mark open archive regions in map: [0x00000000ffe00000, 0x00000000ffe47ff8]
[2024-05-31T12:31:43.261-0300][gc,start     ] GC(0) Pause Young (Normal) (G1 Evacuation Pause)
[2024-05-31T12:31:43.262-0300][gc,task      ] GC(0) Using 4 workers of 4 for evacuation
[2024-05-31T12:31:43.269-0300][gc,phases    ] GC(0)   Pre Evacuate Collection Set: 0,0ms
[2024-05-31T12:31:43.269-0300][gc,phases    ] GC(0)   Evacuate Collection Set: 6,4ms
[2024-05-31T12:31:43.269-0300][gc,phases    ] GC(0)   Post Evacuate Collection Set: 0,5ms
[2024-05-31T12:31:43.269-0300][gc,phases    ] GC(0)   Other: 0,5ms
[2024-05-31T12:31:43.269-0300][gc,heap      ] GC(0) Eden regions: 51->0(44)
[2024-05-31T12:31:43.269-0300][gc,heap      ] GC(0) Survivor regions: 0->7(7)
[2024-05-31T12:31:43.269-0300][gc,heap      ] GC(0) Old regions: 2->3
[2024-05-31T12:31:43.269-0300][gc,heap      ] GC(0) Humongous regions: 0->0
[2024-05-31T12:31:43.269-0300][gc,metaspace ] GC(0) Metaspace: 14149K(14848K)->14149K(14848K) NonClass: 12407K(12800K)->12407K(12800K) Class: 1742K(2048K)->1742K(2048K)
[2024-05-31T12:31:43.269-0300][gc           ] GC(0) Pause Young (Normal) (G1 Evacuation Pause) 51M->7M(1024M) 7,436ms
[2024-05-31T12:31:43.269-0300][gc,cpu       ] GC(0) User=0,02s Sys=0,00s Real=0,01s
[2024-05-31T12:31:43.657-0300][gc,start     ] GC(1) Pause Young (Concurrent Start) (Metadata GC Threshold)
[2024-05-31T12:31:43.657-0300][gc,task      ] GC(1) Using 4 workers of 4 for evacuation
[2024-05-31T12:31:43.669-0300][gc,phases    ] GC(1)   Pre Evacuate Collection Set: 0,1ms
[2024-05-31T12:31:43.669-0300][gc,phases    ] GC(1)   Evacuate Collection Set: 11,5ms
[2024-05-31T12:31:43.669-0300][gc,phases    ] GC(1)   Post Evacuate Collection Set: 0,4ms
[2024-05-31T12:31:43.669-0300][gc,phases    ] GC(1)   Other: 0,5ms
[2024-05-31T12:31:43.669-0300][gc,heap      ] GC(1) Eden regions: 30->0(49)
[2024-05-31T12:31:43.669-0300][gc,heap      ] GC(1) Survivor regions: 7->2(7)
[2024-05-31T12:31:43.669-0300][gc,heap      ] GC(1) Old regions: 3->10
[2024-05-31T12:31:43.669-0300][gc,heap      ] GC(1) Humongous regions: 0->0
[2024-05-31T12:31:43.669-0300][gc,metaspace ] GC(1) Metaspace: 20463K(21296K)->20463K(21296K) NonClass: 18005K(18608K)->18005K(18608K) Class: 2457K(2688K)->2457K(2688K)
[2024-05-31T12:31:43.669-0300][gc           ] GC(1) Pause Young (Concurrent Start) (Metadata GC Threshold) 37M->9M(1024M) 12,635ms
[2024-05-31T12:31:43.669-0300][gc,cpu       ] GC(1) User=0,03s Sys=0,00s Real=0,02s
[2024-05-31T12:31:43.669-0300][gc           ] GC(2) Concurrent Cycle
[2024-05-31T12:31:43.669-0300][gc,marking   ] GC(2) Concurrent Clear Claimed Marks
[2024-05-31T12:31:43.669-0300][gc,marking   ] GC(2) Concurrent Clear Claimed Marks 0,013ms
[2024-05-31T12:31:43.669-0300][gc,marking   ] GC(2) Concurrent Scan Root Regions
[2024-05-31T12:31:43.670-0300][gc,marking   ] GC(2) Concurrent Scan Root Regions 0,834ms
[2024-05-31T12:31:43.670-0300][gc,marking   ] GC(2) Concurrent Mark (1,218s)
[2024-05-31T12:31:43.670-0300][gc,marking   ] GC(2) Concurrent Mark From Roots
[2024-05-31T12:31:43.670-0300][gc,task      ] GC(2) Using 1 workers of 1 for marking
[2024-05-31T12:31:43.680-0300][gc,marking   ] GC(2) Concurrent Mark From Roots 10,095ms
[2024-05-31T12:31:43.680-0300][gc,marking   ] GC(2) Concurrent Preclean
[2024-05-31T12:31:43.681-0300][gc,marking   ] GC(2) Concurrent Preclean 0,080ms
[2024-05-31T12:31:43.681-0300][gc,marking   ] GC(2) Concurrent Mark (1,218s, 1,229s) 10,211ms
[2024-05-31T12:31:43.681-0300][gc,start     ] GC(2) Pause Remark
[2024-05-31T12:31:43.685-0300][gc,stringtable] GC(2) Cleaned string and symbol table, strings: 5799 processed, 0 removed, symbols: 53916 processed, 43 removed
[2024-05-31T12:31:43.685-0300][gc            ] GC(2) Pause Remark 10M->10M(1024M) 4,715ms
[2024-05-31T12:31:43.685-0300][gc,cpu        ] GC(2) User=0,01s Sys=0,00s Real=0,01s
[2024-05-31T12:31:43.685-0300][gc,marking    ] GC(2) Concurrent Rebuild Remembered Sets
[2024-05-31T12:31:43.690-0300][gc,marking    ] GC(2) Concurrent Rebuild Remembered Sets 4,316ms
[2024-05-31T12:31:43.690-0300][gc,start      ] GC(2) Pause Cleanup
[2024-05-31T12:31:43.690-0300][gc            ] GC(2) Pause Cleanup 10M->10M(1024M) 0,174ms
[2024-05-31T12:31:43.690-0300][gc,cpu        ] GC(2) User=0,00s Sys=0,00s Real=0,00s
[2024-05-31T12:31:43.690-0300][gc,marking    ] GC(2) Concurrent Cleanup for Next Mark
[2024-05-31T12:31:43.697-0300][gc,marking    ] GC(2) Concurrent Cleanup for Next Mark 7,145ms
[2024-05-31T12:31:43.697-0300][gc            ] GC(2) Concurrent Cycle 28,007ms
[2024-05-31T12:31:44.266-0300][gc,start      ] GC(3) Pause Young (Normal) (G1 Evacuation Pause)
[2024-05-31T12:31:44.266-0300][gc,task       ] GC(3) Using 4 workers of 4 for evacuation
[2024-05-31T12:31:44.271-0300][gc,phases     ] GC(3)   Pre Evacuate Collection Set: 0,0ms
[2024-05-31T12:31:44.271-0300][gc,phases     ] GC(3)   Evacuate Collection Set: 3,8ms
[2024-05-31T12:31:44.271-0300][gc,phases     ] GC(3)   Post Evacuate Collection Set: 0,4ms
[2024-05-31T12:31:44.271-0300][gc,phases     ] GC(3)   Other: 0,1ms
[2024-05-31T12:31:44.271-0300][gc,heap       ] GC(3) Eden regions: 49->0(47)
[2024-05-31T12:31:44.271-0300][gc,heap       ] GC(3) Survivor regions: 2->4(7)
[2024-05-31T12:31:44.271-0300][gc,heap       ] GC(3) Old regions: 10->10
[2024-05-31T12:31:44.271-0300][gc,heap       ] GC(3) Humongous regions: 129->129
[2024-05-31T12:31:44.271-0300][gc,metaspace  ] GC(3) Metaspace: 28862K(30128K)->28862K(30128K) NonClass: 25501K(26288K)->25501K(26288K) Class: 3360K(3840K)->3360K(3840K)
[2024-05-31T12:31:44.271-0300][gc            ] GC(3) Pause Young (Normal) (G1 Evacuation Pause) 187M->141M(1024M) 4,351ms
[2024-05-31T12:31:44.271-0300][gc,cpu        ] GC(3) User=0,01s Sys=0,00s Real=0,00s
[2024-05-31T12:31:44.675-0300][gc,start      ] GC(4) Pause Young (Concurrent Start) (Metadata GC Threshold)
[2024-05-31T12:31:44.675-0300][gc,task       ] GC(4) Using 4 workers of 4 for evacuation
[2024-05-31T12:31:44.681-0300][gc,phases     ] GC(4)   Pre Evacuate Collection Set: 0,1ms
[2024-05-31T12:31:44.681-0300][gc,phases     ] GC(4)   Evacuate Collection Set: 5,1ms
[2024-05-31T12:31:44.681-0300][gc,phases     ] GC(4)   Post Evacuate Collection Set: 1,0ms
[2024-05-31T12:31:44.682-0300][gc,phases     ] GC(4)   Other: 0,2ms
[2024-05-31T12:31:44.682-0300][gc,heap       ] GC(4) Eden regions: 33->0(44)
[2024-05-31T12:31:44.682-0300][gc,heap       ] GC(4) Survivor regions: 4->7(7)
[2024-05-31T12:31:44.682-0300][gc,heap       ] GC(4) Old regions: 10->11
[2024-05-31T12:31:44.682-0300][gc,heap       ] GC(4) Humongous regions: 129->129
[2024-05-31T12:31:44.682-0300][gc,metaspace  ] GC(4) Metaspace: 34367K(35708K)->34367K(35708K) NonClass: 30424K(31100K)->30424K(31100K) Class: 3943K(4608K)->3943K(4608K)
[2024-05-31T12:31:44.682-0300][gc            ] GC(4) Pause Young (Concurrent Start) (Metadata GC Threshold) 173M->144M(1024M) 6,628ms
[2024-05-31T12:31:44.682-0300][gc,cpu        ] GC(4) User=0,02s Sys=0,00s Real=0,01s
[2024-05-31T12:31:44.682-0300][gc            ] GC(5) Concurrent Cycle
[2024-05-31T12:31:44.682-0300][gc,marking    ] GC(5) Concurrent Clear Claimed Marks
[2024-05-31T12:31:44.682-0300][gc,marking    ] GC(5) Concurrent Clear Claimed Marks 0,085ms
[2024-05-31T12:31:44.682-0300][gc,marking    ] GC(5) Concurrent Scan Root Regions
[2024-05-31T12:31:44.686-0300][gc,marking    ] GC(5) Concurrent Scan Root Regions 3,813ms
[2024-05-31T12:31:44.686-0300][gc,marking    ] GC(5) Concurrent Mark (2,234s)
[2024-05-31T12:31:44.686-0300][gc,marking    ] GC(5) Concurrent Mark From Roots
[2024-05-31T12:31:44.686-0300][gc,task       ] GC(5) Using 1 workers of 1 for marking
[2024-05-31T12:31:44.711-0300][gc,marking    ] GC(5) Concurrent Mark From Roots 24,867ms
[2024-05-31T12:31:44.711-0300][gc,marking    ] GC(5) Concurrent Preclean
[2024-05-31T12:31:44.711-0300][gc,marking    ] GC(5) Concurrent Preclean 0,118ms
[2024-05-31T12:31:44.711-0300][gc,marking    ] GC(5) Concurrent Mark (2,234s, 2,259s) 25,038ms
[2024-05-31T12:31:44.711-0300][gc,start      ] GC(5) Pause Remark
[2024-05-31T12:31:44.714-0300][gc,stringtable] GC(5) Cleaned string and symbol table, strings: 11709 processed, 23 removed, symbols: 88764 processed, 17 removed
[2024-05-31T12:31:44.715-0300][gc            ] GC(5) Pause Remark 147M->147M(1024M) 3,305ms
[2024-05-31T12:31:44.715-0300][gc,cpu        ] GC(5) User=0,02s Sys=0,00s Real=0,00s
[2024-05-31T12:31:44.715-0300][gc,marking    ] GC(5) Concurrent Rebuild Remembered Sets
[2024-05-31T12:31:44.722-0300][gc,marking    ] GC(5) Concurrent Rebuild Remembered Sets 7,048ms
[2024-05-31T12:31:44.726-0300][gc,start      ] GC(5) Pause Cleanup
[2024-05-31T12:31:44.726-0300][gc            ] GC(5) Pause Cleanup 148M->148M(1024M) 0,123ms
[2024-05-31T12:31:44.726-0300][gc,cpu        ] GC(5) User=0,00s Sys=0,00s Real=0,00s
[2024-05-31T12:31:44.726-0300][gc,marking    ] GC(5) Concurrent Cleanup for Next Mark
[2024-05-31T12:31:44.737-0300][gc,marking    ] GC(5) Concurrent Cleanup for Next Mark 11,255ms
[2024-05-31T12:31:44.737-0300][gc            ] GC(5) Concurrent Cycle 55,559ms
[2024-05-31T12:34:44.682-0300][gc,start      ] GC(6) Pause Young (Concurrent Start) (G1 Evacuation Pause)
[2024-05-31T12:34:44.682-0300][gc,task       ] GC(6) Using 4 workers of 4 for evacuation
[2024-05-31T12:34:44.701-0300][gc,phases     ] GC(6)   Pre Evacuate Collection Set: 0,1ms
[2024-05-31T12:34:44.701-0300][gc,phases     ] GC(6)   Evacuate Collection Set: 18,3ms
[2024-05-31T12:34:44.701-0300][gc,phases     ] GC(6)   Post Evacuate Collection Set: 0,5ms
[2024-05-31T12:34:44.701-0300][gc,phases     ] GC(6)   Other: 0,2ms
[2024-05-31T12:34:44.701-0300][gc,heap       ] GC(6) Eden regions: 44->0(45)
[2024-05-31T12:34:44.701-0300][gc,heap       ] GC(6) Survivor regions: 7->6(7)
[2024-05-31T12:34:44.701-0300][gc,heap       ] GC(6) Old regions: 11->14
[2024-05-31T12:34:44.701-0300][gc,heap       ] GC(6) Humongous regions: 129->129
[2024-05-31T12:34:44.701-0300][gc,metaspace  ] GC(6) Metaspace: 41164K(43440K)->41164K(43440K) NonClass: 35903K(37040K)->35903K(37040K) Class: 5260K(6400K)->5260K(6400K)
[2024-05-31T12:34:44.701-0300][gc            ] GC(6) Pause Young (Concurrent Start) (G1 Evacuation Pause) 188M->146M(1024M) 19,238ms
[2024-05-31T12:34:44.701-0300][gc,cpu        ] GC(6) User=0,06s Sys=0,00s Real=0,02s
[2024-05-31T12:34:44.701-0300][gc            ] GC(7) Concurrent Cycle
[2024-05-31T12:34:44.701-0300][gc,marking    ] GC(7) Concurrent Clear Claimed Marks
[2024-05-31T12:34:44.701-0300][gc,marking    ] GC(7) Concurrent Clear Claimed Marks 0,072ms
[2024-05-31T12:34:44.701-0300][gc,marking    ] GC(7) Concurrent Scan Root Regions
[2024-05-31T12:34:44.705-0300][gc,marking    ] GC(7) Concurrent Scan Root Regions 3,746ms
[2024-05-31T12:34:44.705-0300][gc,marking    ] GC(7) Concurrent Mark (182,253s)
[2024-05-31T12:34:44.705-0300][gc,marking    ] GC(7) Concurrent Mark From Roots
[2024-05-31T12:34:44.705-0300][gc,task       ] GC(7) Using 1 workers of 1 for marking
[2024-05-31T12:34:44.720-0300][gc,marking    ] GC(7) Concurrent Mark From Roots 14,734ms
[2024-05-31T12:34:44.720-0300][gc,marking    ] GC(7) Concurrent Preclean
[2024-05-31T12:34:44.720-0300][gc,marking    ] GC(7) Concurrent Preclean 0,093ms
[2024-05-31T12:34:44.720-0300][gc,marking    ] GC(7) Concurrent Mark (182,253s, 182,268s) 14,869ms
[2024-05-31T12:34:44.720-0300][gc,start      ] GC(7) Pause Remark
[2024-05-31T12:34:44.725-0300][gc,stringtable] GC(7) Cleaned string and symbol table, strings: 13035 processed, 5 removed, symbols: 96754 processed, 4 removed
[2024-05-31T12:34:44.725-0300][gc            ] GC(7) Pause Remark 146M->146M(1024M) 5,166ms
[2024-05-31T12:34:44.725-0300][gc,cpu        ] GC(7) User=0,02s Sys=0,00s Real=0,01s
[2024-05-31T12:34:44.725-0300][gc,marking    ] GC(7) Concurrent Rebuild Remembered Sets
[2024-05-31T12:34:44.733-0300][gc,marking    ] GC(7) Concurrent Rebuild Remembered Sets 7,597ms
[2024-05-31T12:34:44.734-0300][gc,start      ] GC(7) Pause Cleanup
[2024-05-31T12:34:44.734-0300][gc            ] GC(7) Pause Cleanup 147M->147M(1024M) 0,170ms
[2024-05-31T12:34:44.734-0300][gc,cpu        ] GC(7) User=0,00s Sys=0,00s Real=0,00s
[2024-05-31T12:34:44.734-0300][gc,marking    ] GC(7) Concurrent Cleanup for Next Mark
[2024-05-31T12:34:44.735-0300][gc,marking    ] GC(7) Concurrent Cleanup for Next Mark 1,210ms
[2024-05-31T12:34:44.735-0300][gc            ] GC(7) Concurrent Cycle 33,667ms
[2024-05-31T12:41:59.113-0300][gc,start      ] GC(8) Pause Young (Normal) (G1 Evacuation Pause)
[2024-05-31T12:41:59.113-0300][gc,task       ] GC(8) Using 4 workers of 4 for evacuation
[2024-05-31T12:41:59.137-0300][gc,mmu        ] GC(8) MMU target violated: 21,0ms (20,0ms/21,0ms)
[2024-05-31T12:41:59.137-0300][gc,phases     ] GC(8)   Pre Evacuate Collection Set: 0,1ms
[2024-05-31T12:41:59.137-0300][gc,phases     ] GC(8)   Evacuate Collection Set: 21,7ms
[2024-05-31T12:41:59.137-0300][gc,phases     ] GC(8)   Post Evacuate Collection Set: 1,4ms
[2024-05-31T12:41:59.137-0300][gc,phases     ] GC(8)   Other: 0,5ms
[2024-05-31T12:41:59.137-0300][gc,heap       ] GC(8) Eden regions: 45->0(45)
[2024-05-31T12:41:59.137-0300][gc,heap       ] GC(8) Survivor regions: 6->6(7)
[2024-05-31T12:41:59.137-0300][gc,heap       ] GC(8) Old regions: 14->16
[2024-05-31T12:41:59.137-0300][gc,heap       ] GC(8) Humongous regions: 129->129
[2024-05-31T12:41:59.137-0300][gc,metaspace  ] GC(8) Metaspace: 44656K(47536K)->44656K(47536K) NonClass: 38935K(40368K)->38935K(40368K) Class: 5721K(7168K)->5721K(7168K)
[2024-05-31T12:41:59.137-0300][gc            ] GC(8) Pause Young (Normal) (G1 Evacuation Pause) 191M->149M(1024M) 23,862ms
[2024-05-31T12:41:59.137-0300][gc,cpu        ] GC(8) User=0,08s Sys=0,01s Real=0,03s
[2024-05-31T12:54:41.988-0300][gc,start      ] GC(9) Pause Young (Normal) (G1 Evacuation Pause)
[2024-05-31T12:54:41.988-0300][gc,task       ] GC(9) Using 4 workers of 4 for evacuation
[2024-05-31T12:54:42.005-0300][gc,phases     ] GC(9)   Pre Evacuate Collection Set: 0,1ms
[2024-05-31T12:54:42.005-0300][gc,phases     ] GC(9)   Evacuate Collection Set: 15,5ms
[2024-05-31T12:54:42.005-0300][gc,phases     ] GC(9)   Post Evacuate Collection Set: 1,3ms
[2024-05-31T12:54:42.005-0300][gc,phases     ] GC(9)   Other: 0,4ms
[2024-05-31T12:54:42.005-0300][gc,heap       ] GC(9) Eden regions: 45->0(47)
[2024-05-31T12:54:42.005-0300][gc,heap       ] GC(9) Survivor regions: 6->4(7)
[2024-05-31T12:54:42.005-0300][gc,heap       ] GC(9) Old regions: 16->19
[2024-05-31T12:54:42.005-0300][gc,heap       ] GC(9) Humongous regions: 129->129
[2024-05-31T12:54:42.005-0300][gc,metaspace  ] GC(9) Metaspace: 44840K(47792K)->44840K(47792K) NonClass: 39110K(40624K)->39110K(40624K) Class: 5730K(7168K)->5730K(7168K)
[2024-05-31T12:54:42.005-0300][gc            ] GC(9) Pause Young (Normal) (G1 Evacuation Pause) 194M->149M(1024M) 17,465ms
[2024-05-31T12:54:42.005-0300][gc,cpu        ] GC(9) User=0,06s Sys=0,00s Real=0,02s
[2024-05-31T13:08:44.313-0300][gc,start      ] GC(10) Pause Young (Normal) (G1 Evacuation Pause)
[2024-05-31T13:08:44.313-0300][gc,task       ] GC(10) Using 4 workers of 4 for evacuation
[2024-05-31T13:08:44.326-0300][gc,phases     ] GC(10)   Pre Evacuate Collection Set: 0,1ms
[2024-05-31T13:08:44.326-0300][gc,phases     ] GC(10)   Evacuate Collection Set: 10,3ms
[2024-05-31T13:08:44.326-0300][gc,phases     ] GC(10)   Post Evacuate Collection Set: 1,6ms
[2024-05-31T13:08:44.326-0300][gc,phases     ] GC(10)   Other: 0,4ms
[2024-05-31T13:08:44.326-0300][gc,heap       ] GC(10) Eden regions: 47->0(48)
[2024-05-31T13:08:44.326-0300][gc,heap       ] GC(10) Survivor regions: 4->3(7)
[2024-05-31T13:08:44.326-0300][gc,heap       ] GC(10) Old regions: 19->19
[2024-05-31T13:08:44.326-0300][gc,heap       ] GC(10) Humongous regions: 129->129
[2024-05-31T13:08:44.326-0300][gc,metaspace  ] GC(10) Metaspace: 44928K(47792K)->44928K(47792K) NonClass: 39198K(40624K)->39198K(40624K) Class: 5730K(7168K)->5730K(7168K)
[2024-05-31T13:08:44.326-0300][gc            ] GC(10) Pause Young (Normal) (G1 Evacuation Pause) 196M->148M(1024M) 12,563ms
[2024-05-31T13:08:44.326-0300][gc,cpu        ] GC(10) User=0,04s Sys=0,01s Real=0,02s
[2024-05-31T13:23:56.988-0300][gc,start      ] GC(11) Pause Young (Normal) (G1 Evacuation Pause)
[2024-05-31T13:23:56.988-0300][gc,task       ] GC(11) Using 4 workers of 4 for evacuation
[2024-05-31T13:23:57.006-0300][gc,phases     ] GC(11)   Pre Evacuate Collection Set: 0,1ms
[2024-05-31T13:23:57.006-0300][gc,phases     ] GC(11)   Evacuate Collection Set: 14,2ms
[2024-05-31T13:23:57.006-0300][gc,phases     ] GC(11)   Post Evacuate Collection Set: 3,1ms
[2024-05-31T13:23:57.006-0300][gc,phases     ] GC(11)   Other: 0,4ms
[2024-05-31T13:23:57.006-0300][gc,heap       ] GC(11) Eden regions: 48->0(46)
[2024-05-31T13:23:57.006-0300][gc,heap       ] GC(11) Survivor regions: 3->5(7)
[2024-05-31T13:23:57.006-0300][gc,heap       ] GC(11) Old regions: 19->19
[2024-05-31T13:23:57.006-0300][gc,heap       ] GC(11) Humongous regions: 129->129
[2024-05-31T13:23:57.006-0300][gc,metaspace  ] GC(11) Metaspace: 45036K(48048K)->45036K(48048K) NonClass: 39306K(40880K)->39306K(40880K) Class: 5730K(7168K)->5730K(7168K)
[2024-05-31T13:23:57.006-0300][gc            ] GC(11) Pause Young (Normal) (G1 Evacuation Pause) 196M->150M(1024M) 17,756ms
[2024-05-31T13:23:57.006-0300][gc,cpu        ] GC(11) User=0,04s Sys=0,01s Real=0,02s
[2024-05-31T13:37:39.007-0300][gc,start      ] GC(12) Pause Young (Normal) (G1 Evacuation Pause)
[2024-05-31T13:37:39.007-0300][gc,task       ] GC(12) Using 4 workers of 4 for evacuation
[2024-05-31T13:37:39.021-0300][gc,phases     ] GC(12)   Pre Evacuate Collection Set: 0,1ms
[2024-05-31T13:37:39.021-0300][gc,phases     ] GC(12)   Evacuate Collection Set: 12,0ms
[2024-05-31T13:37:39.021-0300][gc,phases     ] GC(12)   Post Evacuate Collection Set: 1,6ms
[2024-05-31T13:37:39.021-0300][gc,phases     ] GC(12)   Other: 0,4ms
[2024-05-31T13:37:39.021-0300][gc,heap       ] GC(12) Eden regions: 46->0(48)
[2024-05-31T13:37:39.021-0300][gc,heap       ] GC(12) Survivor regions: 5->3(7)
[2024-05-31T13:37:39.021-0300][gc,heap       ] GC(12) Old regions: 19->20
[2024-05-31T13:37:39.021-0300][gc,heap       ] GC(12) Humongous regions: 129->129
[2024-05-31T13:37:39.021-0300][gc,metaspace  ] GC(12) Metaspace: 45123K(48048K)->45123K(48048K) NonClass: 39387K(40880K)->39387K(40880K) Class: 5735K(7168K)->5735K(7168K)
[2024-05-31T13:37:39.021-0300][gc            ] GC(12) Pause Young (Normal) (G1 Evacuation Pause) 196M->150M(1024M) 14,271ms
[2024-05-31T13:37:39.021-0300][gc,cpu        ] GC(12) User=0,05s Sys=0,01s Real=0,01s
[2024-05-31T13:53:00.627-0300][gc,start      ] GC(13) Pause Young (Normal) (G1 Evacuation Pause)
[2024-05-31T13:53:00.628-0300][gc,task       ] GC(13) Using 4 workers of 4 for evacuation
[2024-05-31T13:53:00.635-0300][gc,phases     ] GC(13)   Pre Evacuate Collection Set: 0,1ms
[2024-05-31T13:53:00.635-0300][gc,phases     ] GC(13)   Evacuate Collection Set: 6,6ms
[2024-05-31T13:53:00.635-0300][gc,phases     ] GC(13)   Post Evacuate Collection Set: 0,7ms
[2024-05-31T13:53:00.635-0300][gc,phases     ] GC(13)   Other: 0,4ms
[2024-05-31T13:53:00.635-0300][gc,heap       ] GC(13) Eden regions: 48->0(48)
[2024-05-31T13:53:00.635-0300][gc,heap       ] GC(13) Survivor regions: 3->3(7)
[2024-05-31T13:53:00.635-0300][gc,heap       ] GC(13) Old regions: 20->20
[2024-05-31T13:53:00.635-0300][gc,heap       ] GC(13) Humongous regions: 129->129
[2024-05-31T13:53:00.635-0300][gc,metaspace  ] GC(13) Metaspace: 45144K(48048K)->45144K(48048K) NonClass: 39408K(40880K)->39408K(40880K) Class: 5735K(7168K)->5735K(7168K)
[2024-05-31T13:53:00.635-0300][gc            ] GC(13) Pause Young (Normal) (G1 Evacuation Pause) 198M->149M(1024M) 8,000ms
[2024-05-31T13:53:00.636-0300][gc,cpu        ] GC(13) User=0,03s Sys=0,00s Real=0,00s
[2024-05-31T14:08:22.700-0300][gc,start      ] GC(14) Pause Young (Normal) (G1 Evacuation Pause)
[2024-05-31T14:08:22.700-0300][gc,task       ] GC(14) Using 4 workers of 4 for evacuation
[2024-05-31T14:08:22.707-0300][gc,phases     ] GC(14)   Pre Evacuate Collection Set: 0,1ms
[2024-05-31T14:08:22.707-0300][gc,phases     ] GC(14)   Evacuate Collection Set: 6,3ms
[2024-05-31T14:08:22.707-0300][gc,phases     ] GC(14)   Post Evacuate Collection Set: 0,9ms
[2024-05-31T14:08:22.707-0300][gc,phases     ] GC(14)   Other: 0,4ms
[2024-05-31T14:08:22.707-0300][gc,heap       ] GC(14) Eden regions: 48->0(52)
[2024-05-31T14:08:22.707-0300][gc,heap       ] GC(14) Survivor regions: 3->3(7)
[2024-05-31T14:08:22.707-0300][gc,heap       ] GC(14) Old regions: 20->20
[2024-05-31T14:08:22.707-0300][gc,heap       ] GC(14) Humongous regions: 129->129
[2024-05-31T14:08:22.707-0300][gc,metaspace  ] GC(14) Metaspace: 45169K(48048K)->45169K(48048K) NonClass: 39434K(40880K)->39434K(40880K) Class: 5735K(7168K)->5735K(7168K)
[2024-05-31T14:08:22.708-0300][gc            ] GC(14) Pause Young (Normal) (G1 Evacuation Pause) 197M->149M(1024M) 7,980ms
[2024-05-31T14:08:22.708-0300][gc,cpu        ] GC(14) User=0,03s Sys=0,00s Real=0,01s
[2024-05-31T14:24:54.470-0300][gc,start      ] GC(15) Pause Young (Normal) (G1 Evacuation Pause)
[2024-05-31T14:24:54.470-0300][gc,task       ] GC(15) Using 4 workers of 4 for evacuation
[2024-05-31T14:24:54.478-0300][gc,phases     ] GC(15)   Pre Evacuate Collection Set: 0,1ms
[2024-05-31T14:24:54.478-0300][gc,phases     ] GC(15)   Evacuate Collection Set: 6,8ms
[2024-05-31T14:24:54.478-0300][gc,phases     ] GC(15)   Post Evacuate Collection Set: 1,3ms
[2024-05-31T14:24:54.478-0300][gc,phases     ] GC(15)   Other: 0,4ms
[2024-05-31T14:24:54.478-0300][gc,heap       ] GC(15) Eden regions: 52->0(501)
[2024-05-31T14:24:54.478-0300][gc,heap       ] GC(15) Survivor regions: 3->3(7)
[2024-05-31T14:24:54.478-0300][gc,heap       ] GC(15) Old regions: 20->20
[2024-05-31T14:24:54.478-0300][gc,heap       ] GC(15) Humongous regions: 129->129
[2024-05-31T14:24:54.478-0300][gc,metaspace  ] GC(15) Metaspace: 45173K(48048K)->45173K(48048K) NonClass: 39437K(40880K)->39437K(40880K) Class: 5735K(7168K)->5735K(7168K)
[2024-05-31T14:24:54.478-0300][gc            ] GC(15) Pause Young (Normal) (G1 Evacuation Pause) 201M->149M(1024M) 8,806ms
[2024-05-31T14:24:54.478-0300][gc,cpu        ] GC(15) User=0,02s Sys=0,01s Real=0,01s
[2024-05-31T14:38:36.988-0300][gc,start      ] GC(16) Pause Young (Normal) (G1 Evacuation Pause)
[2024-05-31T14:38:36.988-0300][gc,task       ] GC(16) Using 4 workers of 4 for evacuation
[2024-05-31T14:38:37.001-0300][gc,phases     ] GC(16)   Pre Evacuate Collection Set: 0,1ms
[2024-05-31T14:38:37.001-0300][gc,phases     ] GC(16)   Evacuate Collection Set: 10,8ms
[2024-05-31T14:38:37.001-0300][gc,phases     ] GC(16)   Post Evacuate Collection Set: 1,4ms
[2024-05-31T14:38:37.001-0300][gc,phases     ] GC(16)   Other: 0,6ms
[2024-05-31T14:38:37.001-0300][gc,heap       ] GC(16) Eden regions: 501->0(163)
[2024-05-31T14:38:37.001-0300][gc,heap       ] GC(16) Survivor regions: 3->4(63)
[2024-05-31T14:38:37.001-0300][gc,heap       ] GC(16) Old regions: 20->20
[2024-05-31T14:38:37.001-0300][gc,heap       ] GC(16) Humongous regions: 129->129
[2024-05-31T14:38:37.001-0300][gc,metaspace  ] GC(16) Metaspace: 45598K(48560K)->45598K(48560K) NonClass: 39810K(41392K)->39810K(41392K) Class: 5787K(7168K)->5787K(7168K)
[2024-05-31T14:38:37.001-0300][gc            ] GC(16) Pause Young (Normal) (G1 Evacuation Pause) 650M->150M(1024M) 13,149ms
[2024-05-31T14:38:37.001-0300][gc,cpu        ] GC(16) User=0,03s Sys=0,01s Real=0,01s
[2024-05-31T14:40:19.846-0300][gc,start      ] GC(17) Pause Young (Normal) (G1 Evacuation Pause)
[2024-05-31T14:40:19.846-0300][gc,task       ] GC(17) Using 4 workers of 4 for evacuation
[2024-05-31T14:40:19.856-0300][gc,phases     ] GC(17)   Pre Evacuate Collection Set: 0,1ms
[2024-05-31T14:40:19.856-0300][gc,phases     ] GC(17)   Evacuate Collection Set: 8,7ms
[2024-05-31T14:40:19.856-0300][gc,phases     ] GC(17)   Post Evacuate Collection Set: 1,0ms
[2024-05-31T14:40:19.856-0300][gc,phases     ] GC(17)   Other: 0,4ms
[2024-05-31T14:40:19.856-0300][gc,heap       ] GC(17) Eden regions: 163->0(212)
[2024-05-31T14:40:19.856-0300][gc,heap       ] GC(17) Survivor regions: 4->3(21)
[2024-05-31T14:40:19.856-0300][gc,heap       ] GC(17) Old regions: 20->20
[2024-05-31T14:40:19.856-0300][gc,heap       ] GC(17) Humongous regions: 129->129
[2024-05-31T14:40:19.856-0300][gc,metaspace  ] GC(17) Metaspace: 45632K(48560K)->45632K(48560K) NonClass: 39844K(41392K)->39844K(41392K) Class: 5787K(7168K)->5787K(7168K)
[2024-05-31T14:40:19.856-0300][gc            ] GC(17) Pause Young (Normal) (G1 Evacuation Pause) 313M->150M(1024M) 10,444ms
[2024-05-31T14:40:19.857-0300][gc,cpu        ] GC(17) User=0,03s Sys=0,00s Real=0,00s
[2024-05-31T14:42:35.137-0300][gc,start      ] GC(18) Pause Young (Normal) (G1 Evacuation Pause)
[2024-05-31T14:42:35.137-0300][gc,task       ] GC(18) Using 4 workers of 4 for evacuation
[2024-05-31T14:42:35.150-0300][gc,phases     ] GC(18)   Pre Evacuate Collection Set: 0,1ms
[2024-05-31T14:42:35.150-0300][gc,phases     ] GC(18)   Evacuate Collection Set: 10,6ms
[2024-05-31T14:42:35.150-0300][gc,phases     ] GC(18)   Post Evacuate Collection Set: 1,6ms
[2024-05-31T14:42:35.150-0300][gc,phases     ] GC(18)   Other: 0,5ms
[2024-05-31T14:42:35.150-0300][gc,heap       ] GC(18) Eden regions: 212->0(215)
[2024-05-31T14:42:35.150-0300][gc,heap       ] GC(18) Survivor regions: 3->4(27)
[2024-05-31T14:42:35.150-0300][gc,heap       ] GC(18) Old regions: 20->20
[2024-05-31T14:42:35.150-0300][gc,heap       ] GC(18) Humongous regions: 129->129
[2024-05-31T14:42:35.150-0300][gc,metaspace  ] GC(18) Metaspace: 45641K(48560K)->45641K(48560K) NonClass: 39854K(41392K)->39854K(41392K) Class: 5787K(7168K)->5787K(7168K)
[2024-05-31T14:42:35.150-0300][gc            ] GC(18) Pause Young (Normal) (G1 Evacuation Pause) 362M->150M(1024M) 12,979ms
[2024-05-31T14:42:35.150-0300][gc,cpu        ] GC(18) User=0,04s Sys=0,00s Real=0,01s
[2024-05-31T14:45:51.881-0300][gc,start      ] GC(19) Pause Young (Normal) (G1 Evacuation Pause)
[2024-05-31T14:45:51.881-0300][gc,task       ] GC(19) Using 4 workers of 4 for evacuation
[2024-05-31T14:45:51.885-0300][gc,phases     ] GC(19)   Pre Evacuate Collection Set: 0,0ms
[2024-05-31T14:45:51.885-0300][gc,phases     ] GC(19)   Evacuate Collection Set: 2,6ms
[2024-05-31T14:45:51.885-0300][gc,phases     ] GC(19)   Post Evacuate Collection Set: 0,6ms
[2024-05-31T14:45:51.885-0300][gc,phases     ] GC(19)   Other: 0,2ms
[2024-05-31T14:45:51.885-0300][gc,heap       ] GC(19) Eden regions: 215->0(226)
[2024-05-31T14:45:51.885-0300][gc,heap       ] GC(19) Survivor regions: 4->4(28)
[2024-05-31T14:45:51.885-0300][gc,heap       ] GC(19) Old regions: 20->20
[2024-05-31T14:45:51.885-0300][gc,heap       ] GC(19) Humongous regions: 129->129
[2024-05-31T14:45:51.885-0300][gc,metaspace  ] GC(19) Metaspace: 45642K(48560K)->45642K(48560K) NonClass: 39855K(41392K)->39855K(41392K) Class: 5787K(7168K)->5787K(7168K)
[2024-05-31T14:45:51.885-0300][gc            ] GC(19) Pause Young (Normal) (G1 Evacuation Pause) 365M->150M(1024M) 3,477ms
[2024-05-31T14:45:51.885-0300][gc,cpu        ] GC(19) User=0,01s Sys=0,00s Real=0,01s
[2024-05-31T14:50:22.331-0300][gc,start      ] GC(20) Pause Young (Normal) (G1 Evacuation Pause)
[2024-05-31T14:50:22.331-0300][gc,task       ] GC(20) Using 4 workers of 4 for evacuation
[2024-05-31T14:50:22.337-0300][gc,phases     ] GC(20)   Pre Evacuate Collection Set: 0,0ms
[2024-05-31T14:50:22.337-0300][gc,phases     ] GC(20)   Evacuate Collection Set: 5,0ms
[2024-05-31T14:50:22.337-0300][gc,phases     ] GC(20)   Post Evacuate Collection Set: 0,5ms
[2024-05-31T14:50:22.337-0300][gc,phases     ] GC(20)   Other: 0,2ms
[2024-05-31T14:50:22.337-0300][gc,heap       ] GC(20) Eden regions: 226->0(242)
[2024-05-31T14:50:22.337-0300][gc,heap       ] GC(20) Survivor regions: 4->3(29)
[2024-05-31T14:50:22.337-0300][gc,heap       ] GC(20) Old regions: 20->20
[2024-05-31T14:50:22.337-0300][gc,heap       ] GC(20) Humongous regions: 129->129
[2024-05-31T14:50:22.337-0300][gc,metaspace  ] GC(20) Metaspace: 45646K(48560K)->45646K(48560K) NonClass: 39859K(41392K)->39859K(41392K) Class: 5787K(7168K)->5787K(7168K)
[2024-05-31T14:50:22.337-0300][gc            ] GC(20) Pause Young (Normal) (G1 Evacuation Pause) 376M->150M(1024M) 5,773ms
[2024-05-31T14:50:22.337-0300][gc,cpu        ] GC(20) User=0,02s Sys=0,00s Real=0,01s
[2024-05-31T14:53:12.935-0300][gc,start      ] GC(21) Pause Young (Normal) (G1 Evacuation Pause)
[2024-05-31T14:53:12.935-0300][gc,task       ] GC(21) Using 4 workers of 4 for evacuation
[2024-05-31T14:53:12.955-0300][gc,phases     ] GC(21)   Pre Evacuate Collection Set: 0,1ms
[2024-05-31T14:53:12.955-0300][gc,phases     ] GC(21)   Evacuate Collection Set: 9,7ms
[2024-05-31T14:53:12.955-0300][gc,phases     ] GC(21)   Post Evacuate Collection Set: 9,8ms
[2024-05-31T14:53:12.955-0300][gc,phases     ] GC(21)   Other: 0,4ms
[2024-05-31T14:53:12.955-0300][gc,heap       ] GC(21) Eden regions: 242->0(237)
[2024-05-31T14:53:12.955-0300][gc,heap       ] GC(21) Survivor regions: 3->4(31)
[2024-05-31T14:53:12.955-0300][gc,heap       ] GC(21) Old regions: 20->20
[2024-05-31T14:53:12.955-0300][gc,heap       ] GC(21) Humongous regions: 129->129
[2024-05-31T14:53:12.955-0300][gc,metaspace  ] GC(21) Metaspace: 45647K(48560K)->45647K(48560K) NonClass: 39860K(41392K)->39860K(41392K) Class: 5787K(7168K)->5787K(7168K)
[2024-05-31T14:53:12.955-0300][gc            ] GC(21) Pause Young (Normal) (G1 Evacuation Pause) 392M->150M(1024M) 20,016ms
[2024-05-31T14:53:12.955-0300][gc,cpu        ] GC(21) User=0,05s Sys=0,00s Real=0,02s
[2024-05-31T14:56:19.368-0300][gc,start      ] GC(22) Pause Young (Normal) (G1 Evacuation Pause)
[2024-05-31T14:56:19.368-0300][gc,task       ] GC(22) Using 4 workers of 4 for evacuation
[2024-05-31T14:56:19.372-0300][gc,phases     ] GC(22)   Pre Evacuate Collection Set: 0,0ms
[2024-05-31T14:56:19.372-0300][gc,phases     ] GC(22)   Evacuate Collection Set: 3,5ms
[2024-05-31T14:56:19.372-0300][gc,phases     ] GC(22)   Post Evacuate Collection Set: 0,7ms
[2024-05-31T14:56:19.372-0300][gc,phases     ] GC(22)   Other: 0,2ms
[2024-05-31T14:56:19.372-0300][gc,heap       ] GC(22) Eden regions: 237->0(253)
[2024-05-31T14:56:19.372-0300][gc,heap       ] GC(22) Survivor regions: 4->4(31)
[2024-05-31T14:56:19.372-0300][gc,heap       ] GC(22) Old regions: 20->20
[2024-05-31T14:56:19.372-0300][gc,heap       ] GC(22) Humongous regions: 129->129
[2024-05-31T14:56:19.372-0300][gc,metaspace  ] GC(22) Metaspace: 45661K(48560K)->45661K(48560K) NonClass: 39873K(41392K)->39873K(41392K) Class: 5787K(7168K)->5787K(7168K)
[2024-05-31T14:56:19.372-0300][gc            ] GC(22) Pause Young (Normal) (G1 Evacuation Pause) 387M->150M(1024M) 4,422ms
[2024-05-31T14:56:19.372-0300][gc,cpu        ] GC(22) User=0,02s Sys=0,00s Real=0,00s
[2024-05-31T14:59:00.270-0300][gc,start      ] GC(23) Pause Young (Normal) (G1 Evacuation Pause)
[2024-05-31T14:59:00.270-0300][gc,task       ] GC(23) Using 4 workers of 4 for evacuation
[2024-05-31T14:59:00.282-0300][gc,phases     ] GC(23)   Pre Evacuate Collection Set: 0,1ms
[2024-05-31T14:59:00.282-0300][gc,phases     ] GC(23)   Evacuate Collection Set: 9,8ms
[2024-05-31T14:59:00.282-0300][gc,phases     ] GC(23)   Post Evacuate Collection Set: 1,6ms
[2024-05-31T14:59:00.282-0300][gc,phases     ] GC(23)   Other: 0,4ms
[2024-05-31T14:59:00.282-0300][gc,heap       ] GC(23) Eden regions: 253->0(254)
[2024-05-31T14:59:00.282-0300][gc,heap       ] GC(23) Survivor regions: 4->4(33)
[2024-05-31T14:59:00.282-0300][gc,heap       ] GC(23) Old regions: 20->20
[2024-05-31T14:59:00.282-0300][gc,heap       ] GC(23) Humongous regions: 129->129
[2024-05-31T14:59:00.282-0300][gc,metaspace  ] GC(23) Metaspace: 45667K(48560K)->45667K(48560K) NonClass: 39880K(41392K)->39880K(41392K) Class: 5787K(7168K)->5787K(7168K)
[2024-05-31T14:59:00.282-0300][gc            ] GC(23) Pause Young (Normal) (G1 Evacuation Pause) 403M->150M(1024M) 12,145ms
[2024-05-31T14:59:00.282-0300][gc,cpu        ] GC(23) User=0,03s Sys=0,01s Real=0,01s
[2024-05-31T15:01:39.916-0300][gc,start      ] GC(24) Pause Young (Normal) (G1 Evacuation Pause)
[2024-05-31T15:01:39.916-0300][gc,task       ] GC(24) Using 4 workers of 4 for evacuation
[2024-05-31T15:01:39.928-0300][gc,phases     ] GC(24)   Pre Evacuate Collection Set: 0,1ms
[2024-05-31T15:01:39.929-0300][gc,phases     ] GC(24)   Evacuate Collection Set: 10,6ms
[2024-05-31T15:01:39.929-0300][gc,phases     ] GC(24)   Post Evacuate Collection Set: 1,5ms
[2024-05-31T15:01:39.929-0300][gc,phases     ] GC(24)   Other: 0,4ms
[2024-05-31T15:01:39.929-0300][gc,heap       ] GC(24) Eden regions: 254->0(256)
[2024-05-31T15:01:39.929-0300][gc,heap       ] GC(24) Survivor regions: 4->4(33)
[2024-05-31T15:01:39.929-0300][gc,heap       ] GC(24) Old regions: 20->20
[2024-05-31T15:01:39.929-0300][gc,heap       ] GC(24) Humongous regions: 129->129
[2024-05-31T15:01:39.929-0300][gc,metaspace  ] GC(24) Metaspace: 45668K(48560K)->45668K(48560K) NonClass: 39881K(41392K)->39881K(41392K) Class: 5787K(7168K)->5787K(7168K)
[2024-05-31T15:01:39.929-0300][gc            ] GC(24) Pause Young (Normal) (G1 Evacuation Pause) 404M->150M(1024M) 12,861ms
[2024-05-31T15:01:39.929-0300][gc,cpu        ] GC(24) User=0,04s Sys=0,00s Real=0,02s
[2024-05-31T16:12:16.988-0300][gc,start      ] GC(25) Pause Young (Normal) (G1 Evacuation Pause)
[2024-05-31T16:12:16.988-0300][gc,task       ] GC(25) Using 4 workers of 4 for evacuation
[2024-05-31T16:12:16.998-0300][gc,phases     ] GC(25)   Pre Evacuate Collection Set: 0,1ms
[2024-05-31T16:12:16.998-0300][gc,phases     ] GC(25)   Evacuate Collection Set: 8,2ms
[2024-05-31T16:12:16.998-0300][gc,phases     ] GC(25)   Post Evacuate Collection Set: 1,5ms
[2024-05-31T16:12:16.998-0300][gc,phases     ] GC(25)   Other: 0,4ms
[2024-05-31T16:12:16.998-0300][gc,heap       ] GC(25) Eden regions: 256->0(264)
[2024-05-31T16:12:16.998-0300][gc,heap       ] GC(25) Survivor regions: 4->4(33)
[2024-05-31T16:12:16.998-0300][gc,heap       ] GC(25) Old regions: 20->20
[2024-05-31T16:12:16.998-0300][gc,heap       ] GC(25) Humongous regions: 129->129
[2024-05-31T16:12:16.998-0300][gc,metaspace  ] GC(25) Metaspace: 45690K(48560K)->45690K(48560K) NonClass: 39903K(41392K)->39903K(41392K) Class: 5787K(7168K)->5787K(7168K)
[2024-05-31T16:12:16.998-0300][gc            ] GC(25) Pause Young (Normal) (G1 Evacuation Pause) 406M->150M(1024M) 10,438ms
[2024-05-31T16:12:16.998-0300][gc,cpu        ] GC(25) User=0,04s Sys=0,00s Real=0,01s
[2024-05-31T16:54:51.898-0300][gc,start      ] GC(26) Pause Young (Normal) (G1 Evacuation Pause)
[2024-05-31T16:54:51.898-0300][gc,task       ] GC(26) Using 4 workers of 4 for evacuation
[2024-05-31T16:54:51.901-0300][gc,phases     ] GC(26)   Pre Evacuate Collection Set: 0,0ms
[2024-05-31T16:54:51.902-0300][gc,phases     ] GC(26)   Evacuate Collection Set: 3,1ms
[2024-05-31T16:54:51.902-0300][gc,phases     ] GC(26)   Post Evacuate Collection Set: 0,5ms
[2024-05-31T16:54:51.902-0300][gc,phases     ] GC(26)   Other: 0,2ms
[2024-05-31T16:54:51.902-0300][gc,heap       ] GC(26) Eden regions: 264->0(286)
[2024-05-31T16:54:51.902-0300][gc,heap       ] GC(26) Survivor regions: 4->3(34)
[2024-05-31T16:54:51.902-0300][gc,heap       ] GC(26) Old regions: 20->20
[2024-05-31T16:54:51.902-0300][gc,heap       ] GC(26) Humongous regions: 129->129
[2024-05-31T16:54:51.902-0300][gc,metaspace  ] GC(26) Metaspace: 45714K(48560K)->45714K(48560K) NonClass: 39927K(41392K)->39927K(41392K) Class: 5787K(7168K)->5787K(7168K)
[2024-05-31T16:54:51.902-0300][gc            ] GC(26) Pause Young (Normal) (G1 Evacuation Pause) 414M->150M(1024M) 3,910ms
[2024-05-31T16:54:51.902-0300][gc,cpu        ] GC(26) User=0,01s Sys=0,00s Real=0,00s
[2024-05-31T16:57:52.550-0300][gc,start      ] GC(27) Pause Young (Normal) (G1 Evacuation Pause)
[2024-05-31T16:57:52.550-0300][gc,task       ] GC(27) Using 4 workers of 4 for evacuation
[2024-05-31T16:57:52.562-0300][gc,phases     ] GC(27)   Pre Evacuate Collection Set: 0,1ms
[2024-05-31T16:57:52.562-0300][gc,phases     ] GC(27)   Evacuate Collection Set: 9,7ms
[2024-05-31T16:57:52.562-0300][gc,phases     ] GC(27)   Post Evacuate Collection Set: 1,6ms
[2024-05-31T16:57:52.562-0300][gc,phases     ] GC(27)   Other: 0,4ms
[2024-05-31T16:57:52.562-0300][gc,heap       ] GC(27) Eden regions: 286->0(287)
[2024-05-31T16:57:52.562-0300][gc,heap       ] GC(27) Survivor regions: 3->4(37)
[2024-05-31T16:57:52.562-0300][gc,heap       ] GC(27) Old regions: 20->20
[2024-05-31T16:57:52.562-0300][gc,heap       ] GC(27) Humongous regions: 129->129
[2024-05-31T16:57:52.562-0300][gc,metaspace  ] GC(27) Metaspace: 45714K(48560K)->45714K(48560K) NonClass: 39927K(41392K)->39927K(41392K) Class: 5787K(7168K)->5787K(7168K)
[2024-05-31T16:57:52.562-0300][gc            ] GC(27) Pause Young (Normal) (G1 Evacuation Pause) 436M->150M(1024M) 12,012ms
[2024-05-31T16:57:52.562-0300][gc,cpu        ] GC(27) User=0,04s Sys=0,00s Real=0,01s
[2024-05-31T17:08:51.988-0300][gc,start      ] GC(28) Pause Young (Normal) (G1 Evacuation Pause)
[2024-05-31T17:08:51.988-0300][gc,task       ] GC(28) Using 4 workers of 4 for evacuation
[2024-05-31T17:08:52.008-0300][gc,phases     ] GC(28)   Pre Evacuate Collection Set: 0,0ms
[2024-05-31T17:08:52.008-0300][gc,phases     ] GC(28)   Evacuate Collection Set: 17,5ms
[2024-05-31T17:08:52.008-0300][gc,phases     ] GC(28)   Post Evacuate Collection Set: 2,0ms
[2024-05-31T17:08:52.008-0300][gc,phases     ] GC(28)   Other: 0,4ms
[2024-05-31T17:08:52.008-0300][gc,heap       ] GC(28) Eden regions: 287->0(285)
[2024-05-31T17:08:52.008-0300][gc,heap       ] GC(28) Survivor regions: 4->5(37)
[2024-05-31T17:08:52.008-0300][gc,heap       ] GC(28) Old regions: 20->20
[2024-05-31T17:08:52.008-0300][gc,heap       ] GC(28) Humongous regions: 129->129
[2024-05-31T17:08:52.008-0300][gc,metaspace  ] GC(28) Metaspace: 45715K(48560K)->45715K(48560K) NonClass: 39927K(41392K)->39927K(41392K) Class: 5787K(7168K)->5787K(7168K)
[2024-05-31T17:08:52.008-0300][gc            ] GC(28) Pause Young (Normal) (G1 Evacuation Pause) 437M->151M(1024M) 20,126ms
[2024-05-31T17:08:52.008-0300][gc,cpu        ] GC(28) User=0,05s Sys=0,00s Real=0,02s
[2024-05-31T18:33:51.988-0300][gc,start      ] GC(29) Pause Young (Normal) (G1 Evacuation Pause)
[2024-05-31T18:33:51.988-0300][gc,task       ] GC(29) Using 4 workers of 4 for evacuation
[2024-05-31T18:33:52.004-0300][gc,phases     ] GC(29)   Pre Evacuate Collection Set: 0,1ms
[2024-05-31T18:33:52.004-0300][gc,phases     ] GC(29)   Evacuate Collection Set: 13,6ms
[2024-05-31T18:33:52.004-0300][gc,phases     ] GC(29)   Post Evacuate Collection Set: 1,9ms
[2024-05-31T18:33:52.004-0300][gc,phases     ] GC(29)   Other: 0,4ms
[2024-05-31T18:33:52.004-0300][gc,heap       ] GC(29) Eden regions: 285->0(282)
[2024-05-31T18:33:52.004-0300][gc,heap       ] GC(29) Survivor regions: 5->5(37)
[2024-05-31T18:33:52.004-0300][gc,heap       ] GC(29) Old regions: 20->20
[2024-05-31T18:33:52.004-0300][gc,heap       ] GC(29) Humongous regions: 129->129
[2024-05-31T18:33:52.004-0300][gc,metaspace  ] GC(29) Metaspace: 45720K(48560K)->45720K(48560K) NonClass: 39932K(41392K)->39932K(41392K) Class: 5787K(7168K)->5787K(7168K)
[2024-05-31T18:33:52.004-0300][gc            ] GC(29) Pause Young (Normal) (G1 Evacuation Pause) 436M->151M(1024M) 16,168ms
[2024-05-31T18:33:52.004-0300][gc,cpu        ] GC(29) User=0,04s Sys=0,00s Real=0,01s
[2024-05-31T19:32:02.904-0300][gc,start      ] GC(30) Pause Young (Normal) (G1 Evacuation Pause)
[2024-05-31T19:32:02.904-0300][gc,task       ] GC(30) Using 4 workers of 4 for evacuation
[2024-05-31T19:32:02.914-0300][gc,phases     ] GC(30)   Pre Evacuate Collection Set: 0,1ms
[2024-05-31T19:32:02.915-0300][gc,phases     ] GC(30)   Evacuate Collection Set: 8,3ms
[2024-05-31T19:32:02.915-0300][gc,phases     ] GC(30)   Post Evacuate Collection Set: 1,5ms
[2024-05-31T19:32:02.915-0300][gc,phases     ] GC(30)   Other: 0,4ms
[2024-05-31T19:32:02.915-0300][gc,heap       ] GC(30) Eden regions: 282->0(289)
[2024-05-31T19:32:02.915-0300][gc,heap       ] GC(30) Survivor regions: 5->3(36)
[2024-05-31T19:32:02.915-0300][gc,heap       ] GC(30) Old regions: 20->20
[2024-05-31T19:32:02.915-0300][gc,heap       ] GC(30) Humongous regions: 129->129
[2024-05-31T19:32:02.915-0300][gc,metaspace  ] GC(30) Metaspace: 45730K(48560K)->45730K(48560K) NonClass: 39943K(41392K)->39943K(41392K) Class: 5787K(7168K)->5787K(7168K)
[2024-05-31T19:32:02.915-0300][gc            ] GC(30) Pause Young (Normal) (G1 Evacuation Pause) 433M->150M(1024M) 10,474ms
[2024-05-31T19:32:02.915-0300][gc,cpu        ] GC(30) User=0,04s Sys=0,00s Real=0,01s
[2024-05-31T19:34:59.434-0300][gc,start      ] GC(31) Pause Young (Normal) (G1 Evacuation Pause)
[2024-05-31T19:34:59.434-0300][gc,task       ] GC(31) Using 4 workers of 4 for evacuation
[2024-05-31T19:34:59.441-0300][gc,phases     ] GC(31)   Pre Evacuate Collection Set: 0,0ms
[2024-05-31T19:34:59.441-0300][gc,phases     ] GC(31)   Evacuate Collection Set: 6,7ms
[2024-05-31T19:34:59.441-0300][gc,phases     ] GC(31)   Post Evacuate Collection Set: 0,7ms
[2024-05-31T19:34:59.441-0300][gc,phases     ] GC(31)   Other: 0,3ms
[2024-05-31T19:34:59.441-0300][gc,heap       ] GC(31) Eden regions: 289->0(295)
[2024-05-31T19:34:59.441-0300][gc,heap       ] GC(31) Survivor regions: 3->4(37)
[2024-05-31T19:34:59.441-0300][gc,heap       ] GC(31) Old regions: 20->20
[2024-05-31T19:34:59.441-0300][gc,heap       ] GC(31) Humongous regions: 129->129
[2024-05-31T19:34:59.441-0300][gc,metaspace  ] GC(31) Metaspace: 45732K(48560K)->45732K(48560K) NonClass: 39944K(41392K)->39944K(41392K) Class: 5787K(7168K)->5787K(7168K)
[2024-05-31T19:34:59.442-0300][gc            ] GC(31) Pause Young (Normal) (G1 Evacuation Pause) 439M->150M(1024M) 7,963ms
[2024-05-31T19:34:59.442-0300][gc,cpu        ] GC(31) User=0,02s Sys=0,00s Real=0,01s
[2024-05-31T19:38:11.686-0300][gc,start      ] GC(32) Pause Young (Normal) (G1 Evacuation Pause)
[2024-05-31T19:38:11.686-0300][gc,task       ] GC(32) Using 4 workers of 4 for evacuation
[2024-05-31T19:38:11.689-0300][gc,phases     ] GC(32)   Pre Evacuate Collection Set: 0,0ms
[2024-05-31T19:38:11.689-0300][gc,phases     ] GC(32)   Evacuate Collection Set: 2,8ms
[2024-05-31T19:38:11.689-0300][gc,phases     ] GC(32)   Post Evacuate Collection Set: 0,5ms
[2024-05-31T19:38:11.689-0300][gc,phases     ] GC(32)   Other: 0,2ms
[2024-05-31T19:38:11.689-0300][gc,heap       ] GC(32) Eden regions: 295->0(308)
[2024-05-31T19:38:11.689-0300][gc,heap       ] GC(32) Survivor regions: 4->4(38)
[2024-05-31T19:38:11.689-0300][gc,heap       ] GC(32) Old regions: 20->20
[2024-05-31T19:38:11.689-0300][gc,heap       ] GC(32) Humongous regions: 129->129
[2024-05-31T19:38:11.689-0300][gc,metaspace  ] GC(32) Metaspace: 45736K(48560K)->45736K(48560K) NonClass: 39948K(41392K)->39948K(41392K) Class: 5787K(7168K)->5787K(7168K)
[2024-05-31T19:38:11.689-0300][gc            ] GC(32) Pause Young (Normal) (G1 Evacuation Pause) 445M->150M(1024M) 3,615ms
[2024-05-31T19:38:11.690-0300][gc,cpu        ] GC(32) User=0,01s Sys=0,00s Real=0,00s
[2024-05-31T19:41:24.497-0300][gc,start      ] GC(33) Pause Young (Normal) (G1 Evacuation Pause)
[2024-05-31T19:41:24.497-0300][gc,task       ] GC(33) Using 4 workers of 4 for evacuation
[2024-05-31T19:41:24.508-0300][gc,phases     ] GC(33)   Pre Evacuate Collection Set: 0,1ms
[2024-05-31T19:41:24.508-0300][gc,phases     ] GC(33)   Evacuate Collection Set: 8,5ms
[2024-05-31T19:41:24.508-0300][gc,phases     ] GC(33)   Post Evacuate Collection Set: 1,3ms
[2024-05-31T19:41:24.508-0300][gc,phases     ] GC(33)   Other: 0,4ms
[2024-05-31T19:41:24.508-0300][gc,heap       ] GC(33) Eden regions: 308->0(311)
[2024-05-31T19:41:24.508-0300][gc,heap       ] GC(33) Survivor regions: 4->3(39)
[2024-05-31T19:41:24.508-0300][gc,heap       ] GC(33) Old regions: 20->20
[2024-05-31T19:41:24.508-0300][gc,heap       ] GC(33) Humongous regions: 129->129
[2024-05-31T19:41:24.508-0300][gc,metaspace  ] GC(33) Metaspace: 45744K(48560K)->45744K(48560K) NonClass: 39955K(41392K)->39955K(41392K) Class: 5789K(7168K)->5789K(7168K)
[2024-05-31T19:41:24.508-0300][gc            ] GC(33) Pause Young (Normal) (G1 Evacuation Pause) 458M->150M(1024M) 10,508ms
[2024-05-31T19:41:24.508-0300][gc,cpu        ] GC(33) User=0,04s Sys=0,00s Real=0,01s
[2024-05-31T19:47:01.334-0300][gc,start      ] GC(34) Pause Young (Normal) (G1 Evacuation Pause)
[2024-05-31T19:47:01.334-0300][gc,task       ] GC(34) Using 4 workers of 4 for evacuation
[2024-05-31T19:47:01.344-0300][gc,phases     ] GC(34)   Pre Evacuate Collection Set: 0,1ms
[2024-05-31T19:47:01.344-0300][gc,phases     ] GC(34)   Evacuate Collection Set: 8,5ms
[2024-05-31T19:47:01.344-0300][gc,phases     ] GC(34)   Post Evacuate Collection Set: 1,1ms
[2024-05-31T19:47:01.344-0300][gc,phases     ] GC(34)   Other: 0,4ms
[2024-05-31T19:47:01.344-0300][gc,heap       ] GC(34) Eden regions: 311->0(314)
[2024-05-31T19:47:01.344-0300][gc,heap       ] GC(34) Survivor regions: 3->3(40)
[2024-05-31T19:47:01.344-0300][gc,heap       ] GC(34) Old regions: 20->20
[2024-05-31T19:47:01.344-0300][gc,heap       ] GC(34) Humongous regions: 129->129
[2024-05-31T19:47:01.344-0300][gc,metaspace  ] GC(34) Metaspace: 45765K(48816K)->45765K(48816K) NonClass: 39976K(41648K)->39976K(41648K) Class: 5789K(7168K)->5789K(7168K)
[2024-05-31T19:47:01.344-0300][gc            ] GC(34) Pause Young (Normal) (G1 Evacuation Pause) 461M->150M(1024M) 10,430ms
[2024-05-31T19:47:01.344-0300][gc,cpu        ] GC(34) User=0,04s Sys=0,00s Real=0,01s
[2024-05-31T19:50:19.635-0300][gc,start      ] GC(35) Pause Young (Normal) (G1 Evacuation Pause)
[2024-05-31T19:50:19.635-0300][gc,task       ] GC(35) Using 4 workers of 4 for evacuation
[2024-05-31T19:50:19.645-0300][gc,phases     ] GC(35)   Pre Evacuate Collection Set: 0,1ms
[2024-05-31T19:50:19.645-0300][gc,phases     ] GC(35)   Evacuate Collection Set: 8,0ms
[2024-05-31T19:50:19.645-0300][gc,phases     ] GC(35)   Post Evacuate Collection Set: 1,1ms
[2024-05-31T19:50:19.645-0300][gc,phases     ] GC(35)   Other: 0,4ms
[2024-05-31T19:50:19.645-0300][gc,heap       ] GC(35) Eden regions: 314->0(319)
[2024-05-31T19:50:19.645-0300][gc,heap       ] GC(35) Survivor regions: 3->4(40)
[2024-05-31T19:50:19.645-0300][gc,heap       ] GC(35) Old regions: 20->20
[2024-05-31T19:50:19.645-0300][gc,heap       ] GC(35) Humongous regions: 129->129
[2024-05-31T19:50:19.645-0300][gc,metaspace  ] GC(35) Metaspace: 45765K(48816K)->45765K(48816K) NonClass: 39976K(41648K)->39976K(41648K) Class: 5789K(7168K)->5789K(7168K)
[2024-05-31T19:50:19.645-0300][gc            ] GC(35) Pause Young (Normal) (G1 Evacuation Pause) 464M->150M(1024M) 9,814ms
[2024-05-31T19:50:19.645-0300][gc,cpu        ] GC(35) User=0,04s Sys=0,00s Real=0,02s
[2024-05-31T19:53:41.306-0300][gc,start      ] GC(36) Pause Young (Normal) (G1 Evacuation Pause)
[2024-05-31T19:53:41.306-0300][gc,task       ] GC(36) Using 4 workers of 4 for evacuation
[2024-05-31T19:53:41.316-0300][gc,phases     ] GC(36)   Pre Evacuate Collection Set: 0,1ms
[2024-05-31T19:53:41.316-0300][gc,phases     ] GC(36)   Evacuate Collection Set: 9,2ms
[2024-05-31T19:53:41.316-0300][gc,phases     ] GC(36)   Post Evacuate Collection Set: 1,1ms
[2024-05-31T19:53:41.316-0300][gc,phases     ] GC(36)   Other: 0,4ms
[2024-05-31T19:53:41.316-0300][gc,heap       ] GC(36) Eden regions: 319->0(322)
[2024-05-31T19:53:41.316-0300][gc,heap       ] GC(36) Survivor regions: 4->4(41)
[2024-05-31T19:53:41.316-0300][gc,heap       ] GC(36) Old regions: 20->20
[2024-05-31T19:53:41.317-0300][gc,heap       ] GC(36) Humongous regions: 129->129
[2024-05-31T19:53:41.317-0300][gc,metaspace  ] GC(36) Metaspace: 45771K(48816K)->45771K(48816K) NonClass: 39982K(41648K)->39982K(41648K) Class: 5789K(7168K)->5789K(7168K)
[2024-05-31T19:53:41.317-0300][gc            ] GC(36) Pause Young (Normal) (G1 Evacuation Pause) 469M->150M(1024M) 11,032ms
[2024-05-31T19:53:41.317-0300][gc,cpu        ] GC(36) User=0,04s Sys=0,00s Real=0,00s
[2024-05-31T19:57:04.814-0300][gc,start      ] GC(37) Pause Young (Normal) (G1 Evacuation Pause)
[2024-05-31T19:57:04.814-0300][gc,task       ] GC(37) Using 4 workers of 4 for evacuation
[2024-05-31T19:57:04.819-0300][gc,phases     ] GC(37)   Pre Evacuate Collection Set: 0,0ms
[2024-05-31T19:57:04.819-0300][gc,phases     ] GC(37)   Evacuate Collection Set: 3,9ms
[2024-05-31T19:57:04.819-0300][gc,phases     ] GC(37)   Post Evacuate Collection Set: 0,6ms
[2024-05-31T19:57:04.819-0300][gc,phases     ] GC(37)   Other: 0,2ms
[2024-05-31T19:57:04.819-0300][gc,heap       ] GC(37) Eden regions: 322->0(331)
[2024-05-31T19:57:04.819-0300][gc,heap       ] GC(37) Survivor regions: 4->5(41)
[2024-05-31T19:57:04.819-0300][gc,heap       ] GC(37) Old regions: 20->20
[2024-05-31T19:57:04.819-0300][gc,heap       ] GC(37) Humongous regions: 129->129
[2024-05-31T19:57:04.819-0300][gc,metaspace  ] GC(37) Metaspace: 45775K(48816K)->45775K(48816K) NonClass: 39986K(41648K)->39986K(41648K) Class: 5789K(7168K)->5789K(7168K)
[2024-05-31T19:57:04.819-0300][gc            ] GC(37) Pause Young (Normal) (G1 Evacuation Pause) 472M->151M(1024M) 4,763ms
[2024-05-31T19:57:04.819-0300][gc,cpu        ] GC(37) User=0,02s Sys=0,00s Real=0,01s
[2024-05-31T20:00:34.110-0300][gc,start      ] GC(38) Pause Young (Normal) (G1 Evacuation Pause)
[2024-05-31T20:00:34.110-0300][gc,task       ] GC(38) Using 4 workers of 4 for evacuation
[2024-05-31T20:00:34.115-0300][gc,phases     ] GC(38)   Pre Evacuate Collection Set: 0,0ms
[2024-05-31T20:00:34.115-0300][gc,phases     ] GC(38)   Evacuate Collection Set: 4,2ms
[2024-05-31T20:00:34.115-0300][gc,phases     ] GC(38)   Post Evacuate Collection Set: 0,6ms
[2024-05-31T20:00:34.115-0300][gc,phases     ] GC(38)   Other: 0,2ms
[2024-05-31T20:00:34.115-0300][gc,heap       ] GC(38) Eden regions: 331->0(343)
[2024-05-31T20:00:34.115-0300][gc,heap       ] GC(38) Survivor regions: 5->4(42)
[2024-05-31T20:00:34.115-0300][gc,heap       ] GC(38) Old regions: 20->20
[2024-05-31T20:00:34.115-0300][gc,heap       ] GC(38) Humongous regions: 129->129
[2024-05-31T20:00:34.115-0300][gc,metaspace  ] GC(38) Metaspace: 45775K(48816K)->45775K(48816K) NonClass: 39986K(41648K)->39986K(41648K) Class: 5789K(7168K)->5789K(7168K)
[2024-05-31T20:00:34.115-0300][gc            ] GC(38) Pause Young (Normal) (G1 Evacuation Pause) 482M->150M(1024M) 5,097ms
[2024-05-31T20:00:34.115-0300][gc,cpu        ] GC(38) User=0,02s Sys=0,00s Real=0,00s
[2024-05-31T20:04:11.283-0300][gc,start      ] GC(39) Pause Young (Normal) (G1 Evacuation Pause)
[2024-05-31T20:04:11.283-0300][gc,task       ] GC(39) Using 4 workers of 4 for evacuation
[2024-05-31T20:04:11.294-0300][gc,phases     ] GC(39)   Pre Evacuate Collection Set: 0,1ms
[2024-05-31T20:04:11.294-0300][gc,phases     ] GC(39)   Evacuate Collection Set: 9,8ms
[2024-05-31T20:04:11.294-0300][gc,phases     ] GC(39)   Post Evacuate Collection Set: 1,2ms
[2024-05-31T20:04:11.294-0300][gc,phases     ] GC(39)   Other: 0,4ms
[2024-05-31T20:04:11.294-0300][gc,heap       ] GC(39) Eden regions: 343->0(344)
[2024-05-31T20:04:11.294-0300][gc,heap       ] GC(39) Survivor regions: 4->4(44)
[2024-05-31T20:04:11.294-0300][gc,heap       ] GC(39) Old regions: 20->20
[2024-05-31T20:04:11.294-0300][gc,heap       ] GC(39) Humongous regions: 129->129
[2024-05-31T20:04:11.294-0300][gc,metaspace  ] GC(39) Metaspace: 45775K(48816K)->45775K(48816K) NonClass: 39986K(41648K)->39986K(41648K) Class: 5789K(7168K)->5789K(7168K)
[2024-05-31T20:04:11.294-0300][gc            ] GC(39) Pause Young (Normal) (G1 Evacuation Pause) 493M->151M(1024M) 11,734ms
[2024-05-31T20:04:11.294-0300][gc,cpu        ] GC(39) User=0,04s Sys=0,00s Real=0,01s
[2024-05-31T20:07:49.624-0300][gc,start      ] GC(40) Pause Young (Normal) (G1 Evacuation Pause)
[2024-05-31T20:07:49.624-0300][gc,task       ] GC(40) Using 4 workers of 4 for evacuation
[2024-05-31T20:07:49.634-0300][gc,phases     ] GC(40)   Pre Evacuate Collection Set: 0,1ms
[2024-05-31T20:07:49.634-0300][gc,phases     ] GC(40)   Evacuate Collection Set: 8,0ms
[2024-05-31T20:07:49.634-0300][gc,phases     ] GC(40)   Post Evacuate Collection Set: 1,2ms
[2024-05-31T20:07:49.634-0300][gc,phases     ] GC(40)   Other: 0,4ms
[2024-05-31T20:07:49.634-0300][gc,heap       ] GC(40) Eden regions: 344->0(351)
[2024-05-31T20:07:49.634-0300][gc,heap       ] GC(40) Survivor regions: 4->4(44)
[2024-05-31T20:07:49.634-0300][gc,heap       ] GC(40) Old regions: 20->20
[2024-05-31T20:07:49.634-0300][gc,heap       ] GC(40) Humongous regions: 129->129
[2024-05-31T20:07:49.634-0300][gc,metaspace  ] GC(40) Metaspace: 45775K(48816K)->45775K(48816K) NonClass: 39986K(41648K)->39986K(41648K) Class: 5789K(7168K)->5789K(7168K)
[2024-05-31T20:07:49.634-0300][gc            ] GC(40) Pause Young (Normal) (G1 Evacuation Pause) 495M->150M(1024M) 9,995ms
[2024-05-31T20:07:49.634-0300][gc,cpu        ] GC(40) User=0,03s Sys=0,00s Real=0,01s
[2024-05-31T20:11:32.533-0300][gc,start      ] GC(41) Pause Young (Normal) (G1 Evacuation Pause)
[2024-05-31T20:11:32.533-0300][gc,task       ] GC(41) Using 4 workers of 4 for evacuation
[2024-05-31T20:11:32.544-0300][gc,phases     ] GC(41)   Pre Evacuate Collection Set: 0,1ms
[2024-05-31T20:11:32.544-0300][gc,phases     ] GC(41)   Evacuate Collection Set: 9,2ms
[2024-05-31T20:11:32.544-0300][gc,phases     ] GC(41)   Post Evacuate Collection Set: 1,2ms
[2024-05-31T20:11:32.544-0300][gc,phases     ] GC(41)   Other: 0,5ms
[2024-05-31T20:11:32.544-0300][gc,heap       ] GC(41) Eden regions: 351->0(356)
[2024-05-31T20:11:32.544-0300][gc,heap       ] GC(41) Survivor regions: 4->4(45)
[2024-05-31T20:11:32.544-0300][gc,heap       ] GC(41) Old regions: 20->20
[2024-05-31T20:11:32.544-0300][gc,heap       ] GC(41) Humongous regions: 129->129
[2024-05-31T20:11:32.544-0300][gc,metaspace  ] GC(41) Metaspace: 45775K(48816K)->45775K(48816K) NonClass: 39986K(41648K)->39986K(41648K) Class: 5789K(7168K)->5789K(7168K)
[2024-05-31T20:11:32.544-0300][gc            ] GC(41) Pause Young (Normal) (G1 Evacuation Pause) 501M->151M(1024M) 11,196ms
[2024-05-31T20:11:32.544-0300][gc,cpu        ] GC(41) User=0,04s Sys=0,00s Real=0,01s
[2024-05-31T20:15:18.424-0300][gc,start      ] GC(42) Pause Young (Normal) (G1 Evacuation Pause)
[2024-05-31T20:15:18.424-0300][gc,task       ] GC(42) Using 4 workers of 4 for evacuation
[2024-05-31T20:15:18.427-0300][gc,phases     ] GC(42)   Pre Evacuate Collection Set: 0,0ms
[2024-05-31T20:15:18.427-0300][gc,phases     ] GC(42)   Evacuate Collection Set: 2,3ms
[2024-05-31T20:15:18.427-0300][gc,phases     ] GC(42)   Post Evacuate Collection Set: 0,6ms
[2024-05-31T20:15:18.427-0300][gc,phases     ] GC(42)   Other: 0,2ms
[2024-05-31T20:15:18.427-0300][gc,heap       ] GC(42) Eden regions: 356->0(377)
[2024-05-31T20:15:18.427-0300][gc,heap       ] GC(42) Survivor regions: 4->4(45)
[2024-05-31T20:15:18.427-0300][gc,heap       ] GC(42) Old regions: 20->20
[2024-05-31T20:15:18.427-0300][gc,heap       ] GC(42) Humongous regions: 129->129
[2024-05-31T20:15:18.427-0300][gc,metaspace  ] GC(42) Metaspace: 45775K(48816K)->45775K(48816K) NonClass: 39986K(41648K)->39986K(41648K) Class: 5789K(7168K)->5789K(7168K)
[2024-05-31T20:15:18.427-0300][gc            ] GC(42) Pause Young (Normal) (G1 Evacuation Pause) 507M->150M(1024M) 3,137ms
[2024-05-31T20:15:18.427-0300][gc,cpu        ] GC(42) User=0,01s Sys=0,00s Real=0,01s
[2024-05-31T20:19:17.898-0300][gc,start      ] GC(43) Pause Young (Normal) (G1 Evacuation Pause)
[2024-05-31T20:19:17.898-0300][gc,task       ] GC(43) Using 4 workers of 4 for evacuation
[2024-05-31T20:19:17.902-0300][gc,phases     ] GC(43)   Pre Evacuate Collection Set: 0,0ms
[2024-05-31T20:19:17.902-0300][gc,phases     ] GC(43)   Evacuate Collection Set: 3,3ms
[2024-05-31T20:19:17.902-0300][gc,phases     ] GC(43)   Post Evacuate Collection Set: 0,6ms
[2024-05-31T20:19:17.902-0300][gc,phases     ] GC(43)   Other: 0,2ms
[2024-05-31T20:19:17.902-0300][gc,heap       ] GC(43) Eden regions: 377->0(402)
[2024-05-31T20:19:17.902-0300][gc,heap       ] GC(43) Survivor regions: 4->4(48)
[2024-05-31T20:19:17.902-0300][gc,heap       ] GC(43) Old regions: 20->20
[2024-05-31T20:19:17.902-0300][gc,heap       ] GC(43) Humongous regions: 129->129
[2024-05-31T20:19:17.902-0300][gc,metaspace  ] GC(43) Metaspace: 45775K(48816K)->45775K(48816K) NonClass: 39986K(41648K)->39986K(41648K) Class: 5789K(7168K)->5789K(7168K)
[2024-05-31T20:19:17.902-0300][gc            ] GC(43) Pause Young (Normal) (G1 Evacuation Pause) 527M->151M(1024M) 4,188ms
[2024-05-31T20:19:17.902-0300][gc,cpu        ] GC(43) User=0,01s Sys=0,00s Real=0,00s
[2024-05-31T20:23:32.939-0300][gc,start      ] GC(44) Pause Young (Normal) (G1 Evacuation Pause)
[2024-05-31T20:23:32.939-0300][gc,task       ] GC(44) Using 4 workers of 4 for evacuation
[2024-05-31T20:23:32.949-0300][gc,phases     ] GC(44)   Pre Evacuate Collection Set: 0,1ms
[2024-05-31T20:23:32.949-0300][gc,phases     ] GC(44)   Evacuate Collection Set: 8,2ms
[2024-05-31T20:23:32.949-0300][gc,phases     ] GC(44)   Post Evacuate Collection Set: 1,2ms
[2024-05-31T20:23:32.949-0300][gc,phases     ] GC(44)   Other: 0,5ms
[2024-05-31T20:23:32.949-0300][gc,heap       ] GC(44) Eden regions: 402->0(405)
[2024-05-31T20:23:32.949-0300][gc,heap       ] GC(44) Survivor regions: 4->4(51)
[2024-05-31T20:23:32.949-0300][gc,heap       ] GC(44) Old regions: 20->20
[2024-05-31T20:23:32.949-0300][gc,heap       ] GC(44) Humongous regions: 129->129
[2024-05-31T20:23:32.949-0300][gc,metaspace  ] GC(44) Metaspace: 45776K(48816K)->45776K(48816K) NonClass: 39987K(41648K)->39987K(41648K) Class: 5789K(7168K)->5789K(7168K)
[2024-05-31T20:23:32.949-0300][gc            ] GC(44) Pause Young (Normal) (G1 Evacuation Pause) 553M->150M(1024M) 10,206ms
[2024-05-31T20:23:32.949-0300][gc,cpu        ] GC(44) User=0,04s Sys=0,00s Real=0,01s
[2024-05-31T20:27:50.769-0300][gc,start      ] GC(45) Pause Young (Normal) (G1 Evacuation Pause)
[2024-05-31T20:27:50.769-0300][gc,task       ] GC(45) Using 4 workers of 4 for evacuation
[2024-05-31T20:27:50.781-0300][gc,phases     ] GC(45)   Pre Evacuate Collection Set: 0,1ms
[2024-05-31T20:27:50.781-0300][gc,phases     ] GC(45)   Evacuate Collection Set: 10,3ms
[2024-05-31T20:27:50.781-0300][gc,phases     ] GC(45)   Post Evacuate Collection Set: 1,2ms
[2024-05-31T20:27:50.781-0300][gc,phases     ] GC(45)   Other: 0,5ms
[2024-05-31T20:27:50.781-0300][gc,heap       ] GC(45) Eden regions: 405->0(405)
[2024-05-31T20:27:50.781-0300][gc,heap       ] GC(45) Survivor regions: 4->4(52)
[2024-05-31T20:27:50.781-0300][gc,heap       ] GC(45) Old regions: 20->20
[2024-05-31T20:27:50.781-0300][gc,heap       ] GC(45) Humongous regions: 129->129
[2024-05-31T20:27:50.781-0300][gc,metaspace  ] GC(45) Metaspace: 45777K(48816K)->45777K(48816K) NonClass: 39988K(41648K)->39988K(41648K) Class: 5789K(7168K)->5789K(7168K)
[2024-05-31T20:27:50.781-0300][gc            ] GC(45) Pause Young (Normal) (G1 Evacuation Pause) 555M->151M(1024M) 12,304ms
[2024-05-31T20:27:50.781-0300][gc,cpu        ] GC(45) User=0,04s Sys=0,00s Real=0,01s
[2024-05-31T20:32:05.848-0300][gc,start      ] GC(46) Pause Young (Normal) (G1 Evacuation Pause)
[2024-05-31T20:32:05.848-0300][gc,task       ] GC(46) Using 4 workers of 4 for evacuation
[2024-05-31T20:32:05.863-0300][gc,phases     ] GC(46)   Pre Evacuate Collection Set: 0,1ms
[2024-05-31T20:32:05.863-0300][gc,phases     ] GC(46)   Evacuate Collection Set: 13,3ms
[2024-05-31T20:32:05.863-0300][gc,phases     ] GC(46)   Post Evacuate Collection Set: 1,3ms
[2024-05-31T20:32:05.863-0300][gc,phases     ] GC(46)   Other: 0,4ms
[2024-05-31T20:32:05.863-0300][gc,heap       ] GC(46) Eden regions: 405->0(407)
[2024-05-31T20:32:05.863-0300][gc,heap       ] GC(46) Survivor regions: 4->3(52)
[2024-05-31T20:32:05.863-0300][gc,heap       ] GC(46) Old regions: 20->20
[2024-05-31T20:32:05.863-0300][gc,heap       ] GC(46) Humongous regions: 129->129
[2024-05-31T20:32:05.863-0300][gc,metaspace  ] GC(46) Metaspace: 45777K(48816K)->45777K(48816K) NonClass: 39988K(41648K)->39988K(41648K) Class: 5789K(7168K)->5789K(7168K)
[2024-05-31T20:32:05.863-0300][gc            ] GC(46) Pause Young (Normal) (G1 Evacuation Pause) 556M->150M(1024M) 15,261ms
[2024-05-31T20:32:05.863-0300][gc,cpu        ] GC(46) User=0,04s Sys=0,00s Real=0,01s
[2024-05-31T20:36:23.997-0300][gc,start      ] GC(47) Pause Young (Normal) (G1 Evacuation Pause)
[2024-05-31T20:36:23.997-0300][gc,task       ] GC(47) Using 4 workers of 4 for evacuation
[2024-05-31T20:36:24.008-0300][gc,phases     ] GC(47)   Pre Evacuate Collection Set: 0,1ms
[2024-05-31T20:36:24.008-0300][gc,phases     ] GC(47)   Evacuate Collection Set: 9,0ms
[2024-05-31T20:36:24.008-0300][gc,phases     ] GC(47)   Post Evacuate Collection Set: 1,2ms
[2024-05-31T20:36:24.008-0300][gc,phases     ] GC(47)   Other: 0,4ms
[2024-05-31T20:36:24.008-0300][gc,heap       ] GC(47) Eden regions: 407->0(410)
[2024-05-31T20:36:24.008-0300][gc,heap       ] GC(47) Survivor regions: 3->4(52)
[2024-05-31T20:36:24.008-0300][gc,heap       ] GC(47) Old regions: 20->20
[2024-05-31T20:36:24.008-0300][gc,heap       ] GC(47) Humongous regions: 129->129
[2024-05-31T20:36:24.008-0300][gc,metaspace  ] GC(47) Metaspace: 45777K(48816K)->45777K(48816K) NonClass: 39988K(41648K)->39988K(41648K) Class: 5789K(7168K)->5789K(7168K)
[2024-05-31T20:36:24.008-0300][gc            ] GC(47) Pause Young (Normal) (G1 Evacuation Pause) 557M->151M(1024M) 10,987ms
[2024-05-31T20:36:24.008-0300][gc,cpu        ] GC(47) User=0,03s Sys=0,00s Real=0,01s
[2024-05-31T20:40:43.240-0300][gc,start      ] GC(48) Pause Young (Normal) (G1 Evacuation Pause)
[2024-05-31T20:40:43.240-0300][gc,task       ] GC(48) Using 4 workers of 4 for evacuation
[2024-05-31T20:40:43.250-0300][gc,phases     ] GC(48)   Pre Evacuate Collection Set: 0,1ms
[2024-05-31T20:40:43.250-0300][gc,phases     ] GC(48)   Evacuate Collection Set: 8,0ms
[2024-05-31T20:40:43.250-0300][gc,phases     ] GC(48)   Post Evacuate Collection Set: 1,2ms
[2024-05-31T20:40:43.250-0300][gc,phases     ] GC(48)   Other: 0,4ms
[2024-05-31T20:40:43.250-0300][gc,heap       ] GC(48) Eden regions: 410->0(415)
[2024-05-31T20:40:43.250-0300][gc,heap       ] GC(48) Survivor regions: 4->4(52)
[2024-05-31T20:40:43.250-0300][gc,heap       ] GC(48) Old regions: 20->20
[2024-05-31T20:40:43.250-0300][gc,heap       ] GC(48) Humongous regions: 129->129
[2024-05-31T20:40:43.250-0300][gc,metaspace  ] GC(48) Metaspace: 45777K(48816K)->45777K(48816K) NonClass: 39988K(41648K)->39988K(41648K) Class: 5789K(7168K)->5789K(7168K)
[2024-05-31T20:40:43.250-0300][gc            ] GC(48) Pause Young (Normal) (G1 Evacuation Pause) 561M->150M(1024M) 9,931ms
[2024-05-31T20:40:43.250-0300][gc,cpu        ] GC(48) User=0,03s Sys=0,00s Real=0,01s
[2024-05-31T20:45:04.429-0300][gc,start      ] GC(49) Pause Young (Normal) (G1 Evacuation Pause)
[2024-05-31T20:45:04.429-0300][gc,task       ] GC(49) Using 4 workers of 4 for evacuation
[2024-05-31T20:45:04.434-0300][gc,phases     ] GC(49)   Pre Evacuate Collection Set: 0,0ms
[2024-05-31T20:45:04.434-0300][gc,phases     ] GC(49)   Evacuate Collection Set: 3,5ms
[2024-05-31T20:45:04.434-0300][gc,phases     ] GC(49)   Post Evacuate Collection Set: 0,7ms
[2024-05-31T20:45:04.434-0300][gc,phases     ] GC(49)   Other: 0,2ms
[2024-05-31T20:45:04.434-0300][gc,heap       ] GC(49) Eden regions: 415->0(426)
[2024-05-31T20:45:04.434-0300][gc,heap       ] GC(49) Survivor regions: 4->4(53)
[2024-05-31T20:45:04.434-0300][gc,heap       ] GC(49) Old regions: 20->20
[2024-05-31T20:45:04.434-0300][gc,heap       ] GC(49) Humongous regions: 129->129
[2024-05-31T20:45:04.434-0300][gc,metaspace  ] GC(49) Metaspace: 45777K(48816K)->45777K(48816K) NonClass: 39988K(41648K)->39988K(41648K) Class: 5789K(7168K)->5789K(7168K)
[2024-05-31T20:45:04.434-0300][gc            ] GC(49) Pause Young (Normal) (G1 Evacuation Pause) 565M->151M(1024M) 4,503ms
[2024-05-31T20:45:04.434-0300][gc,cpu        ] GC(49) User=0,01s Sys=0,00s Real=0,00s
[2024-05-31T20:49:34.247-0300][gc,start      ] GC(50) Pause Young (Normal) (G1 Evacuation Pause)
[2024-05-31T20:49:34.247-0300][gc,task       ] GC(50) Using 4 workers of 4 for evacuation
[2024-05-31T20:49:34.250-0300][gc,phases     ] GC(50)   Pre Evacuate Collection Set: 0,0ms
[2024-05-31T20:49:34.250-0300][gc,phases     ] GC(50)   Evacuate Collection Set: 2,9ms
[2024-05-31T20:49:34.250-0300][gc,phases     ] GC(50)   Post Evacuate Collection Set: 0,6ms
[2024-05-31T20:49:34.250-0300][gc,phases     ] GC(50)   Other: 0,2ms
[2024-05-31T20:49:34.250-0300][gc,heap       ] GC(50) Eden regions: 426->0(446)
[2024-05-31T20:49:34.250-0300][gc,heap       ] GC(50) Survivor regions: 4->4(54)
[2024-05-31T20:49:34.250-0300][gc,heap       ] GC(50) Old regions: 20->20
[2024-05-31T20:49:34.250-0300][gc,heap       ] GC(50) Humongous regions: 129->129
[2024-05-31T20:49:34.250-0300][gc,metaspace  ] GC(50) Metaspace: 45777K(48816K)->45777K(48816K) NonClass: 39988K(41648K)->39988K(41648K) Class: 5789K(7168K)->5789K(7168K)
[2024-05-31T20:49:34.250-0300][gc            ] GC(50) Pause Young (Normal) (G1 Evacuation Pause) 577M->150M(1024M) 3,819ms
[2024-05-31T20:49:34.250-0300][gc,cpu        ] GC(50) User=0,02s Sys=0,00s Real=0,00s
[2024-05-31T20:54:16.175-0300][gc,start      ] GC(51) Pause Young (Normal) (G1 Evacuation Pause)
[2024-05-31T20:54:16.175-0300][gc,task       ] GC(51) Using 4 workers of 4 for evacuation
[2024-05-31T20:54:16.182-0300][gc,phases     ] GC(51)   Pre Evacuate Collection Set: 0,0ms
[2024-05-31T20:54:16.182-0300][gc,phases     ] GC(51)   Evacuate Collection Set: 6,2ms
[2024-05-31T20:54:16.182-0300][gc,phases     ] GC(51)   Post Evacuate Collection Set: 0,8ms
[2024-05-31T20:54:16.182-0300][gc,phases     ] GC(51)   Other: 0,3ms
[2024-05-31T20:54:16.182-0300][gc,heap       ] GC(51) Eden regions: 446->0(461)
[2024-05-31T20:54:16.182-0300][gc,heap       ] GC(51) Survivor regions: 4->4(57)
[2024-05-31T20:54:16.182-0300][gc,heap       ] GC(51) Old regions: 20->20
[2024-05-31T20:54:16.182-0300][gc,heap       ] GC(51) Humongous regions: 129->129
[2024-05-31T20:54:16.182-0300][gc,metaspace  ] GC(51) Metaspace: 45783K(48816K)->45783K(48816K) NonClass: 39994K(41648K)->39994K(41648K) Class: 5789K(7168K)->5789K(7168K)
[2024-05-31T20:54:16.182-0300][gc            ] GC(51) Pause Young (Normal) (G1 Evacuation Pause) 596M->151M(1024M) 7,440ms
[2024-05-31T20:54:16.182-0300][gc,cpu        ] GC(51) User=0,02s Sys=0,00s Real=0,01s
[2024-05-31T20:59:08.995-0300][gc,start      ] GC(52) Pause Young (Normal) (G1 Evacuation Pause)
[2024-05-31T20:59:08.995-0300][gc,task       ] GC(52) Using 4 workers of 4 for evacuation
[2024-05-31T20:59:08.998-0300][gc,phases     ] GC(52)   Pre Evacuate Collection Set: 0,0ms
[2024-05-31T20:59:08.998-0300][gc,phases     ] GC(52)   Evacuate Collection Set: 2,9ms
[2024-05-31T20:59:08.998-0300][gc,phases     ] GC(52)   Post Evacuate Collection Set: 0,6ms
[2024-05-31T20:59:08.998-0300][gc,phases     ] GC(52)   Other: 0,2ms
[2024-05-31T20:59:08.998-0300][gc,heap       ] GC(52) Eden regions: 461->0(499)
[2024-05-31T20:59:08.998-0300][gc,heap       ] GC(52) Survivor regions: 4->4(59)
[2024-05-31T20:59:08.998-0300][gc,heap       ] GC(52) Old regions: 20->20
[2024-05-31T20:59:08.998-0300][gc,heap       ] GC(52) Humongous regions: 129->129
[2024-05-31T20:59:08.999-0300][gc,metaspace  ] GC(52) Metaspace: 45789K(48816K)->45789K(48816K) NonClass: 40000K(41648K)->40000K(41648K) Class: 5789K(7168K)->5789K(7168K)
[2024-05-31T20:59:08.999-0300][gc            ] GC(52) Pause Young (Normal) (G1 Evacuation Pause) 612M->150M(1024M) 3,688ms
[2024-05-31T20:59:08.999-0300][gc,cpu        ] GC(52) User=0,02s Sys=0,00s Real=0,01s
[2024-05-31T21:04:26.793-0300][gc,start      ] GC(53) Pause Young (Normal) (G1 Evacuation Pause)
[2024-05-31T21:04:26.794-0300][gc,task       ] GC(53) Using 4 workers of 4 for evacuation
[2024-05-31T21:04:26.798-0300][gc,phases     ] GC(53)   Pre Evacuate Collection Set: 0,0ms
[2024-05-31T21:04:26.798-0300][gc,phases     ] GC(53)   Evacuate Collection Set: 3,8ms
[2024-05-31T21:04:26.798-0300][gc,phases     ] GC(53)   Post Evacuate Collection Set: 0,6ms
[2024-05-31T21:04:26.798-0300][gc,phases     ] GC(53)   Other: 0,2ms
[2024-05-31T21:04:26.798-0300][gc,heap       ] GC(53) Eden regions: 499->0(536)
[2024-05-31T21:04:26.798-0300][gc,heap       ] GC(53) Survivor regions: 4->5(63)
[2024-05-31T21:04:26.798-0300][gc,heap       ] GC(53) Old regions: 20->20
[2024-05-31T21:04:26.798-0300][gc,heap       ] GC(53) Humongous regions: 129->129
[2024-05-31T21:04:26.798-0300][gc,metaspace  ] GC(53) Metaspace: 45800K(48816K)->45800K(48816K) NonClass: 40011K(41648K)->40011K(41648K) Class: 5789K(7168K)->5789K(7168K)
[2024-05-31T21:04:26.798-0300][gc            ] GC(53) Pause Young (Normal) (G1 Evacuation Pause) 649M->151M(1024M) 4,673ms
[2024-05-31T21:04:26.798-0300][gc,cpu        ] GC(53) User=0,01s Sys=0,00s Real=0,01s
[2024-05-31T21:10:07.927-0300][gc,start      ] GC(54) Pause Young (Normal) (G1 Evacuation Pause)
[2024-05-31T21:10:07.927-0300][gc,task       ] GC(54) Using 4 workers of 4 for evacuation
[2024-05-31T21:10:07.940-0300][gc,phases     ] GC(54)   Pre Evacuate Collection Set: 0,1ms
[2024-05-31T21:10:07.940-0300][gc,phases     ] GC(54)   Evacuate Collection Set: 11,6ms
[2024-05-31T21:10:07.940-0300][gc,phases     ] GC(54)   Post Evacuate Collection Set: 1,3ms
[2024-05-31T21:10:07.940-0300][gc,phases     ] GC(54)   Other: 0,5ms
[2024-05-31T21:10:07.940-0300][gc,heap       ] GC(54) Eden regions: 536->0(499)
[2024-05-31T21:10:07.940-0300][gc,heap       ] GC(54) Survivor regions: 5->4(68)
[2024-05-31T21:10:07.940-0300][gc,heap       ] GC(54) Old regions: 20->20
[2024-05-31T21:10:07.940-0300][gc,heap       ] GC(54) Humongous regions: 129->129
[2024-05-31T21:10:07.940-0300][gc,metaspace  ] GC(54) Metaspace: 45802K(48816K)->45802K(48816K) NonClass: 40012K(41648K)->40012K(41648K) Class: 5789K(7168K)->5789K(7168K)
[2024-05-31T21:10:07.940-0300][gc            ] GC(54) Pause Young (Normal) (G1 Evacuation Pause) 687M->151M(1024M) 13,792ms
[2024-05-31T21:10:07.940-0300][gc,cpu        ] GC(54) User=0,04s Sys=0,01s Real=0,01s
[2024-05-31T21:15:25.085-0300][gc,start      ] GC(55) Pause Young (Normal) (G1 Evacuation Pause)
[2024-05-31T21:15:25.085-0300][gc,task       ] GC(55) Using 4 workers of 4 for evacuation
[2024-05-31T21:15:25.096-0300][gc,phases     ] GC(55)   Pre Evacuate Collection Set: 0,1ms
[2024-05-31T21:15:25.096-0300][gc,phases     ] GC(55)   Evacuate Collection Set: 8,6ms
[2024-05-31T21:15:25.096-0300][gc,phases     ] GC(55)   Post Evacuate Collection Set: 1,3ms
[2024-05-31T21:15:25.096-0300][gc,phases     ] GC(55)   Other: 0,4ms
[2024-05-31T21:15:25.096-0300][gc,heap       ] GC(55) Eden regions: 499->0(516)
[2024-05-31T21:15:25.096-0300][gc,heap       ] GC(55) Survivor regions: 4->4(63)
[2024-05-31T21:15:25.096-0300][gc,heap       ] GC(55) Old regions: 20->20
[2024-05-31T21:15:25.096-0300][gc,heap       ] GC(55) Humongous regions: 129->129
[2024-05-31T21:15:25.096-0300][gc,metaspace  ] GC(55) Metaspace: 45802K(48816K)->45802K(48816K) NonClass: 40012K(41648K)->40012K(41648K) Class: 5789K(7168K)->5789K(7168K)
[2024-05-31T21:15:25.096-0300][gc            ] GC(55) Pause Young (Normal) (G1 Evacuation Pause) 650M->150M(1024M) 10,629ms
[2024-05-31T21:15:25.096-0300][gc,cpu        ] GC(55) User=0,04s Sys=0,00s Real=0,00s
[2024-05-31T21:20:54.366-0300][gc,start      ] GC(56) Pause Young (Normal) (G1 Evacuation Pause)
[2024-05-31T21:20:54.366-0300][gc,task       ] GC(56) Using 4 workers of 4 for evacuation
[2024-05-31T21:20:54.370-0300][gc,phases     ] GC(56)   Pre Evacuate Collection Set: 0,0ms
[2024-05-31T21:20:54.370-0300][gc,phases     ] GC(56)   Evacuate Collection Set: 3,9ms
[2024-05-31T21:20:54.370-0300][gc,phases     ] GC(56)   Post Evacuate Collection Set: 0,6ms
[2024-05-31T21:20:54.370-0300][gc,phases     ] GC(56)   Other: 0,2ms
[2024-05-31T21:20:54.370-0300][gc,heap       ] GC(56) Eden regions: 516->0(568)
[2024-05-31T21:20:54.370-0300][gc,heap       ] GC(56) Survivor regions: 4->5(65)
[2024-05-31T21:20:54.370-0300][gc,heap       ] GC(56) Old regions: 20->20
[2024-05-31T21:20:54.370-0300][gc,heap       ] GC(56) Humongous regions: 129->129
[2024-05-31T21:20:54.370-0300][gc,metaspace  ] GC(56) Metaspace: 45802K(48816K)->45802K(48816K) NonClass: 40012K(41648K)->40012K(41648K) Class: 5789K(7168K)->5789K(7168K)
[2024-05-31T21:20:54.370-0300][gc            ] GC(56) Pause Young (Normal) (G1 Evacuation Pause) 666M->151M(1024M) 4,783ms
[2024-05-31T21:20:54.370-0300][gc,cpu        ] GC(56) User=0,01s Sys=0,00s Real=0,00s
[2024-05-31T21:26:58.131-0300][gc,start      ] GC(57) Pause Young (Normal) (G1 Evacuation Pause)
[2024-05-31T21:26:58.131-0300][gc,task       ] GC(57) Using 4 workers of 4 for evacuation
[2024-05-31T21:26:58.145-0300][gc,phases     ] GC(57)   Pre Evacuate Collection Set: 0,1ms
[2024-05-31T21:26:58.145-0300][gc,phases     ] GC(57)   Evacuate Collection Set: 11,6ms
[2024-05-31T21:26:58.145-0300][gc,phases     ] GC(57)   Post Evacuate Collection Set: 1,3ms
[2024-05-31T21:26:58.145-0300][gc,phases     ] GC(57)   Other: 0,5ms
[2024-05-31T21:26:58.145-0300][gc,heap       ] GC(57) Eden regions: 568->0(610)
[2024-05-31T21:26:58.145-0300][gc,heap       ] GC(57) Survivor regions: 5->4(72)
[2024-05-31T21:26:58.145-0300][gc,heap       ] GC(57) Old regions: 20->20
[2024-05-31T21:26:58.145-0300][gc,heap       ] GC(57) Humongous regions: 129->129
[2024-05-31T21:26:58.145-0300][gc,metaspace  ] GC(57) Metaspace: 45802K(48816K)->45802K(48816K) NonClass: 40012K(41648K)->40012K(41648K) Class: 5789K(7168K)->5789K(7168K)
[2024-05-31T21:26:58.145-0300][gc            ] GC(57) Pause Young (Normal) (G1 Evacuation Pause) 719M->151M(1024M) 13,737ms
[2024-05-31T21:26:58.145-0300][gc,cpu        ] GC(57) User=0,04s Sys=0,00s Real=0,02s
[2024-05-31T21:33:24.571-0300][gc,start      ] GC(58) Pause Young (Normal) (G1 Evacuation Pause)
[2024-05-31T21:33:24.571-0300][gc,task       ] GC(58) Using 4 workers of 4 for evacuation
[2024-05-31T21:33:24.576-0300][gc,phases     ] GC(58)   Pre Evacuate Collection Set: 0,0ms
[2024-05-31T21:33:24.576-0300][gc,phases     ] GC(58)   Evacuate Collection Set: 3,6ms
[2024-05-31T21:33:24.576-0300][gc,phases     ] GC(58)   Post Evacuate Collection Set: 0,7ms
[2024-05-31T21:33:24.576-0300][gc,phases     ] GC(58)   Other: 0,2ms
[2024-05-31T21:33:24.576-0300][gc,heap       ] GC(58) Eden regions: 610->0(610)
[2024-05-31T21:33:24.576-0300][gc,heap       ] GC(58) Survivor regions: 4->4(77)
[2024-05-31T21:33:24.576-0300][gc,heap       ] GC(58) Old regions: 20->20
[2024-05-31T21:33:24.576-0300][gc,heap       ] GC(58) Humongous regions: 129->129
[2024-05-31T21:33:24.576-0300][gc,metaspace  ] GC(58) Metaspace: 45802K(48816K)->45802K(48816K) NonClass: 40012K(41648K)->40012K(41648K) Class: 5789K(7168K)->5789K(7168K)
[2024-05-31T21:33:24.576-0300][gc            ] GC(58) Pause Young (Normal) (G1 Evacuation Pause) 761M->151M(1024M) 4,550ms
[2024-05-31T21:33:24.576-0300][gc,cpu        ] GC(58) User=0,02s Sys=0,00s Real=0,00s
[2024-05-31T21:39:53.263-0300][gc,start      ] GC(59) Pause Young (Normal) (G1 Evacuation Pause)
[2024-05-31T21:39:53.263-0300][gc,task       ] GC(59) Using 4 workers of 4 for evacuation
[2024-05-31T21:39:53.266-0300][gc,phases     ] GC(59)   Pre Evacuate Collection Set: 0,0ms
[2024-05-31T21:39:53.266-0300][gc,phases     ] GC(59)   Evacuate Collection Set: 2,5ms
[2024-05-31T21:39:53.266-0300][gc,phases     ] GC(59)   Post Evacuate Collection Set: 0,7ms
[2024-05-31T21:39:53.266-0300][gc,phases     ] GC(59)   Other: 0,2ms
[2024-05-31T21:39:53.266-0300][gc,heap       ] GC(59) Eden regions: 610->0(610)
[2024-05-31T21:39:53.266-0300][gc,heap       ] GC(59) Survivor regions: 4->4(77)
[2024-05-31T21:39:53.266-0300][gc,heap       ] GC(59) Old regions: 20->20
[2024-05-31T21:39:53.266-0300][gc,heap       ] GC(59) Humongous regions: 129->129
[2024-05-31T21:39:53.266-0300][gc,metaspace  ] GC(59) Metaspace: 45802K(48816K)->45802K(48816K) NonClass: 40012K(41648K)->40012K(41648K) Class: 5789K(7168K)->5789K(7168K)
[2024-05-31T21:39:53.266-0300][gc            ] GC(59) Pause Young (Normal) (G1 Evacuation Pause) 761M->150M(1024M) 3,476ms
[2024-05-31T21:39:53.266-0300][gc,cpu        ] GC(59) User=0,02s Sys=0,00s Real=0,01s
[2024-05-31T21:46:21.988-0300][gc,start      ] GC(60) Pause Young (Normal) (G1 Evacuation Pause)
[2024-05-31T21:46:21.988-0300][gc,task       ] GC(60) Using 4 workers of 4 for evacuation
[2024-05-31T21:46:22.001-0300][gc,phases     ] GC(60)   Pre Evacuate Collection Set: 0,1ms
[2024-05-31T21:46:22.001-0300][gc,phases     ] GC(60)   Evacuate Collection Set: 11,4ms
[2024-05-31T21:46:22.001-0300][gc,phases     ] GC(60)   Post Evacuate Collection Set: 1,4ms
[2024-05-31T21:46:22.001-0300][gc,phases     ] GC(60)   Other: 0,5ms
[2024-05-31T21:46:22.001-0300][gc,heap       ] GC(60) Eden regions: 610->0(609)
[2024-05-31T21:46:22.001-0300][gc,heap       ] GC(60) Survivor regions: 4->5(77)
[2024-05-31T21:46:22.001-0300][gc,heap       ] GC(60) Old regions: 20->20
[2024-05-31T21:46:22.001-0300][gc,heap       ] GC(60) Humongous regions: 129->129
[2024-05-31T21:46:22.001-0300][gc,metaspace  ] GC(60) Metaspace: 45802K(48816K)->45802K(48816K) NonClass: 40012K(41648K)->40012K(41648K) Class: 5789K(7168K)->5789K(7168K)
[2024-05-31T21:46:22.001-0300][gc            ] GC(60) Pause Young (Normal) (G1 Evacuation Pause) 760M->151M(1024M) 13,592ms
[2024-05-31T21:46:22.001-0300][gc,cpu        ] GC(60) User=0,05s Sys=0,00s Real=0,01s
[2024-05-31T21:52:50.136-0300][gc,start      ] GC(61) Pause Young (Normal) (G1 Evacuation Pause)
[2024-05-31T21:52:50.136-0300][gc,task       ] GC(61) Using 4 workers of 4 for evacuation
[2024-05-31T21:52:50.149-0300][gc,phases     ] GC(61)   Pre Evacuate Collection Set: 0,1ms
[2024-05-31T21:52:50.149-0300][gc,phases     ] GC(61)   Evacuate Collection Set: 10,7ms
[2024-05-31T21:52:50.149-0300][gc,phases     ] GC(61)   Post Evacuate Collection Set: 1,4ms
[2024-05-31T21:52:50.149-0300][gc,phases     ] GC(61)   Other: 0,5ms
[2024-05-31T21:52:50.149-0300][gc,heap       ] GC(61) Eden regions: 609->0(610)
[2024-05-31T21:52:50.149-0300][gc,heap       ] GC(61) Survivor regions: 5->4(77)
[2024-05-31T21:52:50.149-0300][gc,heap       ] GC(61) Old regions: 20->20
[2024-05-31T21:52:50.149-0300][gc,heap       ] GC(61) Humongous regions: 129->129
[2024-05-31T21:52:50.149-0300][gc,metaspace  ] GC(61) Metaspace: 45803K(48816K)->45803K(48816K) NonClass: 40014K(41648K)->40014K(41648K) Class: 5789K(7168K)->5789K(7168K)
[2024-05-31T21:52:50.149-0300][gc            ] GC(61) Pause Young (Normal) (G1 Evacuation Pause) 760M->151M(1024M) 12,902ms
[2024-05-31T21:52:50.149-0300][gc,cpu        ] GC(61) User=0,05s Sys=0,00s Real=0,02s
[2024-05-31T21:59:19.238-0300][gc,start      ] GC(62) Pause Young (Normal) (G1 Evacuation Pause)
[2024-05-31T21:59:19.238-0300][gc,task       ] GC(62) Using 4 workers of 4 for evacuation
[2024-05-31T21:59:19.242-0300][gc,phases     ] GC(62)   Pre Evacuate Collection Set: 0,0ms
[2024-05-31T21:59:19.242-0300][gc,phases     ] GC(62)   Evacuate Collection Set: 3,6ms
[2024-05-31T21:59:19.242-0300][gc,phases     ] GC(62)   Post Evacuate Collection Set: 0,5ms
[2024-05-31T21:59:19.242-0300][gc,phases     ] GC(62)   Other: 0,2ms
[2024-05-31T21:59:19.242-0300][gc,heap       ] GC(62) Eden regions: 610->0(610)
[2024-05-31T21:59:19.242-0300][gc,heap       ] GC(62) Survivor regions: 4->4(77)
[2024-05-31T21:59:19.243-0300][gc,heap       ] GC(62) Old regions: 20->20
[2024-05-31T21:59:19.243-0300][gc,heap       ] GC(62) Humongous regions: 129->129
[2024-05-31T21:59:19.243-0300][gc,metaspace  ] GC(62) Metaspace: 45804K(48816K)->45804K(48816K) NonClass: 40014K(41648K)->40014K(41648K) Class: 5789K(7168K)->5789K(7168K)
[2024-05-31T21:59:19.243-0300][gc            ] GC(62) Pause Young (Normal) (G1 Evacuation Pause) 761M->151M(1024M) 4,427ms
[2024-05-31T21:59:19.243-0300][gc,cpu        ] GC(62) User=0,02s Sys=0,00s Real=0,00s
[2024-05-31T22:05:45.985-0300][gc,start      ] GC(63) Pause Young (Normal) (G1 Evacuation Pause)
[2024-05-31T22:05:45.985-0300][gc,task       ] GC(63) Using 4 workers of 4 for evacuation
[2024-05-31T22:05:45.996-0300][gc,phases     ] GC(63)   Pre Evacuate Collection Set: 0,1ms
[2024-05-31T22:05:45.996-0300][gc,phases     ] GC(63)   Evacuate Collection Set: 8,3ms
[2024-05-31T22:05:45.996-0300][gc,phases     ] GC(63)   Post Evacuate Collection Set: 1,4ms
[2024-05-31T22:05:45.996-0300][gc,phases     ] GC(63)   Other: 0,5ms
[2024-05-31T22:05:45.996-0300][gc,heap       ] GC(63) Eden regions: 610->0(610)
[2024-05-31T22:05:45.996-0300][gc,heap       ] GC(63) Survivor regions: 4->4(77)
[2024-05-31T22:05:45.996-0300][gc,heap       ] GC(63) Old regions: 20->20
[2024-05-31T22:05:45.996-0300][gc,heap       ] GC(63) Humongous regions: 129->129
[2024-05-31T22:05:45.996-0300][gc,metaspace  ] GC(63) Metaspace: 45805K(48816K)->45805K(48816K) NonClass: 40015K(41648K)->40015K(41648K) Class: 5789K(7168K)->5789K(7168K)
[2024-05-31T22:05:45.996-0300][gc            ] GC(63) Pause Young (Normal) (G1 Evacuation Pause) 761M->150M(1024M) 10,437ms
[2024-05-31T22:05:45.996-0300][gc,cpu        ] GC(63) User=0,03s Sys=0,00s Real=0,00s
[2024-05-31T22:12:15.009-0300][gc,start      ] GC(64) Pause Young (Normal) (G1 Evacuation Pause)
[2024-05-31T22:12:15.009-0300][gc,task       ] GC(64) Using 4 workers of 4 for evacuation
[2024-05-31T22:12:15.020-0300][gc,phases     ] GC(64)   Pre Evacuate Collection Set: 0,1ms
[2024-05-31T22:12:15.020-0300][gc,phases     ] GC(64)   Evacuate Collection Set: 9,5ms
[2024-05-31T22:12:15.020-0300][gc,phases     ] GC(64)   Post Evacuate Collection Set: 1,3ms
[2024-05-31T22:12:15.020-0300][gc,phases     ] GC(64)   Other: 0,4ms
[2024-05-31T22:12:15.020-0300][gc,heap       ] GC(64) Eden regions: 610->0(611)
[2024-05-31T22:12:15.020-0300][gc,heap       ] GC(64) Survivor regions: 4->3(77)
[2024-05-31T22:12:15.020-0300][gc,heap       ] GC(64) Old regions: 20->20
[2024-05-31T22:12:15.020-0300][gc,heap       ] GC(64) Humongous regions: 129->129
[2024-05-31T22:12:15.020-0300][gc,metaspace  ] GC(64) Metaspace: 45805K(48816K)->45805K(48816K) NonClass: 40016K(41648K)->40016K(41648K) Class: 5789K(7168K)->5789K(7168K)
[2024-05-31T22:12:15.020-0300][gc            ] GC(64) Pause Young (Normal) (G1 Evacuation Pause) 760M->150M(1024M) 11,520ms
[2024-05-31T22:12:15.020-0300][gc,cpu        ] GC(64) User=0,03s Sys=0,00s Real=0,01s
[2024-05-31T22:18:45.137-0300][gc,start      ] GC(65) Pause Young (Normal) (G1 Evacuation Pause)
[2024-05-31T22:18:45.137-0300][gc,task       ] GC(65) Using 4 workers of 4 for evacuation
[2024-05-31T22:18:45.149-0300][gc,phases     ] GC(65)   Pre Evacuate Collection Set: 0,1ms
[2024-05-31T22:18:45.149-0300][gc,phases     ] GC(65)   Evacuate Collection Set: 10,9ms
[2024-05-31T22:18:45.149-0300][gc,phases     ] GC(65)   Post Evacuate Collection Set: 1,4ms
[2024-05-31T22:18:45.149-0300][gc,phases     ] GC(65)   Other: 0,5ms
[2024-05-31T22:18:45.149-0300][gc,heap       ] GC(65) Eden regions: 611->0(609)
[2024-05-31T22:18:45.150-0300][gc,heap       ] GC(65) Survivor regions: 3->5(77)
[2024-05-31T22:18:45.150-0300][gc,heap       ] GC(65) Old regions: 20->20
[2024-05-31T22:18:45.150-0300][gc,heap       ] GC(65) Humongous regions: 129->129
[2024-05-31T22:18:45.150-0300][gc,metaspace  ] GC(65) Metaspace: 45806K(48816K)->45806K(48816K) NonClass: 40017K(41648K)->40017K(41648K) Class: 5789K(7168K)->5789K(7168K)
[2024-05-31T22:18:45.150-0300][gc            ] GC(65) Pause Young (Normal) (G1 Evacuation Pause) 761M->151M(1024M) 13,065ms
[2024-05-31T22:18:45.150-0300][gc,cpu        ] GC(65) User=0,05s Sys=0,00s Real=0,02s
[2024-05-31T22:25:12.686-0300][gc,start      ] GC(66) Pause Young (Normal) (G1 Evacuation Pause)
[2024-05-31T22:25:12.686-0300][gc,task       ] GC(66) Using 4 workers of 4 for evacuation
[2024-05-31T22:25:12.699-0300][gc,phases     ] GC(66)   Pre Evacuate Collection Set: 0,1ms
[2024-05-31T22:25:12.699-0300][gc,phases     ] GC(66)   Evacuate Collection Set: 10,7ms
[2024-05-31T22:25:12.699-0300][gc,phases     ] GC(66)   Post Evacuate Collection Set: 1,4ms
[2024-05-31T22:25:12.699-0300][gc,phases     ] GC(66)   Other: 0,5ms
[2024-05-31T22:25:12.699-0300][gc,heap       ] GC(66) Eden regions: 609->0(610)
[2024-05-31T22:25:12.699-0300][gc,heap       ] GC(66) Survivor regions: 5->4(77)
[2024-05-31T22:25:12.699-0300][gc,heap       ] GC(66) Old regions: 20->20
[2024-05-31T22:25:12.699-0300][gc,heap       ] GC(66) Humongous regions: 129->129
[2024-05-31T22:25:12.699-0300][gc,metaspace  ] GC(66) Metaspace: 45809K(48816K)->45809K(48816K) NonClass: 40019K(41648K)->40019K(41648K) Class: 5789K(7168K)->5789K(7168K)
[2024-05-31T22:25:12.699-0300][gc            ] GC(66) Pause Young (Normal) (G1 Evacuation Pause) 760M->151M(1024M) 12,897ms
[2024-05-31T22:25:12.699-0300][gc,cpu        ] GC(66) User=0,05s Sys=0,00s Real=0,01s
[2024-05-31T22:31:41.814-0300][gc,start      ] GC(67) Pause Young (Normal) (G1 Evacuation Pause)
[2024-05-31T22:31:41.814-0300][gc,task       ] GC(67) Using 4 workers of 4 for evacuation
[2024-05-31T22:31:41.825-0300][gc,phases     ] GC(67)   Pre Evacuate Collection Set: 0,1ms
[2024-05-31T22:31:41.826-0300][gc,phases     ] GC(67)   Evacuate Collection Set: 9,2ms
[2024-05-31T22:31:41.826-0300][gc,phases     ] GC(67)   Post Evacuate Collection Set: 1,4ms
[2024-05-31T22:31:41.826-0300][gc,phases     ] GC(67)   Other: 0,5ms
[2024-05-31T22:31:41.826-0300][gc,heap       ] GC(67) Eden regions: 610->0(610)
[2024-05-31T22:31:41.826-0300][gc,heap       ] GC(67) Survivor regions: 4->4(77)
[2024-05-31T22:31:41.826-0300][gc,heap       ] GC(67) Old regions: 20->20
[2024-05-31T22:31:41.826-0300][gc,heap       ] GC(67) Humongous regions: 129->129
[2024-05-31T22:31:41.826-0300][gc,metaspace  ] GC(67) Metaspace: 45809K(48816K)->45809K(48816K) NonClass: 40020K(41648K)->40020K(41648K) Class: 5789K(7168K)->5789K(7168K)
[2024-05-31T22:31:41.826-0300][gc            ] GC(67) Pause Young (Normal) (G1 Evacuation Pause) 761M->151M(1024M) 11,400ms
[2024-05-31T22:31:41.826-0300][gc,cpu        ] GC(67) User=0,04s Sys=0,00s Real=0,02s
[2024-05-31T22:38:08.354-0300][gc,start      ] GC(68) Pause Young (Normal) (G1 Evacuation Pause)
[2024-05-31T22:38:08.354-0300][gc,task       ] GC(68) Using 4 workers of 4 for evacuation
[2024-05-31T22:38:08.358-0300][gc,phases     ] GC(68)   Pre Evacuate Collection Set: 0,0ms
[2024-05-31T22:38:08.358-0300][gc,phases     ] GC(68)   Evacuate Collection Set: 2,6ms
[2024-05-31T22:38:08.358-0300][gc,phases     ] GC(68)   Post Evacuate Collection Set: 0,6ms
[2024-05-31T22:38:08.358-0300][gc,phases     ] GC(68)   Other: 0,2ms
[2024-05-31T22:38:08.358-0300][gc,heap       ] GC(68) Eden regions: 610->0(610)
[2024-05-31T22:38:08.358-0300][gc,heap       ] GC(68) Survivor regions: 4->4(77)
[2024-05-31T22:38:08.358-0300][gc,heap       ] GC(68) Old regions: 20->20
[2024-05-31T22:38:08.358-0300][gc,heap       ] GC(68) Humongous regions: 129->129
[2024-05-31T22:38:08.358-0300][gc,metaspace  ] GC(68) Metaspace: 45809K(48816K)->45809K(48816K) NonClass: 40020K(41648K)->40020K(41648K) Class: 5789K(7168K)->5789K(7168K)
[2024-05-31T22:38:08.358-0300][gc            ] GC(68) Pause Young (Normal) (G1 Evacuation Pause) 761M->150M(1024M) 3,485ms
[2024-05-31T22:38:08.358-0300][gc,cpu        ] GC(68) User=0,01s Sys=0,00s Real=0,01s
[2024-05-31T22:44:35.887-0300][gc,start      ] GC(69) Pause Young (Normal) (G1 Evacuation Pause)
[2024-05-31T22:44:35.887-0300][gc,task       ] GC(69) Using 4 workers of 4 for evacuation
[2024-05-31T22:44:35.894-0300][gc,phases     ] GC(69)   Pre Evacuate Collection Set: 0,0ms
[2024-05-31T22:44:35.894-0300][gc,phases     ] GC(69)   Evacuate Collection Set: 5,2ms
[2024-05-31T22:44:35.894-0300][gc,phases     ] GC(69)   Post Evacuate Collection Set: 0,7ms
[2024-05-31T22:44:35.894-0300][gc,phases     ] GC(69)   Other: 0,2ms
[2024-05-31T22:44:35.894-0300][gc,heap       ] GC(69) Eden regions: 610->0(609)
[2024-05-31T22:44:35.894-0300][gc,heap       ] GC(69) Survivor regions: 4->5(77)
[2024-05-31T22:44:35.894-0300][gc,heap       ] GC(69) Old regions: 20->20
[2024-05-31T22:44:35.894-0300][gc,heap       ] GC(69) Humongous regions: 129->129
[2024-05-31T22:44:35.894-0300][gc,metaspace  ] GC(69) Metaspace: 45810K(48816K)->45810K(48816K) NonClass: 40021K(41648K)->40021K(41648K) Class: 5789K(7168K)->5789K(7168K)
[2024-05-31T22:44:35.894-0300][gc            ] GC(69) Pause Young (Normal) (G1 Evacuation Pause) 760M->151M(1024M) 6,290ms
[2024-05-31T22:44:35.894-0300][gc,cpu        ] GC(69) User=0,02s Sys=0,00s Real=0,00s
[2024-05-31T22:54:21.679-0300][gc,start      ] GC(70) Pause Young (Normal) (G1 Evacuation Pause)
[2024-05-31T22:54:21.679-0300][gc,task       ] GC(70) Using 4 workers of 4 for evacuation
[2024-05-31T22:54:21.683-0300][gc,phases     ] GC(70)   Pre Evacuate Collection Set: 0,0ms
[2024-05-31T22:54:21.683-0300][gc,phases     ] GC(70)   Evacuate Collection Set: 3,5ms
[2024-05-31T22:54:21.683-0300][gc,phases     ] GC(70)   Post Evacuate Collection Set: 0,7ms
[2024-05-31T22:54:21.683-0300][gc,phases     ] GC(70)   Other: 0,2ms
[2024-05-31T22:54:21.683-0300][gc,heap       ] GC(70) Eden regions: 609->0(610)
[2024-05-31T22:54:21.683-0300][gc,heap       ] GC(70) Survivor regions: 5->4(77)
[2024-05-31T22:54:21.683-0300][gc,heap       ] GC(70) Old regions: 20->20
[2024-05-31T22:54:21.683-0300][gc,heap       ] GC(70) Humongous regions: 129->129
[2024-05-31T22:54:21.683-0300][gc,metaspace  ] GC(70) Metaspace: 45814K(48816K)->45814K(48816K) NonClass: 40025K(41648K)->40025K(41648K) Class: 5789K(7168K)->5789K(7168K)
[2024-05-31T22:54:21.683-0300][gc            ] GC(70) Pause Young (Normal) (G1 Evacuation Pause) 760M->150M(1024M) 4,506ms
[2024-05-31T22:54:21.683-0300][gc,cpu        ] GC(70) User=0,01s Sys=0,00s Real=0,00s
[2024-05-31T23:04:13.834-0300][gc,start      ] GC(71) Pause Young (Normal) (G1 Evacuation Pause)
[2024-05-31T23:04:13.834-0300][gc,task       ] GC(71) Using 4 workers of 4 for evacuation
[2024-05-31T23:04:13.844-0300][gc,phases     ] GC(71)   Pre Evacuate Collection Set: 0,0ms
[2024-05-31T23:04:13.844-0300][gc,phases     ] GC(71)   Evacuate Collection Set: 8,5ms
[2024-05-31T23:04:13.844-0300][gc,phases     ] GC(71)   Post Evacuate Collection Set: 1,0ms
[2024-05-31T23:04:13.844-0300][gc,phases     ] GC(71)   Other: 0,4ms
[2024-05-31T23:04:13.844-0300][gc,heap       ] GC(71) Eden regions: 610->0(610)
[2024-05-31T23:04:13.844-0300][gc,heap       ] GC(71) Survivor regions: 4->4(77)
[2024-05-31T23:04:13.844-0300][gc,heap       ] GC(71) Old regions: 20->20
[2024-05-31T23:04:13.844-0300][gc,heap       ] GC(71) Humongous regions: 129->129
[2024-05-31T23:04:13.844-0300][gc,metaspace  ] GC(71) Metaspace: 45829K(48816K)->45829K(48816K) NonClass: 40039K(41648K)->40039K(41648K) Class: 5789K(7168K)->5789K(7168K)
[2024-05-31T23:04:13.844-0300][gc            ] GC(71) Pause Young (Normal) (G1 Evacuation Pause) 760M->151M(1024M) 10,169ms
[2024-05-31T23:04:13.844-0300][gc,cpu        ] GC(71) User=0,03s Sys=0,00s Real=0,01s
[2024-05-31T23:16:10.773-0300][gc,start      ] GC(72) Pause Young (Normal) (G1 Evacuation Pause)
[2024-05-31T23:16:10.773-0300][gc,task       ] GC(72) Using 4 workers of 4 for evacuation
[2024-05-31T23:16:10.784-0300][gc,phases     ] GC(72)   Pre Evacuate Collection Set: 0,1ms
[2024-05-31T23:16:10.784-0300][gc,phases     ] GC(72)   Evacuate Collection Set: 9,2ms
[2024-05-31T23:16:10.784-0300][gc,phases     ] GC(72)   Post Evacuate Collection Set: 1,4ms
[2024-05-31T23:16:10.784-0300][gc,phases     ] GC(72)   Other: 0,4ms
[2024-05-31T23:16:10.784-0300][gc,heap       ] GC(72) Eden regions: 610->0(610)
[2024-05-31T23:16:10.784-0300][gc,heap       ] GC(72) Survivor regions: 4->4(77)
[2024-05-31T23:16:10.784-0300][gc,heap       ] GC(72) Old regions: 20->20
[2024-05-31T23:16:10.785-0300][gc,heap       ] GC(72) Humongous regions: 129->129
[2024-05-31T23:16:10.785-0300][gc,metaspace  ] GC(72) Metaspace: 45843K(48816K)->45843K(48816K) NonClass: 40053K(41648K)->40053K(41648K) Class: 5789K(7168K)->5789K(7168K)
[2024-05-31T23:16:10.785-0300][gc            ] GC(72) Pause Young (Normal) (G1 Evacuation Pause) 761M->151M(1024M) 11,326ms
[2024-05-31T23:16:10.785-0300][gc,cpu        ] GC(72) User=0,03s Sys=0,00s Real=0,01s
[2024-05-31T23:23:44.249-0300][gc,start      ] GC(73) Pause Young (Normal) (G1 Evacuation Pause)
[2024-05-31T23:23:44.249-0300][gc,task       ] GC(73) Using 4 workers of 4 for evacuation
[2024-05-31T23:23:44.252-0300][gc,phases     ] GC(73)   Pre Evacuate Collection Set: 0,0ms
[2024-05-31T23:23:44.252-0300][gc,phases     ] GC(73)   Evacuate Collection Set: 2,4ms
[2024-05-31T23:23:44.252-0300][gc,phases     ] GC(73)   Post Evacuate Collection Set: 0,6ms
[2024-05-31T23:23:44.252-0300][gc,phases     ] GC(73)   Other: 0,2ms
[2024-05-31T23:23:44.252-0300][gc,heap       ] GC(73) Eden regions: 610->0(610)
[2024-05-31T23:23:44.252-0300][gc,heap       ] GC(73) Survivor regions: 4->4(77)
[2024-05-31T23:23:44.252-0300][gc,heap       ] GC(73) Old regions: 20->21
[2024-05-31T23:23:44.252-0300][gc,heap       ] GC(73) Humongous regions: 129->129
[2024-05-31T23:23:44.252-0300][gc,metaspace  ] GC(73) Metaspace: 45859K(48816K)->45859K(48816K) NonClass: 40070K(41648K)->40070K(41648K) Class: 5789K(7168K)->5789K(7168K)
[2024-05-31T23:23:44.252-0300][gc            ] GC(73) Pause Young (Normal) (G1 Evacuation Pause) 761M->150M(1024M) 3,264ms
[2024-05-31T23:23:44.252-0300][gc,cpu        ] GC(73) User=0,01s Sys=0,00s Real=0,00s
[2024-05-31T23:30:27.390-0300][gc,start      ] GC(74) Pause Young (Normal) (G1 Evacuation Pause)
[2024-05-31T23:30:27.390-0300][gc,task       ] GC(74) Using 4 workers of 4 for evacuation
[2024-05-31T23:30:27.401-0300][gc,phases     ] GC(74)   Pre Evacuate Collection Set: 0,1ms
[2024-05-31T23:30:27.401-0300][gc,phases     ] GC(74)   Evacuate Collection Set: 8,9ms
[2024-05-31T23:30:27.401-0300][gc,phases     ] GC(74)   Post Evacuate Collection Set: 1,3ms
[2024-05-31T23:30:27.401-0300][gc,phases     ] GC(74)   Other: 0,4ms
[2024-05-31T23:30:27.401-0300][gc,heap       ] GC(74) Eden regions: 610->0(610)
[2024-05-31T23:30:27.401-0300][gc,heap       ] GC(74) Survivor regions: 4->4(77)
[2024-05-31T23:30:27.401-0300][gc,heap       ] GC(74) Old regions: 21->21
[2024-05-31T23:30:27.401-0300][gc,heap       ] GC(74) Humongous regions: 129->129
[2024-05-31T23:30:27.401-0300][gc,metaspace  ] GC(74) Metaspace: 45863K(48816K)->45863K(48816K) NonClass: 40073K(41648K)->40073K(41648K) Class: 5789K(7168K)->5789K(7168K)
[2024-05-31T23:30:27.401-0300][gc            ] GC(74) Pause Young (Normal) (G1 Evacuation Pause) 760M->151M(1024M) 10,980ms
[2024-05-31T23:30:27.401-0300][gc,cpu        ] GC(74) User=0,04s Sys=0,00s Real=0,01s
[2024-05-31T23:37:17.820-0300][gc,start      ] GC(75) Pause Young (Normal) (G1 Evacuation Pause)
[2024-05-31T23:37:17.820-0300][gc,task       ] GC(75) Using 4 workers of 4 for evacuation
[2024-05-31T23:37:17.830-0300][gc,phases     ] GC(75)   Pre Evacuate Collection Set: 0,0ms
[2024-05-31T23:37:17.830-0300][gc,phases     ] GC(75)   Evacuate Collection Set: 7,9ms
[2024-05-31T23:37:17.830-0300][gc,phases     ] GC(75)   Post Evacuate Collection Set: 1,2ms
[2024-05-31T23:37:17.830-0300][gc,phases     ] GC(75)   Other: 0,4ms
[2024-05-31T23:37:17.830-0300][gc,heap       ] GC(75) Eden regions: 610->0(610)
[2024-05-31T23:37:17.830-0300][gc,heap       ] GC(75) Survivor regions: 4->4(77)
[2024-05-31T23:37:17.830-0300][gc,heap       ] GC(75) Old regions: 21->21
[2024-05-31T23:37:17.830-0300][gc,heap       ] GC(75) Humongous regions: 129->129
[2024-05-31T23:37:17.830-0300][gc,metaspace  ] GC(75) Metaspace: 45868K(48816K)->45868K(48816K) NonClass: 40078K(41648K)->40078K(41648K) Class: 5789K(7168K)->5789K(7168K)
[2024-05-31T23:37:17.830-0300][gc            ] GC(75) Pause Young (Normal) (G1 Evacuation Pause) 761M->151M(1024M) 9,703ms
[2024-05-31T23:37:17.830-0300][gc,cpu        ] GC(75) User=0,03s Sys=0,00s Real=0,01s
[2024-05-31T23:41:35.543-0300][gc,heap,exit  ] Heap
[2024-05-31T23:41:35.543-0300][gc,heap,exit  ]  garbage-first heap   total 1048576K, used 520366K [0x00000000c0000000, 0x0000000100000000)
[2024-05-31T23:41:35.543-0300][gc,heap,exit  ]   region size 1024K, 362 young (370688K), 4 survivors (4096K)
[2024-05-31T23:41:35.543-0300][gc,heap,exit  ]  Metaspace       used 46991K, capacity 50065K, committed 50224K, reserved 1091584K
[2024-05-31T23:41:35.543-0300][gc,heap,exit  ]   class space    used 6061K, capacity 7511K, committed 7552K, reserved 1048576K
