[2024-05-26T00:43:03.634-0300][gc,heap] Heap region size: 1M
[2024-05-26T00:43:03.646-0300][gc     ] Using G1
[2024-05-26T00:43:03.646-0300][gc,heap,coops] Heap address: 0x00000000c0000000, size: 1024 MB, Compressed Oops mode: 32-bit
[2024-05-26T00:43:03.646-0300][gc,cds       ] Mark closed archive regions in map: [0x00000000fff00000, 0x00000000fff6bff8]
[2024-05-26T00:43:03.646-0300][gc,cds       ] Mark open archive regions in map: [0x00000000ffe00000, 0x00000000ffe47ff8]
[2024-05-26T00:43:04.390-0300][gc,start     ] GC(0) Pause Young (Normal) (G1 Evacuation Pause)
[2024-05-26T00:43:04.391-0300][gc,task      ] GC(0) Using 4 workers of 4 for evacuation
[2024-05-26T00:43:04.398-0300][gc,phases    ] GC(0)   Pre Evacuate Collection Set: 0,0ms
[2024-05-26T00:43:04.398-0300][gc,phases    ] GC(0)   Evacuate Collection Set: 6,3ms
[2024-05-26T00:43:04.398-0300][gc,phases    ] GC(0)   Post Evacuate Collection Set: 0,4ms
[2024-05-26T00:43:04.398-0300][gc,phases    ] GC(0)   Other: 0,6ms
[2024-05-26T00:43:04.398-0300][gc,heap      ] GC(0) Eden regions: 51->0(44)
[2024-05-26T00:43:04.398-0300][gc,heap      ] GC(0) Survivor regions: 0->7(7)
[2024-05-26T00:43:04.398-0300][gc,heap      ] GC(0) Old regions: 2->3
[2024-05-26T00:43:04.398-0300][gc,heap      ] GC(0) Humongous regions: 0->0
[2024-05-26T00:43:04.398-0300][gc,metaspace ] GC(0) Metaspace: 14162K(15104K)->14162K(15104K) NonClass: 12418K(13056K)->12418K(13056K) Class: 1744K(2048K)->1744K(2048K)
[2024-05-26T00:43:04.398-0300][gc           ] GC(0) Pause Young (Normal) (G1 Evacuation Pause) 51M->7M(1024M) 7,403ms
[2024-05-26T00:43:04.398-0300][gc,cpu       ] GC(0) User=0,02s Sys=0,01s Real=0,00s
[2024-05-26T00:43:04.718-0300][gc,start     ] GC(1) Pause Young (Concurrent Start) (Metadata GC Threshold)
[2024-05-26T00:43:04.718-0300][gc,task      ] GC(1) Using 4 workers of 4 for evacuation
[2024-05-26T00:43:04.730-0300][gc,phases    ] GC(1)   Pre Evacuate Collection Set: 0,1ms
[2024-05-26T00:43:04.730-0300][gc,phases    ] GC(1)   Evacuate Collection Set: 11,0ms
[2024-05-26T00:43:04.730-0300][gc,phases    ] GC(1)   Post Evacuate Collection Set: 0,8ms
[2024-05-26T00:43:04.730-0300][gc,phases    ] GC(1)   Other: 0,5ms
[2024-05-26T00:43:04.730-0300][gc,heap      ] GC(1) Eden regions: 29->0(50)
[2024-05-26T00:43:04.730-0300][gc,heap      ] GC(1) Survivor regions: 7->1(7)
[2024-05-26T00:43:04.730-0300][gc,heap      ] GC(1) Old regions: 3->10
[2024-05-26T00:43:04.730-0300][gc,heap      ] GC(1) Humongous regions: 0->0
[2024-05-26T00:43:04.730-0300][gc,metaspace ] GC(1) Metaspace: 20548K(21248K)->20548K(21248K) NonClass: 18065K(18432K)->18065K(18432K) Class: 2483K(2816K)->2483K(2816K)
[2024-05-26T00:43:04.730-0300][gc           ] GC(1) Pause Young (Concurrent Start) (Metadata GC Threshold) 36M->9M(1024M) 12,662ms
[2024-05-26T00:43:04.730-0300][gc,cpu       ] GC(1) User=0,03s Sys=0,00s Real=0,02s
[2024-05-26T00:43:04.731-0300][gc           ] GC(2) Concurrent Cycle
[2024-05-26T00:43:04.731-0300][gc,marking   ] GC(2) Concurrent Clear Claimed Marks
[2024-05-26T00:43:04.731-0300][gc,marking   ] GC(2) Concurrent Clear Claimed Marks 0,041ms
[2024-05-26T00:43:04.731-0300][gc,marking   ] GC(2) Concurrent Scan Root Regions
[2024-05-26T00:43:04.732-0300][gc,marking   ] GC(2) Concurrent Scan Root Regions 1,801ms
[2024-05-26T00:43:04.732-0300][gc,marking   ] GC(2) Concurrent Mark (1,102s)
[2024-05-26T00:43:04.732-0300][gc,marking   ] GC(2) Concurrent Mark From Roots
[2024-05-26T00:43:04.733-0300][gc,task      ] GC(2) Using 1 workers of 1 for marking
[2024-05-26T00:43:04.742-0300][gc,marking   ] GC(2) Concurrent Mark From Roots 9,201ms
[2024-05-26T00:43:04.742-0300][gc,marking   ] GC(2) Concurrent Preclean
[2024-05-26T00:43:04.742-0300][gc,marking   ] GC(2) Concurrent Preclean 0,082ms
[2024-05-26T00:43:04.742-0300][gc,marking   ] GC(2) Concurrent Mark (1,102s, 1,111s) 9,327ms
[2024-05-26T00:43:04.742-0300][gc,start     ] GC(2) Pause Remark
[2024-05-26T00:43:04.743-0300][gc,stringtable] GC(2) Cleaned string and symbol table, strings: 5757 processed, 0 removed, symbols: 53687 processed, 40 removed
[2024-05-26T00:43:04.744-0300][gc            ] GC(2) Pause Remark 9M->9M(1024M) 1,676ms
[2024-05-26T00:43:04.744-0300][gc,cpu        ] GC(2) User=0,01s Sys=0,00s Real=0,00s
[2024-05-26T00:43:04.744-0300][gc,marking    ] GC(2) Concurrent Rebuild Remembered Sets
[2024-05-26T00:43:04.749-0300][gc,marking    ] GC(2) Concurrent Rebuild Remembered Sets 4,902ms
[2024-05-26T00:43:04.749-0300][gc,start      ] GC(2) Pause Cleanup
[2024-05-26T00:43:04.749-0300][gc            ] GC(2) Pause Cleanup 10M->10M(1024M) 0,172ms
[2024-05-26T00:43:04.749-0300][gc,cpu        ] GC(2) User=0,00s Sys=0,00s Real=0,00s
[2024-05-26T00:43:04.749-0300][gc,marking    ] GC(2) Concurrent Cleanup for Next Mark
[2024-05-26T00:43:04.757-0300][gc,marking    ] GC(2) Concurrent Cleanup for Next Mark 7,764ms
[2024-05-26T00:43:04.757-0300][gc            ] GC(2) Concurrent Cycle 26,185ms
[2024-05-26T00:43:05.595-0300][gc,start      ] GC(3) Pause Young (Normal) (G1 Evacuation Pause)
[2024-05-26T00:43:05.595-0300][gc,task       ] GC(3) Using 4 workers of 4 for evacuation
[2024-05-26T00:43:05.599-0300][gc,phases     ] GC(3)   Pre Evacuate Collection Set: 0,0ms
[2024-05-26T00:43:05.599-0300][gc,phases     ] GC(3)   Evacuate Collection Set: 3,2ms
[2024-05-26T00:43:05.599-0300][gc,phases     ] GC(3)   Post Evacuate Collection Set: 0,5ms
[2024-05-26T00:43:05.599-0300][gc,phases     ] GC(3)   Other: 0,1ms
[2024-05-26T00:43:05.599-0300][gc,heap       ] GC(3) Eden regions: 50->0(47)
[2024-05-26T00:43:05.599-0300][gc,heap       ] GC(3) Survivor regions: 1->4(7)
[2024-05-26T00:43:05.599-0300][gc,heap       ] GC(3) Old regions: 10->10
[2024-05-26T00:43:05.599-0300][gc,heap       ] GC(3) Humongous regions: 129->129
[2024-05-26T00:43:05.599-0300][gc,metaspace  ] GC(3) Metaspace: 28247K(29440K)->28247K(29440K) NonClass: 24937K(25600K)->24937K(25600K) Class: 3310K(3840K)->3310K(3840K)
[2024-05-26T00:43:05.599-0300][gc            ] GC(3) Pause Young (Normal) (G1 Evacuation Pause) 188M->140M(1024M) 3,966ms
[2024-05-26T00:43:05.599-0300][gc,cpu        ] GC(3) User=0,01s Sys=0,00s Real=0,00s
[2024-05-26T00:43:05.984-0300][gc,start      ] GC(4) Pause Young (Concurrent Start) (Metadata GC Threshold)
[2024-05-26T00:43:05.984-0300][gc,task       ] GC(4) Using 4 workers of 4 for evacuation
[2024-05-26T00:43:05.992-0300][gc,phases     ] GC(4)   Pre Evacuate Collection Set: 0,1ms
[2024-05-26T00:43:05.992-0300][gc,phases     ] GC(4)   Evacuate Collection Set: 7,2ms
[2024-05-26T00:43:05.992-0300][gc,phases     ] GC(4)   Post Evacuate Collection Set: 0,9ms
[2024-05-26T00:43:05.992-0300][gc,phases     ] GC(4)   Other: 0,2ms
[2024-05-26T00:43:05.992-0300][gc,heap       ] GC(4) Eden regions: 41->0(44)
[2024-05-26T00:43:05.992-0300][gc,heap       ] GC(4) Survivor regions: 4->7(7)
[2024-05-26T00:43:05.992-0300][gc,heap       ] GC(4) Old regions: 10->10
[2024-05-26T00:43:05.992-0300][gc,heap       ] GC(4) Humongous regions: 129->129
[2024-05-26T00:43:05.992-0300][gc,metaspace  ] GC(4) Metaspace: 34447K(35840K)->34447K(35840K) NonClass: 30496K(31232K)->30496K(31232K) Class: 3951K(4608K)->3951K(4608K)
[2024-05-26T00:43:05.992-0300][gc            ] GC(4) Pause Young (Concurrent Start) (Metadata GC Threshold) 181M->144M(1024M) 8,578ms
[2024-05-26T00:43:05.992-0300][gc,cpu        ] GC(4) User=0,02s Sys=0,00s Real=0,01s
[2024-05-26T00:43:05.993-0300][gc            ] GC(5) Concurrent Cycle
[2024-05-26T00:43:05.993-0300][gc,marking    ] GC(5) Concurrent Clear Claimed Marks
[2024-05-26T00:43:05.993-0300][gc,marking    ] GC(5) Concurrent Clear Claimed Marks 0,257ms
[2024-05-26T00:43:05.993-0300][gc,marking    ] GC(5) Concurrent Scan Root Regions
[2024-05-26T00:43:05.999-0300][gc,marking    ] GC(5) Concurrent Scan Root Regions 6,620ms
[2024-05-26T00:43:05.999-0300][gc,marking    ] GC(5) Concurrent Mark (2,369s)
[2024-05-26T00:43:05.999-0300][gc,marking    ] GC(5) Concurrent Mark From Roots
[2024-05-26T00:43:05.999-0300][gc,task       ] GC(5) Using 1 workers of 1 for marking
[2024-05-26T00:43:06.014-0300][gc,marking    ] GC(5) Concurrent Mark From Roots 14,605ms
[2024-05-26T00:43:06.014-0300][gc,marking    ] GC(5) Concurrent Preclean
[2024-05-26T00:43:06.014-0300][gc,marking    ] GC(5) Concurrent Preclean 0,181ms
[2024-05-26T00:43:06.014-0300][gc,marking    ] GC(5) Concurrent Mark (2,369s, 2,384s) 14,877ms
[2024-05-26T00:43:06.016-0300][gc,start      ] GC(5) Pause Remark
[2024-05-26T00:43:06.019-0300][gc,stringtable] GC(5) Cleaned string and symbol table, strings: 10085 processed, 22 removed, symbols: 84361 processed, 19 removed
[2024-05-26T00:43:06.019-0300][gc            ] GC(5) Pause Remark 145M->145M(1024M) 3,824ms
[2024-05-26T00:43:06.019-0300][gc,cpu        ] GC(5) User=0,01s Sys=0,00s Real=0,00s
[2024-05-26T00:43:06.019-0300][gc,marking    ] GC(5) Concurrent Rebuild Remembered Sets
[2024-05-26T00:43:06.026-0300][gc,marking    ] GC(5) Concurrent Rebuild Remembered Sets 6,518ms
[2024-05-26T00:43:06.027-0300][gc,start      ] GC(5) Pause Cleanup
[2024-05-26T00:43:06.027-0300][gc            ] GC(5) Pause Cleanup 145M->145M(1024M) 0,183ms
[2024-05-26T00:43:06.027-0300][gc,cpu        ] GC(5) User=0,00s Sys=0,00s Real=0,00s
[2024-05-26T00:43:06.027-0300][gc,marking    ] GC(5) Concurrent Cleanup for Next Mark
[2024-05-26T00:43:06.034-0300][gc,marking    ] GC(5) Concurrent Cleanup for Next Mark 7,224ms
[2024-05-26T00:43:06.034-0300][gc            ] GC(5) Concurrent Cycle 41,617ms
[2024-05-26T00:43:07.446-0300][gc,start      ] GC(6) Pause Young (Normal) (G1 Evacuation Pause)
[2024-05-26T00:43:07.446-0300][gc,task       ] GC(6) Using 4 workers of 4 for evacuation
[2024-05-26T00:43:07.455-0300][gc,phases     ] GC(6)   Pre Evacuate Collection Set: 0,0ms
[2024-05-26T00:43:07.455-0300][gc,phases     ] GC(6)   Evacuate Collection Set: 8,2ms
[2024-05-26T00:43:07.455-0300][gc,phases     ] GC(6)   Post Evacuate Collection Set: 0,5ms
[2024-05-26T00:43:07.455-0300][gc,phases     ] GC(6)   Other: 0,2ms
[2024-05-26T00:43:07.455-0300][gc,heap       ] GC(6) Eden regions: 44->0(48)
[2024-05-26T00:43:07.455-0300][gc,heap       ] GC(6) Survivor regions: 7->3(7)
[2024-05-26T00:43:07.455-0300][gc,heap       ] GC(6) Old regions: 10->17
[2024-05-26T00:43:07.455-0300][gc,heap       ] GC(6) Humongous regions: 147->129
[2024-05-26T00:43:07.455-0300][gc,metaspace  ] GC(6) Metaspace: 41500K(43904K)->41500K(43904K) NonClass: 36300K(37632K)->36300K(37632K) Class: 5199K(6272K)->5199K(6272K)
[2024-05-26T00:43:07.455-0300][gc            ] GC(6) Pause Young (Normal) (G1 Evacuation Pause) 206M->146M(1024M) 8,934ms
[2024-05-26T00:43:07.455-0300][gc,cpu        ] GC(6) User=0,04s Sys=0,00s Real=0,01s
[2024-05-26T00:43:35.433-0300][gc,start      ] GC(7) Pause Young (Normal) (G1 Evacuation Pause)
[2024-05-26T00:43:35.433-0300][gc,task       ] GC(7) Using 4 workers of 4 for evacuation
[2024-05-26T00:43:35.437-0300][gc,phases     ] GC(7)   Pre Evacuate Collection Set: 0,0ms
[2024-05-26T00:43:35.437-0300][gc,phases     ] GC(7)   Evacuate Collection Set: 2,7ms
[2024-05-26T00:43:35.437-0300][gc,phases     ] GC(7)   Post Evacuate Collection Set: 0,7ms
[2024-05-26T00:43:35.437-0300][gc,phases     ] GC(7)   Other: 0,1ms
[2024-05-26T00:43:35.437-0300][gc,heap       ] GC(7) Eden regions: 48->0(47)
[2024-05-26T00:43:35.437-0300][gc,heap       ] GC(7) Survivor regions: 3->4(7)
[2024-05-26T00:43:35.437-0300][gc,heap       ] GC(7) Old regions: 17->17
[2024-05-26T00:43:35.437-0300][gc,heap       ] GC(7) Humongous regions: 129->129
[2024-05-26T00:43:35.437-0300][gc,metaspace  ] GC(7) Metaspace: 43150K(45824K)->43150K(45824K) NonClass: 37731K(39168K)->37731K(39168K) Class: 5418K(6656K)->5418K(6656K)
[2024-05-26T00:43:35.437-0300][gc            ] GC(7) Pause Young (Normal) (G1 Evacuation Pause) 194M->147M(1024M) 3,559ms
[2024-05-26T00:43:35.437-0300][gc,cpu        ] GC(7) User=0,01s Sys=0,00s Real=0,00s
[2024-05-26T00:44:02.100-0300][gc,start      ] GC(8) Pause Young (Normal) (G1 Evacuation Pause)
[2024-05-26T00:44:02.100-0300][gc,task       ] GC(8) Using 4 workers of 4 for evacuation
[2024-05-26T00:44:02.111-0300][gc,phases     ] GC(8)   Pre Evacuate Collection Set: 0,1ms
[2024-05-26T00:44:02.111-0300][gc,phases     ] GC(8)   Evacuate Collection Set: 9,5ms
[2024-05-26T00:44:02.111-0300][gc,phases     ] GC(8)   Post Evacuate Collection Set: 1,0ms
[2024-05-26T00:44:02.111-0300][gc,phases     ] GC(8)   Other: 0,4ms
[2024-05-26T00:44:02.111-0300][gc,heap       ] GC(8) Eden regions: 47->0(47)
[2024-05-26T00:44:02.111-0300][gc,heap       ] GC(8) Survivor regions: 4->4(7)
[2024-05-26T00:44:02.111-0300][gc,heap       ] GC(8) Old regions: 17->17
[2024-05-26T00:44:02.111-0300][gc,heap       ] GC(8) Humongous regions: 129->129
[2024-05-26T00:44:02.111-0300][gc,metaspace  ] GC(8) Metaspace: 43219K(45824K)->43219K(45824K) NonClass: 37800K(39168K)->37800K(39168K) Class: 5418K(6656K)->5418K(6656K)
[2024-05-26T00:44:02.111-0300][gc            ] GC(8) Pause Young (Normal) (G1 Evacuation Pause) 194M->147M(1024M) 11,273ms
[2024-05-26T00:44:02.111-0300][gc,cpu        ] GC(8) User=0,04s Sys=0,00s Real=0,02s
[2024-05-26T00:44:31.541-0300][gc,start      ] GC(9) Pause Young (Normal) (G1 Evacuation Pause)
[2024-05-26T00:44:31.541-0300][gc,task       ] GC(9) Using 4 workers of 4 for evacuation
[2024-05-26T00:44:31.548-0300][gc,phases     ] GC(9)   Pre Evacuate Collection Set: 0,0ms
[2024-05-26T00:44:31.548-0300][gc,phases     ] GC(9)   Evacuate Collection Set: 6,3ms
[2024-05-26T00:44:31.548-0300][gc,phases     ] GC(9)   Post Evacuate Collection Set: 0,7ms
[2024-05-26T00:44:31.548-0300][gc,phases     ] GC(9)   Other: 0,3ms
[2024-05-26T00:44:31.548-0300][gc,heap       ] GC(9) Eden regions: 47->0(47)
[2024-05-26T00:44:31.548-0300][gc,heap       ] GC(9) Survivor regions: 4->4(7)
[2024-05-26T00:44:31.548-0300][gc,heap       ] GC(9) Old regions: 17->17
[2024-05-26T00:44:31.548-0300][gc,heap       ] GC(9) Humongous regions: 129->129
[2024-05-26T00:44:31.548-0300][gc,metaspace  ] GC(9) Metaspace: 43294K(45824K)->43294K(45824K) NonClass: 37875K(39168K)->37875K(39168K) Class: 5418K(6656K)->5418K(6656K)
[2024-05-26T00:44:31.548-0300][gc            ] GC(9) Pause Young (Normal) (G1 Evacuation Pause) 194M->147M(1024M) 7,529ms
[2024-05-26T00:44:31.548-0300][gc,cpu        ] GC(9) User=0,03s Sys=0,00s Real=0,00s
[2024-05-26T00:45:07.331-0300][gc,start      ] GC(10) Pause Young (Normal) (G1 Evacuation Pause)
[2024-05-26T00:45:07.331-0300][gc,task       ] GC(10) Using 4 workers of 4 for evacuation
[2024-05-26T00:45:07.336-0300][gc,phases     ] GC(10)   Pre Evacuate Collection Set: 0,0ms
[2024-05-26T00:45:07.336-0300][gc,phases     ] GC(10)   Evacuate Collection Set: 3,9ms
[2024-05-26T00:45:07.336-0300][gc,phases     ] GC(10)   Post Evacuate Collection Set: 0,4ms
[2024-05-26T00:45:07.336-0300][gc,phases     ] GC(10)   Other: 0,2ms
[2024-05-26T00:45:07.336-0300][gc,heap       ] GC(10) Eden regions: 47->0(49)
[2024-05-26T00:45:07.336-0300][gc,heap       ] GC(10) Survivor regions: 4->2(7)
[2024-05-26T00:45:07.336-0300][gc,heap       ] GC(10) Old regions: 17->19
[2024-05-26T00:45:07.336-0300][gc,heap       ] GC(10) Humongous regions: 129->129
[2024-05-26T00:45:07.336-0300][gc,metaspace  ] GC(10) Metaspace: 43511K(46080K)->43511K(46080K) NonClass: 38091K(39424K)->38091K(39424K) Class: 5420K(6656K)->5420K(6656K)
[2024-05-26T00:45:07.336-0300][gc            ] GC(10) Pause Young (Normal) (G1 Evacuation Pause) 194M->147M(1024M) 4,588ms
[2024-05-26T00:45:07.336-0300][gc,cpu        ] GC(10) User=0,02s Sys=0,00s Real=0,00s
[2024-05-26T00:45:37.372-0300][gc,start      ] GC(11) Pause Young (Normal) (G1 Evacuation Pause)
[2024-05-26T00:45:37.372-0300][gc,task       ] GC(11) Using 4 workers of 4 for evacuation
[2024-05-26T00:45:37.374-0300][gc,phases     ] GC(11)   Pre Evacuate Collection Set: 0,0ms
[2024-05-26T00:45:37.374-0300][gc,phases     ] GC(11)   Evacuate Collection Set: 2,1ms
[2024-05-26T00:45:37.374-0300][gc,phases     ] GC(11)   Post Evacuate Collection Set: 0,5ms
[2024-05-26T00:45:37.374-0300][gc,phases     ] GC(11)   Other: 0,2ms
[2024-05-26T00:45:37.374-0300][gc,heap       ] GC(11) Eden regions: 49->0(50)
[2024-05-26T00:45:37.374-0300][gc,heap       ] GC(11) Survivor regions: 2->3(7)
[2024-05-26T00:45:37.374-0300][gc,heap       ] GC(11) Old regions: 19->19
[2024-05-26T00:45:37.374-0300][gc,heap       ] GC(11) Humongous regions: 129->129
[2024-05-26T00:45:37.374-0300][gc,metaspace  ] GC(11) Metaspace: 43597K(46336K)->43597K(46336K) NonClass: 38177K(39680K)->38177K(39680K) Class: 5420K(6656K)->5420K(6656K)
[2024-05-26T00:45:37.374-0300][gc            ] GC(11) Pause Young (Normal) (G1 Evacuation Pause) 196M->147M(1024M) 2,778ms
[2024-05-26T00:45:37.374-0300][gc,cpu        ] GC(11) User=0,01s Sys=0,00s Real=0,00s
[2024-05-26T00:46:14.859-0300][gc,start      ] GC(12) Pause Young (Normal) (G1 Evacuation Pause)
[2024-05-26T00:46:14.859-0300][gc,task       ] GC(12) Using 4 workers of 4 for evacuation
[2024-05-26T00:46:14.865-0300][gc,phases     ] GC(12)   Pre Evacuate Collection Set: 0,0ms
[2024-05-26T00:46:14.865-0300][gc,phases     ] GC(12)   Evacuate Collection Set: 5,2ms
[2024-05-26T00:46:14.865-0300][gc,phases     ] GC(12)   Post Evacuate Collection Set: 0,6ms
[2024-05-26T00:46:14.865-0300][gc,phases     ] GC(12)   Other: 0,3ms
[2024-05-26T00:46:14.865-0300][gc,heap       ] GC(12) Eden regions: 50->0(53)
[2024-05-26T00:46:14.865-0300][gc,heap       ] GC(12) Survivor regions: 3->3(7)
[2024-05-26T00:46:14.865-0300][gc,heap       ] GC(12) Old regions: 19->19
[2024-05-26T00:46:14.865-0300][gc,heap       ] GC(12) Humongous regions: 129->129
[2024-05-26T00:46:14.865-0300][gc,metaspace  ] GC(12) Metaspace: 43685K(46336K)->43685K(46336K) NonClass: 38265K(39680K)->38265K(39680K) Class: 5420K(6656K)->5420K(6656K)
[2024-05-26T00:46:14.865-0300][gc            ] GC(12) Pause Young (Normal) (G1 Evacuation Pause) 197M->148M(1024M) 6,383ms
[2024-05-26T00:46:14.865-0300][gc,cpu        ] GC(12) User=0,02s Sys=0,00s Real=0,01s
[2024-05-26T00:46:49.686-0300][gc,start      ] GC(13) Pause Young (Normal) (G1 Evacuation Pause)
[2024-05-26T00:46:49.686-0300][gc,task       ] GC(13) Using 4 workers of 4 for evacuation
[2024-05-26T00:46:49.696-0300][gc,phases     ] GC(13)   Pre Evacuate Collection Set: 0,1ms
[2024-05-26T00:46:49.696-0300][gc,phases     ] GC(13)   Evacuate Collection Set: 9,1ms
[2024-05-26T00:46:49.696-0300][gc,phases     ] GC(13)   Post Evacuate Collection Set: 0,9ms
[2024-05-26T00:46:49.696-0300][gc,phases     ] GC(13)   Other: 0,4ms
[2024-05-26T00:46:49.696-0300][gc,heap       ] GC(13) Eden regions: 53->0(54)
[2024-05-26T00:46:49.696-0300][gc,heap       ] GC(13) Survivor regions: 3->4(7)
[2024-05-26T00:46:49.696-0300][gc,heap       ] GC(13) Old regions: 19->19
[2024-05-26T00:46:49.696-0300][gc,heap       ] GC(13) Humongous regions: 129->129
[2024-05-26T00:46:49.696-0300][gc,metaspace  ] GC(13) Metaspace: 43690K(46336K)->43690K(46336K) NonClass: 38270K(39680K)->38270K(39680K) Class: 5420K(6656K)->5420K(6656K)
[2024-05-26T00:46:49.696-0300][gc            ] GC(13) Pause Young (Normal) (G1 Evacuation Pause) 201M->149M(1024M) 10,672ms
[2024-05-26T00:46:49.696-0300][gc,cpu        ] GC(13) User=0,04s Sys=0,00s Real=0,01s
[2024-05-26T00:47:24.328-0300][gc,start      ] GC(14) Pause Young (Normal) (G1 Evacuation Pause)
[2024-05-26T00:47:24.328-0300][gc,task       ] GC(14) Using 4 workers of 4 for evacuation
[2024-05-26T00:47:24.332-0300][gc,phases     ] GC(14)   Pre Evacuate Collection Set: 0,0ms
[2024-05-26T00:47:24.332-0300][gc,phases     ] GC(14)   Evacuate Collection Set: 3,2ms
[2024-05-26T00:47:24.332-0300][gc,phases     ] GC(14)   Post Evacuate Collection Set: 0,5ms
[2024-05-26T00:47:24.332-0300][gc,phases     ] GC(14)   Other: 0,2ms
[2024-05-26T00:47:24.332-0300][gc,heap       ] GC(14) Eden regions: 54->0(94)
[2024-05-26T00:47:24.332-0300][gc,heap       ] GC(14) Survivor regions: 4->4(8)
[2024-05-26T00:47:24.332-0300][gc,heap       ] GC(14) Old regions: 19->19
[2024-05-26T00:47:24.332-0300][gc,heap       ] GC(14) Humongous regions: 129->129
[2024-05-26T00:47:24.332-0300][gc,metaspace  ] GC(14) Metaspace: 43738K(46336K)->43738K(46336K) NonClass: 38317K(39680K)->38317K(39680K) Class: 5420K(6656K)->5420K(6656K)
[2024-05-26T00:47:24.332-0300][gc            ] GC(14) Pause Young (Normal) (G1 Evacuation Pause) 203M->149M(1024M) 3,974ms
[2024-05-26T00:47:24.332-0300][gc,cpu        ] GC(14) User=0,01s Sys=0,00s Real=0,01s
[2024-05-26T00:48:27.743-0300][gc,start      ] GC(15) Pause Young (Normal) (G1 Evacuation Pause)
[2024-05-26T00:48:27.743-0300][gc,task       ] GC(15) Using 4 workers of 4 for evacuation
[2024-05-26T00:48:27.760-0300][gc,phases     ] GC(15)   Pre Evacuate Collection Set: 0,1ms
[2024-05-26T00:48:27.760-0300][gc,phases     ] GC(15)   Evacuate Collection Set: 16,1ms
[2024-05-26T00:48:27.760-0300][gc,phases     ] GC(15)   Post Evacuate Collection Set: 1,1ms
[2024-05-26T00:48:27.760-0300][gc,phases     ] GC(15)   Other: 0,5ms
[2024-05-26T00:48:27.760-0300][gc,heap       ] GC(15) Eden regions: 94->0(94)
[2024-05-26T00:48:27.760-0300][gc,heap       ] GC(15) Survivor regions: 4->6(13)
[2024-05-26T00:48:27.760-0300][gc,heap       ] GC(15) Old regions: 19->19
[2024-05-26T00:48:27.760-0300][gc,heap       ] GC(15) Humongous regions: 129->129
[2024-05-26T00:48:27.760-0300][gc,metaspace  ] GC(15) Metaspace: 44439K(47360K)->44439K(47360K) NonClass: 38858K(40448K)->38858K(40448K) Class: 5580K(6912K)->5580K(6912K)
[2024-05-26T00:48:27.761-0300][gc            ] GC(15) Pause Young (Normal) (G1 Evacuation Pause) 243M->150M(1024M) 18,024ms
[2024-05-26T00:48:27.761-0300][gc,cpu        ] GC(15) User=0,07s Sys=0,00s Real=0,02s
[2024-05-26T00:49:35.183-0300][gc,start      ] GC(16) Pause Young (Normal) (G1 Evacuation Pause)
[2024-05-26T00:49:35.183-0300][gc,task       ] GC(16) Using 4 workers of 4 for evacuation
[2024-05-26T00:49:35.201-0300][gc,phases     ] GC(16)   Pre Evacuate Collection Set: 0,1ms
[2024-05-26T00:49:35.201-0300][gc,phases     ] GC(16)   Evacuate Collection Set: 16,1ms
[2024-05-26T00:49:35.201-0300][gc,phases     ] GC(16)   Post Evacuate Collection Set: 0,8ms
[2024-05-26T00:49:35.201-0300][gc,phases     ] GC(16)   Other: 0,4ms
[2024-05-26T00:49:35.201-0300][gc,heap       ] GC(16) Eden regions: 94->0(94)
[2024-05-26T00:49:35.201-0300][gc,heap       ] GC(16) Survivor regions: 6->7(13)
[2024-05-26T00:49:35.201-0300][gc,heap       ] GC(16) Old regions: 19->19
[2024-05-26T00:49:35.201-0300][gc,heap       ] GC(16) Humongous regions: 129->129
[2024-05-26T00:49:35.201-0300][gc,metaspace  ] GC(16) Metaspace: 44462K(47360K)->44462K(47360K) NonClass: 38881K(40448K)->38881K(40448K) Class: 5580K(6912K)->5580K(6912K)
[2024-05-26T00:49:35.201-0300][gc            ] GC(16) Pause Young (Normal) (G1 Evacuation Pause) 244M->151M(1024M) 17,637ms
[2024-05-26T00:49:35.201-0300][gc,cpu        ] GC(16) User=0,06s Sys=0,00s Real=0,02s
[2024-05-26T00:50:39.579-0300][gc,start      ] GC(17) Pause Young (Normal) (G1 Evacuation Pause)
[2024-05-26T00:50:39.579-0300][gc,task       ] GC(17) Using 4 workers of 4 for evacuation
[2024-05-26T00:50:39.594-0300][gc,phases     ] GC(17)   Pre Evacuate Collection Set: 0,0ms
[2024-05-26T00:50:39.594-0300][gc,phases     ] GC(17)   Evacuate Collection Set: 14,0ms
[2024-05-26T00:50:39.594-0300][gc,phases     ] GC(17)   Post Evacuate Collection Set: 0,6ms
[2024-05-26T00:50:39.594-0300][gc,phases     ] GC(17)   Other: 0,3ms
[2024-05-26T00:50:39.594-0300][gc,heap       ] GC(17) Eden regions: 94->0(95)
[2024-05-26T00:50:39.594-0300][gc,heap       ] GC(17) Survivor regions: 7->8(13)
[2024-05-26T00:50:39.594-0300][gc,heap       ] GC(17) Old regions: 19->19
[2024-05-26T00:50:39.594-0300][gc,heap       ] GC(17) Humongous regions: 129->129
[2024-05-26T00:50:39.594-0300][gc,metaspace  ] GC(17) Metaspace: 44677K(47360K)->44677K(47360K) NonClass: 39046K(40448K)->39046K(40448K) Class: 5630K(6912K)->5630K(6912K)
[2024-05-26T00:50:39.594-0300][gc            ] GC(17) Pause Young (Normal) (G1 Evacuation Pause) 245M->153M(1024M) 14,969ms
[2024-05-26T00:50:39.594-0300][gc,cpu        ] GC(17) User=0,05s Sys=0,01s Real=0,02s
[2024-05-26T00:51:44.780-0300][gc,start      ] GC(18) Pause Young (Normal) (G1 Evacuation Pause)
[2024-05-26T00:51:44.780-0300][gc,task       ] GC(18) Using 4 workers of 4 for evacuation
[2024-05-26T00:51:44.801-0300][gc,mmu        ] GC(18) MMU target violated: 21,0ms (20,0ms/21,0ms)
[2024-05-26T00:51:44.801-0300][gc,phases     ] GC(18)   Pre Evacuate Collection Set: 0,1ms
[2024-05-26T00:51:44.801-0300][gc,phases     ] GC(18)   Evacuate Collection Set: 20,0ms
[2024-05-26T00:51:44.801-0300][gc,phases     ] GC(18)   Post Evacuate Collection Set: 0,8ms
[2024-05-26T00:51:44.801-0300][gc,phases     ] GC(18)   Other: 0,5ms
[2024-05-26T00:51:44.801-0300][gc,heap       ] GC(18) Eden regions: 95->0(93)
[2024-05-26T00:51:44.801-0300][gc,heap       ] GC(18) Survivor regions: 8->8(13)
[2024-05-26T00:51:44.801-0300][gc,heap       ] GC(18) Old regions: 19->19
[2024-05-26T00:51:44.801-0300][gc,heap       ] GC(18) Humongous regions: 129->129
[2024-05-26T00:51:44.801-0300][gc,metaspace  ] GC(18) Metaspace: 44737K(47616K)->44737K(47616K) NonClass: 39098K(40704K)->39098K(40704K) Class: 5639K(6912K)->5639K(6912K)
[2024-05-26T00:51:44.801-0300][gc            ] GC(18) Pause Young (Normal) (G1 Evacuation Pause) 248M->154M(1024M) 21,457ms
[2024-05-26T00:51:44.801-0300][gc,cpu        ] GC(18) User=0,08s Sys=0,00s Real=0,03s
[2024-05-26T00:52:44.692-0300][gc,start      ] GC(19) Pause Young (Normal) (G1 Evacuation Pause)
[2024-05-26T00:52:44.692-0300][gc,task       ] GC(19) Using 4 workers of 4 for evacuation
[2024-05-26T00:52:44.707-0300][gc,phases     ] GC(19)   Pre Evacuate Collection Set: 0,0ms
[2024-05-26T00:52:44.707-0300][gc,phases     ] GC(19)   Evacuate Collection Set: 14,2ms
[2024-05-26T00:52:44.707-0300][gc,phases     ] GC(19)   Post Evacuate Collection Set: 0,8ms
[2024-05-26T00:52:44.707-0300][gc,phases     ] GC(19)   Other: 0,3ms
[2024-05-26T00:52:44.707-0300][gc,heap       ] GC(19) Eden regions: 93->0(95)
[2024-05-26T00:52:44.707-0300][gc,heap       ] GC(19) Survivor regions: 8->9(13)
[2024-05-26T00:52:44.707-0300][gc,heap       ] GC(19) Old regions: 19->20
[2024-05-26T00:52:44.707-0300][gc,heap       ] GC(19) Humongous regions: 129->129
[2024-05-26T00:52:44.708-0300][gc,metaspace  ] GC(19) Metaspace: 44741K(47616K)->44741K(47616K) NonClass: 39102K(40704K)->39102K(40704K) Class: 5639K(6912K)->5639K(6912K)
[2024-05-26T00:52:44.708-0300][gc            ] GC(19) Pause Young (Normal) (G1 Evacuation Pause) 247M->155M(1024M) 15,486ms
[2024-05-26T00:52:44.708-0300][gc,cpu        ] GC(19) User=0,05s Sys=0,00s Real=0,01s
[2024-05-26T00:53:24.412-0300][gc,start      ] GC(20) Pause Young (Normal) (G1 Evacuation Pause)
[2024-05-26T00:53:24.412-0300][gc,task       ] GC(20) Using 4 workers of 4 for evacuation
[2024-05-26T00:53:24.431-0300][gc,phases     ] GC(20)   Pre Evacuate Collection Set: 0,1ms
[2024-05-26T00:53:24.431-0300][gc,phases     ] GC(20)   Evacuate Collection Set: 19,1ms
[2024-05-26T00:53:24.431-0300][gc,phases     ] GC(20)   Post Evacuate Collection Set: 0,4ms
[2024-05-26T00:53:24.432-0300][gc,phases     ] GC(20)   Other: 0,3ms
[2024-05-26T00:53:24.432-0300][gc,heap       ] GC(20) Eden regions: 63->0(90)
[2024-05-26T00:53:24.432-0300][gc,heap       ] GC(20) Survivor regions: 9->6(9)
[2024-05-26T00:53:24.432-0300][gc,heap       ] GC(20) Old regions: 20->24
[2024-05-26T00:53:24.432-0300][gc,heap       ] GC(20) Humongous regions: 129->129
[2024-05-26T00:53:24.432-0300][gc,metaspace  ] GC(20) Metaspace: 45194K(48128K)->45194K(48128K) NonClass: 39424K(40960K)->39424K(40960K) Class: 5770K(7168K)->5770K(7168K)
[2024-05-26T00:53:24.432-0300][gc            ] GC(20) Pause Young (Normal) (G1 Evacuation Pause) 218M->156M(1024M) 19,900ms
[2024-05-26T00:53:24.432-0300][gc,cpu        ] GC(20) User=0,07s Sys=0,00s Real=0,02s
[2024-05-26T00:53:24.702-0300][gc,heap,exit  ] Heap
[2024-05-26T00:53:24.702-0300][gc,heap,exit  ]  garbage-first heap   total 1048576K, used 166787K [0x00000000c0000000, 0x0000000100000000)
[2024-05-26T00:53:24.702-0300][gc,heap,exit  ]   region size 1024K, 13 young (13312K), 6 survivors (6144K)
[2024-05-26T00:53:24.702-0300][gc,heap,exit  ]  Metaspace       used 45879K, capacity 48796K, committed 49024K, reserved 1091584K
[2024-05-26T00:53:24.702-0300][gc,heap,exit  ]   class space    used 5909K, capacity 7290K, committed 7296K, reserved 1048576K
