[2024-06-05T18:35:54.378-0300][gc,heap] Heap region size: 1M
[2024-06-05T18:35:54.391-0300][gc     ] Using G1
[2024-06-05T18:35:54.391-0300][gc,heap,coops] Heap address: 0x00000000c0000000, size: 1024 MB, Compressed Oops mode: 32-bit
[2024-06-05T18:35:54.391-0300][gc,cds       ] Mark closed archive regions in map: [0x00000000fff00000, 0x00000000fff6bff8]
[2024-06-05T18:35:54.391-0300][gc,cds       ] Mark open archive regions in map: [0x00000000ffe00000, 0x00000000ffe47ff8]
[2024-06-05T18:35:55.206-0300][gc,start     ] GC(0) Pause Young (Normal) (G1 Evacuation Pause)
[2024-06-05T18:35:55.206-0300][gc,task      ] GC(0) Using 4 workers of 4 for evacuation
[2024-06-05T18:35:55.213-0300][gc,phases    ] GC(0)   Pre Evacuate Collection Set: 0,0ms
[2024-06-05T18:35:55.213-0300][gc,phases    ] GC(0)   Evacuate Collection Set: 5,8ms
[2024-06-05T18:35:55.213-0300][gc,phases    ] GC(0)   Post Evacuate Collection Set: 0,5ms
[2024-06-05T18:35:55.213-0300][gc,phases    ] GC(0)   Other: 0,5ms
[2024-06-05T18:35:55.213-0300][gc,heap      ] GC(0) Eden regions: 51->0(44)
[2024-06-05T18:35:55.213-0300][gc,heap      ] GC(0) Survivor regions: 0->7(7)
[2024-06-05T18:35:55.213-0300][gc,heap      ] GC(0) Old regions: 2->3
[2024-06-05T18:35:55.213-0300][gc,heap      ] GC(0) Humongous regions: 0->0
[2024-06-05T18:35:55.213-0300][gc,metaspace ] GC(0) Metaspace: 14243K(15104K)->14243K(15104K) NonClass: 12490K(13056K)->12490K(13056K) Class: 1752K(2048K)->1752K(2048K)
[2024-06-05T18:35:55.213-0300][gc           ] GC(0) Pause Young (Normal) (G1 Evacuation Pause) 51M->8M(1024M) 6,963ms
[2024-06-05T18:35:55.213-0300][gc,cpu       ] GC(0) User=0,02s Sys=0,00s Real=0,01s
[2024-06-05T18:35:55.653-0300][gc,start     ] GC(1) Pause Young (Concurrent Start) (Metadata GC Threshold)
[2024-06-05T18:35:55.653-0300][gc,task      ] GC(1) Using 4 workers of 4 for evacuation
[2024-06-05T18:35:55.663-0300][gc,phases    ] GC(1)   Pre Evacuate Collection Set: 0,1ms
[2024-06-05T18:35:55.663-0300][gc,phases    ] GC(1)   Evacuate Collection Set: 8,5ms
[2024-06-05T18:35:55.663-0300][gc,phases    ] GC(1)   Post Evacuate Collection Set: 0,8ms
[2024-06-05T18:35:55.663-0300][gc,phases    ] GC(1)   Other: 0,3ms
[2024-06-05T18:35:55.663-0300][gc,heap      ] GC(1) Eden regions: 29->0(49)
[2024-06-05T18:35:55.663-0300][gc,heap      ] GC(1) Survivor regions: 7->2(7)
[2024-06-05T18:35:55.663-0300][gc,heap      ] GC(1) Old regions: 3->10
[2024-06-05T18:35:55.663-0300][gc,heap      ] GC(1) Humongous regions: 0->0
[2024-06-05T18:35:55.663-0300][gc,metaspace ] GC(1) Metaspace: 20537K(21248K)->20537K(21248K) NonClass: 18056K(18432K)->18056K(18432K) Class: 2480K(2816K)->2480K(2816K)
[2024-06-05T18:35:55.663-0300][gc           ] GC(1) Pause Young (Concurrent Start) (Metadata GC Threshold) 37M->8M(1024M) 9,809ms
[2024-06-05T18:35:55.663-0300][gc,cpu       ] GC(1) User=0,03s Sys=0,00s Real=0,01s
[2024-06-05T18:35:55.663-0300][gc           ] GC(2) Concurrent Cycle
[2024-06-05T18:35:55.663-0300][gc,marking   ] GC(2) Concurrent Clear Claimed Marks
[2024-06-05T18:35:55.663-0300][gc,marking   ] GC(2) Concurrent Clear Claimed Marks 0,033ms
[2024-06-05T18:35:55.663-0300][gc,marking   ] GC(2) Concurrent Scan Root Regions
[2024-06-05T18:35:55.664-0300][gc,marking   ] GC(2) Concurrent Scan Root Regions 0,833ms
[2024-06-05T18:35:55.664-0300][gc,marking   ] GC(2) Concurrent Mark (1,288s)
[2024-06-05T18:35:55.664-0300][gc,marking   ] GC(2) Concurrent Mark From Roots
[2024-06-05T18:35:55.664-0300][gc,task      ] GC(2) Using 1 workers of 1 for marking
[2024-06-05T18:35:55.674-0300][gc,marking   ] GC(2) Concurrent Mark From Roots 9,952ms
[2024-06-05T18:35:55.674-0300][gc,marking   ] GC(2) Concurrent Preclean
[2024-06-05T18:35:55.674-0300][gc,marking   ] GC(2) Concurrent Preclean 0,078ms
[2024-06-05T18:35:55.674-0300][gc,marking   ] GC(2) Concurrent Mark (1,288s, 1,298s) 10,076ms
[2024-06-05T18:35:55.674-0300][gc,start     ] GC(2) Pause Remark
[2024-06-05T18:35:55.678-0300][gc,stringtable] GC(2) Cleaned string and symbol table, strings: 5802 processed, 0 removed, symbols: 53941 processed, 43 removed
[2024-06-05T18:35:55.679-0300][gc            ] GC(2) Pause Remark 9M->9M(1024M) 4,619ms
[2024-06-05T18:35:55.679-0300][gc,cpu        ] GC(2) User=0,01s Sys=0,00s Real=0,01s
[2024-06-05T18:35:55.679-0300][gc,marking    ] GC(2) Concurrent Rebuild Remembered Sets
[2024-06-05T18:35:55.685-0300][gc,marking    ] GC(2) Concurrent Rebuild Remembered Sets 5,848ms
[2024-06-05T18:35:55.685-0300][gc,start      ] GC(2) Pause Cleanup
[2024-06-05T18:35:55.685-0300][gc            ] GC(2) Pause Cleanup 9M->9M(1024M) 0,263ms
[2024-06-05T18:35:55.685-0300][gc,cpu        ] GC(2) User=0,00s Sys=0,00s Real=0,00s
[2024-06-05T18:35:55.685-0300][gc,marking    ] GC(2) Concurrent Cleanup for Next Mark
[2024-06-05T18:35:55.694-0300][gc,marking    ] GC(2) Concurrent Cleanup for Next Mark 9,345ms
[2024-06-05T18:35:55.694-0300][gc            ] GC(2) Concurrent Cycle 31,686ms
[2024-06-05T18:35:56.313-0300][gc,start      ] GC(3) Pause Young (Normal) (G1 Evacuation Pause)
[2024-06-05T18:35:56.313-0300][gc,task       ] GC(3) Using 4 workers of 4 for evacuation
[2024-06-05T18:35:56.317-0300][gc,phases     ] GC(3)   Pre Evacuate Collection Set: 0,0ms
[2024-06-05T18:35:56.317-0300][gc,phases     ] GC(3)   Evacuate Collection Set: 4,0ms
[2024-06-05T18:35:56.317-0300][gc,phases     ] GC(3)   Post Evacuate Collection Set: 0,3ms
[2024-06-05T18:35:56.317-0300][gc,phases     ] GC(3)   Other: 0,1ms
[2024-06-05T18:35:56.317-0300][gc,heap       ] GC(3) Eden regions: 49->0(47)
[2024-06-05T18:35:56.317-0300][gc,heap       ] GC(3) Survivor regions: 2->4(7)
[2024-06-05T18:35:56.317-0300][gc,heap       ] GC(3) Old regions: 10->10
[2024-06-05T18:35:56.317-0300][gc,heap       ] GC(3) Humongous regions: 129->129
[2024-06-05T18:35:56.317-0300][gc,metaspace  ] GC(3) Metaspace: 28899K(30208K)->28899K(30208K) NonClass: 25538K(26368K)->25538K(26368K) Class: 3361K(3840K)->3361K(3840K)
[2024-06-05T18:35:56.317-0300][gc            ] GC(3) Pause Young (Normal) (G1 Evacuation Pause) 186M->140M(1024M) 4,499ms
[2024-06-05T18:35:56.317-0300][gc,cpu        ] GC(3) User=0,01s Sys=0,00s Real=0,01s
[2024-06-05T18:35:56.829-0300][gc,start      ] GC(4) Pause Young (Concurrent Start) (Metadata GC Threshold)
[2024-06-05T18:35:56.829-0300][gc,task       ] GC(4) Using 4 workers of 4 for evacuation
[2024-06-05T18:35:56.843-0300][gc,phases     ] GC(4)   Pre Evacuate Collection Set: 0,1ms
[2024-06-05T18:35:56.843-0300][gc,phases     ] GC(4)   Evacuate Collection Set: 13,0ms
[2024-06-05T18:35:56.843-0300][gc,phases     ] GC(4)   Post Evacuate Collection Set: 0,6ms
[2024-06-05T18:35:56.843-0300][gc,phases     ] GC(4)   Other: 0,2ms
[2024-06-05T18:35:56.843-0300][gc,heap       ] GC(4) Eden regions: 34->0(44)
[2024-06-05T18:35:56.843-0300][gc,heap       ] GC(4) Survivor regions: 4->7(7)
[2024-06-05T18:35:56.843-0300][gc,heap       ] GC(4) Old regions: 10->10
[2024-06-05T18:35:56.843-0300][gc,heap       ] GC(4) Humongous regions: 129->129
[2024-06-05T18:35:56.843-0300][gc,metaspace  ] GC(4) Metaspace: 34615K(35840K)->34615K(35840K) NonClass: 30674K(31360K)->30674K(31360K) Class: 3940K(4480K)->3940K(4480K)
[2024-06-05T18:35:56.843-0300][gc            ] GC(4) Pause Young (Concurrent Start) (Metadata GC Threshold) 174M->143M(1024M) 14,026ms
[2024-06-05T18:35:56.843-0300][gc,cpu        ] GC(4) User=0,04s Sys=0,00s Real=0,01s
[2024-06-05T18:35:56.843-0300][gc            ] GC(5) Concurrent Cycle
[2024-06-05T18:35:56.843-0300][gc,marking    ] GC(5) Concurrent Clear Claimed Marks
[2024-06-05T18:35:56.844-0300][gc,marking    ] GC(5) Concurrent Clear Claimed Marks 0,081ms
[2024-06-05T18:35:56.844-0300][gc,marking    ] GC(5) Concurrent Scan Root Regions
[2024-06-05T18:35:56.849-0300][gc,marking    ] GC(5) Concurrent Scan Root Regions 5,080ms
[2024-06-05T18:35:56.849-0300][gc,marking    ] GC(5) Concurrent Mark (2,473s)
[2024-06-05T18:35:56.849-0300][gc,marking    ] GC(5) Concurrent Mark From Roots
[2024-06-05T18:35:56.849-0300][gc,task       ] GC(5) Using 1 workers of 1 for marking
[2024-06-05T18:35:56.875-0300][gc,marking    ] GC(5) Concurrent Mark From Roots 26,736ms
[2024-06-05T18:35:56.875-0300][gc,marking    ] GC(5) Concurrent Preclean
[2024-06-05T18:35:56.876-0300][gc,marking    ] GC(5) Concurrent Preclean 0,103ms
[2024-06-05T18:35:56.876-0300][gc,marking    ] GC(5) Concurrent Mark (2,473s, 2,500s) 26,880ms
[2024-06-05T18:35:56.876-0300][gc,start      ] GC(5) Pause Remark
[2024-06-05T18:35:56.878-0300][gc,stringtable] GC(5) Cleaned string and symbol table, strings: 11690 processed, 23 removed, symbols: 88994 processed, 19 removed
[2024-06-05T18:35:56.878-0300][gc            ] GC(5) Pause Remark 145M->145M(1024M) 2,104ms
[2024-06-05T18:35:56.878-0300][gc,cpu        ] GC(5) User=0,00s Sys=0,00s Real=0,00s
[2024-06-05T18:35:56.878-0300][gc,marking    ] GC(5) Concurrent Rebuild Remembered Sets
[2024-06-05T18:35:56.885-0300][gc,marking    ] GC(5) Concurrent Rebuild Remembered Sets 7,292ms
[2024-06-05T18:35:56.886-0300][gc,start      ] GC(5) Pause Cleanup
[2024-06-05T18:35:56.886-0300][gc            ] GC(5) Pause Cleanup 146M->146M(1024M) 0,322ms
[2024-06-05T18:35:56.886-0300][gc,cpu        ] GC(5) User=0,00s Sys=0,00s Real=0,00s
[2024-06-05T18:35:56.886-0300][gc,marking    ] GC(5) Concurrent Cleanup for Next Mark
[2024-06-05T18:35:56.896-0300][gc,marking    ] GC(5) Concurrent Cleanup for Next Mark 9,235ms
[2024-06-05T18:35:56.896-0300][gc            ] GC(5) Concurrent Cycle 52,185ms
[2024-06-05T18:37:25.358-0300][gc,start      ] GC(6) Pause Young (Concurrent Start) (G1 Evacuation Pause)
[2024-06-05T18:37:25.358-0300][gc,task       ] GC(6) Using 4 workers of 4 for evacuation
[2024-06-05T18:37:25.374-0300][gc,phases     ] GC(6)   Pre Evacuate Collection Set: 0,1ms
[2024-06-05T18:37:25.374-0300][gc,phases     ] GC(6)   Evacuate Collection Set: 14,5ms
[2024-06-05T18:37:25.374-0300][gc,phases     ] GC(6)   Post Evacuate Collection Set: 0,6ms
[2024-06-05T18:37:25.374-0300][gc,phases     ] GC(6)   Other: 0,2ms
[2024-06-05T18:37:25.374-0300][gc,heap       ] GC(6) Eden regions: 44->0(45)
[2024-06-05T18:37:25.374-0300][gc,heap       ] GC(6) Survivor regions: 7->6(7)
[2024-06-05T18:37:25.374-0300][gc,heap       ] GC(6) Old regions: 10->14
[2024-06-05T18:37:25.374-0300][gc,heap       ] GC(6) Humongous regions: 129->129
[2024-06-05T18:37:25.374-0300][gc,metaspace  ] GC(6) Metaspace: 41062K(43468K)->41062K(43468K) NonClass: 35825K(37120K)->35825K(37120K) Class: 5237K(6348K)->5237K(6348K)
[2024-06-05T18:37:25.374-0300][gc            ] GC(6) Pause Young (Concurrent Start) (G1 Evacuation Pause) 187M->146M(1024M) 15,467ms
[2024-06-05T18:37:25.374-0300][gc,cpu        ] GC(6) User=0,04s Sys=0,01s Real=0,01s
[2024-06-05T18:37:25.374-0300][gc            ] GC(7) Concurrent Cycle
[2024-06-05T18:37:25.374-0300][gc,marking    ] GC(7) Concurrent Clear Claimed Marks
[2024-06-05T18:37:25.374-0300][gc,marking    ] GC(7) Concurrent Clear Claimed Marks 0,074ms
[2024-06-05T18:37:25.374-0300][gc,marking    ] GC(7) Concurrent Scan Root Regions
[2024-06-05T18:37:25.379-0300][gc,marking    ] GC(7) Concurrent Scan Root Regions 4,869ms
[2024-06-05T18:37:25.379-0300][gc,marking    ] GC(7) Concurrent Mark (91,004s)
[2024-06-05T18:37:25.379-0300][gc,marking    ] GC(7) Concurrent Mark From Roots
[2024-06-05T18:37:25.379-0300][gc,task       ] GC(7) Using 1 workers of 1 for marking
[2024-06-05T18:37:25.395-0300][gc,marking    ] GC(7) Concurrent Mark From Roots 16,372ms
[2024-06-05T18:37:25.395-0300][gc,marking    ] GC(7) Concurrent Preclean
[2024-06-05T18:37:25.395-0300][gc,marking    ] GC(7) Concurrent Preclean 0,081ms
[2024-06-05T18:37:25.396-0300][gc,marking    ] GC(7) Concurrent Mark (91,004s, 91,020s) 16,561ms
[2024-06-05T18:37:25.396-0300][gc,start      ] GC(7) Pause Remark
[2024-06-05T18:37:25.399-0300][gc,stringtable] GC(7) Cleaned string and symbol table, strings: 13055 processed, 6 removed, symbols: 96681 processed, 4 removed
[2024-06-05T18:37:25.399-0300][gc            ] GC(7) Pause Remark 147M->147M(1024M) 3,077ms
[2024-06-05T18:37:25.399-0300][gc,cpu        ] GC(7) User=0,01s Sys=0,00s Real=0,00s
[2024-06-05T18:37:25.399-0300][gc,marking    ] GC(7) Concurrent Rebuild Remembered Sets
[2024-06-05T18:37:25.407-0300][gc,marking    ] GC(7) Concurrent Rebuild Remembered Sets 7,814ms
[2024-06-05T18:37:25.407-0300][gc,start      ] GC(7) Pause Cleanup
[2024-06-05T18:37:25.407-0300][gc            ] GC(7) Pause Cleanup 147M->147M(1024M) 0,178ms
[2024-06-05T18:37:25.407-0300][gc,cpu        ] GC(7) User=0,00s Sys=0,00s Real=0,00s
[2024-06-05T18:37:25.407-0300][gc,marking    ] GC(7) Concurrent Cleanup for Next Mark
[2024-06-05T18:37:25.408-0300][gc,marking    ] GC(7) Concurrent Cleanup for Next Mark 0,965ms
[2024-06-05T18:37:25.408-0300][gc            ] GC(7) Concurrent Cycle 34,055ms
[2024-06-05T18:44:12.283-0300][gc,start      ] GC(8) Pause Young (Normal) (G1 Evacuation Pause)
[2024-06-05T18:44:12.283-0300][gc,task       ] GC(8) Using 4 workers of 4 for evacuation
[2024-06-05T18:44:12.305-0300][gc,mmu        ] GC(8) MMU target violated: 21,0ms (20,0ms/21,0ms)
[2024-06-05T18:44:12.305-0300][gc,phases     ] GC(8)   Pre Evacuate Collection Set: 0,1ms
[2024-06-05T18:44:12.305-0300][gc,phases     ] GC(8)   Evacuate Collection Set: 19,8ms
[2024-06-05T18:44:12.305-0300][gc,phases     ] GC(8)   Post Evacuate Collection Set: 1,6ms
[2024-06-05T18:44:12.305-0300][gc,phases     ] GC(8)   Other: 0,7ms
[2024-06-05T18:44:12.305-0300][gc,heap       ] GC(8) Eden regions: 45->0(46)
[2024-06-05T18:44:12.305-0300][gc,heap       ] GC(8) Survivor regions: 6->5(7)
[2024-06-05T18:44:12.305-0300][gc,heap       ] GC(8) Old regions: 14->16
[2024-06-05T18:44:12.305-0300][gc,heap       ] GC(8) Humongous regions: 129->129
[2024-06-05T18:44:12.305-0300][gc,metaspace  ] GC(8) Metaspace: 45087K(47948K)->45087K(47948K) NonClass: 39256K(40704K)->39256K(40704K) Class: 5831K(7244K)->5831K(7244K)
[2024-06-05T18:44:12.305-0300][gc            ] GC(8) Pause Young (Normal) (G1 Evacuation Pause) 191M->148M(1024M) 22,282ms
[2024-06-05T18:44:12.305-0300][gc,cpu        ] GC(8) User=0,07s Sys=0,01s Real=0,02s
[2024-06-05T18:54:25.873-0300][gc,start      ] GC(9) Pause Young (Normal) (G1 Evacuation Pause)
[2024-06-05T18:54:25.873-0300][gc,task       ] GC(9) Using 4 workers of 4 for evacuation
[2024-06-05T18:54:25.889-0300][gc,phases     ] GC(9)   Pre Evacuate Collection Set: 0,1ms
[2024-06-05T18:54:25.889-0300][gc,phases     ] GC(9)   Evacuate Collection Set: 15,0ms
[2024-06-05T18:54:25.889-0300][gc,phases     ] GC(9)   Post Evacuate Collection Set: 1,2ms
[2024-06-05T18:54:25.889-0300][gc,phases     ] GC(9)   Other: 0,4ms
[2024-06-05T18:54:25.889-0300][gc,heap       ] GC(9) Eden regions: 46->0(47)
[2024-06-05T18:54:25.889-0300][gc,heap       ] GC(9) Survivor regions: 5->4(7)
[2024-06-05T18:54:25.889-0300][gc,heap       ] GC(9) Old regions: 16->19
[2024-06-05T18:54:25.889-0300][gc,heap       ] GC(9) Humongous regions: 129->129
[2024-06-05T18:54:25.889-0300][gc,metaspace  ] GC(9) Metaspace: 45513K(48588K)->45513K(48588K) NonClass: 39646K(41216K)->39646K(41216K) Class: 5866K(7372K)->5866K(7372K)
[2024-06-05T18:54:25.890-0300][gc            ] GC(9) Pause Young (Normal) (G1 Evacuation Pause) 194M->149M(1024M) 16,885ms
[2024-06-05T18:54:25.890-0300][gc,cpu        ] GC(9) User=0,05s Sys=0,00s Real=0,02s
[2024-06-05T19:03:33.155-0300][gc,start      ] GC(10) Pause Young (Normal) (G1 Evacuation Pause)
[2024-06-05T19:03:33.155-0300][gc,task       ] GC(10) Using 4 workers of 4 for evacuation
[2024-06-05T19:03:33.166-0300][gc,phases     ] GC(10)   Pre Evacuate Collection Set: 0,0ms
[2024-06-05T19:03:33.166-0300][gc,phases     ] GC(10)   Evacuate Collection Set: 9,4ms
[2024-06-05T19:03:33.166-0300][gc,phases     ] GC(10)   Post Evacuate Collection Set: 1,7ms
[2024-06-05T19:03:33.166-0300][gc,phases     ] GC(10)   Other: 0,2ms
[2024-06-05T19:03:33.166-0300][gc,heap       ] GC(10) Eden regions: 47->0(47)
[2024-06-05T19:03:33.166-0300][gc,heap       ] GC(10) Survivor regions: 4->4(7)
[2024-06-05T19:03:33.166-0300][gc,heap       ] GC(10) Old regions: 19->19
[2024-06-05T19:03:33.166-0300][gc,heap       ] GC(10) Humongous regions: 129->129
[2024-06-05T19:03:33.166-0300][gc,metaspace  ] GC(10) Metaspace: 45982K(49100K)->45982K(49100K) NonClass: 40094K(41728K)->40094K(41728K) Class: 5888K(7372K)->5888K(7372K)
[2024-06-05T19:03:33.166-0300][gc            ] GC(10) Pause Young (Normal) (G1 Evacuation Pause) 196M->149M(1024M) 11,410ms
[2024-06-05T19:03:33.166-0300][gc,cpu        ] GC(10) User=0,03s Sys=0,00s Real=0,01s
[2024-06-05T19:03:42.756-0300][gc,start      ] GC(11) Pause Young (Normal) (G1 Evacuation Pause)
[2024-06-05T19:03:42.756-0300][gc,task       ] GC(11) Using 4 workers of 4 for evacuation
[2024-06-05T19:03:42.771-0300][gc,phases     ] GC(11)   Pre Evacuate Collection Set: 0,0ms
[2024-06-05T19:03:42.771-0300][gc,phases     ] GC(11)   Evacuate Collection Set: 13,1ms
[2024-06-05T19:03:42.771-0300][gc,phases     ] GC(11)   Post Evacuate Collection Set: 1,4ms
[2024-06-05T19:03:42.771-0300][gc,phases     ] GC(11)   Other: 0,2ms
[2024-06-05T19:03:42.771-0300][gc,heap       ] GC(11) Eden regions: 47->0(46)
[2024-06-05T19:03:42.771-0300][gc,heap       ] GC(11) Survivor regions: 4->5(7)
[2024-06-05T19:03:42.771-0300][gc,heap       ] GC(11) Old regions: 19->19
[2024-06-05T19:03:42.771-0300][gc,heap       ] GC(11) Humongous regions: 129->129
[2024-06-05T19:03:42.771-0300][gc,metaspace  ] GC(11) Metaspace: 46546K(49612K)->46546K(49612K) NonClass: 40657K(42240K)->40657K(42240K) Class: 5889K(7372K)->5889K(7372K)
[2024-06-05T19:03:42.771-0300][gc            ] GC(11) Pause Young (Normal) (G1 Evacuation Pause) 196M->151M(1024M) 14,805ms
[2024-06-05T19:03:42.771-0300][gc,cpu        ] GC(11) User=0,03s Sys=0,00s Real=0,01s
[2024-06-05T19:03:50.391-0300][gc,start      ] GC(12) Pause Young (Normal) (G1 Evacuation Pause)
[2024-06-05T19:03:50.391-0300][gc,task       ] GC(12) Using 4 workers of 4 for evacuation
[2024-06-05T19:03:50.402-0300][gc,phases     ] GC(12)   Pre Evacuate Collection Set: 0,1ms
[2024-06-05T19:03:50.402-0300][gc,phases     ] GC(12)   Evacuate Collection Set: 8,8ms
[2024-06-05T19:03:50.402-0300][gc,phases     ] GC(12)   Post Evacuate Collection Set: 1,8ms
[2024-06-05T19:03:50.402-0300][gc,phases     ] GC(12)   Other: 0,3ms
[2024-06-05T19:03:50.402-0300][gc,heap       ] GC(12) Eden regions: 46->0(46)
[2024-06-05T19:03:50.402-0300][gc,heap       ] GC(12) Survivor regions: 5->5(7)
[2024-06-05T19:03:50.402-0300][gc,heap       ] GC(12) Old regions: 19->20
[2024-06-05T19:03:50.402-0300][gc,heap       ] GC(12) Humongous regions: 129->129
[2024-06-05T19:03:50.402-0300][gc,metaspace  ] GC(12) Metaspace: 46598K(49868K)->46598K(49868K) NonClass: 40702K(42496K)->40702K(42496K) Class: 5896K(7372K)->5896K(7372K)
[2024-06-05T19:03:50.402-0300][gc            ] GC(12) Pause Young (Normal) (G1 Evacuation Pause) 197M->152M(1024M) 11,113ms
[2024-06-05T19:03:50.402-0300][gc,cpu        ] GC(12) User=0,02s Sys=0,00s Real=0,01s
[2024-06-05T19:03:57.744-0300][gc,start      ] GC(13) Pause Young (Normal) (G1 Evacuation Pause)
[2024-06-05T19:03:57.744-0300][gc,task       ] GC(13) Using 4 workers of 4 for evacuation
[2024-06-05T19:03:57.753-0300][gc,phases     ] GC(13)   Pre Evacuate Collection Set: 0,1ms
[2024-06-05T19:03:57.753-0300][gc,phases     ] GC(13)   Evacuate Collection Set: 6,8ms
[2024-06-05T19:03:57.753-0300][gc,phases     ] GC(13)   Post Evacuate Collection Set: 0,4ms
[2024-06-05T19:03:57.753-0300][gc,phases     ] GC(13)   Other: 1,5ms
[2024-06-05T19:03:57.753-0300][gc,heap       ] GC(13) Eden regions: 46->0(46)
[2024-06-05T19:03:57.753-0300][gc,heap       ] GC(13) Survivor regions: 5->5(7)
[2024-06-05T19:03:57.753-0300][gc,heap       ] GC(13) Old regions: 20->21
[2024-06-05T19:03:57.753-0300][gc,heap       ] GC(13) Humongous regions: 129->129
[2024-06-05T19:03:57.753-0300][gc,metaspace  ] GC(13) Metaspace: 46614K(49868K)->46614K(49868K) NonClass: 40718K(42496K)->40718K(42496K) Class: 5896K(7372K)->5896K(7372K)
[2024-06-05T19:03:57.753-0300][gc            ] GC(13) Pause Young (Normal) (G1 Evacuation Pause) 198M->153M(1024M) 8,950ms
[2024-06-05T19:03:57.753-0300][gc,cpu        ] GC(13) User=0,02s Sys=0,00s Real=0,01s
[2024-06-05T19:04:05.007-0300][gc,start      ] GC(14) Pause Young (Normal) (G1 Evacuation Pause)
[2024-06-05T19:04:05.007-0300][gc,task       ] GC(14) Using 4 workers of 4 for evacuation
[2024-06-05T19:04:05.013-0300][gc,phases     ] GC(14)   Pre Evacuate Collection Set: 0,0ms
[2024-06-05T19:04:05.013-0300][gc,phases     ] GC(14)   Evacuate Collection Set: 5,5ms
[2024-06-05T19:04:05.013-0300][gc,phases     ] GC(14)   Post Evacuate Collection Set: 0,3ms
[2024-06-05T19:04:05.013-0300][gc,phases     ] GC(14)   Other: 0,3ms
[2024-06-05T19:04:05.013-0300][gc,heap       ] GC(14) Eden regions: 46->0(48)
[2024-06-05T19:04:05.013-0300][gc,heap       ] GC(14) Survivor regions: 5->5(7)
[2024-06-05T19:04:05.013-0300][gc,heap       ] GC(14) Old regions: 21->23
[2024-06-05T19:04:05.013-0300][gc,heap       ] GC(14) Humongous regions: 129->129
[2024-06-05T19:04:05.013-0300][gc,metaspace  ] GC(14) Metaspace: 46647K(49868K)->46647K(49868K) NonClass: 40751K(42496K)->40751K(42496K) Class: 5896K(7372K)->5896K(7372K)
[2024-06-05T19:04:05.013-0300][gc            ] GC(14) Pause Young (Normal) (G1 Evacuation Pause) 199M->154M(1024M) 6,194ms
[2024-06-05T19:04:05.013-0300][gc,cpu        ] GC(14) User=0,02s Sys=0,00s Real=0,01s
[2024-06-05T19:04:12.646-0300][gc,start      ] GC(15) Pause Young (Normal) (G1 Evacuation Pause)
[2024-06-05T19:04:12.646-0300][gc,task       ] GC(15) Using 4 workers of 4 for evacuation
[2024-06-05T19:04:12.655-0300][gc,phases     ] GC(15)   Pre Evacuate Collection Set: 0,0ms
[2024-06-05T19:04:12.655-0300][gc,phases     ] GC(15)   Evacuate Collection Set: 8,4ms
[2024-06-05T19:04:12.655-0300][gc,phases     ] GC(15)   Post Evacuate Collection Set: 0,6ms
[2024-06-05T19:04:12.655-0300][gc,phases     ] GC(15)   Other: 0,2ms
[2024-06-05T19:04:12.655-0300][gc,heap       ] GC(15) Eden regions: 46->0(50)
[2024-06-05T19:04:12.655-0300][gc,heap       ] GC(15) Survivor regions: 5->5(7)
[2024-06-05T19:04:12.655-0300][gc,heap       ] GC(15) Old regions: 23->24
[2024-06-05T19:04:12.655-0300][gc,heap       ] GC(15) Humongous regions: 129->129
[2024-06-05T19:04:12.655-0300][gc,metaspace  ] GC(15) Metaspace: 46647K(49868K)->46647K(49868K) NonClass: 40751K(42496K)->40751K(42496K) Class: 5896K(7372K)->5896K(7372K)
[2024-06-05T19:04:12.656-0300][gc            ] GC(15) Pause Young (Normal) (G1 Evacuation Pause) 200M->155M(1024M) 9,437ms
[2024-06-05T19:04:12.656-0300][gc,cpu        ] GC(15) User=0,03s Sys=0,01s Real=0,02s
[2024-06-05T19:04:19.872-0300][gc,start      ] GC(16) Pause Young (Normal) (G1 Evacuation Pause)
[2024-06-05T19:04:19.872-0300][gc,task       ] GC(16) Using 4 workers of 4 for evacuation
[2024-06-05T19:04:19.877-0300][gc,phases     ] GC(16)   Pre Evacuate Collection Set: 0,0ms
[2024-06-05T19:04:19.877-0300][gc,phases     ] GC(16)   Evacuate Collection Set: 5,3ms
[2024-06-05T19:04:19.877-0300][gc,phases     ] GC(16)   Post Evacuate Collection Set: 0,4ms
[2024-06-05T19:04:19.877-0300][gc,phases     ] GC(16)   Other: 0,2ms
[2024-06-05T19:04:19.878-0300][gc,heap       ] GC(16) Eden regions: 46->0(51)
[2024-06-05T19:04:19.878-0300][gc,heap       ] GC(16) Survivor regions: 5->5(7)
[2024-06-05T19:04:19.878-0300][gc,heap       ] GC(16) Old regions: 24->26
[2024-06-05T19:04:19.878-0300][gc,heap       ] GC(16) Humongous regions: 129->129
[2024-06-05T19:04:19.878-0300][gc,metaspace  ] GC(16) Metaspace: 46672K(49868K)->46672K(49868K) NonClass: 40774K(42496K)->40774K(42496K) Class: 5897K(7372K)->5897K(7372K)
[2024-06-05T19:04:19.878-0300][gc            ] GC(16) Pause Young (Normal) (G1 Evacuation Pause) 201M->157M(1024M) 5,936ms
[2024-06-05T19:04:19.878-0300][gc,cpu        ] GC(16) User=0,02s Sys=0,01s Real=0,01s
[2024-06-05T19:04:27.000-0300][gc,start      ] GC(17) Pause Young (Normal) (G1 Evacuation Pause)
[2024-06-05T19:04:27.000-0300][gc,task       ] GC(17) Using 4 workers of 4 for evacuation
[2024-06-05T19:04:27.009-0300][gc,phases     ] GC(17)   Pre Evacuate Collection Set: 0,0ms
[2024-06-05T19:04:27.009-0300][gc,phases     ] GC(17)   Evacuate Collection Set: 8,6ms
[2024-06-05T19:04:27.009-0300][gc,phases     ] GC(17)   Post Evacuate Collection Set: 0,7ms
[2024-06-05T19:04:27.009-0300][gc,phases     ] GC(17)   Other: 0,2ms
[2024-06-05T19:04:27.009-0300][gc,heap       ] GC(17) Eden regions: 46->0(50)
[2024-06-05T19:04:27.009-0300][gc,heap       ] GC(17) Survivor regions: 5->4(7)
[2024-06-05T19:04:27.009-0300][gc,heap       ] GC(17) Old regions: 26->27
[2024-06-05T19:04:27.009-0300][gc,heap       ] GC(17) Humongous regions: 129->129
[2024-06-05T19:04:27.009-0300][gc,metaspace  ] GC(17) Metaspace: 46673K(49868K)->46673K(49868K) NonClass: 40776K(42496K)->40776K(42496K) Class: 5897K(7372K)->5897K(7372K)
[2024-06-05T19:04:27.009-0300][gc            ] GC(17) Pause Young (Normal) (G1 Evacuation Pause) 203M->158M(1024M) 9,714ms
[2024-06-05T19:04:27.009-0300][gc,cpu        ] GC(17) User=0,02s Sys=0,01s Real=0,01s
[2024-06-05T19:04:34.646-0300][gc,start      ] GC(18) Pause Young (Normal) (G1 Evacuation Pause)
[2024-06-05T19:04:34.646-0300][gc,task       ] GC(18) Using 4 workers of 4 for evacuation
[2024-06-05T19:04:34.657-0300][gc,phases     ] GC(18)   Pre Evacuate Collection Set: 0,0ms
[2024-06-05T19:04:34.657-0300][gc,phases     ] GC(18)   Evacuate Collection Set: 9,6ms
[2024-06-05T19:04:34.657-0300][gc,phases     ] GC(18)   Post Evacuate Collection Set: 0,9ms
[2024-06-05T19:04:34.657-0300][gc,phases     ] GC(18)   Other: 0,3ms
[2024-06-05T19:04:34.657-0300][gc,heap       ] GC(18) Eden regions: 47->0(50)
[2024-06-05T19:04:34.657-0300][gc,heap       ] GC(18) Survivor regions: 4->4(7)
[2024-06-05T19:04:34.657-0300][gc,heap       ] GC(18) Old regions: 27->29
[2024-06-05T19:04:34.657-0300][gc,heap       ] GC(18) Humongous regions: 129->129
[2024-06-05T19:04:34.657-0300][gc,metaspace  ] GC(18) Metaspace: 46678K(49868K)->46678K(49868K) NonClass: 40780K(42496K)->40780K(42496K) Class: 5897K(7372K)->5897K(7372K)
[2024-06-05T19:04:34.657-0300][gc            ] GC(18) Pause Young (Normal) (G1 Evacuation Pause) 205M->159M(1024M) 10,969ms
[2024-06-05T19:04:34.657-0300][gc,cpu        ] GC(18) User=0,03s Sys=0,00s Real=0,02s
[2024-06-05T19:04:42.046-0300][gc,start      ] GC(19) Pause Young (Normal) (G1 Evacuation Pause)
[2024-06-05T19:04:42.046-0300][gc,task       ] GC(19) Using 4 workers of 4 for evacuation
[2024-06-05T19:04:42.056-0300][gc,phases     ] GC(19)   Pre Evacuate Collection Set: 0,1ms
[2024-06-05T19:04:42.056-0300][gc,phases     ] GC(19)   Evacuate Collection Set: 9,2ms
[2024-06-05T19:04:42.056-0300][gc,phases     ] GC(19)   Post Evacuate Collection Set: 0,5ms
[2024-06-05T19:04:42.056-0300][gc,phases     ] GC(19)   Other: 0,3ms
[2024-06-05T19:04:42.056-0300][gc,heap       ] GC(19) Eden regions: 47->0(54)
[2024-06-05T19:04:42.056-0300][gc,heap       ] GC(19) Survivor regions: 4->5(7)
[2024-06-05T19:04:42.056-0300][gc,heap       ] GC(19) Old regions: 29->29
[2024-06-05T19:04:42.056-0300][gc,heap       ] GC(19) Humongous regions: 129->129
[2024-06-05T19:04:42.056-0300][gc,metaspace  ] GC(19) Metaspace: 46678K(49868K)->46678K(49868K) NonClass: 40780K(42496K)->40780K(42496K) Class: 5897K(7372K)->5897K(7372K)
[2024-06-05T19:04:42.056-0300][gc            ] GC(19) Pause Young (Normal) (G1 Evacuation Pause) 206M->160M(1024M) 10,116ms
[2024-06-05T19:04:42.056-0300][gc,cpu        ] GC(19) User=0,03s Sys=0,00s Real=0,02s
[2024-06-05T19:04:50.010-0300][gc,start      ] GC(20) Pause Young (Normal) (G1 Evacuation Pause)
[2024-06-05T19:04:50.010-0300][gc,task       ] GC(20) Using 4 workers of 4 for evacuation
[2024-06-05T19:04:50.020-0300][gc,phases     ] GC(20)   Pre Evacuate Collection Set: 0,0ms
[2024-06-05T19:04:50.021-0300][gc,phases     ] GC(20)   Evacuate Collection Set: 10,1ms
[2024-06-05T19:04:50.021-0300][gc,phases     ] GC(20)   Post Evacuate Collection Set: 0,3ms
[2024-06-05T19:04:50.021-0300][gc,phases     ] GC(20)   Other: 0,2ms
[2024-06-05T19:04:50.021-0300][gc,heap       ] GC(20) Eden regions: 46->0(58)
[2024-06-05T19:04:50.021-0300][gc,heap       ] GC(20) Survivor regions: 5->5(7)
[2024-06-05T19:04:50.021-0300][gc,heap       ] GC(20) Old regions: 29->30
[2024-06-05T19:04:50.021-0300][gc,heap       ] GC(20) Humongous regions: 129->129
[2024-06-05T19:04:50.021-0300][gc,metaspace  ] GC(20) Metaspace: 46680K(49868K)->46680K(49868K) NonClass: 40782K(42496K)->40782K(42496K) Class: 5897K(7372K)->5897K(7372K)
[2024-06-05T19:04:50.021-0300][gc            ] GC(20) Pause Young (Normal) (G1 Evacuation Pause) 206M->161M(1024M) 10,707ms
[2024-06-05T19:04:50.021-0300][gc,cpu        ] GC(20) User=0,04s Sys=0,00s Real=0,01s
[2024-06-05T19:04:57.564-0300][gc,start      ] GC(21) Pause Young (Normal) (G1 Evacuation Pause)
[2024-06-05T19:04:57.564-0300][gc,task       ] GC(21) Using 4 workers of 4 for evacuation
[2024-06-05T19:04:57.572-0300][gc,phases     ] GC(21)   Pre Evacuate Collection Set: 0,0ms
[2024-06-05T19:04:57.572-0300][gc,phases     ] GC(21)   Evacuate Collection Set: 6,6ms
[2024-06-05T19:04:57.572-0300][gc,phases     ] GC(21)   Post Evacuate Collection Set: 1,2ms
[2024-06-05T19:04:57.572-0300][gc,phases     ] GC(21)   Other: 0,3ms
[2024-06-05T19:04:57.572-0300][gc,heap       ] GC(21) Eden regions: 47->0(64)
[2024-06-05T19:04:57.572-0300][gc,heap       ] GC(21) Survivor regions: 5->4(7)
[2024-06-05T19:04:57.572-0300][gc,heap       ] GC(21) Old regions: 30->31
[2024-06-05T19:04:57.572-0300][gc,heap       ] GC(21) Humongous regions: 129->129
[2024-06-05T19:04:57.572-0300][gc,metaspace  ] GC(21) Metaspace: 46682K(49868K)->46682K(49868K) NonClass: 40784K(42496K)->40784K(42496K) Class: 5897K(7372K)->5897K(7372K)
[2024-06-05T19:04:57.572-0300][gc            ] GC(21) Pause Young (Normal) (G1 Evacuation Pause) 208M->162M(1024M) 8,246ms
[2024-06-05T19:04:57.572-0300][gc,cpu        ] GC(21) User=0,02s Sys=0,00s Real=0,01s
[2024-06-05T19:05:04.880-0300][gc,start      ] GC(22) Pause Young (Normal) (G1 Evacuation Pause)
[2024-06-05T19:05:04.880-0300][gc,task       ] GC(22) Using 4 workers of 4 for evacuation
[2024-06-05T19:05:04.887-0300][gc,phases     ] GC(22)   Pre Evacuate Collection Set: 0,0ms
[2024-06-05T19:05:04.887-0300][gc,phases     ] GC(22)   Evacuate Collection Set: 6,5ms
[2024-06-05T19:05:04.887-0300][gc,phases     ] GC(22)   Post Evacuate Collection Set: 0,5ms
[2024-06-05T19:05:04.887-0300][gc,phases     ] GC(22)   Other: 0,2ms
[2024-06-05T19:05:04.887-0300][gc,heap       ] GC(22) Eden regions: 48->0(63)
[2024-06-05T19:05:04.887-0300][gc,heap       ] GC(22) Survivor regions: 4->4(7)
[2024-06-05T19:05:04.887-0300][gc,heap       ] GC(22) Old regions: 31->32
[2024-06-05T19:05:04.887-0300][gc,heap       ] GC(22) Humongous regions: 129->129
[2024-06-05T19:05:04.887-0300][gc,metaspace  ] GC(22) Metaspace: 46683K(49868K)->46683K(49868K) NonClass: 40786K(42496K)->40786K(42496K) Class: 5897K(7372K)->5897K(7372K)
[2024-06-05T19:05:04.887-0300][gc            ] GC(22) Pause Young (Normal) (G1 Evacuation Pause) 210M->163M(1024M) 7,361ms
[2024-06-05T19:05:04.887-0300][gc,cpu        ] GC(22) User=0,03s Sys=0,00s Real=0,01s
[2024-06-05T19:05:13.144-0300][gc,start      ] GC(23) Pause Young (Normal) (G1 Evacuation Pause)
[2024-06-05T19:05:13.144-0300][gc,task       ] GC(23) Using 4 workers of 4 for evacuation
[2024-06-05T19:05:13.160-0300][gc,phases     ] GC(23)   Pre Evacuate Collection Set: 0,1ms
[2024-06-05T19:05:13.160-0300][gc,phases     ] GC(23)   Evacuate Collection Set: 14,0ms
[2024-06-05T19:05:13.160-0300][gc,phases     ] GC(23)   Post Evacuate Collection Set: 0,9ms
[2024-06-05T19:05:13.160-0300][gc,phases     ] GC(23)   Other: 0,6ms
[2024-06-05T19:05:13.160-0300][gc,heap       ] GC(23) Eden regions: 53->0(56)
[2024-06-05T19:05:13.160-0300][gc,heap       ] GC(23) Survivor regions: 4->5(8)
[2024-06-05T19:05:13.160-0300][gc,heap       ] GC(23) Old regions: 32->32
[2024-06-05T19:05:13.160-0300][gc,heap       ] GC(23) Humongous regions: 129->129
[2024-06-05T19:05:13.160-0300][gc,metaspace  ] GC(23) Metaspace: 46684K(49868K)->46684K(49868K) NonClass: 40786K(42496K)->40786K(42496K) Class: 5897K(7372K)->5897K(7372K)
[2024-06-05T19:05:13.160-0300][gc            ] GC(23) Pause Young (Normal) (G1 Evacuation Pause) 216M->164M(1024M) 15,659ms
[2024-06-05T19:05:13.160-0300][gc,cpu        ] GC(23) User=0,04s Sys=0,00s Real=0,02s
[2024-06-05T19:05:22.407-0300][gc,start      ] GC(24) Pause Young (Normal) (G1 Evacuation Pause)
[2024-06-05T19:05:22.407-0300][gc,task       ] GC(24) Using 4 workers of 4 for evacuation
[2024-06-05T19:05:22.420-0300][gc,phases     ] GC(24)   Pre Evacuate Collection Set: 0,0ms
[2024-06-05T19:05:22.420-0300][gc,phases     ] GC(24)   Evacuate Collection Set: 11,0ms
[2024-06-05T19:05:22.420-0300][gc,phases     ] GC(24)   Post Evacuate Collection Set: 1,7ms
[2024-06-05T19:05:22.420-0300][gc,phases     ] GC(24)   Other: 0,3ms
[2024-06-05T19:05:22.420-0300][gc,heap       ] GC(24) Eden regions: 56->0(59)
[2024-06-05T19:05:22.420-0300][gc,heap       ] GC(24) Survivor regions: 5->5(8)
[2024-06-05T19:05:22.420-0300][gc,heap       ] GC(24) Old regions: 32->33
[2024-06-05T19:05:22.420-0300][gc,heap       ] GC(24) Humongous regions: 129->129
[2024-06-05T19:05:22.420-0300][gc,metaspace  ] GC(24) Metaspace: 46695K(49868K)->46695K(49868K) NonClass: 40798K(42496K)->40798K(42496K) Class: 5897K(7372K)->5897K(7372K)
[2024-06-05T19:05:22.420-0300][gc            ] GC(24) Pause Young (Normal) (G1 Evacuation Pause) 220M->165M(1024M) 13,137ms
[2024-06-05T19:05:22.420-0300][gc,cpu        ] GC(24) User=0,04s Sys=0,00s Real=0,01s
[2024-06-05T19:05:30.675-0300][gc,start      ] GC(25) Pause Young (Normal) (G1 Evacuation Pause)
[2024-06-05T19:05:30.675-0300][gc,task       ] GC(25) Using 4 workers of 4 for evacuation
[2024-06-05T19:05:30.684-0300][gc,phases     ] GC(25)   Pre Evacuate Collection Set: 0,0ms
[2024-06-05T19:05:30.684-0300][gc,phases     ] GC(25)   Evacuate Collection Set: 7,1ms
[2024-06-05T19:05:30.684-0300][gc,phases     ] GC(25)   Post Evacuate Collection Set: 1,4ms
[2024-06-05T19:05:30.684-0300][gc,phases     ] GC(25)   Other: 0,2ms
[2024-06-05T19:05:30.684-0300][gc,heap       ] GC(25) Eden regions: 56->0(62)
[2024-06-05T19:05:30.684-0300][gc,heap       ] GC(25) Survivor regions: 5->5(8)
[2024-06-05T19:05:30.684-0300][gc,heap       ] GC(25) Old regions: 33->34
[2024-06-05T19:05:30.684-0300][gc,heap       ] GC(25) Humongous regions: 129->129
[2024-06-05T19:05:30.684-0300][gc,metaspace  ] GC(25) Metaspace: 46695K(49868K)->46695K(49868K) NonClass: 40798K(42496K)->40798K(42496K) Class: 5897K(7372K)->5897K(7372K)
[2024-06-05T19:05:30.684-0300][gc            ] GC(25) Pause Young (Normal) (G1 Evacuation Pause) 221M->166M(1024M) 8,768ms
[2024-06-05T19:05:30.684-0300][gc,cpu        ] GC(25) User=0,02s Sys=0,01s Real=0,00s
[2024-06-05T19:05:39.259-0300][gc,start      ] GC(26) Pause Young (Normal) (G1 Evacuation Pause)
[2024-06-05T19:05:39.259-0300][gc,task       ] GC(26) Using 4 workers of 4 for evacuation
[2024-06-05T19:05:39.271-0300][gc,phases     ] GC(26)   Pre Evacuate Collection Set: 0,0ms
[2024-06-05T19:05:39.271-0300][gc,phases     ] GC(26)   Evacuate Collection Set: 11,1ms
[2024-06-05T19:05:39.271-0300][gc,phases     ] GC(26)   Post Evacuate Collection Set: 0,7ms
[2024-06-05T19:05:39.271-0300][gc,phases     ] GC(26)   Other: 0,2ms
[2024-06-05T19:05:39.271-0300][gc,heap       ] GC(26) Eden regions: 58->0(63)
[2024-06-05T19:05:39.271-0300][gc,heap       ] GC(26) Survivor regions: 5->5(8)
[2024-06-05T19:05:39.271-0300][gc,heap       ] GC(26) Old regions: 34->35
[2024-06-05T19:05:39.271-0300][gc,heap       ] GC(26) Humongous regions: 129->129
[2024-06-05T19:05:39.271-0300][gc,metaspace  ] GC(26) Metaspace: 46701K(49868K)->46701K(49868K) NonClass: 40804K(42496K)->40804K(42496K) Class: 5897K(7372K)->5897K(7372K)
[2024-06-05T19:05:39.271-0300][gc            ] GC(26) Pause Young (Normal) (G1 Evacuation Pause) 224M->167M(1024M) 12,216ms
[2024-06-05T19:05:39.271-0300][gc,cpu        ] GC(26) User=0,02s Sys=0,01s Real=0,01s
[2024-06-05T19:05:46.235-0300][gc,start      ] GC(27) Pause Young (Normal) (G1 Evacuation Pause)
[2024-06-05T19:05:46.235-0300][gc,task       ] GC(27) Using 4 workers of 4 for evacuation
[2024-06-05T19:05:46.265-0300][gc,mmu        ] GC(27) MMU target violated: 21,0ms (20,0ms/21,0ms)
[2024-06-05T19:05:46.265-0300][gc,phases     ] GC(27)   Pre Evacuate Collection Set: 0,0ms
[2024-06-05T19:05:46.265-0300][gc,phases     ] GC(27)   Evacuate Collection Set: 29,9ms
[2024-06-05T19:05:46.265-0300][gc,phases     ] GC(27)   Post Evacuate Collection Set: 0,5ms
[2024-06-05T19:05:46.265-0300][gc,phases     ] GC(27)   Other: 0,3ms
[2024-06-05T19:05:46.265-0300][gc,heap       ] GC(27) Eden regions: 59->0(58)
[2024-06-05T19:05:46.265-0300][gc,heap       ] GC(27) Survivor regions: 5->5(8)
[2024-06-05T19:05:46.265-0300][gc,heap       ] GC(27) Old regions: 35->36
[2024-06-05T19:05:46.266-0300][gc,heap       ] GC(27) Humongous regions: 129->129
[2024-06-05T19:05:46.266-0300][gc,metaspace  ] GC(27) Metaspace: 46702K(49868K)->46702K(49868K) NonClass: 40805K(42496K)->40805K(42496K) Class: 5897K(7372K)->5897K(7372K)
[2024-06-05T19:05:46.266-0300][gc            ] GC(27) Pause Young (Normal) (G1 Evacuation Pause) 226M->168M(1024M) 30,773ms
[2024-06-05T19:05:46.266-0300][gc,cpu        ] GC(27) User=0,04s Sys=0,00s Real=0,02s
[2024-06-05T19:05:52.396-0300][gc,start      ] GC(28) Pause Young (Normal) (G1 Evacuation Pause)
[2024-06-05T19:05:52.396-0300][gc,task       ] GC(28) Using 4 workers of 4 for evacuation
[2024-06-05T19:05:52.405-0300][gc,phases     ] GC(28)   Pre Evacuate Collection Set: 0,0ms
[2024-06-05T19:05:52.405-0300][gc,phases     ] GC(28)   Evacuate Collection Set: 8,0ms
[2024-06-05T19:05:52.405-0300][gc,phases     ] GC(28)   Post Evacuate Collection Set: 0,5ms
[2024-06-05T19:05:52.405-0300][gc,phases     ] GC(28)   Other: 0,2ms
[2024-06-05T19:05:52.405-0300][gc,heap       ] GC(28) Eden regions: 46->0(56)
[2024-06-05T19:05:52.405-0300][gc,heap       ] GC(28) Survivor regions: 5->4(7)
[2024-06-05T19:05:52.405-0300][gc,heap       ] GC(28) Old regions: 36->38
[2024-06-05T19:05:52.405-0300][gc,heap       ] GC(28) Humongous regions: 129->129
[2024-06-05T19:05:52.405-0300][gc,metaspace  ] GC(28) Metaspace: 46703K(49868K)->46703K(49868K) NonClass: 40805K(42496K)->40805K(42496K) Class: 5897K(7372K)->5897K(7372K)
[2024-06-05T19:05:52.405-0300][gc            ] GC(28) Pause Young (Normal) (G1 Evacuation Pause) 214M->168M(1024M) 8,825ms
[2024-06-05T19:05:52.405-0300][gc,cpu        ] GC(28) User=0,03s Sys=0,00s Real=0,00s
[2024-06-05T19:05:57.757-0300][gc,start      ] GC(29) Pause Young (Normal) (G1 Evacuation Pause)
[2024-06-05T19:05:57.757-0300][gc,task       ] GC(29) Using 4 workers of 4 for evacuation
[2024-06-05T19:05:57.776-0300][gc,phases     ] GC(29)   Pre Evacuate Collection Set: 0,1ms
[2024-06-05T19:05:57.776-0300][gc,phases     ] GC(29)   Evacuate Collection Set: 17,5ms
[2024-06-05T19:05:57.776-0300][gc,phases     ] GC(29)   Post Evacuate Collection Set: 1,0ms
[2024-06-05T19:05:57.776-0300][gc,phases     ] GC(29)   Other: 0,5ms
[2024-06-05T19:05:57.776-0300][gc,heap       ] GC(29) Eden regions: 47->0(55)
[2024-06-05T19:05:57.776-0300][gc,heap       ] GC(29) Survivor regions: 4->5(7)
[2024-06-05T19:05:57.776-0300][gc,heap       ] GC(29) Old regions: 38->38
[2024-06-05T19:05:57.776-0300][gc,heap       ] GC(29) Humongous regions: 129->129
[2024-06-05T19:05:57.776-0300][gc,metaspace  ] GC(29) Metaspace: 46731K(49868K)->46731K(49868K) NonClass: 40824K(42496K)->40824K(42496K) Class: 5907K(7372K)->5907K(7372K)
[2024-06-05T19:05:57.776-0300][gc            ] GC(29) Pause Young (Normal) (G1 Evacuation Pause) 215M->169M(1024M) 19,177ms
[2024-06-05T19:05:57.776-0300][gc,cpu        ] GC(29) User=0,03s Sys=0,00s Real=0,02s
[2024-06-05T19:06:03.223-0300][gc,start      ] GC(30) Pause Young (Normal) (G1 Evacuation Pause)
[2024-06-05T19:06:03.223-0300][gc,task       ] GC(30) Using 4 workers of 4 for evacuation
[2024-06-05T19:06:03.232-0300][gc,phases     ] GC(30)   Pre Evacuate Collection Set: 0,0ms
[2024-06-05T19:06:03.232-0300][gc,phases     ] GC(30)   Evacuate Collection Set: 8,0ms
[2024-06-05T19:06:03.232-0300][gc,phases     ] GC(30)   Post Evacuate Collection Set: 1,1ms
[2024-06-05T19:06:03.232-0300][gc,phases     ] GC(30)   Other: 0,3ms
[2024-06-05T19:06:03.232-0300][gc,heap       ] GC(30) Eden regions: 46->0(59)
[2024-06-05T19:06:03.232-0300][gc,heap       ] GC(30) Survivor regions: 5->4(7)
[2024-06-05T19:06:03.232-0300][gc,heap       ] GC(30) Old regions: 38->39
[2024-06-05T19:06:03.232-0300][gc,heap       ] GC(30) Humongous regions: 129->129
[2024-06-05T19:06:03.232-0300][gc,metaspace  ] GC(30) Metaspace: 46733K(49868K)->46733K(49868K) NonClass: 40826K(42496K)->40826K(42496K) Class: 5907K(7372K)->5907K(7372K)
[2024-06-05T19:06:03.232-0300][gc            ] GC(30) Pause Young (Normal) (G1 Evacuation Pause) 215M->170M(1024M) 9,631ms
[2024-06-05T19:06:03.232-0300][gc,cpu        ] GC(30) User=0,03s Sys=0,00s Real=0,01s
[2024-06-05T19:06:08.648-0300][gc,start      ] GC(31) Pause Young (Normal) (G1 Evacuation Pause)
[2024-06-05T19:06:08.648-0300][gc,task       ] GC(31) Using 4 workers of 4 for evacuation
[2024-06-05T19:06:08.667-0300][gc,phases     ] GC(31)   Pre Evacuate Collection Set: 0,1ms
[2024-06-05T19:06:08.667-0300][gc,phases     ] GC(31)   Evacuate Collection Set: 17,4ms
[2024-06-05T19:06:08.667-0300][gc,phases     ] GC(31)   Post Evacuate Collection Set: 0,7ms
[2024-06-05T19:06:08.667-0300][gc,phases     ] GC(31)   Other: 0,4ms
[2024-06-05T19:06:08.667-0300][gc,heap       ] GC(31) Eden regions: 47->0(53)
[2024-06-05T19:06:08.667-0300][gc,heap       ] GC(31) Survivor regions: 4->4(7)
[2024-06-05T19:06:08.667-0300][gc,heap       ] GC(31) Old regions: 39->40
[2024-06-05T19:06:08.667-0300][gc,heap       ] GC(31) Humongous regions: 129->129
[2024-06-05T19:06:08.667-0300][gc,metaspace  ] GC(31) Metaspace: 46733K(49868K)->46733K(49868K) NonClass: 40826K(42496K)->40826K(42496K) Class: 5907K(7372K)->5907K(7372K)
[2024-06-05T19:06:08.667-0300][gc            ] GC(31) Pause Young (Normal) (G1 Evacuation Pause) 217M->171M(1024M) 18,668ms
[2024-06-05T19:06:08.667-0300][gc,cpu        ] GC(31) User=0,04s Sys=0,00s Real=0,01s
[2024-06-05T19:06:14.084-0300][gc,start      ] GC(32) Pause Young (Normal) (G1 Evacuation Pause)
[2024-06-05T19:06:14.084-0300][gc,task       ] GC(32) Using 4 workers of 4 for evacuation
[2024-06-05T19:06:14.093-0300][gc,phases     ] GC(32)   Pre Evacuate Collection Set: 0,0ms
[2024-06-05T19:06:14.093-0300][gc,phases     ] GC(32)   Evacuate Collection Set: 8,8ms
[2024-06-05T19:06:14.093-0300][gc,phases     ] GC(32)   Post Evacuate Collection Set: 0,4ms
[2024-06-05T19:06:14.093-0300][gc,phases     ] GC(32)   Other: 0,2ms
[2024-06-05T19:06:14.093-0300][gc,heap       ] GC(32) Eden regions: 47->0(57)
[2024-06-05T19:06:14.093-0300][gc,heap       ] GC(32) Survivor regions: 4->5(7)
[2024-06-05T19:06:14.093-0300][gc,heap       ] GC(32) Old regions: 40->40
[2024-06-05T19:06:14.093-0300][gc,heap       ] GC(32) Humongous regions: 129->129
[2024-06-05T19:06:14.093-0300][gc,metaspace  ] GC(32) Metaspace: 46733K(49868K)->46733K(49868K) NonClass: 40826K(42496K)->40826K(42496K) Class: 5907K(7372K)->5907K(7372K)
[2024-06-05T19:06:14.093-0300][gc            ] GC(32) Pause Young (Normal) (G1 Evacuation Pause) 218M->171M(1024M) 9,453ms
[2024-06-05T19:06:14.093-0300][gc,cpu        ] GC(32) User=0,03s Sys=0,00s Real=0,01s
[2024-06-05T19:06:18.202-0300][gc,start      ] GC(33) Pause Young (Normal) (G1 Evacuation Pause)
[2024-06-05T19:06:18.202-0300][gc,task       ] GC(33) Using 4 workers of 4 for evacuation
[2024-06-05T19:06:18.210-0300][gc,phases     ] GC(33)   Pre Evacuate Collection Set: 0,0ms
[2024-06-05T19:06:18.210-0300][gc,phases     ] GC(33)   Evacuate Collection Set: 8,1ms
[2024-06-05T19:06:18.210-0300][gc,phases     ] GC(33)   Post Evacuate Collection Set: 0,4ms
[2024-06-05T19:06:18.210-0300][gc,phases     ] GC(33)   Other: 0,2ms
[2024-06-05T19:06:18.210-0300][gc,heap       ] GC(33) Eden regions: 47->0(64)
[2024-06-05T19:06:18.210-0300][gc,heap       ] GC(33) Survivor regions: 5->5(7)
[2024-06-05T19:06:18.210-0300][gc,heap       ] GC(33) Old regions: 40->41
[2024-06-05T19:06:18.210-0300][gc,heap       ] GC(33) Humongous regions: 129->129
[2024-06-05T19:06:18.210-0300][gc,metaspace  ] GC(33) Metaspace: 46735K(49868K)->46735K(49868K) NonClass: 40828K(42496K)->40828K(42496K) Class: 5907K(7372K)->5907K(7372K)
[2024-06-05T19:06:18.210-0300][gc            ] GC(33) Pause Young (Normal) (G1 Evacuation Pause) 218M->172M(1024M) 8,785ms
[2024-06-05T19:06:18.210-0300][gc,cpu        ] GC(33) User=0,02s Sys=0,00s Real=0,01s
[2024-06-05T19:06:22.637-0300][gc,start      ] GC(34) Pause Young (Normal) (G1 Evacuation Pause)
[2024-06-05T19:06:22.637-0300][gc,task       ] GC(34) Using 4 workers of 4 for evacuation
[2024-06-05T19:06:22.645-0300][gc,phases     ] GC(34)   Pre Evacuate Collection Set: 0,0ms
[2024-06-05T19:06:22.645-0300][gc,phases     ] GC(34)   Evacuate Collection Set: 7,8ms
[2024-06-05T19:06:22.645-0300][gc,phases     ] GC(34)   Post Evacuate Collection Set: 0,4ms
[2024-06-05T19:06:22.645-0300][gc,phases     ] GC(34)   Other: 0,2ms
[2024-06-05T19:06:22.645-0300][gc,heap       ] GC(34) Eden regions: 52->0(73)
[2024-06-05T19:06:22.645-0300][gc,heap       ] GC(34) Survivor regions: 5->5(8)
[2024-06-05T19:06:22.645-0300][gc,heap       ] GC(34) Old regions: 41->41
[2024-06-05T19:06:22.645-0300][gc,heap       ] GC(34) Humongous regions: 129->129
[2024-06-05T19:06:22.645-0300][gc,metaspace  ] GC(34) Metaspace: 46736K(49868K)->46736K(49868K) NonClass: 40829K(42496K)->40829K(42496K) Class: 5907K(7372K)->5907K(7372K)
[2024-06-05T19:06:22.645-0300][gc            ] GC(34) Pause Young (Normal) (G1 Evacuation Pause) 224M->172M(1024M) 8,400ms
[2024-06-05T19:06:22.645-0300][gc,cpu        ] GC(34) User=0,03s Sys=0,00s Real=0,00s
[2024-06-05T19:06:27.678-0300][gc,start      ] GC(35) Pause Young (Normal) (G1 Evacuation Pause)
[2024-06-05T19:06:27.678-0300][gc,task       ] GC(35) Using 4 workers of 4 for evacuation
[2024-06-05T19:06:27.687-0300][gc,phases     ] GC(35)   Pre Evacuate Collection Set: 0,0ms
[2024-06-05T19:06:27.687-0300][gc,phases     ] GC(35)   Evacuate Collection Set: 7,6ms
[2024-06-05T19:06:27.687-0300][gc,phases     ] GC(35)   Post Evacuate Collection Set: 0,8ms
[2024-06-05T19:06:27.687-0300][gc,phases     ] GC(35)   Other: 0,2ms
[2024-06-05T19:06:27.687-0300][gc,heap       ] GC(35) Eden regions: 58->0(77)
[2024-06-05T19:06:27.687-0300][gc,heap       ] GC(35) Survivor regions: 5->5(8)
[2024-06-05T19:06:27.687-0300][gc,heap       ] GC(35) Old regions: 41->41
[2024-06-05T19:06:27.687-0300][gc,heap       ] GC(35) Humongous regions: 129->129
[2024-06-05T19:06:27.687-0300][gc,metaspace  ] GC(35) Metaspace: 46736K(49868K)->46736K(49868K) NonClass: 40829K(42496K)->40829K(42496K) Class: 5907K(7372K)->5907K(7372K)
[2024-06-05T19:06:27.687-0300][gc            ] GC(35) Pause Young (Normal) (G1 Evacuation Pause) 230M->173M(1024M) 8,684ms
[2024-06-05T19:06:27.687-0300][gc,cpu        ] GC(35) User=0,03s Sys=0,00s Real=0,01s
[2024-06-05T19:06:33.547-0300][gc,start      ] GC(36) Pause Young (Normal) (G1 Evacuation Pause)
[2024-06-05T19:06:33.547-0300][gc,task       ] GC(36) Using 4 workers of 4 for evacuation
[2024-06-05T19:06:33.556-0300][gc,phases     ] GC(36)   Pre Evacuate Collection Set: 0,0ms
[2024-06-05T19:06:33.556-0300][gc,phases     ] GC(36)   Evacuate Collection Set: 8,0ms
[2024-06-05T19:06:33.556-0300][gc,phases     ] GC(36)   Post Evacuate Collection Set: 0,4ms
[2024-06-05T19:06:33.556-0300][gc,phases     ] GC(36)   Other: 0,2ms
[2024-06-05T19:06:33.556-0300][gc,heap       ] GC(36) Eden regions: 77->0(85)
[2024-06-05T19:06:33.556-0300][gc,heap       ] GC(36) Survivor regions: 5->6(11)
[2024-06-05T19:06:33.556-0300][gc,heap       ] GC(36) Old regions: 41->41
[2024-06-05T19:06:33.556-0300][gc,heap       ] GC(36) Humongous regions: 129->129
[2024-06-05T19:06:33.556-0300][gc,metaspace  ] GC(36) Metaspace: 46736K(49868K)->46736K(49868K) NonClass: 40829K(42496K)->40829K(42496K) Class: 5907K(7372K)->5907K(7372K)
[2024-06-05T19:06:33.556-0300][gc            ] GC(36) Pause Young (Normal) (G1 Evacuation Pause) 250M->174M(1024M) 8,706ms
[2024-06-05T19:06:33.556-0300][gc,cpu        ] GC(36) User=0,03s Sys=0,00s Real=0,01s
[2024-06-05T19:06:38.382-0300][gc,start      ] GC(37) Pause Young (Normal) (G1 Evacuation Pause)
[2024-06-05T19:06:38.382-0300][gc,task       ] GC(37) Using 4 workers of 4 for evacuation
[2024-06-05T19:06:38.392-0300][gc,phases     ] GC(37)   Pre Evacuate Collection Set: 0,0ms
[2024-06-05T19:06:38.392-0300][gc,phases     ] GC(37)   Evacuate Collection Set: 9,5ms
[2024-06-05T19:06:38.392-0300][gc,phases     ] GC(37)   Post Evacuate Collection Set: 0,3ms
[2024-06-05T19:06:38.392-0300][gc,phases     ] GC(37)   Other: 0,2ms
[2024-06-05T19:06:38.392-0300][gc,heap       ] GC(37) Eden regions: 85->0(97)
[2024-06-05T19:06:38.392-0300][gc,heap       ] GC(37) Survivor regions: 6->7(12)
[2024-06-05T19:06:38.392-0300][gc,heap       ] GC(37) Old regions: 41->41
[2024-06-05T19:06:38.392-0300][gc,heap       ] GC(37) Humongous regions: 129->129
[2024-06-05T19:06:38.392-0300][gc,metaspace  ] GC(37) Metaspace: 46736K(49868K)->46736K(49868K) NonClass: 40829K(42496K)->40829K(42496K) Class: 5907K(7372K)->5907K(7372K)
[2024-06-05T19:06:38.392-0300][gc            ] GC(37) Pause Young (Normal) (G1 Evacuation Pause) 259M->175M(1024M) 10,101ms
[2024-06-05T19:06:38.392-0300][gc,cpu        ] GC(37) User=0,03s Sys=0,01s Real=0,01s
[2024-06-05T19:06:43.807-0300][gc,start      ] GC(38) Pause Young (Normal) (G1 Evacuation Pause)
[2024-06-05T19:06:43.807-0300][gc,task       ] GC(38) Using 4 workers of 4 for evacuation
[2024-06-05T19:06:43.818-0300][gc,phases     ] GC(38)   Pre Evacuate Collection Set: 0,0ms
[2024-06-05T19:06:43.818-0300][gc,phases     ] GC(38)   Evacuate Collection Set: 10,4ms
[2024-06-05T19:06:43.818-0300][gc,phases     ] GC(38)   Post Evacuate Collection Set: 0,4ms
[2024-06-05T19:06:43.818-0300][gc,phases     ] GC(38)   Other: 0,2ms
[2024-06-05T19:06:43.818-0300][gc,heap       ] GC(38) Eden regions: 97->0(116)
[2024-06-05T19:06:43.818-0300][gc,heap       ] GC(38) Survivor regions: 7->8(13)
[2024-06-05T19:06:43.818-0300][gc,heap       ] GC(38) Old regions: 41->41
[2024-06-05T19:06:43.818-0300][gc,heap       ] GC(38) Humongous regions: 129->129
[2024-06-05T19:06:43.818-0300][gc,metaspace  ] GC(38) Metaspace: 46738K(49868K)->46738K(49868K) NonClass: 40831K(42496K)->40831K(42496K) Class: 5907K(7372K)->5907K(7372K)
[2024-06-05T19:06:43.818-0300][gc            ] GC(38) Pause Young (Normal) (G1 Evacuation Pause) 272M->176M(1024M) 11,104ms
[2024-06-05T19:06:43.818-0300][gc,cpu        ] GC(38) User=0,03s Sys=0,01s Real=0,01s
[2024-06-05T19:06:50.160-0300][gc,start      ] GC(39) Pause Young (Normal) (G1 Evacuation Pause)
[2024-06-05T19:06:50.160-0300][gc,task       ] GC(39) Using 4 workers of 4 for evacuation
[2024-06-05T19:06:50.171-0300][gc,phases     ] GC(39)   Pre Evacuate Collection Set: 0,0ms
[2024-06-05T19:06:50.171-0300][gc,phases     ] GC(39)   Evacuate Collection Set: 10,7ms
[2024-06-05T19:06:50.171-0300][gc,phases     ] GC(39)   Post Evacuate Collection Set: 0,4ms
[2024-06-05T19:06:50.171-0300][gc,phases     ] GC(39)   Other: 0,2ms
[2024-06-05T19:06:50.171-0300][gc,heap       ] GC(39) Eden regions: 116->0(130)
[2024-06-05T19:06:50.171-0300][gc,heap       ] GC(39) Survivor regions: 8->9(16)
[2024-06-05T19:06:50.171-0300][gc,heap       ] GC(39) Old regions: 41->41
[2024-06-05T19:06:50.171-0300][gc,heap       ] GC(39) Humongous regions: 129->129
[2024-06-05T19:06:50.171-0300][gc,metaspace  ] GC(39) Metaspace: 46738K(49868K)->46738K(49868K) NonClass: 40831K(42496K)->40831K(42496K) Class: 5907K(7372K)->5907K(7372K)
[2024-06-05T19:06:50.171-0300][gc            ] GC(39) Pause Young (Normal) (G1 Evacuation Pause) 292M->177M(1024M) 11,403ms
[2024-06-05T19:06:50.171-0300][gc,cpu        ] GC(39) User=0,04s Sys=0,01s Real=0,01s
[2024-06-05T19:06:57.650-0300][gc,start      ] GC(40) Pause Young (Normal) (G1 Evacuation Pause)
[2024-06-05T19:06:57.650-0300][gc,task       ] GC(40) Using 4 workers of 4 for evacuation
[2024-06-05T19:06:57.661-0300][gc,phases     ] GC(40)   Pre Evacuate Collection Set: 0,0ms
[2024-06-05T19:06:57.661-0300][gc,phases     ] GC(40)   Evacuate Collection Set: 10,4ms
[2024-06-05T19:06:57.661-0300][gc,phases     ] GC(40)   Post Evacuate Collection Set: 0,4ms
[2024-06-05T19:06:57.661-0300][gc,phases     ] GC(40)   Other: 0,2ms
[2024-06-05T19:06:57.661-0300][gc,heap       ] GC(40) Eden regions: 130->0(141)
[2024-06-05T19:06:57.661-0300][gc,heap       ] GC(40) Survivor regions: 9->11(18)
[2024-06-05T19:06:57.661-0300][gc,heap       ] GC(40) Old regions: 41->41
[2024-06-05T19:06:57.661-0300][gc,heap       ] GC(40) Humongous regions: 129->129
[2024-06-05T19:06:57.661-0300][gc,metaspace  ] GC(40) Metaspace: 46740K(49868K)->46740K(49868K) NonClass: 40833K(42496K)->40833K(42496K) Class: 5907K(7372K)->5907K(7372K)
[2024-06-05T19:06:57.661-0300][gc            ] GC(40) Pause Young (Normal) (G1 Evacuation Pause) 307M->178M(1024M) 11,121ms
[2024-06-05T19:06:57.661-0300][gc,cpu        ] GC(40) User=0,04s Sys=0,00s Real=0,01s
[2024-06-05T19:07:05.440-0300][gc,start      ] GC(41) Pause Young (Normal) (G1 Evacuation Pause)
[2024-06-05T19:07:05.440-0300][gc,task       ] GC(41) Using 4 workers of 4 for evacuation
[2024-06-05T19:07:05.453-0300][gc,phases     ] GC(41)   Pre Evacuate Collection Set: 0,0ms
[2024-06-05T19:07:05.453-0300][gc,phases     ] GC(41)   Evacuate Collection Set: 12,2ms
[2024-06-05T19:07:05.453-0300][gc,phases     ] GC(41)   Post Evacuate Collection Set: 0,4ms
[2024-06-05T19:07:05.453-0300][gc,phases     ] GC(41)   Other: 0,2ms
[2024-06-05T19:07:05.453-0300][gc,heap       ] GC(41) Eden regions: 141->0(602)
[2024-06-05T19:07:05.453-0300][gc,heap       ] GC(41) Survivor regions: 11->12(19)
[2024-06-05T19:07:05.453-0300][gc,heap       ] GC(41) Old regions: 41->41
[2024-06-05T19:07:05.453-0300][gc,heap       ] GC(41) Humongous regions: 129->129
[2024-06-05T19:07:05.453-0300][gc,metaspace  ] GC(41) Metaspace: 46740K(49868K)->46740K(49868K) NonClass: 40833K(42496K)->40833K(42496K) Class: 5907K(7372K)->5907K(7372K)
[2024-06-05T19:07:05.453-0300][gc            ] GC(41) Pause Young (Normal) (G1 Evacuation Pause) 319M->180M(1024M) 12,918ms
[2024-06-05T19:07:05.453-0300][gc,cpu        ] GC(41) User=0,04s Sys=0,00s Real=0,01s
[2024-06-05T19:07:38.447-0300][gc,start      ] GC(42) Pause Young (Normal) (G1 Evacuation Pause)
[2024-06-05T19:07:38.447-0300][gc,task       ] GC(42) Using 4 workers of 4 for evacuation
[2024-06-05T19:07:38.464-0300][gc,phases     ] GC(42)   Pre Evacuate Collection Set: 0,0ms
[2024-06-05T19:07:38.464-0300][gc,phases     ] GC(42)   Evacuate Collection Set: 16,2ms
[2024-06-05T19:07:38.464-0300][gc,phases     ] GC(42)   Post Evacuate Collection Set: 0,5ms
[2024-06-05T19:07:38.464-0300][gc,phases     ] GC(42)   Other: 0,2ms
[2024-06-05T19:07:38.464-0300][gc,heap       ] GC(42) Eden regions: 602->0(597)
[2024-06-05T19:07:38.464-0300][gc,heap       ] GC(42) Survivor regions: 12->17(77)
[2024-06-05T19:07:38.464-0300][gc,heap       ] GC(42) Old regions: 41->41
[2024-06-05T19:07:38.464-0300][gc,heap       ] GC(42) Humongous regions: 129->129
[2024-06-05T19:07:38.464-0300][gc,metaspace  ] GC(42) Metaspace: 46779K(49868K)->46779K(49868K) NonClass: 40871K(42496K)->40871K(42496K) Class: 5907K(7372K)->5907K(7372K)
[2024-06-05T19:07:38.464-0300][gc            ] GC(42) Pause Young (Normal) (G1 Evacuation Pause) 782M->185M(1024M) 16,961ms
[2024-06-05T19:07:38.464-0300][gc,cpu        ] GC(42) User=0,06s Sys=0,01s Real=0,01s
[2024-06-05T19:08:07.097-0300][gc,start      ] GC(43) Pause Young (Normal) (G1 Evacuation Pause)
[2024-06-05T19:08:07.097-0300][gc,task       ] GC(43) Using 4 workers of 4 for evacuation
[2024-06-05T19:08:07.119-0300][gc,mmu        ] GC(43) MMU target violated: 21,0ms (20,0ms/21,0ms)
[2024-06-05T19:08:07.119-0300][gc,phases     ] GC(43)   Pre Evacuate Collection Set: 0,0ms
[2024-06-05T19:08:07.119-0300][gc,phases     ] GC(43)   Evacuate Collection Set: 20,4ms
[2024-06-05T19:08:07.119-0300][gc,phases     ] GC(43)   Post Evacuate Collection Set: 0,7ms
[2024-06-05T19:08:07.119-0300][gc,phases     ] GC(43)   Other: 0,2ms
[2024-06-05T19:08:07.119-0300][gc,heap       ] GC(43) Eden regions: 597->0(316)
[2024-06-05T19:08:07.119-0300][gc,heap       ] GC(43) Survivor regions: 17->21(77)
[2024-06-05T19:08:07.119-0300][gc,heap       ] GC(43) Old regions: 41->41
[2024-06-05T19:08:07.119-0300][gc,heap       ] GC(43) Humongous regions: 129->129
[2024-06-05T19:08:07.119-0300][gc,metaspace  ] GC(43) Metaspace: 46792K(50124K)->46792K(50124K) NonClass: 40884K(42752K)->40884K(42752K) Class: 5907K(7372K)->5907K(7372K)
[2024-06-05T19:08:07.119-0300][gc            ] GC(43) Pause Young (Normal) (G1 Evacuation Pause) 782M->189M(1024M) 21,395ms
[2024-06-05T19:08:07.119-0300][gc,cpu        ] GC(43) User=0,06s Sys=0,00s Real=0,02s
[2024-06-05T19:08:21.689-0300][gc,start      ] GC(44) Pause Young (Normal) (G1 Evacuation Pause)
[2024-06-05T19:08:21.689-0300][gc,task       ] GC(44) Using 4 workers of 4 for evacuation
[2024-06-05T19:08:21.707-0300][gc,phases     ] GC(44)   Pre Evacuate Collection Set: 0,0ms
[2024-06-05T19:08:21.707-0300][gc,phases     ] GC(44)   Evacuate Collection Set: 17,1ms
[2024-06-05T19:08:21.707-0300][gc,phases     ] GC(44)   Post Evacuate Collection Set: 0,5ms
[2024-06-05T19:08:21.707-0300][gc,phases     ] GC(44)   Other: 0,2ms
[2024-06-05T19:08:21.707-0300][gc,heap       ] GC(44) Eden regions: 316->0(168)
[2024-06-05T19:08:21.707-0300][gc,heap       ] GC(44) Survivor regions: 21->22(43)
[2024-06-05T19:08:21.707-0300][gc,heap       ] GC(44) Old regions: 41->42
[2024-06-05T19:08:21.707-0300][gc,heap       ] GC(44) Humongous regions: 129->129
[2024-06-05T19:08:21.707-0300][gc,metaspace  ] GC(44) Metaspace: 46822K(50124K)->46822K(50124K) NonClass: 40915K(42752K)->40915K(42752K) Class: 5907K(7372K)->5907K(7372K)
[2024-06-05T19:08:21.707-0300][gc            ] GC(44) Pause Young (Normal) (G1 Evacuation Pause) 505M->191M(1024M) 17,957ms
[2024-06-05T19:08:21.707-0300][gc,cpu        ] GC(44) User=0,06s Sys=0,00s Real=0,02s
[2024-06-05T19:08:29.483-0300][gc,start      ] GC(45) Pause Young (Normal) (GCLocker Initiated GC)
[2024-06-05T19:08:29.483-0300][gc,task       ] GC(45) Using 4 workers of 4 for evacuation
[2024-06-05T19:08:29.501-0300][gc,phases     ] GC(45)   Pre Evacuate Collection Set: 0,0ms
[2024-06-05T19:08:29.501-0300][gc,phases     ] GC(45)   Evacuate Collection Set: 17,6ms
[2024-06-05T19:08:29.501-0300][gc,phases     ] GC(45)   Post Evacuate Collection Set: 0,4ms
[2024-06-05T19:08:29.501-0300][gc,phases     ] GC(45)   Other: 0,2ms
[2024-06-05T19:08:29.501-0300][gc,heap       ] GC(45) Eden regions: 168->0(232)
[2024-06-05T19:08:29.501-0300][gc,heap       ] GC(45) Survivor regions: 22->14(24)
[2024-06-05T19:08:29.501-0300][gc,heap       ] GC(45) Old regions: 42->52
[2024-06-05T19:08:29.501-0300][gc,heap       ] GC(45) Humongous regions: 129->129
[2024-06-05T19:08:29.501-0300][gc,metaspace  ] GC(45) Metaspace: 46826K(50124K)->46826K(50124K) NonClass: 40919K(42752K)->40919K(42752K) Class: 5907K(7372K)->5907K(7372K)
[2024-06-05T19:08:29.501-0300][gc            ] GC(45) Pause Young (Normal) (GCLocker Initiated GC) 359M->192M(1024M) 18,242ms
[2024-06-05T19:08:29.501-0300][gc,cpu        ] GC(45) User=0,06s Sys=0,01s Real=0,02s
[2024-06-05T19:08:36.382-0300][gc,start      ] GC(46) Pause Young (Normal) (G1 Evacuation Pause)
[2024-06-05T19:08:36.382-0300][gc,task       ] GC(46) Using 4 workers of 4 for evacuation
[2024-06-05T19:08:36.394-0300][gc,phases     ] GC(46)   Pre Evacuate Collection Set: 0,0ms
[2024-06-05T19:08:36.394-0300][gc,phases     ] GC(46)   Evacuate Collection Set: 11,3ms
[2024-06-05T19:08:36.394-0300][gc,phases     ] GC(46)   Post Evacuate Collection Set: 0,4ms
[2024-06-05T19:08:36.394-0300][gc,phases     ] GC(46)   Other: 0,2ms
[2024-06-05T19:08:36.394-0300][gc,heap       ] GC(46) Eden regions: 232->0(255)
[2024-06-05T19:08:36.394-0300][gc,heap       ] GC(46) Survivor regions: 14->15(31)
[2024-06-05T19:08:36.394-0300][gc,heap       ] GC(46) Old regions: 52->52
[2024-06-05T19:08:36.394-0300][gc,heap       ] GC(46) Humongous regions: 129->129
[2024-06-05T19:08:36.394-0300][gc,metaspace  ] GC(46) Metaspace: 46830K(50124K)->46830K(50124K) NonClass: 40923K(42752K)->40923K(42752K) Class: 5907K(7372K)->5907K(7372K)
[2024-06-05T19:08:36.394-0300][gc            ] GC(46) Pause Young (Normal) (G1 Evacuation Pause) 424M->194M(1024M) 12,079ms
[2024-06-05T19:08:36.394-0300][gc,cpu        ] GC(46) User=0,04s Sys=0,00s Real=0,01s
[2024-06-05T19:08:42.434-0300][gc,start      ] GC(47) Pause Young (Normal) (G1 Evacuation Pause)
[2024-06-05T19:08:42.434-0300][gc,task       ] GC(47) Using 4 workers of 4 for evacuation
[2024-06-05T19:08:42.446-0300][gc,phases     ] GC(47)   Pre Evacuate Collection Set: 0,0ms
[2024-06-05T19:08:42.446-0300][gc,phases     ] GC(47)   Evacuate Collection Set: 11,0ms
[2024-06-05T19:08:42.446-0300][gc,phases     ] GC(47)   Post Evacuate Collection Set: 0,9ms
[2024-06-05T19:08:42.446-0300][gc,phases     ] GC(47)   Other: 0,4ms
[2024-06-05T19:08:42.446-0300][gc,heap       ] GC(47) Eden regions: 255->0(274)
[2024-06-05T19:08:42.446-0300][gc,heap       ] GC(47) Survivor regions: 15->16(34)
[2024-06-05T19:08:42.446-0300][gc,heap       ] GC(47) Old regions: 52->52
[2024-06-05T19:08:42.446-0300][gc,heap       ] GC(47) Humongous regions: 129->129
[2024-06-05T19:08:42.446-0300][gc,metaspace  ] GC(47) Metaspace: 46835K(50124K)->46835K(50124K) NonClass: 40928K(42752K)->40928K(42752K) Class: 5907K(7372K)->5907K(7372K)
[2024-06-05T19:08:42.446-0300][gc            ] GC(47) Pause Young (Normal) (G1 Evacuation Pause) 449M->195M(1024M) 12,404ms
[2024-06-05T19:08:42.446-0300][gc,cpu        ] GC(47) User=0,04s Sys=0,00s Real=0,01s
[2024-06-05T19:08:48.480-0300][gc,start      ] GC(48) Pause Young (Normal) (G1 Evacuation Pause)
[2024-06-05T19:08:48.480-0300][gc,task       ] GC(48) Using 4 workers of 4 for evacuation
[2024-06-05T19:08:48.493-0300][gc,phases     ] GC(48)   Pre Evacuate Collection Set: 0,0ms
[2024-06-05T19:08:48.493-0300][gc,phases     ] GC(48)   Evacuate Collection Set: 12,3ms
[2024-06-05T19:08:48.493-0300][gc,phases     ] GC(48)   Post Evacuate Collection Set: 0,8ms
[2024-06-05T19:08:48.493-0300][gc,phases     ] GC(48)   Other: 0,2ms
[2024-06-05T19:08:48.493-0300][gc,heap       ] GC(48) Eden regions: 274->0(289)
[2024-06-05T19:08:48.493-0300][gc,heap       ] GC(48) Survivor regions: 16->18(37)
[2024-06-05T19:08:48.493-0300][gc,heap       ] GC(48) Old regions: 52->52
[2024-06-05T19:08:48.493-0300][gc,heap       ] GC(48) Humongous regions: 129->129
[2024-06-05T19:08:48.493-0300][gc,metaspace  ] GC(48) Metaspace: 46852K(50124K)->46852K(50124K) NonClass: 40944K(42752K)->40944K(42752K) Class: 5907K(7372K)->5907K(7372K)
[2024-06-05T19:08:48.493-0300][gc            ] GC(48) Pause Young (Normal) (G1 Evacuation Pause) 469M->196M(1024M) 13,410ms
[2024-06-05T19:08:48.493-0300][gc,cpu        ] GC(48) User=0,04s Sys=0,00s Real=0,01s
[2024-06-05T19:08:55.672-0300][gc,start      ] GC(49) Pause Young (Normal) (G1 Evacuation Pause)
[2024-06-05T19:08:55.672-0300][gc,task       ] GC(49) Using 4 workers of 4 for evacuation
[2024-06-05T19:08:55.688-0300][gc,phases     ] GC(49)   Pre Evacuate Collection Set: 0,0ms
[2024-06-05T19:08:55.688-0300][gc,phases     ] GC(49)   Evacuate Collection Set: 15,0ms
[2024-06-05T19:08:55.688-0300][gc,phases     ] GC(49)   Post Evacuate Collection Set: 0,5ms
[2024-06-05T19:08:55.688-0300][gc,phases     ] GC(49)   Other: 0,2ms
[2024-06-05T19:08:55.688-0300][gc,heap       ] GC(49) Eden regions: 289->0(292)
[2024-06-05T19:08:55.688-0300][gc,heap       ] GC(49) Survivor regions: 18->19(39)
[2024-06-05T19:08:55.688-0300][gc,heap       ] GC(49) Old regions: 52->52
[2024-06-05T19:08:55.688-0300][gc,heap       ] GC(49) Humongous regions: 130->130
[2024-06-05T19:08:55.688-0300][gc,metaspace  ] GC(49) Metaspace: 46862K(50124K)->46862K(50124K) NonClass: 40955K(42752K)->40955K(42752K) Class: 5907K(7372K)->5907K(7372K)
[2024-06-05T19:08:55.688-0300][gc            ] GC(49) Pause Young (Normal) (G1 Evacuation Pause) 486M->199M(1024M) 15,862ms
[2024-06-05T19:08:55.688-0300][gc,cpu        ] GC(49) User=0,06s Sys=0,00s Real=0,02s
[2024-06-05T19:09:02.591-0300][gc,start      ] GC(50) Pause Young (Normal) (G1 Evacuation Pause)
[2024-06-05T19:09:02.591-0300][gc,task       ] GC(50) Using 4 workers of 4 for evacuation
[2024-06-05T19:09:02.605-0300][gc,phases     ] GC(50)   Pre Evacuate Collection Set: 0,0ms
[2024-06-05T19:09:02.605-0300][gc,phases     ] GC(50)   Evacuate Collection Set: 13,6ms
[2024-06-05T19:09:02.605-0300][gc,phases     ] GC(50)   Post Evacuate Collection Set: 0,4ms
[2024-06-05T19:09:02.605-0300][gc,phases     ] GC(50)   Other: 0,2ms
[2024-06-05T19:09:02.605-0300][gc,heap       ] GC(50) Eden regions: 292->0(301)
[2024-06-05T19:09:02.605-0300][gc,heap       ] GC(50) Survivor regions: 19->20(39)
[2024-06-05T19:09:02.605-0300][gc,heap       ] GC(50) Old regions: 52->52
[2024-06-05T19:09:02.605-0300][gc,heap       ] GC(50) Humongous regions: 130->130
[2024-06-05T19:09:02.605-0300][gc,metaspace  ] GC(50) Metaspace: 46863K(50124K)->46863K(50124K) NonClass: 40955K(42752K)->40955K(42752K) Class: 5907K(7372K)->5907K(7372K)
[2024-06-05T19:09:02.605-0300][gc            ] GC(50) Pause Young (Normal) (G1 Evacuation Pause) 491M->200M(1024M) 14,276ms
[2024-06-05T19:09:02.605-0300][gc,cpu        ] GC(50) User=0,05s Sys=0,01s Real=0,01s
[2024-06-05T19:09:09.701-0300][gc,start      ] GC(51) Pause Young (Normal) (G1 Evacuation Pause)
[2024-06-05T19:09:09.701-0300][gc,task       ] GC(51) Using 4 workers of 4 for evacuation
[2024-06-05T19:09:09.717-0300][gc,phases     ] GC(51)   Pre Evacuate Collection Set: 0,0ms
[2024-06-05T19:09:09.717-0300][gc,phases     ] GC(51)   Evacuate Collection Set: 16,0ms
[2024-06-05T19:09:09.717-0300][gc,phases     ] GC(51)   Post Evacuate Collection Set: 0,4ms
[2024-06-05T19:09:09.717-0300][gc,phases     ] GC(51)   Other: 0,2ms
[2024-06-05T19:09:09.717-0300][gc,heap       ] GC(51) Eden regions: 301->0(304)
[2024-06-05T19:09:09.717-0300][gc,heap       ] GC(51) Survivor regions: 20->22(41)
[2024-06-05T19:09:09.717-0300][gc,heap       ] GC(51) Old regions: 52->52
[2024-06-05T19:09:09.717-0300][gc,heap       ] GC(51) Humongous regions: 130->130
[2024-06-05T19:09:09.717-0300][gc,metaspace  ] GC(51) Metaspace: 46869K(50124K)->46869K(50124K) NonClass: 40961K(42752K)->40961K(42752K) Class: 5907K(7372K)->5907K(7372K)
[2024-06-05T19:09:09.717-0300][gc            ] GC(51) Pause Young (Normal) (G1 Evacuation Pause) 501M->202M(1024M) 16,675ms
[2024-06-05T19:09:09.717-0300][gc,cpu        ] GC(51) User=0,05s Sys=0,00s Real=0,02s
[2024-06-05T19:09:16.688-0300][gc,start      ] GC(52) Pause Young (Normal) (G1 Evacuation Pause)
[2024-06-05T19:09:16.688-0300][gc,task       ] GC(52) Using 4 workers of 4 for evacuation
[2024-06-05T19:09:16.704-0300][gc,phases     ] GC(52)   Pre Evacuate Collection Set: 0,0ms
[2024-06-05T19:09:16.704-0300][gc,phases     ] GC(52)   Evacuate Collection Set: 16,0ms
[2024-06-05T19:09:16.704-0300][gc,phases     ] GC(52)   Post Evacuate Collection Set: 0,4ms
[2024-06-05T19:09:16.704-0300][gc,phases     ] GC(52)   Other: 0,2ms
[2024-06-05T19:09:16.704-0300][gc,heap       ] GC(52) Eden regions: 304->0(308)
[2024-06-05T19:09:16.704-0300][gc,heap       ] GC(52) Survivor regions: 22->19(41)
[2024-06-05T19:09:16.704-0300][gc,heap       ] GC(52) Old regions: 52->57
[2024-06-05T19:09:16.704-0300][gc,heap       ] GC(52) Humongous regions: 130->130
[2024-06-05T19:09:16.704-0300][gc,metaspace  ] GC(52) Metaspace: 46869K(50124K)->46869K(50124K) NonClass: 40962K(42752K)->40962K(42752K) Class: 5907K(7372K)->5907K(7372K)
[2024-06-05T19:09:16.704-0300][gc            ] GC(52) Pause Young (Normal) (G1 Evacuation Pause) 506M->203M(1024M) 16,661ms
[2024-06-05T19:09:16.704-0300][gc,cpu        ] GC(52) User=0,06s Sys=0,00s Real=0,01s
[2024-06-05T19:09:23.525-0300][gc,start      ] GC(53) Pause Young (Normal) (G1 Evacuation Pause)
[2024-06-05T19:09:23.525-0300][gc,task       ] GC(53) Using 4 workers of 4 for evacuation
[2024-06-05T19:09:23.570-0300][gc,mmu        ] GC(53) MMU target violated: 21,0ms (20,0ms/21,0ms)
[2024-06-05T19:09:23.570-0300][gc,phases     ] GC(53)   Pre Evacuate Collection Set: 0,0ms
[2024-06-05T19:09:23.570-0300][gc,phases     ] GC(53)   Evacuate Collection Set: 44,2ms
[2024-06-05T19:09:23.570-0300][gc,phases     ] GC(53)   Post Evacuate Collection Set: 0,9ms
[2024-06-05T19:09:23.570-0300][gc,phases     ] GC(53)   Other: 0,3ms
[2024-06-05T19:09:23.570-0300][gc,heap       ] GC(53) Eden regions: 308->0(30)
[2024-06-05T19:09:23.570-0300][gc,heap       ] GC(53) Survivor regions: 19->21(41)
[2024-06-05T19:09:23.570-0300][gc,heap       ] GC(53) Old regions: 57->57
[2024-06-05T19:09:23.570-0300][gc,heap       ] GC(53) Humongous regions: 130->130
[2024-06-05T19:09:23.570-0300][gc,metaspace  ] GC(53) Metaspace: 46904K(50124K)->46904K(50124K) NonClass: 40996K(42752K)->40996K(42752K) Class: 5907K(7372K)->5907K(7372K)
[2024-06-05T19:09:23.570-0300][gc            ] GC(53) Pause Young (Normal) (G1 Evacuation Pause) 511M->205M(1024M) 45,347ms
[2024-06-05T19:09:23.570-0300][gc,cpu        ] GC(53) User=0,05s Sys=0,00s Real=0,05s
[2024-06-05T19:09:24.430-0300][gc,start      ] GC(54) Pause Young (Normal) (G1 Evacuation Pause)
[2024-06-05T19:09:24.430-0300][gc,task       ] GC(54) Using 4 workers of 4 for evacuation
[2024-06-05T19:09:24.447-0300][gc,phases     ] GC(54)   Pre Evacuate Collection Set: 0,0ms
[2024-06-05T19:09:24.447-0300][gc,phases     ] GC(54)   Evacuate Collection Set: 16,9ms
[2024-06-05T19:09:24.447-0300][gc,phases     ] GC(54)   Post Evacuate Collection Set: 0,4ms
[2024-06-05T19:09:24.447-0300][gc,phases     ] GC(54)   Other: 0,2ms
[2024-06-05T19:09:24.447-0300][gc,heap       ] GC(54) Eden regions: 30->0(176)
[2024-06-05T19:09:24.447-0300][gc,heap       ] GC(54) Survivor regions: 21->4(7)
[2024-06-05T19:09:24.447-0300][gc,heap       ] GC(54) Old regions: 57->73
[2024-06-05T19:09:24.447-0300][gc,heap       ] GC(54) Humongous regions: 130->130
[2024-06-05T19:09:24.447-0300][gc,metaspace  ] GC(54) Metaspace: 46904K(50124K)->46904K(50124K) NonClass: 40996K(42752K)->40996K(42752K) Class: 5907K(7372K)->5907K(7372K)
[2024-06-05T19:09:24.447-0300][gc            ] GC(54) Pause Young (Normal) (G1 Evacuation Pause) 235M->205M(1024M) 17,576ms
[2024-06-05T19:09:24.447-0300][gc,cpu        ] GC(54) User=0,05s Sys=0,01s Real=0,02s
[2024-06-05T19:15:59.225-0300][gc,start      ] GC(55) Pause Young (Normal) (G1 Evacuation Pause)
[2024-06-05T19:15:59.225-0300][gc,task       ] GC(55) Using 4 workers of 4 for evacuation
[2024-06-05T19:15:59.231-0300][gc,phases     ] GC(55)   Pre Evacuate Collection Set: 0,0ms
[2024-06-05T19:15:59.231-0300][gc,phases     ] GC(55)   Evacuate Collection Set: 5,0ms
[2024-06-05T19:15:59.231-0300][gc,phases     ] GC(55)   Post Evacuate Collection Set: 0,6ms
[2024-06-05T19:15:59.231-0300][gc,phases     ] GC(55)   Other: 0,2ms
[2024-06-05T19:15:59.231-0300][gc,heap       ] GC(55) Eden regions: 130->0(150)
[2024-06-05T19:15:59.231-0300][gc,heap       ] GC(55) Survivor regions: 4->6(17)
[2024-06-05T19:15:59.231-0300][gc,heap       ] GC(55) Old regions: 73->73
[2024-06-05T19:15:59.231-0300][gc,heap       ] GC(55) Humongous regions: 130->130
[2024-06-05T19:15:59.231-0300][gc,metaspace  ] GC(55) Metaspace: 47495K(50892K)->47495K(50892K) NonClass: 41433K(43264K)->41433K(43264K) Class: 6061K(7628K)->6061K(7628K)
[2024-06-05T19:15:59.231-0300][gc            ] GC(55) Pause Young (Normal) (G1 Evacuation Pause) 335M->206M(1024M) 5,903ms
[2024-06-05T19:15:59.231-0300][gc,cpu        ] GC(55) User=0,02s Sys=0,01s Real=0,01s
[2024-06-05T19:15:59.563-0300][gc,heap,exit  ] Heap
[2024-06-05T19:15:59.563-0300][gc,heap,exit  ]  garbage-first heap   total 1048576K, used 230337K [0x00000000c0000000, 0x0000000100000000)
[2024-06-05T19:15:59.563-0300][gc,heap,exit  ]   region size 1024K, 22 young (22528K), 6 survivors (6144K)
[2024-06-05T19:15:59.563-0300][gc,heap,exit  ]  Metaspace       used 47971K, capacity 51180K, committed 51532K, reserved 1093632K
[2024-06-05T19:15:59.563-0300][gc,heap,exit  ]   class space    used 6150K, capacity 7659K, committed 7756K, reserved 1048576K
