[2024-06-02T22:31:59.948-0300][gc,heap] Heap region size: 1M
[2024-06-02T22:31:59.955-0300][gc     ] Using G1
[2024-06-02T22:31:59.955-0300][gc,heap,coops] Heap address: 0x00000000e0000000, size: 512 MB, Compressed Oops mode: 32-bit
[2024-06-02T22:31:59.955-0300][gc,cds       ] Mark closed archive regions in map: [0x00000000fff00000, 0x00000000fff6bff8]
[2024-06-02T22:31:59.955-0300][gc,cds       ] Mark open archive regions in map: [0x00000000ffe00000, 0x00000000ffe47ff8]
[2024-06-02T22:32:00.390-0300][gc,start     ] GC(0) Pause Young (Normal) (G1 Evacuation Pause)
[2024-06-02T22:32:00.391-0300][gc,task      ] GC(0) Using 4 workers of 4 for evacuation
[2024-06-02T22:32:00.407-0300][gc,phases    ] GC(0)   Pre Evacuate Collection Set: 0,0ms
[2024-06-02T22:32:00.407-0300][gc,phases    ] GC(0)   Evacuate Collection Set: 15,8ms
[2024-06-02T22:32:00.407-0300][gc,phases    ] GC(0)   Post Evacuate Collection Set: 0,3ms
[2024-06-02T22:32:00.407-0300][gc,phases    ] GC(0)   Other: 0,4ms
[2024-06-02T22:32:00.407-0300][gc,heap      ] GC(0) Eden regions: 25->0(21)
[2024-06-02T22:32:00.407-0300][gc,heap      ] GC(0) Survivor regions: 0->4(4)
[2024-06-02T22:32:00.407-0300][gc,heap      ] GC(0) Old regions: 2->6
[2024-06-02T22:32:00.407-0300][gc,heap      ] GC(0) Humongous regions: 0->0
[2024-06-02T22:32:00.407-0300][gc,metaspace ] GC(0) Metaspace: 7414K(7936K)->7414K(7936K) NonClass: 6578K(6912K)->6578K(6912K) Class: 836K(1024K)->836K(1024K)
[2024-06-02T22:32:00.407-0300][gc           ] GC(0) Pause Young (Normal) (G1 Evacuation Pause) 25M->8M(512M) 16,574ms
[2024-06-02T22:32:00.407-0300][gc,cpu       ] GC(0) User=0,03s Sys=0,00s Real=0,02s
[2024-06-02T23:02:43.831-0300][gc,heap,exit ] Heap
[2024-06-02T23:02:43.831-0300][gc,heap,exit ]  garbage-first heap   total 524288K, used 23881K [0x00000000e0000000, 0x0000000100000000)
[2024-06-02T23:02:43.831-0300][gc,heap,exit ]   region size 1024K, 20 young (20480K), 4 survivors (4096K)
[2024-06-02T23:02:43.831-0300][gc,heap,exit ]  Metaspace       used 9422K, capacity 9836K, committed 10240K, reserved 1058816K
[2024-06-02T23:02:43.831-0300][gc,heap,exit ]   class space    used 1006K, capacity 1163K, committed 1280K, reserved 1048576K
