[2024-06-01T09:15:21.960-0300][gc,heap] Heap region size: 1M
[2024-06-01T09:15:21.966-0300][gc     ] Using G1
[2024-06-01T09:15:21.966-0300][gc,heap,coops] Heap address: 0x00000000e0000000, size: 512 MB, Compressed Oops mode: 32-bit
[2024-06-01T09:15:21.967-0300][gc,cds       ] Mark closed archive regions in map: [0x00000000fff00000, 0x00000000fff6bff8]
[2024-06-01T09:15:21.967-0300][gc,cds       ] Mark open archive regions in map: [0x00000000ffe00000, 0x00000000ffe47ff8]
[2024-06-01T09:15:22.538-0300][gc,start     ] GC(0) Pause Young (Normal) (G1 Evacuation Pause)
[2024-06-01T09:15:22.539-0300][gc,task      ] GC(0) Using 4 workers of 4 for evacuation
[2024-06-01T09:15:22.547-0300][gc,phases    ] GC(0)   Pre Evacuate Collection Set: 0,0ms
[2024-06-01T09:15:22.547-0300][gc,phases    ] GC(0)   Evacuate Collection Set: 7,9ms
[2024-06-01T09:15:22.547-0300][gc,phases    ] GC(0)   Post Evacuate Collection Set: 0,4ms
[2024-06-01T09:15:22.547-0300][gc,phases    ] GC(0)   Other: 0,4ms
[2024-06-01T09:15:22.547-0300][gc,heap      ] GC(0) Eden regions: 25->0(21)
[2024-06-01T09:15:22.547-0300][gc,heap      ] GC(0) Survivor regions: 0->4(4)
[2024-06-01T09:15:22.547-0300][gc,heap      ] GC(0) Old regions: 2->6
[2024-06-01T09:15:22.547-0300][gc,heap      ] GC(0) Humongous regions: 0->0
[2024-06-01T09:15:22.547-0300][gc,metaspace ] GC(0) Metaspace: 7395K(7936K)->7395K(7936K) NonClass: 6560K(6912K)->6560K(6912K) Class: 835K(1024K)->835K(1024K)
[2024-06-01T09:15:22.547-0300][gc           ] GC(0) Pause Young (Normal) (G1 Evacuation Pause) 25M->8M(512M) 8,785ms
[2024-06-01T09:15:22.547-0300][gc,cpu       ] GC(0) User=0,01s Sys=0,00s Real=0,00s
[2024-06-01T11:35:17.411-0300][gc,start     ] GC(1) Pause Young (Normal) (G1 Evacuation Pause)
[2024-06-01T11:35:17.411-0300][gc,task      ] GC(1) Using 4 workers of 4 for evacuation
[2024-06-01T11:35:17.427-0300][gc,phases    ] GC(1)   Pre Evacuate Collection Set: 0,0ms
[2024-06-01T11:35:17.427-0300][gc,phases    ] GC(1)   Evacuate Collection Set: 15,5ms
[2024-06-01T11:35:17.427-0300][gc,phases    ] GC(1)   Post Evacuate Collection Set: 0,8ms
[2024-06-01T11:35:17.427-0300][gc,phases    ] GC(1)   Other: 0,3ms
[2024-06-01T11:35:17.427-0300][gc,heap      ] GC(1) Eden regions: 21->0(24)
[2024-06-01T11:35:17.428-0300][gc,heap      ] GC(1) Survivor regions: 4->1(4)
[2024-06-01T11:35:17.428-0300][gc,heap      ] GC(1) Old regions: 6->10
[2024-06-01T11:35:17.428-0300][gc,heap      ] GC(1) Humongous regions: 0->0
[2024-06-01T11:35:17.428-0300][gc,metaspace ] GC(1) Metaspace: 9498K(10240K)->9498K(10240K) NonClass: 8493K(8960K)->8493K(8960K) Class: 1005K(1280K)->1005K(1280K)
[2024-06-01T11:35:17.428-0300][gc           ] GC(1) Pause Young (Normal) (G1 Evacuation Pause) 29M->9M(512M) 16,872ms
[2024-06-01T11:35:17.428-0300][gc,cpu       ] GC(1) User=0,06s Sys=0,00s Real=0,02s
[2024-06-01T19:12:50.396-0300][gc,start     ] GC(2) Pause Young (Normal) (G1 Evacuation Pause)
[2024-06-01T19:12:50.396-0300][gc,task      ] GC(2) Using 4 workers of 4 for evacuation
[2024-06-01T19:12:50.400-0300][gc,phases    ] GC(2)   Pre Evacuate Collection Set: 0,0ms
[2024-06-01T19:12:50.400-0300][gc,phases    ] GC(2)   Evacuate Collection Set: 2,8ms
[2024-06-01T19:12:50.400-0300][gc,phases    ] GC(2)   Post Evacuate Collection Set: 0,9ms
[2024-06-01T19:12:50.401-0300][gc,phases    ] GC(2)   Other: 0,3ms
[2024-06-01T19:12:50.401-0300][gc,heap      ] GC(2) Eden regions: 24->0(24)
[2024-06-01T19:12:50.401-0300][gc,heap      ] GC(2) Survivor regions: 1->1(4)
[2024-06-01T19:12:50.401-0300][gc,heap      ] GC(2) Old regions: 10->10
[2024-06-01T19:12:50.401-0300][gc,heap      ] GC(2) Humongous regions: 0->0
[2024-06-01T19:12:50.401-0300][gc,metaspace ] GC(2) Metaspace: 9508K(10240K)->9508K(10240K) NonClass: 8502K(8960K)->8502K(8960K) Class: 1005K(1280K)->1005K(1280K)
[2024-06-01T19:12:50.401-0300][gc           ] GC(2) Pause Young (Normal) (G1 Evacuation Pause) 33M->9M(512M) 4,320ms
[2024-06-01T19:12:50.401-0300][gc,cpu       ] GC(2) User=0,01s Sys=0,00s Real=0,00s
[2024-06-01T23:52:42.200-0300][gc,heap,exit ] Heap
[2024-06-01T23:52:42.200-0300][gc,heap,exit ]  garbage-first heap   total 524288K, used 24654K [0x00000000e0000000, 0x0000000100000000)
[2024-06-01T23:52:42.200-0300][gc,heap,exit ]   region size 1024K, 17 young (17408K), 1 survivors (1024K)
[2024-06-01T23:52:42.200-0300][gc,heap,exit ]  Metaspace       used 9525K, capacity 9916K, committed 10240K, reserved 1058816K
[2024-06-01T23:52:42.200-0300][gc,heap,exit ]   class space    used 1006K, capacity 1163K, committed 1280K, reserved 1048576K
