[2024-06-03T20:51:38.262-0300][gc,heap] Heap region size: 1M
[2024-06-03T20:51:38.270-0300][gc     ] Using G1
[2024-06-03T20:51:38.270-0300][gc,heap,coops] Heap address: 0x00000000e0000000, size: 512 MB, Compressed Oops mode: 32-bit
[2024-06-03T20:51:38.271-0300][gc,cds       ] Mark closed archive regions in map: [0x00000000fff00000, 0x00000000fff6bff8]
[2024-06-03T20:51:38.271-0300][gc,cds       ] Mark open archive regions in map: [0x00000000ffe00000, 0x00000000ffe47ff8]
[2024-06-03T20:51:39.080-0300][gc,start     ] GC(0) Pause Young (Normal) (GCLocker Initiated GC)
[2024-06-03T20:51:39.080-0300][gc,task      ] GC(0) Using 4 workers of 4 for evacuation
[2024-06-03T20:51:39.092-0300][gc,phases    ] GC(0)   Pre Evacuate Collection Set: 0,0ms
[2024-06-03T20:51:39.092-0300][gc,phases    ] GC(0)   Evacuate Collection Set: 11,2ms
[2024-06-03T20:51:39.092-0300][gc,phases    ] GC(0)   Post Evacuate Collection Set: 0,6ms
[2024-06-03T20:51:39.092-0300][gc,phases    ] GC(0)   Other: 0,4ms
[2024-06-03T20:51:39.092-0300][gc,heap      ] GC(0) Eden regions: 25->0(21)
[2024-06-03T20:51:39.093-0300][gc,heap      ] GC(0) Survivor regions: 0->4(4)
[2024-06-03T20:51:39.093-0300][gc,heap      ] GC(0) Old regions: 2->6
[2024-06-03T20:51:39.093-0300][gc,heap      ] GC(0) Humongous regions: 0->0
[2024-06-03T20:51:39.093-0300][gc,metaspace ] GC(0) Metaspace: 7420K(7936K)->7420K(7936K) NonClass: 6585K(6912K)->6585K(6912K) Class: 835K(1024K)->835K(1024K)
[2024-06-03T20:51:39.093-0300][gc           ] GC(0) Pause Young (Normal) (GCLocker Initiated GC) 25M->8M(512M) 12,426ms
[2024-06-03T20:51:39.093-0300][gc,cpu       ] GC(0) User=0,03s Sys=0,01s Real=0,02s
[2024-06-03T23:19:59.423-0300][gc,start     ] GC(1) Pause Young (Normal) (G1 Evacuation Pause)
[2024-06-03T23:19:59.423-0300][gc,task      ] GC(1) Using 4 workers of 4 for evacuation
[2024-06-03T23:19:59.440-0300][gc,phases    ] GC(1)   Pre Evacuate Collection Set: 0,0ms
[2024-06-03T23:19:59.441-0300][gc,phases    ] GC(1)   Evacuate Collection Set: 16,6ms
[2024-06-03T23:19:59.441-0300][gc,phases    ] GC(1)   Post Evacuate Collection Set: 0,7ms
[2024-06-03T23:19:59.441-0300][gc,phases    ] GC(1)   Other: 0,3ms
[2024-06-03T23:19:59.441-0300][gc,heap      ] GC(1) Eden regions: 21->0(24)
[2024-06-03T23:19:59.441-0300][gc,heap      ] GC(1) Survivor regions: 4->1(4)
[2024-06-03T23:19:59.441-0300][gc,heap      ] GC(1) Old regions: 6->10
[2024-06-03T23:19:59.441-0300][gc,heap      ] GC(1) Humongous regions: 0->0
[2024-06-03T23:19:59.441-0300][gc,metaspace ] GC(1) Metaspace: 9511K(10240K)->9511K(10240K) NonClass: 8505K(8960K)->8505K(8960K) Class: 1005K(1280K)->1005K(1280K)
[2024-06-03T23:19:59.441-0300][gc           ] GC(1) Pause Young (Normal) (G1 Evacuation Pause) 29M->9M(512M) 17,833ms
[2024-06-03T23:19:59.441-0300][gc,cpu       ] GC(1) User=0,06s Sys=0,01s Real=0,02s
[2024-06-03T23:21:50.231-0300][gc,heap,exit ] Heap
[2024-06-03T23:21:50.231-0300][gc,heap,exit ]  garbage-first heap   total 524288K, used 11317K [0x00000000e0000000, 0x0000000100000000)
[2024-06-03T23:21:50.231-0300][gc,heap,exit ]   region size 1024K, 4 young (4096K), 1 survivors (1024K)
[2024-06-03T23:21:50.231-0300][gc,heap,exit ]  Metaspace       used 9528K, capacity 9977K, committed 10240K, reserved 1058816K
[2024-06-03T23:21:50.231-0300][gc,heap,exit ]   class space    used 1006K, capacity 1163K, committed 1280K, reserved 1048576K
