[2024-06-05T19:25:48.764-0300][gc,heap] Heap region size: 1M
[2024-06-05T19:25:48.770-0300][gc     ] Using G1
[2024-06-05T19:25:48.770-0300][gc,heap,coops] Heap address: 0x00000000e0000000, size: 512 MB, Compressed Oops mode: 32-bit
[2024-06-05T19:25:48.771-0300][gc,cds       ] Mark closed archive regions in map: [0x00000000fff00000, 0x00000000fff6bff8]
[2024-06-05T19:25:48.771-0300][gc,cds       ] Mark open archive regions in map: [0x00000000ffe00000, 0x00000000ffe47ff8]
[2024-06-05T19:25:49.547-0300][gc,start     ] GC(0) Pause Young (Normal) (G1 Evacuation Pause)
[2024-06-05T19:25:49.548-0300][gc,task      ] GC(0) Using 4 workers of 4 for evacuation
[2024-06-05T19:25:49.561-0300][gc,phases    ] GC(0)   Pre Evacuate Collection Set: 0,0ms
[2024-06-05T19:25:49.561-0300][gc,phases    ] GC(0)   Evacuate Collection Set: 12,6ms
[2024-06-05T19:25:49.561-0300][gc,phases    ] GC(0)   Post Evacuate Collection Set: 0,5ms
[2024-06-05T19:25:49.561-0300][gc,phases    ] GC(0)   Other: 0,7ms
[2024-06-05T19:25:49.561-0300][gc,heap      ] GC(0) Eden regions: 25->0(21)
[2024-06-05T19:25:49.561-0300][gc,heap      ] GC(0) Survivor regions: 0->4(4)
[2024-06-05T19:25:49.561-0300][gc,heap      ] GC(0) Old regions: 2->6
[2024-06-05T19:25:49.561-0300][gc,heap      ] GC(0) Humongous regions: 0->0
[2024-06-05T19:25:49.561-0300][gc,metaspace ] GC(0) Metaspace: 7394K(7936K)->7394K(7936K) NonClass: 6559K(6912K)->6559K(6912K) Class: 835K(1024K)->835K(1024K)
[2024-06-05T19:25:49.561-0300][gc           ] GC(0) Pause Young (Normal) (G1 Evacuation Pause) 25M->8M(512M) 14,025ms
[2024-06-05T19:25:49.561-0300][gc,cpu       ] GC(0) User=0,02s Sys=0,00s Real=0,01s
[2024-06-05T19:39:04.168-0300][gc,heap,exit ] Heap
[2024-06-05T19:39:04.168-0300][gc,heap,exit ]  garbage-first heap   total 524288K, used 23897K [0x00000000e0000000, 0x0000000100000000)
[2024-06-05T19:39:04.168-0300][gc,heap,exit ]   region size 1024K, 20 young (20480K), 4 survivors (4096K)
[2024-06-05T19:39:04.168-0300][gc,heap,exit ]  Metaspace       used 9363K, capacity 9788K, committed 10240K, reserved 1058816K
[2024-06-05T19:39:04.168-0300][gc,heap,exit ]   class space    used 1005K, capacity 1163K, committed 1280K, reserved 1048576K
