[2024-06-04T19:11:41.231-0300][gc,heap] Heap region size: 1M
[2024-06-04T19:11:41.238-0300][gc     ] Using G1
[2024-06-04T19:11:41.238-0300][gc,heap,coops] Heap address: 0x00000000e0000000, size: 512 MB, Compressed Oops mode: 32-bit
[2024-06-04T19:11:41.238-0300][gc,cds       ] Mark closed archive regions in map: [0x00000000fff00000, 0x00000000fff6bff8]
[2024-06-04T19:11:41.238-0300][gc,cds       ] Mark open archive regions in map: [0x00000000ffe00000, 0x00000000ffe47ff8]
[2024-06-04T19:11:41.959-0300][gc,start     ] GC(0) Pause Young (Normal) (G1 Evacuation Pause)
[2024-06-04T19:11:41.960-0300][gc,task      ] GC(0) Using 4 workers of 4 for evacuation
[2024-06-04T19:11:41.975-0300][gc,phases    ] GC(0)   Pre Evacuate Collection Set: 0,0ms
[2024-06-04T19:11:41.975-0300][gc,phases    ] GC(0)   Evacuate Collection Set: 13,7ms
[2024-06-04T19:11:41.975-0300][gc,phases    ] GC(0)   Post Evacuate Collection Set: 0,5ms
[2024-06-04T19:11:41.975-0300][gc,phases    ] GC(0)   Other: 1,4ms
[2024-06-04T19:11:41.975-0300][gc,heap      ] GC(0) Eden regions: 25->0(21)
[2024-06-04T19:11:41.975-0300][gc,heap      ] GC(0) Survivor regions: 0->4(4)
[2024-06-04T19:11:41.975-0300][gc,heap      ] GC(0) Old regions: 2->6
[2024-06-04T19:11:41.975-0300][gc,heap      ] GC(0) Humongous regions: 0->0
[2024-06-04T19:11:41.975-0300][gc,metaspace ] GC(0) Metaspace: 7410K(7936K)->7410K(7936K) NonClass: 6575K(6912K)->6575K(6912K) Class: 835K(1024K)->835K(1024K)
[2024-06-04T19:11:41.975-0300][gc           ] GC(0) Pause Young (Normal) (G1 Evacuation Pause) 25M->8M(512M) 15,671ms
[2024-06-04T19:11:41.975-0300][gc,cpu       ] GC(0) User=0,03s Sys=0,01s Real=0,02s
[2024-06-04T21:24:13.413-0300][gc,start     ] GC(1) Pause Young (Normal) (G1 Evacuation Pause)
[2024-06-04T21:24:13.413-0300][gc,task      ] GC(1) Using 4 workers of 4 for evacuation
[2024-06-04T21:24:13.421-0300][gc,phases    ] GC(1)   Pre Evacuate Collection Set: 0,0ms
[2024-06-04T21:24:13.421-0300][gc,phases    ] GC(1)   Evacuate Collection Set: 7,4ms
[2024-06-04T21:24:13.421-0300][gc,phases    ] GC(1)   Post Evacuate Collection Set: 0,4ms
[2024-06-04T21:24:13.421-0300][gc,phases    ] GC(1)   Other: 0,2ms
[2024-06-04T21:24:13.421-0300][gc,heap      ] GC(1) Eden regions: 21->0(24)
[2024-06-04T21:24:13.421-0300][gc,heap      ] GC(1) Survivor regions: 4->1(4)
[2024-06-04T21:24:13.421-0300][gc,heap      ] GC(1) Old regions: 6->10
[2024-06-04T21:24:13.421-0300][gc,heap      ] GC(1) Humongous regions: 0->0
[2024-06-04T21:24:13.421-0300][gc,metaspace ] GC(1) Metaspace: 9518K(10240K)->9518K(10240K) NonClass: 8512K(8960K)->8512K(8960K) Class: 1005K(1280K)->1005K(1280K)
[2024-06-04T21:24:13.421-0300][gc           ] GC(1) Pause Young (Normal) (G1 Evacuation Pause) 29M->9M(512M) 8,146ms
[2024-06-04T21:24:13.421-0300][gc,cpu       ] GC(1) User=0,03s Sys=0,00s Real=0,01s
[2024-06-04T22:55:31.855-0300][gc,heap,exit ] Heap
[2024-06-04T22:55:31.855-0300][gc,heap,exit ]  garbage-first heap   total 524288K, used 15458K [0x00000000e0000000, 0x0000000100000000)
[2024-06-04T22:55:31.855-0300][gc,heap,exit ]   region size 1024K, 8 young (8192K), 1 survivors (1024K)
[2024-06-04T22:55:31.855-0300][gc,heap,exit ]  Metaspace       used 9535K, capacity 9981K, committed 10240K, reserved 1058816K
[2024-06-04T22:55:31.855-0300][gc,heap,exit ]   class space    used 1006K, capacity 1163K, committed 1280K, reserved 1048576K
